# Logfile created on 2026-08-20 11:10:02 +0000 by logger.rb/v1.5.3
2026-08-20 11:10:02 +0000: Memory Usage (128828K) : Starting running SG13G2 Klayout LVS runset on /workspace/layout/blocks/out/term_stage/_cmim_probe/probe_full_False.gds
2026-08-20 11:10:02 +0000: Memory Usage (128828K) : Ruby Version for klayout: 3.2.3
2026-08-20 11:10:02 +0000: Memory Usage (129912K) : Loading database to memory is complete.
2026-08-20 11:10:02 +0000: Memory Usage (129912K) : SG13G2 Klayout LVS runset output at: /workspace/layout/blocks/out/term_stage/_cmim_probe/lvs_full_False/probe_full_False.lvsdb
2026-08-20 11:10:02 +0000: Memory Usage (129912K) : Evaluate switches.
2026-08-20 11:10:02 +0000: Memory Usage (129912K) : Extracted netlist with net names: true
2026-08-20 11:10:02 +0000: Memory Usage (129912K) : Extracted netlist with comments in details: false
2026-08-20 11:10:02 +0000: Memory Usage (129912K) : Selected NET_ONLY option: false
2026-08-20 11:10:02 +0000: Memory Usage (129912K) : Selected LAYOUT_NETLIST option: (none)
2026-08-20 11:10:02 +0000: Memory Usage (129912K) : Selected IGNORE_TOP_PORTS_MISMATCH option: true
2026-08-20 11:10:02 +0000: Memory Usage (129912K) : Selected IMPLICIT_NETS option: sub,sub!
2026-08-20 11:10:02 +0000: Memory Usage (129912K) : Selected TOP_LVL_PINS option: false
2026-08-20 11:10:02 +0000: Memory Usage (129912K) : Selected COMBINE DEVICES option: false
2026-08-20 11:10:02 +0000: Memory Usage (129912K) : Selected PURGE option: false
2026-08-20 11:10:02 +0000: Memory Usage (129912K) : Selected PURGE_NETS option: false
2026-08-20 11:10:02 +0000: Memory Usage (129912K) : Selected SIMPLIFY option: true
2026-08-20 11:10:02 +0000: Memory Usage (129912K) : Selected SERIES_RES option: true
2026-08-20 11:10:02 +0000: Memory Usage (129912K) : Selected PARALLEL_RES option: true
2026-08-20 11:10:02 +0000: Memory Usage (129912K) : Selected DISABLE_TAP_EXTRACTION option: false
2026-08-20 11:10:02 +0000: Memory Usage (129912K) : deep  mode is enabled.
2026-08-20 11:10:02 +0000: Memory Usage (129912K) : Applying implicit connections (case-sensitive, pattern supported) for nets: sub, sub!
2026-08-20 11:10:02 +0000: Memory Usage (131156K) : Netlist file: /workspace/layout/blocks/out/term_stage/_cmim_probe/probe_full.cdl
2026-08-20 11:10:02 +0000: Memory Usage (131156K) : LVS extracted netlist at: /workspace/layout/blocks/out/term_stage/_cmim_probe/lvs_full_False/probe_full_False_extracted.cir
2026-08-20 11:10:02 +0000: Memory Usage (131156K) : Applying SRAM integration support.
2026-08-20 11:10:02 +0000: Memory Usage (131156K) : Starting SG13G2 LVS runset
2026-08-20 11:10:02 +0000: Memory Usage (131156K) : Read in polygons from layers.
2026-08-20 11:10:02 +0000: Memory Usage (131540K) : activ_drw has 0 polygons
2026-08-20 11:10:02 +0000: Memory Usage (131540K) : activ_filler has 0 polygons
2026-08-20 11:10:02 +0000: Memory Usage (131540K) : activ has 0 polygons
2026-08-20 11:10:02 +0000: Memory Usage (131540K) : activ_pin has 0 polygons
2026-08-20 11:10:02 +0000: Memory Usage (131540K) : activ_mask has 0 polygons
2026-08-20 11:10:02 +0000: Memory Usage (131540K) : activ_nofill has 0 polygons
2026-08-20 11:10:02 +0000: Memory Usage (131540K) : activ_OPC has 0 polygons
2026-08-20 11:10:02 +0000: Memory Usage (131540K) : activ_iOPC has 0 polygons
2026-08-20 11:10:02 +0000: Memory Usage (131540K) : activ_noqrc has 0 polygons
2026-08-20 11:10:02 +0000: Memory Usage (131540K) : biwind_drw has 0 polygons
2026-08-20 11:10:02 +0000: Memory Usage (131540K) : biwind_OPC has 0 polygons
2026-08-20 11:10:02 +0000: Memory Usage (132104K) : gatpoly_drw has 8 polygons
2026-08-20 11:10:02 +0000: Memory Usage (132104K) : gatpoly_filler has 0 polygons
2026-08-20 11:10:02 +0000: Memory Usage (132104K) : gatpoly has 8 polygons
2026-08-20 11:10:02 +0000: Memory Usage (132104K) : gatpoly_pin has 0 polygons
2026-08-20 11:10:02 +0000: Memory Usage (132104K) : gatpoly_nofill has 0 polygons
2026-08-20 11:10:02 +0000: Memory Usage (132104K) : gatpoly_OPC has 0 polygons
2026-08-20 11:10:02 +0000: Memory Usage (132104K) : gatpoly_iOPC has 0 polygons
2026-08-20 11:10:02 +0000: Memory Usage (132104K) : gatpoly_noqrc has 0 polygons
2026-08-20 11:10:02 +0000: Memory Usage (132104K) : cont_drw has 4 polygons
2026-08-20 11:10:02 +0000: Memory Usage (132104K) : cont_OPC has 0 polygons
2026-08-20 11:10:02 +0000: Memory Usage (132196K) : nsd_drw has 0 polygons
2026-08-20 11:10:02 +0000: Memory Usage (132708K) : nsd_block has 0 polygons
2026-08-20 11:10:02 +0000: Memory Usage (132708K) : metal1_drw has 6 polygons
2026-08-20 11:10:02 +0000: Memory Usage (132708K) : metal1_filler has 0 polygons
2026-08-20 11:10:02 +0000: Memory Usage (132708K) : metal1_slit has 0 polygons
2026-08-20 11:10:02 +0000: Memory Usage (132708K) : metal1 has 6 polygons
2026-08-20 11:10:02 +0000: Memory Usage (132708K) : metal1_pin has 4 polygons
2026-08-20 11:10:02 +0000: Memory Usage (132708K) : metal1_mask has 0 polygons
2026-08-20 11:10:02 +0000: Memory Usage (132708K) : metal1_nofill has 0 polygons
2026-08-20 11:10:02 +0000: Memory Usage (133092K) : metal1_text has 2 polygons
2026-08-20 11:10:02 +0000: Memory Usage (133092K) : metal1_OPC has 0 polygons
2026-08-20 11:10:02 +0000: Memory Usage (133092K) : metal1_noqrc has 0 polygons
2026-08-20 11:10:02 +0000: Memory Usage (133092K) : metal1_res has 0 polygons
2026-08-20 11:10:02 +0000: Memory Usage (133092K) : metal1_iprobe has 0 polygons
2026-08-20 11:10:02 +0000: Memory Usage (133092K) : metal1_diffprb has 0 polygons
2026-08-20 11:10:02 +0000: Memory Usage (133092K) : passiv_drw has 0 polygons
2026-08-20 11:10:02 +0000: Memory Usage (133092K) : passiv_pin has 0 polygons
2026-08-20 11:10:02 +0000: Memory Usage (133092K) : passiv_sbump has 0 polygons
2026-08-20 11:10:02 +0000: Memory Usage (133092K) : passiv_pillar has 0 polygons
2026-08-20 11:10:02 +0000: Memory Usage (133092K) : passiv_pdl has 0 polygons
2026-08-20 11:10:02 +0000: Memory Usage (133092K) : metal2_drw has 1 polygons
2026-08-20 11:10:02 +0000: Memory Usage (133092K) : metal2_filler has 0 polygons
2026-08-20 11:10:02 +0000: Memory Usage (133092K) : metal2_slit has 0 polygons
2026-08-20 11:10:02 +0000: Memory Usage (133220K) : metal2 has 1 polygons
2026-08-20 11:10:02 +0000: Memory Usage (133220K) : metal2_pin has 0 polygons
2026-08-20 11:10:02 +0000: Memory Usage (133220K) : metal2_mask has 0 polygons
2026-08-20 11:10:02 +0000: Memory Usage (133348K) : metal2_nofill has 0 polygons
2026-08-20 11:10:02 +0000: Memory Usage (133348K) : metal2_text has 0 polygons
2026-08-20 11:10:02 +0000: Memory Usage (133348K) : metal2_OPC has 0 polygons
2026-08-20 11:10:02 +0000: Memory Usage (133476K) : metal2_noqrc has 0 polygons
2026-08-20 11:10:02 +0000: Memory Usage (133476K) : metal2_res has 0 polygons
2026-08-20 11:10:02 +0000: Memory Usage (133476K) : metal2_iprobe has 0 polygons
2026-08-20 11:10:02 +0000: Memory Usage (133604K) : metal2_diffprb has 0 polygons
2026-08-20 11:10:02 +0000: Memory Usage (133604K) : baspoly_drw has 0 polygons
2026-08-20 11:10:02 +0000: Memory Usage (133604K) : baspoly_pin has 0 polygons
2026-08-20 11:10:02 +0000: Memory Usage (133604K) : psd_drw has 6 polygons
2026-08-20 11:10:02 +0000: Memory Usage (133604K) : nldb_drw has 0 polygons
2026-08-20 11:10:02 +0000: Memory Usage (133732K) : digibnd_drw has 0 polygons
2026-08-20 11:10:02 +0000: Memory Usage (133732K) : via1_drw has 4 polygons
2026-08-20 11:10:02 +0000: Memory Usage (133732K) : backmetal1_drw has 0 polygons
2026-08-20 11:10:02 +0000: Memory Usage (133732K) : backmetal1_pin has 0 polygons
2026-08-20 11:10:02 +0000: Memory Usage (133860K) : backmetal1_mask has 0 polygons
2026-08-20 11:10:02 +0000: Memory Usage (133860K) : backmetal1_filler has 0 polygons
2026-08-20 11:10:02 +0000: Memory Usage (133860K) : backmetal1_nofill has 0 polygons
2026-08-20 11:10:02 +0000: Memory Usage (133860K) : backmetal1_slit has 0 polygons
2026-08-20 11:10:02 +0000: Memory Usage (133988K) : backmetal1_text has 0 polygons
2026-08-20 11:10:02 +0000: Memory Usage (133988K) : backmetal1_OPC has 0 polygons
2026-08-20 11:10:02 +0000: Memory Usage (133988K) : backmetal1_noqrc has 0 polygons
2026-08-20 11:10:02 +0000: Memory Usage (133988K) : backmetal1_res has 0 polygons
2026-08-20 11:10:02 +0000: Memory Usage (134116K) : backmetal1_iprobe has 0 polygons
2026-08-20 11:10:02 +0000: Memory Usage (134116K) : backmetal1_diffprb has 0 polygons
2026-08-20 11:10:02 +0000: Memory Usage (134116K) : backpassiv_drw has 0 polygons
2026-08-20 11:10:02 +0000: Memory Usage (134116K) : res_drw has 0 polygons
2026-08-20 11:10:02 +0000: Memory Usage (134244K) : sram_drw has 0 polygons
2026-08-20 11:10:02 +0000: Memory Usage (134244K) : trans_drw has 0 polygons
2026-08-20 11:10:02 +0000: Memory Usage (134244K) : ind_drw has 0 polygons
2026-08-20 11:10:02 +0000: Memory Usage (134244K) : ind_pin has 0 polygons
2026-08-20 11:10:02 +0000: Memory Usage (134372K) : ind_text has 0 polygons
2026-08-20 11:10:02 +0000: Memory Usage (134372K) : salblock_drw has 2 polygons
2026-08-20 11:10:02 +0000: Memory Usage (134372K) : via2_drw has 4 polygons
2026-08-20 11:10:02 +0000: Memory Usage (134372K) : metal3_drw has 3 polygons
2026-08-20 11:10:02 +0000: Memory Usage (134500K) : metal3_filler has 0 polygons
2026-08-20 11:10:02 +0000: Memory Usage (134500K) : metal3_slit has 0 polygons
2026-08-20 11:10:02 +0000: Memory Usage (134500K) : metal3 has 3 polygons
2026-08-20 11:10:02 +0000: Memory Usage (134628K) : metal3_pin has 0 polygons
2026-08-20 11:10:02 +0000: Memory Usage (134628K) : metal3_mask has 0 polygons
2026-08-20 11:10:02 +0000: Memory Usage (134628K) : metal3_nofill has 0 polygons
2026-08-20 11:10:02 +0000: Memory Usage (134628K) : metal3_text has 1 polygons
2026-08-20 11:10:02 +0000: Memory Usage (134756K) : metal3_OPC has 0 polygons
2026-08-20 11:10:02 +0000: Memory Usage (134756K) : metal3_noqrc has 0 polygons
2026-08-20 11:10:02 +0000: Memory Usage (134756K) : metal3_res has 0 polygons
2026-08-20 11:10:02 +0000: Memory Usage (134756K) : metal3_iprobe has 0 polygons
2026-08-20 11:10:02 +0000: Memory Usage (134884K) : metal3_diffprb has 0 polygons
2026-08-20 11:10:02 +0000: Memory Usage (134884K) : nwell_drw has 0 polygons
2026-08-20 11:10:02 +0000: Memory Usage (134884K) : nwell_pin has 0 polygons
2026-08-20 11:10:02 +0000: Memory Usage (134884K) : nwell_text has 0 polygons
2026-08-20 11:10:02 +0000: Memory Usage (134884K) : nbulay_drw has 0 polygons
2026-08-20 11:10:02 +0000: Memory Usage (134884K) : nbulay_pin has 0 polygons
2026-08-20 11:10:02 +0000: Memory Usage (134884K) : nbulay_block has 0 polygons
2026-08-20 11:10:02 +0000: Memory Usage (134884K) : emwind_drw has 0 polygons
2026-08-20 11:10:02 +0000: Memory Usage (134884K) : emwind_OPC has 0 polygons
2026-08-20 11:10:02 +0000: Memory Usage (134884K) : deepco_drw has 0 polygons
2026-08-20 11:10:02 +0000: Memory Usage (134884K) : mim_drw has 1 polygons
2026-08-20 11:10:02 +0000: Memory Usage (134884K) : edgeseal_drw has 0 polygons
2026-08-20 11:10:02 +0000: Memory Usage (134884K) : substrate_drw has 0 polygons
2026-08-20 11:10:02 +0000: Memory Usage (134884K) : substrate_text has 0 polygons
2026-08-20 11:10:02 +0000: Memory Usage (134884K) : dfpad_drw has 0 polygons
2026-08-20 11:10:02 +0000: Memory Usage (134884K) : dfpad_pillar has 0 polygons
2026-08-20 11:10:02 +0000: Memory Usage (135012K) : dfpad_sbump has 0 polygons
2026-08-20 11:10:02 +0000: Memory Usage (135012K) : thickgateox_drw has 0 polygons
2026-08-20 11:10:02 +0000: Memory Usage (135012K) : pldb_drw has 0 polygons
2026-08-20 11:10:02 +0000: Memory Usage (135012K) : pwell_drw has 0 polygons
2026-08-20 11:10:02 +0000: Memory Usage (135012K) : pwell_pin has 0 polygons
2026-08-20 11:10:02 +0000: Memory Usage (135140K) : pwell_block has 0 polygons
2026-08-20 11:10:02 +0000: Memory Usage (135140K) : ic_drw has 0 polygons
2026-08-20 11:10:02 +0000: Memory Usage (135140K) : via3_drw has 0 polygons
2026-08-20 11:10:02 +0000: Memory Usage (135140K) : metal4_drw has 1 polygons
2026-08-20 11:10:02 +0000: Memory Usage (135140K) : metal4_filler has 0 polygons
2026-08-20 11:10:02 +0000: Memory Usage (135268K) : metal4_slit has 0 polygons
2026-08-20 11:10:02 +0000: Memory Usage (135268K) : metal4 has 1 polygons
2026-08-20 11:10:02 +0000: Memory Usage (135268K) : metal4_pin has 0 polygons
2026-08-20 11:10:02 +0000: Memory Usage (135268K) : metal4_mask has 0 polygons
2026-08-20 11:10:02 +0000: Memory Usage (135268K) : metal4_nofill has 0 polygons
2026-08-20 11:10:02 +0000: Memory Usage (135268K) : metal4_text has 0 polygons
2026-08-20 11:10:02 +0000: Memory Usage (135396K) : metal4_OPC has 0 polygons
2026-08-20 11:10:02 +0000: Memory Usage (135396K) : metal4_noqrc has 0 polygons
2026-08-20 11:10:02 +0000: Memory Usage (135396K) : metal4_res has 0 polygons
2026-08-20 11:10:02 +0000: Memory Usage (135396K) : metal4_iprobe has 0 polygons
2026-08-20 11:10:02 +0000: Memory Usage (135396K) : metal4_diffprb has 0 polygons
2026-08-20 11:10:02 +0000: Memory Usage (135396K) : heattrans_drw has 0 polygons
2026-08-20 11:10:02 +0000: Memory Usage (135524K) : heatres_drw has 2 polygons
2026-08-20 11:10:02 +0000: Memory Usage (135524K) : fbe_drw has 0 polygons
2026-08-20 11:10:02 +0000: Memory Usage (135524K) : empoly_drw has 0 polygons
2026-08-20 11:10:02 +0000: Memory Usage (135524K) : digisub_drw has 0 polygons
2026-08-20 11:10:02 +0000: Memory Usage (135524K) : text_drw has 4 polygons
2026-08-20 11:10:02 +0000: Memory Usage (135524K) : via4_drw has 4 polygons
2026-08-20 11:10:02 +0000: Memory Usage (135652K) : metal5_drw has 5 polygons
2026-08-20 11:10:02 +0000: Memory Usage (135652K) : metal5_filler has 0 polygons
2026-08-20 11:10:02 +0000: Memory Usage (135652K) : metal5_slit has 0 polygons
2026-08-20 11:10:02 +0000: Memory Usage (135652K) : metal5 has 5 polygons
2026-08-20 11:10:02 +0000: Memory Usage (135652K) : metal5_pin has 0 polygons
2026-08-20 11:10:02 +0000: Memory Usage (135652K) : metal5_mask has 0 polygons
2026-08-20 11:10:02 +0000: Memory Usage (135780K) : metal5_nofill has 0 polygons
2026-08-20 11:10:02 +0000: Memory Usage (135780K) : metal5_text has 1 polygons
2026-08-20 11:10:02 +0000: Memory Usage (135780K) : metal5_OPC has 0 polygons
2026-08-20 11:10:02 +0000: Memory Usage (135780K) : metal5_noqrc has 0 polygons
2026-08-20 11:10:02 +0000: Memory Usage (135780K) : metal5_res has 0 polygons
2026-08-20 11:10:02 +0000: Memory Usage (135780K) : metal5_iprobe has 0 polygons
2026-08-20 11:10:02 +0000: Memory Usage (135908K) : metal5_diffprb has 0 polygons
2026-08-20 11:10:02 +0000: Memory Usage (135908K) : radhard_drw has 0 polygons
2026-08-20 11:10:02 +0000: Memory Usage (135908K) : memcap_drw has 0 polygons
2026-08-20 11:10:02 +0000: Memory Usage (135908K) : varicap_drw has 0 polygons
2026-08-20 11:10:02 +0000: Memory Usage (135908K) : intbondvia_drw has 0 polygons
2026-08-20 11:10:02 +0000: Memory Usage (135908K) : intbondmet_drw has 0 polygons
2026-08-20 11:10:02 +0000: Memory Usage (136036K) : devbondvia_drw has 0 polygons
2026-08-20 11:10:02 +0000: Memory Usage (136036K) : devbondmet_drw has 0 polygons
2026-08-20 11:10:02 +0000: Memory Usage (136036K) : devtrench_drw has 0 polygons
2026-08-20 11:10:02 +0000: Memory Usage (136036K) : redist_drw has 0 polygons
2026-08-20 11:10:02 +0000: Memory Usage (136036K) : graphbot_drw has 0 polygons
2026-08-20 11:10:02 +0000: Memory Usage (136036K) : graphtop_drw has 0 polygons
2026-08-20 11:10:02 +0000: Memory Usage (136164K) : antvia1_drw has 0 polygons
2026-08-20 11:10:02 +0000: Memory Usage (136164K) : antmetal2_drw has 0 polygons
2026-08-20 11:10:02 +0000: Memory Usage (136164K) : graphcont_drw has 0 polygons
2026-08-20 11:10:02 +0000: Memory Usage (136164K) : siwg_drw has 0 polygons
2026-08-20 11:10:02 +0000: Memory Usage (136164K) : siwg_filler has 0 polygons
2026-08-20 11:10:02 +0000: Memory Usage (136164K) : siwg_nofill has 0 polygons
2026-08-20 11:10:02 +0000: Memory Usage (136292K) : sigrating_drw has 0 polygons
2026-08-20 11:10:02 +0000: Memory Usage (136292K) : singrating_drw has 0 polygons
2026-08-20 11:10:02 +0000: Memory Usage (136292K) : graphpas_drw has 0 polygons
2026-08-20 11:10:02 +0000: Memory Usage (136292K) : emwind3_drw has 0 polygons
2026-08-20 11:10:02 +0000: Memory Usage (136292K) : emwihv3_drw has 0 polygons
2026-08-20 11:10:02 +0000: Memory Usage (136420K) : redbulay_drw has 0 polygons
2026-08-20 11:10:02 +0000: Memory Usage (136420K) : smos_drw has 0 polygons
2026-08-20 11:10:02 +0000: Memory Usage (136420K) : graphpad_drw has 0 polygons
2026-08-20 11:10:02 +0000: Memory Usage (136420K) : polimide_drw has 0 polygons
2026-08-20 11:10:02 +0000: Memory Usage (136420K) : polimide_pin has 0 polygons
2026-08-20 11:10:02 +0000: Memory Usage (136420K) : recog_drw has 0 polygons
2026-08-20 11:10:02 +0000: Memory Usage (136420K) : recog_pin has 0 polygons
2026-08-20 11:10:02 +0000: Memory Usage (136548K) : recog_esd has 0 polygons
2026-08-20 11:10:02 +0000: Memory Usage (136548K) : recog_diode has 0 polygons
2026-08-20 11:10:02 +0000: Memory Usage (136548K) : recog_tsv has 0 polygons
2026-08-20 11:10:02 +0000: Memory Usage (136548K) : recog_iprobe has 0 polygons
2026-08-20 11:10:02 +0000: Memory Usage (136548K) : recog_diffprb has 0 polygons
2026-08-20 11:10:02 +0000: Memory Usage (136548K) : recog_pillar has 0 polygons
2026-08-20 11:10:02 +0000: Memory Usage (136676K) : recog_sbump has 0 polygons
2026-08-20 11:10:02 +0000: Memory Usage (136676K) : recog_otp has 0 polygons
2026-08-20 11:10:02 +0000: Memory Usage (136676K) : recog_pdiode has 0 polygons
2026-08-20 11:10:02 +0000: Memory Usage (136676K) : recog_mom has 0 polygons
2026-08-20 11:10:02 +0000: Memory Usage (136676K) : recog_momf has 0 polygons
2026-08-20 11:10:02 +0000: Memory Usage (136676K) : recog_pcm has 0 polygons
2026-08-20 11:10:02 +0000: Memory Usage (136804K) : colopen_drw has 0 polygons
2026-08-20 11:10:02 +0000: Memory Usage (136804K) : graphmetal1_drw has 0 polygons
2026-08-20 11:10:02 +0000: Memory Usage (136804K) : graphmetal1_filler has 0 polygons
2026-08-20 11:10:02 +0000: Memory Usage (136804K) : graphmetal1_nofill has 0 polygons
2026-08-20 11:10:02 +0000: Memory Usage (136804K) : graphmetal1_slit has 0 polygons
2026-08-20 11:10:02 +0000: Memory Usage (136804K) : graphmetal1_OPC has 0 polygons
2026-08-20 11:10:02 +0000: Memory Usage (136932K) : graphmet1l_drw has 0 polygons
2026-08-20 11:10:02 +0000: Memory Usage (136932K) : graphmet1l_filler has 0 polygons
2026-08-20 11:10:02 +0000: Memory Usage (136932K) : graphmet1l_nofill has 0 polygons
2026-08-20 11:10:02 +0000: Memory Usage (136932K) : graphmet1l_slit has 0 polygons
2026-08-20 11:10:02 +0000: Memory Usage (136932K) : graphmet1l_OPC has 0 polygons
2026-08-20 11:10:02 +0000: Memory Usage (136932K) : extblock_drw has 6 polygons
2026-08-20 11:10:02 +0000: Memory Usage (137060K) : nldd_drw has 0 polygons
2026-08-20 11:10:02 +0000: Memory Usage (137060K) : pldd_drw has 0 polygons
2026-08-20 11:10:02 +0000: Memory Usage (137060K) : next_drw has 0 polygons
2026-08-20 11:10:02 +0000: Memory Usage (137060K) : pext_drw has 0 polygons
2026-08-20 11:10:02 +0000: Memory Usage (137060K) : nexthv_drw has 0 polygons
2026-08-20 11:10:02 +0000: Memory Usage (137188K) : pexthv_drw has 0 polygons
2026-08-20 11:10:02 +0000: Memory Usage (137188K) : graphgate_drw has 0 polygons
2026-08-20 11:10:02 +0000: Memory Usage (137188K) : sinwg_drw has 0 polygons
2026-08-20 11:10:02 +0000: Memory Usage (137188K) : sinwg_filler has 0 polygons
2026-08-20 11:10:02 +0000: Memory Usage (137188K) : sinwg_nofill has 0 polygons
2026-08-20 11:10:02 +0000: Memory Usage (137316K) : mempad_drw has 0 polygons
2026-08-20 11:10:02 +0000: Memory Usage (137316K) : topvia1_drw has 2 polygons
2026-08-20 11:10:02 +0000: Memory Usage (137316K) : topmetal1_drw has 3 polygons
2026-08-20 11:10:02 +0000: Memory Usage (137316K) : topmetal1_filler has 0 polygons
2026-08-20 11:10:02 +0000: Memory Usage (137316K) : topmetal1_slit has 0 polygons
2026-08-20 11:10:02 +0000: Memory Usage (137316K) : topmetal1 has 3 polygons
2026-08-20 11:10:02 +0000: Memory Usage (137444K) : topmetal1_pin has 0 polygons
2026-08-20 11:10:02 +0000: Memory Usage (137444K) : topmetal1_mask has 0 polygons
2026-08-20 11:10:02 +0000: Memory Usage (137444K) : topmetal1_nofill has 0 polygons
2026-08-20 11:10:02 +0000: Memory Usage (137444K) : topmetal1_text has 1 polygons
2026-08-20 11:10:02 +0000: Memory Usage (137444K) : topmetal1_noqrc has 0 polygons
2026-08-20 11:10:02 +0000: Memory Usage (137444K) : topmetal1_res has 0 polygons
2026-08-20 11:10:02 +0000: Memory Usage (137572K) : topmetal1_iprobe has 0 polygons
2026-08-20 11:10:02 +0000: Memory Usage (137572K) : topmetal1_diffprb has 0 polygons
2026-08-20 11:10:02 +0000: Memory Usage (137572K) : inldpwl_drw has 0 polygons
2026-08-20 11:10:02 +0000: Memory Usage (137572K) : polyres_drw has 2 polygons
2026-08-20 11:10:02 +0000: Memory Usage (137572K) : polyres_pin has 0 polygons
2026-08-20 11:10:02 +0000: Memory Usage (137700K) : vmim_drw has 225 polygons
2026-08-20 11:10:02 +0000: Memory Usage (137700K) : nbulaycut_drw has 0 polygons
2026-08-20 11:10:02 +0000: Memory Usage (137700K) : antmetal1_drw has 0 polygons
2026-08-20 11:10:02 +0000: Memory Usage (137700K) : topvia2_drw has 2 polygons
2026-08-20 11:10:02 +0000: Memory Usage (137700K) : topmetal2_drw has 2 polygons
2026-08-20 11:10:02 +0000: Memory Usage (137828K) : topmetal2_filler has 0 polygons
2026-08-20 11:10:02 +0000: Memory Usage (137828K) : topmetal2_slit has 0 polygons
2026-08-20 11:10:02 +0000: Memory Usage (137828K) : topmetal2 has 2 polygons
2026-08-20 11:10:02 +0000: Memory Usage (137828K) : topmetal2_pin has 0 polygons
2026-08-20 11:10:02 +0000: Memory Usage (137956K) : topmetal2_mask has 0 polygons
2026-08-20 11:10:02 +0000: Memory Usage (137956K) : topmetal2_nofill has 0 polygons
2026-08-20 11:10:02 +0000: Memory Usage (137956K) : topmetal2_text has 0 polygons
2026-08-20 11:10:02 +0000: Memory Usage (137956K) : topmetal2_noqrc has 0 polygons
2026-08-20 11:10:02 +0000: Memory Usage (138084K) : topmetal2_res has 0 polygons
2026-08-20 11:10:02 +0000: Memory Usage (138084K) : topmetal2_iprobe has 0 polygons
2026-08-20 11:10:02 +0000: Memory Usage (138212K) : topmetal2_diffprb has 0 polygons
2026-08-20 11:10:02 +0000: Memory Usage (138212K) : snsring_drw has 0 polygons
2026-08-20 11:10:02 +0000: Memory Usage (138212K) : sensor_drw has 0 polygons
2026-08-20 11:10:02 +0000: Memory Usage (138212K) : snsarms_drw has 0 polygons
2026-08-20 11:10:02 +0000: Memory Usage (138340K) : snscmosvia_drw has 0 polygons
2026-08-20 11:10:02 +0000: Memory Usage (138340K) : colwind_drw has 0 polygons
2026-08-20 11:10:02 +0000: Memory Usage (138340K) : flm_drw has 0 polygons
2026-08-20 11:10:02 +0000: Memory Usage (138468K) : hafniumox_drw has 0 polygons
2026-08-20 11:10:02 +0000: Memory Usage (138468K) : memvia_drw has 0 polygons
2026-08-20 11:10:02 +0000: Memory Usage (138468K) : thinfilmres_drw has 0 polygons
2026-08-20 11:10:02 +0000: Memory Usage (138468K) : rfmem_drw has 0 polygons
2026-08-20 11:10:02 +0000: Memory Usage (138596K) : norcx_drw has 0 polygons
2026-08-20 11:10:02 +0000: Memory Usage (138596K) : norcx_m2m3 has 0 polygons
2026-08-20 11:10:02 +0000: Memory Usage (138596K) : norcx_m2m4 has 0 polygons
2026-08-20 11:10:02 +0000: Memory Usage (138596K) : norcx_m2m5 has 0 polygons
2026-08-20 11:10:02 +0000: Memory Usage (138724K) : norcx_m2tm1 has 0 polygons
2026-08-20 11:10:02 +0000: Memory Usage (138724K) : norcx_m2tm2 has 0 polygons
2026-08-20 11:10:02 +0000: Memory Usage (138852K) : norcx_m3m4 has 0 polygons
2026-08-20 11:10:02 +0000: Memory Usage (138852K) : norcx_m3m5 has 0 polygons
2026-08-20 11:10:02 +0000: Memory Usage (138852K) : norcx_m3tm1 has 0 polygons
2026-08-20 11:10:02 +0000: Memory Usage (138852K) : norcx_m3tm2 has 0 polygons
2026-08-20 11:10:02 +0000: Memory Usage (138980K) : norcx_m4m5 has 0 polygons
2026-08-20 11:10:02 +0000: Memory Usage (138980K) : norcx_m4tm1 has 0 polygons
2026-08-20 11:10:02 +0000: Memory Usage (138980K) : norcx_m4tm2 has 0 polygons
2026-08-20 11:10:02 +0000: Memory Usage (138980K) : norcx_m5tm1 has 0 polygons
2026-08-20 11:10:02 +0000: Memory Usage (138980K) : norcx_m5tm2 has 0 polygons
2026-08-20 11:10:02 +0000: Memory Usage (138980K) : norcx_tm1tm2 has 0 polygons
2026-08-20 11:10:02 +0000: Memory Usage (138980K) : norcx_m1sub has 0 polygons
2026-08-20 11:10:02 +0000: Memory Usage (138980K) : norcx_m2sub has 0 polygons
2026-08-20 11:10:02 +0000: Memory Usage (138980K) : norcx_m3sub has 0 polygons
2026-08-20 11:10:02 +0000: Memory Usage (138980K) : norcx_m4sub has 0 polygons
2026-08-20 11:10:02 +0000: Memory Usage (138980K) : norcx_m5sub has 0 polygons
2026-08-20 11:10:02 +0000: Memory Usage (138980K) : norcx_tm1sub has 0 polygons
2026-08-20 11:10:02 +0000: Memory Usage (138980K) : norcx_tm2sub has 0 polygons
2026-08-20 11:10:02 +0000: Memory Usage (138980K) : snsbotvia_drw has 0 polygons
2026-08-20 11:10:02 +0000: Memory Usage (138980K) : snstopvia_drw has 0 polygons
2026-08-20 11:10:02 +0000: Memory Usage (138980K) : deepvia_drw has 0 polygons
2026-08-20 11:10:02 +0000: Memory Usage (138980K) : fgetch_drw has 0 polygons
2026-08-20 11:10:02 +0000: Memory Usage (138980K) : ctrgat_drw has 0 polygons
2026-08-20 11:10:02 +0000: Memory Usage (138980K) : fgimp_drw has 0 polygons
2026-08-20 11:10:02 +0000: Memory Usage (138980K) : emwihv_drw has 0 polygons
2026-08-20 11:10:02 +0000: Memory Usage (138980K) : lbe_drw has 0 polygons
2026-08-20 11:10:02 +0000: Memory Usage (138980K) : alcustop_drw has 0 polygons
2026-08-20 11:10:02 +0000: Memory Usage (138980K) : nometfiller_drw has 0 polygons
2026-08-20 11:10:02 +0000: Memory Usage (138980K) : prboundary_drw has 0 polygons
2026-08-20 11:10:02 +0000: Memory Usage (138980K) : exchange0_drw has 0 polygons
2026-08-20 11:10:02 +0000: Memory Usage (138980K) : exchange0_pin has 0 polygons
2026-08-20 11:10:02 +0000: Memory Usage (138980K) : exchange0_text has 0 polygons
2026-08-20 11:10:02 +0000: Memory Usage (138980K) : exchange1_drw has 0 polygons
2026-08-20 11:10:02 +0000: Memory Usage (138980K) : exchange1_pin has 0 polygons
2026-08-20 11:10:02 +0000: Memory Usage (138980K) : exchange1_text has 0 polygons
2026-08-20 11:10:02 +0000: Memory Usage (138980K) : exchange2_drw has 0 polygons
2026-08-20 11:10:02 +0000: Memory Usage (138980K) : exchange2_pin has 0 polygons
2026-08-20 11:10:02 +0000: Memory Usage (138980K) : exchange2_text has 0 polygons
2026-08-20 11:10:02 +0000: Memory Usage (138980K) : exchange3_drw has 0 polygons
2026-08-20 11:10:02 +0000: Memory Usage (138980K) : exchange3_pin has 0 polygons
2026-08-20 11:10:02 +0000: Memory Usage (138980K) : exchange3_text has 0 polygons
2026-08-20 11:10:02 +0000: Memory Usage (138980K) : exchange4_drw has 0 polygons
2026-08-20 11:10:02 +0000: Memory Usage (138980K) : exchange4_pin has 0 polygons
2026-08-20 11:10:02 +0000: Memory Usage (138980K) : exchange4_text has 0 polygons
2026-08-20 11:10:02 +0000: Memory Usage (138980K) : isonwell_drw has 0 polygons
2026-08-20 11:10:02 +0000: Memory Usage (138980K) : Total no. of polygons in the design is 306
2026-08-20 11:10:02 +0000: Memory Usage (138980K) : Starting base layers derivations
2026-08-20 11:10:02 +0000: Memory Usage (138980K) : Starting general LVS derivations
2026-08-20 11:10:02 +0000: Memory Usage (141592K) : Starting MOSFET DERIVATIONS
2026-08-20 11:10:02 +0000: Memory Usage (141720K) : Starting NMOS DERIVATIONS
2026-08-20 11:10:02 +0000: Memory Usage (141720K) : Starting PMOS DERIVATIONS
2026-08-20 11:10:02 +0000: Memory Usage (141720K) : Starting RF-MOSFET DERIVATIONS
2026-08-20 11:10:02 +0000: Memory Usage (141720K) : Starting RF-NMOS DERIVATIONS
2026-08-20 11:10:02 +0000: Memory Usage (141720K) : Starting RF-PMOS DERIVATIONS
2026-08-20 11:10:02 +0000: Memory Usage (141720K) : Starting BJT DERIVATIONS
2026-08-20 11:10:02 +0000: Memory Usage (141720K) : Starting NPN-BJT DERIVATIONS
2026-08-20 11:10:02 +0000: Memory Usage (141720K) : Starting PNP-BJT DERIVATIONS
2026-08-20 11:10:02 +0000: Memory Usage (141720K) : Starting DIODE DERIVATIONS
2026-08-20 11:10:02 +0000: Memory Usage (141720K) : Starting RESISTOR DERIVATIONS
2026-08-20 11:10:02 +0000: Memory Usage (142488K) : Starting CAP DERIVATIONS
2026-08-20 11:10:02 +0000: Memory Usage (142488K) : Starting CAP_CMOM DERIVATIONS
2026-08-20 11:10:02 +0000: Memory Usage (142488K) : Starting CAP_CMOMF DERIVATIONS
2026-08-20 11:10:02 +0000: Memory Usage (142488K) : Starting ESD DERIVATIONS
2026-08-20 11:10:02 +0000: Memory Usage (142488K) : Starting Inductor DERIVATIONS
2026-08-20 11:10:02 +0000: Memory Usage (142488K) : Starting Taps DERIVATIONS
2026-08-20 11:10:02 +0000: Memory Usage (142488K) : Starting SG13G2 LVS connectivity setup
2026-08-20 11:10:02 +0000: Memory Usage (142488K) : Starting SG13G2 LVS connectivity setup (Inter-layer)
2026-08-20 11:10:02 +0000: Memory Usage (142488K) : Starting SG13G2 LVS connectivity setup (Global)
2026-08-20 11:10:02 +0000: Memory Usage (142488K) : Starting LVS MOSFET CONNECTIONS
2026-08-20 11:10:02 +0000: Memory Usage (142488K) : Starting LVS RF-MOSFET CONNECTIONS
2026-08-20 11:10:02 +0000: Memory Usage (142488K) : Starting LVS BJT CONNECTIONS
2026-08-20 11:10:02 +0000: Memory Usage (142488K) : Starting LVS DIODE CONNECTIONS
2026-08-20 11:10:02 +0000: Memory Usage (142488K) : Starting RESISTOR CONNECTIONS
2026-08-20 11:10:02 +0000: Memory Usage (142488K) : Starting LVS CAP CONNECTIONS
2026-08-20 11:10:02 +0000: Memory Usage (142488K) : Starting CAP_CMOM CONNECTIONS
2026-08-20 11:10:02 +0000: Memory Usage (142488K) : Starting CAP_CMOMF CONNECTIONS
2026-08-20 11:10:02 +0000: Memory Usage (142488K) : Starting ESD CONNECTIONS
2026-08-20 11:10:02 +0000: Memory Usage (142488K) : Starting Inductor CONNECTIONS
2026-08-20 11:10:02 +0000: Memory Usage (142488K) : Starting LVS Taps CONNECTIONS
2026-08-20 11:10:02 +0000: Memory Usage (142488K) : Starting SG13G2 LVS DEVICES EXTRACTION
2026-08-20 11:10:02 +0000: Memory Usage (142488K) : Starting MOSFET EXTRACTION
2026-08-20 11:10:02 +0000: Memory Usage (142488K) : Starting NMOS EXTRACTION
2026-08-20 11:10:02 +0000: Memory Usage (142488K) : Extraction of NMOS-LV transistor
2026-08-20 11:10:02 +0000: Memory Usage (142616K) : Extraction of NMOS-HV transistor
2026-08-20 11:10:02 +0000: Memory Usage (142616K) : Starting PMOS EXTRACTION
2026-08-20 11:10:02 +0000: Memory Usage (142616K) : Extraction of PMOS-LV transistor
2026-08-20 11:10:02 +0000: Memory Usage (142616K) : Extraction of PMOS-HV transistor
2026-08-20 11:10:02 +0000: Memory Usage (142616K) : Starting RF-MOSFET EXTRACTION
2026-08-20 11:10:02 +0000: Memory Usage (142616K) : Extraction of RF-NMOS-LV transistor
2026-08-20 11:10:02 +0000: Memory Usage (142616K) : Extraction of RF-NMOS-HV transistor
2026-08-20 11:10:02 +0000: Memory Usage (142616K) : Extraction of RF-PMOS-LV transistor
2026-08-20 11:10:02 +0000: Memory Usage (142616K) : Extraction of RF-PMOS-HV transistor
2026-08-20 11:10:02 +0000: Memory Usage (142616K) : Starting BJT EXTRACTION
2026-08-20 11:10:02 +0000: Memory Usage (142616K) : Starting NPN-BJT EXTRACTION
2026-08-20 11:10:02 +0000: Memory Usage (142616K) : Extraction of npn13G2 BJT transistor
2026-08-20 11:10:02 +0000: Memory Usage (142616K) : Extraction of npn13G2L BJT transistor
2026-08-20 11:10:02 +0000: Memory Usage (142616K) : Extraction of npn13G2V BJT transistor
2026-08-20 11:10:02 +0000: Memory Usage (142616K) : Starting PNP-BJT EXTRACTION
2026-08-20 11:10:02 +0000: Memory Usage (142616K) : Extracting pnpMPA BJT
2026-08-20 11:10:02 +0000: Memory Usage (142616K) : Starting DIODE EXTRACTION
2026-08-20 11:10:02 +0000: Memory Usage (142616K) : Extracting dantenna diode
2026-08-20 11:10:02 +0000: Memory Usage (142616K) : Extracting dpantenna diode
2026-08-20 11:10:02 +0000: Memory Usage (142616K) : Extracting schottky_nbl1 diode
2026-08-20 11:10:02 +0000: Memory Usage (142616K) : Extracting isolbox diode
2026-08-20 11:10:02 +0000: Memory Usage (142616K) : Starting RESISTOR EXTRACTION
2026-08-20 11:10:02 +0000: Memory Usage (142616K) : Extracting rsil resistor
2026-08-20 11:10:02 +0000: Memory Usage (142744K) : Extracting rppd resistor
2026-08-20 11:10:02 +0000: Memory Usage (142872K) : Extracting rhigh resistor
2026-08-20 11:10:02 +0000: Memory Usage (142872K) : Extracting res_metal1 resistor
2026-08-20 11:10:02 +0000: Memory Usage (143000K) : Extracting res_metal2 resistor
2026-08-20 11:10:02 +0000: Memory Usage (143000K) : Extracting res_metal3 resistor
2026-08-20 11:10:02 +0000: Memory Usage (143000K) : Extracting res_metal4 resistor
2026-08-20 11:10:02 +0000: Memory Usage (143000K) : Extracting res_metal5 resistor
2026-08-20 11:10:02 +0000: Memory Usage (143000K) : Extracting res_topmetal1 resistor
2026-08-20 11:10:02 +0000: Memory Usage (143000K) : Extracting res_topmetal2 resistor
2026-08-20 11:10:02 +0000: Memory Usage (143000K) : Starting CAP EXTRACTION
2026-08-20 11:10:02 +0000: Memory Usage (143000K) : Extracting cap_cmim device
2026-08-20 11:10:02 +0000: Memory Usage (143000K) : Extracting rfcmim device
2026-08-20 11:10:02 +0000: Memory Usage (143000K) : Extracting sg13_hv_svaricap varactor
2026-08-20 11:10:02 +0000: Memory Usage (143000K) : Extracting cap_cmomi device
2026-08-20 11:10:02 +0000: Memory Usage (143000K) : Extracting cap_cmomf device
2026-08-20 11:10:02 +0000: Memory Usage (143000K) : Extracting sg13_moscap_n capacitor
2026-08-20 11:10:02 +0000: Memory Usage (143000K) : Extracting sg13_moscap_p capacitor
2026-08-20 11:10:02 +0000: Memory Usage (143000K) : Starting ESD EXTRACTION
2026-08-20 11:10:02 +0000: Memory Usage (143000K) : Extracting diodevdd_2kv ESD device
2026-08-20 11:10:02 +0000: Memory Usage (143000K) : Extracting diodevdd_4kv ESD device
2026-08-20 11:10:02 +0000: Memory Usage (143000K) : Extracting diodevss_2kv ESD device
2026-08-20 11:10:02 +0000: Memory Usage (143000K) : Extracting diodevss_4kv ESD device
2026-08-20 11:10:02 +0000: Memory Usage (143000K) : Extracting idiodevdd_2kv ESD device
2026-08-20 11:10:02 +0000: Memory Usage (143000K) : Extracting idiodevdd_4kv ESD device
2026-08-20 11:10:02 +0000: Memory Usage (143000K) : Extracting idiodevss_2kv ESD device
2026-08-20 11:10:02 +0000: Memory Usage (143000K) : Extracting idiodevss_4kv ESD device
2026-08-20 11:10:02 +0000: Memory Usage (143000K) : Extracting nmoscl_2 ESD device
2026-08-20 11:10:02 +0000: Memory Usage (143000K) : Extracting nmoscl_4 ESD device
2026-08-20 11:10:02 +0000: Memory Usage (143000K) : Starting Inductor EXTRACTION
2026-08-20 11:10:02 +0000: Memory Usage (143000K) : Extracting Inductor2 device
2026-08-20 11:10:02 +0000: Memory Usage (143000K) : Extracting Inductor3 device
2026-08-20 11:10:02 +0000: Memory Usage (143000K) : Starting Taps EXTRACTION
2026-08-20 11:10:02 +0000: Memory Usage (143000K) : Extracting ntap1 device
2026-08-20 11:10:02 +0000: Memory Usage (143000K) : Extracting ptap1 device
2026-08-20 11:10:02 +0000: Memory Usage (143000K) : Starting SG13G2 LVS RF MOS Model Mapping
2026-08-20 11:10:02 +0000: Memory Usage (143000K) : [layout_netlist] Apply RF MOS model mapping and rfmode parameter.
2026-08-20 11:10:02 +0000: Memory Usage (143000K) : Starting SG13G2 LVS Options Preparations
2026-08-20 11:10:02 +0000: Memory Usage (143000K) : SG13G2 LVS flow: extraction -> alignment -> option preparation -> comparison.
2026-08-20 11:10:02 +0000: Memory Usage (143000K) : Starting SG13G2 LVS Alignment
2026-08-20 11:10:02 +0000: Memory Usage (143128K) : Starting SG13G2 LVS Simplification
2026-08-20 11:10:02 +0000: Memory Usage (143128K) : [layout_netlist] simplify: ENABLED
2026-08-20 11:10:02 +0000: Memory Usage (143128K) : [layout_netlist] make_top_level_pins: SKIPPED
2026-08-20 11:10:02 +0000: Memory Usage (143128K) : [layout_netlist] combine_devices: SKIPPED
2026-08-20 11:10:02 +0000: Memory Usage (143128K) : [layout_netlist] purge: SKIPPED
2026-08-20 11:10:02 +0000: Memory Usage (143128K) : [layout_netlist] purge_nets: SKIPPED
2026-08-20 11:10:02 +0000: Memory Usage (143128K) : [schematic_netlist] simplify: ENABLED
2026-08-20 11:10:02 +0000: Memory Usage (143128K) : [schematic_netlist] make_top_level_pins: SKIPPED
2026-08-20 11:10:02 +0000: Memory Usage (143128K) : [schematic_netlist] combine_devices: SKIPPED
2026-08-20 11:10:02 +0000: Memory Usage (143128K) : [schematic_netlist] purge: SKIPPED
2026-08-20 11:10:02 +0000: Memory Usage (143128K) : [schematic_netlist] purge_nets: SKIPPED
2026-08-20 11:10:02 +0000: Memory Usage (143128K) : Starting SG13G2 LVS Comparison
2026-08-20 11:10:02 +0000: Memory Usage (143128K) : xxxxxxxxxxxxxxxxxxxxxxxxxxxxxxxxxxxxxxxxxx
2026-08-20 11:10:02 +0000: Memory Usage (143128K) : ERROR : Netlists don't match
2026-08-20 11:10:02 +0000: Memory Usage (143128K) : xxxxxxxxxxxxxxxxxxxxxxxxxxxxxxxxxxxxxxxxxx
2026-08-20 11:10:02 +0000: Memory Usage (143128K) : LVS Total Run time 0.399466 seconds
