$ python3 /home/ubuntu/.local/share/ihp-eda/IHP-Open-PDK/ihp-sg13g2/libs.tech/klayout/tech/lvs/run_lvs.py --layout=/workspace/layout/blocks/out/driver_stage/lvs_probe5/full/driver_dut.gds --netlist=/workspace/layout/blocks/out/driver_stage/lvs_probe5/full/x.cdl --run_dir=/workspace/layout/blocks/out/driver_stage/lvs_probe5/full/lvs --run_mode=deep --topcell=driver_dut --implicit_nets=sub,sub! --ignore_top_ports_mismatch --disable_tap_extraction

--- stdout ---
2026-08-20 10:17:13 +0000: Memory Usage (128968K) : Starting running SG13G2 Klayout LVS runset on /workspace/layout/blocks/out/driver_stage/lvs_probe5/full/driver_dut.gds
2026-08-20 10:17:13 +0000: Memory Usage (128968K) : Ruby Version for klayout: 3.2.3
2026-08-20 10:17:13 +0000: Memory Usage (130252K) : Loading database to memory is complete.
2026-08-20 10:17:13 +0000: Memory Usage (130252K) : SG13G2 Klayout LVS runset output at: /workspace/layout/blocks/out/driver_stage/lvs_probe5/full/lvs/driver_dut.lvsdb
2026-08-20 10:17:13 +0000: Memory Usage (130252K) : Evaluate switches.
2026-08-20 10:17:13 +0000: Memory Usage (130252K) : Extracted netlist with net names: true
2026-08-20 10:17:13 +0000: Memory Usage (130252K) : Extracted netlist with comments in details: false
2026-08-20 10:17:13 +0000: Memory Usage (130252K) : Selected NET_ONLY option: false
2026-08-20 10:17:13 +0000: Memory Usage (130252K) : Selected LAYOUT_NETLIST option: (none)
2026-08-20 10:17:13 +0000: Memory Usage (130252K) : Selected IGNORE_TOP_PORTS_MISMATCH option: true
2026-08-20 10:17:13 +0000: Memory Usage (130252K) : Selected IMPLICIT_NETS option: sub,sub!
2026-08-20 10:17:13 +0000: Memory Usage (130252K) : Selected TOP_LVL_PINS option: false
2026-08-20 10:17:13 +0000: Memory Usage (130252K) : Selected COMBINE DEVICES option: false
2026-08-20 10:17:13 +0000: Memory Usage (130252K) : Selected PURGE option: false
2026-08-20 10:17:13 +0000: Memory Usage (130252K) : Selected PURGE_NETS option: false
2026-08-20 10:17:13 +0000: Memory Usage (130252K) : Selected SIMPLIFY option: true
2026-08-20 10:17:13 +0000: Memory Usage (130252K) : Selected SERIES_RES option: true
2026-08-20 10:17:13 +0000: Memory Usage (130252K) : Selected PARALLEL_RES option: true
2026-08-20 10:17:13 +0000: Memory Usage (130252K) : Selected DISABLE_TAP_EXTRACTION option: true
2026-08-20 10:17:13 +0000: Memory Usage (130252K) : deep  mode is enabled.
2026-08-20 10:17:13 +0000: Memory Usage (130252K) : Applying implicit connections (case-sensitive, pattern supported) for nets: sub, sub!
2026-08-20 10:17:13 +0000: Memory Usage (131480K) : Netlist file: /workspace/layout/blocks/out/driver_stage/lvs_probe5/full/x.cdl
2026-08-20 10:17:13 +0000: Memory Usage (131480K) : LVS extracted netlist at: /workspace/layout/blocks/out/driver_stage/lvs_probe5/full/lvs/driver_dut_extracted.cir
2026-08-20 10:17:13 +0000: Memory Usage (131480K) : Applying SRAM integration support.
2026-08-20 10:17:13 +0000: Memory Usage (131480K) : Starting SG13G2 LVS runset
2026-08-20 10:17:13 +0000: Memory Usage (131480K) : Read in polygons from layers.
2026-08-20 10:17:13 +0000: Memory Usage (132656K) : activ_drw has 899 polygons
2026-08-20 10:17:13 +0000: Memory Usage (132656K) : activ_filler has 0 polygons
2026-08-20 10:17:13 +0000: Memory Usage (132784K) : activ has 899 polygons
2026-08-20 10:17:13 +0000: Memory Usage (132872K) : activ_pin has 0 polygons
2026-08-20 10:17:13 +0000: Memory Usage (133384K) : activ_mask has 4 polygons
2026-08-20 10:17:13 +0000: Memory Usage (133384K) : activ_nofill has 2 polygons
2026-08-20 10:17:13 +0000: Memory Usage (133384K) : activ_OPC has 0 polygons
2026-08-20 10:17:13 +0000: Memory Usage (133384K) : activ_iOPC has 0 polygons
2026-08-20 10:17:13 +0000: Memory Usage (133384K) : activ_noqrc has 0 polygons
2026-08-20 10:17:13 +0000: Memory Usage (133384K) : biwind_drw has 0 polygons
2026-08-20 10:17:13 +0000: Memory Usage (133384K) : biwind_OPC has 0 polygons
2026-08-20 10:17:13 +0000: Memory Usage (133384K) : gatpoly_drw has 140 polygons
2026-08-20 10:17:13 +0000: Memory Usage (133384K) : gatpoly_filler has 0 polygons
2026-08-20 10:17:13 +0000: Memory Usage (133384K) : gatpoly has 140 polygons
2026-08-20 10:17:13 +0000: Memory Usage (133384K) : gatpoly_pin has 119 polygons
2026-08-20 10:17:13 +0000: Memory Usage (133384K) : gatpoly_nofill has 2 polygons
2026-08-20 10:17:13 +0000: Memory Usage (133384K) : gatpoly_OPC has 0 polygons
2026-08-20 10:17:13 +0000: Memory Usage (133384K) : gatpoly_iOPC has 0 polygons
2026-08-20 10:17:13 +0000: Memory Usage (133384K) : gatpoly_noqrc has 0 polygons
2026-08-20 10:17:13 +0000: Memory Usage (133512K) : cont_drw has 14577 polygons
2026-08-20 10:17:13 +0000: Memory Usage (133512K) : cont_OPC has 0 polygons
2026-08-20 10:17:13 +0000: Memory Usage (133512K) : nsd_drw has 0 polygons
2026-08-20 10:17:13 +0000: Memory Usage (133512K) : nsd_block has 4 polygons
2026-08-20 10:17:13 +0000: Memory Usage (133640K) : metal1_drw has 1550 polygons
2026-08-20 10:17:13 +0000: Memory Usage (133640K) : metal1_filler has 0 polygons
2026-08-20 10:17:13 +0000: Memory Usage (133768K) : metal1_slit has 0 polygons
2026-08-20 10:17:13 +0000: Memory Usage (133768K) : metal1 has 1550 polygons
2026-08-20 10:17:13 +0000: Memory Usage (133896K) : metal1_pin has 750 polygons
2026-08-20 10:17:13 +0000: Memory Usage (133896K) : metal1_mask has 0 polygons
2026-08-20 10:17:13 +0000: Memory Usage (134024K) : metal1_nofill has 2 polygons
2026-08-20 10:17:13 +0000: Memory Usage (134280K) : metal1_text has 5 polygons
2026-08-20 10:17:13 +0000: Memory Usage (134280K) : metal1_OPC has 0 polygons
2026-08-20 10:17:13 +0000: Memory Usage (134408K) : metal1_noqrc has 0 polygons
2026-08-20 10:17:13 +0000: Memory Usage (134408K) : metal1_res has 0 polygons
2026-08-20 10:17:13 +0000: Memory Usage (134408K) : metal1_iprobe has 0 polygons
2026-08-20 10:17:13 +0000: Memory Usage (134536K) : metal1_diffprb has 0 polygons
2026-08-20 10:17:13 +0000: Memory Usage (134536K) : passiv_drw has 2 polygons
2026-08-20 10:17:13 +0000: Memory Usage (134536K) : passiv_pin has 0 polygons
2026-08-20 10:17:13 +0000: Memory Usage (134664K) : passiv_sbump has 0 polygons
2026-08-20 10:17:13 +0000: Memory Usage (134664K) : passiv_pillar has 0 polygons
2026-08-20 10:17:13 +0000: Memory Usage (134664K) : passiv_pdl has 0 polygons
2026-08-20 10:17:13 +0000: Memory Usage (134792K) : metal2_drw has 570 polygons
2026-08-20 10:17:13 +0000: Memory Usage (134792K) : metal2_filler has 0 polygons
2026-08-20 10:17:13 +0000: Memory Usage (134792K) : metal2_slit has 0 polygons
2026-08-20 10:17:13 +0000: Memory Usage (134792K) : metal2 has 570 polygons
2026-08-20 10:17:13 +0000: Memory Usage (134920K) : metal2_pin has 10 polygons
2026-08-20 10:17:13 +0000: Memory Usage (134920K) : metal2_mask has 0 polygons
2026-08-20 10:17:13 +0000: Memory Usage (134920K) : metal2_nofill has 2 polygons
2026-08-20 10:17:13 +0000: Memory Usage (134920K) : metal2_text has 3 polygons
2026-08-20 10:17:13 +0000: Memory Usage (135048K) : metal2_OPC has 0 polygons
2026-08-20 10:17:13 +0000: Memory Usage (135048K) : metal2_noqrc has 0 polygons
2026-08-20 10:17:13 +0000: Memory Usage (135048K) : metal2_res has 0 polygons
2026-08-20 10:17:13 +0000: Memory Usage (135048K) : metal2_iprobe has 0 polygons
2026-08-20 10:17:13 +0000: Memory Usage (135176K) : metal2_diffprb has 0 polygons
2026-08-20 10:17:13 +0000: Memory Usage (135176K) : baspoly_drw has 0 polygons
2026-08-20 10:17:13 +0000: Memory Usage (135176K) : baspoly_pin has 0 polygons
2026-08-20 10:17:13 +0000: Memory Usage (135176K) : psd_drw has 515 polygons
2026-08-20 10:17:13 +0000: Memory Usage (135304K) : nldb_drw has 0 polygons
2026-08-20 10:17:13 +0000: Memory Usage (135304K) : digibnd_drw has 0 polygons
2026-08-20 10:17:13 +0000: Memory Usage (135304K) : via1_drw has 7634 polygons
2026-08-20 10:17:13 +0000: Memory Usage (135432K) : backmetal1_drw has 0 polygons
2026-08-20 10:17:13 +0000: Memory Usage (135432K) : backmetal1_pin has 0 polygons
2026-08-20 10:17:13 +0000: Memory Usage (135432K) : backmetal1_mask has 0 polygons
2026-08-20 10:17:13 +0000: Memory Usage (135432K) : backmetal1_filler has 0 polygons
2026-08-20 10:17:13 +0000: Memory Usage (135560K) : backmetal1_nofill has 0 polygons
2026-08-20 10:17:13 +0000: Memory Usage (135560K) : backmetal1_slit has 0 polygons
2026-08-20 10:17:13 +0000: Memory Usage (135560K) : backmetal1_text has 0 polygons
2026-08-20 10:17:13 +0000: Memory Usage (135560K) : backmetal1_OPC has 0 polygons
2026-08-20 10:17:13 +0000: Memory Usage (135688K) : backmetal1_noqrc has 0 polygons
2026-08-20 10:17:13 +0000: Memory Usage (135688K) : backmetal1_res has 0 polygons
2026-08-20 10:17:13 +0000: Memory Usage (135688K) : backmetal1_iprobe has 0 polygons
2026-08-20 10:17:13 +0000: Memory Usage (135688K) : backmetal1_diffprb has 0 polygons
2026-08-20 10:17:13 +0000: Memory Usage (135816K) : backpassiv_drw has 0 polygons
2026-08-20 10:17:13 +0000: Memory Usage (135816K) : res_drw has 2 polygons
2026-08-20 10:17:13 +0000: Memory Usage (135816K) : sram_drw has 0 polygons
2026-08-20 10:17:13 +0000: Memory Usage (135816K) : trans_drw has 2 polygons
2026-08-20 10:17:13 +0000: Memory Usage (135944K) : ind_drw has 2 polygons
2026-08-20 10:17:13 +0000: Memory Usage (135944K) : ind_pin has 4 polygons
2026-08-20 10:17:13 +0000: Memory Usage (135944K) : ind_text has 4 polygons
2026-08-20 10:17:13 +0000: Memory Usage (135944K) : salblock_drw has 12 polygons
2026-08-20 10:17:13 +0000: Memory Usage (136072K) : via2_drw has 840 polygons
2026-08-20 10:17:13 +0000: Memory Usage (136072K) : metal3_drw has 63 polygons
2026-08-20 10:17:13 +0000: Memory Usage (136072K) : metal3_filler has 0 polygons
2026-08-20 10:17:13 +0000: Memory Usage (136072K) : metal3_slit has 0 polygons
2026-08-20 10:17:13 +0000: Memory Usage (136072K) : metal3 has 63 polygons
2026-08-20 10:17:13 +0000: Memory Usage (136072K) : metal3_pin has 2 polygons
2026-08-20 10:17:13 +0000: Memory Usage (136072K) : metal3_mask has 0 polygons
2026-08-20 10:17:13 +0000: Memory Usage (136072K) : metal3_nofill has 2 polygons
2026-08-20 10:17:13 +0000: Memory Usage (136072K) : metal3_text has 4 polygons
2026-08-20 10:17:13 +0000: Memory Usage (136072K) : metal3_OPC has 0 polygons
2026-08-20 10:17:13 +0000: Memory Usage (136072K) : metal3_noqrc has 0 polygons
2026-08-20 10:17:13 +0000: Memory Usage (136072K) : metal3_res has 0 polygons
2026-08-20 10:17:13 +0000: Memory Usage (136072K) : metal3_iprobe has 0 polygons
2026-08-20 10:17:13 +0000: Memory Usage (136072K) : metal3_diffprb has 0 polygons
2026-08-20 10:17:13 +0000: Memory Usage (136200K) : nwell_drw has 14 polygons
2026-08-20 10:17:13 +0000: Memory Usage (136200K) : nwell_pin has 0 polygons
2026-08-20 10:17:13 +0000: Memory Usage (136200K) : nwell_text has 0 polygons
2026-08-20 10:17:13 +0000: Memory Usage (136200K) : nbulay_drw has 1 polygons
2026-08-20 10:17:13 +0000: Memory Usage (136200K) : nbulay_pin has 0 polygons
2026-08-20 10:17:13 +0000: Memory Usage (136328K) : nbulay_block has 0 polygons
2026-08-20 10:17:13 +0000: Memory Usage (136328K) : emwind_drw has 4 polygons
2026-08-20 10:17:13 +0000: Memory Usage (136328K) : emwind_OPC has 0 polygons
2026-08-20 10:17:13 +0000: Memory Usage (136328K) : deepco_drw has 0 polygons
2026-08-20 10:17:13 +0000: Memory Usage (136328K) : mim_drw has 0 polygons
2026-08-20 10:17:13 +0000: Memory Usage (136328K) : edgeseal_drw has 0 polygons
2026-08-20 10:17:13 +0000: Memory Usage (136456K) : substrate_drw has 500 polygons
2026-08-20 10:17:13 +0000: Memory Usage (136456K) : substrate_text has 0 polygons
2026-08-20 10:17:13 +0000: Memory Usage (136456K) : dfpad_drw has 2 polygons
2026-08-20 10:17:13 +0000: Memory Usage (136456K) : dfpad_pillar has 0 polygons
2026-08-20 10:17:13 +0000: Memory Usage (136456K) : dfpad_sbump has 0 polygons
2026-08-20 10:17:13 +0000: Memory Usage (136584K) : thickgateox_drw has 1 polygons
2026-08-20 10:17:13 +0000: Memory Usage (136584K) : pldb_drw has 0 polygons
2026-08-20 10:17:13 +0000: Memory Usage (136584K) : pwell_drw has 0 polygons
2026-08-20 10:17:13 +0000: Memory Usage (136584K) : pwell_pin has 0 polygons
2026-08-20 10:17:13 +0000: Memory Usage (136584K) : pwell_block has 2 polygons
2026-08-20 10:17:13 +0000: Memory Usage (136584K) : ic_drw has 0 polygons
2026-08-20 10:17:13 +0000: Memory Usage (136712K) : via3_drw has 1036 polygons
2026-08-20 10:17:13 +0000: Memory Usage (136712K) : metal4_drw has 28 polygons
2026-08-20 10:17:13 +0000: Memory Usage (136712K) : metal4_filler has 0 polygons
2026-08-20 10:17:13 +0000: Memory Usage (136712K) : metal4_slit has 0 polygons
2026-08-20 10:17:13 +0000: Memory Usage (136712K) : metal4 has 28 polygons
2026-08-20 10:17:13 +0000: Memory Usage (136712K) : metal4_pin has 0 polygons
2026-08-20 10:17:13 +0000: Memory Usage (136840K) : metal4_mask has 0 polygons
2026-08-20 10:17:13 +0000: Memory Usage (136840K) : metal4_nofill has 2 polygons
2026-08-20 10:17:13 +0000: Memory Usage (136840K) : metal4_text has 1 polygons
2026-08-20 10:17:13 +0000: Memory Usage (136840K) : metal4_OPC has 0 polygons
2026-08-20 10:17:13 +0000: Memory Usage (136840K) : metal4_noqrc has 0 polygons
2026-08-20 10:17:13 +0000: Memory Usage (136840K) : metal4_res has 0 polygons
2026-08-20 10:17:13 +0000: Memory Usage (136840K) : metal4_iprobe has 0 polygons
2026-08-20 10:17:13 +0000: Memory Usage (136968K) : metal4_diffprb has 0 polygons
2026-08-20 10:17:13 +0000: Memory Usage (136968K) : heattrans_drw has 123 polygons
2026-08-20 10:17:13 +0000: Memory Usage (136968K) : heatres_drw has 2 polygons
2026-08-20 10:17:13 +0000: Memory Usage (136968K) : fbe_drw has 0 polygons
2026-08-20 10:17:13 +0000: Memory Usage (136968K) : empoly_drw has 0 polygons
2026-08-20 10:17:13 +0000: Memory Usage (136968K) : digisub_drw has 0 polygons
2026-08-20 10:17:13 +0000: Memory Usage (137096K) : text_drw has 655 polygons
2026-08-20 10:17:13 +0000: Memory Usage (137096K) : via4_drw has 1032 polygons
2026-08-20 10:17:13 +0000: Memory Usage (137096K) : metal5_drw has 55 polygons
2026-08-20 10:17:13 +0000: Memory Usage (137096K) : metal5_filler has 0 polygons
2026-08-20 10:17:13 +0000: Memory Usage (137096K) : metal5_slit has 0 polygons
2026-08-20 10:17:13 +0000: Memory Usage (137224K) : metal5 has 55 polygons
2026-08-20 10:17:13 +0000: Memory Usage (137224K) : metal5_pin has 0 polygons
2026-08-20 10:17:13 +0000: Memory Usage (137224K) : metal5_mask has 0 polygons
2026-08-20 10:17:13 +0000: Memory Usage (137224K) : metal5_nofill has 2 polygons
2026-08-20 10:17:13 +0000: Memory Usage (137224K) : metal5_text has 0 polygons
2026-08-20 10:17:13 +0000: Memory Usage (137224K) : metal5_OPC has 0 polygons
2026-08-20 10:17:13 +0000: Memory Usage (137224K) : metal5_noqrc has 0 polygons
2026-08-20 10:17:13 +0000: Memory Usage (137352K) : metal5_res has 0 polygons
2026-08-20 10:17:13 +0000: Memory Usage (137352K) : metal5_iprobe has 0 polygons
2026-08-20 10:17:13 +0000: Memory Usage (137352K) : metal5_diffprb has 0 polygons
2026-08-20 10:17:13 +0000: Memory Usage (137352K) : radhard_drw has 0 polygons
2026-08-20 10:17:13 +0000: Memory Usage (137480K) : memcap_drw has 0 polygons
2026-08-20 10:17:13 +0000: Memory Usage (137480K) : varicap_drw has 0 polygons
2026-08-20 10:17:13 +0000: Memory Usage (137480K) : intbondvia_drw has 0 polygons
2026-08-20 10:17:13 +0000: Memory Usage (137480K) : intbondmet_drw has 0 polygons
2026-08-20 10:17:13 +0000: Memory Usage (137480K) : devbondvia_drw has 0 polygons
2026-08-20 10:17:13 +0000: Memory Usage (137608K) : devbondmet_drw has 0 polygons
2026-08-20 10:17:13 +0000: Memory Usage (137608K) : devtrench_drw has 0 polygons
2026-08-20 10:17:13 +0000: Memory Usage (137608K) : redist_drw has 0 polygons
2026-08-20 10:17:13 +0000: Memory Usage (137608K) : graphbot_drw has 0 polygons
2026-08-20 10:17:13 +0000: Memory Usage (137608K) : graphtop_drw has 0 polygons
2026-08-20 10:17:13 +0000: Memory Usage (137736K) : antvia1_drw has 0 polygons
2026-08-20 10:17:13 +0000: Memory Usage (137736K) : antmetal2_drw has 0 polygons
2026-08-20 10:17:13 +0000: Memory Usage (137736K) : graphcont_drw has 0 polygons
2026-08-20 10:17:13 +0000: Memory Usage (137736K) : siwg_drw has 0 polygons
2026-08-20 10:17:13 +0000: Memory Usage (137736K) : siwg_filler has 0 polygons
2026-08-20 10:17:13 +0000: Memory Usage (137736K) : siwg_nofill has 0 polygons
2026-08-20 10:17:13 +0000: Memory Usage (137864K) : sigrating_drw has 0 polygons
2026-08-20 10:17:13 +0000: Memory Usage (137864K) : singrating_drw has 0 polygons
2026-08-20 10:17:13 +0000: Memory Usage (137864K) : graphpas_drw has 0 polygons
2026-08-20 10:17:13 +0000: Memory Usage (137864K) : emwind3_drw has 0 polygons
2026-08-20 10:17:13 +0000: Memory Usage (137864K) : emwihv3_drw has 0 polygons
2026-08-20 10:17:13 +0000: Memory Usage (137992K) : redbulay_drw has 0 polygons
2026-08-20 10:17:13 +0000: Memory Usage (137992K) : smos_drw has 0 polygons
2026-08-20 10:17:13 +0000: Memory Usage (137992K) : graphpad_drw has 0 polygons
2026-08-20 10:17:13 +0000: Memory Usage (137992K) : polimide_drw has 0 polygons
2026-08-20 10:17:13 +0000: Memory Usage (138120K) : polimide_pin has 0 polygons
2026-08-20 10:17:13 +0000: Memory Usage (138120K) : recog_drw has 1 polygons
2026-08-20 10:17:13 +0000: Memory Usage (138120K) : recog_pin has 0 polygons
2026-08-20 10:17:13 +0000: Memory Usage (138120K) : recog_esd has 5 polygons
2026-08-20 10:17:13 +0000: Memory Usage (138248K) : recog_diode has 0 polygons
2026-08-20 10:17:13 +0000: Memory Usage (138248K) : recog_tsv has 0 polygons
2026-08-20 10:17:13 +0000: Memory Usage (138248K) : recog_iprobe has 0 polygons
2026-08-20 10:17:13 +0000: Memory Usage (138248K) : recog_diffprb has 0 polygons
2026-08-20 10:17:13 +0000: Memory Usage (138376K) : recog_pillar has 0 polygons
2026-08-20 10:17:13 +0000: Memory Usage (138376K) : recog_sbump has 0 polygons
2026-08-20 10:17:13 +0000: Memory Usage (138376K) : recog_otp has 0 polygons
2026-08-20 10:17:13 +0000: Memory Usage (138376K) : recog_pdiode has 0 polygons
2026-08-20 10:17:13 +0000: Memory Usage (138504K) : recog_mom has 0 polygons
2026-08-20 10:17:13 +0000: Memory Usage (138504K) : recog_momf has 0 polygons
2026-08-20 10:17:13 +0000: Memory Usage (138504K) : recog_pcm has 0 polygons
2026-08-20 10:17:13 +0000: Memory Usage (138504K) : colopen_drw has 0 polygons
2026-08-20 10:17:13 +0000: Memory Usage (138632K) : graphmetal1_drw has 0 polygons
2026-08-20 10:17:13 +0000: Memory Usage (138632K) : graphmetal1_filler has 0 polygons
2026-08-20 10:17:13 +0000: Memory Usage (138632K) : graphmetal1_nofill has 0 polygons
2026-08-20 10:17:13 +0000: Memory Usage (138632K) : graphmetal1_slit has 0 polygons
2026-08-20 10:17:13 +0000: Memory Usage (138760K) : graphmetal1_OPC has 0 polygons
2026-08-20 10:17:13 +0000: Memory Usage (138760K) : graphmet1l_drw has 0 polygons
2026-08-20 10:17:13 +0000: Memory Usage (138760K) : graphmet1l_filler has 0 polygons
2026-08-20 10:17:13 +0000: Memory Usage (138760K) : graphmet1l_nofill has 0 polygons
2026-08-20 10:17:13 +0000: Memory Usage (138760K) : graphmet1l_slit has 0 polygons
2026-08-20 10:17:13 +0000: Memory Usage (138888K) : graphmet1l_OPC has 0 polygons
2026-08-20 10:17:13 +0000: Memory Usage (138888K) : extblock_drw has 6 polygons
2026-08-20 10:17:13 +0000: Memory Usage (138888K) : nldd_drw has 0 polygons
2026-08-20 10:17:13 +0000: Memory Usage (138888K) : pldd_drw has 0 polygons
2026-08-20 10:17:13 +0000: Memory Usage (138888K) : next_drw has 0 polygons
2026-08-20 10:17:13 +0000: Memory Usage (139016K) : pext_drw has 0 polygons
2026-08-20 10:17:13 +0000: Memory Usage (139016K) : nexthv_drw has 0 polygons
2026-08-20 10:17:13 +0000: Memory Usage (139016K) : pexthv_drw has 0 polygons
2026-08-20 10:17:13 +0000: Memory Usage (139016K) : graphgate_drw has 0 polygons
2026-08-20 10:17:13 +0000: Memory Usage (139016K) : sinwg_drw has 0 polygons
2026-08-20 10:17:13 +0000: Memory Usage (139016K) : sinwg_filler has 0 polygons
2026-08-20 10:17:13 +0000: Memory Usage (139144K) : sinwg_nofill has 0 polygons
2026-08-20 10:17:13 +0000: Memory Usage (139144K) : mempad_drw has 0 polygons
2026-08-20 10:17:13 +0000: Memory Usage (139144K) : topvia1_drw has 484 polygons
2026-08-20 10:17:13 +0000: Memory Usage (139144K) : topmetal1_drw has 61 polygons
2026-08-20 10:17:13 +0000: Memory Usage (139144K) : topmetal1_filler has 0 polygons
2026-08-20 10:17:13 +0000: Memory Usage (139272K) : topmetal1_slit has 0 polygons
2026-08-20 10:17:13 +0000: Memory Usage (139272K) : topmetal1 has 61 polygons
2026-08-20 10:17:13 +0000: Memory Usage (139272K) : topmetal1_pin has 0 polygons
2026-08-20 10:17:13 +0000: Memory Usage (139272K) : topmetal1_mask has 0 polygons
2026-08-20 10:17:13 +0000: Memory Usage (139272K) : topmetal1_nofill has 2 polygons
2026-08-20 10:17:13 +0000: Memory Usage (139400K) : topmetal1_text has 0 polygons
2026-08-20 10:17:13 +0000: Memory Usage (139400K) : topmetal1_noqrc has 0 polygons
2026-08-20 10:17:13 +0000: Memory Usage (139400K) : topmetal1_res has 0 polygons
2026-08-20 10:17:13 +0000: Memory Usage (139400K) : topmetal1_iprobe has 0 polygons
2026-08-20 10:17:13 +0000: Memory Usage (139528K) : topmetal1_diffprb has 0 polygons
2026-08-20 10:17:13 +0000: Memory Usage (139528K) : inldpwl_drw has 0 polygons
2026-08-20 10:17:13 +0000: Memory Usage (139528K) : polyres_drw has 2 polygons
2026-08-20 10:17:13 +0000: Memory Usage (139528K) : polyres_pin has 0 polygons
2026-08-20 10:17:13 +0000: Memory Usage (139656K) : vmim_drw has 0 polygons
2026-08-20 10:17:13 +0000: Memory Usage (139656K) : nbulaycut_drw has 0 polygons
2026-08-20 10:17:13 +0000: Memory Usage (139656K) : antmetal1_drw has 0 polygons
2026-08-20 10:17:13 +0000: Memory Usage (139656K) : topvia2_drw has 234 polygons
2026-08-20 10:17:13 +0000: Memory Usage (139912K) : topmetal2_drw has 68 polygons
2026-08-20 10:17:13 +0000: Memory Usage (139912K) : topmetal2_filler has 0 polygons
2026-08-20 10:17:13 +0000: Memory Usage (140040K) : topmetal2_slit has 0 polygons
2026-08-20 10:17:13 +0000: Memory Usage (140040K) : topmetal2 has 68 polygons
2026-08-20 10:17:13 +0000: Memory Usage (140040K) : topmetal2_pin has 4 polygons
2026-08-20 10:17:13 +0000: Memory Usage (140040K) : topmetal2_mask has 0 polygons
2026-08-20 10:17:13 +0000: Memory Usage (140168K) : topmetal2_nofill has 2 polygons
2026-08-20 10:17:13 +0000: Memory Usage (140168K) : topmetal2_text has 8 polygons
2026-08-20 10:17:13 +0000: Memory Usage (140168K) : topmetal2_noqrc has 0 polygons
2026-08-20 10:17:13 +0000: Memory Usage (140168K) : topmetal2_res has 0 polygons
2026-08-20 10:17:13 +0000: Memory Usage (140296K) : topmetal2_iprobe has 0 polygons
2026-08-20 10:17:13 +0000: Memory Usage (140296K) : topmetal2_diffprb has 0 polygons
2026-08-20 10:17:13 +0000: Memory Usage (140296K) : snsring_drw has 0 polygons
2026-08-20 10:17:13 +0000: Memory Usage (140424K) : sensor_drw has 0 polygons
2026-08-20 10:17:13 +0000: Memory Usage (140424K) : snsarms_drw has 0 polygons
2026-08-20 10:17:13 +0000: Memory Usage (140424K) : snscmosvia_drw has 0 polygons
2026-08-20 10:17:13 +0000: Memory Usage (140424K) : colwind_drw has 0 polygons
2026-08-20 10:17:13 +0000: Memory Usage (140552K) : flm_drw has 0 polygons
2026-08-20 10:17:13 +0000: Memory Usage (140680K) : hafniumox_drw has 0 polygons
2026-08-20 10:17:13 +0000: Memory Usage (140680K) : memvia_drw has 0 polygons
2026-08-20 10:17:13 +0000: Memory Usage (140680K) : thinfilmres_drw has 0 polygons
2026-08-20 10:17:13 +0000: Memory Usage (140680K) : rfmem_drw has 0 polygons
2026-08-20 10:17:13 +0000: Memory Usage (140680K) : norcx_drw has 2 polygons
2026-08-20 10:17:13 +0000: Memory Usage (140680K) : norcx_m2m3 has 0 polygons
2026-08-20 10:17:13 +0000: Memory Usage (140680K) : norcx_m2m4 has 0 polygons
2026-08-20 10:17:13 +0000: Memory Usage (140680K) : norcx_m2m5 has 0 polygons
2026-08-20 10:17:13 +0000: Memory Usage (140680K) : norcx_m2tm1 has 0 polygons
2026-08-20 10:17:13 +0000: Memory Usage (140680K) : norcx_m2tm2 has 0 polygons
2026-08-20 10:17:13 +0000: Memory Usage (140680K) : norcx_m3m4 has 0 polygons
2026-08-20 10:17:13 +0000: Memory Usage (140680K) : norcx_m3m5 has 0 polygons
2026-08-20 10:17:13 +0000: Memory Usage (140680K) : norcx_m3tm1 has 0 polygons
2026-08-20 10:17:13 +0000: Memory Usage (140680K) : norcx_m3tm2 has 0 polygons
2026-08-20 10:17:13 +0000: Memory Usage (140680K) : norcx_m4m5 has 0 polygons
2026-08-20 10:17:13 +0000: Memory Usage (140680K) : norcx_m4tm1 has 0 polygons
2026-08-20 10:17:13 +0000: Memory Usage (140680K) : norcx_m4tm2 has 0 polygons
2026-08-20 10:17:13 +0000: Memory Usage (140680K) : norcx_m5tm1 has 0 polygons
2026-08-20 10:17:13 +0000: Memory Usage (140680K) : norcx_m5tm2 has 0 polygons
2026-08-20 10:17:13 +0000: Memory Usage (140680K) : norcx_tm1tm2 has 0 polygons
2026-08-20 10:17:13 +0000: Memory Usage (140680K) : norcx_m1sub has 0 polygons
2026-08-20 10:17:13 +0000: Memory Usage (140680K) : norcx_m2sub has 0 polygons
2026-08-20 10:17:13 +0000: Memory Usage (140680K) : norcx_m3sub has 0 polygons
2026-08-20 10:17:13 +0000: Memory Usage (140680K) : norcx_m4sub has 0 polygons
2026-08-20 10:17:13 +0000: Memory Usage (140680K) : norcx_m5sub has 0 polygons
2026-08-20 10:17:13 +0000: Memory Usage (140680K) : norcx_tm1sub has 0 polygons
2026-08-20 10:17:13 +0000: Memory Usage (140680K) : norcx_tm2sub has 0 polygons
2026-08-20 10:17:13 +0000: Memory Usage (140680K) : snsbotvia_drw has 0 polygons
2026-08-20 10:17:13 +0000: Memory Usage (140680K) : snstopvia_drw has 0 polygons
2026-08-20 10:17:13 +0000: Memory Usage (140680K) : deepvia_drw has 0 polygons
2026-08-20 10:17:13 +0000: Memory Usage (140680K) : fgetch_drw has 0 polygons
2026-08-20 10:17:13 +0000: Memory Usage (140680K) : ctrgat_drw has 0 polygons
2026-08-20 10:17:13 +0000: Memory Usage (140680K) : fgimp_drw has 0 polygons
2026-08-20 10:17:13 +0000: Memory Usage (140680K) : emwihv_drw has 0 polygons
2026-08-20 10:17:13 +0000: Memory Usage (140680K) : lbe_drw has 2 polygons
2026-08-20 10:17:13 +0000: Memory Usage (140680K) : alcustop_drw has 0 polygons
2026-08-20 10:17:13 +0000: Memory Usage (140680K) : nometfiller_drw has 0 polygons
2026-08-20 10:17:13 +0000: Memory Usage (140680K) : prboundary_drw has 0 polygons
2026-08-20 10:17:13 +0000: Memory Usage (140680K) : exchange0_drw has 0 polygons
2026-08-20 10:17:13 +0000: Memory Usage (140680K) : exchange0_pin has 0 polygons
2026-08-20 10:17:13 +0000: Memory Usage (140680K) : exchange0_text has 0 polygons
2026-08-20 10:17:13 +0000: Memory Usage (140680K) : exchange1_drw has 0 polygons
2026-08-20 10:17:13 +0000: Memory Usage (140680K) : exchange1_pin has 0 polygons
2026-08-20 10:17:13 +0000: Memory Usage (140680K) : exchange1_text has 0 polygons
2026-08-20 10:17:13 +0000: Memory Usage (140680K) : exchange2_drw has 0 polygons
2026-08-20 10:17:13 +0000: Memory Usage (140680K) : exchange2_pin has 0 polygons
2026-08-20 10:17:13 +0000: Memory Usage (140680K) : exchange2_text has 0 polygons
2026-08-20 10:17:13 +0000: Memory Usage (140680K) : exchange3_drw has 0 polygons
2026-08-20 10:17:13 +0000: Memory Usage (140680K) : exchange3_pin has 0 polygons
2026-08-20 10:17:13 +0000: Memory Usage (140680K) : exchange3_text has 0 polygons
2026-08-20 10:17:13 +0000: Memory Usage (140680K) : exchange4_drw has 0 polygons
2026-08-20 10:17:13 +0000: Memory Usage (140680K) : exchange4_pin has 0 polygons
2026-08-20 10:17:13 +0000: Memory Usage (140680K) : exchange4_text has 0 polygons
2026-08-20 10:17:13 +0000: Memory Usage (140680K) : isonwell_drw has 0 polygons
2026-08-20 10:17:13 +0000: Memory Usage (140680K) : Total no. of polygons in the design is 32068
2026-08-20 10:17:13 +0000: Memory Usage (140680K) : Starting base layers derivations
2026-08-20 10:17:13 +0000: Memory Usage (140680K) : Starting general LVS derivations
2026-08-20 10:17:13 +0000: Memory Usage (145116K) : Starting MOSFET DERIVATIONS
2026-08-20 10:17:13 +0000: Memory Usage (145884K) : Starting NMOS DERIVATIONS
2026-08-20 10:17:13 +0000: Memory Usage (145884K) : Starting PMOS DERIVATIONS
2026-08-20 10:17:13 +0000: Memory Usage (145884K) : Starting RF-MOSFET DERIVATIONS
2026-08-20 10:17:13 +0000: Memory Usage (145884K) : Starting RF-NMOS DERIVATIONS
2026-08-20 10:17:13 +0000: Memory Usage (145884K) : Starting RF-PMOS DERIVATIONS
2026-08-20 10:17:13 +0000: Memory Usage (145884K) : Starting BJT DERIVATIONS
2026-08-20 10:17:13 +0000: Memory Usage (145884K) : Starting NPN-BJT DERIVATIONS
2026-08-20 10:17:13 +0000: Memory Usage (145884K) : Starting PNP-BJT DERIVATIONS
2026-08-20 10:17:13 +0000: Memory Usage (145884K) : Starting DIODE DERIVATIONS
2026-08-20 10:17:13 +0000: Memory Usage (145884K) : Starting RESISTOR DERIVATIONS
2026-08-20 10:17:14 +0000: Memory Usage (146140K) : Starting CAP DERIVATIONS
2026-08-20 10:17:14 +0000: Memory Usage (147036K) : Starting CAP_CMOM DERIVATIONS
2026-08-20 10:17:14 +0000: Memory Usage (147036K) : Starting CAP_CMOMF DERIVATIONS
2026-08-20 10:17:14 +0000: Memory Usage (147036K) : Starting ESD DERIVATIONS
2026-08-20 10:17:15 +0000: Memory Usage (147164K) : Starting Inductor DERIVATIONS
2026-08-20 10:17:15 +0000: Memory Usage (147164K) : Starting Taps DERIVATIONS
2026-08-20 10:17:15 +0000: Memory Usage (147164K) : Starting SG13G2 LVS connectivity setup
2026-08-20 10:17:15 +0000: Memory Usage (147164K) : Starting SG13G2 LVS connectivity setup (Inter-layer)
2026-08-20 10:17:15 +0000: Memory Usage (147292K) : Starting SG13G2 LVS connectivity setup (Global)
2026-08-20 10:17:15 +0000: Memory Usage (147292K) : Starting LVS MOSFET CONNECTIONS
2026-08-20 10:17:15 +0000: Memory Usage (147292K) : Starting LVS RF-MOSFET CONNECTIONS
2026-08-20 10:17:15 +0000: Memory Usage (147292K) : Starting LVS BJT CONNECTIONS
2026-08-20 10:17:15 +0000: Memory Usage (147292K) : Starting LVS DIODE CONNECTIONS
2026-08-20 10:17:15 +0000: Memory Usage (147292K) : Starting RESISTOR CONNECTIONS
2026-08-20 10:17:15 +0000: Memory Usage (147292K) : Starting LVS CAP CONNECTIONS
2026-08-20 10:17:15 +0000: Memory Usage (147292K) : Starting CAP_CMOM CONNECTIONS
2026-08-20 10:17:15 +0000: Memory Usage (147292K) : Starting CAP_CMOMF CONNECTIONS
2026-08-20 10:17:15 +0000: Memory Usage (147292K) : Starting ESD CONNECTIONS
2026-08-20 10:17:15 +0000: Memory Usage (147292K) : Starting Inductor CONNECTIONS
2026-08-20 10:17:15 +0000: Memory Usage (147292K) : Starting LVS Taps CONNECTIONS
2026-08-20 10:17:15 +0000: Memory Usage (147292K) : Starting SG13G2 LVS DEVICES EXTRACTION
2026-08-20 10:17:15 +0000: Memory Usage (147292K) : Starting MOSFET EXTRACTION
2026-08-20 10:17:15 +0000: Memory Usage (147292K) : Starting NMOS EXTRACTION
2026-08-20 10:17:15 +0000: Memory Usage (147292K) : Extraction of NMOS-LV transistor
2026-08-20 10:17:15 +0000: Memory Usage (147420K) : Extraction of NMOS-HV transistor
2026-08-20 10:17:15 +0000: Memory Usage (147420K) : Starting PMOS EXTRACTION
2026-08-20 10:17:15 +0000: Memory Usage (147420K) : Extraction of PMOS-LV transistor
2026-08-20 10:17:15 +0000: Memory Usage (147420K) : Extraction of PMOS-HV transistor
2026-08-20 10:17:15 +0000: Memory Usage (147420K) : Starting RF-MOSFET EXTRACTION
2026-08-20 10:17:15 +0000: Memory Usage (147420K) : Extraction of RF-NMOS-LV transistor
2026-08-20 10:17:15 +0000: Memory Usage (147420K) : Extraction of RF-NMOS-HV transistor
2026-08-20 10:17:15 +0000: Memory Usage (147420K) : Extraction of RF-PMOS-LV transistor
2026-08-20 10:17:15 +0000: Memory Usage (147420K) : Extraction of RF-PMOS-HV transistor
2026-08-20 10:17:15 +0000: Memory Usage (147420K) : Starting BJT EXTRACTION
2026-08-20 10:17:15 +0000: Memory Usage (147420K) : Starting NPN-BJT EXTRACTION
2026-08-20 10:17:15 +0000: Memory Usage (147420K) : Extraction of npn13G2 BJT transistor
2026-08-20 10:17:15 +0000: Memory Usage (147420K) : Extraction of npn13G2L BJT transistor
2026-08-20 10:17:15 +0000: Memory Usage (147420K) : Extraction of npn13G2V BJT transistor
2026-08-20 10:17:15 +0000: Memory Usage (147420K) : Starting PNP-BJT EXTRACTION
2026-08-20 10:17:15 +0000: Memory Usage (147420K) : Extracting pnpMPA BJT
2026-08-20 10:17:15 +0000: Memory Usage (147420K) : Starting DIODE EXTRACTION
2026-08-20 10:17:15 +0000: Memory Usage (147420K) : Extracting dantenna diode
2026-08-20 10:17:15 +0000: Memory Usage (147420K) : Extracting dpantenna diode
2026-08-20 10:17:15 +0000: Memory Usage (147420K) : Extracting schottky_nbl1 diode
2026-08-20 10:17:15 +0000: Memory Usage (147420K) : Extracting isolbox diode
2026-08-20 10:17:15 +0000: Memory Usage (147420K) : Starting RESISTOR EXTRACTION
2026-08-20 10:17:15 +0000: Memory Usage (147420K) : Extracting rsil resistor
2026-08-20 10:17:15 +0000: Memory Usage (147568K) : Extracting rppd resistor
2026-08-20 10:17:15 +0000: Memory Usage (147568K) : Extracting rhigh resistor
2026-08-20 10:17:15 +0000: Memory Usage (147568K) : Extracting res_metal1 resistor
2026-08-20 10:17:15 +0000: Memory Usage (147568K) : Extracting res_metal2 resistor
2026-08-20 10:17:15 +0000: Memory Usage (147568K) : Extracting res_metal3 resistor
2026-08-20 10:17:15 +0000: Memory Usage (147568K) : Extracting res_metal4 resistor
2026-08-20 10:17:15 +0000: Memory Usage (147568K) : Extracting res_metal5 resistor
2026-08-20 10:17:15 +0000: Memory Usage (147568K) : Extracting res_topmetal1 resistor
2026-08-20 10:17:15 +0000: Memory Usage (147568K) : Extracting res_topmetal2 resistor
2026-08-20 10:17:15 +0000: Memory Usage (147568K) : Starting CAP EXTRACTION
2026-08-20 10:17:15 +0000: Memory Usage (147568K) : Extracting cap_cmim device
2026-08-20 10:17:15 +0000: Memory Usage (147568K) : Extracting rfcmim device
2026-08-20 10:17:15 +0000: Memory Usage (147568K) : Extracting sg13_hv_svaricap varactor
2026-08-20 10:17:15 +0000: Memory Usage (147568K) : Extracting cap_cmomi device
2026-08-20 10:17:15 +0000: Memory Usage (147568K) : Extracting cap_cmomf device
2026-08-20 10:17:15 +0000: Memory Usage (147568K) : Extracting sg13_moscap_n capacitor
2026-08-20 10:17:15 +0000: Memory Usage (147568K) : Extracting sg13_moscap_p capacitor
2026-08-20 10:17:15 +0000: Memory Usage (147568K) : Starting ESD EXTRACTION
2026-08-20 10:17:15 +0000: Memory Usage (147568K) : Extracting diodevdd_2kv ESD device
2026-08-20 10:17:15 +0000: Memory Usage (147568K) : Extracting diodevdd_4kv ESD device
2026-08-20 10:17:15 +0000: Memory Usage (147568K) : Extracting diodevss_2kv ESD device
2026-08-20 10:17:15 +0000: Memory Usage (147568K) : Extracting diodevss_4kv ESD device
2026-08-20 10:17:15 +0000: Memory Usage (147568K) : Extracting idiodevdd_2kv ESD device
2026-08-20 10:17:15 +0000: Memory Usage (147568K) : Extracting idiodevdd_4kv ESD device
2026-08-20 10:17:15 +0000: Memory Usage (147568K) : Extracting idiodevss_2kv ESD device
2026-08-20 10:17:15 +0000: Memory Usage (147568K) : Extracting idiodevss_4kv ESD device
2026-08-20 10:17:15 +0000: Memory Usage (147568K) : Extracting nmoscl_2 ESD device
2026-08-20 10:17:15 +0000: Memory Usage (147568K) : Extracting nmoscl_4 ESD device
2026-08-20 10:17:15 +0000: Memory Usage (147568K) : Starting Inductor EXTRACTION
2026-08-20 10:17:15 +0000: Memory Usage (147568K) : Extracting Inductor2 device
2026-08-20 10:17:15 +0000: Memory Usage (147696K) : Extracting Inductor3 device
2026-08-20 10:17:15 +0000: Memory Usage (147696K) : Starting Taps EXTRACTION
2026-08-20 10:17:15 +0000: Memory Usage (147696K) : DISABLE_TAP_EXTRACTION is enabled: skipping ntap1/ptap1 device extraction.
2026-08-20 10:17:15 +0000: Memory Usage (147696K) : Starting SG13G2 LVS RF MOS Model Mapping
2026-08-20 10:17:15 +0000: Memory Usage (147696K) : [layout_netlist] Apply RF MOS model mapping and rfmode parameter.
2026-08-20 10:17:15 +0000: Memory Usage (147696K) : Starting SG13G2 LVS Options Preparations
2026-08-20 10:17:15 +0000: Memory Usage (147696K) : SG13G2 LVS flow: extraction -> alignment -> option preparation -> comparison.
2026-08-20 10:17:15 +0000: Memory Usage (147696K) : Starting SG13G2 LVS Alignment
2026-08-20 10:17:15 +0000: Memory Usage (147696K) : Starting SG13G2 LVS Simplification
2026-08-20 10:17:15 +0000: Memory Usage (147696K) : [layout_netlist] simplify: ENABLED
2026-08-20 10:17:15 +0000: Memory Usage (147696K) : [layout_netlist] make_top_level_pins: SKIPPED
2026-08-20 10:17:15 +0000: Memory Usage (147696K) : [layout_netlist] combine_devices: SKIPPED
2026-08-20 10:17:15 +0000: Memory Usage (147696K) : [layout_netlist] purge: SKIPPED
2026-08-20 10:17:15 +0000: Memory Usage (147696K) : [layout_netlist] purge_nets: SKIPPED
2026-08-20 10:17:15 +0000: Memory Usage (147696K) : [schematic_netlist] simplify: ENABLED
2026-08-20 10:17:15 +0000: Memory Usage (147696K) : [schematic_netlist] make_top_level_pins: SKIPPED
2026-08-20 10:17:15 +0000: Memory Usage (147696K) : [schematic_netlist] combine_devices: SKIPPED
2026-08-20 10:17:15 +0000: Memory Usage (147696K) : [schematic_netlist] purge: SKIPPED
2026-08-20 10:17:15 +0000: Memory Usage (147696K) : [schematic_netlist] purge_nets: SKIPPED
2026-08-20 10:17:15 +0000: Memory Usage (147696K) : Starting SG13G2 LVS Comparison
2026-08-20 10:17:15 +0000: Memory Usage (147824K) : xxxxxxxxxxxxxxxxxxxxxxxxxxxxxxxxxxxxxxxxxx
2026-08-20 10:17:15 +0000: Memory Usage (147824K) : ERROR : Netlists don't match
2026-08-20 10:17:15 +0000: Memory Usage (147824K) : xxxxxxxxxxxxxxxxxxxxxxxxxxxxxxxxxxxxxxxxxx
2026-08-20 10:17:15 +0000: Memory Usage (147824K) : LVS Total Run time 2.621598 seconds

--- stderr ---
20-Aug-2026 10:17:12 | INFO    | Your Klayout version is: KLayout 0.30.5 (required >= 0.30.5)
20-Aug-2026 10:17:12 | INFO    | Running SG13G2 LVS checks on design /workspace/layout/blocks/out/driver_stage/lvs_probe5/full/driver_dut.gds on cell driver_dut
20-Aug-2026 10:17:15 | INFO    | ==============================================================================
20-Aug-2026 10:17:15 | INFO    | Important Summary
20-Aug-2026 10:17:15 | INFO    | +------------------+---------------------------------------------------------------+
20-Aug-2026 10:17:15 | INFO    | | Status           | FAIL                                                          |
20-Aug-2026 10:17:15 | INFO    | | Mode             | COMPARE                                                       |
20-Aug-2026 10:17:15 | INFO    | | Outcome          | Comparison mode: FAIL (netlists do not match).                |
20-Aug-2026 10:17:15 | INFO    | | Layout           | driver_dut.gds                                                |
20-Aug-2026 10:17:15 | INFO    | | Top Cell         | driver_dut                                                    |
20-Aug-2026 10:17:15 | INFO    | | Results Dir      | /workspace/layout/blocks/out/driver_stage/lvs_probe5/full/lvs |
20-Aug-2026 10:17:15 | INFO    | | Warnings         | 0                                                             |
20-Aug-2026 10:17:15 | INFO    | | Errors           | 1                                                             |
20-Aug-2026 10:17:15 | INFO    | | Run Time (s)     | 2.949                                                         |
20-Aug-2026 10:17:15 | INFO    | +------------------+---------------------------------------------------------------+
20-Aug-2026 10:17:15 | ERROR   | Key errors:
20-Aug-2026 10:17:15 | ERROR   |   - 2026-08-20 10:17:15 +0000: Memory Usage (147824K) : ERROR : Netlists don't match
20-Aug-2026 10:17:15 | INFO    | ==============================================================================

