$ /home/ubuntu/.local/share/ihp-eda/venv/bin/python /home/ubuntu/.local/share/ihp-eda/IHP-Open-PDK/ihp-sg13g2/libs.tech/klayout/tech/lvs/run_lvs.py --layout=/workspace/layout/blocks/out/driver_stage/bisect_run/_probe2_esd_channel_no_ties/driver_dut.gds --netlist=/workspace/layout/blocks/out/driver_stage/bisect_run/_probe2_esd_channel_no_ties/driver_dut.cdl --run_dir=/workspace/layout/blocks/out/driver_stage/bisect_run/_probe2_esd_channel_no_ties/lvs --run_mode=deep --topcell=driver_dut --implicit_nets=sub,sub! --ignore_top_ports_mismatch --disable_tap_extraction

--- stdout ---
2026-08-20 19:00:18 +0000: Memory Usage (129180K) : Starting running SG13G2 Klayout LVS runset on /workspace/layout/blocks/out/driver_stage/bisect_run/_probe2_esd_channel_no_ties/driver_dut.gds
2026-08-20 19:00:18 +0000: Memory Usage (129180K) : Ruby Version for klayout: 3.2.3
2026-08-20 19:00:18 +0000: Memory Usage (130452K) : Loading database to memory is complete.
2026-08-20 19:00:18 +0000: Memory Usage (130452K) : SG13G2 Klayout LVS runset output at: /workspace/layout/blocks/out/driver_stage/bisect_run/_probe2_esd_channel_no_ties/lvs/driver_dut.lvsdb
2026-08-20 19:00:18 +0000: Memory Usage (130452K) : Evaluate switches.
2026-08-20 19:00:18 +0000: Memory Usage (130452K) : Extracted netlist with net names: true
2026-08-20 19:00:18 +0000: Memory Usage (130452K) : Extracted netlist with comments in details: false
2026-08-20 19:00:18 +0000: Memory Usage (130452K) : Selected NET_ONLY option: false
2026-08-20 19:00:18 +0000: Memory Usage (130452K) : Selected LAYOUT_NETLIST option: (none)
2026-08-20 19:00:18 +0000: Memory Usage (130452K) : Selected IGNORE_TOP_PORTS_MISMATCH option: true
2026-08-20 19:00:18 +0000: Memory Usage (130452K) : Selected IMPLICIT_NETS option: sub,sub!
2026-08-20 19:00:18 +0000: Memory Usage (130452K) : Selected TOP_LVL_PINS option: false
2026-08-20 19:00:18 +0000: Memory Usage (130452K) : Selected COMBINE DEVICES option: false
2026-08-20 19:00:18 +0000: Memory Usage (130452K) : Selected PURGE option: false
2026-08-20 19:00:18 +0000: Memory Usage (130452K) : Selected PURGE_NETS option: false
2026-08-20 19:00:18 +0000: Memory Usage (130452K) : Selected SIMPLIFY option: true
2026-08-20 19:00:18 +0000: Memory Usage (130452K) : Selected SERIES_RES option: true
2026-08-20 19:00:18 +0000: Memory Usage (130452K) : Selected PARALLEL_RES option: true
2026-08-20 19:00:18 +0000: Memory Usage (130452K) : Selected DISABLE_TAP_EXTRACTION option: true
2026-08-20 19:00:18 +0000: Memory Usage (130452K) : deep  mode is enabled.
2026-08-20 19:00:18 +0000: Memory Usage (130452K) : Applying implicit connections (case-sensitive, pattern supported) for nets: sub, sub!
2026-08-20 19:00:18 +0000: Memory Usage (131740K) : Netlist file: /workspace/layout/blocks/out/driver_stage/bisect_run/_probe2_esd_channel_no_ties/driver_dut.cdl
2026-08-20 19:00:18 +0000: Memory Usage (131740K) : LVS extracted netlist at: /workspace/layout/blocks/out/driver_stage/bisect_run/_probe2_esd_channel_no_ties/lvs/driver_dut_extracted.cir
2026-08-20 19:00:18 +0000: Memory Usage (131740K) : Applying SRAM integration support.
2026-08-20 19:00:18 +0000: Memory Usage (131740K) : Starting SG13G2 LVS runset
2026-08-20 19:00:18 +0000: Memory Usage (131740K) : Read in polygons from layers.
2026-08-20 19:00:18 +0000: Memory Usage (133020K) : activ_drw has 893 polygons
2026-08-20 19:00:18 +0000: Memory Usage (133020K) : activ_filler has 0 polygons
2026-08-20 19:00:18 +0000: Memory Usage (133148K) : activ has 893 polygons
2026-08-20 19:00:18 +0000: Memory Usage (133148K) : activ_pin has 0 polygons
2026-08-20 19:00:18 +0000: Memory Usage (133148K) : activ_mask has 4 polygons
2026-08-20 19:00:18 +0000: Memory Usage (133148K) : activ_nofill has 0 polygons
2026-08-20 19:00:18 +0000: Memory Usage (133148K) : activ_OPC has 0 polygons
2026-08-20 19:00:18 +0000: Memory Usage (133148K) : activ_iOPC has 0 polygons
2026-08-20 19:00:18 +0000: Memory Usage (133148K) : activ_noqrc has 0 polygons
2026-08-20 19:00:18 +0000: Memory Usage (133172K) : biwind_drw has 0 polygons
2026-08-20 19:00:18 +0000: Memory Usage (133684K) : biwind_OPC has 0 polygons
2026-08-20 19:00:18 +0000: Memory Usage (133684K) : gatpoly_drw has 123 polygons
2026-08-20 19:00:18 +0000: Memory Usage (133684K) : gatpoly_filler has 0 polygons
2026-08-20 19:00:18 +0000: Memory Usage (133684K) : gatpoly has 123 polygons
2026-08-20 19:00:18 +0000: Memory Usage (133684K) : gatpoly_pin has 119 polygons
2026-08-20 19:00:18 +0000: Memory Usage (133684K) : gatpoly_nofill has 0 polygons
2026-08-20 19:00:18 +0000: Memory Usage (133684K) : gatpoly_OPC has 0 polygons
2026-08-20 19:00:18 +0000: Memory Usage (133684K) : gatpoly_iOPC has 0 polygons
2026-08-20 19:00:18 +0000: Memory Usage (133684K) : gatpoly_noqrc has 0 polygons
2026-08-20 19:00:18 +0000: Memory Usage (133684K) : cont_drw has 13150 polygons
2026-08-20 19:00:18 +0000: Memory Usage (133684K) : cont_OPC has 0 polygons
2026-08-20 19:00:18 +0000: Memory Usage (133684K) : nsd_drw has 0 polygons
2026-08-20 19:00:18 +0000: Memory Usage (133684K) : nsd_block has 4 polygons
2026-08-20 19:00:18 +0000: Memory Usage (133684K) : metal1_drw has 1515 polygons
2026-08-20 19:00:18 +0000: Memory Usage (133684K) : metal1_filler has 0 polygons
2026-08-20 19:00:18 +0000: Memory Usage (133684K) : metal1_slit has 0 polygons
2026-08-20 19:00:18 +0000: Memory Usage (133812K) : metal1 has 1515 polygons
2026-08-20 19:00:18 +0000: Memory Usage (133812K) : metal1_pin has 746 polygons
2026-08-20 19:00:18 +0000: Memory Usage (133812K) : metal1_mask has 0 polygons
2026-08-20 19:00:18 +0000: Memory Usage (133812K) : metal1_nofill has 0 polygons
2026-08-20 19:00:18 +0000: Memory Usage (134068K) : metal1_text has 3 polygons
2026-08-20 19:00:18 +0000: Memory Usage (134068K) : metal1_OPC has 0 polygons
2026-08-20 19:00:18 +0000: Memory Usage (134068K) : metal1_noqrc has 0 polygons
2026-08-20 19:00:18 +0000: Memory Usage (134196K) : metal1_res has 0 polygons
2026-08-20 19:00:18 +0000: Memory Usage (134196K) : metal1_iprobe has 0 polygons
2026-08-20 19:00:18 +0000: Memory Usage (134324K) : metal1_diffprb has 0 polygons
2026-08-20 19:00:18 +0000: Memory Usage (134324K) : passiv_drw has 2 polygons
2026-08-20 19:00:18 +0000: Memory Usage (134324K) : passiv_pin has 0 polygons
2026-08-20 19:00:18 +0000: Memory Usage (134452K) : passiv_sbump has 0 polygons
2026-08-20 19:00:18 +0000: Memory Usage (134452K) : passiv_pillar has 0 polygons
2026-08-20 19:00:18 +0000: Memory Usage (134452K) : passiv_pdl has 0 polygons
2026-08-20 19:00:18 +0000: Memory Usage (134580K) : metal2_drw has 510 polygons
2026-08-20 19:00:18 +0000: Memory Usage (134580K) : metal2_filler has 0 polygons
2026-08-20 19:00:18 +0000: Memory Usage (134580K) : metal2_slit has 0 polygons
2026-08-20 19:00:18 +0000: Memory Usage (134708K) : metal2 has 510 polygons
2026-08-20 19:00:18 +0000: Memory Usage (134708K) : metal2_pin has 10 polygons
2026-08-20 19:00:18 +0000: Memory Usage (134836K) : metal2_mask has 0 polygons
2026-08-20 19:00:18 +0000: Memory Usage (134836K) : metal2_nofill has 0 polygons
2026-08-20 19:00:18 +0000: Memory Usage (134836K) : metal2_text has 3 polygons
2026-08-20 19:00:18 +0000: Memory Usage (134964K) : metal2_OPC has 0 polygons
2026-08-20 19:00:18 +0000: Memory Usage (134964K) : metal2_noqrc has 0 polygons
2026-08-20 19:00:18 +0000: Memory Usage (134964K) : metal2_res has 0 polygons
2026-08-20 19:00:18 +0000: Memory Usage (134964K) : metal2_iprobe has 0 polygons
2026-08-20 19:00:18 +0000: Memory Usage (135092K) : metal2_diffprb has 0 polygons
2026-08-20 19:00:18 +0000: Memory Usage (135092K) : baspoly_drw has 0 polygons
2026-08-20 19:00:18 +0000: Memory Usage (135092K) : baspoly_pin has 0 polygons
2026-08-20 19:00:18 +0000: Memory Usage (135092K) : psd_drw has 514 polygons
2026-08-20 19:00:18 +0000: Memory Usage (135220K) : nldb_drw has 0 polygons
2026-08-20 19:00:18 +0000: Memory Usage (135220K) : digibnd_drw has 0 polygons
2026-08-20 19:00:18 +0000: Memory Usage (135220K) : via1_drw has 6612 polygons
2026-08-20 19:00:18 +0000: Memory Usage (135220K) : backmetal1_drw has 0 polygons
2026-08-20 19:00:18 +0000: Memory Usage (135348K) : backmetal1_pin has 0 polygons
2026-08-20 19:00:18 +0000: Memory Usage (135348K) : backmetal1_mask has 0 polygons
2026-08-20 19:00:18 +0000: Memory Usage (135348K) : backmetal1_filler has 0 polygons
2026-08-20 19:00:18 +0000: Memory Usage (135348K) : backmetal1_nofill has 0 polygons
2026-08-20 19:00:18 +0000: Memory Usage (135476K) : backmetal1_slit has 0 polygons
2026-08-20 19:00:18 +0000: Memory Usage (135476K) : backmetal1_text has 0 polygons
2026-08-20 19:00:18 +0000: Memory Usage (135476K) : backmetal1_OPC has 0 polygons
2026-08-20 19:00:18 +0000: Memory Usage (135476K) : backmetal1_noqrc has 0 polygons
2026-08-20 19:00:18 +0000: Memory Usage (135604K) : backmetal1_res has 0 polygons
2026-08-20 19:00:18 +0000: Memory Usage (135604K) : backmetal1_iprobe has 0 polygons
2026-08-20 19:00:18 +0000: Memory Usage (135604K) : backmetal1_diffprb has 0 polygons
2026-08-20 19:00:18 +0000: Memory Usage (135604K) : backpassiv_drw has 0 polygons
2026-08-20 19:00:18 +0000: Memory Usage (135732K) : res_drw has 0 polygons
2026-08-20 19:00:18 +0000: Memory Usage (135732K) : sram_drw has 0 polygons
2026-08-20 19:00:18 +0000: Memory Usage (135732K) : trans_drw has 2 polygons
2026-08-20 19:00:18 +0000: Memory Usage (135732K) : ind_drw has 0 polygons
2026-08-20 19:00:18 +0000: Memory Usage (135860K) : ind_pin has 0 polygons
2026-08-20 19:00:18 +0000: Memory Usage (135860K) : ind_text has 0 polygons
2026-08-20 19:00:18 +0000: Memory Usage (135860K) : salblock_drw has 0 polygons
2026-08-20 19:00:18 +0000: Memory Usage (135860K) : via2_drw has 12 polygons
2026-08-20 19:00:18 +0000: Memory Usage (135988K) : metal3_drw has 13 polygons
2026-08-20 19:00:18 +0000: Memory Usage (135988K) : metal3_filler has 0 polygons
2026-08-20 19:00:18 +0000: Memory Usage (135988K) : metal3_slit has 0 polygons
2026-08-20 19:00:18 +0000: Memory Usage (136116K) : metal3 has 13 polygons
2026-08-20 19:00:18 +0000: Memory Usage (136116K) : metal3_pin has 0 polygons
2026-08-20 19:00:18 +0000: Memory Usage (136116K) : metal3_mask has 0 polygons
2026-08-20 19:00:18 +0000: Memory Usage (136116K) : metal3_nofill has 0 polygons
2026-08-20 19:00:18 +0000: Memory Usage (136244K) : metal3_text has 0 polygons
2026-08-20 19:00:18 +0000: Memory Usage (136244K) : metal3_OPC has 0 polygons
2026-08-20 19:00:18 +0000: Memory Usage (136244K) : metal3_noqrc has 0 polygons
2026-08-20 19:00:18 +0000: Memory Usage (136244K) : metal3_res has 0 polygons
2026-08-20 19:00:18 +0000: Memory Usage (136372K) : metal3_iprobe has 0 polygons
2026-08-20 19:00:18 +0000: Memory Usage (136372K) : metal3_diffprb has 0 polygons
2026-08-20 19:00:18 +0000: Memory Usage (136372K) : nwell_drw has 10 polygons
2026-08-20 19:00:18 +0000: Memory Usage (136372K) : nwell_pin has 0 polygons
2026-08-20 19:00:18 +0000: Memory Usage (136372K) : nwell_text has 0 polygons
2026-08-20 19:00:18 +0000: Memory Usage (136372K) : nbulay_drw has 0 polygons
2026-08-20 19:00:18 +0000: Memory Usage (136372K) : nbulay_pin has 0 polygons
2026-08-20 19:00:18 +0000: Memory Usage (136372K) : nbulay_block has 0 polygons
2026-08-20 19:00:18 +0000: Memory Usage (136372K) : emwind_drw has 4 polygons
2026-08-20 19:00:18 +0000: Memory Usage (136372K) : emwind_OPC has 0 polygons
2026-08-20 19:00:18 +0000: Memory Usage (136372K) : deepco_drw has 0 polygons
2026-08-20 19:00:18 +0000: Memory Usage (136372K) : mim_drw has 0 polygons
2026-08-20 19:00:18 +0000: Memory Usage (136372K) : edgeseal_drw has 0 polygons
2026-08-20 19:00:18 +0000: Memory Usage (136372K) : substrate_drw has 500 polygons
2026-08-20 19:00:18 +0000: Memory Usage (136372K) : substrate_text has 0 polygons
2026-08-20 19:00:18 +0000: Memory Usage (136372K) : dfpad_drw has 2 polygons
2026-08-20 19:00:18 +0000: Memory Usage (136500K) : dfpad_pillar has 0 polygons
2026-08-20 19:00:18 +0000: Memory Usage (136500K) : dfpad_sbump has 0 polygons
2026-08-20 19:00:18 +0000: Memory Usage (136500K) : thickgateox_drw has 0 polygons
2026-08-20 19:00:18 +0000: Memory Usage (136500K) : pldb_drw has 0 polygons
2026-08-20 19:00:18 +0000: Memory Usage (136500K) : pwell_drw has 0 polygons
2026-08-20 19:00:18 +0000: Memory Usage (136500K) : pwell_pin has 0 polygons
2026-08-20 19:00:18 +0000: Memory Usage (136628K) : pwell_block has 0 polygons
2026-08-20 19:00:18 +0000: Memory Usage (136628K) : ic_drw has 0 polygons
2026-08-20 19:00:18 +0000: Memory Usage (136628K) : via3_drw has 997 polygons
2026-08-20 19:00:18 +0000: Memory Usage (136628K) : metal4_drw has 15 polygons
2026-08-20 19:00:18 +0000: Memory Usage (136628K) : metal4_filler has 0 polygons
2026-08-20 19:00:18 +0000: Memory Usage (136756K) : metal4_slit has 0 polygons
2026-08-20 19:00:18 +0000: Memory Usage (136756K) : metal4 has 15 polygons
2026-08-20 19:00:18 +0000: Memory Usage (136756K) : metal4_pin has 0 polygons
2026-08-20 19:00:18 +0000: Memory Usage (136756K) : metal4_mask has 0 polygons
2026-08-20 19:00:18 +0000: Memory Usage (136756K) : metal4_nofill has 0 polygons
2026-08-20 19:00:18 +0000: Memory Usage (136756K) : metal4_text has 3 polygons
2026-08-20 19:00:18 +0000: Memory Usage (136884K) : metal4_OPC has 0 polygons
2026-08-20 19:00:18 +0000: Memory Usage (136884K) : metal4_noqrc has 0 polygons
2026-08-20 19:00:18 +0000: Memory Usage (136884K) : metal4_res has 0 polygons
2026-08-20 19:00:18 +0000: Memory Usage (136884K) : metal4_iprobe has 0 polygons
2026-08-20 19:00:18 +0000: Memory Usage (136884K) : metal4_diffprb has 0 polygons
2026-08-20 19:00:18 +0000: Memory Usage (136884K) : heattrans_drw has 123 polygons
2026-08-20 19:00:18 +0000: Memory Usage (137012K) : heatres_drw has 0 polygons
2026-08-20 19:00:18 +0000: Memory Usage (137012K) : fbe_drw has 0 polygons
2026-08-20 19:00:18 +0000: Memory Usage (137012K) : empoly_drw has 0 polygons
2026-08-20 19:00:18 +0000: Memory Usage (137012K) : digisub_drw has 0 polygons
2026-08-20 19:00:18 +0000: Memory Usage (137012K) : text_drw has 645 polygons
2026-08-20 19:00:18 +0000: Memory Usage (137012K) : via4_drw has 991 polygons
2026-08-20 19:00:18 +0000: Memory Usage (137140K) : metal5_drw has 16 polygons
2026-08-20 19:00:18 +0000: Memory Usage (137140K) : metal5_filler has 0 polygons
2026-08-20 19:00:18 +0000: Memory Usage (137140K) : metal5_slit has 0 polygons
2026-08-20 19:00:18 +0000: Memory Usage (137140K) : metal5 has 16 polygons
2026-08-20 19:00:18 +0000: Memory Usage (137140K) : metal5_pin has 0 polygons
2026-08-20 19:00:18 +0000: Memory Usage (137140K) : metal5_mask has 0 polygons
2026-08-20 19:00:18 +0000: Memory Usage (137140K) : metal5_nofill has 0 polygons
2026-08-20 19:00:18 +0000: Memory Usage (137268K) : metal5_text has 0 polygons
2026-08-20 19:00:18 +0000: Memory Usage (137268K) : metal5_OPC has 0 polygons
2026-08-20 19:00:18 +0000: Memory Usage (137268K) : metal5_noqrc has 0 polygons
2026-08-20 19:00:18 +0000: Memory Usage (137268K) : metal5_res has 0 polygons
2026-08-20 19:00:18 +0000: Memory Usage (137268K) : metal5_iprobe has 0 polygons
2026-08-20 19:00:18 +0000: Memory Usage (137268K) : metal5_diffprb has 0 polygons
2026-08-20 19:00:18 +0000: Memory Usage (137396K) : radhard_drw has 0 polygons
2026-08-20 19:00:18 +0000: Memory Usage (137396K) : memcap_drw has 0 polygons
2026-08-20 19:00:18 +0000: Memory Usage (137396K) : varicap_drw has 0 polygons
2026-08-20 19:00:18 +0000: Memory Usage (137396K) : intbondvia_drw has 0 polygons
2026-08-20 19:00:18 +0000: Memory Usage (137396K) : intbondmet_drw has 0 polygons
2026-08-20 19:00:18 +0000: Memory Usage (137396K) : devbondvia_drw has 0 polygons
2026-08-20 19:00:18 +0000: Memory Usage (137524K) : devbondmet_drw has 0 polygons
2026-08-20 19:00:18 +0000: Memory Usage (137524K) : devtrench_drw has 0 polygons
2026-08-20 19:00:18 +0000: Memory Usage (137524K) : redist_drw has 0 polygons
2026-08-20 19:00:18 +0000: Memory Usage (137524K) : graphbot_drw has 0 polygons
2026-08-20 19:00:18 +0000: Memory Usage (137524K) : graphtop_drw has 0 polygons
2026-08-20 19:00:18 +0000: Memory Usage (137524K) : antvia1_drw has 0 polygons
2026-08-20 19:00:18 +0000: Memory Usage (137652K) : antmetal2_drw has 0 polygons
2026-08-20 19:00:18 +0000: Memory Usage (137652K) : graphcont_drw has 0 polygons
2026-08-20 19:00:18 +0000: Memory Usage (137652K) : siwg_drw has 0 polygons
2026-08-20 19:00:18 +0000: Memory Usage (137652K) : siwg_filler has 0 polygons
2026-08-20 19:00:18 +0000: Memory Usage (137652K) : siwg_nofill has 0 polygons
2026-08-20 19:00:18 +0000: Memory Usage (137780K) : sigrating_drw has 0 polygons
2026-08-20 19:00:18 +0000: Memory Usage (137780K) : singrating_drw has 0 polygons
2026-08-20 19:00:18 +0000: Memory Usage (137780K) : graphpas_drw has 0 polygons
2026-08-20 19:00:18 +0000: Memory Usage (137780K) : emwind3_drw has 0 polygons
2026-08-20 19:00:18 +0000: Memory Usage (137780K) : emwihv3_drw has 0 polygons
2026-08-20 19:00:18 +0000: Memory Usage (137908K) : redbulay_drw has 0 polygons
2026-08-20 19:00:18 +0000: Memory Usage (137908K) : smos_drw has 0 polygons
2026-08-20 19:00:18 +0000: Memory Usage (137908K) : graphpad_drw has 0 polygons
2026-08-20 19:00:18 +0000: Memory Usage (137908K) : polimide_drw has 0 polygons
2026-08-20 19:00:18 +0000: Memory Usage (137908K) : polimide_pin has 0 polygons
2026-08-20 19:00:18 +0000: Memory Usage (137908K) : recog_drw has 0 polygons
2026-08-20 19:00:18 +0000: Memory Usage (138036K) : recog_pin has 0 polygons
2026-08-20 19:00:18 +0000: Memory Usage (138036K) : recog_esd has 4 polygons
2026-08-20 19:00:18 +0000: Memory Usage (138036K) : recog_diode has 0 polygons
2026-08-20 19:00:18 +0000: Memory Usage (138036K) : recog_tsv has 0 polygons
2026-08-20 19:00:18 +0000: Memory Usage (138036K) : recog_iprobe has 0 polygons
2026-08-20 19:00:18 +0000: Memory Usage (138036K) : recog_diffprb has 0 polygons
2026-08-20 19:00:18 +0000: Memory Usage (138164K) : recog_pillar has 0 polygons
2026-08-20 19:00:18 +0000: Memory Usage (138164K) : recog_sbump has 0 polygons
2026-08-20 19:00:18 +0000: Memory Usage (138164K) : recog_otp has 0 polygons
2026-08-20 19:00:18 +0000: Memory Usage (138164K) : recog_pdiode has 0 polygons
2026-08-20 19:00:18 +0000: Memory Usage (138164K) : recog_mom has 0 polygons
2026-08-20 19:00:18 +0000: Memory Usage (138292K) : recog_momf has 0 polygons
2026-08-20 19:00:18 +0000: Memory Usage (138292K) : recog_pcm has 0 polygons
2026-08-20 19:00:18 +0000: Memory Usage (138292K) : colopen_drw has 0 polygons
2026-08-20 19:00:18 +0000: Memory Usage (138292K) : graphmetal1_drw has 0 polygons
2026-08-20 19:00:18 +0000: Memory Usage (138292K) : graphmetal1_filler has 0 polygons
2026-08-20 19:00:18 +0000: Memory Usage (138292K) : graphmetal1_nofill has 0 polygons
2026-08-20 19:00:18 +0000: Memory Usage (138420K) : graphmetal1_slit has 0 polygons
2026-08-20 19:00:18 +0000: Memory Usage (138420K) : graphmetal1_OPC has 0 polygons
2026-08-20 19:00:18 +0000: Memory Usage (138420K) : graphmet1l_drw has 0 polygons
2026-08-20 19:00:18 +0000: Memory Usage (138420K) : graphmet1l_filler has 0 polygons
2026-08-20 19:00:18 +0000: Memory Usage (138420K) : graphmet1l_nofill has 0 polygons
2026-08-20 19:00:18 +0000: Memory Usage (138420K) : graphmet1l_slit has 0 polygons
2026-08-20 19:00:18 +0000: Memory Usage (138548K) : graphmet1l_OPC has 0 polygons
2026-08-20 19:00:18 +0000: Memory Usage (138548K) : extblock_drw has 0 polygons
2026-08-20 19:00:18 +0000: Memory Usage (138548K) : nldd_drw has 0 polygons
2026-08-20 19:00:18 +0000: Memory Usage (138548K) : pldd_drw has 0 polygons
2026-08-20 19:00:18 +0000: Memory Usage (138548K) : next_drw has 0 polygons
2026-08-20 19:00:18 +0000: Memory Usage (138676K) : pext_drw has 0 polygons
2026-08-20 19:00:18 +0000: Memory Usage (138676K) : nexthv_drw has 0 polygons
2026-08-20 19:00:18 +0000: Memory Usage (138676K) : pexthv_drw has 0 polygons
2026-08-20 19:00:18 +0000: Memory Usage (138676K) : graphgate_drw has 0 polygons
2026-08-20 19:00:18 +0000: Memory Usage (138804K) : sinwg_drw has 0 polygons
2026-08-20 19:00:18 +0000: Memory Usage (138804K) : sinwg_filler has 0 polygons
2026-08-20 19:00:18 +0000: Memory Usage (138804K) : sinwg_nofill has 0 polygons
2026-08-20 19:00:18 +0000: Memory Usage (138804K) : mempad_drw has 0 polygons
2026-08-20 19:00:18 +0000: Memory Usage (138932K) : topvia1_drw has 473 polygons
2026-08-20 19:00:18 +0000: Memory Usage (138932K) : topmetal1_drw has 47 polygons
2026-08-20 19:00:18 +0000: Memory Usage (138932K) : topmetal1_filler has 0 polygons
2026-08-20 19:00:18 +0000: Memory Usage (138932K) : topmetal1_slit has 0 polygons
2026-08-20 19:00:18 +0000: Memory Usage (138932K) : topmetal1 has 47 polygons
2026-08-20 19:00:18 +0000: Memory Usage (138932K) : topmetal1_pin has 0 polygons
2026-08-20 19:00:18 +0000: Memory Usage (139060K) : topmetal1_mask has 0 polygons
2026-08-20 19:00:18 +0000: Memory Usage (139060K) : topmetal1_nofill has 0 polygons
2026-08-20 19:00:18 +0000: Memory Usage (139060K) : topmetal1_text has 0 polygons
2026-08-20 19:00:18 +0000: Memory Usage (139060K) : topmetal1_noqrc has 0 polygons
2026-08-20 19:00:18 +0000: Memory Usage (139060K) : topmetal1_res has 0 polygons
2026-08-20 19:00:18 +0000: Memory Usage (139060K) : topmetal1_iprobe has 0 polygons
2026-08-20 19:00:18 +0000: Memory Usage (139188K) : topmetal1_diffprb has 0 polygons
2026-08-20 19:00:18 +0000: Memory Usage (139188K) : inldpwl_drw has 0 polygons
2026-08-20 19:00:18 +0000: Memory Usage (139188K) : polyres_drw has 0 polygons
2026-08-20 19:00:18 +0000: Memory Usage (139188K) : polyres_pin has 0 polygons
2026-08-20 19:00:18 +0000: Memory Usage (139188K) : vmim_drw has 0 polygons
2026-08-20 19:00:18 +0000: Memory Usage (139316K) : nbulaycut_drw has 0 polygons
2026-08-20 19:00:18 +0000: Memory Usage (139316K) : antmetal1_drw has 0 polygons
2026-08-20 19:00:18 +0000: Memory Usage (139316K) : topvia2_drw has 227 polygons
2026-08-20 19:00:18 +0000: Memory Usage (139316K) : topmetal2_drw has 43 polygons
2026-08-20 19:00:18 +0000: Memory Usage (139316K) : topmetal2_filler has 0 polygons
2026-08-20 19:00:18 +0000: Memory Usage (139444K) : topmetal2_slit has 0 polygons
2026-08-20 19:00:18 +0000: Memory Usage (139444K) : topmetal2 has 43 polygons
2026-08-20 19:00:18 +0000: Memory Usage (139444K) : topmetal2_pin has 0 polygons
2026-08-20 19:00:18 +0000: Memory Usage (139444K) : topmetal2_mask has 0 polygons
2026-08-20 19:00:18 +0000: Memory Usage (139572K) : topmetal2_nofill has 0 polygons
2026-08-20 19:00:18 +0000: Memory Usage (139572K) : topmetal2_text has 6 polygons
2026-08-20 19:00:18 +0000: Memory Usage (139572K) : topmetal2_noqrc has 0 polygons
2026-08-20 19:00:18 +0000: Memory Usage (139700K) : topmetal2_res has 0 polygons
2026-08-20 19:00:18 +0000: Memory Usage (139700K) : topmetal2_iprobe has 0 polygons
2026-08-20 19:00:18 +0000: Memory Usage (139700K) : topmetal2_diffprb has 0 polygons
2026-08-20 19:00:18 +0000: Memory Usage (139828K) : snsring_drw has 0 polygons
2026-08-20 19:00:18 +0000: Memory Usage (139828K) : sensor_drw has 0 polygons
2026-08-20 19:00:18 +0000: Memory Usage (139828K) : snsarms_drw has 0 polygons
2026-08-20 19:00:18 +0000: Memory Usage (139828K) : snscmosvia_drw has 0 polygons
2026-08-20 19:00:18 +0000: Memory Usage (139956K) : colwind_drw has 0 polygons
2026-08-20 19:00:18 +0000: Memory Usage (139956K) : flm_drw has 0 polygons
2026-08-20 19:00:18 +0000: Memory Usage (139956K) : hafniumox_drw has 0 polygons
2026-08-20 19:00:18 +0000: Memory Usage (139956K) : memvia_drw has 0 polygons
2026-08-20 19:00:18 +0000: Memory Usage (140084K) : thinfilmres_drw has 0 polygons
2026-08-20 19:00:18 +0000: Memory Usage (140084K) : rfmem_drw has 0 polygons
2026-08-20 19:00:18 +0000: Memory Usage (140084K) : norcx_drw has 0 polygons
2026-08-20 19:00:18 +0000: Memory Usage (140084K) : norcx_m2m3 has 0 polygons
2026-08-20 19:00:18 +0000: Memory Usage (140212K) : norcx_m2m4 has 0 polygons
2026-08-20 19:00:18 +0000: Memory Usage (140212K) : norcx_m2m5 has 0 polygons
2026-08-20 19:00:18 +0000: Memory Usage (140340K) : norcx_m2tm1 has 0 polygons
2026-08-20 19:00:18 +0000: Memory Usage (140340K) : norcx_m2tm2 has 0 polygons
2026-08-20 19:00:18 +0000: Memory Usage (140340K) : norcx_m3m4 has 0 polygons
2026-08-20 19:00:18 +0000: Memory Usage (140468K) : norcx_m3m5 has 0 polygons
2026-08-20 19:00:18 +0000: Memory Usage (140468K) : norcx_m3tm1 has 0 polygons
2026-08-20 19:00:18 +0000: Memory Usage (140468K) : norcx_m3tm2 has 0 polygons
2026-08-20 19:00:18 +0000: Memory Usage (140468K) : norcx_m4m5 has 0 polygons
2026-08-20 19:00:18 +0000: Memory Usage (140468K) : norcx_m4tm1 has 0 polygons
2026-08-20 19:00:18 +0000: Memory Usage (140468K) : norcx_m4tm2 has 0 polygons
2026-08-20 19:00:18 +0000: Memory Usage (140468K) : norcx_m5tm1 has 0 polygons
2026-08-20 19:00:18 +0000: Memory Usage (140468K) : norcx_m5tm2 has 0 polygons
2026-08-20 19:00:18 +0000: Memory Usage (140468K) : norcx_tm1tm2 has 0 polygons
2026-08-20 19:00:18 +0000: Memory Usage (140468K) : norcx_m1sub has 0 polygons
2026-08-20 19:00:18 +0000: Memory Usage (140468K) : norcx_m2sub has 0 polygons
2026-08-20 19:00:18 +0000: Memory Usage (140468K) : norcx_m3sub has 0 polygons
2026-08-20 19:00:18 +0000: Memory Usage (140468K) : norcx_m4sub has 0 polygons
2026-08-20 19:00:18 +0000: Memory Usage (140468K) : norcx_m5sub has 0 polygons
2026-08-20 19:00:18 +0000: Memory Usage (140468K) : norcx_tm1sub has 0 polygons
2026-08-20 19:00:18 +0000: Memory Usage (140468K) : norcx_tm2sub has 0 polygons
2026-08-20 19:00:18 +0000: Memory Usage (140468K) : snsbotvia_drw has 0 polygons
2026-08-20 19:00:18 +0000: Memory Usage (140468K) : snstopvia_drw has 0 polygons
2026-08-20 19:00:18 +0000: Memory Usage (140468K) : deepvia_drw has 0 polygons
2026-08-20 19:00:18 +0000: Memory Usage (140468K) : fgetch_drw has 0 polygons
2026-08-20 19:00:18 +0000: Memory Usage (140468K) : ctrgat_drw has 0 polygons
2026-08-20 19:00:18 +0000: Memory Usage (140468K) : fgimp_drw has 0 polygons
2026-08-20 19:00:18 +0000: Memory Usage (140468K) : emwihv_drw has 0 polygons
2026-08-20 19:00:18 +0000: Memory Usage (140468K) : lbe_drw has 0 polygons
2026-08-20 19:00:18 +0000: Memory Usage (140468K) : alcustop_drw has 0 polygons
2026-08-20 19:00:18 +0000: Memory Usage (140468K) : nometfiller_drw has 0 polygons
2026-08-20 19:00:18 +0000: Memory Usage (140468K) : prboundary_drw has 0 polygons
2026-08-20 19:00:18 +0000: Memory Usage (140468K) : exchange0_drw has 0 polygons
2026-08-20 19:00:18 +0000: Memory Usage (140468K) : exchange0_pin has 0 polygons
2026-08-20 19:00:18 +0000: Memory Usage (140468K) : exchange0_text has 0 polygons
2026-08-20 19:00:18 +0000: Memory Usage (140468K) : exchange1_drw has 0 polygons
2026-08-20 19:00:18 +0000: Memory Usage (140468K) : exchange1_pin has 0 polygons
2026-08-20 19:00:18 +0000: Memory Usage (140468K) : exchange1_text has 0 polygons
2026-08-20 19:00:18 +0000: Memory Usage (140468K) : exchange2_drw has 0 polygons
2026-08-20 19:00:18 +0000: Memory Usage (140468K) : exchange2_pin has 0 polygons
2026-08-20 19:00:18 +0000: Memory Usage (140468K) : exchange2_text has 0 polygons
2026-08-20 19:00:18 +0000: Memory Usage (140468K) : exchange3_drw has 0 polygons
2026-08-20 19:00:18 +0000: Memory Usage (140468K) : exchange3_pin has 0 polygons
2026-08-20 19:00:18 +0000: Memory Usage (140468K) : exchange3_text has 0 polygons
2026-08-20 19:00:18 +0000: Memory Usage (140468K) : exchange4_drw has 0 polygons
2026-08-20 19:00:18 +0000: Memory Usage (140468K) : exchange4_pin has 0 polygons
2026-08-20 19:00:18 +0000: Memory Usage (140468K) : exchange4_text has 0 polygons
2026-08-20 19:00:18 +0000: Memory Usage (140468K) : isonwell_drw has 0 polygons
2026-08-20 19:00:18 +0000: Memory Usage (140468K) : Total no. of polygons in the design is 28341
2026-08-20 19:00:18 +0000: Memory Usage (140468K) : Starting base layers derivations
2026-08-20 19:00:18 +0000: Memory Usage (140468K) : Starting general LVS derivations
2026-08-20 19:00:18 +0000: Memory Usage (144620K) : Starting MOSFET DERIVATIONS
2026-08-20 19:00:18 +0000: Memory Usage (145132K) : Starting NMOS DERIVATIONS
2026-08-20 19:00:18 +0000: Memory Usage (145132K) : Starting PMOS DERIVATIONS
2026-08-20 19:00:18 +0000: Memory Usage (145132K) : Starting RF-MOSFET DERIVATIONS
2026-08-20 19:00:18 +0000: Memory Usage (145132K) : Starting RF-NMOS DERIVATIONS
2026-08-20 19:00:18 +0000: Memory Usage (145132K) : Starting RF-PMOS DERIVATIONS
2026-08-20 19:00:18 +0000: Memory Usage (145132K) : Starting BJT DERIVATIONS
2026-08-20 19:00:18 +0000: Memory Usage (145132K) : Starting NPN-BJT DERIVATIONS
2026-08-20 19:00:18 +0000: Memory Usage (145260K) : Starting PNP-BJT DERIVATIONS
2026-08-20 19:00:18 +0000: Memory Usage (145260K) : Starting DIODE DERIVATIONS
2026-08-20 19:00:18 +0000: Memory Usage (145388K) : Starting RESISTOR DERIVATIONS
2026-08-20 19:00:18 +0000: Memory Usage (145388K) : Starting CAP DERIVATIONS
2026-08-20 19:00:18 +0000: Memory Usage (145388K) : Starting CAP_CMOM DERIVATIONS
2026-08-20 19:00:18 +0000: Memory Usage (145388K) : Starting CAP_CMOMF DERIVATIONS
2026-08-20 19:00:18 +0000: Memory Usage (145388K) : Starting ESD DERIVATIONS
2026-08-20 19:00:19 +0000: Memory Usage (145516K) : Starting Inductor DERIVATIONS
2026-08-20 19:00:19 +0000: Memory Usage (145516K) : Starting Taps DERIVATIONS
2026-08-20 19:00:19 +0000: Memory Usage (145516K) : Starting SG13G2 LVS connectivity setup
2026-08-20 19:00:19 +0000: Memory Usage (145516K) : Starting SG13G2 LVS connectivity setup (Inter-layer)
2026-08-20 19:00:19 +0000: Memory Usage (145644K) : Starting SG13G2 LVS connectivity setup (Global)
2026-08-20 19:00:19 +0000: Memory Usage (145644K) : Starting LVS MOSFET CONNECTIONS
2026-08-20 19:00:19 +0000: Memory Usage (145644K) : Starting LVS RF-MOSFET CONNECTIONS
2026-08-20 19:00:19 +0000: Memory Usage (145644K) : Starting LVS BJT CONNECTIONS
2026-08-20 19:00:19 +0000: Memory Usage (145644K) : Starting LVS DIODE CONNECTIONS
2026-08-20 19:00:19 +0000: Memory Usage (145644K) : Starting RESISTOR CONNECTIONS
2026-08-20 19:00:19 +0000: Memory Usage (145644K) : Starting LVS CAP CONNECTIONS
2026-08-20 19:00:19 +0000: Memory Usage (145644K) : Starting CAP_CMOM CONNECTIONS
2026-08-20 19:00:19 +0000: Memory Usage (145644K) : Starting CAP_CMOMF CONNECTIONS
2026-08-20 19:00:19 +0000: Memory Usage (145644K) : Starting ESD CONNECTIONS
2026-08-20 19:00:19 +0000: Memory Usage (145644K) : Starting Inductor CONNECTIONS
2026-08-20 19:00:19 +0000: Memory Usage (145644K) : Starting LVS Taps CONNECTIONS
2026-08-20 19:00:19 +0000: Memory Usage (145644K) : Starting SG13G2 LVS DEVICES EXTRACTION
2026-08-20 19:00:19 +0000: Memory Usage (145644K) : Starting MOSFET EXTRACTION
2026-08-20 19:00:19 +0000: Memory Usage (145644K) : Starting NMOS EXTRACTION
2026-08-20 19:00:19 +0000: Memory Usage (145644K) : Extraction of NMOS-LV transistor
2026-08-20 19:00:19 +0000: Memory Usage (145900K) : Extraction of NMOS-HV transistor
2026-08-20 19:00:19 +0000: Memory Usage (145900K) : Starting PMOS EXTRACTION
2026-08-20 19:00:19 +0000: Memory Usage (145900K) : Extraction of PMOS-LV transistor
2026-08-20 19:00:19 +0000: Memory Usage (145900K) : Extraction of PMOS-HV transistor
2026-08-20 19:00:19 +0000: Memory Usage (145900K) : Starting RF-MOSFET EXTRACTION
2026-08-20 19:00:19 +0000: Memory Usage (145900K) : Extraction of RF-NMOS-LV transistor
2026-08-20 19:00:19 +0000: Memory Usage (145900K) : Extraction of RF-NMOS-HV transistor
2026-08-20 19:00:19 +0000: Memory Usage (145900K) : Extraction of RF-PMOS-LV transistor
2026-08-20 19:00:19 +0000: Memory Usage (145900K) : Extraction of RF-PMOS-HV transistor
2026-08-20 19:00:19 +0000: Memory Usage (145900K) : Starting BJT EXTRACTION
2026-08-20 19:00:19 +0000: Memory Usage (145900K) : Starting NPN-BJT EXTRACTION
2026-08-20 19:00:19 +0000: Memory Usage (145900K) : Extraction of npn13G2 BJT transistor
2026-08-20 19:00:19 +0000: Memory Usage (145900K) : Extraction of npn13G2L BJT transistor
2026-08-20 19:00:19 +0000: Memory Usage (145900K) : Extraction of npn13G2V BJT transistor
2026-08-20 19:00:19 +0000: Memory Usage (145900K) : Starting PNP-BJT EXTRACTION
2026-08-20 19:00:19 +0000: Memory Usage (145900K) : Extracting pnpMPA BJT
2026-08-20 19:00:19 +0000: Memory Usage (145900K) : Starting DIODE EXTRACTION
2026-08-20 19:00:19 +0000: Memory Usage (145900K) : Extracting dantenna diode
2026-08-20 19:00:19 +0000: Memory Usage (145900K) : Extracting dpantenna diode
2026-08-20 19:00:19 +0000: Memory Usage (145900K) : Extracting schottky_nbl1 diode
2026-08-20 19:00:19 +0000: Memory Usage (145900K) : Extracting isolbox diode
2026-08-20 19:00:19 +0000: Memory Usage (145900K) : Starting RESISTOR EXTRACTION
2026-08-20 19:00:19 +0000: Memory Usage (145900K) : Extracting rsil resistor
2026-08-20 19:00:19 +0000: Memory Usage (145900K) : Extracting rppd resistor
2026-08-20 19:00:19 +0000: Memory Usage (145900K) : Extracting rhigh resistor
2026-08-20 19:00:19 +0000: Memory Usage (145900K) : Extracting res_metal1 resistor
2026-08-20 19:00:19 +0000: Memory Usage (146028K) : Extracting res_metal2 resistor
2026-08-20 19:00:19 +0000: Memory Usage (146028K) : Extracting res_metal3 resistor
2026-08-20 19:00:19 +0000: Memory Usage (146028K) : Extracting res_metal4 resistor
2026-08-20 19:00:19 +0000: Memory Usage (146028K) : Extracting res_metal5 resistor
2026-08-20 19:00:19 +0000: Memory Usage (146028K) : Extracting res_topmetal1 resistor
2026-08-20 19:00:19 +0000: Memory Usage (146028K) : Extracting res_topmetal2 resistor
2026-08-20 19:00:19 +0000: Memory Usage (146028K) : Starting CAP EXTRACTION
2026-08-20 19:00:19 +0000: Memory Usage (146028K) : Extracting cap_cmim device
2026-08-20 19:00:19 +0000: Memory Usage (146028K) : Extracting rfcmim device
2026-08-20 19:00:19 +0000: Memory Usage (146028K) : Extracting sg13_hv_svaricap varactor
2026-08-20 19:00:19 +0000: Memory Usage (146028K) : Extracting cap_cmomi device
2026-08-20 19:00:19 +0000: Memory Usage (146028K) : Extracting cap_cmomf device
2026-08-20 19:00:19 +0000: Memory Usage (146028K) : Extracting sg13_moscap_n capacitor
2026-08-20 19:00:19 +0000: Memory Usage (146028K) : Extracting sg13_moscap_p capacitor
2026-08-20 19:00:19 +0000: Memory Usage (146028K) : Starting ESD EXTRACTION
2026-08-20 19:00:19 +0000: Memory Usage (146028K) : Extracting diodevdd_2kv ESD device
2026-08-20 19:00:19 +0000: Memory Usage (146028K) : Extracting diodevdd_4kv ESD device
2026-08-20 19:00:19 +0000: Memory Usage (146028K) : Extracting diodevss_2kv ESD device
2026-08-20 19:00:19 +0000: Memory Usage (146028K) : Extracting diodevss_4kv ESD device
2026-08-20 19:00:19 +0000: Memory Usage (146028K) : Extracting idiodevdd_2kv ESD device
2026-08-20 19:00:19 +0000: Memory Usage (146028K) : Extracting idiodevdd_4kv ESD device
2026-08-20 19:00:19 +0000: Memory Usage (146028K) : Extracting idiodevss_2kv ESD device
2026-08-20 19:00:19 +0000: Memory Usage (146028K) : Extracting idiodevss_4kv ESD device
2026-08-20 19:00:19 +0000: Memory Usage (146028K) : Extracting nmoscl_2 ESD device
2026-08-20 19:00:19 +0000: Memory Usage (146028K) : Extracting nmoscl_4 ESD device
2026-08-20 19:00:19 +0000: Memory Usage (146028K) : Starting Inductor EXTRACTION
2026-08-20 19:00:19 +0000: Memory Usage (146028K) : Extracting Inductor2 device
2026-08-20 19:00:19 +0000: Memory Usage (146028K) : Extracting Inductor3 device
2026-08-20 19:00:19 +0000: Memory Usage (146028K) : Starting Taps EXTRACTION
2026-08-20 19:00:19 +0000: Memory Usage (146028K) : DISABLE_TAP_EXTRACTION is enabled: skipping ntap1/ptap1 device extraction.
2026-08-20 19:00:19 +0000: Memory Usage (146028K) : Starting SG13G2 LVS RF MOS Model Mapping
2026-08-20 19:00:19 +0000: Memory Usage (146028K) : [layout_netlist] Apply RF MOS model mapping and rfmode parameter.
2026-08-20 19:00:19 +0000: Memory Usage (146028K) : Starting SG13G2 LVS Options Preparations
2026-08-20 19:00:19 +0000: Memory Usage (146028K) : SG13G2 LVS flow: extraction -> alignment -> option preparation -> comparison.
2026-08-20 19:00:19 +0000: Memory Usage (146028K) : Starting SG13G2 LVS Alignment
2026-08-20 19:00:19 +0000: Memory Usage (146028K) : Starting SG13G2 LVS Simplification
2026-08-20 19:00:19 +0000: Memory Usage (146028K) : [layout_netlist] simplify: ENABLED
2026-08-20 19:00:19 +0000: Memory Usage (146028K) : [layout_netlist] make_top_level_pins: SKIPPED
2026-08-20 19:00:19 +0000: Memory Usage (146028K) : [layout_netlist] combine_devices: SKIPPED
2026-08-20 19:00:19 +0000: Memory Usage (146028K) : [layout_netlist] purge: SKIPPED
2026-08-20 19:00:19 +0000: Memory Usage (146028K) : [layout_netlist] purge_nets: SKIPPED
2026-08-20 19:00:19 +0000: Memory Usage (146028K) : [schematic_netlist] simplify: ENABLED
2026-08-20 19:00:19 +0000: Memory Usage (146028K) : [schematic_netlist] make_top_level_pins: SKIPPED
2026-08-20 19:00:19 +0000: Memory Usage (146028K) : [schematic_netlist] combine_devices: SKIPPED
2026-08-20 19:00:19 +0000: Memory Usage (146028K) : [schematic_netlist] purge: SKIPPED
2026-08-20 19:00:19 +0000: Memory Usage (146028K) : [schematic_netlist] purge_nets: SKIPPED
2026-08-20 19:00:19 +0000: Memory Usage (146028K) : Starting SG13G2 LVS Comparison
2026-08-20 19:00:19 +0000: Memory Usage (146156K) : xxxxxxxxxxxxxxxxxxxxxxxxxxxxxxxxxxxxxxxxxx
2026-08-20 19:00:19 +0000: Memory Usage (146156K) : ERROR : Netlists don't match
2026-08-20 19:00:19 +0000: Memory Usage (146156K) : xxxxxxxxxxxxxxxxxxxxxxxxxxxxxxxxxxxxxxxxxx
2026-08-20 19:00:19 +0000: Memory Usage (146156K) : LVS Total Run time 1.239138 seconds

--- stderr ---
20-Aug-2026 19:00:17 | INFO    | Your Klayout version is: KLayout 0.30.5 (required >= 0.30.5)
20-Aug-2026 19:00:17 | INFO    | Running SG13G2 LVS checks on design /workspace/layout/blocks/out/driver_stage/bisect_run/_probe2_esd_channel_no_ties/driver_dut.gds on cell driver_dut
20-Aug-2026 19:00:19 | INFO    | ==============================================================================
20-Aug-2026 19:00:19 | INFO    | Important Summary
20-Aug-2026 19:00:19 | INFO    | +------------------+--------------------------------------------------------------------------------------+
20-Aug-2026 19:00:19 | INFO    | | Status           | FAIL                                                                                 |
20-Aug-2026 19:00:19 | INFO    | | Mode             | COMPARE                                                                              |
20-Aug-2026 19:00:19 | INFO    | | Outcome          | Comparison mode: FAIL (netlists do not match).                                       |
20-Aug-2026 19:00:19 | INFO    | | Layout           | driver_dut.gds                                                                       |
20-Aug-2026 19:00:19 | INFO    | | Top Cell         | driver_dut                                                                           |
20-Aug-2026 19:00:19 | INFO    | | Results Dir      | /workspace/layout/blocks/out/driver_stage/bisect_run/_probe2_esd_channel_no_ties/lvs |
20-Aug-2026 19:00:19 | INFO    | | Warnings         | 0                                                                                    |
20-Aug-2026 19:00:19 | INFO    | | Errors           | 1                                                                                    |
20-Aug-2026 19:00:19 | INFO    | | Run Time (s)     | 1.553                                                                                |
20-Aug-2026 19:00:19 | INFO    | +------------------+--------------------------------------------------------------------------------------+
20-Aug-2026 19:00:19 | ERROR   | Key errors:
20-Aug-2026 19:00:19 | ERROR   |   - 2026-08-20 19:00:19 +0000: Memory Usage (146156K) : ERROR : Netlists don't match
20-Aug-2026 19:00:19 | INFO    | ==============================================================================

