$ python3 /home/ubuntu/.local/share/ihp-eda/IHP-Open-PDK/ihp-sg13g2/libs.tech/klayout/tech/lvs/run_lvs.py --layout=/workspace/layout/blocks/out/term_stage/_cmim_probe/probe_ctle.gds --netlist=/workspace/layout/blocks/out/term_stage/_cmim_probe/probe_ctle.cdl --run_dir=/workspace/layout/blocks/out/term_stage/_cmim_probe/lvs_ctle --run_mode=deep --topcell=probe --implicit_nets=sub,sub! --ignore_top_ports_mismatch

--- stdout ---
2026-08-20 11:08:30 +0000: Memory Usage (128992K) : Starting running SG13G2 Klayout LVS runset on /workspace/layout/blocks/out/term_stage/_cmim_probe/probe_ctle.gds
2026-08-20 11:08:30 +0000: Memory Usage (129180K) : Ruby Version for klayout: 3.2.3
2026-08-20 11:08:30 +0000: Memory Usage (130264K) : Loading database to memory is complete.
2026-08-20 11:08:30 +0000: Memory Usage (130264K) : SG13G2 Klayout LVS runset output at: /workspace/layout/blocks/out/term_stage/_cmim_probe/lvs_ctle/probe_ctle.lvsdb
2026-08-20 11:08:30 +0000: Memory Usage (130264K) : Evaluate switches.
2026-08-20 11:08:30 +0000: Memory Usage (130264K) : Extracted netlist with net names: true
2026-08-20 11:08:30 +0000: Memory Usage (130264K) : Extracted netlist with comments in details: false
2026-08-20 11:08:30 +0000: Memory Usage (130264K) : Selected NET_ONLY option: false
2026-08-20 11:08:30 +0000: Memory Usage (130264K) : Selected LAYOUT_NETLIST option: (none)
2026-08-20 11:08:30 +0000: Memory Usage (130264K) : Selected IGNORE_TOP_PORTS_MISMATCH option: true
2026-08-20 11:08:30 +0000: Memory Usage (130264K) : Selected IMPLICIT_NETS option: sub,sub!
2026-08-20 11:08:30 +0000: Memory Usage (130264K) : Selected TOP_LVL_PINS option: false
2026-08-20 11:08:30 +0000: Memory Usage (130264K) : Selected COMBINE DEVICES option: false
2026-08-20 11:08:30 +0000: Memory Usage (130264K) : Selected PURGE option: false
2026-08-20 11:08:30 +0000: Memory Usage (130264K) : Selected PURGE_NETS option: false
2026-08-20 11:08:30 +0000: Memory Usage (130264K) : Selected SIMPLIFY option: true
2026-08-20 11:08:30 +0000: Memory Usage (130264K) : Selected SERIES_RES option: true
2026-08-20 11:08:30 +0000: Memory Usage (130264K) : Selected PARALLEL_RES option: true
2026-08-20 11:08:30 +0000: Memory Usage (130264K) : Selected DISABLE_TAP_EXTRACTION option: false
2026-08-20 11:08:30 +0000: Memory Usage (130264K) : deep  mode is enabled.
2026-08-20 11:08:30 +0000: Memory Usage (130264K) : Applying implicit connections (case-sensitive, pattern supported) for nets: sub, sub!
2026-08-20 11:08:30 +0000: Memory Usage (131560K) : Netlist file: /workspace/layout/blocks/out/term_stage/_cmim_probe/probe_ctle.cdl
2026-08-20 11:08:30 +0000: Memory Usage (131560K) : LVS extracted netlist at: /workspace/layout/blocks/out/term_stage/_cmim_probe/lvs_ctle/probe_ctle_extracted.cir
2026-08-20 11:08:30 +0000: Memory Usage (131560K) : Applying SRAM integration support.
2026-08-20 11:08:30 +0000: Memory Usage (131560K) : Starting SG13G2 LVS runset
2026-08-20 11:08:30 +0000: Memory Usage (131560K) : Read in polygons from layers.
2026-08-20 11:08:30 +0000: Memory Usage (132072K) : activ_drw has 0 polygons
2026-08-20 11:08:30 +0000: Memory Usage (132072K) : activ_filler has 0 polygons
2026-08-20 11:08:30 +0000: Memory Usage (132072K) : activ has 0 polygons
2026-08-20 11:08:30 +0000: Memory Usage (132072K) : activ_pin has 0 polygons
2026-08-20 11:08:30 +0000: Memory Usage (132072K) : activ_mask has 0 polygons
2026-08-20 11:08:30 +0000: Memory Usage (132072K) : activ_nofill has 0 polygons
2026-08-20 11:08:30 +0000: Memory Usage (132072K) : activ_OPC has 0 polygons
2026-08-20 11:08:30 +0000: Memory Usage (132072K) : activ_iOPC has 0 polygons
2026-08-20 11:08:30 +0000: Memory Usage (132072K) : activ_noqrc has 0 polygons
2026-08-20 11:08:30 +0000: Memory Usage (132072K) : biwind_drw has 0 polygons
2026-08-20 11:08:30 +0000: Memory Usage (132072K) : biwind_OPC has 0 polygons
2026-08-20 11:08:30 +0000: Memory Usage (132584K) : gatpoly_drw has 4 polygons
2026-08-20 11:08:30 +0000: Memory Usage (132584K) : gatpoly_filler has 0 polygons
2026-08-20 11:08:30 +0000: Memory Usage (132712K) : gatpoly has 4 polygons
2026-08-20 11:08:30 +0000: Memory Usage (132712K) : gatpoly_pin has 0 polygons
2026-08-20 11:08:30 +0000: Memory Usage (132712K) : gatpoly_nofill has 0 polygons
2026-08-20 11:08:30 +0000: Memory Usage (132712K) : gatpoly_OPC has 0 polygons
2026-08-20 11:08:30 +0000: Memory Usage (132712K) : gatpoly_iOPC has 0 polygons
2026-08-20 11:08:30 +0000: Memory Usage (132712K) : gatpoly_noqrc has 0 polygons
2026-08-20 11:08:30 +0000: Memory Usage (132712K) : cont_drw has 2 polygons
2026-08-20 11:08:30 +0000: Memory Usage (132712K) : cont_OPC has 0 polygons
2026-08-20 11:08:30 +0000: Memory Usage (132800K) : nsd_drw has 0 polygons
2026-08-20 11:08:30 +0000: Memory Usage (133312K) : nsd_block has 0 polygons
2026-08-20 11:08:30 +0000: Memory Usage (133312K) : metal1_drw has 4 polygons
2026-08-20 11:08:30 +0000: Memory Usage (133312K) : metal1_filler has 0 polygons
2026-08-20 11:08:30 +0000: Memory Usage (133312K) : metal1_slit has 0 polygons
2026-08-20 11:08:30 +0000: Memory Usage (133312K) : metal1 has 4 polygons
2026-08-20 11:08:30 +0000: Memory Usage (133312K) : metal1_pin has 2 polygons
2026-08-20 11:08:30 +0000: Memory Usage (133312K) : metal1_mask has 0 polygons
2026-08-20 11:08:30 +0000: Memory Usage (133312K) : metal1_nofill has 0 polygons
2026-08-20 11:08:30 +0000: Memory Usage (133440K) : metal1_text has 0 polygons
2026-08-20 11:08:30 +0000: Memory Usage (133440K) : metal1_OPC has 0 polygons
2026-08-20 11:08:30 +0000: Memory Usage (133440K) : metal1_noqrc has 0 polygons
2026-08-20 11:08:30 +0000: Memory Usage (133440K) : metal1_res has 0 polygons
2026-08-20 11:08:30 +0000: Memory Usage (133440K) : metal1_iprobe has 0 polygons
2026-08-20 11:08:30 +0000: Memory Usage (133440K) : metal1_diffprb has 0 polygons
2026-08-20 11:08:30 +0000: Memory Usage (133440K) : passiv_drw has 0 polygons
2026-08-20 11:08:30 +0000: Memory Usage (133440K) : passiv_pin has 0 polygons
2026-08-20 11:08:30 +0000: Memory Usage (133440K) : passiv_sbump has 0 polygons
2026-08-20 11:08:30 +0000: Memory Usage (133440K) : passiv_pillar has 0 polygons
2026-08-20 11:08:30 +0000: Memory Usage (133440K) : passiv_pdl has 0 polygons
2026-08-20 11:08:30 +0000: Memory Usage (133440K) : metal2_drw has 1 polygons
2026-08-20 11:08:30 +0000: Memory Usage (133440K) : metal2_filler has 0 polygons
2026-08-20 11:08:30 +0000: Memory Usage (133440K) : metal2_slit has 0 polygons
2026-08-20 11:08:30 +0000: Memory Usage (133440K) : metal2 has 1 polygons
2026-08-20 11:08:30 +0000: Memory Usage (133568K) : metal2_pin has 0 polygons
2026-08-20 11:08:30 +0000: Memory Usage (133568K) : metal2_mask has 0 polygons
2026-08-20 11:08:30 +0000: Memory Usage (133696K) : metal2_nofill has 0 polygons
2026-08-20 11:08:30 +0000: Memory Usage (133696K) : metal2_text has 0 polygons
2026-08-20 11:08:30 +0000: Memory Usage (133696K) : metal2_OPC has 0 polygons
2026-08-20 11:08:30 +0000: Memory Usage (133824K) : metal2_noqrc has 0 polygons
2026-08-20 11:08:30 +0000: Memory Usage (133824K) : metal2_res has 0 polygons
2026-08-20 11:08:30 +0000: Memory Usage (133824K) : metal2_iprobe has 0 polygons
2026-08-20 11:08:30 +0000: Memory Usage (133824K) : metal2_diffprb has 0 polygons
2026-08-20 11:08:30 +0000: Memory Usage (133824K) : baspoly_drw has 0 polygons
2026-08-20 11:08:30 +0000: Memory Usage (133952K) : baspoly_pin has 0 polygons
2026-08-20 11:08:30 +0000: Memory Usage (133952K) : psd_drw has 3 polygons
2026-08-20 11:08:30 +0000: Memory Usage (133952K) : nldb_drw has 0 polygons
2026-08-20 11:08:30 +0000: Memory Usage (133952K) : digibnd_drw has 0 polygons
2026-08-20 11:08:30 +0000: Memory Usage (134080K) : via1_drw has 4 polygons
2026-08-20 11:08:30 +0000: Memory Usage (134080K) : backmetal1_drw has 0 polygons
2026-08-20 11:08:30 +0000: Memory Usage (134080K) : backmetal1_pin has 0 polygons
2026-08-20 11:08:30 +0000: Memory Usage (134208K) : backmetal1_mask has 0 polygons
2026-08-20 11:08:30 +0000: Memory Usage (134208K) : backmetal1_filler has 0 polygons
2026-08-20 11:08:30 +0000: Memory Usage (134208K) : backmetal1_nofill has 0 polygons
2026-08-20 11:08:30 +0000: Memory Usage (134208K) : backmetal1_slit has 0 polygons
2026-08-20 11:08:30 +0000: Memory Usage (134336K) : backmetal1_text has 0 polygons
2026-08-20 11:08:30 +0000: Memory Usage (134336K) : backmetal1_OPC has 0 polygons
2026-08-20 11:08:30 +0000: Memory Usage (134336K) : backmetal1_noqrc has 0 polygons
2026-08-20 11:08:30 +0000: Memory Usage (134336K) : backmetal1_res has 0 polygons
2026-08-20 11:08:30 +0000: Memory Usage (134464K) : backmetal1_iprobe has 0 polygons
2026-08-20 11:08:30 +0000: Memory Usage (134464K) : backmetal1_diffprb has 0 polygons
2026-08-20 11:08:30 +0000: Memory Usage (134464K) : backpassiv_drw has 0 polygons
2026-08-20 11:08:30 +0000: Memory Usage (134464K) : res_drw has 0 polygons
2026-08-20 11:08:30 +0000: Memory Usage (134592K) : sram_drw has 0 polygons
2026-08-20 11:08:30 +0000: Memory Usage (134592K) : trans_drw has 0 polygons
2026-08-20 11:08:30 +0000: Memory Usage (134592K) : ind_drw has 0 polygons
2026-08-20 11:08:30 +0000: Memory Usage (134592K) : ind_pin has 0 polygons
2026-08-20 11:08:30 +0000: Memory Usage (134720K) : ind_text has 0 polygons
2026-08-20 11:08:30 +0000: Memory Usage (134720K) : salblock_drw has 1 polygons
2026-08-20 11:08:30 +0000: Memory Usage (134720K) : via2_drw has 4 polygons
2026-08-20 11:08:30 +0000: Memory Usage (134720K) : metal3_drw has 3 polygons
2026-08-20 11:08:30 +0000: Memory Usage (134848K) : metal3_filler has 0 polygons
2026-08-20 11:08:30 +0000: Memory Usage (134848K) : metal3_slit has 0 polygons
2026-08-20 11:08:30 +0000: Memory Usage (134848K) : metal3 has 3 polygons
2026-08-20 11:08:30 +0000: Memory Usage (134848K) : metal3_pin has 0 polygons
2026-08-20 11:08:30 +0000: Memory Usage (134976K) : metal3_mask has 0 polygons
2026-08-20 11:08:30 +0000: Memory Usage (134976K) : metal3_nofill has 0 polygons
2026-08-20 11:08:30 +0000: Memory Usage (134976K) : metal3_text has 0 polygons
2026-08-20 11:08:30 +0000: Memory Usage (134976K) : metal3_OPC has 0 polygons
2026-08-20 11:08:30 +0000: Memory Usage (135104K) : metal3_noqrc has 0 polygons
2026-08-20 11:08:30 +0000: Memory Usage (135104K) : metal3_res has 0 polygons
2026-08-20 11:08:30 +0000: Memory Usage (135104K) : metal3_iprobe has 0 polygons
2026-08-20 11:08:30 +0000: Memory Usage (135104K) : metal3_diffprb has 0 polygons
2026-08-20 11:08:30 +0000: Memory Usage (135104K) : nwell_drw has 0 polygons
2026-08-20 11:08:30 +0000: Memory Usage (135104K) : nwell_pin has 0 polygons
2026-08-20 11:08:30 +0000: Memory Usage (135104K) : nwell_text has 0 polygons
2026-08-20 11:08:30 +0000: Memory Usage (135104K) : nbulay_drw has 0 polygons
2026-08-20 11:08:30 +0000: Memory Usage (135104K) : nbulay_pin has 0 polygons
2026-08-20 11:08:30 +0000: Memory Usage (135104K) : nbulay_block has 0 polygons
2026-08-20 11:08:30 +0000: Memory Usage (135104K) : emwind_drw has 0 polygons
2026-08-20 11:08:30 +0000: Memory Usage (135232K) : emwind_OPC has 0 polygons
2026-08-20 11:08:30 +0000: Memory Usage (135232K) : deepco_drw has 0 polygons
2026-08-20 11:08:30 +0000: Memory Usage (135232K) : mim_drw has 1 polygons
2026-08-20 11:08:30 +0000: Memory Usage (135232K) : edgeseal_drw has 0 polygons
2026-08-20 11:08:30 +0000: Memory Usage (135232K) : substrate_drw has 0 polygons
2026-08-20 11:08:30 +0000: Memory Usage (135232K) : substrate_text has 0 polygons
2026-08-20 11:08:30 +0000: Memory Usage (135360K) : dfpad_drw has 0 polygons
2026-08-20 11:08:30 +0000: Memory Usage (135360K) : dfpad_pillar has 0 polygons
2026-08-20 11:08:30 +0000: Memory Usage (135360K) : dfpad_sbump has 0 polygons
2026-08-20 11:08:30 +0000: Memory Usage (135360K) : thickgateox_drw has 0 polygons
2026-08-20 11:08:30 +0000: Memory Usage (135360K) : pldb_drw has 0 polygons
2026-08-20 11:08:30 +0000: Memory Usage (135488K) : pwell_drw has 0 polygons
2026-08-20 11:08:30 +0000: Memory Usage (135488K) : pwell_pin has 0 polygons
2026-08-20 11:08:30 +0000: Memory Usage (135488K) : pwell_block has 0 polygons
2026-08-20 11:08:30 +0000: Memory Usage (135488K) : ic_drw has 0 polygons
2026-08-20 11:08:30 +0000: Memory Usage (135488K) : via3_drw has 0 polygons
2026-08-20 11:08:30 +0000: Memory Usage (135488K) : metal4_drw has 1 polygons
2026-08-20 11:08:30 +0000: Memory Usage (135616K) : metal4_filler has 0 polygons
2026-08-20 11:08:30 +0000: Memory Usage (135616K) : metal4_slit has 0 polygons
2026-08-20 11:08:30 +0000: Memory Usage (135616K) : metal4 has 1 polygons
2026-08-20 11:08:30 +0000: Memory Usage (135616K) : metal4_pin has 0 polygons
2026-08-20 11:08:30 +0000: Memory Usage (135616K) : metal4_mask has 0 polygons
2026-08-20 11:08:30 +0000: Memory Usage (135744K) : metal4_nofill has 0 polygons
2026-08-20 11:08:30 +0000: Memory Usage (135744K) : metal4_text has 0 polygons
2026-08-20 11:08:30 +0000: Memory Usage (135744K) : metal4_OPC has 0 polygons
2026-08-20 11:08:30 +0000: Memory Usage (135744K) : metal4_noqrc has 0 polygons
2026-08-20 11:08:30 +0000: Memory Usage (135744K) : metal4_res has 0 polygons
2026-08-20 11:08:30 +0000: Memory Usage (135744K) : metal4_iprobe has 0 polygons
2026-08-20 11:08:30 +0000: Memory Usage (135744K) : metal4_diffprb has 0 polygons
2026-08-20 11:08:30 +0000: Memory Usage (135872K) : heattrans_drw has 0 polygons
2026-08-20 11:08:30 +0000: Memory Usage (135872K) : heatres_drw has 1 polygons
2026-08-20 11:08:30 +0000: Memory Usage (135872K) : fbe_drw has 0 polygons
2026-08-20 11:08:30 +0000: Memory Usage (135872K) : empoly_drw has 0 polygons
2026-08-20 11:08:30 +0000: Memory Usage (135872K) : digisub_drw has 0 polygons
2026-08-20 11:08:30 +0000: Memory Usage (135872K) : text_drw has 3 polygons
2026-08-20 11:08:30 +0000: Memory Usage (136000K) : via4_drw has 4 polygons
2026-08-20 11:08:30 +0000: Memory Usage (136000K) : metal5_drw has 5 polygons
2026-08-20 11:08:30 +0000: Memory Usage (136000K) : metal5_filler has 0 polygons
2026-08-20 11:08:30 +0000: Memory Usage (136000K) : metal5_slit has 0 polygons
2026-08-20 11:08:30 +0000: Memory Usage (136000K) : metal5 has 5 polygons
2026-08-20 11:08:30 +0000: Memory Usage (136000K) : metal5_pin has 0 polygons
2026-08-20 11:08:30 +0000: Memory Usage (136128K) : metal5_mask has 0 polygons
2026-08-20 11:08:30 +0000: Memory Usage (136128K) : metal5_nofill has 0 polygons
2026-08-20 11:08:30 +0000: Memory Usage (136128K) : metal5_text has 0 polygons
2026-08-20 11:08:30 +0000: Memory Usage (136128K) : metal5_OPC has 0 polygons
2026-08-20 11:08:30 +0000: Memory Usage (136128K) : metal5_noqrc has 0 polygons
2026-08-20 11:08:30 +0000: Memory Usage (136128K) : metal5_res has 0 polygons
2026-08-20 11:08:30 +0000: Memory Usage (136256K) : metal5_iprobe has 0 polygons
2026-08-20 11:08:30 +0000: Memory Usage (136256K) : metal5_diffprb has 0 polygons
2026-08-20 11:08:30 +0000: Memory Usage (136256K) : radhard_drw has 0 polygons
2026-08-20 11:08:30 +0000: Memory Usage (136256K) : memcap_drw has 0 polygons
2026-08-20 11:08:30 +0000: Memory Usage (136256K) : varicap_drw has 0 polygons
2026-08-20 11:08:30 +0000: Memory Usage (136256K) : intbondvia_drw has 0 polygons
2026-08-20 11:08:30 +0000: Memory Usage (136384K) : intbondmet_drw has 0 polygons
2026-08-20 11:08:30 +0000: Memory Usage (136384K) : devbondvia_drw has 0 polygons
2026-08-20 11:08:30 +0000: Memory Usage (136384K) : devbondmet_drw has 0 polygons
2026-08-20 11:08:30 +0000: Memory Usage (136384K) : devtrench_drw has 0 polygons
2026-08-20 11:08:30 +0000: Memory Usage (136384K) : redist_drw has 0 polygons
2026-08-20 11:08:30 +0000: Memory Usage (136384K) : graphbot_drw has 0 polygons
2026-08-20 11:08:30 +0000: Memory Usage (136512K) : graphtop_drw has 0 polygons
2026-08-20 11:08:30 +0000: Memory Usage (136512K) : antvia1_drw has 0 polygons
2026-08-20 11:08:30 +0000: Memory Usage (136512K) : antmetal2_drw has 0 polygons
2026-08-20 11:08:30 +0000: Memory Usage (136512K) : graphcont_drw has 0 polygons
2026-08-20 11:08:30 +0000: Memory Usage (136512K) : siwg_drw has 0 polygons
2026-08-20 11:08:30 +0000: Memory Usage (136512K) : siwg_filler has 0 polygons
2026-08-20 11:08:30 +0000: Memory Usage (136640K) : siwg_nofill has 0 polygons
2026-08-20 11:08:30 +0000: Memory Usage (136640K) : sigrating_drw has 0 polygons
2026-08-20 11:08:30 +0000: Memory Usage (136640K) : singrating_drw has 0 polygons
2026-08-20 11:08:30 +0000: Memory Usage (136640K) : graphpas_drw has 0 polygons
2026-08-20 11:08:30 +0000: Memory Usage (136640K) : emwind3_drw has 0 polygons
2026-08-20 11:08:30 +0000: Memory Usage (136640K) : emwihv3_drw has 0 polygons
2026-08-20 11:08:30 +0000: Memory Usage (136640K) : redbulay_drw has 0 polygons
2026-08-20 11:08:30 +0000: Memory Usage (136768K) : smos_drw has 0 polygons
2026-08-20 11:08:30 +0000: Memory Usage (136768K) : graphpad_drw has 0 polygons
2026-08-20 11:08:30 +0000: Memory Usage (136768K) : polimide_drw has 0 polygons
2026-08-20 11:08:30 +0000: Memory Usage (136768K) : polimide_pin has 0 polygons
2026-08-20 11:08:30 +0000: Memory Usage (136768K) : recog_drw has 0 polygons
2026-08-20 11:08:30 +0000: Memory Usage (136768K) : recog_pin has 0 polygons
2026-08-20 11:08:30 +0000: Memory Usage (136896K) : recog_esd has 0 polygons
2026-08-20 11:08:30 +0000: Memory Usage (136896K) : recog_diode has 0 polygons
2026-08-20 11:08:30 +0000: Memory Usage (136896K) : recog_tsv has 0 polygons
2026-08-20 11:08:30 +0000: Memory Usage (136896K) : recog_iprobe has 0 polygons
2026-08-20 11:08:30 +0000: Memory Usage (136896K) : recog_diffprb has 0 polygons
2026-08-20 11:08:30 +0000: Memory Usage (136896K) : recog_pillar has 0 polygons
2026-08-20 11:08:30 +0000: Memory Usage (137024K) : recog_sbump has 0 polygons
2026-08-20 11:08:30 +0000: Memory Usage (137024K) : recog_otp has 0 polygons
2026-08-20 11:08:30 +0000: Memory Usage (137024K) : recog_pdiode has 0 polygons
2026-08-20 11:08:30 +0000: Memory Usage (137024K) : recog_mom has 0 polygons
2026-08-20 11:08:30 +0000: Memory Usage (137024K) : recog_momf has 0 polygons
2026-08-20 11:08:30 +0000: Memory Usage (137152K) : recog_pcm has 0 polygons
2026-08-20 11:08:30 +0000: Memory Usage (137152K) : colopen_drw has 0 polygons
2026-08-20 11:08:30 +0000: Memory Usage (137152K) : graphmetal1_drw has 0 polygons
2026-08-20 11:08:30 +0000: Memory Usage (137152K) : graphmetal1_filler has 0 polygons
2026-08-20 11:08:30 +0000: Memory Usage (137152K) : graphmetal1_nofill has 0 polygons
2026-08-20 11:08:30 +0000: Memory Usage (137152K) : graphmetal1_slit has 0 polygons
2026-08-20 11:08:30 +0000: Memory Usage (137280K) : graphmetal1_OPC has 0 polygons
2026-08-20 11:08:30 +0000: Memory Usage (137280K) : graphmet1l_drw has 0 polygons
2026-08-20 11:08:30 +0000: Memory Usage (137280K) : graphmet1l_filler has 0 polygons
2026-08-20 11:08:30 +0000: Memory Usage (137280K) : graphmet1l_nofill has 0 polygons
2026-08-20 11:08:30 +0000: Memory Usage (137280K) : graphmet1l_slit has 0 polygons
2026-08-20 11:08:30 +0000: Memory Usage (137280K) : graphmet1l_OPC has 0 polygons
2026-08-20 11:08:30 +0000: Memory Usage (137408K) : extblock_drw has 3 polygons
2026-08-20 11:08:30 +0000: Memory Usage (137408K) : nldd_drw has 0 polygons
2026-08-20 11:08:30 +0000: Memory Usage (137408K) : pldd_drw has 0 polygons
2026-08-20 11:08:30 +0000: Memory Usage (137408K) : next_drw has 0 polygons
2026-08-20 11:08:30 +0000: Memory Usage (137408K) : pext_drw has 0 polygons
2026-08-20 11:08:30 +0000: Memory Usage (137408K) : nexthv_drw has 0 polygons
2026-08-20 11:08:30 +0000: Memory Usage (137536K) : pexthv_drw has 0 polygons
2026-08-20 11:08:30 +0000: Memory Usage (137536K) : graphgate_drw has 0 polygons
2026-08-20 11:08:30 +0000: Memory Usage (137536K) : sinwg_drw has 0 polygons
2026-08-20 11:08:30 +0000: Memory Usage (137536K) : sinwg_filler has 0 polygons
2026-08-20 11:08:30 +0000: Memory Usage (137536K) : sinwg_nofill has 0 polygons
2026-08-20 11:08:30 +0000: Memory Usage (137664K) : mempad_drw has 0 polygons
2026-08-20 11:08:30 +0000: Memory Usage (137664K) : topvia1_drw has 2 polygons
2026-08-20 11:08:30 +0000: Memory Usage (137664K) : topmetal1_drw has 3 polygons
2026-08-20 11:08:30 +0000: Memory Usage (137664K) : topmetal1_filler has 0 polygons
2026-08-20 11:08:30 +0000: Memory Usage (137664K) : topmetal1_slit has 0 polygons
2026-08-20 11:08:30 +0000: Memory Usage (137664K) : topmetal1 has 3 polygons
2026-08-20 11:08:30 +0000: Memory Usage (137792K) : topmetal1_pin has 0 polygons
2026-08-20 11:08:30 +0000: Memory Usage (137792K) : topmetal1_mask has 0 polygons
2026-08-20 11:08:30 +0000: Memory Usage (137792K) : topmetal1_nofill has 0 polygons
2026-08-20 11:08:30 +0000: Memory Usage (137792K) : topmetal1_text has 0 polygons
2026-08-20 11:08:30 +0000: Memory Usage (137792K) : topmetal1_noqrc has 0 polygons
2026-08-20 11:08:30 +0000: Memory Usage (137792K) : topmetal1_res has 0 polygons
2026-08-20 11:08:30 +0000: Memory Usage (137920K) : topmetal1_iprobe has 0 polygons
2026-08-20 11:08:30 +0000: Memory Usage (137920K) : topmetal1_diffprb has 0 polygons
2026-08-20 11:08:30 +0000: Memory Usage (137920K) : inldpwl_drw has 0 polygons
2026-08-20 11:08:30 +0000: Memory Usage (137920K) : polyres_drw has 1 polygons
2026-08-20 11:08:30 +0000: Memory Usage (137920K) : polyres_pin has 0 polygons
2026-08-20 11:08:30 +0000: Memory Usage (138048K) : vmim_drw has 225 polygons
2026-08-20 11:08:30 +0000: Memory Usage (138176K) : nbulaycut_drw has 0 polygons
2026-08-20 11:08:30 +0000: Memory Usage (138176K) : antmetal1_drw has 0 polygons
2026-08-20 11:08:30 +0000: Memory Usage (138176K) : topvia2_drw has 2 polygons
2026-08-20 11:08:30 +0000: Memory Usage (138176K) : topmetal2_drw has 2 polygons
2026-08-20 11:08:30 +0000: Memory Usage (138304K) : topmetal2_filler has 0 polygons
2026-08-20 11:08:30 +0000: Memory Usage (138304K) : topmetal2_slit has 0 polygons
2026-08-20 11:08:30 +0000: Memory Usage (138304K) : topmetal2 has 2 polygons
2026-08-20 11:08:30 +0000: Memory Usage (138432K) : topmetal2_pin has 0 polygons
2026-08-20 11:08:30 +0000: Memory Usage (138432K) : topmetal2_mask has 0 polygons
2026-08-20 11:08:30 +0000: Memory Usage (138432K) : topmetal2_nofill has 0 polygons
2026-08-20 11:08:30 +0000: Memory Usage (138432K) : topmetal2_text has 0 polygons
2026-08-20 11:08:30 +0000: Memory Usage (138432K) : topmetal2_noqrc has 0 polygons
2026-08-20 11:08:30 +0000: Memory Usage (138560K) : topmetal2_res has 0 polygons
2026-08-20 11:08:30 +0000: Memory Usage (138560K) : topmetal2_iprobe has 0 polygons
2026-08-20 11:08:30 +0000: Memory Usage (138688K) : topmetal2_diffprb has 0 polygons
2026-08-20 11:08:30 +0000: Memory Usage (138688K) : snsring_drw has 0 polygons
2026-08-20 11:08:30 +0000: Memory Usage (138688K) : sensor_drw has 0 polygons
2026-08-20 11:08:30 +0000: Memory Usage (138688K) : snsarms_drw has 0 polygons
2026-08-20 11:08:30 +0000: Memory Usage (138816K) : snscmosvia_drw has 0 polygons
2026-08-20 11:08:30 +0000: Memory Usage (138816K) : colwind_drw has 0 polygons
2026-08-20 11:08:30 +0000: Memory Usage (138816K) : flm_drw has 0 polygons
2026-08-20 11:08:30 +0000: Memory Usage (138944K) : hafniumox_drw has 0 polygons
2026-08-20 11:08:30 +0000: Memory Usage (138944K) : memvia_drw has 0 polygons
2026-08-20 11:08:30 +0000: Memory Usage (138944K) : thinfilmres_drw has 0 polygons
2026-08-20 11:08:30 +0000: Memory Usage (138944K) : rfmem_drw has 0 polygons
2026-08-20 11:08:30 +0000: Memory Usage (139072K) : norcx_drw has 0 polygons
2026-08-20 11:08:30 +0000: Memory Usage (139072K) : norcx_m2m3 has 0 polygons
2026-08-20 11:08:30 +0000: Memory Usage (139072K) : norcx_m2m4 has 0 polygons
2026-08-20 11:08:30 +0000: Memory Usage (139072K) : norcx_m2m5 has 0 polygons
2026-08-20 11:08:30 +0000: Memory Usage (139200K) : norcx_m2tm1 has 0 polygons
2026-08-20 11:08:30 +0000: Memory Usage (139200K) : norcx_m2tm2 has 0 polygons
2026-08-20 11:08:30 +0000: Memory Usage (139328K) : norcx_m3m4 has 0 polygons
2026-08-20 11:08:30 +0000: Memory Usage (139328K) : norcx_m3m5 has 0 polygons
2026-08-20 11:08:30 +0000: Memory Usage (139328K) : norcx_m3tm1 has 0 polygons
2026-08-20 11:08:30 +0000: Memory Usage (139328K) : norcx_m3tm2 has 0 polygons
2026-08-20 11:08:30 +0000: Memory Usage (139328K) : norcx_m4m5 has 0 polygons
2026-08-20 11:08:30 +0000: Memory Usage (139328K) : norcx_m4tm1 has 0 polygons
2026-08-20 11:08:30 +0000: Memory Usage (139328K) : norcx_m4tm2 has 0 polygons
2026-08-20 11:08:30 +0000: Memory Usage (139328K) : norcx_m5tm1 has 0 polygons
2026-08-20 11:08:30 +0000: Memory Usage (139328K) : norcx_m5tm2 has 0 polygons
2026-08-20 11:08:30 +0000: Memory Usage (139328K) : norcx_tm1tm2 has 0 polygons
2026-08-20 11:08:30 +0000: Memory Usage (139328K) : norcx_m1sub has 0 polygons
2026-08-20 11:08:30 +0000: Memory Usage (139328K) : norcx_m2sub has 0 polygons
2026-08-20 11:08:30 +0000: Memory Usage (139328K) : norcx_m3sub has 0 polygons
2026-08-20 11:08:30 +0000: Memory Usage (139328K) : norcx_m4sub has 0 polygons
2026-08-20 11:08:30 +0000: Memory Usage (139328K) : norcx_m5sub has 0 polygons
2026-08-20 11:08:30 +0000: Memory Usage (139328K) : norcx_tm1sub has 0 polygons
2026-08-20 11:08:30 +0000: Memory Usage (139328K) : norcx_tm2sub has 0 polygons
2026-08-20 11:08:30 +0000: Memory Usage (139328K) : snsbotvia_drw has 0 polygons
2026-08-20 11:08:30 +0000: Memory Usage (139456K) : snstopvia_drw has 0 polygons
2026-08-20 11:08:30 +0000: Memory Usage (139456K) : deepvia_drw has 0 polygons
2026-08-20 11:08:30 +0000: Memory Usage (139456K) : fgetch_drw has 0 polygons
2026-08-20 11:08:30 +0000: Memory Usage (139456K) : ctrgat_drw has 0 polygons
2026-08-20 11:08:30 +0000: Memory Usage (139456K) : fgimp_drw has 0 polygons
2026-08-20 11:08:30 +0000: Memory Usage (139456K) : emwihv_drw has 0 polygons
2026-08-20 11:08:30 +0000: Memory Usage (139456K) : lbe_drw has 0 polygons
2026-08-20 11:08:30 +0000: Memory Usage (139456K) : alcustop_drw has 0 polygons
2026-08-20 11:08:30 +0000: Memory Usage (139456K) : nometfiller_drw has 0 polygons
2026-08-20 11:08:30 +0000: Memory Usage (139456K) : prboundary_drw has 0 polygons
2026-08-20 11:08:30 +0000: Memory Usage (139456K) : exchange0_drw has 0 polygons
2026-08-20 11:08:30 +0000: Memory Usage (139456K) : exchange0_pin has 0 polygons
2026-08-20 11:08:30 +0000: Memory Usage (139456K) : exchange0_text has 0 polygons
2026-08-20 11:08:30 +0000: Memory Usage (139456K) : exchange1_drw has 0 polygons
2026-08-20 11:08:30 +0000: Memory Usage (139456K) : exchange1_pin has 0 polygons
2026-08-20 11:08:30 +0000: Memory Usage (139456K) : exchange1_text has 0 polygons
2026-08-20 11:08:30 +0000: Memory Usage (139456K) : exchange2_drw has 0 polygons
2026-08-20 11:08:30 +0000: Memory Usage (139456K) : exchange2_pin has 0 polygons
2026-08-20 11:08:30 +0000: Memory Usage (139456K) : exchange2_text has 0 polygons
2026-08-20 11:08:30 +0000: Memory Usage (139456K) : exchange3_drw has 0 polygons
2026-08-20 11:08:30 +0000: Memory Usage (139456K) : exchange3_pin has 0 polygons
2026-08-20 11:08:30 +0000: Memory Usage (139456K) : exchange3_text has 0 polygons
2026-08-20 11:08:30 +0000: Memory Usage (139456K) : exchange4_drw has 0 polygons
2026-08-20 11:08:30 +0000: Memory Usage (139456K) : exchange4_pin has 0 polygons
2026-08-20 11:08:30 +0000: Memory Usage (139456K) : exchange4_text has 0 polygons
2026-08-20 11:08:30 +0000: Memory Usage (139456K) : isonwell_drw has 0 polygons
2026-08-20 11:08:30 +0000: Memory Usage (139456K) : Total no. of polygons in the design is 281
2026-08-20 11:08:30 +0000: Memory Usage (139456K) : Starting base layers derivations
2026-08-20 11:08:30 +0000: Memory Usage (139456K) : Starting general LVS derivations
2026-08-20 11:08:30 +0000: Memory Usage (141824K) : Starting MOSFET DERIVATIONS
2026-08-20 11:08:30 +0000: Memory Usage (141952K) : Starting NMOS DERIVATIONS
2026-08-20 11:08:30 +0000: Memory Usage (141952K) : Starting PMOS DERIVATIONS
2026-08-20 11:08:30 +0000: Memory Usage (141952K) : Starting RF-MOSFET DERIVATIONS
2026-08-20 11:08:30 +0000: Memory Usage (141952K) : Starting RF-NMOS DERIVATIONS
2026-08-20 11:08:30 +0000: Memory Usage (141952K) : Starting RF-PMOS DERIVATIONS
2026-08-20 11:08:30 +0000: Memory Usage (141952K) : Starting BJT DERIVATIONS
2026-08-20 11:08:30 +0000: Memory Usage (141952K) : Starting NPN-BJT DERIVATIONS
2026-08-20 11:08:30 +0000: Memory Usage (141952K) : Starting PNP-BJT DERIVATIONS
2026-08-20 11:08:30 +0000: Memory Usage (141952K) : Starting DIODE DERIVATIONS
2026-08-20 11:08:30 +0000: Memory Usage (141952K) : Starting RESISTOR DERIVATIONS
2026-08-20 11:08:30 +0000: Memory Usage (143104K) : Starting CAP DERIVATIONS
2026-08-20 11:08:30 +0000: Memory Usage (143104K) : Starting CAP_CMOM DERIVATIONS
2026-08-20 11:08:30 +0000: Memory Usage (143104K) : Starting CAP_CMOMF DERIVATIONS
2026-08-20 11:08:30 +0000: Memory Usage (143104K) : Starting ESD DERIVATIONS
2026-08-20 11:08:30 +0000: Memory Usage (143104K) : Starting Inductor DERIVATIONS
2026-08-20 11:08:30 +0000: Memory Usage (143104K) : Starting Taps DERIVATIONS
2026-08-20 11:08:30 +0000: Memory Usage (143104K) : Starting SG13G2 LVS connectivity setup
2026-08-20 11:08:30 +0000: Memory Usage (143104K) : Starting SG13G2 LVS connectivity setup (Inter-layer)
2026-08-20 11:08:30 +0000: Memory Usage (143232K) : Starting SG13G2 LVS connectivity setup (Global)
2026-08-20 11:08:30 +0000: Memory Usage (143232K) : Starting LVS MOSFET CONNECTIONS
2026-08-20 11:08:30 +0000: Memory Usage (143232K) : Starting LVS RF-MOSFET CONNECTIONS
2026-08-20 11:08:30 +0000: Memory Usage (143232K) : Starting LVS BJT CONNECTIONS
2026-08-20 11:08:30 +0000: Memory Usage (143232K) : Starting LVS DIODE CONNECTIONS
2026-08-20 11:08:30 +0000: Memory Usage (143232K) : Starting RESISTOR CONNECTIONS
2026-08-20 11:08:30 +0000: Memory Usage (143232K) : Starting LVS CAP CONNECTIONS
2026-08-20 11:08:30 +0000: Memory Usage (143232K) : Starting CAP_CMOM CONNECTIONS
2026-08-20 11:08:30 +0000: Memory Usage (143232K) : Starting CAP_CMOMF CONNECTIONS
2026-08-20 11:08:30 +0000: Memory Usage (143232K) : Starting ESD CONNECTIONS
2026-08-20 11:08:30 +0000: Memory Usage (143232K) : Starting Inductor CONNECTIONS
2026-08-20 11:08:30 +0000: Memory Usage (143232K) : Starting LVS Taps CONNECTIONS
2026-08-20 11:08:30 +0000: Memory Usage (143232K) : Starting SG13G2 LVS DEVICES EXTRACTION
2026-08-20 11:08:30 +0000: Memory Usage (143232K) : Starting MOSFET EXTRACTION
2026-08-20 11:08:30 +0000: Memory Usage (143232K) : Starting NMOS EXTRACTION
2026-08-20 11:08:30 +0000: Memory Usage (143232K) : Extraction of NMOS-LV transistor
2026-08-20 11:08:30 +0000: Memory Usage (143232K) : Extraction of NMOS-HV transistor
2026-08-20 11:08:30 +0000: Memory Usage (143232K) : Starting PMOS EXTRACTION
2026-08-20 11:08:30 +0000: Memory Usage (143232K) : Extraction of PMOS-LV transistor
2026-08-20 11:08:30 +0000: Memory Usage (143232K) : Extraction of PMOS-HV transistor
2026-08-20 11:08:30 +0000: Memory Usage (143232K) : Starting RF-MOSFET EXTRACTION
2026-08-20 11:08:30 +0000: Memory Usage (143232K) : Extraction of RF-NMOS-LV transistor
2026-08-20 11:08:30 +0000: Memory Usage (143232K) : Extraction of RF-NMOS-HV transistor
2026-08-20 11:08:30 +0000: Memory Usage (143232K) : Extraction of RF-PMOS-LV transistor
2026-08-20 11:08:30 +0000: Memory Usage (143232K) : Extraction of RF-PMOS-HV transistor
2026-08-20 11:08:30 +0000: Memory Usage (143232K) : Starting BJT EXTRACTION
2026-08-20 11:08:30 +0000: Memory Usage (143232K) : Starting NPN-BJT EXTRACTION
2026-08-20 11:08:30 +0000: Memory Usage (143232K) : Extraction of npn13G2 BJT transistor
2026-08-20 11:08:30 +0000: Memory Usage (143232K) : Extraction of npn13G2L BJT transistor
2026-08-20 11:08:30 +0000: Memory Usage (143232K) : Extraction of npn13G2V BJT transistor
2026-08-20 11:08:30 +0000: Memory Usage (143232K) : Starting PNP-BJT EXTRACTION
2026-08-20 11:08:30 +0000: Memory Usage (143232K) : Extracting pnpMPA BJT
2026-08-20 11:08:30 +0000: Memory Usage (143232K) : Starting DIODE EXTRACTION
2026-08-20 11:08:30 +0000: Memory Usage (143232K) : Extracting dantenna diode
2026-08-20 11:08:30 +0000: Memory Usage (143232K) : Extracting dpantenna diode
2026-08-20 11:08:30 +0000: Memory Usage (143232K) : Extracting schottky_nbl1 diode
2026-08-20 11:08:30 +0000: Memory Usage (143232K) : Extracting isolbox diode
2026-08-20 11:08:30 +0000: Memory Usage (143232K) : Starting RESISTOR EXTRACTION
2026-08-20 11:08:30 +0000: Memory Usage (143232K) : Extracting rsil resistor
2026-08-20 11:08:30 +0000: Memory Usage (143232K) : Extracting rppd resistor
2026-08-20 11:08:30 +0000: Memory Usage (143616K) : Extracting rhigh resistor
2026-08-20 11:08:30 +0000: Memory Usage (143616K) : Extracting res_metal1 resistor
2026-08-20 11:08:30 +0000: Memory Usage (143744K) : Extracting res_metal2 resistor
2026-08-20 11:08:30 +0000: Memory Usage (143744K) : Extracting res_metal3 resistor
2026-08-20 11:08:30 +0000: Memory Usage (143744K) : Extracting res_metal4 resistor
2026-08-20 11:08:30 +0000: Memory Usage (143744K) : Extracting res_metal5 resistor
2026-08-20 11:08:30 +0000: Memory Usage (143744K) : Extracting res_topmetal1 resistor
2026-08-20 11:08:30 +0000: Memory Usage (143744K) : Extracting res_topmetal2 resistor
2026-08-20 11:08:30 +0000: Memory Usage (143744K) : Starting CAP EXTRACTION
2026-08-20 11:08:30 +0000: Memory Usage (143744K) : Extracting cap_cmim device
2026-08-20 11:08:30 +0000: Memory Usage (143744K) : Extracting rfcmim device
2026-08-20 11:08:30 +0000: Memory Usage (143744K) : Extracting sg13_hv_svaricap varactor
2026-08-20 11:08:30 +0000: Memory Usage (143744K) : Extracting cap_cmomi device
2026-08-20 11:08:30 +0000: Memory Usage (143744K) : Extracting cap_cmomf device
2026-08-20 11:08:30 +0000: Memory Usage (143744K) : Extracting sg13_moscap_n capacitor
2026-08-20 11:08:30 +0000: Memory Usage (143744K) : Extracting sg13_moscap_p capacitor
2026-08-20 11:08:30 +0000: Memory Usage (143744K) : Starting ESD EXTRACTION
2026-08-20 11:08:30 +0000: Memory Usage (143744K) : Extracting diodevdd_2kv ESD device
2026-08-20 11:08:30 +0000: Memory Usage (143744K) : Extracting diodevdd_4kv ESD device
2026-08-20 11:08:30 +0000: Memory Usage (143744K) : Extracting diodevss_2kv ESD device
2026-08-20 11:08:30 +0000: Memory Usage (143744K) : Extracting diodevss_4kv ESD device
2026-08-20 11:08:30 +0000: Memory Usage (143744K) : Extracting idiodevdd_2kv ESD device
2026-08-20 11:08:30 +0000: Memory Usage (143744K) : Extracting idiodevdd_4kv ESD device
2026-08-20 11:08:30 +0000: Memory Usage (143744K) : Extracting idiodevss_2kv ESD device
2026-08-20 11:08:30 +0000: Memory Usage (143744K) : Extracting idiodevss_4kv ESD device
2026-08-20 11:08:30 +0000: Memory Usage (143744K) : Extracting nmoscl_2 ESD device
2026-08-20 11:08:30 +0000: Memory Usage (143744K) : Extracting nmoscl_4 ESD device
2026-08-20 11:08:30 +0000: Memory Usage (143744K) : Starting Inductor EXTRACTION
2026-08-20 11:08:30 +0000: Memory Usage (143744K) : Extracting Inductor2 device
2026-08-20 11:08:30 +0000: Memory Usage (143744K) : Extracting Inductor3 device
2026-08-20 11:08:30 +0000: Memory Usage (143744K) : Starting Taps EXTRACTION
2026-08-20 11:08:30 +0000: Memory Usage (143744K) : Extracting ntap1 device
2026-08-20 11:08:30 +0000: Memory Usage (143744K) : Extracting ptap1 device
2026-08-20 11:08:30 +0000: Memory Usage (143744K) : Starting SG13G2 LVS RF MOS Model Mapping
2026-08-20 11:08:30 +0000: Memory Usage (143744K) : [layout_netlist] Apply RF MOS model mapping and rfmode parameter.
2026-08-20 11:08:30 +0000: Memory Usage (143744K) : Starting SG13G2 LVS Options Preparations
2026-08-20 11:08:30 +0000: Memory Usage (143744K) : SG13G2 LVS flow: extraction -> alignment -> option preparation -> comparison.
2026-08-20 11:08:30 +0000: Memory Usage (143744K) : Starting SG13G2 LVS Alignment
2026-08-20 11:08:30 +0000: Memory Usage (143872K) : Starting SG13G2 LVS Simplification
2026-08-20 11:08:30 +0000: Memory Usage (143872K) : [layout_netlist] simplify: ENABLED
2026-08-20 11:08:30 +0000: Memory Usage (143872K) : [layout_netlist] make_top_level_pins: SKIPPED
2026-08-20 11:08:30 +0000: Memory Usage (143872K) : [layout_netlist] combine_devices: SKIPPED
2026-08-20 11:08:30 +0000: Memory Usage (143872K) : [layout_netlist] purge: SKIPPED
2026-08-20 11:08:30 +0000: Memory Usage (143872K) : [layout_netlist] purge_nets: SKIPPED
2026-08-20 11:08:30 +0000: Memory Usage (143872K) : [schematic_netlist] simplify: ENABLED
2026-08-20 11:08:30 +0000: Memory Usage (143872K) : [schematic_netlist] make_top_level_pins: SKIPPED
2026-08-20 11:08:30 +0000: Memory Usage (143872K) : [schematic_netlist] combine_devices: SKIPPED
2026-08-20 11:08:30 +0000: Memory Usage (143872K) : [schematic_netlist] purge: SKIPPED
2026-08-20 11:08:30 +0000: Memory Usage (143872K) : [schematic_netlist] purge_nets: SKIPPED
2026-08-20 11:08:30 +0000: Memory Usage (143872K) : Starting SG13G2 LVS Comparison
2026-08-20 11:08:30 +0000: Memory Usage (144000K) : xxxxxxxxxxxxxxxxxxxxxxxxxxxxxxxxxxxxxxxxxx
2026-08-20 11:08:30 +0000: Memory Usage (144000K) : ERROR : Netlists don't match
2026-08-20 11:08:30 +0000: Memory Usage (144000K) : xxxxxxxxxxxxxxxxxxxxxxxxxxxxxxxxxxxxxxxxxx
2026-08-20 11:08:30 +0000: Memory Usage (144000K) : LVS Total Run time 0.396510 seconds

--- stderr ---
20-Aug-2026 11:08:29 | INFO    | Your Klayout version is: KLayout 0.30.5 (required >= 0.30.5)
20-Aug-2026 11:08:29 | INFO    | Running SG13G2 LVS checks on design /workspace/layout/blocks/out/term_stage/_cmim_probe/probe_ctle.gds on cell probe
20-Aug-2026 11:08:30 | INFO    | ==============================================================================
20-Aug-2026 11:08:30 | INFO    | Important Summary
20-Aug-2026 11:08:30 | INFO    | +------------------+--------------------------------------------------------------+
20-Aug-2026 11:08:30 | INFO    | | Status           | FAIL                                                         |
20-Aug-2026 11:08:30 | INFO    | | Mode             | COMPARE                                                      |
20-Aug-2026 11:08:30 | INFO    | | Outcome          | Comparison mode: FAIL (netlists do not match).               |
20-Aug-2026 11:08:30 | INFO    | | Layout           | probe_ctle.gds                                               |
20-Aug-2026 11:08:30 | INFO    | | Top Cell         | probe                                                        |
20-Aug-2026 11:08:30 | INFO    | | Results Dir      | /workspace/layout/blocks/out/term_stage/_cmim_probe/lvs_ctle |
20-Aug-2026 11:08:30 | INFO    | | Warnings         | 0                                                            |
20-Aug-2026 11:08:30 | INFO    | | Errors           | 1                                                            |
20-Aug-2026 11:08:30 | INFO    | | Run Time (s)     | 0.692                                                        |
20-Aug-2026 11:08:30 | INFO    | +------------------+--------------------------------------------------------------+
20-Aug-2026 11:08:30 | ERROR   | Key errors:
20-Aug-2026 11:08:30 | ERROR   |   - 2026-08-20 11:08:30 +0000: Memory Usage (144000K) : ERROR : Netlists don't match
20-Aug-2026 11:08:30 | INFO    | ==============================================================================

