# Logfile created on 2026-08-20 15:37:28 +0000 by logger.rb/v1.5.3
2026-08-20 15:37:28 +0000: Memory Usage (127692K) : Starting running SG13G2 Klayout LVS runset on /workspace/layout/blocks/out/driver_stage/bisect_extra/coils+loads+pads+tapeout/driver_dut.gds
2026-08-20 15:37:28 +0000: Memory Usage (127692K) : Ruby Version for klayout: 3.2.3
2026-08-20 15:37:28 +0000: Memory Usage (129332K) : Loading database to memory is complete.
2026-08-20 15:37:28 +0000: Memory Usage (129332K) : SG13G2 Klayout LVS runset output at: /workspace/layout/blocks/out/driver_stage/bisect_extra/coils+loads+pads+tapeout/lvs/driver_dut.lvsdb
2026-08-20 15:37:28 +0000: Memory Usage (129332K) : Evaluate switches.
2026-08-20 15:37:28 +0000: Memory Usage (129332K) : Extracted netlist with net names: true
2026-08-20 15:37:28 +0000: Memory Usage (129332K) : Extracted netlist with comments in details: false
2026-08-20 15:37:28 +0000: Memory Usage (129332K) : Selected NET_ONLY option: false
2026-08-20 15:37:28 +0000: Memory Usage (129332K) : Selected LAYOUT_NETLIST option: (none)
2026-08-20 15:37:28 +0000: Memory Usage (129332K) : Selected IGNORE_TOP_PORTS_MISMATCH option: true
2026-08-20 15:37:28 +0000: Memory Usage (129332K) : Selected IMPLICIT_NETS option: sub,sub!
2026-08-20 15:37:28 +0000: Memory Usage (129332K) : Selected TOP_LVL_PINS option: false
2026-08-20 15:37:28 +0000: Memory Usage (129332K) : Selected COMBINE DEVICES option: false
2026-08-20 15:37:28 +0000: Memory Usage (129332K) : Selected PURGE option: false
2026-08-20 15:37:28 +0000: Memory Usage (129332K) : Selected PURGE_NETS option: false
2026-08-20 15:37:28 +0000: Memory Usage (129332K) : Selected SIMPLIFY option: true
2026-08-20 15:37:28 +0000: Memory Usage (129332K) : Selected SERIES_RES option: true
2026-08-20 15:37:28 +0000: Memory Usage (129332K) : Selected PARALLEL_RES option: true
2026-08-20 15:37:28 +0000: Memory Usage (129332K) : Selected DISABLE_TAP_EXTRACTION option: true
2026-08-20 15:37:28 +0000: Memory Usage (129332K) : deep  mode is enabled.
2026-08-20 15:37:28 +0000: Memory Usage (129332K) : Applying implicit connections (case-sensitive, pattern supported) for nets: sub, sub!
2026-08-20 15:37:28 +0000: Memory Usage (130588K) : Netlist file: /workspace/layout/blocks/out/driver_stage/bisect_extra/coils+loads+pads+tapeout/driver_dut.cdl
2026-08-20 15:37:28 +0000: Memory Usage (130588K) : LVS extracted netlist at: /workspace/layout/blocks/out/driver_stage/bisect_extra/coils+loads+pads+tapeout/lvs/driver_dut_extracted.cir
2026-08-20 15:37:28 +0000: Memory Usage (130588K) : Applying SRAM integration support.
2026-08-20 15:37:28 +0000: Memory Usage (130588K) : Starting SG13G2 LVS runset
2026-08-20 15:37:28 +0000: Memory Usage (130588K) : Read in polygons from layers.
2026-08-20 15:37:28 +0000: Memory Usage (131640K) : activ_drw has 875 polygons
2026-08-20 15:37:28 +0000: Memory Usage (131640K) : activ_filler has 0 polygons
2026-08-20 15:37:28 +0000: Memory Usage (131768K) : activ has 875 polygons
2026-08-20 15:37:28 +0000: Memory Usage (131768K) : activ_pin has 0 polygons
2026-08-20 15:37:28 +0000: Memory Usage (131768K) : activ_mask has 4 polygons
2026-08-20 15:37:28 +0000: Memory Usage (131768K) : activ_nofill has 2 polygons
2026-08-20 15:37:28 +0000: Memory Usage (131768K) : activ_OPC has 0 polygons
2026-08-20 15:37:28 +0000: Memory Usage (131768K) : activ_iOPC has 0 polygons
2026-08-20 15:37:28 +0000: Memory Usage (131768K) : activ_noqrc has 0 polygons
2026-08-20 15:37:28 +0000: Memory Usage (131768K) : biwind_drw has 0 polygons
2026-08-20 15:37:28 +0000: Memory Usage (131860K) : biwind_OPC has 0 polygons
2026-08-20 15:37:28 +0000: Memory Usage (132372K) : gatpoly_drw has 141 polygons
2026-08-20 15:37:28 +0000: Memory Usage (132372K) : gatpoly_filler has 0 polygons
2026-08-20 15:37:28 +0000: Memory Usage (132372K) : gatpoly has 141 polygons
2026-08-20 15:37:28 +0000: Memory Usage (132372K) : gatpoly_pin has 119 polygons
2026-08-20 15:37:28 +0000: Memory Usage (132372K) : gatpoly_nofill has 2 polygons
2026-08-20 15:37:28 +0000: Memory Usage (132372K) : gatpoly_OPC has 0 polygons
2026-08-20 15:37:28 +0000: Memory Usage (132372K) : gatpoly_iOPC has 0 polygons
2026-08-20 15:37:28 +0000: Memory Usage (132372K) : gatpoly_noqrc has 0 polygons
2026-08-20 15:37:28 +0000: Memory Usage (132372K) : cont_drw has 10261 polygons
2026-08-20 15:37:28 +0000: Memory Usage (132372K) : cont_OPC has 0 polygons
2026-08-20 15:37:28 +0000: Memory Usage (132372K) : nsd_drw has 0 polygons
2026-08-20 15:37:28 +0000: Memory Usage (132372K) : nsd_block has 4 polygons
2026-08-20 15:37:28 +0000: Memory Usage (132372K) : metal1_drw has 1526 polygons
2026-08-20 15:37:28 +0000: Memory Usage (132372K) : metal1_filler has 0 polygons
2026-08-20 15:37:28 +0000: Memory Usage (132372K) : metal1_slit has 0 polygons
2026-08-20 15:37:28 +0000: Memory Usage (132500K) : metal1 has 1526 polygons
2026-08-20 15:37:28 +0000: Memory Usage (132500K) : metal1_pin has 746 polygons
2026-08-20 15:37:28 +0000: Memory Usage (132500K) : metal1_mask has 0 polygons
2026-08-20 15:37:28 +0000: Memory Usage (132500K) : metal1_nofill has 2 polygons
2026-08-20 15:37:28 +0000: Memory Usage (132628K) : metal1_text has 5 polygons
2026-08-20 15:37:28 +0000: Memory Usage (132628K) : metal1_OPC has 0 polygons
2026-08-20 15:37:28 +0000: Memory Usage (132756K) : metal1_noqrc has 0 polygons
2026-08-20 15:37:28 +0000: Memory Usage (132756K) : metal1_res has 0 polygons
2026-08-20 15:37:28 +0000: Memory Usage (132756K) : metal1_iprobe has 0 polygons
2026-08-20 15:37:28 +0000: Memory Usage (132884K) : metal1_diffprb has 0 polygons
2026-08-20 15:37:28 +0000: Memory Usage (132884K) : passiv_drw has 2 polygons
2026-08-20 15:37:28 +0000: Memory Usage (133012K) : passiv_pin has 0 polygons
2026-08-20 15:37:28 +0000: Memory Usage (133012K) : passiv_sbump has 0 polygons
2026-08-20 15:37:28 +0000: Memory Usage (133012K) : passiv_pillar has 0 polygons
2026-08-20 15:37:28 +0000: Memory Usage (133140K) : passiv_pdl has 0 polygons
2026-08-20 15:37:28 +0000: Memory Usage (133140K) : metal2_drw has 530 polygons
2026-08-20 15:37:28 +0000: Memory Usage (133140K) : metal2_filler has 0 polygons
2026-08-20 15:37:28 +0000: Memory Usage (133268K) : metal2_slit has 0 polygons
2026-08-20 15:37:28 +0000: Memory Usage (133268K) : metal2 has 530 polygons
2026-08-20 15:37:28 +0000: Memory Usage (133268K) : metal2_pin has 2 polygons
2026-08-20 15:37:28 +0000: Memory Usage (133268K) : metal2_mask has 0 polygons
2026-08-20 15:37:28 +0000: Memory Usage (133396K) : metal2_nofill has 2 polygons
2026-08-20 15:37:28 +0000: Memory Usage (133396K) : metal2_text has 3 polygons
2026-08-20 15:37:28 +0000: Memory Usage (133396K) : metal2_OPC has 0 polygons
2026-08-20 15:37:28 +0000: Memory Usage (133396K) : metal2_noqrc has 0 polygons
2026-08-20 15:37:28 +0000: Memory Usage (133524K) : metal2_res has 0 polygons
2026-08-20 15:37:28 +0000: Memory Usage (133524K) : metal2_iprobe has 0 polygons
2026-08-20 15:37:28 +0000: Memory Usage (133524K) : metal2_diffprb has 0 polygons
2026-08-20 15:37:28 +0000: Memory Usage (133524K) : baspoly_drw has 0 polygons
2026-08-20 15:37:28 +0000: Memory Usage (133652K) : baspoly_pin has 0 polygons
2026-08-20 15:37:28 +0000: Memory Usage (133652K) : psd_drw has 503 polygons
2026-08-20 15:37:28 +0000: Memory Usage (133652K) : nldb_drw has 0 polygons
2026-08-20 15:37:28 +0000: Memory Usage (133652K) : digibnd_drw has 0 polygons
2026-08-20 15:37:28 +0000: Memory Usage (133780K) : via1_drw has 6770 polygons
2026-08-20 15:37:28 +0000: Memory Usage (133780K) : backmetal1_drw has 0 polygons
2026-08-20 15:37:28 +0000: Memory Usage (133780K) : backmetal1_pin has 0 polygons
2026-08-20 15:37:28 +0000: Memory Usage (133908K) : backmetal1_mask has 0 polygons
2026-08-20 15:37:28 +0000: Memory Usage (133908K) : backmetal1_filler has 0 polygons
2026-08-20 15:37:28 +0000: Memory Usage (133908K) : backmetal1_nofill has 0 polygons
2026-08-20 15:37:28 +0000: Memory Usage (133908K) : backmetal1_slit has 0 polygons
2026-08-20 15:37:28 +0000: Memory Usage (134036K) : backmetal1_text has 0 polygons
2026-08-20 15:37:28 +0000: Memory Usage (134036K) : backmetal1_OPC has 0 polygons
2026-08-20 15:37:28 +0000: Memory Usage (134036K) : backmetal1_noqrc has 0 polygons
2026-08-20 15:37:28 +0000: Memory Usage (134036K) : backmetal1_res has 0 polygons
2026-08-20 15:37:28 +0000: Memory Usage (134164K) : backmetal1_iprobe has 0 polygons
2026-08-20 15:37:28 +0000: Memory Usage (134164K) : backmetal1_diffprb has 0 polygons
2026-08-20 15:37:28 +0000: Memory Usage (134164K) : backpassiv_drw has 0 polygons
2026-08-20 15:37:28 +0000: Memory Usage (134164K) : res_drw has 2 polygons
2026-08-20 15:37:28 +0000: Memory Usage (134292K) : sram_drw has 0 polygons
2026-08-20 15:37:28 +0000: Memory Usage (134292K) : trans_drw has 2 polygons
2026-08-20 15:37:28 +0000: Memory Usage (134292K) : ind_drw has 2 polygons
2026-08-20 15:37:28 +0000: Memory Usage (134292K) : ind_pin has 4 polygons
2026-08-20 15:37:28 +0000: Memory Usage (134420K) : ind_text has 4 polygons
2026-08-20 15:37:28 +0000: Memory Usage (134420K) : salblock_drw has 12 polygons
2026-08-20 15:37:28 +0000: Memory Usage (134420K) : via2_drw has 804 polygons
2026-08-20 15:37:28 +0000: Memory Usage (134548K) : metal3_drw has 45 polygons
2026-08-20 15:37:28 +0000: Memory Usage (134548K) : metal3_filler has 0 polygons
2026-08-20 15:37:28 +0000: Memory Usage (134548K) : metal3_slit has 0 polygons
2026-08-20 15:37:28 +0000: Memory Usage (134548K) : metal3 has 45 polygons
2026-08-20 15:37:28 +0000: Memory Usage (134676K) : metal3_pin has 2 polygons
2026-08-20 15:37:28 +0000: Memory Usage (134676K) : metal3_mask has 0 polygons
2026-08-20 15:37:28 +0000: Memory Usage (134676K) : metal3_nofill has 2 polygons
2026-08-20 15:37:28 +0000: Memory Usage (134676K) : metal3_text has 0 polygons
2026-08-20 15:37:28 +0000: Memory Usage (134676K) : metal3_OPC has 0 polygons
2026-08-20 15:37:28 +0000: Memory Usage (134676K) : metal3_noqrc has 0 polygons
2026-08-20 15:37:28 +0000: Memory Usage (134676K) : metal3_res has 0 polygons
2026-08-20 15:37:28 +0000: Memory Usage (134676K) : metal3_iprobe has 0 polygons
2026-08-20 15:37:28 +0000: Memory Usage (134676K) : metal3_diffprb has 0 polygons
2026-08-20 15:37:28 +0000: Memory Usage (134676K) : nwell_drw has 4 polygons
2026-08-20 15:37:28 +0000: Memory Usage (134676K) : nwell_pin has 0 polygons
2026-08-20 15:37:28 +0000: Memory Usage (134676K) : nwell_text has 0 polygons
2026-08-20 15:37:28 +0000: Memory Usage (134676K) : nbulay_drw has 1 polygons
2026-08-20 15:37:28 +0000: Memory Usage (134676K) : nbulay_pin has 0 polygons
2026-08-20 15:37:28 +0000: Memory Usage (134676K) : nbulay_block has 0 polygons
2026-08-20 15:37:28 +0000: Memory Usage (134804K) : emwind_drw has 4 polygons
2026-08-20 15:37:28 +0000: Memory Usage (134804K) : emwind_OPC has 0 polygons
2026-08-20 15:37:28 +0000: Memory Usage (134804K) : deepco_drw has 0 polygons
2026-08-20 15:37:28 +0000: Memory Usage (134804K) : mim_drw has 0 polygons
2026-08-20 15:37:28 +0000: Memory Usage (134804K) : edgeseal_drw has 0 polygons
2026-08-20 15:37:28 +0000: Memory Usage (134932K) : substrate_drw has 500 polygons
2026-08-20 15:37:28 +0000: Memory Usage (134932K) : substrate_text has 0 polygons
2026-08-20 15:37:28 +0000: Memory Usage (134932K) : dfpad_drw has 2 polygons
2026-08-20 15:37:29 +0000: Memory Usage (134932K) : dfpad_pillar has 0 polygons
2026-08-20 15:37:29 +0000: Memory Usage (134932K) : dfpad_sbump has 0 polygons
2026-08-20 15:37:29 +0000: Memory Usage (134932K) : thickgateox_drw has 1 polygons
2026-08-20 15:37:29 +0000: Memory Usage (135060K) : pldb_drw has 0 polygons
2026-08-20 15:37:29 +0000: Memory Usage (135060K) : pwell_drw has 0 polygons
2026-08-20 15:37:29 +0000: Memory Usage (135060K) : pwell_pin has 0 polygons
2026-08-20 15:37:29 +0000: Memory Usage (135060K) : pwell_block has 2 polygons
2026-08-20 15:37:29 +0000: Memory Usage (135060K) : ic_drw has 0 polygons
2026-08-20 15:37:29 +0000: Memory Usage (135060K) : via3_drw has 1009 polygons
2026-08-20 15:37:29 +0000: Memory Usage (135188K) : metal4_drw has 21 polygons
2026-08-20 15:37:29 +0000: Memory Usage (135188K) : metal4_filler has 0 polygons
2026-08-20 15:37:29 +0000: Memory Usage (135188K) : metal4_slit has 0 polygons
2026-08-20 15:37:29 +0000: Memory Usage (135188K) : metal4 has 21 polygons
2026-08-20 15:37:29 +0000: Memory Usage (135188K) : metal4_pin has 0 polygons
2026-08-20 15:37:29 +0000: Memory Usage (135188K) : metal4_mask has 0 polygons
2026-08-20 15:37:29 +0000: Memory Usage (135316K) : metal4_nofill has 2 polygons
2026-08-20 15:37:29 +0000: Memory Usage (135316K) : metal4_text has 3 polygons
2026-08-20 15:37:29 +0000: Memory Usage (135316K) : metal4_OPC has 0 polygons
2026-08-20 15:37:29 +0000: Memory Usage (135316K) : metal4_noqrc has 0 polygons
2026-08-20 15:37:29 +0000: Memory Usage (135316K) : metal4_res has 0 polygons
2026-08-20 15:37:29 +0000: Memory Usage (135444K) : metal4_iprobe has 0 polygons
2026-08-20 15:37:29 +0000: Memory Usage (135444K) : metal4_diffprb has 0 polygons
2026-08-20 15:37:29 +0000: Memory Usage (135444K) : heattrans_drw has 123 polygons
2026-08-20 15:37:29 +0000: Memory Usage (135444K) : heatres_drw has 2 polygons
2026-08-20 15:37:29 +0000: Memory Usage (135444K) : fbe_drw has 0 polygons
2026-08-20 15:37:29 +0000: Memory Usage (135444K) : empoly_drw has 0 polygons
2026-08-20 15:37:29 +0000: Memory Usage (135444K) : digisub_drw has 0 polygons
2026-08-20 15:37:29 +0000: Memory Usage (135572K) : text_drw has 639 polygons
2026-08-20 15:37:29 +0000: Memory Usage (135572K) : via4_drw has 1003 polygons
2026-08-20 15:37:29 +0000: Memory Usage (135572K) : metal5_drw has 26 polygons
2026-08-20 15:37:29 +0000: Memory Usage (135572K) : metal5_filler has 0 polygons
2026-08-20 15:37:29 +0000: Memory Usage (135572K) : metal5_slit has 0 polygons
2026-08-20 15:37:29 +0000: Memory Usage (135572K) : metal5 has 26 polygons
2026-08-20 15:37:29 +0000: Memory Usage (135700K) : metal5_pin has 0 polygons
2026-08-20 15:37:29 +0000: Memory Usage (135700K) : metal5_mask has 0 polygons
2026-08-20 15:37:29 +0000: Memory Usage (135700K) : metal5_nofill has 2 polygons
2026-08-20 15:37:29 +0000: Memory Usage (135700K) : metal5_text has 0 polygons
2026-08-20 15:37:29 +0000: Memory Usage (135700K) : metal5_OPC has 0 polygons
2026-08-20 15:37:29 +0000: Memory Usage (135700K) : metal5_noqrc has 0 polygons
2026-08-20 15:37:29 +0000: Memory Usage (135700K) : metal5_res has 0 polygons
2026-08-20 15:37:29 +0000: Memory Usage (135828K) : metal5_iprobe has 0 polygons
2026-08-20 15:37:29 +0000: Memory Usage (135828K) : metal5_diffprb has 0 polygons
2026-08-20 15:37:29 +0000: Memory Usage (135828K) : radhard_drw has 0 polygons
2026-08-20 15:37:29 +0000: Memory Usage (135828K) : memcap_drw has 0 polygons
2026-08-20 15:37:29 +0000: Memory Usage (135956K) : varicap_drw has 0 polygons
2026-08-20 15:37:29 +0000: Memory Usage (135956K) : intbondvia_drw has 0 polygons
2026-08-20 15:37:29 +0000: Memory Usage (135956K) : intbondmet_drw has 0 polygons
2026-08-20 15:37:29 +0000: Memory Usage (135956K) : devbondvia_drw has 0 polygons
2026-08-20 15:37:29 +0000: Memory Usage (136084K) : devbondmet_drw has 0 polygons
2026-08-20 15:37:29 +0000: Memory Usage (136084K) : devtrench_drw has 0 polygons
2026-08-20 15:37:29 +0000: Memory Usage (136084K) : redist_drw has 0 polygons
2026-08-20 15:37:29 +0000: Memory Usage (136084K) : graphbot_drw has 0 polygons
2026-08-20 15:37:29 +0000: Memory Usage (136084K) : graphtop_drw has 0 polygons
2026-08-20 15:37:29 +0000: Memory Usage (136212K) : antvia1_drw has 0 polygons
2026-08-20 15:37:29 +0000: Memory Usage (136212K) : antmetal2_drw has 0 polygons
2026-08-20 15:37:29 +0000: Memory Usage (136212K) : graphcont_drw has 0 polygons
2026-08-20 15:37:29 +0000: Memory Usage (136212K) : siwg_drw has 0 polygons
2026-08-20 15:37:29 +0000: Memory Usage (136212K) : siwg_filler has 0 polygons
2026-08-20 15:37:29 +0000: Memory Usage (136340K) : siwg_nofill has 0 polygons
2026-08-20 15:37:29 +0000: Memory Usage (136340K) : sigrating_drw has 0 polygons
2026-08-20 15:37:29 +0000: Memory Usage (136340K) : singrating_drw has 0 polygons
2026-08-20 15:37:29 +0000: Memory Usage (136340K) : graphpas_drw has 0 polygons
2026-08-20 15:37:29 +0000: Memory Usage (136340K) : emwind3_drw has 0 polygons
2026-08-20 15:37:29 +0000: Memory Usage (136468K) : emwihv3_drw has 0 polygons
2026-08-20 15:37:29 +0000: Memory Usage (136468K) : redbulay_drw has 0 polygons
2026-08-20 15:37:29 +0000: Memory Usage (136468K) : smos_drw has 0 polygons
2026-08-20 15:37:29 +0000: Memory Usage (136468K) : graphpad_drw has 0 polygons
2026-08-20 15:37:29 +0000: Memory Usage (136468K) : polimide_drw has 0 polygons
2026-08-20 15:37:29 +0000: Memory Usage (136468K) : polimide_pin has 0 polygons
2026-08-20 15:37:29 +0000: Memory Usage (136596K) : recog_drw has 1 polygons
2026-08-20 15:37:29 +0000: Memory Usage (136596K) : recog_pin has 0 polygons
2026-08-20 15:37:29 +0000: Memory Usage (136596K) : recog_esd has 1 polygons
2026-08-20 15:37:29 +0000: Memory Usage (136596K) : recog_diode has 0 polygons
2026-08-20 15:37:29 +0000: Memory Usage (136596K) : recog_tsv has 0 polygons
2026-08-20 15:37:29 +0000: Memory Usage (136724K) : recog_iprobe has 0 polygons
2026-08-20 15:37:29 +0000: Memory Usage (136724K) : recog_diffprb has 0 polygons
2026-08-20 15:37:29 +0000: Memory Usage (136724K) : recog_pillar has 0 polygons
2026-08-20 15:37:29 +0000: Memory Usage (136724K) : recog_sbump has 0 polygons
2026-08-20 15:37:29 +0000: Memory Usage (136724K) : recog_otp has 0 polygons
2026-08-20 15:37:29 +0000: Memory Usage (136724K) : recog_pdiode has 0 polygons
2026-08-20 15:37:29 +0000: Memory Usage (136852K) : recog_mom has 0 polygons
2026-08-20 15:37:29 +0000: Memory Usage (136852K) : recog_momf has 0 polygons
2026-08-20 15:37:29 +0000: Memory Usage (136852K) : recog_pcm has 0 polygons
2026-08-20 15:37:29 +0000: Memory Usage (136852K) : colopen_drw has 0 polygons
2026-08-20 15:37:29 +0000: Memory Usage (136980K) : graphmetal1_drw has 0 polygons
2026-08-20 15:37:29 +0000: Memory Usage (136980K) : graphmetal1_filler has 0 polygons
2026-08-20 15:37:29 +0000: Memory Usage (136980K) : graphmetal1_nofill has 0 polygons
2026-08-20 15:37:29 +0000: Memory Usage (136980K) : graphmetal1_slit has 0 polygons
2026-08-20 15:37:29 +0000: Memory Usage (137108K) : graphmetal1_OPC has 0 polygons
2026-08-20 15:37:29 +0000: Memory Usage (137108K) : graphmet1l_drw has 0 polygons
2026-08-20 15:37:29 +0000: Memory Usage (137108K) : graphmet1l_filler has 0 polygons
2026-08-20 15:37:29 +0000: Memory Usage (137108K) : graphmet1l_nofill has 0 polygons
2026-08-20 15:37:29 +0000: Memory Usage (137236K) : graphmet1l_slit has 0 polygons
2026-08-20 15:37:29 +0000: Memory Usage (137236K) : graphmet1l_OPC has 0 polygons
2026-08-20 15:37:29 +0000: Memory Usage (137236K) : extblock_drw has 6 polygons
2026-08-20 15:37:29 +0000: Memory Usage (137236K) : nldd_drw has 0 polygons
2026-08-20 15:37:29 +0000: Memory Usage (137364K) : pldd_drw has 0 polygons
2026-08-20 15:37:29 +0000: Memory Usage (137364K) : next_drw has 0 polygons
2026-08-20 15:37:29 +0000: Memory Usage (137364K) : pext_drw has 0 polygons
2026-08-20 15:37:29 +0000: Memory Usage (137364K) : nexthv_drw has 0 polygons
2026-08-20 15:37:29 +0000: Memory Usage (137364K) : pexthv_drw has 0 polygons
2026-08-20 15:37:29 +0000: Memory Usage (137364K) : graphgate_drw has 0 polygons
2026-08-20 15:37:29 +0000: Memory Usage (137492K) : sinwg_drw has 0 polygons
2026-08-20 15:37:29 +0000: Memory Usage (137492K) : sinwg_filler has 0 polygons
2026-08-20 15:37:29 +0000: Memory Usage (137492K) : sinwg_nofill has 0 polygons
2026-08-20 15:37:29 +0000: Memory Usage (137492K) : mempad_drw has 0 polygons
2026-08-20 15:37:29 +0000: Memory Usage (137492K) : topvia1_drw has 475 polygons
2026-08-20 15:37:29 +0000: Memory Usage (137620K) : topmetal1_drw has 46 polygons
2026-08-20 15:37:29 +0000: Memory Usage (137620K) : topmetal1_filler has 0 polygons
2026-08-20 15:37:29 +0000: Memory Usage (137620K) : topmetal1_slit has 0 polygons
2026-08-20 15:37:29 +0000: Memory Usage (137620K) : topmetal1 has 46 polygons
2026-08-20 15:37:29 +0000: Memory Usage (137620K) : topmetal1_pin has 0 polygons
2026-08-20 15:37:29 +0000: Memory Usage (137620K) : topmetal1_mask has 0 polygons
2026-08-20 15:37:29 +0000: Memory Usage (137748K) : topmetal1_nofill has 2 polygons
2026-08-20 15:37:29 +0000: Memory Usage (137748K) : topmetal1_text has 0 polygons
2026-08-20 15:37:29 +0000: Memory Usage (137748K) : topmetal1_noqrc has 0 polygons
2026-08-20 15:37:29 +0000: Memory Usage (137748K) : topmetal1_res has 0 polygons
2026-08-20 15:37:29 +0000: Memory Usage (137748K) : topmetal1_iprobe has 0 polygons
2026-08-20 15:37:29 +0000: Memory Usage (137876K) : topmetal1_diffprb has 0 polygons
2026-08-20 15:37:29 +0000: Memory Usage (137876K) : inldpwl_drw has 0 polygons
2026-08-20 15:37:29 +0000: Memory Usage (137876K) : polyres_drw has 2 polygons
2026-08-20 15:37:29 +0000: Memory Usage (137876K) : polyres_pin has 0 polygons
2026-08-20 15:37:29 +0000: Memory Usage (138004K) : vmim_drw has 0 polygons
2026-08-20 15:37:29 +0000: Memory Usage (138004K) : nbulaycut_drw has 0 polygons
2026-08-20 15:37:29 +0000: Memory Usage (138004K) : antmetal1_drw has 0 polygons
2026-08-20 15:37:29 +0000: Memory Usage (138004K) : topvia2_drw has 229 polygons
2026-08-20 15:37:29 +0000: Memory Usage (138132K) : topmetal2_drw has 56 polygons
2026-08-20 15:37:29 +0000: Memory Usage (138132K) : topmetal2_filler has 0 polygons
2026-08-20 15:37:29 +0000: Memory Usage (138260K) : topmetal2_slit has 0 polygons
2026-08-20 15:37:29 +0000: Memory Usage (138260K) : topmetal2 has 56 polygons
2026-08-20 15:37:29 +0000: Memory Usage (138260K) : topmetal2_pin has 4 polygons
2026-08-20 15:37:29 +0000: Memory Usage (138388K) : topmetal2_mask has 0 polygons
2026-08-20 15:37:29 +0000: Memory Usage (138388K) : topmetal2_nofill has 2 polygons
2026-08-20 15:37:29 +0000: Memory Usage (138388K) : topmetal2_text has 8 polygons
2026-08-20 15:37:29 +0000: Memory Usage (138388K) : topmetal2_noqrc has 0 polygons
2026-08-20 15:37:29 +0000: Memory Usage (138388K) : topmetal2_res has 0 polygons
2026-08-20 15:37:29 +0000: Memory Usage (138516K) : topmetal2_iprobe has 0 polygons
2026-08-20 15:37:29 +0000: Memory Usage (138516K) : topmetal2_diffprb has 0 polygons
2026-08-20 15:37:29 +0000: Memory Usage (138516K) : snsring_drw has 0 polygons
2026-08-20 15:37:29 +0000: Memory Usage (138644K) : sensor_drw has 0 polygons
2026-08-20 15:37:29 +0000: Memory Usage (138644K) : snsarms_drw has 0 polygons
2026-08-20 15:37:29 +0000: Memory Usage (138644K) : snscmosvia_drw has 0 polygons
2026-08-20 15:37:29 +0000: Memory Usage (138644K) : colwind_drw has 0 polygons
2026-08-20 15:37:29 +0000: Memory Usage (138772K) : flm_drw has 0 polygons
2026-08-20 15:37:29 +0000: Memory Usage (138772K) : hafniumox_drw has 0 polygons
2026-08-20 15:37:29 +0000: Memory Usage (138900K) : memvia_drw has 0 polygons
2026-08-20 15:37:29 +0000: Memory Usage (138900K) : thinfilmres_drw has 0 polygons
2026-08-20 15:37:29 +0000: Memory Usage (138900K) : rfmem_drw has 0 polygons
2026-08-20 15:37:29 +0000: Memory Usage (139028K) : norcx_drw has 2 polygons
2026-08-20 15:37:29 +0000: Memory Usage (139028K) : norcx_m2m3 has 0 polygons
2026-08-20 15:37:29 +0000: Memory Usage (139028K) : norcx_m2m4 has 0 polygons
2026-08-20 15:37:29 +0000: Memory Usage (139028K) : norcx_m2m5 has 0 polygons
2026-08-20 15:37:29 +0000: Memory Usage (139028K) : norcx_m2tm1 has 0 polygons
2026-08-20 15:37:29 +0000: Memory Usage (139028K) : norcx_m2tm2 has 0 polygons
2026-08-20 15:37:29 +0000: Memory Usage (139028K) : norcx_m3m4 has 0 polygons
2026-08-20 15:37:29 +0000: Memory Usage (139028K) : norcx_m3m5 has 0 polygons
2026-08-20 15:37:29 +0000: Memory Usage (139028K) : norcx_m3tm1 has 0 polygons
2026-08-20 15:37:29 +0000: Memory Usage (139028K) : norcx_m3tm2 has 0 polygons
2026-08-20 15:37:29 +0000: Memory Usage (139028K) : norcx_m4m5 has 0 polygons
2026-08-20 15:37:29 +0000: Memory Usage (139028K) : norcx_m4tm1 has 0 polygons
2026-08-20 15:37:29 +0000: Memory Usage (139028K) : norcx_m4tm2 has 0 polygons
2026-08-20 15:37:29 +0000: Memory Usage (139028K) : norcx_m5tm1 has 0 polygons
2026-08-20 15:37:29 +0000: Memory Usage (139028K) : norcx_m5tm2 has 0 polygons
2026-08-20 15:37:29 +0000: Memory Usage (139028K) : norcx_tm1tm2 has 0 polygons
2026-08-20 15:37:29 +0000: Memory Usage (139028K) : norcx_m1sub has 0 polygons
2026-08-20 15:37:29 +0000: Memory Usage (139028K) : norcx_m2sub has 0 polygons
2026-08-20 15:37:29 +0000: Memory Usage (139028K) : norcx_m3sub has 0 polygons
2026-08-20 15:37:29 +0000: Memory Usage (139028K) : norcx_m4sub has 0 polygons
2026-08-20 15:37:29 +0000: Memory Usage (139028K) : norcx_m5sub has 0 polygons
2026-08-20 15:37:29 +0000: Memory Usage (139028K) : norcx_tm1sub has 0 polygons
2026-08-20 15:37:29 +0000: Memory Usage (139028K) : norcx_tm2sub has 0 polygons
2026-08-20 15:37:29 +0000: Memory Usage (139028K) : snsbotvia_drw has 0 polygons
2026-08-20 15:37:29 +0000: Memory Usage (139028K) : snstopvia_drw has 0 polygons
2026-08-20 15:37:29 +0000: Memory Usage (139028K) : deepvia_drw has 0 polygons
2026-08-20 15:37:29 +0000: Memory Usage (139028K) : fgetch_drw has 0 polygons
2026-08-20 15:37:29 +0000: Memory Usage (139028K) : ctrgat_drw has 0 polygons
2026-08-20 15:37:29 +0000: Memory Usage (139028K) : fgimp_drw has 0 polygons
2026-08-20 15:37:29 +0000: Memory Usage (139028K) : emwihv_drw has 0 polygons
2026-08-20 15:37:29 +0000: Memory Usage (139028K) : lbe_drw has 2 polygons
2026-08-20 15:37:29 +0000: Memory Usage (139028K) : alcustop_drw has 0 polygons
2026-08-20 15:37:29 +0000: Memory Usage (139028K) : nometfiller_drw has 0 polygons
2026-08-20 15:37:29 +0000: Memory Usage (139028K) : prboundary_drw has 0 polygons
2026-08-20 15:37:29 +0000: Memory Usage (139028K) : exchange0_drw has 0 polygons
2026-08-20 15:37:29 +0000: Memory Usage (139028K) : exchange0_pin has 0 polygons
2026-08-20 15:37:29 +0000: Memory Usage (139028K) : exchange0_text has 0 polygons
2026-08-20 15:37:29 +0000: Memory Usage (139028K) : exchange1_drw has 0 polygons
2026-08-20 15:37:29 +0000: Memory Usage (139028K) : exchange1_pin has 0 polygons
2026-08-20 15:37:29 +0000: Memory Usage (139028K) : exchange1_text has 0 polygons
2026-08-20 15:37:29 +0000: Memory Usage (139028K) : exchange2_drw has 0 polygons
2026-08-20 15:37:29 +0000: Memory Usage (139028K) : exchange2_pin has 0 polygons
2026-08-20 15:37:29 +0000: Memory Usage (139028K) : exchange2_text has 0 polygons
2026-08-20 15:37:29 +0000: Memory Usage (139028K) : exchange3_drw has 0 polygons
2026-08-20 15:37:29 +0000: Memory Usage (139028K) : exchange3_pin has 0 polygons
2026-08-20 15:37:29 +0000: Memory Usage (139028K) : exchange3_text has 0 polygons
2026-08-20 15:37:29 +0000: Memory Usage (139028K) : exchange4_drw has 0 polygons
2026-08-20 15:37:29 +0000: Memory Usage (139028K) : exchange4_pin has 0 polygons
2026-08-20 15:37:29 +0000: Memory Usage (139028K) : exchange4_text has 0 polygons
2026-08-20 15:37:29 +0000: Memory Usage (139028K) : isonwell_drw has 0 polygons
2026-08-20 15:37:29 +0000: Memory Usage (139028K) : Total no. of polygons in the design is 26558
2026-08-20 15:37:29 +0000: Memory Usage (139028K) : Starting base layers derivations
2026-08-20 15:37:29 +0000: Memory Usage (139028K) : Starting general LVS derivations
2026-08-20 15:37:29 +0000: Memory Usage (143640K) : Starting MOSFET DERIVATIONS
2026-08-20 15:37:29 +0000: Memory Usage (143896K) : Starting NMOS DERIVATIONS
2026-08-20 15:37:29 +0000: Memory Usage (143896K) : Starting PMOS DERIVATIONS
2026-08-20 15:37:29 +0000: Memory Usage (143896K) : Starting RF-MOSFET DERIVATIONS
2026-08-20 15:37:29 +0000: Memory Usage (143896K) : Starting RF-NMOS DERIVATIONS
2026-08-20 15:37:29 +0000: Memory Usage (143896K) : Starting RF-PMOS DERIVATIONS
2026-08-20 15:37:29 +0000: Memory Usage (143896K) : Starting BJT DERIVATIONS
2026-08-20 15:37:29 +0000: Memory Usage (143896K) : Starting NPN-BJT DERIVATIONS
2026-08-20 15:37:29 +0000: Memory Usage (144024K) : Starting PNP-BJT DERIVATIONS
2026-08-20 15:37:29 +0000: Memory Usage (144024K) : Starting DIODE DERIVATIONS
2026-08-20 15:37:29 +0000: Memory Usage (144024K) : Starting RESISTOR DERIVATIONS
2026-08-20 15:37:29 +0000: Memory Usage (144152K) : Starting CAP DERIVATIONS
2026-08-20 15:37:29 +0000: Memory Usage (144536K) : Starting CAP_CMOM DERIVATIONS
2026-08-20 15:37:29 +0000: Memory Usage (144536K) : Starting CAP_CMOMF DERIVATIONS
2026-08-20 15:37:29 +0000: Memory Usage (144536K) : Starting ESD DERIVATIONS
2026-08-20 15:37:30 +0000: Memory Usage (144536K) : Starting Inductor DERIVATIONS
2026-08-20 15:37:30 +0000: Memory Usage (144536K) : Starting Taps DERIVATIONS
2026-08-20 15:37:30 +0000: Memory Usage (144536K) : Starting SG13G2 LVS connectivity setup
2026-08-20 15:37:30 +0000: Memory Usage (144536K) : Starting SG13G2 LVS connectivity setup (Inter-layer)
2026-08-20 15:37:30 +0000: Memory Usage (144664K) : Starting SG13G2 LVS connectivity setup (Global)
2026-08-20 15:37:30 +0000: Memory Usage (144664K) : Starting LVS MOSFET CONNECTIONS
2026-08-20 15:37:30 +0000: Memory Usage (144664K) : Starting LVS RF-MOSFET CONNECTIONS
2026-08-20 15:37:30 +0000: Memory Usage (144664K) : Starting LVS BJT CONNECTIONS
2026-08-20 15:37:30 +0000: Memory Usage (144664K) : Starting LVS DIODE CONNECTIONS
2026-08-20 15:37:30 +0000: Memory Usage (144664K) : Starting RESISTOR CONNECTIONS
2026-08-20 15:37:30 +0000: Memory Usage (144664K) : Starting LVS CAP CONNECTIONS
2026-08-20 15:37:30 +0000: Memory Usage (144664K) : Starting CAP_CMOM CONNECTIONS
2026-08-20 15:37:30 +0000: Memory Usage (144664K) : Starting CAP_CMOMF CONNECTIONS
2026-08-20 15:37:30 +0000: Memory Usage (144664K) : Starting ESD CONNECTIONS
2026-08-20 15:37:30 +0000: Memory Usage (144664K) : Starting Inductor CONNECTIONS
2026-08-20 15:37:30 +0000: Memory Usage (144664K) : Starting LVS Taps CONNECTIONS
2026-08-20 15:37:30 +0000: Memory Usage (144664K) : Starting SG13G2 LVS DEVICES EXTRACTION
2026-08-20 15:37:30 +0000: Memory Usage (144664K) : Starting MOSFET EXTRACTION
2026-08-20 15:37:30 +0000: Memory Usage (144664K) : Starting NMOS EXTRACTION
2026-08-20 15:37:30 +0000: Memory Usage (144664K) : Extraction of NMOS-LV transistor
2026-08-20 15:37:30 +0000: Memory Usage (144664K) : Extraction of NMOS-HV transistor
2026-08-20 15:37:30 +0000: Memory Usage (144664K) : Starting PMOS EXTRACTION
2026-08-20 15:37:30 +0000: Memory Usage (144664K) : Extraction of PMOS-LV transistor
2026-08-20 15:37:30 +0000: Memory Usage (144664K) : Extraction of PMOS-HV transistor
2026-08-20 15:37:30 +0000: Memory Usage (144664K) : Starting RF-MOSFET EXTRACTION
2026-08-20 15:37:30 +0000: Memory Usage (144664K) : Extraction of RF-NMOS-LV transistor
2026-08-20 15:37:30 +0000: Memory Usage (144664K) : Extraction of RF-NMOS-HV transistor
2026-08-20 15:37:30 +0000: Memory Usage (144664K) : Extraction of RF-PMOS-LV transistor
2026-08-20 15:37:30 +0000: Memory Usage (144664K) : Extraction of RF-PMOS-HV transistor
2026-08-20 15:37:30 +0000: Memory Usage (144664K) : Starting BJT EXTRACTION
2026-08-20 15:37:30 +0000: Memory Usage (144664K) : Starting NPN-BJT EXTRACTION
2026-08-20 15:37:30 +0000: Memory Usage (144664K) : Extraction of npn13G2 BJT transistor
2026-08-20 15:37:30 +0000: Memory Usage (144664K) : Extraction of npn13G2L BJT transistor
2026-08-20 15:37:30 +0000: Memory Usage (144664K) : Extraction of npn13G2V BJT transistor
2026-08-20 15:37:30 +0000: Memory Usage (144664K) : Starting PNP-BJT EXTRACTION
2026-08-20 15:37:30 +0000: Memory Usage (144664K) : Extracting pnpMPA BJT
2026-08-20 15:37:30 +0000: Memory Usage (144664K) : Starting DIODE EXTRACTION
2026-08-20 15:37:30 +0000: Memory Usage (144664K) : Extracting dantenna diode
2026-08-20 15:37:30 +0000: Memory Usage (144664K) : Extracting dpantenna diode
2026-08-20 15:37:30 +0000: Memory Usage (144664K) : Extracting schottky_nbl1 diode
2026-08-20 15:37:30 +0000: Memory Usage (144664K) : Extracting isolbox diode
2026-08-20 15:37:30 +0000: Memory Usage (144664K) : Starting RESISTOR EXTRACTION
2026-08-20 15:37:30 +0000: Memory Usage (144664K) : Extracting rsil resistor
2026-08-20 15:37:30 +0000: Memory Usage (144664K) : Extracting rppd resistor
2026-08-20 15:37:30 +0000: Memory Usage (144664K) : Extracting rhigh resistor
2026-08-20 15:37:30 +0000: Memory Usage (144664K) : Extracting res_metal1 resistor
2026-08-20 15:37:30 +0000: Memory Usage (144792K) : Extracting res_metal2 resistor
2026-08-20 15:37:30 +0000: Memory Usage (144792K) : Extracting res_metal3 resistor
2026-08-20 15:37:30 +0000: Memory Usage (144792K) : Extracting res_metal4 resistor
2026-08-20 15:37:30 +0000: Memory Usage (144792K) : Extracting res_metal5 resistor
2026-08-20 15:37:30 +0000: Memory Usage (144792K) : Extracting res_topmetal1 resistor
2026-08-20 15:37:30 +0000: Memory Usage (144792K) : Extracting res_topmetal2 resistor
2026-08-20 15:37:30 +0000: Memory Usage (144792K) : Starting CAP EXTRACTION
2026-08-20 15:37:30 +0000: Memory Usage (144792K) : Extracting cap_cmim device
2026-08-20 15:37:30 +0000: Memory Usage (144792K) : Extracting rfcmim device
2026-08-20 15:37:30 +0000: Memory Usage (144792K) : Extracting sg13_hv_svaricap varactor
2026-08-20 15:37:30 +0000: Memory Usage (144792K) : Extracting cap_cmomi device
2026-08-20 15:37:30 +0000: Memory Usage (144792K) : Extracting cap_cmomf device
2026-08-20 15:37:30 +0000: Memory Usage (144792K) : Extracting sg13_moscap_n capacitor
2026-08-20 15:37:30 +0000: Memory Usage (144792K) : Extracting sg13_moscap_p capacitor
2026-08-20 15:37:30 +0000: Memory Usage (144792K) : Starting ESD EXTRACTION
2026-08-20 15:37:30 +0000: Memory Usage (144792K) : Extracting diodevdd_2kv ESD device
2026-08-20 15:37:30 +0000: Memory Usage (144792K) : Extracting diodevdd_4kv ESD device
2026-08-20 15:37:30 +0000: Memory Usage (144792K) : Extracting diodevss_2kv ESD device
2026-08-20 15:37:30 +0000: Memory Usage (144792K) : Extracting diodevss_4kv ESD device
2026-08-20 15:37:30 +0000: Memory Usage (144792K) : Extracting idiodevdd_2kv ESD device
2026-08-20 15:37:30 +0000: Memory Usage (144792K) : Extracting idiodevdd_4kv ESD device
2026-08-20 15:37:30 +0000: Memory Usage (144792K) : Extracting idiodevss_2kv ESD device
2026-08-20 15:37:30 +0000: Memory Usage (144792K) : Extracting idiodevss_4kv ESD device
2026-08-20 15:37:30 +0000: Memory Usage (144792K) : Extracting nmoscl_2 ESD device
2026-08-20 15:37:30 +0000: Memory Usage (144792K) : Extracting nmoscl_4 ESD device
2026-08-20 15:37:30 +0000: Memory Usage (144792K) : Starting Inductor EXTRACTION
2026-08-20 15:37:30 +0000: Memory Usage (144792K) : Extracting Inductor2 device
2026-08-20 15:37:30 +0000: Memory Usage (144920K) : Extracting Inductor3 device
2026-08-20 15:37:30 +0000: Memory Usage (144920K) : Starting Taps EXTRACTION
2026-08-20 15:37:30 +0000: Memory Usage (144920K) : DISABLE_TAP_EXTRACTION is enabled: skipping ntap1/ptap1 device extraction.
2026-08-20 15:37:30 +0000: Memory Usage (144920K) : Starting SG13G2 LVS RF MOS Model Mapping
2026-08-20 15:37:30 +0000: Memory Usage (145048K) : [layout_netlist] Apply RF MOS model mapping and rfmode parameter.
2026-08-20 15:37:30 +0000: Memory Usage (145048K) : Starting SG13G2 LVS Options Preparations
2026-08-20 15:37:30 +0000: Memory Usage (145048K) : SG13G2 LVS flow: extraction -> alignment -> option preparation -> comparison.
2026-08-20 15:37:30 +0000: Memory Usage (145048K) : Starting SG13G2 LVS Alignment
2026-08-20 15:37:30 +0000: Memory Usage (145048K) : Starting SG13G2 LVS Simplification
2026-08-20 15:37:30 +0000: Memory Usage (145048K) : [layout_netlist] simplify: ENABLED
2026-08-20 15:37:30 +0000: Memory Usage (145048K) : [layout_netlist] make_top_level_pins: SKIPPED
2026-08-20 15:37:30 +0000: Memory Usage (145048K) : [layout_netlist] combine_devices: SKIPPED
2026-08-20 15:37:30 +0000: Memory Usage (145048K) : [layout_netlist] purge: SKIPPED
2026-08-20 15:37:30 +0000: Memory Usage (145048K) : [layout_netlist] purge_nets: SKIPPED
2026-08-20 15:37:30 +0000: Memory Usage (145048K) : [schematic_netlist] simplify: ENABLED
2026-08-20 15:37:30 +0000: Memory Usage (145048K) : [schematic_netlist] make_top_level_pins: SKIPPED
2026-08-20 15:37:30 +0000: Memory Usage (145048K) : [schematic_netlist] combine_devices: SKIPPED
2026-08-20 15:37:30 +0000: Memory Usage (145048K) : [schematic_netlist] purge: SKIPPED
2026-08-20 15:37:30 +0000: Memory Usage (145048K) : [schematic_netlist] purge_nets: SKIPPED
2026-08-20 15:37:30 +0000: Memory Usage (145048K) : Starting SG13G2 LVS Comparison
2026-08-20 15:37:30 +0000: Memory Usage (145176K) : xxxxxxxxxxxxxxxxxxxxxxxxxxxxxxxxxxxxxxxxxx
2026-08-20 15:37:30 +0000: Memory Usage (145176K) : ERROR : Netlists don't match
2026-08-20 15:37:30 +0000: Memory Usage (145176K) : xxxxxxxxxxxxxxxxxxxxxxxxxxxxxxxxxxxxxxxxxx
2026-08-20 15:37:30 +0000: Memory Usage (145176K) : LVS Total Run time 1.737143 seconds
