# Logfile created on 2026-08-20 19:09:26 +0000 by logger.rb/v1.5.3
2026-08-20 19:09:26 +0000: Memory Usage (129008K) : Starting running SG13G2 Klayout LVS runset on /workspace/layout/blocks/out/driver_stage/bisect_run/_probe11_ch_no_ties/driver_dut.gds
2026-08-20 19:09:26 +0000: Memory Usage (129008K) : Ruby Version for klayout: 3.2.3
2026-08-20 19:09:26 +0000: Memory Usage (130092K) : Loading database to memory is complete.
2026-08-20 19:09:26 +0000: Memory Usage (130092K) : SG13G2 Klayout LVS runset output at: /workspace/layout/blocks/out/driver_stage/bisect_run/_probe11_ch_no_ties/lvs/driver_dut.lvsdb
2026-08-20 19:09:26 +0000: Memory Usage (130092K) : Evaluate switches.
2026-08-20 19:09:26 +0000: Memory Usage (130092K) : Extracted netlist with net names: true
2026-08-20 19:09:26 +0000: Memory Usage (130092K) : Extracted netlist with comments in details: false
2026-08-20 19:09:26 +0000: Memory Usage (130092K) : Selected NET_ONLY option: false
2026-08-20 19:09:26 +0000: Memory Usage (130092K) : Selected LAYOUT_NETLIST option: (none)
2026-08-20 19:09:26 +0000: Memory Usage (130092K) : Selected IGNORE_TOP_PORTS_MISMATCH option: true
2026-08-20 19:09:26 +0000: Memory Usage (130092K) : Selected IMPLICIT_NETS option: sub,sub!
2026-08-20 19:09:26 +0000: Memory Usage (130092K) : Selected TOP_LVL_PINS option: false
2026-08-20 19:09:26 +0000: Memory Usage (130092K) : Selected COMBINE DEVICES option: false
2026-08-20 19:09:26 +0000: Memory Usage (130092K) : Selected PURGE option: false
2026-08-20 19:09:26 +0000: Memory Usage (130092K) : Selected PURGE_NETS option: false
2026-08-20 19:09:26 +0000: Memory Usage (130092K) : Selected SIMPLIFY option: true
2026-08-20 19:09:26 +0000: Memory Usage (130092K) : Selected SERIES_RES option: true
2026-08-20 19:09:26 +0000: Memory Usage (130092K) : Selected PARALLEL_RES option: true
2026-08-20 19:09:26 +0000: Memory Usage (130092K) : Selected DISABLE_TAP_EXTRACTION option: true
2026-08-20 19:09:26 +0000: Memory Usage (130092K) : deep  mode is enabled.
2026-08-20 19:09:26 +0000: Memory Usage (130092K) : Applying implicit connections (case-sensitive, pattern supported) for nets: sub, sub!
2026-08-20 19:09:26 +0000: Memory Usage (131396K) : Netlist file: /workspace/layout/blocks/out/driver_stage/bisect_run/_probe11_ch_no_ties/driver_dut.cdl
2026-08-20 19:09:26 +0000: Memory Usage (131396K) : LVS extracted netlist at: /workspace/layout/blocks/out/driver_stage/bisect_run/_probe11_ch_no_ties/lvs/driver_dut_extracted.cir
2026-08-20 19:09:26 +0000: Memory Usage (131396K) : Applying SRAM integration support.
2026-08-20 19:09:26 +0000: Memory Usage (131396K) : Starting SG13G2 LVS runset
2026-08-20 19:09:26 +0000: Memory Usage (131396K) : Read in polygons from layers.
2026-08-20 19:09:26 +0000: Memory Usage (132676K) : activ_drw has 893 polygons
2026-08-20 19:09:26 +0000: Memory Usage (132676K) : activ_filler has 0 polygons
2026-08-20 19:09:26 +0000: Memory Usage (132932K) : activ has 893 polygons
2026-08-20 19:09:26 +0000: Memory Usage (132932K) : activ_pin has 0 polygons
2026-08-20 19:09:26 +0000: Memory Usage (132932K) : activ_mask has 4 polygons
2026-08-20 19:09:26 +0000: Memory Usage (132932K) : activ_nofill has 0 polygons
2026-08-20 19:09:26 +0000: Memory Usage (132932K) : activ_OPC has 0 polygons
2026-08-20 19:09:26 +0000: Memory Usage (132932K) : activ_iOPC has 0 polygons
2026-08-20 19:09:26 +0000: Memory Usage (132932K) : activ_noqrc has 0 polygons
2026-08-20 19:09:26 +0000: Memory Usage (133028K) : biwind_drw has 0 polygons
2026-08-20 19:09:26 +0000: Memory Usage (133540K) : biwind_OPC has 0 polygons
2026-08-20 19:09:26 +0000: Memory Usage (133540K) : gatpoly_drw has 123 polygons
2026-08-20 19:09:26 +0000: Memory Usage (133540K) : gatpoly_filler has 0 polygons
2026-08-20 19:09:26 +0000: Memory Usage (133540K) : gatpoly has 123 polygons
2026-08-20 19:09:26 +0000: Memory Usage (133540K) : gatpoly_pin has 119 polygons
2026-08-20 19:09:26 +0000: Memory Usage (133540K) : gatpoly_nofill has 0 polygons
2026-08-20 19:09:26 +0000: Memory Usage (133540K) : gatpoly_OPC has 0 polygons
2026-08-20 19:09:26 +0000: Memory Usage (133540K) : gatpoly_iOPC has 0 polygons
2026-08-20 19:09:26 +0000: Memory Usage (133540K) : gatpoly_noqrc has 0 polygons
2026-08-20 19:09:26 +0000: Memory Usage (133540K) : cont_drw has 13150 polygons
2026-08-20 19:09:26 +0000: Memory Usage (133540K) : cont_OPC has 0 polygons
2026-08-20 19:09:26 +0000: Memory Usage (133540K) : nsd_drw has 0 polygons
2026-08-20 19:09:26 +0000: Memory Usage (133540K) : nsd_block has 4 polygons
2026-08-20 19:09:26 +0000: Memory Usage (133540K) : metal1_drw has 1515 polygons
2026-08-20 19:09:26 +0000: Memory Usage (133540K) : metal1_filler has 0 polygons
2026-08-20 19:09:26 +0000: Memory Usage (133540K) : metal1_slit has 0 polygons
2026-08-20 19:09:26 +0000: Memory Usage (133668K) : metal1 has 1515 polygons
2026-08-20 19:09:26 +0000: Memory Usage (133668K) : metal1_pin has 746 polygons
2026-08-20 19:09:26 +0000: Memory Usage (133668K) : metal1_mask has 0 polygons
2026-08-20 19:09:26 +0000: Memory Usage (133668K) : metal1_nofill has 0 polygons
2026-08-20 19:09:26 +0000: Memory Usage (133924K) : metal1_text has 3 polygons
2026-08-20 19:09:26 +0000: Memory Usage (133924K) : metal1_OPC has 0 polygons
2026-08-20 19:09:26 +0000: Memory Usage (133924K) : metal1_noqrc has 0 polygons
2026-08-20 19:09:26 +0000: Memory Usage (134052K) : metal1_res has 0 polygons
2026-08-20 19:09:26 +0000: Memory Usage (134052K) : metal1_iprobe has 0 polygons
2026-08-20 19:09:26 +0000: Memory Usage (134052K) : metal1_diffprb has 0 polygons
2026-08-20 19:09:26 +0000: Memory Usage (134180K) : passiv_drw has 2 polygons
2026-08-20 19:09:26 +0000: Memory Usage (134180K) : passiv_pin has 0 polygons
2026-08-20 19:09:26 +0000: Memory Usage (134308K) : passiv_sbump has 0 polygons
2026-08-20 19:09:26 +0000: Memory Usage (134308K) : passiv_pillar has 0 polygons
2026-08-20 19:09:26 +0000: Memory Usage (134308K) : passiv_pdl has 0 polygons
2026-08-20 19:09:26 +0000: Memory Usage (134436K) : metal2_drw has 511 polygons
2026-08-20 19:09:26 +0000: Memory Usage (134436K) : metal2_filler has 0 polygons
2026-08-20 19:09:26 +0000: Memory Usage (134436K) : metal2_slit has 0 polygons
2026-08-20 19:09:26 +0000: Memory Usage (134564K) : metal2 has 511 polygons
2026-08-20 19:09:26 +0000: Memory Usage (134564K) : metal2_pin has 10 polygons
2026-08-20 19:09:26 +0000: Memory Usage (134692K) : metal2_mask has 0 polygons
2026-08-20 19:09:26 +0000: Memory Usage (134692K) : metal2_nofill has 0 polygons
2026-08-20 19:09:26 +0000: Memory Usage (134692K) : metal2_text has 3 polygons
2026-08-20 19:09:26 +0000: Memory Usage (134820K) : metal2_OPC has 0 polygons
2026-08-20 19:09:26 +0000: Memory Usage (134820K) : metal2_noqrc has 0 polygons
2026-08-20 19:09:26 +0000: Memory Usage (134820K) : metal2_res has 0 polygons
2026-08-20 19:09:26 +0000: Memory Usage (134820K) : metal2_iprobe has 0 polygons
2026-08-20 19:09:26 +0000: Memory Usage (134948K) : metal2_diffprb has 0 polygons
2026-08-20 19:09:26 +0000: Memory Usage (134948K) : baspoly_drw has 0 polygons
2026-08-20 19:09:26 +0000: Memory Usage (134948K) : baspoly_pin has 0 polygons
2026-08-20 19:09:26 +0000: Memory Usage (134948K) : psd_drw has 514 polygons
2026-08-20 19:09:26 +0000: Memory Usage (135076K) : nldb_drw has 0 polygons
2026-08-20 19:09:26 +0000: Memory Usage (135076K) : digibnd_drw has 0 polygons
2026-08-20 19:09:26 +0000: Memory Usage (135076K) : via1_drw has 6612 polygons
2026-08-20 19:09:26 +0000: Memory Usage (135076K) : backmetal1_drw has 0 polygons
2026-08-20 19:09:26 +0000: Memory Usage (135204K) : backmetal1_pin has 0 polygons
2026-08-20 19:09:26 +0000: Memory Usage (135204K) : backmetal1_mask has 0 polygons
2026-08-20 19:09:26 +0000: Memory Usage (135204K) : backmetal1_filler has 0 polygons
2026-08-20 19:09:26 +0000: Memory Usage (135332K) : backmetal1_nofill has 0 polygons
2026-08-20 19:09:26 +0000: Memory Usage (135332K) : backmetal1_slit has 0 polygons
2026-08-20 19:09:26 +0000: Memory Usage (135332K) : backmetal1_text has 0 polygons
2026-08-20 19:09:26 +0000: Memory Usage (135332K) : backmetal1_OPC has 0 polygons
2026-08-20 19:09:26 +0000: Memory Usage (135332K) : backmetal1_noqrc has 0 polygons
2026-08-20 19:09:26 +0000: Memory Usage (135460K) : backmetal1_res has 0 polygons
2026-08-20 19:09:26 +0000: Memory Usage (135460K) : backmetal1_iprobe has 0 polygons
2026-08-20 19:09:26 +0000: Memory Usage (135460K) : backmetal1_diffprb has 0 polygons
2026-08-20 19:09:26 +0000: Memory Usage (135460K) : backpassiv_drw has 0 polygons
2026-08-20 19:09:26 +0000: Memory Usage (135588K) : res_drw has 0 polygons
2026-08-20 19:09:26 +0000: Memory Usage (135588K) : sram_drw has 0 polygons
2026-08-20 19:09:26 +0000: Memory Usage (135588K) : trans_drw has 2 polygons
2026-08-20 19:09:26 +0000: Memory Usage (135716K) : ind_drw has 0 polygons
2026-08-20 19:09:26 +0000: Memory Usage (135716K) : ind_pin has 0 polygons
2026-08-20 19:09:26 +0000: Memory Usage (135716K) : ind_text has 0 polygons
2026-08-20 19:09:26 +0000: Memory Usage (135716K) : salblock_drw has 0 polygons
2026-08-20 19:09:26 +0000: Memory Usage (135716K) : via2_drw has 21 polygons
2026-08-20 19:09:26 +0000: Memory Usage (135844K) : metal3_drw has 11 polygons
2026-08-20 19:09:26 +0000: Memory Usage (135844K) : metal3_filler has 0 polygons
2026-08-20 19:09:26 +0000: Memory Usage (135844K) : metal3_slit has 0 polygons
2026-08-20 19:09:26 +0000: Memory Usage (135972K) : metal3 has 11 polygons
2026-08-20 19:09:26 +0000: Memory Usage (135972K) : metal3_pin has 0 polygons
2026-08-20 19:09:26 +0000: Memory Usage (135972K) : metal3_mask has 0 polygons
2026-08-20 19:09:26 +0000: Memory Usage (135972K) : metal3_nofill has 0 polygons
2026-08-20 19:09:26 +0000: Memory Usage (136100K) : metal3_text has 0 polygons
2026-08-20 19:09:26 +0000: Memory Usage (136100K) : metal3_OPC has 0 polygons
2026-08-20 19:09:26 +0000: Memory Usage (136100K) : metal3_noqrc has 0 polygons
2026-08-20 19:09:26 +0000: Memory Usage (136100K) : metal3_res has 0 polygons
2026-08-20 19:09:26 +0000: Memory Usage (136228K) : metal3_iprobe has 0 polygons
2026-08-20 19:09:26 +0000: Memory Usage (136228K) : metal3_diffprb has 0 polygons
2026-08-20 19:09:26 +0000: Memory Usage (136228K) : nwell_drw has 10 polygons
2026-08-20 19:09:26 +0000: Memory Usage (136228K) : nwell_pin has 0 polygons
2026-08-20 19:09:26 +0000: Memory Usage (136228K) : nwell_text has 0 polygons
2026-08-20 19:09:26 +0000: Memory Usage (136228K) : nbulay_drw has 0 polygons
2026-08-20 19:09:26 +0000: Memory Usage (136228K) : nbulay_pin has 0 polygons
2026-08-20 19:09:26 +0000: Memory Usage (136228K) : nbulay_block has 0 polygons
2026-08-20 19:09:26 +0000: Memory Usage (136228K) : emwind_drw has 4 polygons
2026-08-20 19:09:26 +0000: Memory Usage (136228K) : emwind_OPC has 0 polygons
2026-08-20 19:09:26 +0000: Memory Usage (136228K) : deepco_drw has 0 polygons
2026-08-20 19:09:26 +0000: Memory Usage (136228K) : mim_drw has 0 polygons
2026-08-20 19:09:26 +0000: Memory Usage (136228K) : edgeseal_drw has 0 polygons
2026-08-20 19:09:26 +0000: Memory Usage (136228K) : substrate_drw has 500 polygons
2026-08-20 19:09:26 +0000: Memory Usage (136228K) : substrate_text has 0 polygons
2026-08-20 19:09:26 +0000: Memory Usage (136228K) : dfpad_drw has 2 polygons
2026-08-20 19:09:26 +0000: Memory Usage (136356K) : dfpad_pillar has 0 polygons
2026-08-20 19:09:26 +0000: Memory Usage (136356K) : dfpad_sbump has 0 polygons
2026-08-20 19:09:26 +0000: Memory Usage (136356K) : thickgateox_drw has 0 polygons
2026-08-20 19:09:26 +0000: Memory Usage (136356K) : pldb_drw has 0 polygons
2026-08-20 19:09:26 +0000: Memory Usage (136356K) : pwell_drw has 0 polygons
2026-08-20 19:09:26 +0000: Memory Usage (136484K) : pwell_pin has 0 polygons
2026-08-20 19:09:26 +0000: Memory Usage (136484K) : pwell_block has 0 polygons
2026-08-20 19:09:26 +0000: Memory Usage (136484K) : ic_drw has 0 polygons
2026-08-20 19:09:26 +0000: Memory Usage (136484K) : via3_drw has 997 polygons
2026-08-20 19:09:26 +0000: Memory Usage (136484K) : metal4_drw has 15 polygons
2026-08-20 19:09:26 +0000: Memory Usage (136484K) : metal4_filler has 0 polygons
2026-08-20 19:09:26 +0000: Memory Usage (136612K) : metal4_slit has 0 polygons
2026-08-20 19:09:26 +0000: Memory Usage (136612K) : metal4 has 15 polygons
2026-08-20 19:09:26 +0000: Memory Usage (136612K) : metal4_pin has 0 polygons
2026-08-20 19:09:26 +0000: Memory Usage (136612K) : metal4_mask has 0 polygons
2026-08-20 19:09:26 +0000: Memory Usage (136612K) : metal4_nofill has 0 polygons
2026-08-20 19:09:26 +0000: Memory Usage (136740K) : metal4_text has 3 polygons
2026-08-20 19:09:26 +0000: Memory Usage (136740K) : metal4_OPC has 0 polygons
2026-08-20 19:09:26 +0000: Memory Usage (136740K) : metal4_noqrc has 0 polygons
2026-08-20 19:09:26 +0000: Memory Usage (136740K) : metal4_res has 0 polygons
2026-08-20 19:09:26 +0000: Memory Usage (136740K) : metal4_iprobe has 0 polygons
2026-08-20 19:09:26 +0000: Memory Usage (136740K) : metal4_diffprb has 0 polygons
2026-08-20 19:09:26 +0000: Memory Usage (136868K) : heattrans_drw has 123 polygons
2026-08-20 19:09:26 +0000: Memory Usage (136868K) : heatres_drw has 0 polygons
2026-08-20 19:09:26 +0000: Memory Usage (136868K) : fbe_drw has 0 polygons
2026-08-20 19:09:26 +0000: Memory Usage (136868K) : empoly_drw has 0 polygons
2026-08-20 19:09:26 +0000: Memory Usage (136868K) : digisub_drw has 0 polygons
2026-08-20 19:09:26 +0000: Memory Usage (136868K) : text_drw has 645 polygons
2026-08-20 19:09:26 +0000: Memory Usage (136868K) : via4_drw has 991 polygons
2026-08-20 19:09:26 +0000: Memory Usage (136996K) : metal5_drw has 16 polygons
2026-08-20 19:09:26 +0000: Memory Usage (136996K) : metal5_filler has 0 polygons
2026-08-20 19:09:26 +0000: Memory Usage (136996K) : metal5_slit has 0 polygons
2026-08-20 19:09:26 +0000: Memory Usage (136996K) : metal5 has 16 polygons
2026-08-20 19:09:26 +0000: Memory Usage (136996K) : metal5_pin has 0 polygons
2026-08-20 19:09:26 +0000: Memory Usage (136996K) : metal5_mask has 0 polygons
2026-08-20 19:09:26 +0000: Memory Usage (137124K) : metal5_nofill has 0 polygons
2026-08-20 19:09:26 +0000: Memory Usage (137124K) : metal5_text has 0 polygons
2026-08-20 19:09:26 +0000: Memory Usage (137124K) : metal5_OPC has 0 polygons
2026-08-20 19:09:26 +0000: Memory Usage (137124K) : metal5_noqrc has 0 polygons
2026-08-20 19:09:26 +0000: Memory Usage (137124K) : metal5_res has 0 polygons
2026-08-20 19:09:26 +0000: Memory Usage (137124K) : metal5_iprobe has 0 polygons
2026-08-20 19:09:26 +0000: Memory Usage (137252K) : metal5_diffprb has 0 polygons
2026-08-20 19:09:26 +0000: Memory Usage (137252K) : radhard_drw has 0 polygons
2026-08-20 19:09:26 +0000: Memory Usage (137252K) : memcap_drw has 0 polygons
2026-08-20 19:09:26 +0000: Memory Usage (137252K) : varicap_drw has 0 polygons
2026-08-20 19:09:26 +0000: Memory Usage (137252K) : intbondvia_drw has 0 polygons
2026-08-20 19:09:26 +0000: Memory Usage (137380K) : intbondmet_drw has 0 polygons
2026-08-20 19:09:26 +0000: Memory Usage (137380K) : devbondvia_drw has 0 polygons
2026-08-20 19:09:26 +0000: Memory Usage (137380K) : devbondmet_drw has 0 polygons
2026-08-20 19:09:26 +0000: Memory Usage (137380K) : devtrench_drw has 0 polygons
2026-08-20 19:09:26 +0000: Memory Usage (137380K) : redist_drw has 0 polygons
2026-08-20 19:09:26 +0000: Memory Usage (137380K) : graphbot_drw has 0 polygons
2026-08-20 19:09:26 +0000: Memory Usage (137380K) : graphtop_drw has 0 polygons
2026-08-20 19:09:26 +0000: Memory Usage (137508K) : antvia1_drw has 0 polygons
2026-08-20 19:09:26 +0000: Memory Usage (137508K) : antmetal2_drw has 0 polygons
2026-08-20 19:09:26 +0000: Memory Usage (137508K) : graphcont_drw has 0 polygons
2026-08-20 19:09:26 +0000: Memory Usage (137508K) : siwg_drw has 0 polygons
2026-08-20 19:09:26 +0000: Memory Usage (137508K) : siwg_filler has 0 polygons
2026-08-20 19:09:26 +0000: Memory Usage (137508K) : siwg_nofill has 0 polygons
2026-08-20 19:09:26 +0000: Memory Usage (137636K) : sigrating_drw has 0 polygons
2026-08-20 19:09:26 +0000: Memory Usage (137636K) : singrating_drw has 0 polygons
2026-08-20 19:09:26 +0000: Memory Usage (137636K) : graphpas_drw has 0 polygons
2026-08-20 19:09:26 +0000: Memory Usage (137636K) : emwind3_drw has 0 polygons
2026-08-20 19:09:26 +0000: Memory Usage (137764K) : emwihv3_drw has 0 polygons
2026-08-20 19:09:26 +0000: Memory Usage (137764K) : redbulay_drw has 0 polygons
2026-08-20 19:09:26 +0000: Memory Usage (137764K) : smos_drw has 0 polygons
2026-08-20 19:09:26 +0000: Memory Usage (137764K) : graphpad_drw has 0 polygons
2026-08-20 19:09:26 +0000: Memory Usage (137764K) : polimide_drw has 0 polygons
2026-08-20 19:09:26 +0000: Memory Usage (137764K) : polimide_pin has 0 polygons
2026-08-20 19:09:26 +0000: Memory Usage (137764K) : recog_drw has 0 polygons
2026-08-20 19:09:26 +0000: Memory Usage (137892K) : recog_pin has 0 polygons
2026-08-20 19:09:26 +0000: Memory Usage (137892K) : recog_esd has 4 polygons
2026-08-20 19:09:26 +0000: Memory Usage (137892K) : recog_diode has 0 polygons
2026-08-20 19:09:26 +0000: Memory Usage (137892K) : recog_tsv has 0 polygons
2026-08-20 19:09:26 +0000: Memory Usage (137892K) : recog_iprobe has 0 polygons
2026-08-20 19:09:26 +0000: Memory Usage (137892K) : recog_diffprb has 0 polygons
2026-08-20 19:09:26 +0000: Memory Usage (138020K) : recog_pillar has 0 polygons
2026-08-20 19:09:26 +0000: Memory Usage (138020K) : recog_sbump has 0 polygons
2026-08-20 19:09:26 +0000: Memory Usage (138020K) : recog_otp has 0 polygons
2026-08-20 19:09:26 +0000: Memory Usage (138020K) : recog_pdiode has 0 polygons
2026-08-20 19:09:26 +0000: Memory Usage (138020K) : recog_mom has 0 polygons
2026-08-20 19:09:26 +0000: Memory Usage (138020K) : recog_momf has 0 polygons
2026-08-20 19:09:26 +0000: Memory Usage (138148K) : recog_pcm has 0 polygons
2026-08-20 19:09:26 +0000: Memory Usage (138148K) : colopen_drw has 0 polygons
2026-08-20 19:09:26 +0000: Memory Usage (138148K) : graphmetal1_drw has 0 polygons
2026-08-20 19:09:26 +0000: Memory Usage (138148K) : graphmetal1_filler has 0 polygons
2026-08-20 19:09:26 +0000: Memory Usage (138148K) : graphmetal1_nofill has 0 polygons
2026-08-20 19:09:26 +0000: Memory Usage (138148K) : graphmetal1_slit has 0 polygons
2026-08-20 19:09:26 +0000: Memory Usage (138276K) : graphmetal1_OPC has 0 polygons
2026-08-20 19:09:26 +0000: Memory Usage (138276K) : graphmet1l_drw has 0 polygons
2026-08-20 19:09:26 +0000: Memory Usage (138276K) : graphmet1l_filler has 0 polygons
2026-08-20 19:09:26 +0000: Memory Usage (138276K) : graphmet1l_nofill has 0 polygons
2026-08-20 19:09:26 +0000: Memory Usage (138276K) : graphmet1l_slit has 0 polygons
2026-08-20 19:09:26 +0000: Memory Usage (138404K) : graphmet1l_OPC has 0 polygons
2026-08-20 19:09:26 +0000: Memory Usage (138404K) : extblock_drw has 0 polygons
2026-08-20 19:09:26 +0000: Memory Usage (138404K) : nldd_drw has 0 polygons
2026-08-20 19:09:26 +0000: Memory Usage (138404K) : pldd_drw has 0 polygons
2026-08-20 19:09:26 +0000: Memory Usage (138404K) : next_drw has 0 polygons
2026-08-20 19:09:26 +0000: Memory Usage (138532K) : pext_drw has 0 polygons
2026-08-20 19:09:26 +0000: Memory Usage (138532K) : nexthv_drw has 0 polygons
2026-08-20 19:09:26 +0000: Memory Usage (138532K) : pexthv_drw has 0 polygons
2026-08-20 19:09:26 +0000: Memory Usage (138532K) : graphgate_drw has 0 polygons
2026-08-20 19:09:26 +0000: Memory Usage (138660K) : sinwg_drw has 0 polygons
2026-08-20 19:09:26 +0000: Memory Usage (138660K) : sinwg_filler has 0 polygons
2026-08-20 19:09:26 +0000: Memory Usage (138660K) : sinwg_nofill has 0 polygons
2026-08-20 19:09:26 +0000: Memory Usage (138660K) : mempad_drw has 0 polygons
2026-08-20 19:09:26 +0000: Memory Usage (138660K) : topvia1_drw has 473 polygons
2026-08-20 19:09:26 +0000: Memory Usage (138788K) : topmetal1_drw has 47 polygons
2026-08-20 19:09:26 +0000: Memory Usage (138788K) : topmetal1_filler has 0 polygons
2026-08-20 19:09:26 +0000: Memory Usage (138788K) : topmetal1_slit has 0 polygons
2026-08-20 19:09:26 +0000: Memory Usage (138788K) : topmetal1 has 47 polygons
2026-08-20 19:09:26 +0000: Memory Usage (138788K) : topmetal1_pin has 0 polygons
2026-08-20 19:09:26 +0000: Memory Usage (138916K) : topmetal1_mask has 0 polygons
2026-08-20 19:09:26 +0000: Memory Usage (138916K) : topmetal1_nofill has 0 polygons
2026-08-20 19:09:26 +0000: Memory Usage (138916K) : topmetal1_text has 0 polygons
2026-08-20 19:09:26 +0000: Memory Usage (138916K) : topmetal1_noqrc has 0 polygons
2026-08-20 19:09:26 +0000: Memory Usage (138916K) : topmetal1_res has 0 polygons
2026-08-20 19:09:26 +0000: Memory Usage (138916K) : topmetal1_iprobe has 0 polygons
2026-08-20 19:09:26 +0000: Memory Usage (139044K) : topmetal1_diffprb has 0 polygons
2026-08-20 19:09:26 +0000: Memory Usage (139044K) : inldpwl_drw has 0 polygons
2026-08-20 19:09:26 +0000: Memory Usage (139044K) : polyres_drw has 0 polygons
2026-08-20 19:09:26 +0000: Memory Usage (139044K) : polyres_pin has 0 polygons
2026-08-20 19:09:26 +0000: Memory Usage (139044K) : vmim_drw has 0 polygons
2026-08-20 19:09:26 +0000: Memory Usage (139044K) : nbulaycut_drw has 0 polygons
2026-08-20 19:09:26 +0000: Memory Usage (139172K) : antmetal1_drw has 0 polygons
2026-08-20 19:09:26 +0000: Memory Usage (139172K) : topvia2_drw has 227 polygons
2026-08-20 19:09:26 +0000: Memory Usage (139172K) : topmetal2_drw has 45 polygons
2026-08-20 19:09:26 +0000: Memory Usage (139172K) : topmetal2_filler has 0 polygons
2026-08-20 19:09:26 +0000: Memory Usage (139300K) : topmetal2_slit has 0 polygons
2026-08-20 19:09:26 +0000: Memory Usage (139300K) : topmetal2 has 45 polygons
2026-08-20 19:09:26 +0000: Memory Usage (139300K) : topmetal2_pin has 0 polygons
2026-08-20 19:09:26 +0000: Memory Usage (139300K) : topmetal2_mask has 0 polygons
2026-08-20 19:09:26 +0000: Memory Usage (139428K) : topmetal2_nofill has 0 polygons
2026-08-20 19:09:26 +0000: Memory Usage (139428K) : topmetal2_text has 6 polygons
2026-08-20 19:09:26 +0000: Memory Usage (139428K) : topmetal2_noqrc has 0 polygons
2026-08-20 19:09:26 +0000: Memory Usage (139556K) : topmetal2_res has 0 polygons
2026-08-20 19:09:26 +0000: Memory Usage (139556K) : topmetal2_iprobe has 0 polygons
2026-08-20 19:09:26 +0000: Memory Usage (139556K) : topmetal2_diffprb has 0 polygons
2026-08-20 19:09:26 +0000: Memory Usage (139556K) : snsring_drw has 0 polygons
2026-08-20 19:09:26 +0000: Memory Usage (139684K) : sensor_drw has 0 polygons
2026-08-20 19:09:26 +0000: Memory Usage (139684K) : snsarms_drw has 0 polygons
2026-08-20 19:09:26 +0000: Memory Usage (139684K) : snscmosvia_drw has 0 polygons
2026-08-20 19:09:26 +0000: Memory Usage (139812K) : colwind_drw has 0 polygons
2026-08-20 19:09:26 +0000: Memory Usage (139812K) : flm_drw has 0 polygons
2026-08-20 19:09:26 +0000: Memory Usage (139812K) : hafniumox_drw has 0 polygons
2026-08-20 19:09:26 +0000: Memory Usage (139812K) : memvia_drw has 0 polygons
2026-08-20 19:09:26 +0000: Memory Usage (139940K) : thinfilmres_drw has 0 polygons
2026-08-20 19:09:26 +0000: Memory Usage (139940K) : rfmem_drw has 0 polygons
2026-08-20 19:09:26 +0000: Memory Usage (139940K) : norcx_drw has 0 polygons
2026-08-20 19:09:26 +0000: Memory Usage (139940K) : norcx_m2m3 has 0 polygons
2026-08-20 19:09:26 +0000: Memory Usage (140068K) : norcx_m2m4 has 0 polygons
2026-08-20 19:09:26 +0000: Memory Usage (140068K) : norcx_m2m5 has 0 polygons
2026-08-20 19:09:26 +0000: Memory Usage (140196K) : norcx_m2tm1 has 0 polygons
2026-08-20 19:09:26 +0000: Memory Usage (140196K) : norcx_m2tm2 has 0 polygons
2026-08-20 19:09:26 +0000: Memory Usage (140196K) : norcx_m3m4 has 0 polygons
2026-08-20 19:09:26 +0000: Memory Usage (140324K) : norcx_m3m5 has 0 polygons
2026-08-20 19:09:26 +0000: Memory Usage (140324K) : norcx_m3tm1 has 0 polygons
2026-08-20 19:09:26 +0000: Memory Usage (140324K) : norcx_m3tm2 has 0 polygons
2026-08-20 19:09:26 +0000: Memory Usage (140324K) : norcx_m4m5 has 0 polygons
2026-08-20 19:09:26 +0000: Memory Usage (140324K) : norcx_m4tm1 has 0 polygons
2026-08-20 19:09:26 +0000: Memory Usage (140324K) : norcx_m4tm2 has 0 polygons
2026-08-20 19:09:26 +0000: Memory Usage (140324K) : norcx_m5tm1 has 0 polygons
2026-08-20 19:09:26 +0000: Memory Usage (140324K) : norcx_m5tm2 has 0 polygons
2026-08-20 19:09:26 +0000: Memory Usage (140324K) : norcx_tm1tm2 has 0 polygons
2026-08-20 19:09:26 +0000: Memory Usage (140324K) : norcx_m1sub has 0 polygons
2026-08-20 19:09:26 +0000: Memory Usage (140324K) : norcx_m2sub has 0 polygons
2026-08-20 19:09:26 +0000: Memory Usage (140324K) : norcx_m3sub has 0 polygons
2026-08-20 19:09:26 +0000: Memory Usage (140324K) : norcx_m4sub has 0 polygons
2026-08-20 19:09:26 +0000: Memory Usage (140324K) : norcx_m5sub has 0 polygons
2026-08-20 19:09:26 +0000: Memory Usage (140324K) : norcx_tm1sub has 0 polygons
2026-08-20 19:09:26 +0000: Memory Usage (140324K) : norcx_tm2sub has 0 polygons
2026-08-20 19:09:26 +0000: Memory Usage (140324K) : snsbotvia_drw has 0 polygons
2026-08-20 19:09:26 +0000: Memory Usage (140324K) : snstopvia_drw has 0 polygons
2026-08-20 19:09:26 +0000: Memory Usage (140324K) : deepvia_drw has 0 polygons
2026-08-20 19:09:26 +0000: Memory Usage (140324K) : fgetch_drw has 0 polygons
2026-08-20 19:09:26 +0000: Memory Usage (140324K) : ctrgat_drw has 0 polygons
2026-08-20 19:09:26 +0000: Memory Usage (140324K) : fgimp_drw has 0 polygons
2026-08-20 19:09:26 +0000: Memory Usage (140324K) : emwihv_drw has 0 polygons
2026-08-20 19:09:26 +0000: Memory Usage (140324K) : lbe_drw has 0 polygons
2026-08-20 19:09:26 +0000: Memory Usage (140324K) : alcustop_drw has 0 polygons
2026-08-20 19:09:26 +0000: Memory Usage (140324K) : nometfiller_drw has 0 polygons
2026-08-20 19:09:26 +0000: Memory Usage (140324K) : prboundary_drw has 0 polygons
2026-08-20 19:09:26 +0000: Memory Usage (140324K) : exchange0_drw has 0 polygons
2026-08-20 19:09:26 +0000: Memory Usage (140324K) : exchange0_pin has 0 polygons
2026-08-20 19:09:26 +0000: Memory Usage (140324K) : exchange0_text has 0 polygons
2026-08-20 19:09:26 +0000: Memory Usage (140324K) : exchange1_drw has 0 polygons
2026-08-20 19:09:26 +0000: Memory Usage (140324K) : exchange1_pin has 0 polygons
2026-08-20 19:09:26 +0000: Memory Usage (140324K) : exchange1_text has 0 polygons
2026-08-20 19:09:26 +0000: Memory Usage (140324K) : exchange2_drw has 0 polygons
2026-08-20 19:09:26 +0000: Memory Usage (140324K) : exchange2_pin has 0 polygons
2026-08-20 19:09:26 +0000: Memory Usage (140324K) : exchange2_text has 0 polygons
2026-08-20 19:09:26 +0000: Memory Usage (140324K) : exchange3_drw has 0 polygons
2026-08-20 19:09:26 +0000: Memory Usage (140324K) : exchange3_pin has 0 polygons
2026-08-20 19:09:26 +0000: Memory Usage (140324K) : exchange3_text has 0 polygons
2026-08-20 19:09:26 +0000: Memory Usage (140324K) : exchange4_drw has 0 polygons
2026-08-20 19:09:26 +0000: Memory Usage (140324K) : exchange4_pin has 0 polygons
2026-08-20 19:09:26 +0000: Memory Usage (140324K) : exchange4_text has 0 polygons
2026-08-20 19:09:26 +0000: Memory Usage (140324K) : isonwell_drw has 0 polygons
2026-08-20 19:09:26 +0000: Memory Usage (140324K) : Total no. of polygons in the design is 28351
2026-08-20 19:09:26 +0000: Memory Usage (140324K) : Starting base layers derivations
2026-08-20 19:09:26 +0000: Memory Usage (140324K) : Starting general LVS derivations
2026-08-20 19:09:27 +0000: Memory Usage (144744K) : Starting MOSFET DERIVATIONS
2026-08-20 19:09:27 +0000: Memory Usage (145384K) : Starting NMOS DERIVATIONS
2026-08-20 19:09:27 +0000: Memory Usage (145384K) : Starting PMOS DERIVATIONS
2026-08-20 19:09:27 +0000: Memory Usage (145384K) : Starting RF-MOSFET DERIVATIONS
2026-08-20 19:09:27 +0000: Memory Usage (145384K) : Starting RF-NMOS DERIVATIONS
2026-08-20 19:09:27 +0000: Memory Usage (145384K) : Starting RF-PMOS DERIVATIONS
2026-08-20 19:09:27 +0000: Memory Usage (145384K) : Starting BJT DERIVATIONS
2026-08-20 19:09:27 +0000: Memory Usage (145384K) : Starting NPN-BJT DERIVATIONS
2026-08-20 19:09:27 +0000: Memory Usage (145384K) : Starting PNP-BJT DERIVATIONS
2026-08-20 19:09:27 +0000: Memory Usage (145384K) : Starting DIODE DERIVATIONS
2026-08-20 19:09:27 +0000: Memory Usage (145384K) : Starting RESISTOR DERIVATIONS
2026-08-20 19:09:27 +0000: Memory Usage (145384K) : Starting CAP DERIVATIONS
2026-08-20 19:09:27 +0000: Memory Usage (145384K) : Starting CAP_CMOM DERIVATIONS
2026-08-20 19:09:27 +0000: Memory Usage (145384K) : Starting CAP_CMOMF DERIVATIONS
2026-08-20 19:09:27 +0000: Memory Usage (145384K) : Starting ESD DERIVATIONS
2026-08-20 19:09:27 +0000: Memory Usage (145640K) : Starting Inductor DERIVATIONS
2026-08-20 19:09:27 +0000: Memory Usage (145640K) : Starting Taps DERIVATIONS
2026-08-20 19:09:27 +0000: Memory Usage (145640K) : Starting SG13G2 LVS connectivity setup
2026-08-20 19:09:27 +0000: Memory Usage (145640K) : Starting SG13G2 LVS connectivity setup (Inter-layer)
2026-08-20 19:09:27 +0000: Memory Usage (145768K) : Starting SG13G2 LVS connectivity setup (Global)
2026-08-20 19:09:27 +0000: Memory Usage (145768K) : Starting LVS MOSFET CONNECTIONS
2026-08-20 19:09:27 +0000: Memory Usage (145768K) : Starting LVS RF-MOSFET CONNECTIONS
2026-08-20 19:09:27 +0000: Memory Usage (145768K) : Starting LVS BJT CONNECTIONS
2026-08-20 19:09:27 +0000: Memory Usage (145768K) : Starting LVS DIODE CONNECTIONS
2026-08-20 19:09:27 +0000: Memory Usage (145768K) : Starting RESISTOR CONNECTIONS
2026-08-20 19:09:27 +0000: Memory Usage (145768K) : Starting LVS CAP CONNECTIONS
2026-08-20 19:09:27 +0000: Memory Usage (145768K) : Starting CAP_CMOM CONNECTIONS
2026-08-20 19:09:27 +0000: Memory Usage (145768K) : Starting CAP_CMOMF CONNECTIONS
2026-08-20 19:09:27 +0000: Memory Usage (145768K) : Starting ESD CONNECTIONS
2026-08-20 19:09:27 +0000: Memory Usage (145768K) : Starting Inductor CONNECTIONS
2026-08-20 19:09:27 +0000: Memory Usage (145768K) : Starting LVS Taps CONNECTIONS
2026-08-20 19:09:27 +0000: Memory Usage (145768K) : Starting SG13G2 LVS DEVICES EXTRACTION
2026-08-20 19:09:27 +0000: Memory Usage (145768K) : Starting MOSFET EXTRACTION
2026-08-20 19:09:27 +0000: Memory Usage (145768K) : Starting NMOS EXTRACTION
2026-08-20 19:09:27 +0000: Memory Usage (145768K) : Extraction of NMOS-LV transistor
2026-08-20 19:09:27 +0000: Memory Usage (145896K) : Extraction of NMOS-HV transistor
2026-08-20 19:09:27 +0000: Memory Usage (145896K) : Starting PMOS EXTRACTION
2026-08-20 19:09:27 +0000: Memory Usage (145896K) : Extraction of PMOS-LV transistor
2026-08-20 19:09:27 +0000: Memory Usage (145896K) : Extraction of PMOS-HV transistor
2026-08-20 19:09:27 +0000: Memory Usage (145896K) : Starting RF-MOSFET EXTRACTION
2026-08-20 19:09:27 +0000: Memory Usage (145896K) : Extraction of RF-NMOS-LV transistor
2026-08-20 19:09:27 +0000: Memory Usage (145896K) : Extraction of RF-NMOS-HV transistor
2026-08-20 19:09:27 +0000: Memory Usage (145896K) : Extraction of RF-PMOS-LV transistor
2026-08-20 19:09:27 +0000: Memory Usage (145896K) : Extraction of RF-PMOS-HV transistor
2026-08-20 19:09:27 +0000: Memory Usage (145896K) : Starting BJT EXTRACTION
2026-08-20 19:09:27 +0000: Memory Usage (145896K) : Starting NPN-BJT EXTRACTION
2026-08-20 19:09:27 +0000: Memory Usage (145896K) : Extraction of npn13G2 BJT transistor
2026-08-20 19:09:27 +0000: Memory Usage (145896K) : Extraction of npn13G2L BJT transistor
2026-08-20 19:09:27 +0000: Memory Usage (145896K) : Extraction of npn13G2V BJT transistor
2026-08-20 19:09:27 +0000: Memory Usage (145896K) : Starting PNP-BJT EXTRACTION
2026-08-20 19:09:27 +0000: Memory Usage (145896K) : Extracting pnpMPA BJT
2026-08-20 19:09:27 +0000: Memory Usage (145896K) : Starting DIODE EXTRACTION
2026-08-20 19:09:27 +0000: Memory Usage (145896K) : Extracting dantenna diode
2026-08-20 19:09:27 +0000: Memory Usage (145896K) : Extracting dpantenna diode
2026-08-20 19:09:27 +0000: Memory Usage (145896K) : Extracting schottky_nbl1 diode
2026-08-20 19:09:27 +0000: Memory Usage (145896K) : Extracting isolbox diode
2026-08-20 19:09:27 +0000: Memory Usage (145896K) : Starting RESISTOR EXTRACTION
2026-08-20 19:09:27 +0000: Memory Usage (145896K) : Extracting rsil resistor
2026-08-20 19:09:27 +0000: Memory Usage (145896K) : Extracting rppd resistor
2026-08-20 19:09:27 +0000: Memory Usage (145896K) : Extracting rhigh resistor
2026-08-20 19:09:27 +0000: Memory Usage (145896K) : Extracting res_metal1 resistor
2026-08-20 19:09:27 +0000: Memory Usage (145896K) : Extracting res_metal2 resistor
2026-08-20 19:09:27 +0000: Memory Usage (145896K) : Extracting res_metal3 resistor
2026-08-20 19:09:27 +0000: Memory Usage (145896K) : Extracting res_metal4 resistor
2026-08-20 19:09:27 +0000: Memory Usage (145896K) : Extracting res_metal5 resistor
2026-08-20 19:09:27 +0000: Memory Usage (145896K) : Extracting res_topmetal1 resistor
2026-08-20 19:09:27 +0000: Memory Usage (145896K) : Extracting res_topmetal2 resistor
2026-08-20 19:09:27 +0000: Memory Usage (145896K) : Starting CAP EXTRACTION
2026-08-20 19:09:27 +0000: Memory Usage (145896K) : Extracting cap_cmim device
2026-08-20 19:09:27 +0000: Memory Usage (145896K) : Extracting rfcmim device
2026-08-20 19:09:27 +0000: Memory Usage (145896K) : Extracting sg13_hv_svaricap varactor
2026-08-20 19:09:27 +0000: Memory Usage (145896K) : Extracting cap_cmomi device
2026-08-20 19:09:27 +0000: Memory Usage (145896K) : Extracting cap_cmomf device
2026-08-20 19:09:27 +0000: Memory Usage (145896K) : Extracting sg13_moscap_n capacitor
2026-08-20 19:09:27 +0000: Memory Usage (145896K) : Extracting sg13_moscap_p capacitor
2026-08-20 19:09:27 +0000: Memory Usage (145896K) : Starting ESD EXTRACTION
2026-08-20 19:09:27 +0000: Memory Usage (145896K) : Extracting diodevdd_2kv ESD device
2026-08-20 19:09:27 +0000: Memory Usage (145896K) : Extracting diodevdd_4kv ESD device
2026-08-20 19:09:27 +0000: Memory Usage (145896K) : Extracting diodevss_2kv ESD device
2026-08-20 19:09:27 +0000: Memory Usage (145896K) : Extracting diodevss_4kv ESD device
2026-08-20 19:09:27 +0000: Memory Usage (145896K) : Extracting idiodevdd_2kv ESD device
2026-08-20 19:09:27 +0000: Memory Usage (145896K) : Extracting idiodevdd_4kv ESD device
2026-08-20 19:09:27 +0000: Memory Usage (145896K) : Extracting idiodevss_2kv ESD device
2026-08-20 19:09:27 +0000: Memory Usage (145896K) : Extracting idiodevss_4kv ESD device
2026-08-20 19:09:27 +0000: Memory Usage (145896K) : Extracting nmoscl_2 ESD device
2026-08-20 19:09:27 +0000: Memory Usage (145896K) : Extracting nmoscl_4 ESD device
2026-08-20 19:09:27 +0000: Memory Usage (145896K) : Starting Inductor EXTRACTION
2026-08-20 19:09:27 +0000: Memory Usage (145896K) : Extracting Inductor2 device
2026-08-20 19:09:27 +0000: Memory Usage (145896K) : Extracting Inductor3 device
2026-08-20 19:09:27 +0000: Memory Usage (145896K) : Starting Taps EXTRACTION
2026-08-20 19:09:27 +0000: Memory Usage (145896K) : DISABLE_TAP_EXTRACTION is enabled: skipping ntap1/ptap1 device extraction.
2026-08-20 19:09:27 +0000: Memory Usage (145896K) : Starting SG13G2 LVS RF MOS Model Mapping
2026-08-20 19:09:28 +0000: Memory Usage (146024K) : [layout_netlist] Apply RF MOS model mapping and rfmode parameter.
2026-08-20 19:09:28 +0000: Memory Usage (146024K) : Starting SG13G2 LVS Options Preparations
2026-08-20 19:09:28 +0000: Memory Usage (146024K) : SG13G2 LVS flow: extraction -> alignment -> option preparation -> comparison.
2026-08-20 19:09:28 +0000: Memory Usage (146024K) : Starting SG13G2 LVS Alignment
2026-08-20 19:09:28 +0000: Memory Usage (146152K) : Starting SG13G2 LVS Simplification
2026-08-20 19:09:28 +0000: Memory Usage (146152K) : [layout_netlist] simplify: ENABLED
2026-08-20 19:09:28 +0000: Memory Usage (146152K) : [layout_netlist] make_top_level_pins: SKIPPED
2026-08-20 19:09:28 +0000: Memory Usage (146152K) : [layout_netlist] combine_devices: SKIPPED
2026-08-20 19:09:28 +0000: Memory Usage (146152K) : [layout_netlist] purge: SKIPPED
2026-08-20 19:09:28 +0000: Memory Usage (146152K) : [layout_netlist] purge_nets: SKIPPED
2026-08-20 19:09:28 +0000: Memory Usage (146152K) : [schematic_netlist] simplify: ENABLED
2026-08-20 19:09:28 +0000: Memory Usage (146152K) : [schematic_netlist] make_top_level_pins: SKIPPED
2026-08-20 19:09:28 +0000: Memory Usage (146152K) : [schematic_netlist] combine_devices: SKIPPED
2026-08-20 19:09:28 +0000: Memory Usage (146152K) : [schematic_netlist] purge: SKIPPED
2026-08-20 19:09:28 +0000: Memory Usage (146152K) : [schematic_netlist] purge_nets: SKIPPED
2026-08-20 19:09:28 +0000: Memory Usage (146152K) : Starting SG13G2 LVS Comparison
2026-08-20 19:09:28 +0000: Memory Usage (146280K) : xxxxxxxxxxxxxxxxxxxxxxxxxxxxxxxxxxxxxxxxxx
2026-08-20 19:09:28 +0000: Memory Usage (146280K) : ERROR : Netlists don't match
2026-08-20 19:09:28 +0000: Memory Usage (146280K) : xxxxxxxxxxxxxxxxxxxxxxxxxxxxxxxxxxxxxxxxxx
2026-08-20 19:09:28 +0000: Memory Usage (146280K) : LVS Total Run time 1.215723 seconds
