$ /home/ubuntu/.local/share/ihp-eda/venv/bin/python /home/ubuntu/.local/share/ihp-eda/IHP-Open-PDK/ihp-sg13g2/libs.tech/klayout/tech/lvs/run_lvs.py --layout=/workspace/layout/blocks/out/driver_stage/bisect_run/_probe10_vdd_only/driver_dut.gds --netlist=/workspace/layout/blocks/out/driver_stage/bisect_run/_probe10_vdd_only/driver_dut.cdl --run_dir=/workspace/layout/blocks/out/driver_stage/bisect_run/_probe10_vdd_only/lvs --run_mode=deep --topcell=driver_dut --implicit_nets=sub,sub! --ignore_top_ports_mismatch --disable_tap_extraction

--- stdout ---
2026-08-20 19:08:30 +0000: Memory Usage (128908K) : Starting running SG13G2 Klayout LVS runset on /workspace/layout/blocks/out/driver_stage/bisect_run/_probe10_vdd_only/driver_dut.gds
2026-08-20 19:08:30 +0000: Memory Usage (128908K) : Ruby Version for klayout: 3.2.3
2026-08-20 19:08:30 +0000: Memory Usage (130052K) : Loading database to memory is complete.
2026-08-20 19:08:30 +0000: Memory Usage (130052K) : SG13G2 Klayout LVS runset output at: /workspace/layout/blocks/out/driver_stage/bisect_run/_probe10_vdd_only/lvs/driver_dut.lvsdb
2026-08-20 19:08:30 +0000: Memory Usage (130052K) : Evaluate switches.
2026-08-20 19:08:30 +0000: Memory Usage (130052K) : Extracted netlist with net names: true
2026-08-20 19:08:30 +0000: Memory Usage (130052K) : Extracted netlist with comments in details: false
2026-08-20 19:08:30 +0000: Memory Usage (130052K) : Selected NET_ONLY option: false
2026-08-20 19:08:30 +0000: Memory Usage (130052K) : Selected LAYOUT_NETLIST option: (none)
2026-08-20 19:08:30 +0000: Memory Usage (130052K) : Selected IGNORE_TOP_PORTS_MISMATCH option: true
2026-08-20 19:08:30 +0000: Memory Usage (130052K) : Selected IMPLICIT_NETS option: sub,sub!
2026-08-20 19:08:30 +0000: Memory Usage (130052K) : Selected TOP_LVL_PINS option: false
2026-08-20 19:08:30 +0000: Memory Usage (130052K) : Selected COMBINE DEVICES option: false
2026-08-20 19:08:30 +0000: Memory Usage (130052K) : Selected PURGE option: false
2026-08-20 19:08:30 +0000: Memory Usage (130052K) : Selected PURGE_NETS option: false
2026-08-20 19:08:30 +0000: Memory Usage (130052K) : Selected SIMPLIFY option: true
2026-08-20 19:08:30 +0000: Memory Usage (130052K) : Selected SERIES_RES option: true
2026-08-20 19:08:30 +0000: Memory Usage (130052K) : Selected PARALLEL_RES option: true
2026-08-20 19:08:30 +0000: Memory Usage (130052K) : Selected DISABLE_TAP_EXTRACTION option: true
2026-08-20 19:08:30 +0000: Memory Usage (130052K) : deep  mode is enabled.
2026-08-20 19:08:30 +0000: Memory Usage (130052K) : Applying implicit connections (case-sensitive, pattern supported) for nets: sub, sub!
2026-08-20 19:08:30 +0000: Memory Usage (131172K) : Netlist file: /workspace/layout/blocks/out/driver_stage/bisect_run/_probe10_vdd_only/driver_dut.cdl
2026-08-20 19:08:30 +0000: Memory Usage (131172K) : LVS extracted netlist at: /workspace/layout/blocks/out/driver_stage/bisect_run/_probe10_vdd_only/lvs/driver_dut_extracted.cir
2026-08-20 19:08:30 +0000: Memory Usage (131172K) : Applying SRAM integration support.
2026-08-20 19:08:30 +0000: Memory Usage (131172K) : Starting SG13G2 LVS runset
2026-08-20 19:08:30 +0000: Memory Usage (131172K) : Read in polygons from layers.
2026-08-20 19:08:30 +0000: Memory Usage (132740K) : activ_drw has 893 polygons
2026-08-20 19:08:30 +0000: Memory Usage (132740K) : activ_filler has 0 polygons
2026-08-20 19:08:30 +0000: Memory Usage (132996K) : activ has 893 polygons
2026-08-20 19:08:30 +0000: Memory Usage (132996K) : activ_pin has 0 polygons
2026-08-20 19:08:30 +0000: Memory Usage (132996K) : activ_mask has 4 polygons
2026-08-20 19:08:30 +0000: Memory Usage (132996K) : activ_nofill has 0 polygons
2026-08-20 19:08:30 +0000: Memory Usage (132996K) : activ_OPC has 0 polygons
2026-08-20 19:08:30 +0000: Memory Usage (132996K) : activ_iOPC has 0 polygons
2026-08-20 19:08:30 +0000: Memory Usage (132996K) : activ_noqrc has 0 polygons
2026-08-20 19:08:30 +0000: Memory Usage (133052K) : biwind_drw has 0 polygons
2026-08-20 19:08:30 +0000: Memory Usage (133564K) : biwind_OPC has 0 polygons
2026-08-20 19:08:30 +0000: Memory Usage (133564K) : gatpoly_drw has 123 polygons
2026-08-20 19:08:30 +0000: Memory Usage (133564K) : gatpoly_filler has 0 polygons
2026-08-20 19:08:30 +0000: Memory Usage (133564K) : gatpoly has 123 polygons
2026-08-20 19:08:30 +0000: Memory Usage (133564K) : gatpoly_pin has 119 polygons
2026-08-20 19:08:30 +0000: Memory Usage (133564K) : gatpoly_nofill has 0 polygons
2026-08-20 19:08:30 +0000: Memory Usage (133564K) : gatpoly_OPC has 0 polygons
2026-08-20 19:08:30 +0000: Memory Usage (133564K) : gatpoly_iOPC has 0 polygons
2026-08-20 19:08:30 +0000: Memory Usage (133564K) : gatpoly_noqrc has 0 polygons
2026-08-20 19:08:30 +0000: Memory Usage (133564K) : cont_drw has 13150 polygons
2026-08-20 19:08:30 +0000: Memory Usage (133564K) : cont_OPC has 0 polygons
2026-08-20 19:08:30 +0000: Memory Usage (133564K) : nsd_drw has 0 polygons
2026-08-20 19:08:30 +0000: Memory Usage (133564K) : nsd_block has 4 polygons
2026-08-20 19:08:30 +0000: Memory Usage (133564K) : metal1_drw has 1515 polygons
2026-08-20 19:08:30 +0000: Memory Usage (133564K) : metal1_filler has 0 polygons
2026-08-20 19:08:30 +0000: Memory Usage (133564K) : metal1_slit has 0 polygons
2026-08-20 19:08:30 +0000: Memory Usage (133692K) : metal1 has 1515 polygons
2026-08-20 19:08:30 +0000: Memory Usage (133692K) : metal1_pin has 746 polygons
2026-08-20 19:08:30 +0000: Memory Usage (133692K) : metal1_mask has 0 polygons
2026-08-20 19:08:30 +0000: Memory Usage (133692K) : metal1_nofill has 0 polygons
2026-08-20 19:08:30 +0000: Memory Usage (133948K) : metal1_text has 3 polygons
2026-08-20 19:08:30 +0000: Memory Usage (133948K) : metal1_OPC has 0 polygons
2026-08-20 19:08:30 +0000: Memory Usage (134076K) : metal1_noqrc has 0 polygons
2026-08-20 19:08:30 +0000: Memory Usage (134076K) : metal1_res has 0 polygons
2026-08-20 19:08:30 +0000: Memory Usage (134076K) : metal1_iprobe has 0 polygons
2026-08-20 19:08:30 +0000: Memory Usage (134204K) : metal1_diffprb has 0 polygons
2026-08-20 19:08:30 +0000: Memory Usage (134204K) : passiv_drw has 2 polygons
2026-08-20 19:08:30 +0000: Memory Usage (134204K) : passiv_pin has 0 polygons
2026-08-20 19:08:30 +0000: Memory Usage (134332K) : passiv_sbump has 0 polygons
2026-08-20 19:08:30 +0000: Memory Usage (134332K) : passiv_pillar has 0 polygons
2026-08-20 19:08:30 +0000: Memory Usage (134332K) : passiv_pdl has 0 polygons
2026-08-20 19:08:30 +0000: Memory Usage (134460K) : metal2_drw has 521 polygons
2026-08-20 19:08:30 +0000: Memory Usage (134460K) : metal2_filler has 0 polygons
2026-08-20 19:08:30 +0000: Memory Usage (134460K) : metal2_slit has 0 polygons
2026-08-20 19:08:30 +0000: Memory Usage (134588K) : metal2 has 521 polygons
2026-08-20 19:08:30 +0000: Memory Usage (134588K) : metal2_pin has 10 polygons
2026-08-20 19:08:30 +0000: Memory Usage (134716K) : metal2_mask has 0 polygons
2026-08-20 19:08:30 +0000: Memory Usage (134716K) : metal2_nofill has 0 polygons
2026-08-20 19:08:30 +0000: Memory Usage (134716K) : metal2_text has 3 polygons
2026-08-20 19:08:30 +0000: Memory Usage (134716K) : metal2_OPC has 0 polygons
2026-08-20 19:08:30 +0000: Memory Usage (134844K) : metal2_noqrc has 0 polygons
2026-08-20 19:08:30 +0000: Memory Usage (134844K) : metal2_res has 0 polygons
2026-08-20 19:08:30 +0000: Memory Usage (134844K) : metal2_iprobe has 0 polygons
2026-08-20 19:08:30 +0000: Memory Usage (134844K) : metal2_diffprb has 0 polygons
2026-08-20 19:08:30 +0000: Memory Usage (134972K) : baspoly_drw has 0 polygons
2026-08-20 19:08:30 +0000: Memory Usage (134972K) : baspoly_pin has 0 polygons
2026-08-20 19:08:30 +0000: Memory Usage (134972K) : psd_drw has 514 polygons
2026-08-20 19:08:30 +0000: Memory Usage (134972K) : nldb_drw has 0 polygons
2026-08-20 19:08:30 +0000: Memory Usage (135100K) : digibnd_drw has 0 polygons
2026-08-20 19:08:30 +0000: Memory Usage (135100K) : via1_drw has 6612 polygons
2026-08-20 19:08:30 +0000: Memory Usage (135100K) : backmetal1_drw has 0 polygons
2026-08-20 19:08:30 +0000: Memory Usage (135100K) : backmetal1_pin has 0 polygons
2026-08-20 19:08:30 +0000: Memory Usage (135228K) : backmetal1_mask has 0 polygons
2026-08-20 19:08:30 +0000: Memory Usage (135228K) : backmetal1_filler has 0 polygons
2026-08-20 19:08:30 +0000: Memory Usage (135228K) : backmetal1_nofill has 0 polygons
2026-08-20 19:08:30 +0000: Memory Usage (135356K) : backmetal1_slit has 0 polygons
2026-08-20 19:08:30 +0000: Memory Usage (135356K) : backmetal1_text has 0 polygons
2026-08-20 19:08:30 +0000: Memory Usage (135356K) : backmetal1_OPC has 0 polygons
2026-08-20 19:08:30 +0000: Memory Usage (135356K) : backmetal1_noqrc has 0 polygons
2026-08-20 19:08:30 +0000: Memory Usage (135356K) : backmetal1_res has 0 polygons
2026-08-20 19:08:30 +0000: Memory Usage (135484K) : backmetal1_iprobe has 0 polygons
2026-08-20 19:08:30 +0000: Memory Usage (135484K) : backmetal1_diffprb has 0 polygons
2026-08-20 19:08:30 +0000: Memory Usage (135484K) : backpassiv_drw has 0 polygons
2026-08-20 19:08:30 +0000: Memory Usage (135612K) : res_drw has 0 polygons
2026-08-20 19:08:30 +0000: Memory Usage (135612K) : sram_drw has 0 polygons
2026-08-20 19:08:30 +0000: Memory Usage (135612K) : trans_drw has 2 polygons
2026-08-20 19:08:30 +0000: Memory Usage (135612K) : ind_drw has 0 polygons
2026-08-20 19:08:30 +0000: Memory Usage (135740K) : ind_pin has 0 polygons
2026-08-20 19:08:30 +0000: Memory Usage (135740K) : ind_text has 0 polygons
2026-08-20 19:08:30 +0000: Memory Usage (135740K) : salblock_drw has 0 polygons
2026-08-20 19:08:30 +0000: Memory Usage (135740K) : via2_drw has 23 polygons
2026-08-20 19:08:30 +0000: Memory Usage (135740K) : metal3_drw has 13 polygons
2026-08-20 19:08:30 +0000: Memory Usage (135868K) : metal3_filler has 0 polygons
2026-08-20 19:08:30 +0000: Memory Usage (135868K) : metal3_slit has 0 polygons
2026-08-20 19:08:30 +0000: Memory Usage (135868K) : metal3 has 13 polygons
2026-08-20 19:08:30 +0000: Memory Usage (135996K) : metal3_pin has 0 polygons
2026-08-20 19:08:30 +0000: Memory Usage (135996K) : metal3_mask has 0 polygons
2026-08-20 19:08:30 +0000: Memory Usage (135996K) : metal3_nofill has 0 polygons
2026-08-20 19:08:30 +0000: Memory Usage (136124K) : metal3_text has 0 polygons
2026-08-20 19:08:30 +0000: Memory Usage (136124K) : metal3_OPC has 0 polygons
2026-08-20 19:08:30 +0000: Memory Usage (136124K) : metal3_noqrc has 0 polygons
2026-08-20 19:08:30 +0000: Memory Usage (136124K) : metal3_res has 0 polygons
2026-08-20 19:08:30 +0000: Memory Usage (136124K) : metal3_iprobe has 0 polygons
2026-08-20 19:08:30 +0000: Memory Usage (136124K) : metal3_diffprb has 0 polygons
2026-08-20 19:08:30 +0000: Memory Usage (136124K) : nwell_drw has 10 polygons
2026-08-20 19:08:30 +0000: Memory Usage (136124K) : nwell_pin has 0 polygons
2026-08-20 19:08:30 +0000: Memory Usage (136124K) : nwell_text has 0 polygons
2026-08-20 19:08:30 +0000: Memory Usage (136124K) : nbulay_drw has 0 polygons
2026-08-20 19:08:30 +0000: Memory Usage (136124K) : nbulay_pin has 0 polygons
2026-08-20 19:08:30 +0000: Memory Usage (136124K) : nbulay_block has 0 polygons
2026-08-20 19:08:30 +0000: Memory Usage (136124K) : emwind_drw has 4 polygons
2026-08-20 19:08:30 +0000: Memory Usage (136252K) : emwind_OPC has 0 polygons
2026-08-20 19:08:30 +0000: Memory Usage (136252K) : deepco_drw has 0 polygons
2026-08-20 19:08:30 +0000: Memory Usage (136252K) : mim_drw has 0 polygons
2026-08-20 19:08:30 +0000: Memory Usage (136252K) : edgeseal_drw has 0 polygons
2026-08-20 19:08:30 +0000: Memory Usage (136252K) : substrate_drw has 500 polygons
2026-08-20 19:08:30 +0000: Memory Usage (136252K) : substrate_text has 0 polygons
2026-08-20 19:08:30 +0000: Memory Usage (136380K) : dfpad_drw has 2 polygons
2026-08-20 19:08:30 +0000: Memory Usage (136380K) : dfpad_pillar has 0 polygons
2026-08-20 19:08:30 +0000: Memory Usage (136380K) : dfpad_sbump has 0 polygons
2026-08-20 19:08:30 +0000: Memory Usage (136380K) : thickgateox_drw has 0 polygons
2026-08-20 19:08:30 +0000: Memory Usage (136380K) : pldb_drw has 0 polygons
2026-08-20 19:08:30 +0000: Memory Usage (136508K) : pwell_drw has 0 polygons
2026-08-20 19:08:30 +0000: Memory Usage (136508K) : pwell_pin has 0 polygons
2026-08-20 19:08:30 +0000: Memory Usage (136508K) : pwell_block has 0 polygons
2026-08-20 19:08:30 +0000: Memory Usage (136508K) : ic_drw has 0 polygons
2026-08-20 19:08:30 +0000: Memory Usage (136508K) : via3_drw has 999 polygons
2026-08-20 19:08:30 +0000: Memory Usage (136636K) : metal4_drw has 17 polygons
2026-08-20 19:08:30 +0000: Memory Usage (136636K) : metal4_filler has 0 polygons
2026-08-20 19:08:30 +0000: Memory Usage (136636K) : metal4_slit has 0 polygons
2026-08-20 19:08:30 +0000: Memory Usage (136636K) : metal4 has 17 polygons
2026-08-20 19:08:30 +0000: Memory Usage (136636K) : metal4_pin has 0 polygons
2026-08-20 19:08:30 +0000: Memory Usage (136636K) : metal4_mask has 0 polygons
2026-08-20 19:08:30 +0000: Memory Usage (136764K) : metal4_nofill has 0 polygons
2026-08-20 19:08:30 +0000: Memory Usage (136764K) : metal4_text has 3 polygons
2026-08-20 19:08:30 +0000: Memory Usage (136764K) : metal4_OPC has 0 polygons
2026-08-20 19:08:30 +0000: Memory Usage (136764K) : metal4_noqrc has 0 polygons
2026-08-20 19:08:30 +0000: Memory Usage (136764K) : metal4_res has 0 polygons
2026-08-20 19:08:30 +0000: Memory Usage (136764K) : metal4_iprobe has 0 polygons
2026-08-20 19:08:30 +0000: Memory Usage (136892K) : metal4_diffprb has 0 polygons
2026-08-20 19:08:30 +0000: Memory Usage (136892K) : heattrans_drw has 123 polygons
2026-08-20 19:08:30 +0000: Memory Usage (136892K) : heatres_drw has 0 polygons
2026-08-20 19:08:30 +0000: Memory Usage (136892K) : fbe_drw has 0 polygons
2026-08-20 19:08:30 +0000: Memory Usage (136892K) : empoly_drw has 0 polygons
2026-08-20 19:08:30 +0000: Memory Usage (136892K) : digisub_drw has 0 polygons
2026-08-20 19:08:30 +0000: Memory Usage (136892K) : text_drw has 645 polygons
2026-08-20 19:08:30 +0000: Memory Usage (136892K) : via4_drw has 993 polygons
2026-08-20 19:08:30 +0000: Memory Usage (137020K) : metal5_drw has 16 polygons
2026-08-20 19:08:30 +0000: Memory Usage (137020K) : metal5_filler has 0 polygons
2026-08-20 19:08:30 +0000: Memory Usage (137020K) : metal5_slit has 0 polygons
2026-08-20 19:08:30 +0000: Memory Usage (137020K) : metal5 has 16 polygons
2026-08-20 19:08:30 +0000: Memory Usage (137020K) : metal5_pin has 0 polygons
2026-08-20 19:08:30 +0000: Memory Usage (137020K) : metal5_mask has 0 polygons
2026-08-20 19:08:30 +0000: Memory Usage (137148K) : metal5_nofill has 0 polygons
2026-08-20 19:08:30 +0000: Memory Usage (137148K) : metal5_text has 0 polygons
2026-08-20 19:08:30 +0000: Memory Usage (137148K) : metal5_OPC has 0 polygons
2026-08-20 19:08:30 +0000: Memory Usage (137148K) : metal5_noqrc has 0 polygons
2026-08-20 19:08:30 +0000: Memory Usage (137148K) : metal5_res has 0 polygons
2026-08-20 19:08:30 +0000: Memory Usage (137148K) : metal5_iprobe has 0 polygons
2026-08-20 19:08:30 +0000: Memory Usage (137276K) : metal5_diffprb has 0 polygons
2026-08-20 19:08:30 +0000: Memory Usage (137276K) : radhard_drw has 0 polygons
2026-08-20 19:08:30 +0000: Memory Usage (137276K) : memcap_drw has 0 polygons
2026-08-20 19:08:30 +0000: Memory Usage (137276K) : varicap_drw has 0 polygons
2026-08-20 19:08:30 +0000: Memory Usage (137276K) : intbondvia_drw has 0 polygons
2026-08-20 19:08:30 +0000: Memory Usage (137404K) : intbondmet_drw has 0 polygons
2026-08-20 19:08:30 +0000: Memory Usage (137404K) : devbondvia_drw has 0 polygons
2026-08-20 19:08:30 +0000: Memory Usage (137404K) : devbondmet_drw has 0 polygons
2026-08-20 19:08:30 +0000: Memory Usage (137404K) : devtrench_drw has 0 polygons
2026-08-20 19:08:30 +0000: Memory Usage (137404K) : redist_drw has 0 polygons
2026-08-20 19:08:30 +0000: Memory Usage (137404K) : graphbot_drw has 0 polygons
2026-08-20 19:08:30 +0000: Memory Usage (137404K) : graphtop_drw has 0 polygons
2026-08-20 19:08:30 +0000: Memory Usage (137532K) : antvia1_drw has 0 polygons
2026-08-20 19:08:30 +0000: Memory Usage (137532K) : antmetal2_drw has 0 polygons
2026-08-20 19:08:30 +0000: Memory Usage (137532K) : graphcont_drw has 0 polygons
2026-08-20 19:08:30 +0000: Memory Usage (137532K) : siwg_drw has 0 polygons
2026-08-20 19:08:30 +0000: Memory Usage (137532K) : siwg_filler has 0 polygons
2026-08-20 19:08:30 +0000: Memory Usage (137532K) : siwg_nofill has 0 polygons
2026-08-20 19:08:30 +0000: Memory Usage (137660K) : sigrating_drw has 0 polygons
2026-08-20 19:08:30 +0000: Memory Usage (137660K) : singrating_drw has 0 polygons
2026-08-20 19:08:30 +0000: Memory Usage (137660K) : graphpas_drw has 0 polygons
2026-08-20 19:08:30 +0000: Memory Usage (137660K) : emwind3_drw has 0 polygons
2026-08-20 19:08:30 +0000: Memory Usage (137660K) : emwihv3_drw has 0 polygons
2026-08-20 19:08:30 +0000: Memory Usage (137788K) : redbulay_drw has 0 polygons
2026-08-20 19:08:30 +0000: Memory Usage (137788K) : smos_drw has 0 polygons
2026-08-20 19:08:30 +0000: Memory Usage (137788K) : graphpad_drw has 0 polygons
2026-08-20 19:08:30 +0000: Memory Usage (137788K) : polimide_drw has 0 polygons
2026-08-20 19:08:30 +0000: Memory Usage (137788K) : polimide_pin has 0 polygons
2026-08-20 19:08:30 +0000: Memory Usage (137916K) : recog_drw has 0 polygons
2026-08-20 19:08:30 +0000: Memory Usage (137916K) : recog_pin has 0 polygons
2026-08-20 19:08:30 +0000: Memory Usage (137916K) : recog_esd has 4 polygons
2026-08-20 19:08:30 +0000: Memory Usage (137916K) : recog_diode has 0 polygons
2026-08-20 19:08:30 +0000: Memory Usage (137916K) : recog_tsv has 0 polygons
2026-08-20 19:08:30 +0000: Memory Usage (137916K) : recog_iprobe has 0 polygons
2026-08-20 19:08:30 +0000: Memory Usage (137916K) : recog_diffprb has 0 polygons
2026-08-20 19:08:30 +0000: Memory Usage (138044K) : recog_pillar has 0 polygons
2026-08-20 19:08:30 +0000: Memory Usage (138044K) : recog_sbump has 0 polygons
2026-08-20 19:08:30 +0000: Memory Usage (138044K) : recog_otp has 0 polygons
2026-08-20 19:08:30 +0000: Memory Usage (138044K) : recog_pdiode has 0 polygons
2026-08-20 19:08:30 +0000: Memory Usage (138044K) : recog_mom has 0 polygons
2026-08-20 19:08:30 +0000: Memory Usage (138044K) : recog_momf has 0 polygons
2026-08-20 19:08:30 +0000: Memory Usage (138172K) : recog_pcm has 0 polygons
2026-08-20 19:08:30 +0000: Memory Usage (138172K) : colopen_drw has 0 polygons
2026-08-20 19:08:30 +0000: Memory Usage (138172K) : graphmetal1_drw has 0 polygons
2026-08-20 19:08:30 +0000: Memory Usage (138172K) : graphmetal1_filler has 0 polygons
2026-08-20 19:08:30 +0000: Memory Usage (138172K) : graphmetal1_nofill has 0 polygons
2026-08-20 19:08:30 +0000: Memory Usage (138300K) : graphmetal1_slit has 0 polygons
2026-08-20 19:08:30 +0000: Memory Usage (138300K) : graphmetal1_OPC has 0 polygons
2026-08-20 19:08:30 +0000: Memory Usage (138300K) : graphmet1l_drw has 0 polygons
2026-08-20 19:08:30 +0000: Memory Usage (138300K) : graphmet1l_filler has 0 polygons
2026-08-20 19:08:30 +0000: Memory Usage (138300K) : graphmet1l_nofill has 0 polygons
2026-08-20 19:08:30 +0000: Memory Usage (138300K) : graphmet1l_slit has 0 polygons
2026-08-20 19:08:30 +0000: Memory Usage (138428K) : graphmet1l_OPC has 0 polygons
2026-08-20 19:08:30 +0000: Memory Usage (138428K) : extblock_drw has 0 polygons
2026-08-20 19:08:30 +0000: Memory Usage (138428K) : nldd_drw has 0 polygons
2026-08-20 19:08:30 +0000: Memory Usage (138428K) : pldd_drw has 0 polygons
2026-08-20 19:08:30 +0000: Memory Usage (138428K) : next_drw has 0 polygons
2026-08-20 19:08:30 +0000: Memory Usage (138428K) : pext_drw has 0 polygons
2026-08-20 19:08:30 +0000: Memory Usage (138556K) : nexthv_drw has 0 polygons
2026-08-20 19:08:30 +0000: Memory Usage (138556K) : pexthv_drw has 0 polygons
2026-08-20 19:08:30 +0000: Memory Usage (138556K) : graphgate_drw has 0 polygons
2026-08-20 19:08:30 +0000: Memory Usage (138556K) : sinwg_drw has 0 polygons
2026-08-20 19:08:30 +0000: Memory Usage (138556K) : sinwg_filler has 0 polygons
2026-08-20 19:08:30 +0000: Memory Usage (138684K) : sinwg_nofill has 0 polygons
2026-08-20 19:08:30 +0000: Memory Usage (138684K) : mempad_drw has 0 polygons
2026-08-20 19:08:30 +0000: Memory Usage (138684K) : topvia1_drw has 475 polygons
2026-08-20 19:08:30 +0000: Memory Usage (138684K) : topmetal1_drw has 46 polygons
2026-08-20 19:08:30 +0000: Memory Usage (138684K) : topmetal1_filler has 0 polygons
2026-08-20 19:08:30 +0000: Memory Usage (138812K) : topmetal1_slit has 0 polygons
2026-08-20 19:08:30 +0000: Memory Usage (138812K) : topmetal1 has 46 polygons
2026-08-20 19:08:30 +0000: Memory Usage (138812K) : topmetal1_pin has 0 polygons
2026-08-20 19:08:30 +0000: Memory Usage (138812K) : topmetal1_mask has 0 polygons
2026-08-20 19:08:30 +0000: Memory Usage (138940K) : topmetal1_nofill has 0 polygons
2026-08-20 19:08:30 +0000: Memory Usage (138940K) : topmetal1_text has 0 polygons
2026-08-20 19:08:30 +0000: Memory Usage (138940K) : topmetal1_noqrc has 0 polygons
2026-08-20 19:08:30 +0000: Memory Usage (138940K) : topmetal1_res has 0 polygons
2026-08-20 19:08:30 +0000: Memory Usage (139068K) : topmetal1_iprobe has 0 polygons
2026-08-20 19:08:30 +0000: Memory Usage (139068K) : topmetal1_diffprb has 0 polygons
2026-08-20 19:08:30 +0000: Memory Usage (139068K) : inldpwl_drw has 0 polygons
2026-08-20 19:08:30 +0000: Memory Usage (139068K) : polyres_drw has 0 polygons
2026-08-20 19:08:30 +0000: Memory Usage (139196K) : polyres_pin has 0 polygons
2026-08-20 19:08:30 +0000: Memory Usage (139196K) : vmim_drw has 0 polygons
2026-08-20 19:08:30 +0000: Memory Usage (139196K) : nbulaycut_drw has 0 polygons
2026-08-20 19:08:30 +0000: Memory Usage (139196K) : antmetal1_drw has 0 polygons
2026-08-20 19:08:30 +0000: Memory Usage (139324K) : topvia2_drw has 227 polygons
2026-08-20 19:08:30 +0000: Memory Usage (139324K) : topmetal2_drw has 43 polygons
2026-08-20 19:08:30 +0000: Memory Usage (139324K) : topmetal2_filler has 0 polygons
2026-08-20 19:08:30 +0000: Memory Usage (139324K) : topmetal2_slit has 0 polygons
2026-08-20 19:08:30 +0000: Memory Usage (139452K) : topmetal2 has 43 polygons
2026-08-20 19:08:30 +0000: Memory Usage (139452K) : topmetal2_pin has 0 polygons
2026-08-20 19:08:30 +0000: Memory Usage (139580K) : topmetal2_mask has 0 polygons
2026-08-20 19:08:30 +0000: Memory Usage (139580K) : topmetal2_nofill has 0 polygons
2026-08-20 19:08:30 +0000: Memory Usage (139580K) : topmetal2_text has 6 polygons
2026-08-20 19:08:30 +0000: Memory Usage (139580K) : topmetal2_noqrc has 0 polygons
2026-08-20 19:08:30 +0000: Memory Usage (139708K) : topmetal2_res has 0 polygons
2026-08-20 19:08:30 +0000: Memory Usage (139708K) : topmetal2_iprobe has 0 polygons
2026-08-20 19:08:30 +0000: Memory Usage (139708K) : topmetal2_diffprb has 0 polygons
2026-08-20 19:08:30 +0000: Memory Usage (139708K) : snsring_drw has 0 polygons
2026-08-20 19:08:30 +0000: Memory Usage (139836K) : sensor_drw has 0 polygons
2026-08-20 19:08:30 +0000: Memory Usage (139836K) : snsarms_drw has 0 polygons
2026-08-20 19:08:30 +0000: Memory Usage (139836K) : snscmosvia_drw has 0 polygons
2026-08-20 19:08:30 +0000: Memory Usage (139836K) : colwind_drw has 0 polygons
2026-08-20 19:08:30 +0000: Memory Usage (139964K) : flm_drw has 0 polygons
2026-08-20 19:08:30 +0000: Memory Usage (139964K) : hafniumox_drw has 0 polygons
2026-08-20 19:08:30 +0000: Memory Usage (139964K) : memvia_drw has 0 polygons
2026-08-20 19:08:30 +0000: Memory Usage (140092K) : thinfilmres_drw has 0 polygons
2026-08-20 19:08:30 +0000: Memory Usage (140092K) : rfmem_drw has 0 polygons
2026-08-20 19:08:30 +0000: Memory Usage (140092K) : norcx_drw has 0 polygons
2026-08-20 19:08:30 +0000: Memory Usage (140220K) : norcx_m2m3 has 0 polygons
2026-08-20 19:08:30 +0000: Memory Usage (140220K) : norcx_m2m4 has 0 polygons
2026-08-20 19:08:30 +0000: Memory Usage (140348K) : norcx_m2m5 has 0 polygons
2026-08-20 19:08:30 +0000: Memory Usage (140348K) : norcx_m2tm1 has 0 polygons
2026-08-20 19:08:30 +0000: Memory Usage (140348K) : norcx_m2tm2 has 0 polygons
2026-08-20 19:08:30 +0000: Memory Usage (140348K) : norcx_m3m4 has 0 polygons
2026-08-20 19:08:30 +0000: Memory Usage (140348K) : norcx_m3m5 has 0 polygons
2026-08-20 19:08:30 +0000: Memory Usage (140348K) : norcx_m3tm1 has 0 polygons
2026-08-20 19:08:30 +0000: Memory Usage (140348K) : norcx_m3tm2 has 0 polygons
2026-08-20 19:08:30 +0000: Memory Usage (140348K) : norcx_m4m5 has 0 polygons
2026-08-20 19:08:30 +0000: Memory Usage (140348K) : norcx_m4tm1 has 0 polygons
2026-08-20 19:08:30 +0000: Memory Usage (140348K) : norcx_m4tm2 has 0 polygons
2026-08-20 19:08:30 +0000: Memory Usage (140348K) : norcx_m5tm1 has 0 polygons
2026-08-20 19:08:30 +0000: Memory Usage (140348K) : norcx_m5tm2 has 0 polygons
2026-08-20 19:08:30 +0000: Memory Usage (140348K) : norcx_tm1tm2 has 0 polygons
2026-08-20 19:08:30 +0000: Memory Usage (140348K) : norcx_m1sub has 0 polygons
2026-08-20 19:08:30 +0000: Memory Usage (140348K) : norcx_m2sub has 0 polygons
2026-08-20 19:08:30 +0000: Memory Usage (140348K) : norcx_m3sub has 0 polygons
2026-08-20 19:08:30 +0000: Memory Usage (140348K) : norcx_m4sub has 0 polygons
2026-08-20 19:08:30 +0000: Memory Usage (140348K) : norcx_m5sub has 0 polygons
2026-08-20 19:08:30 +0000: Memory Usage (140348K) : norcx_tm1sub has 0 polygons
2026-08-20 19:08:30 +0000: Memory Usage (140348K) : norcx_tm2sub has 0 polygons
2026-08-20 19:08:30 +0000: Memory Usage (140348K) : snsbotvia_drw has 0 polygons
2026-08-20 19:08:30 +0000: Memory Usage (140348K) : snstopvia_drw has 0 polygons
2026-08-20 19:08:30 +0000: Memory Usage (140348K) : deepvia_drw has 0 polygons
2026-08-20 19:08:30 +0000: Memory Usage (140348K) : fgetch_drw has 0 polygons
2026-08-20 19:08:30 +0000: Memory Usage (140476K) : ctrgat_drw has 0 polygons
2026-08-20 19:08:30 +0000: Memory Usage (140476K) : fgimp_drw has 0 polygons
2026-08-20 19:08:30 +0000: Memory Usage (140476K) : emwihv_drw has 0 polygons
2026-08-20 19:08:30 +0000: Memory Usage (140476K) : lbe_drw has 0 polygons
2026-08-20 19:08:30 +0000: Memory Usage (140476K) : alcustop_drw has 0 polygons
2026-08-20 19:08:30 +0000: Memory Usage (140476K) : nometfiller_drw has 0 polygons
2026-08-20 19:08:30 +0000: Memory Usage (140476K) : prboundary_drw has 0 polygons
2026-08-20 19:08:30 +0000: Memory Usage (140476K) : exchange0_drw has 0 polygons
2026-08-20 19:08:30 +0000: Memory Usage (140476K) : exchange0_pin has 0 polygons
2026-08-20 19:08:30 +0000: Memory Usage (140476K) : exchange0_text has 0 polygons
2026-08-20 19:08:30 +0000: Memory Usage (140476K) : exchange1_drw has 0 polygons
2026-08-20 19:08:30 +0000: Memory Usage (140476K) : exchange1_pin has 0 polygons
2026-08-20 19:08:30 +0000: Memory Usage (140476K) : exchange1_text has 0 polygons
2026-08-20 19:08:30 +0000: Memory Usage (140476K) : exchange2_drw has 0 polygons
2026-08-20 19:08:30 +0000: Memory Usage (140476K) : exchange2_pin has 0 polygons
2026-08-20 19:08:30 +0000: Memory Usage (140476K) : exchange2_text has 0 polygons
2026-08-20 19:08:30 +0000: Memory Usage (140476K) : exchange3_drw has 0 polygons
2026-08-20 19:08:30 +0000: Memory Usage (140476K) : exchange3_pin has 0 polygons
2026-08-20 19:08:30 +0000: Memory Usage (140476K) : exchange3_text has 0 polygons
2026-08-20 19:08:30 +0000: Memory Usage (140476K) : exchange4_drw has 0 polygons
2026-08-20 19:08:30 +0000: Memory Usage (140476K) : exchange4_pin has 0 polygons
2026-08-20 19:08:30 +0000: Memory Usage (140476K) : exchange4_text has 0 polygons
2026-08-20 19:08:30 +0000: Memory Usage (140476K) : isonwell_drw has 0 polygons
2026-08-20 19:08:30 +0000: Memory Usage (140476K) : Total no. of polygons in the design is 28370
2026-08-20 19:08:30 +0000: Memory Usage (140476K) : Starting base layers derivations
2026-08-20 19:08:30 +0000: Memory Usage (140476K) : Starting general LVS derivations
2026-08-20 19:08:31 +0000: Memory Usage (144616K) : Starting MOSFET DERIVATIONS
2026-08-20 19:08:31 +0000: Memory Usage (145128K) : Starting NMOS DERIVATIONS
2026-08-20 19:08:31 +0000: Memory Usage (145128K) : Starting PMOS DERIVATIONS
2026-08-20 19:08:31 +0000: Memory Usage (145128K) : Starting RF-MOSFET DERIVATIONS
2026-08-20 19:08:31 +0000: Memory Usage (145128K) : Starting RF-NMOS DERIVATIONS
2026-08-20 19:08:31 +0000: Memory Usage (145128K) : Starting RF-PMOS DERIVATIONS
2026-08-20 19:08:31 +0000: Memory Usage (145128K) : Starting BJT DERIVATIONS
2026-08-20 19:08:31 +0000: Memory Usage (145128K) : Starting NPN-BJT DERIVATIONS
2026-08-20 19:08:31 +0000: Memory Usage (145256K) : Starting PNP-BJT DERIVATIONS
2026-08-20 19:08:31 +0000: Memory Usage (145256K) : Starting DIODE DERIVATIONS
2026-08-20 19:08:31 +0000: Memory Usage (145256K) : Starting RESISTOR DERIVATIONS
2026-08-20 19:08:31 +0000: Memory Usage (145256K) : Starting CAP DERIVATIONS
2026-08-20 19:08:31 +0000: Memory Usage (145256K) : Starting CAP_CMOM DERIVATIONS
2026-08-20 19:08:31 +0000: Memory Usage (145256K) : Starting CAP_CMOMF DERIVATIONS
2026-08-20 19:08:31 +0000: Memory Usage (145256K) : Starting ESD DERIVATIONS
2026-08-20 19:08:31 +0000: Memory Usage (145512K) : Starting Inductor DERIVATIONS
2026-08-20 19:08:31 +0000: Memory Usage (145512K) : Starting Taps DERIVATIONS
2026-08-20 19:08:31 +0000: Memory Usage (145512K) : Starting SG13G2 LVS connectivity setup
2026-08-20 19:08:31 +0000: Memory Usage (145512K) : Starting SG13G2 LVS connectivity setup (Inter-layer)
2026-08-20 19:08:31 +0000: Memory Usage (145640K) : Starting SG13G2 LVS connectivity setup (Global)
2026-08-20 19:08:31 +0000: Memory Usage (145640K) : Starting LVS MOSFET CONNECTIONS
2026-08-20 19:08:31 +0000: Memory Usage (145640K) : Starting LVS RF-MOSFET CONNECTIONS
2026-08-20 19:08:31 +0000: Memory Usage (145640K) : Starting LVS BJT CONNECTIONS
2026-08-20 19:08:31 +0000: Memory Usage (145640K) : Starting LVS DIODE CONNECTIONS
2026-08-20 19:08:31 +0000: Memory Usage (145640K) : Starting RESISTOR CONNECTIONS
2026-08-20 19:08:31 +0000: Memory Usage (145640K) : Starting LVS CAP CONNECTIONS
2026-08-20 19:08:31 +0000: Memory Usage (145640K) : Starting CAP_CMOM CONNECTIONS
2026-08-20 19:08:31 +0000: Memory Usage (145640K) : Starting CAP_CMOMF CONNECTIONS
2026-08-20 19:08:31 +0000: Memory Usage (145640K) : Starting ESD CONNECTIONS
2026-08-20 19:08:31 +0000: Memory Usage (145640K) : Starting Inductor CONNECTIONS
2026-08-20 19:08:31 +0000: Memory Usage (145640K) : Starting LVS Taps CONNECTIONS
2026-08-20 19:08:31 +0000: Memory Usage (145640K) : Starting SG13G2 LVS DEVICES EXTRACTION
2026-08-20 19:08:31 +0000: Memory Usage (145640K) : Starting MOSFET EXTRACTION
2026-08-20 19:08:31 +0000: Memory Usage (145640K) : Starting NMOS EXTRACTION
2026-08-20 19:08:31 +0000: Memory Usage (145640K) : Extraction of NMOS-LV transistor
2026-08-20 19:08:31 +0000: Memory Usage (145896K) : Extraction of NMOS-HV transistor
2026-08-20 19:08:31 +0000: Memory Usage (145896K) : Starting PMOS EXTRACTION
2026-08-20 19:08:31 +0000: Memory Usage (145896K) : Extraction of PMOS-LV transistor
2026-08-20 19:08:31 +0000: Memory Usage (145896K) : Extraction of PMOS-HV transistor
2026-08-20 19:08:31 +0000: Memory Usage (145896K) : Starting RF-MOSFET EXTRACTION
2026-08-20 19:08:31 +0000: Memory Usage (145896K) : Extraction of RF-NMOS-LV transistor
2026-08-20 19:08:31 +0000: Memory Usage (145896K) : Extraction of RF-NMOS-HV transistor
2026-08-20 19:08:31 +0000: Memory Usage (145896K) : Extraction of RF-PMOS-LV transistor
2026-08-20 19:08:31 +0000: Memory Usage (145896K) : Extraction of RF-PMOS-HV transistor
2026-08-20 19:08:31 +0000: Memory Usage (145896K) : Starting BJT EXTRACTION
2026-08-20 19:08:31 +0000: Memory Usage (145896K) : Starting NPN-BJT EXTRACTION
2026-08-20 19:08:31 +0000: Memory Usage (145896K) : Extraction of npn13G2 BJT transistor
2026-08-20 19:08:32 +0000: Memory Usage (145896K) : Extraction of npn13G2L BJT transistor
2026-08-20 19:08:32 +0000: Memory Usage (145896K) : Extraction of npn13G2V BJT transistor
2026-08-20 19:08:32 +0000: Memory Usage (145896K) : Starting PNP-BJT EXTRACTION
2026-08-20 19:08:32 +0000: Memory Usage (145896K) : Extracting pnpMPA BJT
2026-08-20 19:08:32 +0000: Memory Usage (145896K) : Starting DIODE EXTRACTION
2026-08-20 19:08:32 +0000: Memory Usage (145896K) : Extracting dantenna diode
2026-08-20 19:08:32 +0000: Memory Usage (145896K) : Extracting dpantenna diode
2026-08-20 19:08:32 +0000: Memory Usage (145896K) : Extracting schottky_nbl1 diode
2026-08-20 19:08:32 +0000: Memory Usage (145896K) : Extracting isolbox diode
2026-08-20 19:08:32 +0000: Memory Usage (145896K) : Starting RESISTOR EXTRACTION
2026-08-20 19:08:32 +0000: Memory Usage (145896K) : Extracting rsil resistor
2026-08-20 19:08:32 +0000: Memory Usage (145896K) : Extracting rppd resistor
2026-08-20 19:08:32 +0000: Memory Usage (145896K) : Extracting rhigh resistor
2026-08-20 19:08:32 +0000: Memory Usage (145896K) : Extracting res_metal1 resistor
2026-08-20 19:08:32 +0000: Memory Usage (145896K) : Extracting res_metal2 resistor
2026-08-20 19:08:32 +0000: Memory Usage (145896K) : Extracting res_metal3 resistor
2026-08-20 19:08:32 +0000: Memory Usage (145896K) : Extracting res_metal4 resistor
2026-08-20 19:08:32 +0000: Memory Usage (145896K) : Extracting res_metal5 resistor
2026-08-20 19:08:32 +0000: Memory Usage (145896K) : Extracting res_topmetal1 resistor
2026-08-20 19:08:32 +0000: Memory Usage (145896K) : Extracting res_topmetal2 resistor
2026-08-20 19:08:32 +0000: Memory Usage (145896K) : Starting CAP EXTRACTION
2026-08-20 19:08:32 +0000: Memory Usage (145896K) : Extracting cap_cmim device
2026-08-20 19:08:32 +0000: Memory Usage (145896K) : Extracting rfcmim device
2026-08-20 19:08:32 +0000: Memory Usage (145896K) : Extracting sg13_hv_svaricap varactor
2026-08-20 19:08:32 +0000: Memory Usage (145896K) : Extracting cap_cmomi device
2026-08-20 19:08:32 +0000: Memory Usage (145896K) : Extracting cap_cmomf device
2026-08-20 19:08:32 +0000: Memory Usage (145896K) : Extracting sg13_moscap_n capacitor
2026-08-20 19:08:32 +0000: Memory Usage (145896K) : Extracting sg13_moscap_p capacitor
2026-08-20 19:08:32 +0000: Memory Usage (145896K) : Starting ESD EXTRACTION
2026-08-20 19:08:32 +0000: Memory Usage (145896K) : Extracting diodevdd_2kv ESD device
2026-08-20 19:08:32 +0000: Memory Usage (145896K) : Extracting diodevdd_4kv ESD device
2026-08-20 19:08:32 +0000: Memory Usage (145896K) : Extracting diodevss_2kv ESD device
2026-08-20 19:08:32 +0000: Memory Usage (145896K) : Extracting diodevss_4kv ESD device
2026-08-20 19:08:32 +0000: Memory Usage (145896K) : Extracting idiodevdd_2kv ESD device
2026-08-20 19:08:32 +0000: Memory Usage (145896K) : Extracting idiodevdd_4kv ESD device
2026-08-20 19:08:32 +0000: Memory Usage (145896K) : Extracting idiodevss_2kv ESD device
2026-08-20 19:08:32 +0000: Memory Usage (145896K) : Extracting idiodevss_4kv ESD device
2026-08-20 19:08:32 +0000: Memory Usage (145896K) : Extracting nmoscl_2 ESD device
2026-08-20 19:08:32 +0000: Memory Usage (145896K) : Extracting nmoscl_4 ESD device
2026-08-20 19:08:32 +0000: Memory Usage (145896K) : Starting Inductor EXTRACTION
2026-08-20 19:08:32 +0000: Memory Usage (145896K) : Extracting Inductor2 device
2026-08-20 19:08:32 +0000: Memory Usage (145896K) : Extracting Inductor3 device
2026-08-20 19:08:32 +0000: Memory Usage (145896K) : Starting Taps EXTRACTION
2026-08-20 19:08:32 +0000: Memory Usage (145896K) : DISABLE_TAP_EXTRACTION is enabled: skipping ntap1/ptap1 device extraction.
2026-08-20 19:08:32 +0000: Memory Usage (145896K) : Starting SG13G2 LVS RF MOS Model Mapping
2026-08-20 19:08:32 +0000: Memory Usage (145896K) : [layout_netlist] Apply RF MOS model mapping and rfmode parameter.
2026-08-20 19:08:32 +0000: Memory Usage (145896K) : Starting SG13G2 LVS Options Preparations
2026-08-20 19:08:32 +0000: Memory Usage (145896K) : SG13G2 LVS flow: extraction -> alignment -> option preparation -> comparison.
2026-08-20 19:08:32 +0000: Memory Usage (145896K) : Starting SG13G2 LVS Alignment
2026-08-20 19:08:32 +0000: Memory Usage (145896K) : Starting SG13G2 LVS Simplification
2026-08-20 19:08:32 +0000: Memory Usage (145896K) : [layout_netlist] simplify: ENABLED
2026-08-20 19:08:32 +0000: Memory Usage (145896K) : [layout_netlist] make_top_level_pins: SKIPPED
2026-08-20 19:08:32 +0000: Memory Usage (145896K) : [layout_netlist] combine_devices: SKIPPED
2026-08-20 19:08:32 +0000: Memory Usage (145896K) : [layout_netlist] purge: SKIPPED
2026-08-20 19:08:32 +0000: Memory Usage (145896K) : [layout_netlist] purge_nets: SKIPPED
2026-08-20 19:08:32 +0000: Memory Usage (145896K) : [schematic_netlist] simplify: ENABLED
2026-08-20 19:08:32 +0000: Memory Usage (145896K) : [schematic_netlist] make_top_level_pins: SKIPPED
2026-08-20 19:08:32 +0000: Memory Usage (145896K) : [schematic_netlist] combine_devices: SKIPPED
2026-08-20 19:08:32 +0000: Memory Usage (145896K) : [schematic_netlist] purge: SKIPPED
2026-08-20 19:08:32 +0000: Memory Usage (145896K) : [schematic_netlist] purge_nets: SKIPPED
2026-08-20 19:08:32 +0000: Memory Usage (145896K) : Starting SG13G2 LVS Comparison
2026-08-20 19:08:32 +0000: Memory Usage (146152K) : xxxxxxxxxxxxxxxxxxxxxxxxxxxxxxxxxxxxxxxxxx
2026-08-20 19:08:32 +0000: Memory Usage (146152K) : ERROR : Netlists don't match
2026-08-20 19:08:32 +0000: Memory Usage (146152K) : xxxxxxxxxxxxxxxxxxxxxxxxxxxxxxxxxxxxxxxxxx
2026-08-20 19:08:32 +0000: Memory Usage (146152K) : LVS Total Run time 1.265537 seconds

--- stderr ---
20-Aug-2026 19:08:30 | INFO    | Your Klayout version is: KLayout 0.30.5 (required >= 0.30.5)
20-Aug-2026 19:08:30 | INFO    | Running SG13G2 LVS checks on design /workspace/layout/blocks/out/driver_stage/bisect_run/_probe10_vdd_only/driver_dut.gds on cell driver_dut
20-Aug-2026 19:08:32 | INFO    | ==============================================================================
20-Aug-2026 19:08:32 | INFO    | Important Summary
20-Aug-2026 19:08:32 | INFO    | +------------------+----------------------------------------------------------------------------+
20-Aug-2026 19:08:32 | INFO    | | Status           | FAIL                                                                       |
20-Aug-2026 19:08:32 | INFO    | | Mode             | COMPARE                                                                    |
20-Aug-2026 19:08:32 | INFO    | | Outcome          | Comparison mode: FAIL (netlists do not match).                             |
20-Aug-2026 19:08:32 | INFO    | | Layout           | driver_dut.gds                                                             |
20-Aug-2026 19:08:32 | INFO    | | Top Cell         | driver_dut                                                                 |
20-Aug-2026 19:08:32 | INFO    | | Results Dir      | /workspace/layout/blocks/out/driver_stage/bisect_run/_probe10_vdd_only/lvs |
20-Aug-2026 19:08:32 | INFO    | | Warnings         | 0                                                                          |
20-Aug-2026 19:08:32 | INFO    | | Errors           | 1                                                                          |
20-Aug-2026 19:08:32 | INFO    | | Run Time (s)     | 1.592                                                                      |
20-Aug-2026 19:08:32 | INFO    | +------------------+----------------------------------------------------------------------------+
20-Aug-2026 19:08:32 | ERROR   | Key errors:
20-Aug-2026 19:08:32 | ERROR   |   - 2026-08-20 19:08:32 +0000: Memory Usage (146152K) : ERROR : Netlists don't match
20-Aug-2026 19:08:32 | INFO    | ==============================================================================

