20-Aug-2026 11:01:17 | INFO    | Your Klayout version is: KLayout 0.30.5 (required >= 0.30.5)
20-Aug-2026 11:01:17 | INFO    | Running SG13G2 LVS checks on design /workspace/layout/blocks/out/term_stage/_bisect/plus_ring.gds on cell term_dut
20-Aug-2026 11:01:20 | INFO    | ==============================================================================
20-Aug-2026 11:01:20 | INFO    | Important Summary
20-Aug-2026 11:01:20 | INFO    | +------------------+--------------------------------------------------------------+
20-Aug-2026 11:01:20 | INFO    | | Status           | FAIL                                                         |
20-Aug-2026 11:01:20 | INFO    | | Mode             | COMPARE                                                      |
20-Aug-2026 11:01:20 | INFO    | | Outcome          | Comparison mode: FAIL (netlists do not match).               |
20-Aug-2026 11:01:20 | INFO    | | Layout           | plus_ring.gds                                                |
20-Aug-2026 11:01:20 | INFO    | | Top Cell         | term_dut                                                     |
20-Aug-2026 11:01:20 | INFO    | | Results Dir      | /workspace/layout/blocks/out/term_stage/_bisect/plus_ring    |
20-Aug-2026 11:01:20 | INFO    | | Warnings         | 0                                                            |
20-Aug-2026 11:01:20 | INFO    | | Errors           | 5                                                            |
20-Aug-2026 11:01:20 | INFO    | | Run Time (s)     | 2.439                                                        |
20-Aug-2026 11:01:20 | INFO    | +------------------+--------------------------------------------------------------+
20-Aug-2026 11:01:20 | ERROR   | Key errors:
20-Aug-2026 11:01:20 | ERROR   |   - 2026-08-20 08:55:39 +0000: Memory Usage (145656K) : ERROR : Netlists don't match
20-Aug-2026 11:01:20 | ERROR   |   - 2026-08-20 09:00:23 +0000: Memory Usage (146756K) : ERROR : Netlists don't match
20-Aug-2026 11:01:20 | ERROR   |   - 2026-08-20 09:23:33 +0000: Memory Usage (145580K) : ERROR : Netlists don't match
20-Aug-2026 11:01:20 | ERROR   |   - 2026-08-20 09:28:39 +0000: Memory Usage (145308K) : ERROR : Netlists don't match
20-Aug-2026 11:01:20 | ERROR   |   - 2026-08-20 09:32:12 +0000: Memory Usage (146724K) : ERROR : Netlists don't match
20-Aug-2026 11:01:20 | INFO    | ==============================================================================
