# Logfile created on 2026-08-20 19:09:30 +0000 by logger.rb/v1.5.3
2026-08-20 19:09:30 +0000: Memory Usage (128956K) : Starting running SG13G2 Klayout LVS runset on /workspace/layout/blocks/out/driver_stage/bisect_run/_probe11_both/driver_dut.gds
2026-08-20 19:09:30 +0000: Memory Usage (128956K) : Ruby Version for klayout: 3.2.3
2026-08-20 19:09:30 +0000: Memory Usage (130228K) : Loading database to memory is complete.
2026-08-20 19:09:30 +0000: Memory Usage (130228K) : SG13G2 Klayout LVS runset output at: /workspace/layout/blocks/out/driver_stage/bisect_run/_probe11_both/lvs/driver_dut.lvsdb
2026-08-20 19:09:30 +0000: Memory Usage (130228K) : Evaluate switches.
2026-08-20 19:09:30 +0000: Memory Usage (130228K) : Extracted netlist with net names: true
2026-08-20 19:09:30 +0000: Memory Usage (130228K) : Extracted netlist with comments in details: false
2026-08-20 19:09:30 +0000: Memory Usage (130228K) : Selected NET_ONLY option: false
2026-08-20 19:09:30 +0000: Memory Usage (130228K) : Selected LAYOUT_NETLIST option: (none)
2026-08-20 19:09:30 +0000: Memory Usage (130228K) : Selected IGNORE_TOP_PORTS_MISMATCH option: true
2026-08-20 19:09:30 +0000: Memory Usage (130228K) : Selected IMPLICIT_NETS option: sub,sub!
2026-08-20 19:09:30 +0000: Memory Usage (130228K) : Selected TOP_LVL_PINS option: false
2026-08-20 19:09:30 +0000: Memory Usage (130228K) : Selected COMBINE DEVICES option: false
2026-08-20 19:09:30 +0000: Memory Usage (130228K) : Selected PURGE option: false
2026-08-20 19:09:30 +0000: Memory Usage (130228K) : Selected PURGE_NETS option: false
2026-08-20 19:09:30 +0000: Memory Usage (130228K) : Selected SIMPLIFY option: true
2026-08-20 19:09:30 +0000: Memory Usage (130228K) : Selected SERIES_RES option: true
2026-08-20 19:09:30 +0000: Memory Usage (130228K) : Selected PARALLEL_RES option: true
2026-08-20 19:09:30 +0000: Memory Usage (130228K) : Selected DISABLE_TAP_EXTRACTION option: true
2026-08-20 19:09:30 +0000: Memory Usage (130228K) : deep  mode is enabled.
2026-08-20 19:09:30 +0000: Memory Usage (130228K) : Applying implicit connections (case-sensitive, pattern supported) for nets: sub, sub!
2026-08-20 19:09:30 +0000: Memory Usage (131468K) : Netlist file: /workspace/layout/blocks/out/driver_stage/bisect_run/_probe11_both/driver_dut.cdl
2026-08-20 19:09:30 +0000: Memory Usage (131468K) : LVS extracted netlist at: /workspace/layout/blocks/out/driver_stage/bisect_run/_probe11_both/lvs/driver_dut_extracted.cir
2026-08-20 19:09:30 +0000: Memory Usage (131468K) : Applying SRAM integration support.
2026-08-20 19:09:30 +0000: Memory Usage (131468K) : Starting SG13G2 LVS runset
2026-08-20 19:09:30 +0000: Memory Usage (131468K) : Read in polygons from layers.
2026-08-20 19:09:30 +0000: Memory Usage (132748K) : activ_drw has 893 polygons
2026-08-20 19:09:30 +0000: Memory Usage (132748K) : activ_filler has 0 polygons
2026-08-20 19:09:30 +0000: Memory Usage (133004K) : activ has 893 polygons
2026-08-20 19:09:30 +0000: Memory Usage (133004K) : activ_pin has 0 polygons
2026-08-20 19:09:30 +0000: Memory Usage (133004K) : activ_mask has 4 polygons
2026-08-20 19:09:30 +0000: Memory Usage (133004K) : activ_nofill has 0 polygons
2026-08-20 19:09:30 +0000: Memory Usage (133004K) : activ_OPC has 0 polygons
2026-08-20 19:09:30 +0000: Memory Usage (133004K) : activ_iOPC has 0 polygons
2026-08-20 19:09:30 +0000: Memory Usage (133004K) : activ_noqrc has 0 polygons
2026-08-20 19:09:30 +0000: Memory Usage (133060K) : biwind_drw has 0 polygons
2026-08-20 19:09:30 +0000: Memory Usage (133572K) : biwind_OPC has 0 polygons
2026-08-20 19:09:30 +0000: Memory Usage (133572K) : gatpoly_drw has 123 polygons
2026-08-20 19:09:30 +0000: Memory Usage (133572K) : gatpoly_filler has 0 polygons
2026-08-20 19:09:30 +0000: Memory Usage (133572K) : gatpoly has 123 polygons
2026-08-20 19:09:30 +0000: Memory Usage (133572K) : gatpoly_pin has 119 polygons
2026-08-20 19:09:30 +0000: Memory Usage (133572K) : gatpoly_nofill has 0 polygons
2026-08-20 19:09:30 +0000: Memory Usage (133572K) : gatpoly_OPC has 0 polygons
2026-08-20 19:09:30 +0000: Memory Usage (133572K) : gatpoly_iOPC has 0 polygons
2026-08-20 19:09:30 +0000: Memory Usage (133572K) : gatpoly_noqrc has 0 polygons
2026-08-20 19:09:30 +0000: Memory Usage (133572K) : cont_drw has 13150 polygons
2026-08-20 19:09:30 +0000: Memory Usage (133572K) : cont_OPC has 0 polygons
2026-08-20 19:09:30 +0000: Memory Usage (133572K) : nsd_drw has 0 polygons
2026-08-20 19:09:30 +0000: Memory Usage (133572K) : nsd_block has 4 polygons
2026-08-20 19:09:30 +0000: Memory Usage (133572K) : metal1_drw has 1515 polygons
2026-08-20 19:09:30 +0000: Memory Usage (133572K) : metal1_filler has 0 polygons
2026-08-20 19:09:30 +0000: Memory Usage (133572K) : metal1_slit has 0 polygons
2026-08-20 19:09:30 +0000: Memory Usage (133700K) : metal1 has 1515 polygons
2026-08-20 19:09:30 +0000: Memory Usage (133700K) : metal1_pin has 746 polygons
2026-08-20 19:09:30 +0000: Memory Usage (133700K) : metal1_mask has 0 polygons
2026-08-20 19:09:30 +0000: Memory Usage (133828K) : metal1_nofill has 0 polygons
2026-08-20 19:09:30 +0000: Memory Usage (133956K) : metal1_text has 3 polygons
2026-08-20 19:09:30 +0000: Memory Usage (133956K) : metal1_OPC has 0 polygons
2026-08-20 19:09:30 +0000: Memory Usage (134084K) : metal1_noqrc has 0 polygons
2026-08-20 19:09:30 +0000: Memory Usage (134084K) : metal1_res has 0 polygons
2026-08-20 19:09:30 +0000: Memory Usage (134084K) : metal1_iprobe has 0 polygons
2026-08-20 19:09:30 +0000: Memory Usage (134212K) : metal1_diffprb has 0 polygons
2026-08-20 19:09:30 +0000: Memory Usage (134212K) : passiv_drw has 2 polygons
2026-08-20 19:09:30 +0000: Memory Usage (134212K) : passiv_pin has 0 polygons
2026-08-20 19:09:30 +0000: Memory Usage (134340K) : passiv_sbump has 0 polygons
2026-08-20 19:09:30 +0000: Memory Usage (134340K) : passiv_pillar has 0 polygons
2026-08-20 19:09:30 +0000: Memory Usage (134340K) : passiv_pdl has 0 polygons
2026-08-20 19:09:30 +0000: Memory Usage (134468K) : metal2_drw has 529 polygons
2026-08-20 19:09:30 +0000: Memory Usage (134468K) : metal2_filler has 0 polygons
2026-08-20 19:09:30 +0000: Memory Usage (134596K) : metal2_slit has 0 polygons
2026-08-20 19:09:30 +0000: Memory Usage (134596K) : metal2 has 529 polygons
2026-08-20 19:09:30 +0000: Memory Usage (134724K) : metal2_pin has 10 polygons
2026-08-20 19:09:30 +0000: Memory Usage (134724K) : metal2_mask has 0 polygons
2026-08-20 19:09:30 +0000: Memory Usage (134724K) : metal2_nofill has 0 polygons
2026-08-20 19:09:30 +0000: Memory Usage (134852K) : metal2_text has 3 polygons
2026-08-20 19:09:30 +0000: Memory Usage (134852K) : metal2_OPC has 0 polygons
2026-08-20 19:09:30 +0000: Memory Usage (134852K) : metal2_noqrc has 0 polygons
2026-08-20 19:09:30 +0000: Memory Usage (134852K) : metal2_res has 0 polygons
2026-08-20 19:09:30 +0000: Memory Usage (134852K) : metal2_iprobe has 0 polygons
2026-08-20 19:09:30 +0000: Memory Usage (134980K) : metal2_diffprb has 0 polygons
2026-08-20 19:09:30 +0000: Memory Usage (134980K) : baspoly_drw has 0 polygons
2026-08-20 19:09:30 +0000: Memory Usage (134980K) : baspoly_pin has 0 polygons
2026-08-20 19:09:30 +0000: Memory Usage (134980K) : psd_drw has 514 polygons
2026-08-20 19:09:30 +0000: Memory Usage (135108K) : nldb_drw has 0 polygons
2026-08-20 19:09:30 +0000: Memory Usage (135108K) : digibnd_drw has 0 polygons
2026-08-20 19:09:30 +0000: Memory Usage (135108K) : via1_drw has 6612 polygons
2026-08-20 19:09:30 +0000: Memory Usage (135236K) : backmetal1_drw has 0 polygons
2026-08-20 19:09:30 +0000: Memory Usage (135236K) : backmetal1_pin has 0 polygons
2026-08-20 19:09:30 +0000: Memory Usage (135236K) : backmetal1_mask has 0 polygons
2026-08-20 19:09:30 +0000: Memory Usage (135236K) : backmetal1_filler has 0 polygons
2026-08-20 19:09:30 +0000: Memory Usage (135364K) : backmetal1_nofill has 0 polygons
2026-08-20 19:09:30 +0000: Memory Usage (135364K) : backmetal1_slit has 0 polygons
2026-08-20 19:09:30 +0000: Memory Usage (135364K) : backmetal1_text has 0 polygons
2026-08-20 19:09:30 +0000: Memory Usage (135364K) : backmetal1_OPC has 0 polygons
2026-08-20 19:09:30 +0000: Memory Usage (135492K) : backmetal1_noqrc has 0 polygons
2026-08-20 19:09:30 +0000: Memory Usage (135492K) : backmetal1_res has 0 polygons
2026-08-20 19:09:30 +0000: Memory Usage (135492K) : backmetal1_iprobe has 0 polygons
2026-08-20 19:09:30 +0000: Memory Usage (135492K) : backmetal1_diffprb has 0 polygons
2026-08-20 19:09:30 +0000: Memory Usage (135620K) : backpassiv_drw has 0 polygons
2026-08-20 19:09:30 +0000: Memory Usage (135620K) : res_drw has 0 polygons
2026-08-20 19:09:30 +0000: Memory Usage (135620K) : sram_drw has 0 polygons
2026-08-20 19:09:30 +0000: Memory Usage (135620K) : trans_drw has 2 polygons
2026-08-20 19:09:30 +0000: Memory Usage (135748K) : ind_drw has 0 polygons
2026-08-20 19:09:30 +0000: Memory Usage (135748K) : ind_pin has 0 polygons
2026-08-20 19:09:30 +0000: Memory Usage (135748K) : ind_text has 0 polygons
2026-08-20 19:09:30 +0000: Memory Usage (135748K) : salblock_drw has 0 polygons
2026-08-20 19:09:30 +0000: Memory Usage (135876K) : via2_drw has 25 polygons
2026-08-20 19:09:30 +0000: Memory Usage (135876K) : metal3_drw has 19 polygons
2026-08-20 19:09:30 +0000: Memory Usage (135876K) : metal3_filler has 0 polygons
2026-08-20 19:09:30 +0000: Memory Usage (135876K) : metal3_slit has 0 polygons
2026-08-20 19:09:30 +0000: Memory Usage (136004K) : metal3 has 19 polygons
2026-08-20 19:09:30 +0000: Memory Usage (136004K) : metal3_pin has 0 polygons
2026-08-20 19:09:30 +0000: Memory Usage (136004K) : metal3_mask has 0 polygons
2026-08-20 19:09:30 +0000: Memory Usage (136132K) : metal3_nofill has 0 polygons
2026-08-20 19:09:30 +0000: Memory Usage (136132K) : metal3_text has 0 polygons
2026-08-20 19:09:30 +0000: Memory Usage (136132K) : metal3_OPC has 0 polygons
2026-08-20 19:09:30 +0000: Memory Usage (136132K) : metal3_noqrc has 0 polygons
2026-08-20 19:09:30 +0000: Memory Usage (136132K) : metal3_res has 0 polygons
2026-08-20 19:09:30 +0000: Memory Usage (136132K) : metal3_iprobe has 0 polygons
2026-08-20 19:09:30 +0000: Memory Usage (136132K) : metal3_diffprb has 0 polygons
2026-08-20 19:09:30 +0000: Memory Usage (136132K) : nwell_drw has 10 polygons
2026-08-20 19:09:30 +0000: Memory Usage (136132K) : nwell_pin has 0 polygons
2026-08-20 19:09:30 +0000: Memory Usage (136132K) : nwell_text has 0 polygons
2026-08-20 19:09:30 +0000: Memory Usage (136132K) : nbulay_drw has 0 polygons
2026-08-20 19:09:30 +0000: Memory Usage (136132K) : nbulay_pin has 0 polygons
2026-08-20 19:09:30 +0000: Memory Usage (136260K) : nbulay_block has 0 polygons
2026-08-20 19:09:30 +0000: Memory Usage (136260K) : emwind_drw has 4 polygons
2026-08-20 19:09:30 +0000: Memory Usage (136260K) : emwind_OPC has 0 polygons
2026-08-20 19:09:30 +0000: Memory Usage (136260K) : deepco_drw has 0 polygons
2026-08-20 19:09:30 +0000: Memory Usage (136260K) : mim_drw has 0 polygons
2026-08-20 19:09:30 +0000: Memory Usage (136388K) : edgeseal_drw has 0 polygons
2026-08-20 19:09:30 +0000: Memory Usage (136388K) : substrate_drw has 500 polygons
2026-08-20 19:09:30 +0000: Memory Usage (136388K) : substrate_text has 0 polygons
2026-08-20 19:09:30 +0000: Memory Usage (136388K) : dfpad_drw has 2 polygons
2026-08-20 19:09:30 +0000: Memory Usage (136388K) : dfpad_pillar has 0 polygons
2026-08-20 19:09:30 +0000: Memory Usage (136388K) : dfpad_sbump has 0 polygons
2026-08-20 19:09:30 +0000: Memory Usage (136516K) : thickgateox_drw has 0 polygons
2026-08-20 19:09:30 +0000: Memory Usage (136516K) : pldb_drw has 0 polygons
2026-08-20 19:09:30 +0000: Memory Usage (136516K) : pwell_drw has 0 polygons
2026-08-20 19:09:30 +0000: Memory Usage (136516K) : pwell_pin has 0 polygons
2026-08-20 19:09:30 +0000: Memory Usage (136516K) : pwell_block has 0 polygons
2026-08-20 19:09:30 +0000: Memory Usage (136644K) : ic_drw has 0 polygons
2026-08-20 19:09:30 +0000: Memory Usage (136644K) : via3_drw has 1001 polygons
2026-08-20 19:09:30 +0000: Memory Usage (136644K) : metal4_drw has 19 polygons
2026-08-20 19:09:30 +0000: Memory Usage (136644K) : metal4_filler has 0 polygons
2026-08-20 19:09:30 +0000: Memory Usage (136644K) : metal4_slit has 0 polygons
2026-08-20 19:09:30 +0000: Memory Usage (136644K) : metal4 has 19 polygons
2026-08-20 19:09:30 +0000: Memory Usage (136772K) : metal4_pin has 0 polygons
2026-08-20 19:09:30 +0000: Memory Usage (136772K) : metal4_mask has 0 polygons
2026-08-20 19:09:30 +0000: Memory Usage (136772K) : metal4_nofill has 0 polygons
2026-08-20 19:09:30 +0000: Memory Usage (136772K) : metal4_text has 3 polygons
2026-08-20 19:09:30 +0000: Memory Usage (136772K) : metal4_OPC has 0 polygons
2026-08-20 19:09:30 +0000: Memory Usage (136772K) : metal4_noqrc has 0 polygons
2026-08-20 19:09:30 +0000: Memory Usage (136900K) : metal4_res has 0 polygons
2026-08-20 19:09:30 +0000: Memory Usage (136900K) : metal4_iprobe has 0 polygons
2026-08-20 19:09:30 +0000: Memory Usage (136900K) : metal4_diffprb has 0 polygons
2026-08-20 19:09:30 +0000: Memory Usage (136900K) : heattrans_drw has 123 polygons
2026-08-20 19:09:30 +0000: Memory Usage (136900K) : heatres_drw has 0 polygons
2026-08-20 19:09:30 +0000: Memory Usage (136900K) : fbe_drw has 0 polygons
2026-08-20 19:09:30 +0000: Memory Usage (137028K) : empoly_drw has 0 polygons
2026-08-20 19:09:30 +0000: Memory Usage (137028K) : digisub_drw has 0 polygons
2026-08-20 19:09:30 +0000: Memory Usage (137028K) : text_drw has 645 polygons
2026-08-20 19:09:30 +0000: Memory Usage (137028K) : via4_drw has 995 polygons
2026-08-20 19:09:30 +0000: Memory Usage (137028K) : metal5_drw has 20 polygons
2026-08-20 19:09:30 +0000: Memory Usage (137028K) : metal5_filler has 0 polygons
2026-08-20 19:09:30 +0000: Memory Usage (137028K) : metal5_slit has 0 polygons
2026-08-20 19:09:30 +0000: Memory Usage (137156K) : metal5 has 20 polygons
2026-08-20 19:09:30 +0000: Memory Usage (137156K) : metal5_pin has 0 polygons
2026-08-20 19:09:30 +0000: Memory Usage (137156K) : metal5_mask has 0 polygons
2026-08-20 19:09:30 +0000: Memory Usage (137156K) : metal5_nofill has 0 polygons
2026-08-20 19:09:30 +0000: Memory Usage (137156K) : metal5_text has 0 polygons
2026-08-20 19:09:30 +0000: Memory Usage (137156K) : metal5_OPC has 0 polygons
2026-08-20 19:09:30 +0000: Memory Usage (137284K) : metal5_noqrc has 0 polygons
2026-08-20 19:09:30 +0000: Memory Usage (137284K) : metal5_res has 0 polygons
2026-08-20 19:09:30 +0000: Memory Usage (137284K) : metal5_iprobe has 0 polygons
2026-08-20 19:09:30 +0000: Memory Usage (137284K) : metal5_diffprb has 0 polygons
2026-08-20 19:09:30 +0000: Memory Usage (137284K) : radhard_drw has 0 polygons
2026-08-20 19:09:30 +0000: Memory Usage (137284K) : memcap_drw has 0 polygons
2026-08-20 19:09:30 +0000: Memory Usage (137412K) : varicap_drw has 0 polygons
2026-08-20 19:09:30 +0000: Memory Usage (137412K) : intbondvia_drw has 0 polygons
2026-08-20 19:09:30 +0000: Memory Usage (137412K) : intbondmet_drw has 0 polygons
2026-08-20 19:09:30 +0000: Memory Usage (137412K) : devbondvia_drw has 0 polygons
2026-08-20 19:09:30 +0000: Memory Usage (137412K) : devbondmet_drw has 0 polygons
2026-08-20 19:09:30 +0000: Memory Usage (137412K) : devtrench_drw has 0 polygons
2026-08-20 19:09:30 +0000: Memory Usage (137540K) : redist_drw has 0 polygons
2026-08-20 19:09:30 +0000: Memory Usage (137540K) : graphbot_drw has 0 polygons
2026-08-20 19:09:30 +0000: Memory Usage (137540K) : graphtop_drw has 0 polygons
2026-08-20 19:09:30 +0000: Memory Usage (137540K) : antvia1_drw has 0 polygons
2026-08-20 19:09:30 +0000: Memory Usage (137540K) : antmetal2_drw has 0 polygons
2026-08-20 19:09:30 +0000: Memory Usage (137540K) : graphcont_drw has 0 polygons
2026-08-20 19:09:30 +0000: Memory Usage (137668K) : siwg_drw has 0 polygons
2026-08-20 19:09:30 +0000: Memory Usage (137668K) : siwg_filler has 0 polygons
2026-08-20 19:09:30 +0000: Memory Usage (137668K) : siwg_nofill has 0 polygons
2026-08-20 19:09:30 +0000: Memory Usage (137668K) : sigrating_drw has 0 polygons
2026-08-20 19:09:30 +0000: Memory Usage (137668K) : singrating_drw has 0 polygons
2026-08-20 19:09:30 +0000: Memory Usage (137668K) : graphpas_drw has 0 polygons
2026-08-20 19:09:30 +0000: Memory Usage (137796K) : emwind3_drw has 0 polygons
2026-08-20 19:09:30 +0000: Memory Usage (137796K) : emwihv3_drw has 0 polygons
2026-08-20 19:09:30 +0000: Memory Usage (137796K) : redbulay_drw has 0 polygons
2026-08-20 19:09:30 +0000: Memory Usage (137796K) : smos_drw has 0 polygons
2026-08-20 19:09:30 +0000: Memory Usage (137796K) : graphpad_drw has 0 polygons
2026-08-20 19:09:30 +0000: Memory Usage (137924K) : polimide_drw has 0 polygons
2026-08-20 19:09:30 +0000: Memory Usage (137924K) : polimide_pin has 0 polygons
2026-08-20 19:09:30 +0000: Memory Usage (137924K) : recog_drw has 0 polygons
2026-08-20 19:09:30 +0000: Memory Usage (137924K) : recog_pin has 0 polygons
2026-08-20 19:09:30 +0000: Memory Usage (137924K) : recog_esd has 4 polygons
2026-08-20 19:09:30 +0000: Memory Usage (137924K) : recog_diode has 0 polygons
2026-08-20 19:09:30 +0000: Memory Usage (137924K) : recog_tsv has 0 polygons
2026-08-20 19:09:30 +0000: Memory Usage (138052K) : recog_iprobe has 0 polygons
2026-08-20 19:09:30 +0000: Memory Usage (138052K) : recog_diffprb has 0 polygons
2026-08-20 19:09:30 +0000: Memory Usage (138052K) : recog_pillar has 0 polygons
2026-08-20 19:09:30 +0000: Memory Usage (138052K) : recog_sbump has 0 polygons
2026-08-20 19:09:30 +0000: Memory Usage (138052K) : recog_otp has 0 polygons
2026-08-20 19:09:30 +0000: Memory Usage (138052K) : recog_pdiode has 0 polygons
2026-08-20 19:09:30 +0000: Memory Usage (138180K) : recog_mom has 0 polygons
2026-08-20 19:09:30 +0000: Memory Usage (138180K) : recog_momf has 0 polygons
2026-08-20 19:09:30 +0000: Memory Usage (138180K) : recog_pcm has 0 polygons
2026-08-20 19:09:30 +0000: Memory Usage (138180K) : colopen_drw has 0 polygons
2026-08-20 19:09:30 +0000: Memory Usage (138180K) : graphmetal1_drw has 0 polygons
2026-08-20 19:09:30 +0000: Memory Usage (138180K) : graphmetal1_filler has 0 polygons
2026-08-20 19:09:30 +0000: Memory Usage (138308K) : graphmetal1_nofill has 0 polygons
2026-08-20 19:09:30 +0000: Memory Usage (138308K) : graphmetal1_slit has 0 polygons
2026-08-20 19:09:30 +0000: Memory Usage (138308K) : graphmetal1_OPC has 0 polygons
2026-08-20 19:09:30 +0000: Memory Usage (138308K) : graphmet1l_drw has 0 polygons
2026-08-20 19:09:30 +0000: Memory Usage (138308K) : graphmet1l_filler has 0 polygons
2026-08-20 19:09:30 +0000: Memory Usage (138308K) : graphmet1l_nofill has 0 polygons
2026-08-20 19:09:30 +0000: Memory Usage (138436K) : graphmet1l_slit has 0 polygons
2026-08-20 19:09:30 +0000: Memory Usage (138436K) : graphmet1l_OPC has 0 polygons
2026-08-20 19:09:30 +0000: Memory Usage (138436K) : extblock_drw has 0 polygons
2026-08-20 19:09:30 +0000: Memory Usage (138436K) : nldd_drw has 0 polygons
2026-08-20 19:09:30 +0000: Memory Usage (138436K) : pldd_drw has 0 polygons
2026-08-20 19:09:30 +0000: Memory Usage (138564K) : next_drw has 0 polygons
2026-08-20 19:09:30 +0000: Memory Usage (138564K) : pext_drw has 0 polygons
2026-08-20 19:09:30 +0000: Memory Usage (138564K) : nexthv_drw has 0 polygons
2026-08-20 19:09:30 +0000: Memory Usage (138564K) : pexthv_drw has 0 polygons
2026-08-20 19:09:30 +0000: Memory Usage (138564K) : graphgate_drw has 0 polygons
2026-08-20 19:09:30 +0000: Memory Usage (138564K) : sinwg_drw has 0 polygons
2026-08-20 19:09:30 +0000: Memory Usage (138692K) : sinwg_filler has 0 polygons
2026-08-20 19:09:30 +0000: Memory Usage (138692K) : sinwg_nofill has 0 polygons
2026-08-20 19:09:30 +0000: Memory Usage (138692K) : mempad_drw has 0 polygons
2026-08-20 19:09:30 +0000: Memory Usage (138692K) : topvia1_drw has 477 polygons
2026-08-20 19:09:30 +0000: Memory Usage (138692K) : topmetal1_drw has 51 polygons
2026-08-20 19:09:30 +0000: Memory Usage (138692K) : topmetal1_filler has 0 polygons
2026-08-20 19:09:30 +0000: Memory Usage (138820K) : topmetal1_slit has 0 polygons
2026-08-20 19:09:30 +0000: Memory Usage (138820K) : topmetal1 has 51 polygons
2026-08-20 19:09:30 +0000: Memory Usage (138820K) : topmetal1_pin has 0 polygons
2026-08-20 19:09:30 +0000: Memory Usage (138820K) : topmetal1_mask has 0 polygons
2026-08-20 19:09:30 +0000: Memory Usage (138948K) : topmetal1_nofill has 0 polygons
2026-08-20 19:09:30 +0000: Memory Usage (138948K) : topmetal1_text has 0 polygons
2026-08-20 19:09:30 +0000: Memory Usage (138948K) : topmetal1_noqrc has 0 polygons
2026-08-20 19:09:30 +0000: Memory Usage (138948K) : topmetal1_res has 0 polygons
2026-08-20 19:09:30 +0000: Memory Usage (139076K) : topmetal1_iprobe has 0 polygons
2026-08-20 19:09:30 +0000: Memory Usage (139076K) : topmetal1_diffprb has 0 polygons
2026-08-20 19:09:30 +0000: Memory Usage (139076K) : inldpwl_drw has 0 polygons
2026-08-20 19:09:30 +0000: Memory Usage (139076K) : polyres_drw has 0 polygons
2026-08-20 19:09:30 +0000: Memory Usage (139204K) : polyres_pin has 0 polygons
2026-08-20 19:09:30 +0000: Memory Usage (139204K) : vmim_drw has 0 polygons
2026-08-20 19:09:30 +0000: Memory Usage (139204K) : nbulaycut_drw has 0 polygons
2026-08-20 19:09:30 +0000: Memory Usage (139204K) : antmetal1_drw has 0 polygons
2026-08-20 19:09:30 +0000: Memory Usage (139332K) : topvia2_drw has 229 polygons
2026-08-20 19:09:30 +0000: Memory Usage (139332K) : topmetal2_drw has 47 polygons
2026-08-20 19:09:30 +0000: Memory Usage (139332K) : topmetal2_filler has 0 polygons
2026-08-20 19:09:30 +0000: Memory Usage (139332K) : topmetal2_slit has 0 polygons
2026-08-20 19:09:30 +0000: Memory Usage (139460K) : topmetal2 has 47 polygons
2026-08-20 19:09:30 +0000: Memory Usage (139460K) : topmetal2_pin has 0 polygons
2026-08-20 19:09:30 +0000: Memory Usage (139588K) : topmetal2_mask has 0 polygons
2026-08-20 19:09:30 +0000: Memory Usage (139588K) : topmetal2_nofill has 0 polygons
2026-08-20 19:09:30 +0000: Memory Usage (139588K) : topmetal2_text has 6 polygons
2026-08-20 19:09:30 +0000: Memory Usage (139588K) : topmetal2_noqrc has 0 polygons
2026-08-20 19:09:30 +0000: Memory Usage (139716K) : topmetal2_res has 0 polygons
2026-08-20 19:09:30 +0000: Memory Usage (139716K) : topmetal2_iprobe has 0 polygons
2026-08-20 19:09:30 +0000: Memory Usage (139716K) : topmetal2_diffprb has 0 polygons
2026-08-20 19:09:30 +0000: Memory Usage (139716K) : snsring_drw has 0 polygons
2026-08-20 19:09:30 +0000: Memory Usage (139844K) : sensor_drw has 0 polygons
2026-08-20 19:09:30 +0000: Memory Usage (139844K) : snsarms_drw has 0 polygons
2026-08-20 19:09:30 +0000: Memory Usage (139844K) : snscmosvia_drw has 0 polygons
2026-08-20 19:09:30 +0000: Memory Usage (139972K) : colwind_drw has 0 polygons
2026-08-20 19:09:30 +0000: Memory Usage (139972K) : flm_drw has 0 polygons
2026-08-20 19:09:30 +0000: Memory Usage (139972K) : hafniumox_drw has 0 polygons
2026-08-20 19:09:30 +0000: Memory Usage (139972K) : memvia_drw has 0 polygons
2026-08-20 19:09:30 +0000: Memory Usage (140100K) : thinfilmres_drw has 0 polygons
2026-08-20 19:09:30 +0000: Memory Usage (140100K) : rfmem_drw has 0 polygons
2026-08-20 19:09:30 +0000: Memory Usage (140100K) : norcx_drw has 0 polygons
2026-08-20 19:09:30 +0000: Memory Usage (140228K) : norcx_m2m3 has 0 polygons
2026-08-20 19:09:30 +0000: Memory Usage (140228K) : norcx_m2m4 has 0 polygons
2026-08-20 19:09:30 +0000: Memory Usage (140228K) : norcx_m2m5 has 0 polygons
2026-08-20 19:09:30 +0000: Memory Usage (140356K) : norcx_m2tm1 has 0 polygons
2026-08-20 19:09:30 +0000: Memory Usage (140356K) : norcx_m2tm2 has 0 polygons
2026-08-20 19:09:30 +0000: Memory Usage (140356K) : norcx_m3m4 has 0 polygons
2026-08-20 19:09:30 +0000: Memory Usage (140356K) : norcx_m3m5 has 0 polygons
2026-08-20 19:09:30 +0000: Memory Usage (140356K) : norcx_m3tm1 has 0 polygons
2026-08-20 19:09:30 +0000: Memory Usage (140356K) : norcx_m3tm2 has 0 polygons
2026-08-20 19:09:30 +0000: Memory Usage (140356K) : norcx_m4m5 has 0 polygons
2026-08-20 19:09:30 +0000: Memory Usage (140356K) : norcx_m4tm1 has 0 polygons
2026-08-20 19:09:30 +0000: Memory Usage (140356K) : norcx_m4tm2 has 0 polygons
2026-08-20 19:09:30 +0000: Memory Usage (140356K) : norcx_m5tm1 has 0 polygons
2026-08-20 19:09:30 +0000: Memory Usage (140356K) : norcx_m5tm2 has 0 polygons
2026-08-20 19:09:30 +0000: Memory Usage (140356K) : norcx_tm1tm2 has 0 polygons
2026-08-20 19:09:30 +0000: Memory Usage (140356K) : norcx_m1sub has 0 polygons
2026-08-20 19:09:30 +0000: Memory Usage (140356K) : norcx_m2sub has 0 polygons
2026-08-20 19:09:30 +0000: Memory Usage (140356K) : norcx_m3sub has 0 polygons
2026-08-20 19:09:30 +0000: Memory Usage (140356K) : norcx_m4sub has 0 polygons
2026-08-20 19:09:30 +0000: Memory Usage (140356K) : norcx_m5sub has 0 polygons
2026-08-20 19:09:30 +0000: Memory Usage (140356K) : norcx_tm1sub has 0 polygons
2026-08-20 19:09:30 +0000: Memory Usage (140356K) : norcx_tm2sub has 0 polygons
2026-08-20 19:09:30 +0000: Memory Usage (140356K) : snsbotvia_drw has 0 polygons
2026-08-20 19:09:30 +0000: Memory Usage (140356K) : snstopvia_drw has 0 polygons
2026-08-20 19:09:30 +0000: Memory Usage (140356K) : deepvia_drw has 0 polygons
2026-08-20 19:09:30 +0000: Memory Usage (140356K) : fgetch_drw has 0 polygons
2026-08-20 19:09:30 +0000: Memory Usage (140484K) : ctrgat_drw has 0 polygons
2026-08-20 19:09:30 +0000: Memory Usage (140484K) : fgimp_drw has 0 polygons
2026-08-20 19:09:30 +0000: Memory Usage (140484K) : emwihv_drw has 0 polygons
2026-08-20 19:09:30 +0000: Memory Usage (140484K) : lbe_drw has 0 polygons
2026-08-20 19:09:30 +0000: Memory Usage (140484K) : alcustop_drw has 0 polygons
2026-08-20 19:09:30 +0000: Memory Usage (140484K) : nometfiller_drw has 0 polygons
2026-08-20 19:09:30 +0000: Memory Usage (140484K) : prboundary_drw has 0 polygons
2026-08-20 19:09:30 +0000: Memory Usage (140484K) : exchange0_drw has 0 polygons
2026-08-20 19:09:30 +0000: Memory Usage (140484K) : exchange0_pin has 0 polygons
2026-08-20 19:09:30 +0000: Memory Usage (140484K) : exchange0_text has 0 polygons
2026-08-20 19:09:30 +0000: Memory Usage (140484K) : exchange1_drw has 0 polygons
2026-08-20 19:09:30 +0000: Memory Usage (140484K) : exchange1_pin has 0 polygons
2026-08-20 19:09:30 +0000: Memory Usage (140484K) : exchange1_text has 0 polygons
2026-08-20 19:09:30 +0000: Memory Usage (140484K) : exchange2_drw has 0 polygons
2026-08-20 19:09:30 +0000: Memory Usage (140484K) : exchange2_pin has 0 polygons
2026-08-20 19:09:30 +0000: Memory Usage (140484K) : exchange2_text has 0 polygons
2026-08-20 19:09:30 +0000: Memory Usage (140484K) : exchange3_drw has 0 polygons
2026-08-20 19:09:30 +0000: Memory Usage (140484K) : exchange3_pin has 0 polygons
2026-08-20 19:09:30 +0000: Memory Usage (140484K) : exchange3_text has 0 polygons
2026-08-20 19:09:30 +0000: Memory Usage (140484K) : exchange4_drw has 0 polygons
2026-08-20 19:09:30 +0000: Memory Usage (140484K) : exchange4_pin has 0 polygons
2026-08-20 19:09:30 +0000: Memory Usage (140484K) : exchange4_text has 0 polygons
2026-08-20 19:09:30 +0000: Memory Usage (140484K) : isonwell_drw has 0 polygons
2026-08-20 19:09:30 +0000: Memory Usage (140484K) : Total no. of polygons in the design is 28409
2026-08-20 19:09:30 +0000: Memory Usage (140484K) : Starting base layers derivations
2026-08-20 19:09:30 +0000: Memory Usage (140484K) : Starting general LVS derivations
2026-08-20 19:09:30 +0000: Memory Usage (144904K) : Starting MOSFET DERIVATIONS
2026-08-20 19:09:30 +0000: Memory Usage (145544K) : Starting NMOS DERIVATIONS
2026-08-20 19:09:30 +0000: Memory Usage (145544K) : Starting PMOS DERIVATIONS
2026-08-20 19:09:30 +0000: Memory Usage (145544K) : Starting RF-MOSFET DERIVATIONS
2026-08-20 19:09:30 +0000: Memory Usage (145544K) : Starting RF-NMOS DERIVATIONS
2026-08-20 19:09:30 +0000: Memory Usage (145544K) : Starting RF-PMOS DERIVATIONS
2026-08-20 19:09:30 +0000: Memory Usage (145544K) : Starting BJT DERIVATIONS
2026-08-20 19:09:30 +0000: Memory Usage (145544K) : Starting NPN-BJT DERIVATIONS
2026-08-20 19:09:31 +0000: Memory Usage (145544K) : Starting PNP-BJT DERIVATIONS
2026-08-20 19:09:31 +0000: Memory Usage (145544K) : Starting DIODE DERIVATIONS
2026-08-20 19:09:31 +0000: Memory Usage (145544K) : Starting RESISTOR DERIVATIONS
2026-08-20 19:09:31 +0000: Memory Usage (145544K) : Starting CAP DERIVATIONS
2026-08-20 19:09:31 +0000: Memory Usage (145544K) : Starting CAP_CMOM DERIVATIONS
2026-08-20 19:09:31 +0000: Memory Usage (145544K) : Starting CAP_CMOMF DERIVATIONS
2026-08-20 19:09:31 +0000: Memory Usage (145544K) : Starting ESD DERIVATIONS
2026-08-20 19:09:31 +0000: Memory Usage (146056K) : Starting Inductor DERIVATIONS
2026-08-20 19:09:31 +0000: Memory Usage (146056K) : Starting Taps DERIVATIONS
2026-08-20 19:09:31 +0000: Memory Usage (146056K) : Starting SG13G2 LVS connectivity setup
2026-08-20 19:09:31 +0000: Memory Usage (146056K) : Starting SG13G2 LVS connectivity setup (Inter-layer)
2026-08-20 19:09:31 +0000: Memory Usage (146184K) : Starting SG13G2 LVS connectivity setup (Global)
2026-08-20 19:09:31 +0000: Memory Usage (146184K) : Starting LVS MOSFET CONNECTIONS
2026-08-20 19:09:31 +0000: Memory Usage (146184K) : Starting LVS RF-MOSFET CONNECTIONS
2026-08-20 19:09:31 +0000: Memory Usage (146184K) : Starting LVS BJT CONNECTIONS
2026-08-20 19:09:31 +0000: Memory Usage (146184K) : Starting LVS DIODE CONNECTIONS
2026-08-20 19:09:31 +0000: Memory Usage (146184K) : Starting RESISTOR CONNECTIONS
2026-08-20 19:09:31 +0000: Memory Usage (146184K) : Starting LVS CAP CONNECTIONS
2026-08-20 19:09:31 +0000: Memory Usage (146184K) : Starting CAP_CMOM CONNECTIONS
2026-08-20 19:09:31 +0000: Memory Usage (146184K) : Starting CAP_CMOMF CONNECTIONS
2026-08-20 19:09:31 +0000: Memory Usage (146184K) : Starting ESD CONNECTIONS
2026-08-20 19:09:31 +0000: Memory Usage (146184K) : Starting Inductor CONNECTIONS
2026-08-20 19:09:31 +0000: Memory Usage (146184K) : Starting LVS Taps CONNECTIONS
2026-08-20 19:09:31 +0000: Memory Usage (146184K) : Starting SG13G2 LVS DEVICES EXTRACTION
2026-08-20 19:09:31 +0000: Memory Usage (146184K) : Starting MOSFET EXTRACTION
2026-08-20 19:09:31 +0000: Memory Usage (146184K) : Starting NMOS EXTRACTION
2026-08-20 19:09:31 +0000: Memory Usage (146184K) : Extraction of NMOS-LV transistor
2026-08-20 19:09:31 +0000: Memory Usage (146312K) : Extraction of NMOS-HV transistor
2026-08-20 19:09:31 +0000: Memory Usage (146312K) : Starting PMOS EXTRACTION
2026-08-20 19:09:31 +0000: Memory Usage (146312K) : Extraction of PMOS-LV transistor
2026-08-20 19:09:31 +0000: Memory Usage (146312K) : Extraction of PMOS-HV transistor
2026-08-20 19:09:31 +0000: Memory Usage (146312K) : Starting RF-MOSFET EXTRACTION
2026-08-20 19:09:31 +0000: Memory Usage (146312K) : Extraction of RF-NMOS-LV transistor
2026-08-20 19:09:31 +0000: Memory Usage (146312K) : Extraction of RF-NMOS-HV transistor
2026-08-20 19:09:31 +0000: Memory Usage (146312K) : Extraction of RF-PMOS-LV transistor
2026-08-20 19:09:31 +0000: Memory Usage (146312K) : Extraction of RF-PMOS-HV transistor
2026-08-20 19:09:31 +0000: Memory Usage (146312K) : Starting BJT EXTRACTION
2026-08-20 19:09:31 +0000: Memory Usage (146312K) : Starting NPN-BJT EXTRACTION
2026-08-20 19:09:31 +0000: Memory Usage (146312K) : Extraction of npn13G2 BJT transistor
2026-08-20 19:09:31 +0000: Memory Usage (146312K) : Extraction of npn13G2L BJT transistor
2026-08-20 19:09:31 +0000: Memory Usage (146312K) : Extraction of npn13G2V BJT transistor
2026-08-20 19:09:31 +0000: Memory Usage (146312K) : Starting PNP-BJT EXTRACTION
2026-08-20 19:09:31 +0000: Memory Usage (146312K) : Extracting pnpMPA BJT
2026-08-20 19:09:31 +0000: Memory Usage (146312K) : Starting DIODE EXTRACTION
2026-08-20 19:09:31 +0000: Memory Usage (146312K) : Extracting dantenna diode
2026-08-20 19:09:31 +0000: Memory Usage (146312K) : Extracting dpantenna diode
2026-08-20 19:09:31 +0000: Memory Usage (146312K) : Extracting schottky_nbl1 diode
2026-08-20 19:09:31 +0000: Memory Usage (146312K) : Extracting isolbox diode
2026-08-20 19:09:31 +0000: Memory Usage (146312K) : Starting RESISTOR EXTRACTION
2026-08-20 19:09:31 +0000: Memory Usage (146312K) : Extracting rsil resistor
2026-08-20 19:09:31 +0000: Memory Usage (146312K) : Extracting rppd resistor
2026-08-20 19:09:31 +0000: Memory Usage (146312K) : Extracting rhigh resistor
2026-08-20 19:09:31 +0000: Memory Usage (146312K) : Extracting res_metal1 resistor
2026-08-20 19:09:31 +0000: Memory Usage (146312K) : Extracting res_metal2 resistor
2026-08-20 19:09:31 +0000: Memory Usage (146312K) : Extracting res_metal3 resistor
2026-08-20 19:09:31 +0000: Memory Usage (146312K) : Extracting res_metal4 resistor
2026-08-20 19:09:31 +0000: Memory Usage (146312K) : Extracting res_metal5 resistor
2026-08-20 19:09:31 +0000: Memory Usage (146312K) : Extracting res_topmetal1 resistor
2026-08-20 19:09:31 +0000: Memory Usage (146312K) : Extracting res_topmetal2 resistor
2026-08-20 19:09:31 +0000: Memory Usage (146312K) : Starting CAP EXTRACTION
2026-08-20 19:09:31 +0000: Memory Usage (146312K) : Extracting cap_cmim device
2026-08-20 19:09:31 +0000: Memory Usage (146312K) : Extracting rfcmim device
2026-08-20 19:09:31 +0000: Memory Usage (146312K) : Extracting sg13_hv_svaricap varactor
2026-08-20 19:09:31 +0000: Memory Usage (146312K) : Extracting cap_cmomi device
2026-08-20 19:09:31 +0000: Memory Usage (146312K) : Extracting cap_cmomf device
2026-08-20 19:09:31 +0000: Memory Usage (146312K) : Extracting sg13_moscap_n capacitor
2026-08-20 19:09:31 +0000: Memory Usage (146312K) : Extracting sg13_moscap_p capacitor
2026-08-20 19:09:31 +0000: Memory Usage (146312K) : Starting ESD EXTRACTION
2026-08-20 19:09:31 +0000: Memory Usage (146312K) : Extracting diodevdd_2kv ESD device
2026-08-20 19:09:31 +0000: Memory Usage (146312K) : Extracting diodevdd_4kv ESD device
2026-08-20 19:09:31 +0000: Memory Usage (146312K) : Extracting diodevss_2kv ESD device
2026-08-20 19:09:31 +0000: Memory Usage (146312K) : Extracting diodevss_4kv ESD device
2026-08-20 19:09:31 +0000: Memory Usage (146312K) : Extracting idiodevdd_2kv ESD device
2026-08-20 19:09:31 +0000: Memory Usage (146312K) : Extracting idiodevdd_4kv ESD device
2026-08-20 19:09:31 +0000: Memory Usage (146312K) : Extracting idiodevss_2kv ESD device
2026-08-20 19:09:31 +0000: Memory Usage (146312K) : Extracting idiodevss_4kv ESD device
2026-08-20 19:09:31 +0000: Memory Usage (146312K) : Extracting nmoscl_2 ESD device
2026-08-20 19:09:31 +0000: Memory Usage (146312K) : Extracting nmoscl_4 ESD device
2026-08-20 19:09:31 +0000: Memory Usage (146312K) : Starting Inductor EXTRACTION
2026-08-20 19:09:31 +0000: Memory Usage (146312K) : Extracting Inductor2 device
2026-08-20 19:09:31 +0000: Memory Usage (146312K) : Extracting Inductor3 device
2026-08-20 19:09:31 +0000: Memory Usage (146312K) : Starting Taps EXTRACTION
2026-08-20 19:09:31 +0000: Memory Usage (146312K) : DISABLE_TAP_EXTRACTION is enabled: skipping ntap1/ptap1 device extraction.
2026-08-20 19:09:31 +0000: Memory Usage (146312K) : Starting SG13G2 LVS RF MOS Model Mapping
2026-08-20 19:09:31 +0000: Memory Usage (146440K) : [layout_netlist] Apply RF MOS model mapping and rfmode parameter.
2026-08-20 19:09:31 +0000: Memory Usage (146440K) : Starting SG13G2 LVS Options Preparations
2026-08-20 19:09:31 +0000: Memory Usage (146440K) : SG13G2 LVS flow: extraction -> alignment -> option preparation -> comparison.
2026-08-20 19:09:31 +0000: Memory Usage (146440K) : Starting SG13G2 LVS Alignment
2026-08-20 19:09:31 +0000: Memory Usage (146568K) : Starting SG13G2 LVS Simplification
2026-08-20 19:09:31 +0000: Memory Usage (146568K) : [layout_netlist] simplify: ENABLED
2026-08-20 19:09:31 +0000: Memory Usage (146568K) : [layout_netlist] make_top_level_pins: SKIPPED
2026-08-20 19:09:31 +0000: Memory Usage (146568K) : [layout_netlist] combine_devices: SKIPPED
2026-08-20 19:09:31 +0000: Memory Usage (146568K) : [layout_netlist] purge: SKIPPED
2026-08-20 19:09:31 +0000: Memory Usage (146568K) : [layout_netlist] purge_nets: SKIPPED
2026-08-20 19:09:31 +0000: Memory Usage (146568K) : [schematic_netlist] simplify: ENABLED
2026-08-20 19:09:31 +0000: Memory Usage (146568K) : [schematic_netlist] make_top_level_pins: SKIPPED
2026-08-20 19:09:31 +0000: Memory Usage (146568K) : [schematic_netlist] combine_devices: SKIPPED
2026-08-20 19:09:31 +0000: Memory Usage (146568K) : [schematic_netlist] purge: SKIPPED
2026-08-20 19:09:31 +0000: Memory Usage (146568K) : [schematic_netlist] purge_nets: SKIPPED
2026-08-20 19:09:31 +0000: Memory Usage (146568K) : Starting SG13G2 LVS Comparison
2026-08-20 19:09:31 +0000: Memory Usage (146696K) : xxxxxxxxxxxxxxxxxxxxxxxxxxxxxxxxxxxxxxxxxx
2026-08-20 19:09:31 +0000: Memory Usage (146696K) : ERROR : Netlists don't match
2026-08-20 19:09:31 +0000: Memory Usage (146696K) : xxxxxxxxxxxxxxxxxxxxxxxxxxxxxxxxxxxxxxxxxx
2026-08-20 19:09:31 +0000: Memory Usage (146696K) : LVS Total Run time 1.351916 seconds
