$ python3 /home/ubuntu/.local/share/ihp-eda/IHP-Open-PDK/ihp-sg13g2/libs.tech/klayout/tech/lvs/run_lvs.py --layout=/workspace/layout/blocks/out/term_stage/_cmim_probe/probe_direct_m5_stamp.gds --netlist=/workspace/layout/blocks/out/term_stage/_cmim_probe/probe_direct_m5.cdl --run_dir=/workspace/layout/blocks/out/term_stage/_cmim_probe/lvs_direct_m5_stamp --run_mode=deep --topcell=probe --implicit_nets=sub,sub! --ignore_top_ports_mismatch

--- stdout ---
2026-08-20 11:08:36 +0000: Memory Usage (128936K) : Starting running SG13G2 Klayout LVS runset on /workspace/layout/blocks/out/term_stage/_cmim_probe/probe_direct_m5_stamp.gds
2026-08-20 11:08:36 +0000: Memory Usage (128936K) : Ruby Version for klayout: 3.2.3
2026-08-20 11:08:36 +0000: Memory Usage (130020K) : Loading database to memory is complete.
2026-08-20 11:08:36 +0000: Memory Usage (130020K) : SG13G2 Klayout LVS runset output at: /workspace/layout/blocks/out/term_stage/_cmim_probe/lvs_direct_m5_stamp/probe_direct_m5_stamp.lvsdb
2026-08-20 11:08:36 +0000: Memory Usage (130020K) : Evaluate switches.
2026-08-20 11:08:36 +0000: Memory Usage (130020K) : Extracted netlist with net names: true
2026-08-20 11:08:36 +0000: Memory Usage (130020K) : Extracted netlist with comments in details: false
2026-08-20 11:08:36 +0000: Memory Usage (130020K) : Selected NET_ONLY option: false
2026-08-20 11:08:36 +0000: Memory Usage (130020K) : Selected LAYOUT_NETLIST option: (none)
2026-08-20 11:08:36 +0000: Memory Usage (130020K) : Selected IGNORE_TOP_PORTS_MISMATCH option: true
2026-08-20 11:08:36 +0000: Memory Usage (130020K) : Selected IMPLICIT_NETS option: sub,sub!
2026-08-20 11:08:36 +0000: Memory Usage (130020K) : Selected TOP_LVL_PINS option: false
2026-08-20 11:08:36 +0000: Memory Usage (130020K) : Selected COMBINE DEVICES option: false
2026-08-20 11:08:36 +0000: Memory Usage (130020K) : Selected PURGE option: false
2026-08-20 11:08:36 +0000: Memory Usage (130020K) : Selected PURGE_NETS option: false
2026-08-20 11:08:36 +0000: Memory Usage (130020K) : Selected SIMPLIFY option: true
2026-08-20 11:08:36 +0000: Memory Usage (130020K) : Selected SERIES_RES option: true
2026-08-20 11:08:36 +0000: Memory Usage (130020K) : Selected PARALLEL_RES option: true
2026-08-20 11:08:36 +0000: Memory Usage (130020K) : Selected DISABLE_TAP_EXTRACTION option: false
2026-08-20 11:08:36 +0000: Memory Usage (130020K) : deep  mode is enabled.
2026-08-20 11:08:36 +0000: Memory Usage (130020K) : Applying implicit connections (case-sensitive, pattern supported) for nets: sub, sub!
2026-08-20 11:08:36 +0000: Memory Usage (131264K) : Netlist file: /workspace/layout/blocks/out/term_stage/_cmim_probe/probe_direct_m5.cdl
2026-08-20 11:08:36 +0000: Memory Usage (131264K) : LVS extracted netlist at: /workspace/layout/blocks/out/term_stage/_cmim_probe/lvs_direct_m5_stamp/probe_direct_m5_stamp_extracted.cir
2026-08-20 11:08:36 +0000: Memory Usage (131264K) : Applying SRAM integration support.
2026-08-20 11:08:36 +0000: Memory Usage (131264K) : Starting SG13G2 LVS runset
2026-08-20 11:08:36 +0000: Memory Usage (131264K) : Read in polygons from layers.
2026-08-20 11:08:36 +0000: Memory Usage (131648K) : activ_drw has 0 polygons
2026-08-20 11:08:36 +0000: Memory Usage (131776K) : activ_filler has 0 polygons
2026-08-20 11:08:36 +0000: Memory Usage (131776K) : activ has 0 polygons
2026-08-20 11:08:36 +0000: Memory Usage (131776K) : activ_pin has 0 polygons
2026-08-20 11:08:36 +0000: Memory Usage (131776K) : activ_mask has 0 polygons
2026-08-20 11:08:36 +0000: Memory Usage (131776K) : activ_nofill has 0 polygons
2026-08-20 11:08:36 +0000: Memory Usage (131776K) : activ_OPC has 0 polygons
2026-08-20 11:08:36 +0000: Memory Usage (131776K) : activ_iOPC has 0 polygons
2026-08-20 11:08:36 +0000: Memory Usage (131776K) : activ_noqrc has 0 polygons
2026-08-20 11:08:36 +0000: Memory Usage (131776K) : biwind_drw has 0 polygons
2026-08-20 11:08:36 +0000: Memory Usage (131776K) : biwind_OPC has 0 polygons
2026-08-20 11:08:36 +0000: Memory Usage (132180K) : gatpoly_drw has 4 polygons
2026-08-20 11:08:36 +0000: Memory Usage (132180K) : gatpoly_filler has 0 polygons
2026-08-20 11:08:36 +0000: Memory Usage (132308K) : gatpoly has 4 polygons
2026-08-20 11:08:36 +0000: Memory Usage (132308K) : gatpoly_pin has 0 polygons
2026-08-20 11:08:36 +0000: Memory Usage (132308K) : gatpoly_nofill has 0 polygons
2026-08-20 11:08:36 +0000: Memory Usage (132308K) : gatpoly_OPC has 0 polygons
2026-08-20 11:08:36 +0000: Memory Usage (132308K) : gatpoly_iOPC has 0 polygons
2026-08-20 11:08:36 +0000: Memory Usage (132308K) : gatpoly_noqrc has 0 polygons
2026-08-20 11:08:36 +0000: Memory Usage (132308K) : cont_drw has 2 polygons
2026-08-20 11:08:36 +0000: Memory Usage (132308K) : cont_OPC has 0 polygons
2026-08-20 11:08:36 +0000: Memory Usage (132396K) : nsd_drw has 0 polygons
2026-08-20 11:08:36 +0000: Memory Usage (132908K) : nsd_block has 0 polygons
2026-08-20 11:08:36 +0000: Memory Usage (132908K) : metal1_drw has 4 polygons
2026-08-20 11:08:36 +0000: Memory Usage (132908K) : metal1_filler has 0 polygons
2026-08-20 11:08:36 +0000: Memory Usage (132908K) : metal1_slit has 0 polygons
2026-08-20 11:08:36 +0000: Memory Usage (133036K) : metal1 has 4 polygons
2026-08-20 11:08:36 +0000: Memory Usage (133036K) : metal1_pin has 2 polygons
2026-08-20 11:08:36 +0000: Memory Usage (133036K) : metal1_mask has 0 polygons
2026-08-20 11:08:36 +0000: Memory Usage (133036K) : metal1_nofill has 0 polygons
2026-08-20 11:08:36 +0000: Memory Usage (133164K) : metal1_text has 2 polygons
2026-08-20 11:08:36 +0000: Memory Usage (133164K) : metal1_OPC has 0 polygons
2026-08-20 11:08:36 +0000: Memory Usage (133164K) : metal1_noqrc has 0 polygons
2026-08-20 11:08:36 +0000: Memory Usage (133164K) : metal1_res has 0 polygons
2026-08-20 11:08:36 +0000: Memory Usage (133164K) : metal1_iprobe has 0 polygons
2026-08-20 11:08:36 +0000: Memory Usage (133164K) : metal1_diffprb has 0 polygons
2026-08-20 11:08:36 +0000: Memory Usage (133164K) : passiv_drw has 0 polygons
2026-08-20 11:08:36 +0000: Memory Usage (133164K) : passiv_pin has 0 polygons
2026-08-20 11:08:36 +0000: Memory Usage (133164K) : passiv_sbump has 0 polygons
2026-08-20 11:08:36 +0000: Memory Usage (133164K) : passiv_pillar has 0 polygons
2026-08-20 11:08:36 +0000: Memory Usage (133164K) : passiv_pdl has 0 polygons
2026-08-20 11:08:36 +0000: Memory Usage (133164K) : metal2_drw has 1 polygons
2026-08-20 11:08:36 +0000: Memory Usage (133164K) : metal2_filler has 0 polygons
2026-08-20 11:08:36 +0000: Memory Usage (133164K) : metal2_slit has 0 polygons
2026-08-20 11:08:36 +0000: Memory Usage (133164K) : metal2 has 1 polygons
2026-08-20 11:08:36 +0000: Memory Usage (133292K) : metal2_pin has 0 polygons
2026-08-20 11:08:36 +0000: Memory Usage (133292K) : metal2_mask has 0 polygons
2026-08-20 11:08:36 +0000: Memory Usage (133420K) : metal2_nofill has 0 polygons
2026-08-20 11:08:36 +0000: Memory Usage (133420K) : metal2_text has 0 polygons
2026-08-20 11:08:36 +0000: Memory Usage (133420K) : metal2_OPC has 0 polygons
2026-08-20 11:08:36 +0000: Memory Usage (133548K) : metal2_noqrc has 0 polygons
2026-08-20 11:08:36 +0000: Memory Usage (133548K) : metal2_res has 0 polygons
2026-08-20 11:08:36 +0000: Memory Usage (133548K) : metal2_iprobe has 0 polygons
2026-08-20 11:08:36 +0000: Memory Usage (133548K) : metal2_diffprb has 0 polygons
2026-08-20 11:08:36 +0000: Memory Usage (133548K) : baspoly_drw has 0 polygons
2026-08-20 11:08:36 +0000: Memory Usage (133676K) : baspoly_pin has 0 polygons
2026-08-20 11:08:36 +0000: Memory Usage (133676K) : psd_drw has 3 polygons
2026-08-20 11:08:36 +0000: Memory Usage (133676K) : nldb_drw has 0 polygons
2026-08-20 11:08:36 +0000: Memory Usage (133804K) : digibnd_drw has 0 polygons
2026-08-20 11:08:36 +0000: Memory Usage (133804K) : via1_drw has 4 polygons
2026-08-20 11:08:36 +0000: Memory Usage (133804K) : backmetal1_drw has 0 polygons
2026-08-20 11:08:36 +0000: Memory Usage (133804K) : backmetal1_pin has 0 polygons
2026-08-20 11:08:36 +0000: Memory Usage (133932K) : backmetal1_mask has 0 polygons
2026-08-20 11:08:36 +0000: Memory Usage (133932K) : backmetal1_filler has 0 polygons
2026-08-20 11:08:36 +0000: Memory Usage (133932K) : backmetal1_nofill has 0 polygons
2026-08-20 11:08:36 +0000: Memory Usage (133932K) : backmetal1_slit has 0 polygons
2026-08-20 11:08:36 +0000: Memory Usage (134060K) : backmetal1_text has 0 polygons
2026-08-20 11:08:36 +0000: Memory Usage (134060K) : backmetal1_OPC has 0 polygons
2026-08-20 11:08:36 +0000: Memory Usage (134060K) : backmetal1_noqrc has 0 polygons
2026-08-20 11:08:36 +0000: Memory Usage (134060K) : backmetal1_res has 0 polygons
2026-08-20 11:08:36 +0000: Memory Usage (134188K) : backmetal1_iprobe has 0 polygons
2026-08-20 11:08:36 +0000: Memory Usage (134188K) : backmetal1_diffprb has 0 polygons
2026-08-20 11:08:36 +0000: Memory Usage (134188K) : backpassiv_drw has 0 polygons
2026-08-20 11:08:36 +0000: Memory Usage (134188K) : res_drw has 0 polygons
2026-08-20 11:08:36 +0000: Memory Usage (134316K) : sram_drw has 0 polygons
2026-08-20 11:08:36 +0000: Memory Usage (134316K) : trans_drw has 0 polygons
2026-08-20 11:08:36 +0000: Memory Usage (134316K) : ind_drw has 0 polygons
2026-08-20 11:08:36 +0000: Memory Usage (134316K) : ind_pin has 0 polygons
2026-08-20 11:08:36 +0000: Memory Usage (134444K) : ind_text has 0 polygons
2026-08-20 11:08:36 +0000: Memory Usage (134444K) : salblock_drw has 1 polygons
2026-08-20 11:08:36 +0000: Memory Usage (134444K) : via2_drw has 4 polygons
2026-08-20 11:08:36 +0000: Memory Usage (134444K) : metal3_drw has 3 polygons
2026-08-20 11:08:36 +0000: Memory Usage (134572K) : metal3_filler has 0 polygons
2026-08-20 11:08:36 +0000: Memory Usage (134572K) : metal3_slit has 0 polygons
2026-08-20 11:08:36 +0000: Memory Usage (134572K) : metal3 has 3 polygons
2026-08-20 11:08:36 +0000: Memory Usage (134572K) : metal3_pin has 0 polygons
2026-08-20 11:08:36 +0000: Memory Usage (134700K) : metal3_mask has 0 polygons
2026-08-20 11:08:36 +0000: Memory Usage (134700K) : metal3_nofill has 0 polygons
2026-08-20 11:08:36 +0000: Memory Usage (134700K) : metal3_text has 0 polygons
2026-08-20 11:08:36 +0000: Memory Usage (134700K) : metal3_OPC has 0 polygons
2026-08-20 11:08:36 +0000: Memory Usage (134828K) : metal3_noqrc has 0 polygons
2026-08-20 11:08:36 +0000: Memory Usage (134828K) : metal3_res has 0 polygons
2026-08-20 11:08:36 +0000: Memory Usage (134828K) : metal3_iprobe has 0 polygons
2026-08-20 11:08:36 +0000: Memory Usage (134828K) : metal3_diffprb has 0 polygons
2026-08-20 11:08:36 +0000: Memory Usage (134828K) : nwell_drw has 0 polygons
2026-08-20 11:08:36 +0000: Memory Usage (134828K) : nwell_pin has 0 polygons
2026-08-20 11:08:36 +0000: Memory Usage (134828K) : nwell_text has 0 polygons
2026-08-20 11:08:36 +0000: Memory Usage (134828K) : nbulay_drw has 0 polygons
2026-08-20 11:08:36 +0000: Memory Usage (134828K) : nbulay_pin has 0 polygons
2026-08-20 11:08:36 +0000: Memory Usage (134828K) : nbulay_block has 0 polygons
2026-08-20 11:08:36 +0000: Memory Usage (134828K) : emwind_drw has 0 polygons
2026-08-20 11:08:36 +0000: Memory Usage (134956K) : emwind_OPC has 0 polygons
2026-08-20 11:08:36 +0000: Memory Usage (134956K) : deepco_drw has 0 polygons
2026-08-20 11:08:36 +0000: Memory Usage (134956K) : mim_drw has 1 polygons
2026-08-20 11:08:36 +0000: Memory Usage (134956K) : edgeseal_drw has 0 polygons
2026-08-20 11:08:36 +0000: Memory Usage (134956K) : substrate_drw has 0 polygons
2026-08-20 11:08:36 +0000: Memory Usage (134956K) : substrate_text has 0 polygons
2026-08-20 11:08:36 +0000: Memory Usage (135084K) : dfpad_drw has 0 polygons
2026-08-20 11:08:36 +0000: Memory Usage (135084K) : dfpad_pillar has 0 polygons
2026-08-20 11:08:36 +0000: Memory Usage (135084K) : dfpad_sbump has 0 polygons
2026-08-20 11:08:36 +0000: Memory Usage (135084K) : thickgateox_drw has 0 polygons
2026-08-20 11:08:36 +0000: Memory Usage (135084K) : pldb_drw has 0 polygons
2026-08-20 11:08:36 +0000: Memory Usage (135212K) : pwell_drw has 0 polygons
2026-08-20 11:08:36 +0000: Memory Usage (135212K) : pwell_pin has 0 polygons
2026-08-20 11:08:36 +0000: Memory Usage (135212K) : pwell_block has 0 polygons
2026-08-20 11:08:36 +0000: Memory Usage (135212K) : ic_drw has 0 polygons
2026-08-20 11:08:36 +0000: Memory Usage (135212K) : via3_drw has 0 polygons
2026-08-20 11:08:36 +0000: Memory Usage (135340K) : metal4_drw has 1 polygons
2026-08-20 11:08:36 +0000: Memory Usage (135340K) : metal4_filler has 0 polygons
2026-08-20 11:08:36 +0000: Memory Usage (135340K) : metal4_slit has 0 polygons
2026-08-20 11:08:36 +0000: Memory Usage (135340K) : metal4 has 1 polygons
2026-08-20 11:08:36 +0000: Memory Usage (135340K) : metal4_pin has 0 polygons
2026-08-20 11:08:36 +0000: Memory Usage (135340K) : metal4_mask has 0 polygons
2026-08-20 11:08:36 +0000: Memory Usage (135468K) : metal4_nofill has 0 polygons
2026-08-20 11:08:36 +0000: Memory Usage (135468K) : metal4_text has 0 polygons
2026-08-20 11:08:36 +0000: Memory Usage (135468K) : metal4_OPC has 0 polygons
2026-08-20 11:08:36 +0000: Memory Usage (135468K) : metal4_noqrc has 0 polygons
2026-08-20 11:08:36 +0000: Memory Usage (135468K) : metal4_res has 0 polygons
2026-08-20 11:08:36 +0000: Memory Usage (135468K) : metal4_iprobe has 0 polygons
2026-08-20 11:08:36 +0000: Memory Usage (135468K) : metal4_diffprb has 0 polygons
2026-08-20 11:08:36 +0000: Memory Usage (135596K) : heattrans_drw has 0 polygons
2026-08-20 11:08:36 +0000: Memory Usage (135596K) : heatres_drw has 1 polygons
2026-08-20 11:08:36 +0000: Memory Usage (135596K) : fbe_drw has 0 polygons
2026-08-20 11:08:36 +0000: Memory Usage (135596K) : empoly_drw has 0 polygons
2026-08-20 11:08:36 +0000: Memory Usage (135596K) : digisub_drw has 0 polygons
2026-08-20 11:08:36 +0000: Memory Usage (135596K) : text_drw has 3 polygons
2026-08-20 11:08:36 +0000: Memory Usage (135724K) : via4_drw has 4 polygons
2026-08-20 11:08:36 +0000: Memory Usage (135724K) : metal5_drw has 5 polygons
2026-08-20 11:08:36 +0000: Memory Usage (135724K) : metal5_filler has 0 polygons
2026-08-20 11:08:36 +0000: Memory Usage (135724K) : metal5_slit has 0 polygons
2026-08-20 11:08:36 +0000: Memory Usage (135724K) : metal5 has 5 polygons
2026-08-20 11:08:36 +0000: Memory Usage (135724K) : metal5_pin has 0 polygons
2026-08-20 11:08:36 +0000: Memory Usage (135852K) : metal5_mask has 0 polygons
2026-08-20 11:08:36 +0000: Memory Usage (135852K) : metal5_nofill has 0 polygons
2026-08-20 11:08:36 +0000: Memory Usage (135852K) : metal5_text has 1 polygons
2026-08-20 11:08:36 +0000: Memory Usage (135852K) : metal5_OPC has 0 polygons
2026-08-20 11:08:36 +0000: Memory Usage (135852K) : metal5_noqrc has 0 polygons
2026-08-20 11:08:36 +0000: Memory Usage (135852K) : metal5_res has 0 polygons
2026-08-20 11:08:36 +0000: Memory Usage (135980K) : metal5_iprobe has 0 polygons
2026-08-20 11:08:36 +0000: Memory Usage (135980K) : metal5_diffprb has 0 polygons
2026-08-20 11:08:36 +0000: Memory Usage (135980K) : radhard_drw has 0 polygons
2026-08-20 11:08:36 +0000: Memory Usage (135980K) : memcap_drw has 0 polygons
2026-08-20 11:08:36 +0000: Memory Usage (135980K) : varicap_drw has 0 polygons
2026-08-20 11:08:36 +0000: Memory Usage (135980K) : intbondvia_drw has 0 polygons
2026-08-20 11:08:36 +0000: Memory Usage (136108K) : intbondmet_drw has 0 polygons
2026-08-20 11:08:36 +0000: Memory Usage (136108K) : devbondvia_drw has 0 polygons
2026-08-20 11:08:36 +0000: Memory Usage (136108K) : devbondmet_drw has 0 polygons
2026-08-20 11:08:36 +0000: Memory Usage (136108K) : devtrench_drw has 0 polygons
2026-08-20 11:08:36 +0000: Memory Usage (136108K) : redist_drw has 0 polygons
2026-08-20 11:08:36 +0000: Memory Usage (136108K) : graphbot_drw has 0 polygons
2026-08-20 11:08:36 +0000: Memory Usage (136236K) : graphtop_drw has 0 polygons
2026-08-20 11:08:36 +0000: Memory Usage (136236K) : antvia1_drw has 0 polygons
2026-08-20 11:08:36 +0000: Memory Usage (136236K) : antmetal2_drw has 0 polygons
2026-08-20 11:08:36 +0000: Memory Usage (136236K) : graphcont_drw has 0 polygons
2026-08-20 11:08:36 +0000: Memory Usage (136236K) : siwg_drw has 0 polygons
2026-08-20 11:08:36 +0000: Memory Usage (136236K) : siwg_filler has 0 polygons
2026-08-20 11:08:36 +0000: Memory Usage (136364K) : siwg_nofill has 0 polygons
2026-08-20 11:08:36 +0000: Memory Usage (136364K) : sigrating_drw has 0 polygons
2026-08-20 11:08:36 +0000: Memory Usage (136364K) : singrating_drw has 0 polygons
2026-08-20 11:08:36 +0000: Memory Usage (136364K) : graphpas_drw has 0 polygons
2026-08-20 11:08:36 +0000: Memory Usage (136364K) : emwind3_drw has 0 polygons
2026-08-20 11:08:36 +0000: Memory Usage (136364K) : emwihv3_drw has 0 polygons
2026-08-20 11:08:36 +0000: Memory Usage (136364K) : redbulay_drw has 0 polygons
2026-08-20 11:08:36 +0000: Memory Usage (136492K) : smos_drw has 0 polygons
2026-08-20 11:08:36 +0000: Memory Usage (136492K) : graphpad_drw has 0 polygons
2026-08-20 11:08:36 +0000: Memory Usage (136492K) : polimide_drw has 0 polygons
2026-08-20 11:08:36 +0000: Memory Usage (136492K) : polimide_pin has 0 polygons
2026-08-20 11:08:36 +0000: Memory Usage (136492K) : recog_drw has 0 polygons
2026-08-20 11:08:36 +0000: Memory Usage (136492K) : recog_pin has 0 polygons
2026-08-20 11:08:36 +0000: Memory Usage (136620K) : recog_esd has 0 polygons
2026-08-20 11:08:36 +0000: Memory Usage (136620K) : recog_diode has 0 polygons
2026-08-20 11:08:36 +0000: Memory Usage (136620K) : recog_tsv has 0 polygons
2026-08-20 11:08:36 +0000: Memory Usage (136620K) : recog_iprobe has 0 polygons
2026-08-20 11:08:36 +0000: Memory Usage (136620K) : recog_diffprb has 0 polygons
2026-08-20 11:08:36 +0000: Memory Usage (136748K) : recog_pillar has 0 polygons
2026-08-20 11:08:36 +0000: Memory Usage (136748K) : recog_sbump has 0 polygons
2026-08-20 11:08:36 +0000: Memory Usage (136748K) : recog_otp has 0 polygons
2026-08-20 11:08:36 +0000: Memory Usage (136748K) : recog_pdiode has 0 polygons
2026-08-20 11:08:36 +0000: Memory Usage (136748K) : recog_mom has 0 polygons
2026-08-20 11:08:36 +0000: Memory Usage (136748K) : recog_momf has 0 polygons
2026-08-20 11:08:36 +0000: Memory Usage (136876K) : recog_pcm has 0 polygons
2026-08-20 11:08:36 +0000: Memory Usage (136876K) : colopen_drw has 0 polygons
2026-08-20 11:08:36 +0000: Memory Usage (136876K) : graphmetal1_drw has 0 polygons
2026-08-20 11:08:36 +0000: Memory Usage (136876K) : graphmetal1_filler has 0 polygons
2026-08-20 11:08:36 +0000: Memory Usage (136876K) : graphmetal1_nofill has 0 polygons
2026-08-20 11:08:36 +0000: Memory Usage (136876K) : graphmetal1_slit has 0 polygons
2026-08-20 11:08:36 +0000: Memory Usage (137004K) : graphmetal1_OPC has 0 polygons
2026-08-20 11:08:36 +0000: Memory Usage (137004K) : graphmet1l_drw has 0 polygons
2026-08-20 11:08:36 +0000: Memory Usage (137004K) : graphmet1l_filler has 0 polygons
2026-08-20 11:08:36 +0000: Memory Usage (137004K) : graphmet1l_nofill has 0 polygons
2026-08-20 11:08:36 +0000: Memory Usage (137004K) : graphmet1l_slit has 0 polygons
2026-08-20 11:08:36 +0000: Memory Usage (137004K) : graphmet1l_OPC has 0 polygons
2026-08-20 11:08:36 +0000: Memory Usage (137132K) : extblock_drw has 3 polygons
2026-08-20 11:08:36 +0000: Memory Usage (137132K) : nldd_drw has 0 polygons
2026-08-20 11:08:36 +0000: Memory Usage (137132K) : pldd_drw has 0 polygons
2026-08-20 11:08:36 +0000: Memory Usage (137132K) : next_drw has 0 polygons
2026-08-20 11:08:36 +0000: Memory Usage (137132K) : pext_drw has 0 polygons
2026-08-20 11:08:36 +0000: Memory Usage (137132K) : nexthv_drw has 0 polygons
2026-08-20 11:08:36 +0000: Memory Usage (137260K) : pexthv_drw has 0 polygons
2026-08-20 11:08:36 +0000: Memory Usage (137260K) : graphgate_drw has 0 polygons
2026-08-20 11:08:36 +0000: Memory Usage (137260K) : sinwg_drw has 0 polygons
2026-08-20 11:08:36 +0000: Memory Usage (137260K) : sinwg_filler has 0 polygons
2026-08-20 11:08:36 +0000: Memory Usage (137260K) : sinwg_nofill has 0 polygons
2026-08-20 11:08:36 +0000: Memory Usage (137388K) : mempad_drw has 0 polygons
2026-08-20 11:08:36 +0000: Memory Usage (137388K) : topvia1_drw has 2 polygons
2026-08-20 11:08:36 +0000: Memory Usage (137388K) : topmetal1_drw has 3 polygons
2026-08-20 11:08:36 +0000: Memory Usage (137388K) : topmetal1_filler has 0 polygons
2026-08-20 11:08:36 +0000: Memory Usage (137388K) : topmetal1_slit has 0 polygons
2026-08-20 11:08:36 +0000: Memory Usage (137388K) : topmetal1 has 3 polygons
2026-08-20 11:08:36 +0000: Memory Usage (137516K) : topmetal1_pin has 0 polygons
2026-08-20 11:08:36 +0000: Memory Usage (137516K) : topmetal1_mask has 0 polygons
2026-08-20 11:08:36 +0000: Memory Usage (137516K) : topmetal1_nofill has 0 polygons
2026-08-20 11:08:36 +0000: Memory Usage (137516K) : topmetal1_text has 1 polygons
2026-08-20 11:08:36 +0000: Memory Usage (137516K) : topmetal1_noqrc has 0 polygons
2026-08-20 11:08:36 +0000: Memory Usage (137516K) : topmetal1_res has 0 polygons
2026-08-20 11:08:36 +0000: Memory Usage (137644K) : topmetal1_iprobe has 0 polygons
2026-08-20 11:08:36 +0000: Memory Usage (137644K) : topmetal1_diffprb has 0 polygons
2026-08-20 11:08:36 +0000: Memory Usage (137644K) : inldpwl_drw has 0 polygons
2026-08-20 11:08:36 +0000: Memory Usage (137644K) : polyres_drw has 1 polygons
2026-08-20 11:08:36 +0000: Memory Usage (137644K) : polyres_pin has 0 polygons
2026-08-20 11:08:36 +0000: Memory Usage (137772K) : vmim_drw has 225 polygons
2026-08-20 11:08:36 +0000: Memory Usage (137900K) : nbulaycut_drw has 0 polygons
2026-08-20 11:08:36 +0000: Memory Usage (137900K) : antmetal1_drw has 0 polygons
2026-08-20 11:08:36 +0000: Memory Usage (137900K) : topvia2_drw has 2 polygons
2026-08-20 11:08:36 +0000: Memory Usage (137900K) : topmetal2_drw has 2 polygons
2026-08-20 11:08:36 +0000: Memory Usage (138028K) : topmetal2_filler has 0 polygons
2026-08-20 11:08:36 +0000: Memory Usage (138028K) : topmetal2_slit has 0 polygons
2026-08-20 11:08:36 +0000: Memory Usage (138028K) : topmetal2 has 2 polygons
2026-08-20 11:08:36 +0000: Memory Usage (138028K) : topmetal2_pin has 0 polygons
2026-08-20 11:08:36 +0000: Memory Usage (138156K) : topmetal2_mask has 0 polygons
2026-08-20 11:08:36 +0000: Memory Usage (138156K) : topmetal2_nofill has 0 polygons
2026-08-20 11:08:36 +0000: Memory Usage (138156K) : topmetal2_text has 0 polygons
2026-08-20 11:08:36 +0000: Memory Usage (138156K) : topmetal2_noqrc has 0 polygons
2026-08-20 11:08:36 +0000: Memory Usage (138284K) : topmetal2_res has 0 polygons
2026-08-20 11:08:36 +0000: Memory Usage (138284K) : topmetal2_iprobe has 0 polygons
2026-08-20 11:08:36 +0000: Memory Usage (138412K) : topmetal2_diffprb has 0 polygons
2026-08-20 11:08:36 +0000: Memory Usage (138412K) : snsring_drw has 0 polygons
2026-08-20 11:08:36 +0000: Memory Usage (138412K) : sensor_drw has 0 polygons
2026-08-20 11:08:36 +0000: Memory Usage (138412K) : snsarms_drw has 0 polygons
2026-08-20 11:08:36 +0000: Memory Usage (138540K) : snscmosvia_drw has 0 polygons
2026-08-20 11:08:36 +0000: Memory Usage (138540K) : colwind_drw has 0 polygons
2026-08-20 11:08:36 +0000: Memory Usage (138540K) : flm_drw has 0 polygons
2026-08-20 11:08:36 +0000: Memory Usage (138668K) : hafniumox_drw has 0 polygons
2026-08-20 11:08:36 +0000: Memory Usage (138668K) : memvia_drw has 0 polygons
2026-08-20 11:08:36 +0000: Memory Usage (138668K) : thinfilmres_drw has 0 polygons
2026-08-20 11:08:36 +0000: Memory Usage (138668K) : rfmem_drw has 0 polygons
2026-08-20 11:08:36 +0000: Memory Usage (138796K) : norcx_drw has 0 polygons
2026-08-20 11:08:36 +0000: Memory Usage (138796K) : norcx_m2m3 has 0 polygons
2026-08-20 11:08:36 +0000: Memory Usage (138796K) : norcx_m2m4 has 0 polygons
2026-08-20 11:08:36 +0000: Memory Usage (138796K) : norcx_m2m5 has 0 polygons
2026-08-20 11:08:36 +0000: Memory Usage (138924K) : norcx_m2tm1 has 0 polygons
2026-08-20 11:08:36 +0000: Memory Usage (138924K) : norcx_m2tm2 has 0 polygons
2026-08-20 11:08:36 +0000: Memory Usage (139052K) : norcx_m3m4 has 0 polygons
2026-08-20 11:08:36 +0000: Memory Usage (139052K) : norcx_m3m5 has 0 polygons
2026-08-20 11:08:36 +0000: Memory Usage (139052K) : norcx_m3tm1 has 0 polygons
2026-08-20 11:08:36 +0000: Memory Usage (139052K) : norcx_m3tm2 has 0 polygons
2026-08-20 11:08:36 +0000: Memory Usage (139052K) : norcx_m4m5 has 0 polygons
2026-08-20 11:08:36 +0000: Memory Usage (139052K) : norcx_m4tm1 has 0 polygons
2026-08-20 11:08:36 +0000: Memory Usage (139052K) : norcx_m4tm2 has 0 polygons
2026-08-20 11:08:36 +0000: Memory Usage (139052K) : norcx_m5tm1 has 0 polygons
2026-08-20 11:08:36 +0000: Memory Usage (139052K) : norcx_m5tm2 has 0 polygons
2026-08-20 11:08:36 +0000: Memory Usage (139052K) : norcx_tm1tm2 has 0 polygons
2026-08-20 11:08:36 +0000: Memory Usage (139052K) : norcx_m1sub has 0 polygons
2026-08-20 11:08:36 +0000: Memory Usage (139052K) : norcx_m2sub has 0 polygons
2026-08-20 11:08:36 +0000: Memory Usage (139052K) : norcx_m3sub has 0 polygons
2026-08-20 11:08:36 +0000: Memory Usage (139052K) : norcx_m4sub has 0 polygons
2026-08-20 11:08:36 +0000: Memory Usage (139052K) : norcx_m5sub has 0 polygons
2026-08-20 11:08:36 +0000: Memory Usage (139052K) : norcx_tm1sub has 0 polygons
2026-08-20 11:08:36 +0000: Memory Usage (139052K) : norcx_tm2sub has 0 polygons
2026-08-20 11:08:36 +0000: Memory Usage (139052K) : snsbotvia_drw has 0 polygons
2026-08-20 11:08:36 +0000: Memory Usage (139052K) : snstopvia_drw has 0 polygons
2026-08-20 11:08:36 +0000: Memory Usage (139180K) : deepvia_drw has 0 polygons
2026-08-20 11:08:36 +0000: Memory Usage (139180K) : fgetch_drw has 0 polygons
2026-08-20 11:08:36 +0000: Memory Usage (139180K) : ctrgat_drw has 0 polygons
2026-08-20 11:08:36 +0000: Memory Usage (139180K) : fgimp_drw has 0 polygons
2026-08-20 11:08:36 +0000: Memory Usage (139180K) : emwihv_drw has 0 polygons
2026-08-20 11:08:36 +0000: Memory Usage (139180K) : lbe_drw has 0 polygons
2026-08-20 11:08:36 +0000: Memory Usage (139180K) : alcustop_drw has 0 polygons
2026-08-20 11:08:36 +0000: Memory Usage (139180K) : nometfiller_drw has 0 polygons
2026-08-20 11:08:36 +0000: Memory Usage (139180K) : prboundary_drw has 0 polygons
2026-08-20 11:08:36 +0000: Memory Usage (139180K) : exchange0_drw has 0 polygons
2026-08-20 11:08:36 +0000: Memory Usage (139180K) : exchange0_pin has 0 polygons
2026-08-20 11:08:36 +0000: Memory Usage (139180K) : exchange0_text has 0 polygons
2026-08-20 11:08:36 +0000: Memory Usage (139180K) : exchange1_drw has 0 polygons
2026-08-20 11:08:36 +0000: Memory Usage (139180K) : exchange1_pin has 0 polygons
2026-08-20 11:08:36 +0000: Memory Usage (139180K) : exchange1_text has 0 polygons
2026-08-20 11:08:36 +0000: Memory Usage (139180K) : exchange2_drw has 0 polygons
2026-08-20 11:08:36 +0000: Memory Usage (139180K) : exchange2_pin has 0 polygons
2026-08-20 11:08:36 +0000: Memory Usage (139180K) : exchange2_text has 0 polygons
2026-08-20 11:08:36 +0000: Memory Usage (139180K) : exchange3_drw has 0 polygons
2026-08-20 11:08:36 +0000: Memory Usage (139180K) : exchange3_pin has 0 polygons
2026-08-20 11:08:36 +0000: Memory Usage (139180K) : exchange3_text has 0 polygons
2026-08-20 11:08:36 +0000: Memory Usage (139180K) : exchange4_drw has 0 polygons
2026-08-20 11:08:36 +0000: Memory Usage (139180K) : exchange4_pin has 0 polygons
2026-08-20 11:08:36 +0000: Memory Usage (139180K) : exchange4_text has 0 polygons
2026-08-20 11:08:36 +0000: Memory Usage (139180K) : isonwell_drw has 0 polygons
2026-08-20 11:08:36 +0000: Memory Usage (139180K) : Total no. of polygons in the design is 285
2026-08-20 11:08:36 +0000: Memory Usage (139180K) : Starting base layers derivations
2026-08-20 11:08:36 +0000: Memory Usage (139180K) : Starting general LVS derivations
2026-08-20 11:08:36 +0000: Memory Usage (141544K) : Starting MOSFET DERIVATIONS
2026-08-20 11:08:36 +0000: Memory Usage (141672K) : Starting NMOS DERIVATIONS
2026-08-20 11:08:36 +0000: Memory Usage (141672K) : Starting PMOS DERIVATIONS
2026-08-20 11:08:36 +0000: Memory Usage (141672K) : Starting RF-MOSFET DERIVATIONS
2026-08-20 11:08:36 +0000: Memory Usage (141672K) : Starting RF-NMOS DERIVATIONS
2026-08-20 11:08:36 +0000: Memory Usage (141672K) : Starting RF-PMOS DERIVATIONS
2026-08-20 11:08:36 +0000: Memory Usage (141672K) : Starting BJT DERIVATIONS
2026-08-20 11:08:36 +0000: Memory Usage (141672K) : Starting NPN-BJT DERIVATIONS
2026-08-20 11:08:36 +0000: Memory Usage (141672K) : Starting PNP-BJT DERIVATIONS
2026-08-20 11:08:36 +0000: Memory Usage (141672K) : Starting DIODE DERIVATIONS
2026-08-20 11:08:36 +0000: Memory Usage (141672K) : Starting RESISTOR DERIVATIONS
2026-08-20 11:08:36 +0000: Memory Usage (142696K) : Starting CAP DERIVATIONS
2026-08-20 11:08:36 +0000: Memory Usage (142696K) : Starting CAP_CMOM DERIVATIONS
2026-08-20 11:08:36 +0000: Memory Usage (142696K) : Starting CAP_CMOMF DERIVATIONS
2026-08-20 11:08:36 +0000: Memory Usage (142696K) : Starting ESD DERIVATIONS
2026-08-20 11:08:36 +0000: Memory Usage (142696K) : Starting Inductor DERIVATIONS
2026-08-20 11:08:36 +0000: Memory Usage (142696K) : Starting Taps DERIVATIONS
2026-08-20 11:08:36 +0000: Memory Usage (142696K) : Starting SG13G2 LVS connectivity setup
2026-08-20 11:08:36 +0000: Memory Usage (142696K) : Starting SG13G2 LVS connectivity setup (Inter-layer)
2026-08-20 11:08:36 +0000: Memory Usage (142824K) : Starting SG13G2 LVS connectivity setup (Global)
2026-08-20 11:08:36 +0000: Memory Usage (142824K) : Starting LVS MOSFET CONNECTIONS
2026-08-20 11:08:36 +0000: Memory Usage (142824K) : Starting LVS RF-MOSFET CONNECTIONS
2026-08-20 11:08:36 +0000: Memory Usage (142824K) : Starting LVS BJT CONNECTIONS
2026-08-20 11:08:36 +0000: Memory Usage (142824K) : Starting LVS DIODE CONNECTIONS
2026-08-20 11:08:36 +0000: Memory Usage (142824K) : Starting RESISTOR CONNECTIONS
2026-08-20 11:08:36 +0000: Memory Usage (142824K) : Starting LVS CAP CONNECTIONS
2026-08-20 11:08:36 +0000: Memory Usage (142824K) : Starting CAP_CMOM CONNECTIONS
2026-08-20 11:08:36 +0000: Memory Usage (142824K) : Starting CAP_CMOMF CONNECTIONS
2026-08-20 11:08:36 +0000: Memory Usage (142824K) : Starting ESD CONNECTIONS
2026-08-20 11:08:36 +0000: Memory Usage (142824K) : Starting Inductor CONNECTIONS
2026-08-20 11:08:36 +0000: Memory Usage (142824K) : Starting LVS Taps CONNECTIONS
2026-08-20 11:08:36 +0000: Memory Usage (142824K) : Starting SG13G2 LVS DEVICES EXTRACTION
2026-08-20 11:08:36 +0000: Memory Usage (142824K) : Starting MOSFET EXTRACTION
2026-08-20 11:08:36 +0000: Memory Usage (142824K) : Starting NMOS EXTRACTION
2026-08-20 11:08:36 +0000: Memory Usage (142824K) : Extraction of NMOS-LV transistor
2026-08-20 11:08:36 +0000: Memory Usage (142952K) : Extraction of NMOS-HV transistor
2026-08-20 11:08:36 +0000: Memory Usage (142952K) : Starting PMOS EXTRACTION
2026-08-20 11:08:36 +0000: Memory Usage (142952K) : Extraction of PMOS-LV transistor
2026-08-20 11:08:36 +0000: Memory Usage (142952K) : Extraction of PMOS-HV transistor
2026-08-20 11:08:36 +0000: Memory Usage (142952K) : Starting RF-MOSFET EXTRACTION
2026-08-20 11:08:36 +0000: Memory Usage (142952K) : Extraction of RF-NMOS-LV transistor
2026-08-20 11:08:36 +0000: Memory Usage (142952K) : Extraction of RF-NMOS-HV transistor
2026-08-20 11:08:36 +0000: Memory Usage (142952K) : Extraction of RF-PMOS-LV transistor
2026-08-20 11:08:36 +0000: Memory Usage (142952K) : Extraction of RF-PMOS-HV transistor
2026-08-20 11:08:36 +0000: Memory Usage (142952K) : Starting BJT EXTRACTION
2026-08-20 11:08:36 +0000: Memory Usage (142952K) : Starting NPN-BJT EXTRACTION
2026-08-20 11:08:36 +0000: Memory Usage (142952K) : Extraction of npn13G2 BJT transistor
2026-08-20 11:08:36 +0000: Memory Usage (142952K) : Extraction of npn13G2L BJT transistor
2026-08-20 11:08:36 +0000: Memory Usage (142952K) : Extraction of npn13G2V BJT transistor
2026-08-20 11:08:36 +0000: Memory Usage (142952K) : Starting PNP-BJT EXTRACTION
2026-08-20 11:08:36 +0000: Memory Usage (142952K) : Extracting pnpMPA BJT
2026-08-20 11:08:36 +0000: Memory Usage (142952K) : Starting DIODE EXTRACTION
2026-08-20 11:08:36 +0000: Memory Usage (142952K) : Extracting dantenna diode
2026-08-20 11:08:36 +0000: Memory Usage (142952K) : Extracting dpantenna diode
2026-08-20 11:08:36 +0000: Memory Usage (142952K) : Extracting schottky_nbl1 diode
2026-08-20 11:08:36 +0000: Memory Usage (142952K) : Extracting isolbox diode
2026-08-20 11:08:36 +0000: Memory Usage (142952K) : Starting RESISTOR EXTRACTION
2026-08-20 11:08:36 +0000: Memory Usage (142952K) : Extracting rsil resistor
2026-08-20 11:08:36 +0000: Memory Usage (142952K) : Extracting rppd resistor
2026-08-20 11:08:36 +0000: Memory Usage (143208K) : Extracting rhigh resistor
2026-08-20 11:08:36 +0000: Memory Usage (143208K) : Extracting res_metal1 resistor
2026-08-20 11:08:36 +0000: Memory Usage (143208K) : Extracting res_metal2 resistor
2026-08-20 11:08:36 +0000: Memory Usage (143208K) : Extracting res_metal3 resistor
2026-08-20 11:08:36 +0000: Memory Usage (143208K) : Extracting res_metal4 resistor
2026-08-20 11:08:36 +0000: Memory Usage (143208K) : Extracting res_metal5 resistor
2026-08-20 11:08:36 +0000: Memory Usage (143208K) : Extracting res_topmetal1 resistor
2026-08-20 11:08:36 +0000: Memory Usage (143208K) : Extracting res_topmetal2 resistor
2026-08-20 11:08:36 +0000: Memory Usage (143208K) : Starting CAP EXTRACTION
2026-08-20 11:08:36 +0000: Memory Usage (143208K) : Extracting cap_cmim device
2026-08-20 11:08:36 +0000: Memory Usage (143208K) : Extracting rfcmim device
2026-08-20 11:08:36 +0000: Memory Usage (143208K) : Extracting sg13_hv_svaricap varactor
2026-08-20 11:08:36 +0000: Memory Usage (143208K) : Extracting cap_cmomi device
2026-08-20 11:08:36 +0000: Memory Usage (143208K) : Extracting cap_cmomf device
2026-08-20 11:08:36 +0000: Memory Usage (143208K) : Extracting sg13_moscap_n capacitor
2026-08-20 11:08:36 +0000: Memory Usage (143208K) : Extracting sg13_moscap_p capacitor
2026-08-20 11:08:36 +0000: Memory Usage (143208K) : Starting ESD EXTRACTION
2026-08-20 11:08:36 +0000: Memory Usage (143208K) : Extracting diodevdd_2kv ESD device
2026-08-20 11:08:36 +0000: Memory Usage (143208K) : Extracting diodevdd_4kv ESD device
2026-08-20 11:08:36 +0000: Memory Usage (143208K) : Extracting diodevss_2kv ESD device
2026-08-20 11:08:36 +0000: Memory Usage (143208K) : Extracting diodevss_4kv ESD device
2026-08-20 11:08:36 +0000: Memory Usage (143208K) : Extracting idiodevdd_2kv ESD device
2026-08-20 11:08:36 +0000: Memory Usage (143336K) : Extracting idiodevdd_4kv ESD device
2026-08-20 11:08:36 +0000: Memory Usage (143336K) : Extracting idiodevss_2kv ESD device
2026-08-20 11:08:36 +0000: Memory Usage (143336K) : Extracting idiodevss_4kv ESD device
2026-08-20 11:08:36 +0000: Memory Usage (143336K) : Extracting nmoscl_2 ESD device
2026-08-20 11:08:36 +0000: Memory Usage (143336K) : Extracting nmoscl_4 ESD device
2026-08-20 11:08:36 +0000: Memory Usage (143336K) : Starting Inductor EXTRACTION
2026-08-20 11:08:36 +0000: Memory Usage (143336K) : Extracting Inductor2 device
2026-08-20 11:08:36 +0000: Memory Usage (143336K) : Extracting Inductor3 device
2026-08-20 11:08:36 +0000: Memory Usage (143336K) : Starting Taps EXTRACTION
2026-08-20 11:08:36 +0000: Memory Usage (143336K) : Extracting ntap1 device
2026-08-20 11:08:36 +0000: Memory Usage (143336K) : Extracting ptap1 device
2026-08-20 11:08:36 +0000: Memory Usage (143336K) : Starting SG13G2 LVS RF MOS Model Mapping
2026-08-20 11:08:36 +0000: Memory Usage (143336K) : [layout_netlist] Apply RF MOS model mapping and rfmode parameter.
2026-08-20 11:08:36 +0000: Memory Usage (143336K) : Starting SG13G2 LVS Options Preparations
2026-08-20 11:08:36 +0000: Memory Usage (143336K) : SG13G2 LVS flow: extraction -> alignment -> option preparation -> comparison.
2026-08-20 11:08:36 +0000: Memory Usage (143336K) : Starting SG13G2 LVS Alignment
2026-08-20 11:08:36 +0000: Memory Usage (143464K) : Starting SG13G2 LVS Simplification
2026-08-20 11:08:36 +0000: Memory Usage (143464K) : [layout_netlist] simplify: ENABLED
2026-08-20 11:08:36 +0000: Memory Usage (143464K) : [layout_netlist] make_top_level_pins: SKIPPED
2026-08-20 11:08:36 +0000: Memory Usage (143464K) : [layout_netlist] combine_devices: SKIPPED
2026-08-20 11:08:36 +0000: Memory Usage (143464K) : [layout_netlist] purge: SKIPPED
2026-08-20 11:08:36 +0000: Memory Usage (143464K) : [layout_netlist] purge_nets: SKIPPED
2026-08-20 11:08:36 +0000: Memory Usage (143464K) : [schematic_netlist] simplify: ENABLED
2026-08-20 11:08:36 +0000: Memory Usage (143464K) : [schematic_netlist] make_top_level_pins: SKIPPED
2026-08-20 11:08:36 +0000: Memory Usage (143464K) : [schematic_netlist] combine_devices: SKIPPED
2026-08-20 11:08:36 +0000: Memory Usage (143464K) : [schematic_netlist] purge: SKIPPED
2026-08-20 11:08:36 +0000: Memory Usage (143464K) : [schematic_netlist] purge_nets: SKIPPED
2026-08-20 11:08:36 +0000: Memory Usage (143464K) : Starting SG13G2 LVS Comparison
2026-08-20 11:08:36 +0000: Memory Usage (143592K) : xxxxxxxxxxxxxxxxxxxxxxxxxxxxxxxxxxxxxxxxxx
2026-08-20 11:08:36 +0000: Memory Usage (143592K) : ERROR : Netlists don't match
2026-08-20 11:08:36 +0000: Memory Usage (143592K) : xxxxxxxxxxxxxxxxxxxxxxxxxxxxxxxxxxxxxxxxxx
2026-08-20 11:08:36 +0000: Memory Usage (143592K) : LVS Total Run time 0.403582 seconds

--- stderr ---
20-Aug-2026 11:08:36 | INFO    | Your Klayout version is: KLayout 0.30.5 (required >= 0.30.5)
20-Aug-2026 11:08:36 | INFO    | Running SG13G2 LVS checks on design /workspace/layout/blocks/out/term_stage/_cmim_probe/probe_direct_m5_stamp.gds on cell probe
20-Aug-2026 11:08:36 | INFO    | ==============================================================================
20-Aug-2026 11:08:36 | INFO    | Important Summary
20-Aug-2026 11:08:36 | INFO    | +------------------+-------------------------------------------------------------------------+
20-Aug-2026 11:08:36 | INFO    | | Status           | FAIL                                                                    |
20-Aug-2026 11:08:36 | INFO    | | Mode             | COMPARE                                                                 |
20-Aug-2026 11:08:36 | INFO    | | Outcome          | Comparison mode: FAIL (netlists do not match).                          |
20-Aug-2026 11:08:36 | INFO    | | Layout           | probe_direct_m5_stamp.gds                                               |
20-Aug-2026 11:08:36 | INFO    | | Top Cell         | probe                                                                   |
20-Aug-2026 11:08:36 | INFO    | | Results Dir      | /workspace/layout/blocks/out/term_stage/_cmim_probe/lvs_direct_m5_stamp |
20-Aug-2026 11:08:36 | INFO    | | Warnings         | 0                                                                       |
20-Aug-2026 11:08:36 | INFO    | | Errors           | 1                                                                       |
20-Aug-2026 11:08:36 | INFO    | | Run Time (s)     | 0.693                                                                   |
20-Aug-2026 11:08:36 | INFO    | +------------------+-------------------------------------------------------------------------+
20-Aug-2026 11:08:36 | ERROR   | Key errors:
20-Aug-2026 11:08:36 | ERROR   |   - 2026-08-20 11:08:36 +0000: Memory Usage (143592K) : ERROR : Netlists don't match
20-Aug-2026 11:08:36 | INFO    | ==============================================================================

