$ python3 /home/ubuntu/.local/share/ihp-eda/IHP-Open-PDK/ihp-sg13g2/libs.tech/klayout/tech/lvs/run_lvs.py --layout=/workspace/layout/blocks/out/term_stage/_cmim_probe/div_m5stub_m3.gds --netlist=/workspace/layout/blocks/out/term_stage/_cmim_probe/probe.cdl --run_dir=/workspace/layout/blocks/out/term_stage/_cmim_probe/lvs_m5stub_m3 --run_mode=deep --topcell=probe --implicit_nets=sub,sub! --ignore_top_ports_mismatch

--- stdout ---
2026-08-20 11:12:00 +0000: Memory Usage (128668K) : Starting running SG13G2 Klayout LVS runset on /workspace/layout/blocks/out/term_stage/_cmim_probe/div_m5stub_m3.gds
2026-08-20 11:12:00 +0000: Memory Usage (128668K) : Ruby Version for klayout: 3.2.3
2026-08-20 11:12:00 +0000: Memory Usage (129768K) : Loading database to memory is complete.
2026-08-20 11:12:00 +0000: Memory Usage (129768K) : SG13G2 Klayout LVS runset output at: /workspace/layout/blocks/out/term_stage/_cmim_probe/lvs_m5stub_m3/div_m5stub_m3.lvsdb
2026-08-20 11:12:00 +0000: Memory Usage (129768K) : Evaluate switches.
2026-08-20 11:12:00 +0000: Memory Usage (129768K) : Extracted netlist with net names: true
2026-08-20 11:12:00 +0000: Memory Usage (129768K) : Extracted netlist with comments in details: false
2026-08-20 11:12:00 +0000: Memory Usage (129768K) : Selected NET_ONLY option: false
2026-08-20 11:12:00 +0000: Memory Usage (129768K) : Selected LAYOUT_NETLIST option: (none)
2026-08-20 11:12:00 +0000: Memory Usage (129768K) : Selected IGNORE_TOP_PORTS_MISMATCH option: true
2026-08-20 11:12:00 +0000: Memory Usage (129768K) : Selected IMPLICIT_NETS option: sub,sub!
2026-08-20 11:12:00 +0000: Memory Usage (129768K) : Selected TOP_LVL_PINS option: false
2026-08-20 11:12:00 +0000: Memory Usage (129768K) : Selected COMBINE DEVICES option: false
2026-08-20 11:12:00 +0000: Memory Usage (129768K) : Selected PURGE option: false
2026-08-20 11:12:00 +0000: Memory Usage (129768K) : Selected PURGE_NETS option: false
2026-08-20 11:12:00 +0000: Memory Usage (129768K) : Selected SIMPLIFY option: true
2026-08-20 11:12:00 +0000: Memory Usage (129768K) : Selected SERIES_RES option: true
2026-08-20 11:12:00 +0000: Memory Usage (129768K) : Selected PARALLEL_RES option: true
2026-08-20 11:12:00 +0000: Memory Usage (129768K) : Selected DISABLE_TAP_EXTRACTION option: false
2026-08-20 11:12:00 +0000: Memory Usage (129768K) : deep  mode is enabled.
2026-08-20 11:12:00 +0000: Memory Usage (129768K) : Applying implicit connections (case-sensitive, pattern supported) for nets: sub, sub!
2026-08-20 11:12:00 +0000: Memory Usage (131144K) : Netlist file: /workspace/layout/blocks/out/term_stage/_cmim_probe/probe.cdl
2026-08-20 11:12:00 +0000: Memory Usage (131144K) : LVS extracted netlist at: /workspace/layout/blocks/out/term_stage/_cmim_probe/lvs_m5stub_m3/div_m5stub_m3_extracted.cir
2026-08-20 11:12:00 +0000: Memory Usage (131144K) : Applying SRAM integration support.
2026-08-20 11:12:00 +0000: Memory Usage (131144K) : Starting SG13G2 LVS runset
2026-08-20 11:12:00 +0000: Memory Usage (131144K) : Read in polygons from layers.
2026-08-20 11:12:00 +0000: Memory Usage (131528K) : activ_drw has 0 polygons
2026-08-20 11:12:00 +0000: Memory Usage (131528K) : activ_filler has 0 polygons
2026-08-20 11:12:00 +0000: Memory Usage (131528K) : activ has 0 polygons
2026-08-20 11:12:00 +0000: Memory Usage (131528K) : activ_pin has 0 polygons
2026-08-20 11:12:00 +0000: Memory Usage (131528K) : activ_mask has 0 polygons
2026-08-20 11:12:00 +0000: Memory Usage (131528K) : activ_nofill has 0 polygons
2026-08-20 11:12:00 +0000: Memory Usage (131528K) : activ_OPC has 0 polygons
2026-08-20 11:12:00 +0000: Memory Usage (131528K) : activ_iOPC has 0 polygons
2026-08-20 11:12:00 +0000: Memory Usage (131528K) : activ_noqrc has 0 polygons
2026-08-20 11:12:00 +0000: Memory Usage (131528K) : biwind_drw has 0 polygons
2026-08-20 11:12:00 +0000: Memory Usage (131528K) : biwind_OPC has 0 polygons
2026-08-20 11:12:00 +0000: Memory Usage (132096K) : gatpoly_drw has 8 polygons
2026-08-20 11:12:00 +0000: Memory Usage (132096K) : gatpoly_filler has 0 polygons
2026-08-20 11:12:00 +0000: Memory Usage (132224K) : gatpoly has 8 polygons
2026-08-20 11:12:00 +0000: Memory Usage (132224K) : gatpoly_pin has 0 polygons
2026-08-20 11:12:00 +0000: Memory Usage (132224K) : gatpoly_nofill has 0 polygons
2026-08-20 11:12:00 +0000: Memory Usage (132224K) : gatpoly_OPC has 0 polygons
2026-08-20 11:12:00 +0000: Memory Usage (132224K) : gatpoly_iOPC has 0 polygons
2026-08-20 11:12:00 +0000: Memory Usage (132224K) : gatpoly_noqrc has 0 polygons
2026-08-20 11:12:00 +0000: Memory Usage (132224K) : cont_drw has 4 polygons
2026-08-20 11:12:00 +0000: Memory Usage (132312K) : cont_OPC has 0 polygons
2026-08-20 11:12:00 +0000: Memory Usage (132824K) : nsd_drw has 0 polygons
2026-08-20 11:12:00 +0000: Memory Usage (132824K) : nsd_block has 0 polygons
2026-08-20 11:12:00 +0000: Memory Usage (132824K) : metal1_drw has 8 polygons
2026-08-20 11:12:00 +0000: Memory Usage (132824K) : metal1_filler has 0 polygons
2026-08-20 11:12:00 +0000: Memory Usage (132824K) : metal1_slit has 0 polygons
2026-08-20 11:12:00 +0000: Memory Usage (132952K) : metal1 has 8 polygons
2026-08-20 11:12:00 +0000: Memory Usage (132952K) : metal1_pin has 4 polygons
2026-08-20 11:12:00 +0000: Memory Usage (132952K) : metal1_mask has 0 polygons
2026-08-20 11:12:00 +0000: Memory Usage (132952K) : metal1_nofill has 0 polygons
2026-08-20 11:12:00 +0000: Memory Usage (133080K) : metal1_text has 0 polygons
2026-08-20 11:12:00 +0000: Memory Usage (133080K) : metal1_OPC has 0 polygons
2026-08-20 11:12:00 +0000: Memory Usage (133080K) : metal1_noqrc has 0 polygons
2026-08-20 11:12:00 +0000: Memory Usage (133080K) : metal1_res has 0 polygons
2026-08-20 11:12:00 +0000: Memory Usage (133080K) : metal1_iprobe has 0 polygons
2026-08-20 11:12:00 +0000: Memory Usage (133080K) : metal1_diffprb has 0 polygons
2026-08-20 11:12:00 +0000: Memory Usage (133080K) : passiv_drw has 0 polygons
2026-08-20 11:12:00 +0000: Memory Usage (133080K) : passiv_pin has 0 polygons
2026-08-20 11:12:00 +0000: Memory Usage (133080K) : passiv_sbump has 0 polygons
2026-08-20 11:12:00 +0000: Memory Usage (133080K) : passiv_pillar has 0 polygons
2026-08-20 11:12:00 +0000: Memory Usage (133080K) : passiv_pdl has 0 polygons
2026-08-20 11:12:00 +0000: Memory Usage (133080K) : metal2_drw has 4 polygons
2026-08-20 11:12:00 +0000: Memory Usage (133080K) : metal2_filler has 0 polygons
2026-08-20 11:12:00 +0000: Memory Usage (133080K) : metal2_slit has 0 polygons
2026-08-20 11:12:00 +0000: Memory Usage (133208K) : metal2 has 4 polygons
2026-08-20 11:12:00 +0000: Memory Usage (133208K) : metal2_pin has 0 polygons
2026-08-20 11:12:00 +0000: Memory Usage (133208K) : metal2_mask has 0 polygons
2026-08-20 11:12:00 +0000: Memory Usage (133336K) : metal2_nofill has 0 polygons
2026-08-20 11:12:00 +0000: Memory Usage (133336K) : metal2_text has 0 polygons
2026-08-20 11:12:00 +0000: Memory Usage (133336K) : metal2_OPC has 0 polygons
2026-08-20 11:12:00 +0000: Memory Usage (133464K) : metal2_noqrc has 0 polygons
2026-08-20 11:12:00 +0000: Memory Usage (133464K) : metal2_res has 0 polygons
2026-08-20 11:12:00 +0000: Memory Usage (133464K) : metal2_iprobe has 0 polygons
2026-08-20 11:12:00 +0000: Memory Usage (133592K) : metal2_diffprb has 0 polygons
2026-08-20 11:12:00 +0000: Memory Usage (133592K) : baspoly_drw has 0 polygons
2026-08-20 11:12:00 +0000: Memory Usage (133592K) : baspoly_pin has 0 polygons
2026-08-20 11:12:00 +0000: Memory Usage (133592K) : psd_drw has 6 polygons
2026-08-20 11:12:00 +0000: Memory Usage (133592K) : nldb_drw has 0 polygons
2026-08-20 11:12:00 +0000: Memory Usage (133720K) : digibnd_drw has 0 polygons
2026-08-20 11:12:00 +0000: Memory Usage (133720K) : via1_drw has 8 polygons
2026-08-20 11:12:00 +0000: Memory Usage (133720K) : backmetal1_drw has 0 polygons
2026-08-20 11:12:00 +0000: Memory Usage (133848K) : backmetal1_pin has 0 polygons
2026-08-20 11:12:00 +0000: Memory Usage (133848K) : backmetal1_mask has 0 polygons
2026-08-20 11:12:00 +0000: Memory Usage (133848K) : backmetal1_filler has 0 polygons
2026-08-20 11:12:00 +0000: Memory Usage (133848K) : backmetal1_nofill has 0 polygons
2026-08-20 11:12:00 +0000: Memory Usage (133976K) : backmetal1_slit has 0 polygons
2026-08-20 11:12:00 +0000: Memory Usage (133976K) : backmetal1_text has 0 polygons
2026-08-20 11:12:00 +0000: Memory Usage (133976K) : backmetal1_OPC has 0 polygons
2026-08-20 11:12:00 +0000: Memory Usage (133976K) : backmetal1_noqrc has 0 polygons
2026-08-20 11:12:00 +0000: Memory Usage (134104K) : backmetal1_res has 0 polygons
2026-08-20 11:12:00 +0000: Memory Usage (134104K) : backmetal1_iprobe has 0 polygons
2026-08-20 11:12:00 +0000: Memory Usage (134104K) : backmetal1_diffprb has 0 polygons
2026-08-20 11:12:00 +0000: Memory Usage (134104K) : backpassiv_drw has 0 polygons
2026-08-20 11:12:00 +0000: Memory Usage (134232K) : res_drw has 0 polygons
2026-08-20 11:12:00 +0000: Memory Usage (134232K) : sram_drw has 0 polygons
2026-08-20 11:12:00 +0000: Memory Usage (134232K) : trans_drw has 0 polygons
2026-08-20 11:12:00 +0000: Memory Usage (134232K) : ind_drw has 0 polygons
2026-08-20 11:12:00 +0000: Memory Usage (134360K) : ind_pin has 0 polygons
2026-08-20 11:12:00 +0000: Memory Usage (134360K) : ind_text has 0 polygons
2026-08-20 11:12:00 +0000: Memory Usage (134360K) : salblock_drw has 2 polygons
2026-08-20 11:12:00 +0000: Memory Usage (134360K) : via2_drw has 4 polygons
2026-08-20 11:12:00 +0000: Memory Usage (134488K) : metal3_drw has 5 polygons
2026-08-20 11:12:00 +0000: Memory Usage (134488K) : metal3_filler has 0 polygons
2026-08-20 11:12:00 +0000: Memory Usage (134488K) : metal3_slit has 0 polygons
2026-08-20 11:12:00 +0000: Memory Usage (134488K) : metal3 has 5 polygons
2026-08-20 11:12:00 +0000: Memory Usage (134616K) : metal3_pin has 0 polygons
2026-08-20 11:12:00 +0000: Memory Usage (134616K) : metal3_mask has 0 polygons
2026-08-20 11:12:00 +0000: Memory Usage (134616K) : metal3_nofill has 0 polygons
2026-08-20 11:12:00 +0000: Memory Usage (134616K) : metal3_text has 0 polygons
2026-08-20 11:12:00 +0000: Memory Usage (134744K) : metal3_OPC has 0 polygons
2026-08-20 11:12:00 +0000: Memory Usage (134744K) : metal3_noqrc has 0 polygons
2026-08-20 11:12:00 +0000: Memory Usage (134744K) : metal3_res has 0 polygons
2026-08-20 11:12:00 +0000: Memory Usage (134872K) : metal3_iprobe has 0 polygons
2026-08-20 11:12:00 +0000: Memory Usage (134872K) : metal3_diffprb has 0 polygons
2026-08-20 11:12:00 +0000: Memory Usage (134872K) : nwell_drw has 0 polygons
2026-08-20 11:12:00 +0000: Memory Usage (134872K) : nwell_pin has 0 polygons
2026-08-20 11:12:00 +0000: Memory Usage (134872K) : nwell_text has 0 polygons
2026-08-20 11:12:00 +0000: Memory Usage (134872K) : nbulay_drw has 0 polygons
2026-08-20 11:12:00 +0000: Memory Usage (134872K) : nbulay_pin has 0 polygons
2026-08-20 11:12:00 +0000: Memory Usage (134872K) : nbulay_block has 0 polygons
2026-08-20 11:12:00 +0000: Memory Usage (134872K) : emwind_drw has 0 polygons
2026-08-20 11:12:00 +0000: Memory Usage (134872K) : emwind_OPC has 0 polygons
2026-08-20 11:12:00 +0000: Memory Usage (134872K) : deepco_drw has 0 polygons
2026-08-20 11:12:00 +0000: Memory Usage (134872K) : mim_drw has 1 polygons
2026-08-20 11:12:00 +0000: Memory Usage (134872K) : edgeseal_drw has 0 polygons
2026-08-20 11:12:00 +0000: Memory Usage (134872K) : substrate_drw has 0 polygons
2026-08-20 11:12:00 +0000: Memory Usage (134872K) : substrate_text has 0 polygons
2026-08-20 11:12:00 +0000: Memory Usage (134872K) : dfpad_drw has 0 polygons
2026-08-20 11:12:00 +0000: Memory Usage (135000K) : dfpad_pillar has 0 polygons
2026-08-20 11:12:00 +0000: Memory Usage (135000K) : dfpad_sbump has 0 polygons
2026-08-20 11:12:00 +0000: Memory Usage (135000K) : thickgateox_drw has 0 polygons
2026-08-20 11:12:00 +0000: Memory Usage (135000K) : pldb_drw has 0 polygons
2026-08-20 11:12:00 +0000: Memory Usage (135000K) : pwell_drw has 0 polygons
2026-08-20 11:12:00 +0000: Memory Usage (135000K) : pwell_pin has 0 polygons
2026-08-20 11:12:00 +0000: Memory Usage (135128K) : pwell_block has 0 polygons
2026-08-20 11:12:00 +0000: Memory Usage (135128K) : ic_drw has 0 polygons
2026-08-20 11:12:00 +0000: Memory Usage (135128K) : via3_drw has 0 polygons
2026-08-20 11:12:00 +0000: Memory Usage (135128K) : metal4_drw has 1 polygons
2026-08-20 11:12:00 +0000: Memory Usage (135128K) : metal4_filler has 0 polygons
2026-08-20 11:12:00 +0000: Memory Usage (135256K) : metal4_slit has 0 polygons
2026-08-20 11:12:00 +0000: Memory Usage (135256K) : metal4 has 1 polygons
2026-08-20 11:12:00 +0000: Memory Usage (135256K) : metal4_pin has 0 polygons
2026-08-20 11:12:00 +0000: Memory Usage (135256K) : metal4_mask has 0 polygons
2026-08-20 11:12:00 +0000: Memory Usage (135256K) : metal4_nofill has 0 polygons
2026-08-20 11:12:00 +0000: Memory Usage (135256K) : metal4_text has 0 polygons
2026-08-20 11:12:00 +0000: Memory Usage (135384K) : metal4_OPC has 0 polygons
2026-08-20 11:12:00 +0000: Memory Usage (135384K) : metal4_noqrc has 0 polygons
2026-08-20 11:12:00 +0000: Memory Usage (135384K) : metal4_res has 0 polygons
2026-08-20 11:12:00 +0000: Memory Usage (135384K) : metal4_iprobe has 0 polygons
2026-08-20 11:12:00 +0000: Memory Usage (135384K) : metal4_diffprb has 0 polygons
2026-08-20 11:12:00 +0000: Memory Usage (135384K) : heattrans_drw has 0 polygons
2026-08-20 11:12:00 +0000: Memory Usage (135512K) : heatres_drw has 2 polygons
2026-08-20 11:12:00 +0000: Memory Usage (135512K) : fbe_drw has 0 polygons
2026-08-20 11:12:00 +0000: Memory Usage (135512K) : empoly_drw has 0 polygons
2026-08-20 11:12:00 +0000: Memory Usage (135512K) : digisub_drw has 0 polygons
2026-08-20 11:12:00 +0000: Memory Usage (135640K) : text_drw has 4 polygons
2026-08-20 11:12:00 +0000: Memory Usage (135640K) : via4_drw has 4 polygons
2026-08-20 11:12:00 +0000: Memory Usage (135640K) : metal5_drw has 13 polygons
2026-08-20 11:12:00 +0000: Memory Usage (135768K) : metal5_filler has 0 polygons
2026-08-20 11:12:00 +0000: Memory Usage (135768K) : metal5_slit has 0 polygons
2026-08-20 11:12:00 +0000: Memory Usage (135768K) : metal5 has 13 polygons
2026-08-20 11:12:00 +0000: Memory Usage (135768K) : metal5_pin has 0 polygons
2026-08-20 11:12:00 +0000: Memory Usage (135768K) : metal5_mask has 0 polygons
2026-08-20 11:12:00 +0000: Memory Usage (135768K) : metal5_nofill has 0 polygons
2026-08-20 11:12:00 +0000: Memory Usage (135896K) : metal5_text has 0 polygons
2026-08-20 11:12:00 +0000: Memory Usage (135896K) : metal5_OPC has 0 polygons
2026-08-20 11:12:00 +0000: Memory Usage (135896K) : metal5_noqrc has 0 polygons
2026-08-20 11:12:00 +0000: Memory Usage (135896K) : metal5_res has 0 polygons
2026-08-20 11:12:00 +0000: Memory Usage (135896K) : metal5_iprobe has 0 polygons
2026-08-20 11:12:00 +0000: Memory Usage (135896K) : metal5_diffprb has 0 polygons
2026-08-20 11:12:00 +0000: Memory Usage (136024K) : radhard_drw has 0 polygons
2026-08-20 11:12:00 +0000: Memory Usage (136024K) : memcap_drw has 0 polygons
2026-08-20 11:12:00 +0000: Memory Usage (136024K) : varicap_drw has 0 polygons
2026-08-20 11:12:00 +0000: Memory Usage (136024K) : intbondvia_drw has 0 polygons
2026-08-20 11:12:00 +0000: Memory Usage (136024K) : intbondmet_drw has 0 polygons
2026-08-20 11:12:00 +0000: Memory Usage (136152K) : devbondvia_drw has 0 polygons
2026-08-20 11:12:00 +0000: Memory Usage (136152K) : devbondmet_drw has 0 polygons
2026-08-20 11:12:00 +0000: Memory Usage (136152K) : devtrench_drw has 0 polygons
2026-08-20 11:12:00 +0000: Memory Usage (136152K) : redist_drw has 0 polygons
2026-08-20 11:12:00 +0000: Memory Usage (136152K) : graphbot_drw has 0 polygons
2026-08-20 11:12:00 +0000: Memory Usage (136152K) : graphtop_drw has 0 polygons
2026-08-20 11:12:00 +0000: Memory Usage (136152K) : antvia1_drw has 0 polygons
2026-08-20 11:12:00 +0000: Memory Usage (136280K) : antmetal2_drw has 0 polygons
2026-08-20 11:12:00 +0000: Memory Usage (136280K) : graphcont_drw has 0 polygons
2026-08-20 11:12:00 +0000: Memory Usage (136280K) : siwg_drw has 0 polygons
2026-08-20 11:12:00 +0000: Memory Usage (136280K) : siwg_filler has 0 polygons
2026-08-20 11:12:00 +0000: Memory Usage (136280K) : siwg_nofill has 0 polygons
2026-08-20 11:12:00 +0000: Memory Usage (136280K) : sigrating_drw has 0 polygons
2026-08-20 11:12:00 +0000: Memory Usage (136408K) : singrating_drw has 0 polygons
2026-08-20 11:12:00 +0000: Memory Usage (136408K) : graphpas_drw has 0 polygons
2026-08-20 11:12:00 +0000: Memory Usage (136408K) : emwind3_drw has 0 polygons
2026-08-20 11:12:00 +0000: Memory Usage (136408K) : emwihv3_drw has 0 polygons
2026-08-20 11:12:00 +0000: Memory Usage (136408K) : redbulay_drw has 0 polygons
2026-08-20 11:12:00 +0000: Memory Usage (136408K) : smos_drw has 0 polygons
2026-08-20 11:12:00 +0000: Memory Usage (136536K) : graphpad_drw has 0 polygons
2026-08-20 11:12:00 +0000: Memory Usage (136536K) : polimide_drw has 0 polygons
2026-08-20 11:12:00 +0000: Memory Usage (136536K) : polimide_pin has 0 polygons
2026-08-20 11:12:00 +0000: Memory Usage (136536K) : recog_drw has 0 polygons
2026-08-20 11:12:00 +0000: Memory Usage (136536K) : recog_pin has 0 polygons
2026-08-20 11:12:00 +0000: Memory Usage (136664K) : recog_esd has 0 polygons
2026-08-20 11:12:00 +0000: Memory Usage (136664K) : recog_diode has 0 polygons
2026-08-20 11:12:00 +0000: Memory Usage (136664K) : recog_tsv has 0 polygons
2026-08-20 11:12:00 +0000: Memory Usage (136664K) : recog_iprobe has 0 polygons
2026-08-20 11:12:00 +0000: Memory Usage (136664K) : recog_diffprb has 0 polygons
2026-08-20 11:12:00 +0000: Memory Usage (136664K) : recog_pillar has 0 polygons
2026-08-20 11:12:00 +0000: Memory Usage (136792K) : recog_sbump has 0 polygons
2026-08-20 11:12:00 +0000: Memory Usage (136792K) : recog_otp has 0 polygons
2026-08-20 11:12:00 +0000: Memory Usage (136792K) : recog_pdiode has 0 polygons
2026-08-20 11:12:00 +0000: Memory Usage (136792K) : recog_mom has 0 polygons
2026-08-20 11:12:00 +0000: Memory Usage (136792K) : recog_momf has 0 polygons
2026-08-20 11:12:00 +0000: Memory Usage (136792K) : recog_pcm has 0 polygons
2026-08-20 11:12:00 +0000: Memory Usage (136920K) : colopen_drw has 0 polygons
2026-08-20 11:12:00 +0000: Memory Usage (136920K) : graphmetal1_drw has 0 polygons
2026-08-20 11:12:00 +0000: Memory Usage (136920K) : graphmetal1_filler has 0 polygons
2026-08-20 11:12:00 +0000: Memory Usage (136920K) : graphmetal1_nofill has 0 polygons
2026-08-20 11:12:00 +0000: Memory Usage (136920K) : graphmetal1_slit has 0 polygons
2026-08-20 11:12:00 +0000: Memory Usage (136920K) : graphmetal1_OPC has 0 polygons
2026-08-20 11:12:00 +0000: Memory Usage (137048K) : graphmet1l_drw has 0 polygons
2026-08-20 11:12:00 +0000: Memory Usage (137048K) : graphmet1l_filler has 0 polygons
2026-08-20 11:12:00 +0000: Memory Usage (137048K) : graphmet1l_nofill has 0 polygons
2026-08-20 11:12:00 +0000: Memory Usage (137048K) : graphmet1l_slit has 0 polygons
2026-08-20 11:12:00 +0000: Memory Usage (137048K) : graphmet1l_OPC has 0 polygons
2026-08-20 11:12:00 +0000: Memory Usage (137176K) : extblock_drw has 6 polygons
2026-08-20 11:12:00 +0000: Memory Usage (137176K) : nldd_drw has 0 polygons
2026-08-20 11:12:00 +0000: Memory Usage (137176K) : pldd_drw has 0 polygons
2026-08-20 11:12:00 +0000: Memory Usage (137176K) : next_drw has 0 polygons
2026-08-20 11:12:00 +0000: Memory Usage (137176K) : pext_drw has 0 polygons
2026-08-20 11:12:00 +0000: Memory Usage (137304K) : nexthv_drw has 0 polygons
2026-08-20 11:12:00 +0000: Memory Usage (137304K) : pexthv_drw has 0 polygons
2026-08-20 11:12:00 +0000: Memory Usage (137304K) : graphgate_drw has 0 polygons
2026-08-20 11:12:00 +0000: Memory Usage (137304K) : sinwg_drw has 0 polygons
2026-08-20 11:12:00 +0000: Memory Usage (137304K) : sinwg_filler has 0 polygons
2026-08-20 11:12:00 +0000: Memory Usage (137432K) : sinwg_nofill has 0 polygons
2026-08-20 11:12:00 +0000: Memory Usage (137432K) : mempad_drw has 0 polygons
2026-08-20 11:12:00 +0000: Memory Usage (137432K) : topvia1_drw has 2 polygons
2026-08-20 11:12:00 +0000: Memory Usage (137432K) : topmetal1_drw has 3 polygons
2026-08-20 11:12:00 +0000: Memory Usage (137432K) : topmetal1_filler has 0 polygons
2026-08-20 11:12:00 +0000: Memory Usage (137432K) : topmetal1_slit has 0 polygons
2026-08-20 11:12:00 +0000: Memory Usage (137560K) : topmetal1 has 3 polygons
2026-08-20 11:12:00 +0000: Memory Usage (137560K) : topmetal1_pin has 0 polygons
2026-08-20 11:12:00 +0000: Memory Usage (137560K) : topmetal1_mask has 0 polygons
2026-08-20 11:12:00 +0000: Memory Usage (137560K) : topmetal1_nofill has 0 polygons
2026-08-20 11:12:00 +0000: Memory Usage (137560K) : topmetal1_text has 0 polygons
2026-08-20 11:12:00 +0000: Memory Usage (137560K) : topmetal1_noqrc has 0 polygons
2026-08-20 11:12:00 +0000: Memory Usage (137688K) : topmetal1_res has 0 polygons
2026-08-20 11:12:00 +0000: Memory Usage (137688K) : topmetal1_iprobe has 0 polygons
2026-08-20 11:12:00 +0000: Memory Usage (137688K) : topmetal1_diffprb has 0 polygons
2026-08-20 11:12:00 +0000: Memory Usage (137688K) : inldpwl_drw has 0 polygons
2026-08-20 11:12:00 +0000: Memory Usage (137688K) : polyres_drw has 2 polygons
2026-08-20 11:12:00 +0000: Memory Usage (137816K) : polyres_pin has 0 polygons
2026-08-20 11:12:00 +0000: Memory Usage (137816K) : vmim_drw has 225 polygons
2026-08-20 11:12:00 +0000: Memory Usage (137816K) : nbulaycut_drw has 0 polygons
2026-08-20 11:12:00 +0000: Memory Usage (137816K) : antmetal1_drw has 0 polygons
2026-08-20 11:12:00 +0000: Memory Usage (137944K) : topvia2_drw has 2 polygons
2026-08-20 11:12:00 +0000: Memory Usage (137944K) : topmetal2_drw has 2 polygons
2026-08-20 11:12:00 +0000: Memory Usage (137944K) : topmetal2_filler has 0 polygons
2026-08-20 11:12:00 +0000: Memory Usage (137944K) : topmetal2_slit has 0 polygons
2026-08-20 11:12:00 +0000: Memory Usage (138072K) : topmetal2 has 2 polygons
2026-08-20 11:12:00 +0000: Memory Usage (138072K) : topmetal2_pin has 0 polygons
2026-08-20 11:12:00 +0000: Memory Usage (138072K) : topmetal2_mask has 0 polygons
2026-08-20 11:12:00 +0000: Memory Usage (138072K) : topmetal2_nofill has 0 polygons
2026-08-20 11:12:00 +0000: Memory Usage (138072K) : topmetal2_text has 0 polygons
2026-08-20 11:12:00 +0000: Memory Usage (138200K) : topmetal2_noqrc has 0 polygons
2026-08-20 11:12:00 +0000: Memory Usage (138200K) : topmetal2_res has 0 polygons
2026-08-20 11:12:00 +0000: Memory Usage (138328K) : topmetal2_iprobe has 0 polygons
2026-08-20 11:12:00 +0000: Memory Usage (138328K) : topmetal2_diffprb has 0 polygons
2026-08-20 11:12:00 +0000: Memory Usage (138328K) : snsring_drw has 0 polygons
2026-08-20 11:12:00 +0000: Memory Usage (138456K) : sensor_drw has 0 polygons
2026-08-20 11:12:00 +0000: Memory Usage (138456K) : snsarms_drw has 0 polygons
2026-08-20 11:12:00 +0000: Memory Usage (138456K) : snscmosvia_drw has 0 polygons
2026-08-20 11:12:00 +0000: Memory Usage (138456K) : colwind_drw has 0 polygons
2026-08-20 11:12:00 +0000: Memory Usage (138584K) : flm_drw has 0 polygons
2026-08-20 11:12:00 +0000: Memory Usage (138584K) : hafniumox_drw has 0 polygons
2026-08-20 11:12:00 +0000: Memory Usage (138584K) : memvia_drw has 0 polygons
2026-08-20 11:12:00 +0000: Memory Usage (138584K) : thinfilmres_drw has 0 polygons
2026-08-20 11:12:00 +0000: Memory Usage (138712K) : rfmem_drw has 0 polygons
2026-08-20 11:12:00 +0000: Memory Usage (138712K) : norcx_drw has 0 polygons
2026-08-20 11:12:00 +0000: Memory Usage (138712K) : norcx_m2m3 has 0 polygons
2026-08-20 11:12:00 +0000: Memory Usage (138712K) : norcx_m2m4 has 0 polygons
2026-08-20 11:12:00 +0000: Memory Usage (138840K) : norcx_m2m5 has 0 polygons
2026-08-20 11:12:00 +0000: Memory Usage (138840K) : norcx_m2tm1 has 0 polygons
2026-08-20 11:12:00 +0000: Memory Usage (138968K) : norcx_m2tm2 has 0 polygons
2026-08-20 11:12:00 +0000: Memory Usage (138968K) : norcx_m3m4 has 0 polygons
2026-08-20 11:12:00 +0000: Memory Usage (138968K) : norcx_m3m5 has 0 polygons
2026-08-20 11:12:00 +0000: Memory Usage (138968K) : norcx_m3tm1 has 0 polygons
2026-08-20 11:12:00 +0000: Memory Usage (139096K) : norcx_m3tm2 has 0 polygons
2026-08-20 11:12:00 +0000: Memory Usage (139096K) : norcx_m4m5 has 0 polygons
2026-08-20 11:12:00 +0000: Memory Usage (139096K) : norcx_m4tm1 has 0 polygons
2026-08-20 11:12:00 +0000: Memory Usage (139096K) : norcx_m4tm2 has 0 polygons
2026-08-20 11:12:00 +0000: Memory Usage (139096K) : norcx_m5tm1 has 0 polygons
2026-08-20 11:12:00 +0000: Memory Usage (139096K) : norcx_m5tm2 has 0 polygons
2026-08-20 11:12:00 +0000: Memory Usage (139096K) : norcx_tm1tm2 has 0 polygons
2026-08-20 11:12:00 +0000: Memory Usage (139096K) : norcx_m1sub has 0 polygons
2026-08-20 11:12:00 +0000: Memory Usage (139096K) : norcx_m2sub has 0 polygons
2026-08-20 11:12:00 +0000: Memory Usage (139096K) : norcx_m3sub has 0 polygons
2026-08-20 11:12:00 +0000: Memory Usage (139096K) : norcx_m4sub has 0 polygons
2026-08-20 11:12:00 +0000: Memory Usage (139096K) : norcx_m5sub has 0 polygons
2026-08-20 11:12:00 +0000: Memory Usage (139096K) : norcx_tm1sub has 0 polygons
2026-08-20 11:12:00 +0000: Memory Usage (139096K) : norcx_tm2sub has 0 polygons
2026-08-20 11:12:00 +0000: Memory Usage (139096K) : snsbotvia_drw has 0 polygons
2026-08-20 11:12:00 +0000: Memory Usage (139096K) : snstopvia_drw has 0 polygons
2026-08-20 11:12:00 +0000: Memory Usage (139096K) : deepvia_drw has 0 polygons
2026-08-20 11:12:00 +0000: Memory Usage (139096K) : fgetch_drw has 0 polygons
2026-08-20 11:12:00 +0000: Memory Usage (139096K) : ctrgat_drw has 0 polygons
2026-08-20 11:12:00 +0000: Memory Usage (139096K) : fgimp_drw has 0 polygons
2026-08-20 11:12:00 +0000: Memory Usage (139096K) : emwihv_drw has 0 polygons
2026-08-20 11:12:00 +0000: Memory Usage (139096K) : lbe_drw has 0 polygons
2026-08-20 11:12:00 +0000: Memory Usage (139096K) : alcustop_drw has 0 polygons
2026-08-20 11:12:00 +0000: Memory Usage (139096K) : nometfiller_drw has 0 polygons
2026-08-20 11:12:00 +0000: Memory Usage (139096K) : prboundary_drw has 0 polygons
2026-08-20 11:12:00 +0000: Memory Usage (139096K) : exchange0_drw has 0 polygons
2026-08-20 11:12:00 +0000: Memory Usage (139096K) : exchange0_pin has 0 polygons
2026-08-20 11:12:00 +0000: Memory Usage (139096K) : exchange0_text has 0 polygons
2026-08-20 11:12:00 +0000: Memory Usage (139096K) : exchange1_drw has 0 polygons
2026-08-20 11:12:00 +0000: Memory Usage (139096K) : exchange1_pin has 0 polygons
2026-08-20 11:12:00 +0000: Memory Usage (139096K) : exchange1_text has 0 polygons
2026-08-20 11:12:00 +0000: Memory Usage (139096K) : exchange2_drw has 0 polygons
2026-08-20 11:12:00 +0000: Memory Usage (139096K) : exchange2_pin has 0 polygons
2026-08-20 11:12:00 +0000: Memory Usage (139096K) : exchange2_text has 0 polygons
2026-08-20 11:12:00 +0000: Memory Usage (139096K) : exchange3_drw has 0 polygons
2026-08-20 11:12:00 +0000: Memory Usage (139096K) : exchange3_pin has 0 polygons
2026-08-20 11:12:00 +0000: Memory Usage (139096K) : exchange3_text has 0 polygons
2026-08-20 11:12:00 +0000: Memory Usage (139096K) : exchange4_drw has 0 polygons
2026-08-20 11:12:00 +0000: Memory Usage (139096K) : exchange4_pin has 0 polygons
2026-08-20 11:12:00 +0000: Memory Usage (139096K) : exchange4_text has 0 polygons
2026-08-20 11:12:00 +0000: Memory Usage (139096K) : isonwell_drw has 0 polygons
2026-08-20 11:12:00 +0000: Memory Usage (139096K) : Total no. of polygons in the design is 320
2026-08-20 11:12:00 +0000: Memory Usage (139096K) : Starting base layers derivations
2026-08-20 11:12:00 +0000: Memory Usage (139096K) : Starting general LVS derivations
2026-08-20 11:12:00 +0000: Memory Usage (141556K) : Starting MOSFET DERIVATIONS
2026-08-20 11:12:00 +0000: Memory Usage (141684K) : Starting NMOS DERIVATIONS
2026-08-20 11:12:00 +0000: Memory Usage (141684K) : Starting PMOS DERIVATIONS
2026-08-20 11:12:00 +0000: Memory Usage (141684K) : Starting RF-MOSFET DERIVATIONS
2026-08-20 11:12:00 +0000: Memory Usage (141684K) : Starting RF-NMOS DERIVATIONS
2026-08-20 11:12:00 +0000: Memory Usage (141684K) : Starting RF-PMOS DERIVATIONS
2026-08-20 11:12:00 +0000: Memory Usage (141684K) : Starting BJT DERIVATIONS
2026-08-20 11:12:00 +0000: Memory Usage (141684K) : Starting NPN-BJT DERIVATIONS
2026-08-20 11:12:00 +0000: Memory Usage (141684K) : Starting PNP-BJT DERIVATIONS
2026-08-20 11:12:01 +0000: Memory Usage (141684K) : Starting DIODE DERIVATIONS
2026-08-20 11:12:01 +0000: Memory Usage (141684K) : Starting RESISTOR DERIVATIONS
2026-08-20 11:12:01 +0000: Memory Usage (142580K) : Starting CAP DERIVATIONS
2026-08-20 11:12:01 +0000: Memory Usage (142708K) : Starting CAP_CMOM DERIVATIONS
2026-08-20 11:12:01 +0000: Memory Usage (142708K) : Starting CAP_CMOMF DERIVATIONS
2026-08-20 11:12:01 +0000: Memory Usage (142708K) : Starting ESD DERIVATIONS
2026-08-20 11:12:01 +0000: Memory Usage (142708K) : Starting Inductor DERIVATIONS
2026-08-20 11:12:01 +0000: Memory Usage (142708K) : Starting Taps DERIVATIONS
2026-08-20 11:12:01 +0000: Memory Usage (142708K) : Starting SG13G2 LVS connectivity setup
2026-08-20 11:12:01 +0000: Memory Usage (142708K) : Starting SG13G2 LVS connectivity setup (Inter-layer)
2026-08-20 11:12:01 +0000: Memory Usage (142836K) : Starting SG13G2 LVS connectivity setup (Global)
2026-08-20 11:12:01 +0000: Memory Usage (142836K) : Starting LVS MOSFET CONNECTIONS
2026-08-20 11:12:01 +0000: Memory Usage (142836K) : Starting LVS RF-MOSFET CONNECTIONS
2026-08-20 11:12:01 +0000: Memory Usage (142836K) : Starting LVS BJT CONNECTIONS
2026-08-20 11:12:01 +0000: Memory Usage (142836K) : Starting LVS DIODE CONNECTIONS
2026-08-20 11:12:01 +0000: Memory Usage (142836K) : Starting RESISTOR CONNECTIONS
2026-08-20 11:12:01 +0000: Memory Usage (142836K) : Starting LVS CAP CONNECTIONS
2026-08-20 11:12:01 +0000: Memory Usage (142836K) : Starting CAP_CMOM CONNECTIONS
2026-08-20 11:12:01 +0000: Memory Usage (142836K) : Starting CAP_CMOMF CONNECTIONS
2026-08-20 11:12:01 +0000: Memory Usage (142836K) : Starting ESD CONNECTIONS
2026-08-20 11:12:01 +0000: Memory Usage (142836K) : Starting Inductor CONNECTIONS
2026-08-20 11:12:01 +0000: Memory Usage (142836K) : Starting LVS Taps CONNECTIONS
2026-08-20 11:12:01 +0000: Memory Usage (142836K) : Starting SG13G2 LVS DEVICES EXTRACTION
2026-08-20 11:12:01 +0000: Memory Usage (142836K) : Starting MOSFET EXTRACTION
2026-08-20 11:12:01 +0000: Memory Usage (142836K) : Starting NMOS EXTRACTION
2026-08-20 11:12:01 +0000: Memory Usage (142836K) : Extraction of NMOS-LV transistor
2026-08-20 11:12:01 +0000: Memory Usage (142964K) : Extraction of NMOS-HV transistor
2026-08-20 11:12:01 +0000: Memory Usage (142964K) : Starting PMOS EXTRACTION
2026-08-20 11:12:01 +0000: Memory Usage (142964K) : Extraction of PMOS-LV transistor
2026-08-20 11:12:01 +0000: Memory Usage (142964K) : Extraction of PMOS-HV transistor
2026-08-20 11:12:01 +0000: Memory Usage (142964K) : Starting RF-MOSFET EXTRACTION
2026-08-20 11:12:01 +0000: Memory Usage (142964K) : Extraction of RF-NMOS-LV transistor
2026-08-20 11:12:01 +0000: Memory Usage (142964K) : Extraction of RF-NMOS-HV transistor
2026-08-20 11:12:01 +0000: Memory Usage (142964K) : Extraction of RF-PMOS-LV transistor
2026-08-20 11:12:01 +0000: Memory Usage (142964K) : Extraction of RF-PMOS-HV transistor
2026-08-20 11:12:01 +0000: Memory Usage (142964K) : Starting BJT EXTRACTION
2026-08-20 11:12:01 +0000: Memory Usage (142964K) : Starting NPN-BJT EXTRACTION
2026-08-20 11:12:01 +0000: Memory Usage (142964K) : Extraction of npn13G2 BJT transistor
2026-08-20 11:12:01 +0000: Memory Usage (142964K) : Extraction of npn13G2L BJT transistor
2026-08-20 11:12:01 +0000: Memory Usage (142964K) : Extraction of npn13G2V BJT transistor
2026-08-20 11:12:01 +0000: Memory Usage (142964K) : Starting PNP-BJT EXTRACTION
2026-08-20 11:12:01 +0000: Memory Usage (142964K) : Extracting pnpMPA BJT
2026-08-20 11:12:01 +0000: Memory Usage (142964K) : Starting DIODE EXTRACTION
2026-08-20 11:12:01 +0000: Memory Usage (142964K) : Extracting dantenna diode
2026-08-20 11:12:01 +0000: Memory Usage (142964K) : Extracting dpantenna diode
2026-08-20 11:12:01 +0000: Memory Usage (142964K) : Extracting schottky_nbl1 diode
2026-08-20 11:12:01 +0000: Memory Usage (142964K) : Extracting isolbox diode
2026-08-20 11:12:01 +0000: Memory Usage (142964K) : Starting RESISTOR EXTRACTION
2026-08-20 11:12:01 +0000: Memory Usage (142964K) : Extracting rsil resistor
2026-08-20 11:12:01 +0000: Memory Usage (142964K) : Extracting rppd resistor
2026-08-20 11:12:01 +0000: Memory Usage (143220K) : Extracting rhigh resistor
2026-08-20 11:12:01 +0000: Memory Usage (143220K) : Extracting res_metal1 resistor
2026-08-20 11:12:01 +0000: Memory Usage (143348K) : Extracting res_metal2 resistor
2026-08-20 11:12:01 +0000: Memory Usage (143348K) : Extracting res_metal3 resistor
2026-08-20 11:12:01 +0000: Memory Usage (143348K) : Extracting res_metal4 resistor
2026-08-20 11:12:01 +0000: Memory Usage (143348K) : Extracting res_metal5 resistor
2026-08-20 11:12:01 +0000: Memory Usage (143348K) : Extracting res_topmetal1 resistor
2026-08-20 11:12:01 +0000: Memory Usage (143348K) : Extracting res_topmetal2 resistor
2026-08-20 11:12:01 +0000: Memory Usage (143348K) : Starting CAP EXTRACTION
2026-08-20 11:12:01 +0000: Memory Usage (143348K) : Extracting cap_cmim device
2026-08-20 11:12:01 +0000: Memory Usage (143348K) : Extracting rfcmim device
2026-08-20 11:12:01 +0000: Memory Usage (143348K) : Extracting sg13_hv_svaricap varactor
2026-08-20 11:12:01 +0000: Memory Usage (143348K) : Extracting cap_cmomi device
2026-08-20 11:12:01 +0000: Memory Usage (143348K) : Extracting cap_cmomf device
2026-08-20 11:12:01 +0000: Memory Usage (143348K) : Extracting sg13_moscap_n capacitor
2026-08-20 11:12:01 +0000: Memory Usage (143348K) : Extracting sg13_moscap_p capacitor
2026-08-20 11:12:01 +0000: Memory Usage (143348K) : Starting ESD EXTRACTION
2026-08-20 11:12:01 +0000: Memory Usage (143348K) : Extracting diodevdd_2kv ESD device
2026-08-20 11:12:01 +0000: Memory Usage (143348K) : Extracting diodevdd_4kv ESD device
2026-08-20 11:12:01 +0000: Memory Usage (143348K) : Extracting diodevss_2kv ESD device
2026-08-20 11:12:01 +0000: Memory Usage (143348K) : Extracting diodevss_4kv ESD device
2026-08-20 11:12:01 +0000: Memory Usage (143348K) : Extracting idiodevdd_2kv ESD device
2026-08-20 11:12:01 +0000: Memory Usage (143348K) : Extracting idiodevdd_4kv ESD device
2026-08-20 11:12:01 +0000: Memory Usage (143348K) : Extracting idiodevss_2kv ESD device
2026-08-20 11:12:01 +0000: Memory Usage (143348K) : Extracting idiodevss_4kv ESD device
2026-08-20 11:12:01 +0000: Memory Usage (143348K) : Extracting nmoscl_2 ESD device
2026-08-20 11:12:01 +0000: Memory Usage (143348K) : Extracting nmoscl_4 ESD device
2026-08-20 11:12:01 +0000: Memory Usage (143348K) : Starting Inductor EXTRACTION
2026-08-20 11:12:01 +0000: Memory Usage (143348K) : Extracting Inductor2 device
2026-08-20 11:12:01 +0000: Memory Usage (143348K) : Extracting Inductor3 device
2026-08-20 11:12:01 +0000: Memory Usage (143348K) : Starting Taps EXTRACTION
2026-08-20 11:12:01 +0000: Memory Usage (143348K) : Extracting ntap1 device
2026-08-20 11:12:01 +0000: Memory Usage (143348K) : Extracting ptap1 device
2026-08-20 11:12:01 +0000: Memory Usage (143348K) : Starting SG13G2 LVS RF MOS Model Mapping
2026-08-20 11:12:01 +0000: Memory Usage (143348K) : [layout_netlist] Apply RF MOS model mapping and rfmode parameter.
2026-08-20 11:12:01 +0000: Memory Usage (143348K) : Starting SG13G2 LVS Options Preparations
2026-08-20 11:12:01 +0000: Memory Usage (143348K) : SG13G2 LVS flow: extraction -> alignment -> option preparation -> comparison.
2026-08-20 11:12:01 +0000: Memory Usage (143348K) : Starting SG13G2 LVS Alignment
2026-08-20 11:12:01 +0000: Memory Usage (143348K) : Starting SG13G2 LVS Simplification
2026-08-20 11:12:01 +0000: Memory Usage (143348K) : [layout_netlist] simplify: ENABLED
2026-08-20 11:12:01 +0000: Memory Usage (143348K) : [layout_netlist] make_top_level_pins: SKIPPED
2026-08-20 11:12:01 +0000: Memory Usage (143348K) : [layout_netlist] combine_devices: SKIPPED
2026-08-20 11:12:01 +0000: Memory Usage (143348K) : [layout_netlist] purge: SKIPPED
2026-08-20 11:12:01 +0000: Memory Usage (143348K) : [layout_netlist] purge_nets: SKIPPED
2026-08-20 11:12:01 +0000: Memory Usage (143348K) : [schematic_netlist] simplify: ENABLED
2026-08-20 11:12:01 +0000: Memory Usage (143348K) : [schematic_netlist] make_top_level_pins: SKIPPED
2026-08-20 11:12:01 +0000: Memory Usage (143348K) : [schematic_netlist] combine_devices: SKIPPED
2026-08-20 11:12:01 +0000: Memory Usage (143348K) : [schematic_netlist] purge: SKIPPED
2026-08-20 11:12:01 +0000: Memory Usage (143348K) : [schematic_netlist] purge_nets: SKIPPED
2026-08-20 11:12:01 +0000: Memory Usage (143348K) : Starting SG13G2 LVS Comparison
2026-08-20 11:12:01 +0000: Memory Usage (143476K) : xxxxxxxxxxxxxxxxxxxxxxxxxxxxxxxxxxxxxxxxxx
2026-08-20 11:12:01 +0000: Memory Usage (143476K) : ERROR : Netlists don't match
2026-08-20 11:12:01 +0000: Memory Usage (143476K) : xxxxxxxxxxxxxxxxxxxxxxxxxxxxxxxxxxxxxxxxxx
2026-08-20 11:12:01 +0000: Memory Usage (143476K) : LVS Total Run time 0.403691 seconds

--- stderr ---
20-Aug-2026 11:12:00 | INFO    | Your Klayout version is: KLayout 0.30.5 (required >= 0.30.5)
20-Aug-2026 11:12:00 | INFO    | Running SG13G2 LVS checks on design /workspace/layout/blocks/out/term_stage/_cmim_probe/div_m5stub_m3.gds on cell probe
20-Aug-2026 11:12:01 | INFO    | ==============================================================================
20-Aug-2026 11:12:01 | INFO    | Important Summary
20-Aug-2026 11:12:01 | INFO    | +------------------+-------------------------------------------------------------------+
20-Aug-2026 11:12:01 | INFO    | | Status           | FAIL                                                              |
20-Aug-2026 11:12:01 | INFO    | | Mode             | COMPARE                                                           |
20-Aug-2026 11:12:01 | INFO    | | Outcome          | Comparison mode: FAIL (netlists do not match).                    |
20-Aug-2026 11:12:01 | INFO    | | Layout           | div_m5stub_m3.gds                                                 |
20-Aug-2026 11:12:01 | INFO    | | Top Cell         | probe                                                             |
20-Aug-2026 11:12:01 | INFO    | | Results Dir      | /workspace/layout/blocks/out/term_stage/_cmim_probe/lvs_m5stub_m3 |
20-Aug-2026 11:12:01 | INFO    | | Warnings         | 0                                                                 |
20-Aug-2026 11:12:01 | INFO    | | Errors           | 1                                                                 |
20-Aug-2026 11:12:01 | INFO    | | Run Time (s)     | 0.692                                                             |
20-Aug-2026 11:12:01 | INFO    | +------------------+-------------------------------------------------------------------+
20-Aug-2026 11:12:01 | ERROR   | Key errors:
20-Aug-2026 11:12:01 | ERROR   |   - 2026-08-20 11:12:01 +0000: Memory Usage (143476K) : ERROR : Netlists don't match
20-Aug-2026 11:12:01 | INFO    | ==============================================================================

