$ /home/ubuntu/.local/share/ihp-eda/venv/bin/python /home/ubuntu/.local/share/ihp-eda/IHP-Open-PDK/ihp-sg13g2/libs.tech/klayout/tech/lvs/run_lvs.py --layout=/workspace/layout/blocks/out/driver_stage/probe12/driver_dut.gds --netlist=/workspace/layout/blocks/out/driver_stage/probe12/t.cdl --run_dir=/workspace/layout/blocks/out/driver_stage/probe12/lvs --run_mode=deep --topcell=driver_dut --implicit_nets=sub,sub! --ignore_top_ports_mismatch --disable_tap_extraction

--- stdout ---
2026-08-20 16:51:18 +0000: Memory Usage (128744K) : Starting running SG13G2 Klayout LVS runset on /workspace/layout/blocks/out/driver_stage/probe12/driver_dut.gds
2026-08-20 16:51:18 +0000: Memory Usage (128744K) : Ruby Version for klayout: 3.2.3
2026-08-20 16:51:18 +0000: Memory Usage (130084K) : Loading database to memory is complete.
2026-08-20 16:51:18 +0000: Memory Usage (130084K) : SG13G2 Klayout LVS runset output at: /workspace/layout/blocks/out/driver_stage/probe12/lvs/driver_dut.lvsdb
2026-08-20 16:51:18 +0000: Memory Usage (130084K) : Evaluate switches.
2026-08-20 16:51:18 +0000: Memory Usage (130084K) : Extracted netlist with net names: true
2026-08-20 16:51:18 +0000: Memory Usage (130084K) : Extracted netlist with comments in details: false
2026-08-20 16:51:18 +0000: Memory Usage (130084K) : Selected NET_ONLY option: false
2026-08-20 16:51:18 +0000: Memory Usage (130084K) : Selected LAYOUT_NETLIST option: (none)
2026-08-20 16:51:18 +0000: Memory Usage (130084K) : Selected IGNORE_TOP_PORTS_MISMATCH option: true
2026-08-20 16:51:18 +0000: Memory Usage (130084K) : Selected IMPLICIT_NETS option: sub,sub!
2026-08-20 16:51:18 +0000: Memory Usage (130084K) : Selected TOP_LVL_PINS option: false
2026-08-20 16:51:18 +0000: Memory Usage (130084K) : Selected COMBINE DEVICES option: false
2026-08-20 16:51:18 +0000: Memory Usage (130084K) : Selected PURGE option: false
2026-08-20 16:51:18 +0000: Memory Usage (130084K) : Selected PURGE_NETS option: false
2026-08-20 16:51:18 +0000: Memory Usage (130084K) : Selected SIMPLIFY option: true
2026-08-20 16:51:18 +0000: Memory Usage (130084K) : Selected SERIES_RES option: true
2026-08-20 16:51:18 +0000: Memory Usage (130084K) : Selected PARALLEL_RES option: true
2026-08-20 16:51:18 +0000: Memory Usage (130084K) : Selected DISABLE_TAP_EXTRACTION option: true
2026-08-20 16:51:18 +0000: Memory Usage (130084K) : deep  mode is enabled.
2026-08-20 16:51:18 +0000: Memory Usage (130084K) : Applying implicit connections (case-sensitive, pattern supported) for nets: sub, sub!
2026-08-20 16:51:18 +0000: Memory Usage (131328K) : Netlist file: /workspace/layout/blocks/out/driver_stage/probe12/t.cdl
2026-08-20 16:51:18 +0000: Memory Usage (131328K) : LVS extracted netlist at: /workspace/layout/blocks/out/driver_stage/probe12/lvs/driver_dut_extracted.cir
2026-08-20 16:51:18 +0000: Memory Usage (131328K) : Applying SRAM integration support.
2026-08-20 16:51:18 +0000: Memory Usage (131328K) : Starting SG13G2 LVS runset
2026-08-20 16:51:18 +0000: Memory Usage (131328K) : Read in polygons from layers.
2026-08-20 16:51:18 +0000: Memory Usage (132372K) : activ_drw has 899 polygons
2026-08-20 16:51:18 +0000: Memory Usage (132372K) : activ_filler has 0 polygons
2026-08-20 16:51:18 +0000: Memory Usage (132500K) : activ has 899 polygons
2026-08-20 16:51:18 +0000: Memory Usage (132556K) : activ_pin has 0 polygons
2026-08-20 16:51:18 +0000: Memory Usage (133068K) : activ_mask has 4 polygons
2026-08-20 16:51:18 +0000: Memory Usage (133068K) : activ_nofill has 2 polygons
2026-08-20 16:51:18 +0000: Memory Usage (133068K) : activ_OPC has 0 polygons
2026-08-20 16:51:18 +0000: Memory Usage (133068K) : activ_iOPC has 0 polygons
2026-08-20 16:51:18 +0000: Memory Usage (133068K) : activ_noqrc has 0 polygons
2026-08-20 16:51:18 +0000: Memory Usage (133068K) : biwind_drw has 0 polygons
2026-08-20 16:51:18 +0000: Memory Usage (133068K) : biwind_OPC has 0 polygons
2026-08-20 16:51:18 +0000: Memory Usage (133068K) : gatpoly_drw has 140 polygons
2026-08-20 16:51:18 +0000: Memory Usage (133068K) : gatpoly_filler has 0 polygons
2026-08-20 16:51:18 +0000: Memory Usage (133068K) : gatpoly has 140 polygons
2026-08-20 16:51:18 +0000: Memory Usage (133068K) : gatpoly_pin has 119 polygons
2026-08-20 16:51:18 +0000: Memory Usage (133068K) : gatpoly_nofill has 2 polygons
2026-08-20 16:51:18 +0000: Memory Usage (133068K) : gatpoly_OPC has 0 polygons
2026-08-20 16:51:18 +0000: Memory Usage (133068K) : gatpoly_iOPC has 0 polygons
2026-08-20 16:51:18 +0000: Memory Usage (133068K) : gatpoly_noqrc has 0 polygons
2026-08-20 16:51:18 +0000: Memory Usage (133196K) : cont_drw has 14577 polygons
2026-08-20 16:51:18 +0000: Memory Usage (133196K) : cont_OPC has 0 polygons
2026-08-20 16:51:18 +0000: Memory Usage (133196K) : nsd_drw has 0 polygons
2026-08-20 16:51:18 +0000: Memory Usage (133324K) : nsd_block has 4 polygons
2026-08-20 16:51:18 +0000: Memory Usage (133324K) : metal1_drw has 1558 polygons
2026-08-20 16:51:18 +0000: Memory Usage (133324K) : metal1_filler has 0 polygons
2026-08-20 16:51:18 +0000: Memory Usage (133452K) : metal1_slit has 0 polygons
2026-08-20 16:51:18 +0000: Memory Usage (133452K) : metal1 has 1558 polygons
2026-08-20 16:51:18 +0000: Memory Usage (133580K) : metal1_pin has 750 polygons
2026-08-20 16:51:18 +0000: Memory Usage (133580K) : metal1_mask has 0 polygons
2026-08-20 16:51:18 +0000: Memory Usage (133708K) : metal1_nofill has 2 polygons
2026-08-20 16:51:18 +0000: Memory Usage (133964K) : metal1_text has 5 polygons
2026-08-20 16:51:18 +0000: Memory Usage (133964K) : metal1_OPC has 0 polygons
2026-08-20 16:51:18 +0000: Memory Usage (134092K) : metal1_noqrc has 0 polygons
2026-08-20 16:51:18 +0000: Memory Usage (134092K) : metal1_res has 0 polygons
2026-08-20 16:51:18 +0000: Memory Usage (134092K) : metal1_iprobe has 0 polygons
2026-08-20 16:51:18 +0000: Memory Usage (134092K) : metal1_diffprb has 0 polygons
2026-08-20 16:51:18 +0000: Memory Usage (134220K) : passiv_drw has 2 polygons
2026-08-20 16:51:18 +0000: Memory Usage (134220K) : passiv_pin has 0 polygons
2026-08-20 16:51:18 +0000: Memory Usage (134220K) : passiv_sbump has 0 polygons
2026-08-20 16:51:18 +0000: Memory Usage (134220K) : passiv_pillar has 0 polygons
2026-08-20 16:51:18 +0000: Memory Usage (134348K) : passiv_pdl has 0 polygons
2026-08-20 16:51:18 +0000: Memory Usage (134348K) : metal2_drw has 568 polygons
2026-08-20 16:51:18 +0000: Memory Usage (134348K) : metal2_filler has 0 polygons
2026-08-20 16:51:18 +0000: Memory Usage (134476K) : metal2_slit has 0 polygons
2026-08-20 16:51:18 +0000: Memory Usage (134476K) : metal2 has 568 polygons
2026-08-20 16:51:18 +0000: Memory Usage (134476K) : metal2_pin has 10 polygons
2026-08-20 16:51:18 +0000: Memory Usage (134476K) : metal2_mask has 0 polygons
2026-08-20 16:51:18 +0000: Memory Usage (134604K) : metal2_nofill has 2 polygons
2026-08-20 16:51:18 +0000: Memory Usage (134604K) : metal2_text has 3 polygons
2026-08-20 16:51:18 +0000: Memory Usage (134604K) : metal2_OPC has 0 polygons
2026-08-20 16:51:18 +0000: Memory Usage (134604K) : metal2_noqrc has 0 polygons
2026-08-20 16:51:18 +0000: Memory Usage (134732K) : metal2_res has 0 polygons
2026-08-20 16:51:18 +0000: Memory Usage (134732K) : metal2_iprobe has 0 polygons
2026-08-20 16:51:18 +0000: Memory Usage (134732K) : metal2_diffprb has 0 polygons
2026-08-20 16:51:18 +0000: Memory Usage (134732K) : baspoly_drw has 0 polygons
2026-08-20 16:51:18 +0000: Memory Usage (134860K) : baspoly_pin has 0 polygons
2026-08-20 16:51:18 +0000: Memory Usage (134860K) : psd_drw has 515 polygons
2026-08-20 16:51:18 +0000: Memory Usage (134860K) : nldb_drw has 0 polygons
2026-08-20 16:51:18 +0000: Memory Usage (134860K) : digibnd_drw has 0 polygons
2026-08-20 16:51:18 +0000: Memory Usage (134988K) : via1_drw has 7650 polygons
2026-08-20 16:51:18 +0000: Memory Usage (134988K) : backmetal1_drw has 0 polygons
2026-08-20 16:51:18 +0000: Memory Usage (134988K) : backmetal1_pin has 0 polygons
2026-08-20 16:51:18 +0000: Memory Usage (135116K) : backmetal1_mask has 0 polygons
2026-08-20 16:51:18 +0000: Memory Usage (135116K) : backmetal1_filler has 0 polygons
2026-08-20 16:51:18 +0000: Memory Usage (135116K) : backmetal1_nofill has 0 polygons
2026-08-20 16:51:18 +0000: Memory Usage (135116K) : backmetal1_slit has 0 polygons
2026-08-20 16:51:18 +0000: Memory Usage (135116K) : backmetal1_text has 0 polygons
2026-08-20 16:51:18 +0000: Memory Usage (135244K) : backmetal1_OPC has 0 polygons
2026-08-20 16:51:18 +0000: Memory Usage (135244K) : backmetal1_noqrc has 0 polygons
2026-08-20 16:51:18 +0000: Memory Usage (135244K) : backmetal1_res has 0 polygons
2026-08-20 16:51:18 +0000: Memory Usage (135244K) : backmetal1_iprobe has 0 polygons
2026-08-20 16:51:18 +0000: Memory Usage (135372K) : backmetal1_diffprb has 0 polygons
2026-08-20 16:51:18 +0000: Memory Usage (135372K) : backpassiv_drw has 0 polygons
2026-08-20 16:51:18 +0000: Memory Usage (135372K) : res_drw has 2 polygons
2026-08-20 16:51:18 +0000: Memory Usage (135500K) : sram_drw has 0 polygons
2026-08-20 16:51:18 +0000: Memory Usage (135500K) : trans_drw has 2 polygons
2026-08-20 16:51:18 +0000: Memory Usage (135500K) : ind_drw has 2 polygons
2026-08-20 16:51:18 +0000: Memory Usage (135628K) : ind_pin has 4 polygons
2026-08-20 16:51:18 +0000: Memory Usage (135628K) : ind_text has 4 polygons
2026-08-20 16:51:18 +0000: Memory Usage (135628K) : salblock_drw has 12 polygons
2026-08-20 16:51:18 +0000: Memory Usage (135628K) : via2_drw has 837 polygons
2026-08-20 16:51:18 +0000: Memory Usage (135628K) : metal3_drw has 59 polygons
2026-08-20 16:51:18 +0000: Memory Usage (135628K) : metal3_filler has 0 polygons
2026-08-20 16:51:18 +0000: Memory Usage (135628K) : metal3_slit has 0 polygons
2026-08-20 16:51:18 +0000: Memory Usage (135628K) : metal3 has 59 polygons
2026-08-20 16:51:18 +0000: Memory Usage (135756K) : metal3_pin has 2 polygons
2026-08-20 16:51:18 +0000: Memory Usage (135756K) : metal3_mask has 0 polygons
2026-08-20 16:51:18 +0000: Memory Usage (135756K) : metal3_nofill has 2 polygons
2026-08-20 16:51:18 +0000: Memory Usage (135756K) : metal3_text has 0 polygons
2026-08-20 16:51:18 +0000: Memory Usage (135756K) : metal3_OPC has 0 polygons
2026-08-20 16:51:18 +0000: Memory Usage (135756K) : metal3_noqrc has 0 polygons
2026-08-20 16:51:18 +0000: Memory Usage (135884K) : metal3_res has 0 polygons
2026-08-20 16:51:18 +0000: Memory Usage (135884K) : metal3_iprobe has 0 polygons
2026-08-20 16:51:18 +0000: Memory Usage (135884K) : metal3_diffprb has 0 polygons
2026-08-20 16:51:18 +0000: Memory Usage (135884K) : nwell_drw has 14 polygons
2026-08-20 16:51:18 +0000: Memory Usage (135884K) : nwell_pin has 0 polygons
2026-08-20 16:51:18 +0000: Memory Usage (135884K) : nwell_text has 0 polygons
2026-08-20 16:51:18 +0000: Memory Usage (136012K) : nbulay_drw has 1 polygons
2026-08-20 16:51:18 +0000: Memory Usage (136012K) : nbulay_pin has 0 polygons
2026-08-20 16:51:18 +0000: Memory Usage (136012K) : nbulay_block has 0 polygons
2026-08-20 16:51:18 +0000: Memory Usage (136012K) : emwind_drw has 4 polygons
2026-08-20 16:51:18 +0000: Memory Usage (136012K) : emwind_OPC has 0 polygons
2026-08-20 16:51:18 +0000: Memory Usage (136012K) : deepco_drw has 0 polygons
2026-08-20 16:51:18 +0000: Memory Usage (136140K) : mim_drw has 0 polygons
2026-08-20 16:51:18 +0000: Memory Usage (136140K) : edgeseal_drw has 0 polygons
2026-08-20 16:51:18 +0000: Memory Usage (136140K) : substrate_drw has 500 polygons
2026-08-20 16:51:18 +0000: Memory Usage (136140K) : substrate_text has 0 polygons
2026-08-20 16:51:18 +0000: Memory Usage (136140K) : dfpad_drw has 2 polygons
2026-08-20 16:51:18 +0000: Memory Usage (136140K) : dfpad_pillar has 0 polygons
2026-08-20 16:51:18 +0000: Memory Usage (136268K) : dfpad_sbump has 0 polygons
2026-08-20 16:51:18 +0000: Memory Usage (136268K) : thickgateox_drw has 1 polygons
2026-08-20 16:51:18 +0000: Memory Usage (136268K) : pldb_drw has 0 polygons
2026-08-20 16:51:18 +0000: Memory Usage (136268K) : pwell_drw has 0 polygons
2026-08-20 16:51:18 +0000: Memory Usage (136268K) : pwell_pin has 0 polygons
2026-08-20 16:51:18 +0000: Memory Usage (136396K) : pwell_block has 2 polygons
2026-08-20 16:51:18 +0000: Memory Usage (136396K) : ic_drw has 0 polygons
2026-08-20 16:51:18 +0000: Memory Usage (136396K) : via3_drw has 1031 polygons
2026-08-20 16:51:18 +0000: Memory Usage (136396K) : metal4_drw has 28 polygons
2026-08-20 16:51:18 +0000: Memory Usage (136524K) : metal4_filler has 0 polygons
2026-08-20 16:51:18 +0000: Memory Usage (136524K) : metal4_slit has 0 polygons
2026-08-20 16:51:18 +0000: Memory Usage (136524K) : metal4 has 28 polygons
2026-08-20 16:51:18 +0000: Memory Usage (136524K) : metal4_pin has 0 polygons
2026-08-20 16:51:18 +0000: Memory Usage (136524K) : metal4_mask has 0 polygons
2026-08-20 16:51:18 +0000: Memory Usage (136524K) : metal4_nofill has 2 polygons
2026-08-20 16:51:18 +0000: Memory Usage (136524K) : metal4_text has 3 polygons
2026-08-20 16:51:18 +0000: Memory Usage (136652K) : metal4_OPC has 0 polygons
2026-08-20 16:51:18 +0000: Memory Usage (136652K) : metal4_noqrc has 0 polygons
2026-08-20 16:51:18 +0000: Memory Usage (136652K) : metal4_res has 0 polygons
2026-08-20 16:51:18 +0000: Memory Usage (136652K) : metal4_iprobe has 0 polygons
2026-08-20 16:51:18 +0000: Memory Usage (136652K) : metal4_diffprb has 0 polygons
2026-08-20 16:51:18 +0000: Memory Usage (136652K) : heattrans_drw has 123 polygons
2026-08-20 16:51:18 +0000: Memory Usage (136780K) : heatres_drw has 2 polygons
2026-08-20 16:51:18 +0000: Memory Usage (136780K) : fbe_drw has 0 polygons
2026-08-20 16:51:18 +0000: Memory Usage (136780K) : empoly_drw has 0 polygons
2026-08-20 16:51:18 +0000: Memory Usage (136780K) : digisub_drw has 0 polygons
2026-08-20 16:51:18 +0000: Memory Usage (136780K) : text_drw has 655 polygons
2026-08-20 16:51:18 +0000: Memory Usage (136780K) : via4_drw has 1025 polygons
2026-08-20 16:51:18 +0000: Memory Usage (136908K) : metal5_drw has 59 polygons
2026-08-20 16:51:18 +0000: Memory Usage (136908K) : metal5_filler has 0 polygons
2026-08-20 16:51:18 +0000: Memory Usage (136908K) : metal5_slit has 0 polygons
2026-08-20 16:51:18 +0000: Memory Usage (136908K) : metal5 has 59 polygons
2026-08-20 16:51:18 +0000: Memory Usage (136908K) : metal5_pin has 0 polygons
2026-08-20 16:51:18 +0000: Memory Usage (137036K) : metal5_mask has 0 polygons
2026-08-20 16:51:18 +0000: Memory Usage (137036K) : metal5_nofill has 2 polygons
2026-08-20 16:51:18 +0000: Memory Usage (137036K) : metal5_text has 0 polygons
2026-08-20 16:51:18 +0000: Memory Usage (137036K) : metal5_OPC has 0 polygons
2026-08-20 16:51:18 +0000: Memory Usage (137036K) : metal5_noqrc has 0 polygons
2026-08-20 16:51:18 +0000: Memory Usage (137036K) : metal5_res has 0 polygons
2026-08-20 16:51:18 +0000: Memory Usage (137164K) : metal5_iprobe has 0 polygons
2026-08-20 16:51:18 +0000: Memory Usage (137164K) : metal5_diffprb has 0 polygons
2026-08-20 16:51:18 +0000: Memory Usage (137164K) : radhard_drw has 0 polygons
2026-08-20 16:51:18 +0000: Memory Usage (137164K) : memcap_drw has 0 polygons
2026-08-20 16:51:18 +0000: Memory Usage (137164K) : varicap_drw has 0 polygons
2026-08-20 16:51:18 +0000: Memory Usage (137164K) : intbondvia_drw has 0 polygons
2026-08-20 16:51:18 +0000: Memory Usage (137292K) : intbondmet_drw has 0 polygons
2026-08-20 16:51:18 +0000: Memory Usage (137292K) : devbondvia_drw has 0 polygons
2026-08-20 16:51:18 +0000: Memory Usage (137292K) : devbondmet_drw has 0 polygons
2026-08-20 16:51:18 +0000: Memory Usage (137292K) : devtrench_drw has 0 polygons
2026-08-20 16:51:18 +0000: Memory Usage (137420K) : redist_drw has 0 polygons
2026-08-20 16:51:18 +0000: Memory Usage (137420K) : graphbot_drw has 0 polygons
2026-08-20 16:51:18 +0000: Memory Usage (137420K) : graphtop_drw has 0 polygons
2026-08-20 16:51:18 +0000: Memory Usage (137420K) : antvia1_drw has 0 polygons
2026-08-20 16:51:18 +0000: Memory Usage (137548K) : antmetal2_drw has 0 polygons
2026-08-20 16:51:18 +0000: Memory Usage (137548K) : graphcont_drw has 0 polygons
2026-08-20 16:51:18 +0000: Memory Usage (137548K) : siwg_drw has 0 polygons
2026-08-20 16:51:18 +0000: Memory Usage (137548K) : siwg_filler has 0 polygons
2026-08-20 16:51:18 +0000: Memory Usage (137548K) : siwg_nofill has 0 polygons
2026-08-20 16:51:18 +0000: Memory Usage (137548K) : sigrating_drw has 0 polygons
2026-08-20 16:51:18 +0000: Memory Usage (137548K) : singrating_drw has 0 polygons
2026-08-20 16:51:18 +0000: Memory Usage (137676K) : graphpas_drw has 0 polygons
2026-08-20 16:51:18 +0000: Memory Usage (137676K) : emwind3_drw has 0 polygons
2026-08-20 16:51:18 +0000: Memory Usage (137676K) : emwihv3_drw has 0 polygons
2026-08-20 16:51:18 +0000: Memory Usage (137676K) : redbulay_drw has 0 polygons
2026-08-20 16:51:18 +0000: Memory Usage (137676K) : smos_drw has 0 polygons
2026-08-20 16:51:18 +0000: Memory Usage (137804K) : graphpad_drw has 0 polygons
2026-08-20 16:51:18 +0000: Memory Usage (137804K) : polimide_drw has 0 polygons
2026-08-20 16:51:18 +0000: Memory Usage (137804K) : polimide_pin has 0 polygons
2026-08-20 16:51:18 +0000: Memory Usage (137804K) : recog_drw has 1 polygons
2026-08-20 16:51:18 +0000: Memory Usage (137804K) : recog_pin has 0 polygons
2026-08-20 16:51:18 +0000: Memory Usage (137804K) : recog_esd has 5 polygons
2026-08-20 16:51:18 +0000: Memory Usage (137932K) : recog_diode has 0 polygons
2026-08-20 16:51:18 +0000: Memory Usage (137932K) : recog_tsv has 0 polygons
2026-08-20 16:51:18 +0000: Memory Usage (137932K) : recog_iprobe has 0 polygons
2026-08-20 16:51:18 +0000: Memory Usage (137932K) : recog_diffprb has 0 polygons
2026-08-20 16:51:18 +0000: Memory Usage (137932K) : recog_pillar has 0 polygons
2026-08-20 16:51:18 +0000: Memory Usage (138060K) : recog_sbump has 0 polygons
2026-08-20 16:51:18 +0000: Memory Usage (138060K) : recog_otp has 0 polygons
2026-08-20 16:51:18 +0000: Memory Usage (138060K) : recog_pdiode has 0 polygons
2026-08-20 16:51:18 +0000: Memory Usage (138060K) : recog_mom has 0 polygons
2026-08-20 16:51:18 +0000: Memory Usage (138188K) : recog_momf has 0 polygons
2026-08-20 16:51:18 +0000: Memory Usage (138188K) : recog_pcm has 0 polygons
2026-08-20 16:51:18 +0000: Memory Usage (138188K) : colopen_drw has 0 polygons
2026-08-20 16:51:18 +0000: Memory Usage (138188K) : graphmetal1_drw has 0 polygons
2026-08-20 16:51:18 +0000: Memory Usage (138188K) : graphmetal1_filler has 0 polygons
2026-08-20 16:51:18 +0000: Memory Usage (138316K) : graphmetal1_nofill has 0 polygons
2026-08-20 16:51:18 +0000: Memory Usage (138316K) : graphmetal1_slit has 0 polygons
2026-08-20 16:51:18 +0000: Memory Usage (138316K) : graphmetal1_OPC has 0 polygons
2026-08-20 16:51:18 +0000: Memory Usage (138316K) : graphmet1l_drw has 0 polygons
2026-08-20 16:51:18 +0000: Memory Usage (138444K) : graphmet1l_filler has 0 polygons
2026-08-20 16:51:18 +0000: Memory Usage (138444K) : graphmet1l_nofill has 0 polygons
2026-08-20 16:51:18 +0000: Memory Usage (138444K) : graphmet1l_slit has 0 polygons
2026-08-20 16:51:18 +0000: Memory Usage (138444K) : graphmet1l_OPC has 0 polygons
2026-08-20 16:51:18 +0000: Memory Usage (138572K) : extblock_drw has 6 polygons
2026-08-20 16:51:18 +0000: Memory Usage (138572K) : nldd_drw has 0 polygons
2026-08-20 16:51:18 +0000: Memory Usage (138572K) : pldd_drw has 0 polygons
2026-08-20 16:51:18 +0000: Memory Usage (138700K) : next_drw has 0 polygons
2026-08-20 16:51:18 +0000: Memory Usage (138700K) : pext_drw has 0 polygons
2026-08-20 16:51:18 +0000: Memory Usage (138700K) : nexthv_drw has 0 polygons
2026-08-20 16:51:18 +0000: Memory Usage (138700K) : pexthv_drw has 0 polygons
2026-08-20 16:51:18 +0000: Memory Usage (138828K) : graphgate_drw has 0 polygons
2026-08-20 16:51:18 +0000: Memory Usage (138828K) : sinwg_drw has 0 polygons
2026-08-20 16:51:18 +0000: Memory Usage (138828K) : sinwg_filler has 0 polygons
2026-08-20 16:51:18 +0000: Memory Usage (138828K) : sinwg_nofill has 0 polygons
2026-08-20 16:51:18 +0000: Memory Usage (138956K) : mempad_drw has 0 polygons
2026-08-20 16:51:18 +0000: Memory Usage (138956K) : topvia1_drw has 482 polygons
2026-08-20 16:51:18 +0000: Memory Usage (138956K) : topmetal1_drw has 55 polygons
2026-08-20 16:51:18 +0000: Memory Usage (138956K) : topmetal1_filler has 0 polygons
2026-08-20 16:51:18 +0000: Memory Usage (139084K) : topmetal1_slit has 0 polygons
2026-08-20 16:51:18 +0000: Memory Usage (139084K) : topmetal1 has 55 polygons
2026-08-20 16:51:18 +0000: Memory Usage (139084K) : topmetal1_pin has 0 polygons
2026-08-20 16:51:18 +0000: Memory Usage (139084K) : topmetal1_mask has 0 polygons
2026-08-20 16:51:18 +0000: Memory Usage (139212K) : topmetal1_nofill has 2 polygons
2026-08-20 16:51:18 +0000: Memory Usage (139212K) : topmetal1_text has 0 polygons
2026-08-20 16:51:18 +0000: Memory Usage (139212K) : topmetal1_noqrc has 0 polygons
2026-08-20 16:51:18 +0000: Memory Usage (139212K) : topmetal1_res has 0 polygons
2026-08-20 16:51:18 +0000: Memory Usage (139340K) : topmetal1_iprobe has 0 polygons
2026-08-20 16:51:18 +0000: Memory Usage (139468K) : topmetal1_diffprb has 0 polygons
2026-08-20 16:51:18 +0000: Memory Usage (139468K) : inldpwl_drw has 0 polygons
2026-08-20 16:51:18 +0000: Memory Usage (139468K) : polyres_drw has 2 polygons
2026-08-20 16:51:18 +0000: Memory Usage (139468K) : polyres_pin has 0 polygons
2026-08-20 16:51:18 +0000: Memory Usage (139596K) : vmim_drw has 0 polygons
2026-08-20 16:51:18 +0000: Memory Usage (139596K) : nbulaycut_drw has 0 polygons
2026-08-20 16:51:18 +0000: Memory Usage (139596K) : antmetal1_drw has 0 polygons
2026-08-20 16:51:18 +0000: Memory Usage (139724K) : topvia2_drw has 236 polygons
2026-08-20 16:51:18 +0000: Memory Usage (139724K) : topmetal2_drw has 72 polygons
2026-08-20 16:51:18 +0000: Memory Usage (139724K) : topmetal2_filler has 0 polygons
2026-08-20 16:51:18 +0000: Memory Usage (139724K) : topmetal2_slit has 0 polygons
2026-08-20 16:51:18 +0000: Memory Usage (139852K) : topmetal2 has 72 polygons
2026-08-20 16:51:18 +0000: Memory Usage (139852K) : topmetal2_pin has 4 polygons
2026-08-20 16:51:18 +0000: Memory Usage (139852K) : topmetal2_mask has 0 polygons
2026-08-20 16:51:18 +0000: Memory Usage (139980K) : topmetal2_nofill has 2 polygons
2026-08-20 16:51:18 +0000: Memory Usage (139980K) : topmetal2_text has 8 polygons
2026-08-20 16:51:18 +0000: Memory Usage (139980K) : topmetal2_noqrc has 0 polygons
2026-08-20 16:51:18 +0000: Memory Usage (140108K) : topmetal2_res has 0 polygons
2026-08-20 16:51:18 +0000: Memory Usage (140108K) : topmetal2_iprobe has 0 polygons
2026-08-20 16:51:18 +0000: Memory Usage (140236K) : topmetal2_diffprb has 0 polygons
2026-08-20 16:51:18 +0000: Memory Usage (140236K) : snsring_drw has 0 polygons
2026-08-20 16:51:18 +0000: Memory Usage (140236K) : sensor_drw has 0 polygons
2026-08-20 16:51:18 +0000: Memory Usage (140236K) : snsarms_drw has 0 polygons
2026-08-20 16:51:18 +0000: Memory Usage (140236K) : snscmosvia_drw has 0 polygons
2026-08-20 16:51:18 +0000: Memory Usage (140236K) : colwind_drw has 0 polygons
2026-08-20 16:51:18 +0000: Memory Usage (140236K) : flm_drw has 0 polygons
2026-08-20 16:51:18 +0000: Memory Usage (140236K) : hafniumox_drw has 0 polygons
2026-08-20 16:51:18 +0000: Memory Usage (140236K) : memvia_drw has 0 polygons
2026-08-20 16:51:18 +0000: Memory Usage (140236K) : thinfilmres_drw has 0 polygons
2026-08-20 16:51:18 +0000: Memory Usage (140236K) : rfmem_drw has 0 polygons
2026-08-20 16:51:18 +0000: Memory Usage (140236K) : norcx_drw has 2 polygons
2026-08-20 16:51:18 +0000: Memory Usage (140236K) : norcx_m2m3 has 0 polygons
2026-08-20 16:51:18 +0000: Memory Usage (140236K) : norcx_m2m4 has 0 polygons
2026-08-20 16:51:18 +0000: Memory Usage (140236K) : norcx_m2m5 has 0 polygons
2026-08-20 16:51:18 +0000: Memory Usage (140236K) : norcx_m2tm1 has 0 polygons
2026-08-20 16:51:18 +0000: Memory Usage (140236K) : norcx_m2tm2 has 0 polygons
2026-08-20 16:51:18 +0000: Memory Usage (140236K) : norcx_m3m4 has 0 polygons
2026-08-20 16:51:18 +0000: Memory Usage (140236K) : norcx_m3m5 has 0 polygons
2026-08-20 16:51:18 +0000: Memory Usage (140236K) : norcx_m3tm1 has 0 polygons
2026-08-20 16:51:18 +0000: Memory Usage (140236K) : norcx_m3tm2 has 0 polygons
2026-08-20 16:51:18 +0000: Memory Usage (140236K) : norcx_m4m5 has 0 polygons
2026-08-20 16:51:18 +0000: Memory Usage (140236K) : norcx_m4tm1 has 0 polygons
2026-08-20 16:51:18 +0000: Memory Usage (140236K) : norcx_m4tm2 has 0 polygons
2026-08-20 16:51:18 +0000: Memory Usage (140236K) : norcx_m5tm1 has 0 polygons
2026-08-20 16:51:18 +0000: Memory Usage (140236K) : norcx_m5tm2 has 0 polygons
2026-08-20 16:51:18 +0000: Memory Usage (140236K) : norcx_tm1tm2 has 0 polygons
2026-08-20 16:51:18 +0000: Memory Usage (140236K) : norcx_m1sub has 0 polygons
2026-08-20 16:51:18 +0000: Memory Usage (140236K) : norcx_m2sub has 0 polygons
2026-08-20 16:51:18 +0000: Memory Usage (140236K) : norcx_m3sub has 0 polygons
2026-08-20 16:51:18 +0000: Memory Usage (140236K) : norcx_m4sub has 0 polygons
2026-08-20 16:51:18 +0000: Memory Usage (140236K) : norcx_m5sub has 0 polygons
2026-08-20 16:51:18 +0000: Memory Usage (140236K) : norcx_tm1sub has 0 polygons
2026-08-20 16:51:18 +0000: Memory Usage (140236K) : norcx_tm2sub has 0 polygons
2026-08-20 16:51:18 +0000: Memory Usage (140236K) : snsbotvia_drw has 0 polygons
2026-08-20 16:51:18 +0000: Memory Usage (140236K) : snstopvia_drw has 0 polygons
2026-08-20 16:51:18 +0000: Memory Usage (140236K) : deepvia_drw has 0 polygons
2026-08-20 16:51:18 +0000: Memory Usage (140236K) : fgetch_drw has 0 polygons
2026-08-20 16:51:18 +0000: Memory Usage (140236K) : ctrgat_drw has 0 polygons
2026-08-20 16:51:18 +0000: Memory Usage (140236K) : fgimp_drw has 0 polygons
2026-08-20 16:51:18 +0000: Memory Usage (140236K) : emwihv_drw has 0 polygons
2026-08-20 16:51:18 +0000: Memory Usage (140236K) : lbe_drw has 2 polygons
2026-08-20 16:51:18 +0000: Memory Usage (140236K) : alcustop_drw has 0 polygons
2026-08-20 16:51:18 +0000: Memory Usage (140236K) : nometfiller_drw has 0 polygons
2026-08-20 16:51:18 +0000: Memory Usage (140236K) : prboundary_drw has 0 polygons
2026-08-20 16:51:18 +0000: Memory Usage (140236K) : exchange0_drw has 0 polygons
2026-08-20 16:51:18 +0000: Memory Usage (140236K) : exchange0_pin has 0 polygons
2026-08-20 16:51:18 +0000: Memory Usage (140236K) : exchange0_text has 0 polygons
2026-08-20 16:51:18 +0000: Memory Usage (140236K) : exchange1_drw has 0 polygons
2026-08-20 16:51:18 +0000: Memory Usage (140236K) : exchange1_pin has 0 polygons
2026-08-20 16:51:18 +0000: Memory Usage (140236K) : exchange1_text has 0 polygons
2026-08-20 16:51:18 +0000: Memory Usage (140236K) : exchange2_drw has 0 polygons
2026-08-20 16:51:18 +0000: Memory Usage (140236K) : exchange2_pin has 0 polygons
2026-08-20 16:51:18 +0000: Memory Usage (140236K) : exchange2_text has 0 polygons
2026-08-20 16:51:18 +0000: Memory Usage (140236K) : exchange3_drw has 0 polygons
2026-08-20 16:51:18 +0000: Memory Usage (140236K) : exchange3_pin has 0 polygons
2026-08-20 16:51:18 +0000: Memory Usage (140236K) : exchange3_text has 0 polygons
2026-08-20 16:51:18 +0000: Memory Usage (140236K) : exchange4_drw has 0 polygons
2026-08-20 16:51:18 +0000: Memory Usage (140236K) : exchange4_pin has 0 polygons
2026-08-20 16:51:18 +0000: Memory Usage (140236K) : exchange4_text has 0 polygons
2026-08-20 16:51:18 +0000: Memory Usage (140236K) : isonwell_drw has 0 polygons
2026-08-20 16:51:18 +0000: Memory Usage (140236K) : Total no. of polygons in the design is 32071
2026-08-20 16:51:18 +0000: Memory Usage (140236K) : Starting base layers derivations
2026-08-20 16:51:18 +0000: Memory Usage (140236K) : Starting general LVS derivations
2026-08-20 16:51:18 +0000: Memory Usage (144776K) : Starting MOSFET DERIVATIONS
2026-08-20 16:51:18 +0000: Memory Usage (145544K) : Starting NMOS DERIVATIONS
2026-08-20 16:51:18 +0000: Memory Usage (145544K) : Starting PMOS DERIVATIONS
2026-08-20 16:51:18 +0000: Memory Usage (145544K) : Starting RF-MOSFET DERIVATIONS
2026-08-20 16:51:18 +0000: Memory Usage (145544K) : Starting RF-NMOS DERIVATIONS
2026-08-20 16:51:18 +0000: Memory Usage (145544K) : Starting RF-PMOS DERIVATIONS
2026-08-20 16:51:18 +0000: Memory Usage (145544K) : Starting BJT DERIVATIONS
2026-08-20 16:51:18 +0000: Memory Usage (145544K) : Starting NPN-BJT DERIVATIONS
2026-08-20 16:51:19 +0000: Memory Usage (145544K) : Starting PNP-BJT DERIVATIONS
2026-08-20 16:51:19 +0000: Memory Usage (145544K) : Starting DIODE DERIVATIONS
2026-08-20 16:51:19 +0000: Memory Usage (145544K) : Starting RESISTOR DERIVATIONS
2026-08-20 16:51:19 +0000: Memory Usage (145800K) : Starting CAP DERIVATIONS
2026-08-20 16:51:19 +0000: Memory Usage (145800K) : Starting CAP_CMOM DERIVATIONS
2026-08-20 16:51:19 +0000: Memory Usage (145800K) : Starting CAP_CMOMF DERIVATIONS
2026-08-20 16:51:19 +0000: Memory Usage (145800K) : Starting ESD DERIVATIONS
2026-08-20 16:51:20 +0000: Memory Usage (146056K) : Starting Inductor DERIVATIONS
2026-08-20 16:51:20 +0000: Memory Usage (146056K) : Starting Taps DERIVATIONS
2026-08-20 16:51:21 +0000: Memory Usage (146056K) : Starting SG13G2 LVS connectivity setup
2026-08-20 16:51:21 +0000: Memory Usage (146056K) : Starting SG13G2 LVS connectivity setup (Inter-layer)
2026-08-20 16:51:21 +0000: Memory Usage (146184K) : Starting SG13G2 LVS connectivity setup (Global)
2026-08-20 16:51:21 +0000: Memory Usage (146184K) : Starting LVS MOSFET CONNECTIONS
2026-08-20 16:51:21 +0000: Memory Usage (146184K) : Starting LVS RF-MOSFET CONNECTIONS
2026-08-20 16:51:21 +0000: Memory Usage (146184K) : Starting LVS BJT CONNECTIONS
2026-08-20 16:51:21 +0000: Memory Usage (146184K) : Starting LVS DIODE CONNECTIONS
2026-08-20 16:51:21 +0000: Memory Usage (146184K) : Starting RESISTOR CONNECTIONS
2026-08-20 16:51:21 +0000: Memory Usage (146184K) : Starting LVS CAP CONNECTIONS
2026-08-20 16:51:21 +0000: Memory Usage (146184K) : Starting CAP_CMOM CONNECTIONS
2026-08-20 16:51:21 +0000: Memory Usage (146184K) : Starting CAP_CMOMF CONNECTIONS
2026-08-20 16:51:21 +0000: Memory Usage (146184K) : Starting ESD CONNECTIONS
2026-08-20 16:51:21 +0000: Memory Usage (146184K) : Starting Inductor CONNECTIONS
2026-08-20 16:51:21 +0000: Memory Usage (146184K) : Starting LVS Taps CONNECTIONS
2026-08-20 16:51:21 +0000: Memory Usage (146184K) : Starting SG13G2 LVS DEVICES EXTRACTION
2026-08-20 16:51:21 +0000: Memory Usage (146184K) : Starting MOSFET EXTRACTION
2026-08-20 16:51:21 +0000: Memory Usage (146184K) : Starting NMOS EXTRACTION
2026-08-20 16:51:21 +0000: Memory Usage (146184K) : Extraction of NMOS-LV transistor
2026-08-20 16:51:21 +0000: Memory Usage (146312K) : Extraction of NMOS-HV transistor
2026-08-20 16:51:21 +0000: Memory Usage (146312K) : Starting PMOS EXTRACTION
2026-08-20 16:51:21 +0000: Memory Usage (146312K) : Extraction of PMOS-LV transistor
2026-08-20 16:51:21 +0000: Memory Usage (146312K) : Extraction of PMOS-HV transistor
2026-08-20 16:51:21 +0000: Memory Usage (146312K) : Starting RF-MOSFET EXTRACTION
2026-08-20 16:51:21 +0000: Memory Usage (146312K) : Extraction of RF-NMOS-LV transistor
2026-08-20 16:51:21 +0000: Memory Usage (146312K) : Extraction of RF-NMOS-HV transistor
2026-08-20 16:51:21 +0000: Memory Usage (146312K) : Extraction of RF-PMOS-LV transistor
2026-08-20 16:51:21 +0000: Memory Usage (146312K) : Extraction of RF-PMOS-HV transistor
2026-08-20 16:51:21 +0000: Memory Usage (146312K) : Starting BJT EXTRACTION
2026-08-20 16:51:21 +0000: Memory Usage (146312K) : Starting NPN-BJT EXTRACTION
2026-08-20 16:51:21 +0000: Memory Usage (146312K) : Extraction of npn13G2 BJT transistor
2026-08-20 16:51:21 +0000: Memory Usage (146312K) : Extraction of npn13G2L BJT transistor
2026-08-20 16:51:21 +0000: Memory Usage (146312K) : Extraction of npn13G2V BJT transistor
2026-08-20 16:51:21 +0000: Memory Usage (146312K) : Starting PNP-BJT EXTRACTION
2026-08-20 16:51:21 +0000: Memory Usage (146312K) : Extracting pnpMPA BJT
2026-08-20 16:51:21 +0000: Memory Usage (146312K) : Starting DIODE EXTRACTION
2026-08-20 16:51:21 +0000: Memory Usage (146312K) : Extracting dantenna diode
2026-08-20 16:51:21 +0000: Memory Usage (146312K) : Extracting dpantenna diode
2026-08-20 16:51:21 +0000: Memory Usage (146312K) : Extracting schottky_nbl1 diode
2026-08-20 16:51:21 +0000: Memory Usage (146312K) : Extracting isolbox diode
2026-08-20 16:51:21 +0000: Memory Usage (146312K) : Starting RESISTOR EXTRACTION
2026-08-20 16:51:21 +0000: Memory Usage (146312K) : Extracting rsil resistor
2026-08-20 16:51:21 +0000: Memory Usage (146312K) : Extracting rppd resistor
2026-08-20 16:51:21 +0000: Memory Usage (146312K) : Extracting rhigh resistor
2026-08-20 16:51:21 +0000: Memory Usage (146312K) : Extracting res_metal1 resistor
2026-08-20 16:51:21 +0000: Memory Usage (146312K) : Extracting res_metal2 resistor
2026-08-20 16:51:21 +0000: Memory Usage (146312K) : Extracting res_metal3 resistor
2026-08-20 16:51:21 +0000: Memory Usage (146312K) : Extracting res_metal4 resistor
2026-08-20 16:51:21 +0000: Memory Usage (146312K) : Extracting res_metal5 resistor
2026-08-20 16:51:21 +0000: Memory Usage (146312K) : Extracting res_topmetal1 resistor
2026-08-20 16:51:21 +0000: Memory Usage (146312K) : Extracting res_topmetal2 resistor
2026-08-20 16:51:21 +0000: Memory Usage (146312K) : Starting CAP EXTRACTION
2026-08-20 16:51:21 +0000: Memory Usage (146312K) : Extracting cap_cmim device
2026-08-20 16:51:21 +0000: Memory Usage (146312K) : Extracting rfcmim device
2026-08-20 16:51:21 +0000: Memory Usage (146312K) : Extracting sg13_hv_svaricap varactor
2026-08-20 16:51:21 +0000: Memory Usage (146312K) : Extracting cap_cmomi device
2026-08-20 16:51:21 +0000: Memory Usage (146312K) : Extracting cap_cmomf device
2026-08-20 16:51:21 +0000: Memory Usage (146312K) : Extracting sg13_moscap_n capacitor
2026-08-20 16:51:21 +0000: Memory Usage (146312K) : Extracting sg13_moscap_p capacitor
2026-08-20 16:51:21 +0000: Memory Usage (146312K) : Starting ESD EXTRACTION
2026-08-20 16:51:21 +0000: Memory Usage (146312K) : Extracting diodevdd_2kv ESD device
2026-08-20 16:51:21 +0000: Memory Usage (146312K) : Extracting diodevdd_4kv ESD device
2026-08-20 16:51:21 +0000: Memory Usage (146312K) : Extracting diodevss_2kv ESD device
2026-08-20 16:51:21 +0000: Memory Usage (146312K) : Extracting diodevss_4kv ESD device
2026-08-20 16:51:21 +0000: Memory Usage (146312K) : Extracting idiodevdd_2kv ESD device
2026-08-20 16:51:21 +0000: Memory Usage (146312K) : Extracting idiodevdd_4kv ESD device
2026-08-20 16:51:21 +0000: Memory Usage (146312K) : Extracting idiodevss_2kv ESD device
2026-08-20 16:51:21 +0000: Memory Usage (146312K) : Extracting idiodevss_4kv ESD device
2026-08-20 16:51:21 +0000: Memory Usage (146312K) : Extracting nmoscl_2 ESD device
2026-08-20 16:51:21 +0000: Memory Usage (146312K) : Extracting nmoscl_4 ESD device
2026-08-20 16:51:21 +0000: Memory Usage (146312K) : Starting Inductor EXTRACTION
2026-08-20 16:51:21 +0000: Memory Usage (146312K) : Extracting Inductor2 device
2026-08-20 16:51:21 +0000: Memory Usage (146312K) : Extracting Inductor3 device
2026-08-20 16:51:21 +0000: Memory Usage (146312K) : Starting Taps EXTRACTION
2026-08-20 16:51:21 +0000: Memory Usage (146312K) : DISABLE_TAP_EXTRACTION is enabled: skipping ntap1/ptap1 device extraction.
2026-08-20 16:51:21 +0000: Memory Usage (146312K) : Starting SG13G2 LVS RF MOS Model Mapping
2026-08-20 16:51:21 +0000: Memory Usage (146440K) : [layout_netlist] Apply RF MOS model mapping and rfmode parameter.
2026-08-20 16:51:21 +0000: Memory Usage (146440K) : Starting SG13G2 LVS Options Preparations
2026-08-20 16:51:21 +0000: Memory Usage (146440K) : SG13G2 LVS flow: extraction -> alignment -> option preparation -> comparison.
2026-08-20 16:51:21 +0000: Memory Usage (146440K) : Starting SG13G2 LVS Alignment
2026-08-20 16:51:21 +0000: Memory Usage (146568K) : Starting SG13G2 LVS Simplification
2026-08-20 16:51:21 +0000: Memory Usage (146568K) : [layout_netlist] simplify: ENABLED
2026-08-20 16:51:21 +0000: Memory Usage (146568K) : [layout_netlist] make_top_level_pins: SKIPPED
2026-08-20 16:51:21 +0000: Memory Usage (146568K) : [layout_netlist] combine_devices: SKIPPED
2026-08-20 16:51:21 +0000: Memory Usage (146568K) : [layout_netlist] purge: SKIPPED
2026-08-20 16:51:21 +0000: Memory Usage (146568K) : [layout_netlist] purge_nets: SKIPPED
2026-08-20 16:51:21 +0000: Memory Usage (146568K) : [schematic_netlist] simplify: ENABLED
2026-08-20 16:51:21 +0000: Memory Usage (146568K) : [schematic_netlist] make_top_level_pins: SKIPPED
2026-08-20 16:51:21 +0000: Memory Usage (146568K) : [schematic_netlist] combine_devices: SKIPPED
2026-08-20 16:51:21 +0000: Memory Usage (146568K) : [schematic_netlist] purge: SKIPPED
2026-08-20 16:51:21 +0000: Memory Usage (146568K) : [schematic_netlist] purge_nets: SKIPPED
2026-08-20 16:51:21 +0000: Memory Usage (146568K) : Starting SG13G2 LVS Comparison
2026-08-20 16:51:21 +0000: Memory Usage (146696K) : xxxxxxxxxxxxxxxxxxxxxxxxxxxxxxxxxxxxxxxxxx
2026-08-20 16:51:21 +0000: Memory Usage (146696K) : ERROR : Netlists don't match
2026-08-20 16:51:21 +0000: Memory Usage (146696K) : xxxxxxxxxxxxxxxxxxxxxxxxxxxxxxxxxxxxxxxxxx
2026-08-20 16:51:21 +0000: Memory Usage (146696K) : LVS Total Run time 2.949590 seconds

--- stderr ---
20-Aug-2026 16:51:18 | INFO    | Your Klayout version is: KLayout 0.30.5 (required >= 0.30.5)
20-Aug-2026 16:51:18 | INFO    | Running SG13G2 LVS checks on design /workspace/layout/blocks/out/driver_stage/probe12/driver_dut.gds on cell driver_dut
20-Aug-2026 16:51:21 | INFO    | ==============================================================================
20-Aug-2026 16:51:21 | INFO    | Important Summary
20-Aug-2026 16:51:21 | INFO    | +------------------+--------------------------------------------------------------+
20-Aug-2026 16:51:21 | INFO    | | Status           | FAIL                                                         |
20-Aug-2026 16:51:21 | INFO    | | Mode             | COMPARE                                                      |
20-Aug-2026 16:51:21 | INFO    | | Outcome          | Comparison mode: FAIL (netlists do not match).               |
20-Aug-2026 16:51:21 | INFO    | | Layout           | driver_dut.gds                                               |
20-Aug-2026 16:51:21 | INFO    | | Top Cell         | driver_dut                                                   |
20-Aug-2026 16:51:21 | INFO    | | Results Dir      | /workspace/layout/blocks/out/driver_stage/probe12/lvs        |
20-Aug-2026 16:51:21 | INFO    | | Warnings         | 0                                                            |
20-Aug-2026 16:51:21 | INFO    | | Errors           | 1                                                            |
20-Aug-2026 16:51:21 | INFO    | | Run Time (s)     | 3.3                                                          |
20-Aug-2026 16:51:21 | INFO    | +------------------+--------------------------------------------------------------+
20-Aug-2026 16:51:21 | ERROR   | Key errors:
20-Aug-2026 16:51:21 | ERROR   |   - 2026-08-20 16:51:21 +0000: Memory Usage (146696K) : ERROR : Netlists don't match
20-Aug-2026 16:51:21 | INFO    | ==============================================================================

