20-Aug-2026 09:23:28 | INFO    | Your Klayout version is: KLayout 0.30.5 (required >= 0.30.5)
20-Aug-2026 09:23:28 | INFO    | Running SG13G2 LVS checks on design /workspace/layout/blocks/out/term_stage/_bisect/plus_divider.gds on cell term_dut
20-Aug-2026 09:23:29 | INFO    | ==============================================================================
20-Aug-2026 09:23:29 | INFO    | Important Summary
20-Aug-2026 09:23:29 | INFO    | +------------------+--------------------------------------------------------------+
20-Aug-2026 09:23:29 | INFO    | | Status           | FAIL                                                         |
20-Aug-2026 09:23:29 | INFO    | | Mode             | COMPARE                                                      |
20-Aug-2026 09:23:29 | INFO    | | Outcome          | Comparison mode: FAIL (netlists do not match).               |
20-Aug-2026 09:23:29 | INFO    | | Layout           | plus_divider.gds                                             |
20-Aug-2026 09:23:29 | INFO    | | Top Cell         | term_dut                                                     |
20-Aug-2026 09:23:29 | INFO    | | Results Dir      | /workspace/layout/blocks/out/term_stage/_bisect/plus_divider |
20-Aug-2026 09:23:29 | INFO    | | Warnings         | 0                                                            |
20-Aug-2026 09:23:29 | INFO    | | Errors           | 3                                                            |
20-Aug-2026 09:23:29 | INFO    | | Run Time (s)     | 1.356                                                        |
20-Aug-2026 09:23:29 | INFO    | +------------------+--------------------------------------------------------------+
20-Aug-2026 09:23:29 | ERROR   | Key errors:
20-Aug-2026 09:23:29 | ERROR   |   - 2026-08-20 08:55:35 +0000: Memory Usage (145772K) : ERROR : Netlists don't match
20-Aug-2026 09:23:29 | ERROR   |   - 2026-08-20 09:00:18 +0000: Memory Usage (145876K) : ERROR : Netlists don't match
20-Aug-2026 09:23:29 | ERROR   |   - 2026-08-20 09:23:29 +0000: Memory Usage (145400K) : ERROR : Netlists don't match
20-Aug-2026 09:23:29 | INFO    | ==============================================================================
