20-Aug-2026 14:27:24 | INFO    | Your Klayout version is: KLayout 0.30.5 (required >= 0.30.5)
20-Aug-2026 14:27:24 | INFO    | Running SG13G2 LVS checks on design /workspace/layout/blocks/out/term_stage/_bisect/plus_divider.gds on cell term_dut
20-Aug-2026 14:27:26 | INFO    | ==============================================================================
20-Aug-2026 14:27:26 | INFO    | Important Summary
20-Aug-2026 14:27:26 | INFO    | +------------------+--------------------------------------------------------------+
20-Aug-2026 14:27:26 | INFO    | | Status           | FAIL                                                         |
20-Aug-2026 14:27:26 | INFO    | | Mode             | COMPARE                                                      |
20-Aug-2026 14:27:26 | INFO    | | Outcome          | Comparison mode: FAIL (netlists do not match).               |
20-Aug-2026 14:27:26 | INFO    | | Layout           | plus_divider.gds                                             |
20-Aug-2026 14:27:26 | INFO    | | Top Cell         | term_dut                                                     |
20-Aug-2026 14:27:26 | INFO    | | Results Dir      | /workspace/layout/blocks/out/term_stage/_bisect/plus_divider |
20-Aug-2026 14:27:26 | INFO    | | Warnings         | 0                                                            |
20-Aug-2026 14:27:26 | INFO    | | Errors           | 5                                                            |
20-Aug-2026 14:27:26 | INFO    | | Run Time (s)     | 1.659                                                        |
20-Aug-2026 14:27:26 | INFO    | +------------------+--------------------------------------------------------------+
20-Aug-2026 14:27:26 | ERROR   | Key errors:
20-Aug-2026 14:27:26 | ERROR   |   - 2026-08-20 08:55:35 +0000: Memory Usage (145772K) : ERROR : Netlists don't match
20-Aug-2026 14:27:26 | ERROR   |   - 2026-08-20 09:00:18 +0000: Memory Usage (145876K) : ERROR : Netlists don't match
20-Aug-2026 14:27:26 | ERROR   |   - 2026-08-20 09:23:29 +0000: Memory Usage (145400K) : ERROR : Netlists don't match
20-Aug-2026 14:27:26 | ERROR   |   - 2026-08-20 09:28:35 +0000: Memory Usage (145612K) : ERROR : Netlists don't match
20-Aug-2026 14:27:26 | ERROR   |   - 2026-08-20 09:32:08 +0000: Memory Usage (144856K) : ERROR : Netlists don't match
20-Aug-2026 14:27:26 | INFO    | ==============================================================================
