$ /home/ubuntu/.local/share/ihp-eda/venv/bin/python /home/ubuntu/.local/share/ihp-eda/IHP-Open-PDK/ihp-sg13g2/libs.tech/klayout/tech/lvs/run_lvs.py --layout=/workspace/layout/blocks/out/driver_stage/bisect_run/_probe4_no_ties/driver_dut.gds --netlist=/workspace/layout/blocks/out/driver_stage/bisect_run/_probe4_no_ties/driver_dut.cdl --run_dir=/workspace/layout/blocks/out/driver_stage/bisect_run/_probe4_no_ties/lvs --run_mode=deep --topcell=driver_dut --implicit_nets=sub,sub! --ignore_top_ports_mismatch --disable_tap_extraction

--- stdout ---
2026-08-20 19:01:39 +0000: Memory Usage (128820K) : Starting running SG13G2 Klayout LVS runset on /workspace/layout/blocks/out/driver_stage/bisect_run/_probe4_no_ties/driver_dut.gds
2026-08-20 19:01:39 +0000: Memory Usage (128820K) : Ruby Version for klayout: 3.2.3
2026-08-20 19:01:39 +0000: Memory Usage (129776K) : Loading database to memory is complete.
2026-08-20 19:01:39 +0000: Memory Usage (129776K) : SG13G2 Klayout LVS runset output at: /workspace/layout/blocks/out/driver_stage/bisect_run/_probe4_no_ties/lvs/driver_dut.lvsdb
2026-08-20 19:01:39 +0000: Memory Usage (129776K) : Evaluate switches.
2026-08-20 19:01:39 +0000: Memory Usage (129776K) : Extracted netlist with net names: true
2026-08-20 19:01:39 +0000: Memory Usage (129776K) : Extracted netlist with comments in details: false
2026-08-20 19:01:39 +0000: Memory Usage (129776K) : Selected NET_ONLY option: false
2026-08-20 19:01:39 +0000: Memory Usage (129776K) : Selected LAYOUT_NETLIST option: (none)
2026-08-20 19:01:39 +0000: Memory Usage (129776K) : Selected IGNORE_TOP_PORTS_MISMATCH option: true
2026-08-20 19:01:39 +0000: Memory Usage (129776K) : Selected IMPLICIT_NETS option: sub,sub!
2026-08-20 19:01:39 +0000: Memory Usage (129776K) : Selected TOP_LVL_PINS option: false
2026-08-20 19:01:39 +0000: Memory Usage (129776K) : Selected COMBINE DEVICES option: false
2026-08-20 19:01:39 +0000: Memory Usage (129776K) : Selected PURGE option: false
2026-08-20 19:01:39 +0000: Memory Usage (129776K) : Selected PURGE_NETS option: false
2026-08-20 19:01:39 +0000: Memory Usage (129776K) : Selected SIMPLIFY option: true
2026-08-20 19:01:39 +0000: Memory Usage (129776K) : Selected SERIES_RES option: true
2026-08-20 19:01:39 +0000: Memory Usage (129776K) : Selected PARALLEL_RES option: true
2026-08-20 19:01:39 +0000: Memory Usage (129776K) : Selected DISABLE_TAP_EXTRACTION option: true
2026-08-20 19:01:39 +0000: Memory Usage (129776K) : deep  mode is enabled.
2026-08-20 19:01:39 +0000: Memory Usage (129776K) : Applying implicit connections (case-sensitive, pattern supported) for nets: sub, sub!
2026-08-20 19:01:39 +0000: Memory Usage (130972K) : Netlist file: /workspace/layout/blocks/out/driver_stage/bisect_run/_probe4_no_ties/driver_dut.cdl
2026-08-20 19:01:39 +0000: Memory Usage (130972K) : LVS extracted netlist at: /workspace/layout/blocks/out/driver_stage/bisect_run/_probe4_no_ties/lvs/driver_dut_extracted.cir
2026-08-20 19:01:39 +0000: Memory Usage (130972K) : Applying SRAM integration support.
2026-08-20 19:01:39 +0000: Memory Usage (130972K) : Starting SG13G2 LVS runset
2026-08-20 19:01:39 +0000: Memory Usage (130972K) : Read in polygons from layers.
2026-08-20 19:01:39 +0000: Memory Usage (132288K) : activ_drw has 893 polygons
2026-08-20 19:01:39 +0000: Memory Usage (132288K) : activ_filler has 0 polygons
2026-08-20 19:01:39 +0000: Memory Usage (132288K) : activ has 893 polygons
2026-08-20 19:01:39 +0000: Memory Usage (132288K) : activ_pin has 0 polygons
2026-08-20 19:01:39 +0000: Memory Usage (132288K) : activ_mask has 4 polygons
2026-08-20 19:01:39 +0000: Memory Usage (132288K) : activ_nofill has 0 polygons
2026-08-20 19:01:39 +0000: Memory Usage (132288K) : activ_OPC has 0 polygons
2026-08-20 19:01:39 +0000: Memory Usage (132288K) : activ_iOPC has 0 polygons
2026-08-20 19:01:39 +0000: Memory Usage (132288K) : activ_noqrc has 0 polygons
2026-08-20 19:01:39 +0000: Memory Usage (132344K) : biwind_drw has 0 polygons
2026-08-20 19:01:39 +0000: Memory Usage (132856K) : biwind_OPC has 0 polygons
2026-08-20 19:01:39 +0000: Memory Usage (132856K) : gatpoly_drw has 123 polygons
2026-08-20 19:01:39 +0000: Memory Usage (132856K) : gatpoly_filler has 0 polygons
2026-08-20 19:01:39 +0000: Memory Usage (132856K) : gatpoly has 123 polygons
2026-08-20 19:01:39 +0000: Memory Usage (132856K) : gatpoly_pin has 119 polygons
2026-08-20 19:01:39 +0000: Memory Usage (132856K) : gatpoly_nofill has 0 polygons
2026-08-20 19:01:39 +0000: Memory Usage (132856K) : gatpoly_OPC has 0 polygons
2026-08-20 19:01:39 +0000: Memory Usage (132856K) : gatpoly_iOPC has 0 polygons
2026-08-20 19:01:39 +0000: Memory Usage (132856K) : gatpoly_noqrc has 0 polygons
2026-08-20 19:01:39 +0000: Memory Usage (132984K) : cont_drw has 13150 polygons
2026-08-20 19:01:39 +0000: Memory Usage (132984K) : cont_OPC has 0 polygons
2026-08-20 19:01:39 +0000: Memory Usage (132984K) : nsd_drw has 0 polygons
2026-08-20 19:01:39 +0000: Memory Usage (132984K) : nsd_block has 4 polygons
2026-08-20 19:01:39 +0000: Memory Usage (132984K) : metal1_drw has 1515 polygons
2026-08-20 19:01:39 +0000: Memory Usage (132984K) : metal1_filler has 0 polygons
2026-08-20 19:01:39 +0000: Memory Usage (132984K) : metal1_slit has 0 polygons
2026-08-20 19:01:39 +0000: Memory Usage (132984K) : metal1 has 1515 polygons
2026-08-20 19:01:39 +0000: Memory Usage (132984K) : metal1_pin has 746 polygons
2026-08-20 19:01:39 +0000: Memory Usage (132984K) : metal1_mask has 0 polygons
2026-08-20 19:01:39 +0000: Memory Usage (132984K) : metal1_nofill has 0 polygons
2026-08-20 19:01:39 +0000: Memory Usage (133368K) : metal1_text has 3 polygons
2026-08-20 19:01:39 +0000: Memory Usage (133368K) : metal1_OPC has 0 polygons
2026-08-20 19:01:39 +0000: Memory Usage (133368K) : metal1_noqrc has 0 polygons
2026-08-20 19:01:39 +0000: Memory Usage (133496K) : metal1_res has 0 polygons
2026-08-20 19:01:39 +0000: Memory Usage (133496K) : metal1_iprobe has 0 polygons
2026-08-20 19:01:39 +0000: Memory Usage (133624K) : metal1_diffprb has 0 polygons
2026-08-20 19:01:39 +0000: Memory Usage (133624K) : passiv_drw has 2 polygons
2026-08-20 19:01:39 +0000: Memory Usage (133624K) : passiv_pin has 0 polygons
2026-08-20 19:01:39 +0000: Memory Usage (133752K) : passiv_sbump has 0 polygons
2026-08-20 19:01:39 +0000: Memory Usage (133752K) : passiv_pillar has 0 polygons
2026-08-20 19:01:39 +0000: Memory Usage (133752K) : passiv_pdl has 0 polygons
2026-08-20 19:01:39 +0000: Memory Usage (133880K) : metal2_drw has 510 polygons
2026-08-20 19:01:39 +0000: Memory Usage (133880K) : metal2_filler has 0 polygons
2026-08-20 19:01:39 +0000: Memory Usage (133880K) : metal2_slit has 0 polygons
2026-08-20 19:01:39 +0000: Memory Usage (134008K) : metal2 has 510 polygons
2026-08-20 19:01:39 +0000: Memory Usage (134008K) : metal2_pin has 10 polygons
2026-08-20 19:01:39 +0000: Memory Usage (134136K) : metal2_mask has 0 polygons
2026-08-20 19:01:39 +0000: Memory Usage (134136K) : metal2_nofill has 0 polygons
2026-08-20 19:01:39 +0000: Memory Usage (134136K) : metal2_text has 3 polygons
2026-08-20 19:01:39 +0000: Memory Usage (134136K) : metal2_OPC has 0 polygons
2026-08-20 19:01:39 +0000: Memory Usage (134264K) : metal2_noqrc has 0 polygons
2026-08-20 19:01:39 +0000: Memory Usage (134264K) : metal2_res has 0 polygons
2026-08-20 19:01:39 +0000: Memory Usage (134264K) : metal2_iprobe has 0 polygons
2026-08-20 19:01:39 +0000: Memory Usage (134264K) : metal2_diffprb has 0 polygons
2026-08-20 19:01:39 +0000: Memory Usage (134392K) : baspoly_drw has 0 polygons
2026-08-20 19:01:39 +0000: Memory Usage (134392K) : baspoly_pin has 0 polygons
2026-08-20 19:01:39 +0000: Memory Usage (134392K) : psd_drw has 514 polygons
2026-08-20 19:01:39 +0000: Memory Usage (134392K) : nldb_drw has 0 polygons
2026-08-20 19:01:39 +0000: Memory Usage (134520K) : digibnd_drw has 0 polygons
2026-08-20 19:01:39 +0000: Memory Usage (134520K) : via1_drw has 6612 polygons
2026-08-20 19:01:39 +0000: Memory Usage (134520K) : backmetal1_drw has 0 polygons
2026-08-20 19:01:39 +0000: Memory Usage (134648K) : backmetal1_pin has 0 polygons
2026-08-20 19:01:39 +0000: Memory Usage (134648K) : backmetal1_mask has 0 polygons
2026-08-20 19:01:39 +0000: Memory Usage (134648K) : backmetal1_filler has 0 polygons
2026-08-20 19:01:39 +0000: Memory Usage (134648K) : backmetal1_nofill has 0 polygons
2026-08-20 19:01:39 +0000: Memory Usage (134776K) : backmetal1_slit has 0 polygons
2026-08-20 19:01:39 +0000: Memory Usage (134776K) : backmetal1_text has 0 polygons
2026-08-20 19:01:39 +0000: Memory Usage (134776K) : backmetal1_OPC has 0 polygons
2026-08-20 19:01:39 +0000: Memory Usage (134776K) : backmetal1_noqrc has 0 polygons
2026-08-20 19:01:39 +0000: Memory Usage (134904K) : backmetal1_res has 0 polygons
2026-08-20 19:01:39 +0000: Memory Usage (134904K) : backmetal1_iprobe has 0 polygons
2026-08-20 19:01:39 +0000: Memory Usage (134904K) : backmetal1_diffprb has 0 polygons
2026-08-20 19:01:39 +0000: Memory Usage (134904K) : backpassiv_drw has 0 polygons
2026-08-20 19:01:39 +0000: Memory Usage (135032K) : res_drw has 0 polygons
2026-08-20 19:01:39 +0000: Memory Usage (135032K) : sram_drw has 0 polygons
2026-08-20 19:01:39 +0000: Memory Usage (135032K) : trans_drw has 2 polygons
2026-08-20 19:01:39 +0000: Memory Usage (135032K) : ind_drw has 0 polygons
2026-08-20 19:01:39 +0000: Memory Usage (135160K) : ind_pin has 0 polygons
2026-08-20 19:01:39 +0000: Memory Usage (135160K) : ind_text has 0 polygons
2026-08-20 19:01:39 +0000: Memory Usage (135160K) : salblock_drw has 0 polygons
2026-08-20 19:01:39 +0000: Memory Usage (135160K) : via2_drw has 12 polygons
2026-08-20 19:01:39 +0000: Memory Usage (135288K) : metal3_drw has 13 polygons
2026-08-20 19:01:39 +0000: Memory Usage (135288K) : metal3_filler has 0 polygons
2026-08-20 19:01:39 +0000: Memory Usage (135288K) : metal3_slit has 0 polygons
2026-08-20 19:01:39 +0000: Memory Usage (135288K) : metal3 has 13 polygons
2026-08-20 19:01:39 +0000: Memory Usage (135416K) : metal3_pin has 0 polygons
2026-08-20 19:01:39 +0000: Memory Usage (135416K) : metal3_mask has 0 polygons
2026-08-20 19:01:39 +0000: Memory Usage (135416K) : metal3_nofill has 0 polygons
2026-08-20 19:01:39 +0000: Memory Usage (135416K) : metal3_text has 0 polygons
2026-08-20 19:01:39 +0000: Memory Usage (135544K) : metal3_OPC has 0 polygons
2026-08-20 19:01:39 +0000: Memory Usage (135544K) : metal3_noqrc has 0 polygons
2026-08-20 19:01:39 +0000: Memory Usage (135544K) : metal3_res has 0 polygons
2026-08-20 19:01:39 +0000: Memory Usage (135544K) : metal3_iprobe has 0 polygons
2026-08-20 19:01:39 +0000: Memory Usage (135544K) : metal3_diffprb has 0 polygons
2026-08-20 19:01:39 +0000: Memory Usage (135544K) : nwell_drw has 10 polygons
2026-08-20 19:01:39 +0000: Memory Usage (135544K) : nwell_pin has 0 polygons
2026-08-20 19:01:39 +0000: Memory Usage (135544K) : nwell_text has 0 polygons
2026-08-20 19:01:39 +0000: Memory Usage (135544K) : nbulay_drw has 0 polygons
2026-08-20 19:01:39 +0000: Memory Usage (135544K) : nbulay_pin has 0 polygons
2026-08-20 19:01:39 +0000: Memory Usage (135544K) : nbulay_block has 0 polygons
2026-08-20 19:01:39 +0000: Memory Usage (135544K) : emwind_drw has 4 polygons
2026-08-20 19:01:39 +0000: Memory Usage (135672K) : emwind_OPC has 0 polygons
2026-08-20 19:01:39 +0000: Memory Usage (135672K) : deepco_drw has 0 polygons
2026-08-20 19:01:39 +0000: Memory Usage (135672K) : mim_drw has 0 polygons
2026-08-20 19:01:39 +0000: Memory Usage (135672K) : edgeseal_drw has 0 polygons
2026-08-20 19:01:39 +0000: Memory Usage (135672K) : substrate_drw has 500 polygons
2026-08-20 19:01:39 +0000: Memory Usage (135672K) : substrate_text has 0 polygons
2026-08-20 19:01:39 +0000: Memory Usage (135800K) : dfpad_drw has 2 polygons
2026-08-20 19:01:39 +0000: Memory Usage (135800K) : dfpad_pillar has 0 polygons
2026-08-20 19:01:39 +0000: Memory Usage (135800K) : dfpad_sbump has 0 polygons
2026-08-20 19:01:39 +0000: Memory Usage (135800K) : thickgateox_drw has 0 polygons
2026-08-20 19:01:39 +0000: Memory Usage (135800K) : pldb_drw has 0 polygons
2026-08-20 19:01:39 +0000: Memory Usage (135928K) : pwell_drw has 0 polygons
2026-08-20 19:01:39 +0000: Memory Usage (135928K) : pwell_pin has 0 polygons
2026-08-20 19:01:39 +0000: Memory Usage (135928K) : pwell_block has 0 polygons
2026-08-20 19:01:39 +0000: Memory Usage (135928K) : ic_drw has 0 polygons
2026-08-20 19:01:39 +0000: Memory Usage (135928K) : via3_drw has 997 polygons
2026-08-20 19:01:39 +0000: Memory Usage (135928K) : metal4_drw has 15 polygons
2026-08-20 19:01:39 +0000: Memory Usage (136056K) : metal4_filler has 0 polygons
2026-08-20 19:01:39 +0000: Memory Usage (136056K) : metal4_slit has 0 polygons
2026-08-20 19:01:39 +0000: Memory Usage (136056K) : metal4 has 15 polygons
2026-08-20 19:01:39 +0000: Memory Usage (136056K) : metal4_pin has 0 polygons
2026-08-20 19:01:39 +0000: Memory Usage (136056K) : metal4_mask has 0 polygons
2026-08-20 19:01:39 +0000: Memory Usage (136056K) : metal4_nofill has 0 polygons
2026-08-20 19:01:39 +0000: Memory Usage (136184K) : metal4_text has 3 polygons
2026-08-20 19:01:39 +0000: Memory Usage (136184K) : metal4_OPC has 0 polygons
2026-08-20 19:01:39 +0000: Memory Usage (136184K) : metal4_noqrc has 0 polygons
2026-08-20 19:01:39 +0000: Memory Usage (136184K) : metal4_res has 0 polygons
2026-08-20 19:01:39 +0000: Memory Usage (136184K) : metal4_iprobe has 0 polygons
2026-08-20 19:01:39 +0000: Memory Usage (136184K) : metal4_diffprb has 0 polygons
2026-08-20 19:01:39 +0000: Memory Usage (136312K) : heattrans_drw has 123 polygons
2026-08-20 19:01:39 +0000: Memory Usage (136312K) : heatres_drw has 0 polygons
2026-08-20 19:01:39 +0000: Memory Usage (136312K) : fbe_drw has 0 polygons
2026-08-20 19:01:39 +0000: Memory Usage (136312K) : empoly_drw has 0 polygons
2026-08-20 19:01:39 +0000: Memory Usage (136312K) : digisub_drw has 0 polygons
2026-08-20 19:01:39 +0000: Memory Usage (136312K) : text_drw has 645 polygons
2026-08-20 19:01:39 +0000: Memory Usage (136440K) : via4_drw has 991 polygons
2026-08-20 19:01:39 +0000: Memory Usage (136440K) : metal5_drw has 14 polygons
2026-08-20 19:01:39 +0000: Memory Usage (136440K) : metal5_filler has 0 polygons
2026-08-20 19:01:39 +0000: Memory Usage (136440K) : metal5_slit has 0 polygons
2026-08-20 19:01:39 +0000: Memory Usage (136440K) : metal5 has 14 polygons
2026-08-20 19:01:39 +0000: Memory Usage (136440K) : metal5_pin has 0 polygons
2026-08-20 19:01:39 +0000: Memory Usage (136568K) : metal5_mask has 0 polygons
2026-08-20 19:01:39 +0000: Memory Usage (136568K) : metal5_nofill has 0 polygons
2026-08-20 19:01:39 +0000: Memory Usage (136568K) : metal5_text has 0 polygons
2026-08-20 19:01:39 +0000: Memory Usage (136568K) : metal5_OPC has 0 polygons
2026-08-20 19:01:39 +0000: Memory Usage (136568K) : metal5_noqrc has 0 polygons
2026-08-20 19:01:39 +0000: Memory Usage (136568K) : metal5_res has 0 polygons
2026-08-20 19:01:39 +0000: Memory Usage (136696K) : metal5_iprobe has 0 polygons
2026-08-20 19:01:39 +0000: Memory Usage (136696K) : metal5_diffprb has 0 polygons
2026-08-20 19:01:39 +0000: Memory Usage (136696K) : radhard_drw has 0 polygons
2026-08-20 19:01:39 +0000: Memory Usage (136696K) : memcap_drw has 0 polygons
2026-08-20 19:01:39 +0000: Memory Usage (136696K) : varicap_drw has 0 polygons
2026-08-20 19:01:39 +0000: Memory Usage (136696K) : intbondvia_drw has 0 polygons
2026-08-20 19:01:39 +0000: Memory Usage (136824K) : intbondmet_drw has 0 polygons
2026-08-20 19:01:39 +0000: Memory Usage (136824K) : devbondvia_drw has 0 polygons
2026-08-20 19:01:39 +0000: Memory Usage (136824K) : devbondmet_drw has 0 polygons
2026-08-20 19:01:39 +0000: Memory Usage (136824K) : devtrench_drw has 0 polygons
2026-08-20 19:01:39 +0000: Memory Usage (136824K) : redist_drw has 0 polygons
2026-08-20 19:01:39 +0000: Memory Usage (136824K) : graphbot_drw has 0 polygons
2026-08-20 19:01:39 +0000: Memory Usage (136952K) : graphtop_drw has 0 polygons
2026-08-20 19:01:39 +0000: Memory Usage (136952K) : antvia1_drw has 0 polygons
2026-08-20 19:01:39 +0000: Memory Usage (136952K) : antmetal2_drw has 0 polygons
2026-08-20 19:01:39 +0000: Memory Usage (136952K) : graphcont_drw has 0 polygons
2026-08-20 19:01:39 +0000: Memory Usage (136952K) : siwg_drw has 0 polygons
2026-08-20 19:01:39 +0000: Memory Usage (136952K) : siwg_filler has 0 polygons
2026-08-20 19:01:39 +0000: Memory Usage (137080K) : siwg_nofill has 0 polygons
2026-08-20 19:01:39 +0000: Memory Usage (137080K) : sigrating_drw has 0 polygons
2026-08-20 19:01:39 +0000: Memory Usage (137080K) : singrating_drw has 0 polygons
2026-08-20 19:01:39 +0000: Memory Usage (137080K) : graphpas_drw has 0 polygons
2026-08-20 19:01:39 +0000: Memory Usage (137080K) : emwind3_drw has 0 polygons
2026-08-20 19:01:39 +0000: Memory Usage (137080K) : emwihv3_drw has 0 polygons
2026-08-20 19:01:39 +0000: Memory Usage (137208K) : redbulay_drw has 0 polygons
2026-08-20 19:01:39 +0000: Memory Usage (137208K) : smos_drw has 0 polygons
2026-08-20 19:01:39 +0000: Memory Usage (137208K) : graphpad_drw has 0 polygons
2026-08-20 19:01:39 +0000: Memory Usage (137208K) : polimide_drw has 0 polygons
2026-08-20 19:01:39 +0000: Memory Usage (137208K) : polimide_pin has 0 polygons
2026-08-20 19:01:39 +0000: Memory Usage (137336K) : recog_drw has 0 polygons
2026-08-20 19:01:39 +0000: Memory Usage (137336K) : recog_pin has 0 polygons
2026-08-20 19:01:39 +0000: Memory Usage (137336K) : recog_esd has 4 polygons
2026-08-20 19:01:39 +0000: Memory Usage (137336K) : recog_diode has 0 polygons
2026-08-20 19:01:39 +0000: Memory Usage (137336K) : recog_tsv has 0 polygons
2026-08-20 19:01:39 +0000: Memory Usage (137336K) : recog_iprobe has 0 polygons
2026-08-20 19:01:39 +0000: Memory Usage (137336K) : recog_diffprb has 0 polygons
2026-08-20 19:01:39 +0000: Memory Usage (137464K) : recog_pillar has 0 polygons
2026-08-20 19:01:39 +0000: Memory Usage (137464K) : recog_sbump has 0 polygons
2026-08-20 19:01:39 +0000: Memory Usage (137464K) : recog_otp has 0 polygons
2026-08-20 19:01:39 +0000: Memory Usage (137464K) : recog_pdiode has 0 polygons
2026-08-20 19:01:39 +0000: Memory Usage (137464K) : recog_mom has 0 polygons
2026-08-20 19:01:39 +0000: Memory Usage (137464K) : recog_momf has 0 polygons
2026-08-20 19:01:39 +0000: Memory Usage (137592K) : recog_pcm has 0 polygons
2026-08-20 19:01:39 +0000: Memory Usage (137592K) : colopen_drw has 0 polygons
2026-08-20 19:01:39 +0000: Memory Usage (137592K) : graphmetal1_drw has 0 polygons
2026-08-20 19:01:39 +0000: Memory Usage (137592K) : graphmetal1_filler has 0 polygons
2026-08-20 19:01:39 +0000: Memory Usage (137592K) : graphmetal1_nofill has 0 polygons
2026-08-20 19:01:39 +0000: Memory Usage (137592K) : graphmetal1_slit has 0 polygons
2026-08-20 19:01:39 +0000: Memory Usage (137720K) : graphmetal1_OPC has 0 polygons
2026-08-20 19:01:39 +0000: Memory Usage (137720K) : graphmet1l_drw has 0 polygons
2026-08-20 19:01:39 +0000: Memory Usage (137720K) : graphmet1l_filler has 0 polygons
2026-08-20 19:01:39 +0000: Memory Usage (137720K) : graphmet1l_nofill has 0 polygons
2026-08-20 19:01:39 +0000: Memory Usage (137720K) : graphmet1l_slit has 0 polygons
2026-08-20 19:01:39 +0000: Memory Usage (137848K) : graphmet1l_OPC has 0 polygons
2026-08-20 19:01:39 +0000: Memory Usage (137848K) : extblock_drw has 0 polygons
2026-08-20 19:01:39 +0000: Memory Usage (137848K) : nldd_drw has 0 polygons
2026-08-20 19:01:39 +0000: Memory Usage (137848K) : pldd_drw has 0 polygons
2026-08-20 19:01:39 +0000: Memory Usage (137848K) : next_drw has 0 polygons
2026-08-20 19:01:39 +0000: Memory Usage (137848K) : pext_drw has 0 polygons
2026-08-20 19:01:39 +0000: Memory Usage (137976K) : nexthv_drw has 0 polygons
2026-08-20 19:01:39 +0000: Memory Usage (137976K) : pexthv_drw has 0 polygons
2026-08-20 19:01:39 +0000: Memory Usage (137976K) : graphgate_drw has 0 polygons
2026-08-20 19:01:39 +0000: Memory Usage (137976K) : sinwg_drw has 0 polygons
2026-08-20 19:01:39 +0000: Memory Usage (137976K) : sinwg_filler has 0 polygons
2026-08-20 19:01:39 +0000: Memory Usage (137976K) : sinwg_nofill has 0 polygons
2026-08-20 19:01:39 +0000: Memory Usage (138104K) : mempad_drw has 0 polygons
2026-08-20 19:01:39 +0000: Memory Usage (138104K) : topvia1_drw has 473 polygons
2026-08-20 19:01:39 +0000: Memory Usage (138104K) : topmetal1_drw has 44 polygons
2026-08-20 19:01:39 +0000: Memory Usage (138104K) : topmetal1_filler has 0 polygons
2026-08-20 19:01:39 +0000: Memory Usage (138104K) : topmetal1_slit has 0 polygons
2026-08-20 19:01:39 +0000: Memory Usage (138232K) : topmetal1 has 44 polygons
2026-08-20 19:01:39 +0000: Memory Usage (138232K) : topmetal1_pin has 0 polygons
2026-08-20 19:01:39 +0000: Memory Usage (138232K) : topmetal1_mask has 0 polygons
2026-08-20 19:01:39 +0000: Memory Usage (138232K) : topmetal1_nofill has 0 polygons
2026-08-20 19:01:39 +0000: Memory Usage (138360K) : topmetal1_text has 0 polygons
2026-08-20 19:01:39 +0000: Memory Usage (138360K) : topmetal1_noqrc has 0 polygons
2026-08-20 19:01:39 +0000: Memory Usage (138360K) : topmetal1_res has 0 polygons
2026-08-20 19:01:39 +0000: Memory Usage (138360K) : topmetal1_iprobe has 0 polygons
2026-08-20 19:01:39 +0000: Memory Usage (138360K) : topmetal1_diffprb has 0 polygons
2026-08-20 19:01:39 +0000: Memory Usage (138488K) : inldpwl_drw has 0 polygons
2026-08-20 19:01:39 +0000: Memory Usage (138488K) : polyres_drw has 0 polygons
2026-08-20 19:01:39 +0000: Memory Usage (138488K) : polyres_pin has 0 polygons
2026-08-20 19:01:39 +0000: Memory Usage (138488K) : vmim_drw has 0 polygons
2026-08-20 19:01:39 +0000: Memory Usage (138616K) : nbulaycut_drw has 0 polygons
2026-08-20 19:01:39 +0000: Memory Usage (138616K) : antmetal1_drw has 0 polygons
2026-08-20 19:01:39 +0000: Memory Usage (138616K) : topvia2_drw has 227 polygons
2026-08-20 19:01:39 +0000: Memory Usage (138744K) : topmetal2_drw has 41 polygons
2026-08-20 19:01:39 +0000: Memory Usage (138744K) : topmetal2_filler has 0 polygons
2026-08-20 19:01:39 +0000: Memory Usage (138744K) : topmetal2_slit has 0 polygons
2026-08-20 19:01:39 +0000: Memory Usage (138744K) : topmetal2 has 41 polygons
2026-08-20 19:01:39 +0000: Memory Usage (138872K) : topmetal2_pin has 0 polygons
2026-08-20 19:01:39 +0000: Memory Usage (138872K) : topmetal2_mask has 0 polygons
2026-08-20 19:01:39 +0000: Memory Usage (139000K) : topmetal2_nofill has 0 polygons
2026-08-20 19:01:39 +0000: Memory Usage (139000K) : topmetal2_text has 6 polygons
2026-08-20 19:01:39 +0000: Memory Usage (139000K) : topmetal2_noqrc has 0 polygons
2026-08-20 19:01:39 +0000: Memory Usage (139000K) : topmetal2_res has 0 polygons
2026-08-20 19:01:39 +0000: Memory Usage (139128K) : topmetal2_iprobe has 0 polygons
2026-08-20 19:01:39 +0000: Memory Usage (139128K) : topmetal2_diffprb has 0 polygons
2026-08-20 19:01:39 +0000: Memory Usage (139128K) : snsring_drw has 0 polygons
2026-08-20 19:01:39 +0000: Memory Usage (139128K) : sensor_drw has 0 polygons
2026-08-20 19:01:39 +0000: Memory Usage (139256K) : snsarms_drw has 0 polygons
2026-08-20 19:01:39 +0000: Memory Usage (139256K) : snscmosvia_drw has 0 polygons
2026-08-20 19:01:39 +0000: Memory Usage (139256K) : colwind_drw has 0 polygons
2026-08-20 19:01:39 +0000: Memory Usage (139256K) : flm_drw has 0 polygons
2026-08-20 19:01:39 +0000: Memory Usage (139384K) : hafniumox_drw has 0 polygons
2026-08-20 19:01:39 +0000: Memory Usage (139384K) : memvia_drw has 0 polygons
2026-08-20 19:01:39 +0000: Memory Usage (139384K) : thinfilmres_drw has 0 polygons
2026-08-20 19:01:39 +0000: Memory Usage (139512K) : rfmem_drw has 0 polygons
2026-08-20 19:01:39 +0000: Memory Usage (139512K) : norcx_drw has 0 polygons
2026-08-20 19:01:39 +0000: Memory Usage (139640K) : norcx_m2m3 has 0 polygons
2026-08-20 19:01:39 +0000: Memory Usage (139640K) : norcx_m2m4 has 0 polygons
2026-08-20 19:01:39 +0000: Memory Usage (139640K) : norcx_m2m5 has 0 polygons
2026-08-20 19:01:39 +0000: Memory Usage (139640K) : norcx_m2tm1 has 0 polygons
2026-08-20 19:01:39 +0000: Memory Usage (139768K) : norcx_m2tm2 has 0 polygons
2026-08-20 19:01:39 +0000: Memory Usage (139768K) : norcx_m3m4 has 0 polygons
2026-08-20 19:01:39 +0000: Memory Usage (139768K) : norcx_m3m5 has 0 polygons
2026-08-20 19:01:39 +0000: Memory Usage (139768K) : norcx_m3tm1 has 0 polygons
2026-08-20 19:01:39 +0000: Memory Usage (139768K) : norcx_m3tm2 has 0 polygons
2026-08-20 19:01:39 +0000: Memory Usage (139768K) : norcx_m4m5 has 0 polygons
2026-08-20 19:01:39 +0000: Memory Usage (139768K) : norcx_m4tm1 has 0 polygons
2026-08-20 19:01:39 +0000: Memory Usage (139768K) : norcx_m4tm2 has 0 polygons
2026-08-20 19:01:39 +0000: Memory Usage (139768K) : norcx_m5tm1 has 0 polygons
2026-08-20 19:01:39 +0000: Memory Usage (139768K) : norcx_m5tm2 has 0 polygons
2026-08-20 19:01:39 +0000: Memory Usage (139768K) : norcx_tm1tm2 has 0 polygons
2026-08-20 19:01:39 +0000: Memory Usage (139768K) : norcx_m1sub has 0 polygons
2026-08-20 19:01:39 +0000: Memory Usage (139768K) : norcx_m2sub has 0 polygons
2026-08-20 19:01:39 +0000: Memory Usage (139768K) : norcx_m3sub has 0 polygons
2026-08-20 19:01:39 +0000: Memory Usage (139768K) : norcx_m4sub has 0 polygons
2026-08-20 19:01:39 +0000: Memory Usage (139768K) : norcx_m5sub has 0 polygons
2026-08-20 19:01:39 +0000: Memory Usage (139768K) : norcx_tm1sub has 0 polygons
2026-08-20 19:01:39 +0000: Memory Usage (139768K) : norcx_tm2sub has 0 polygons
2026-08-20 19:01:39 +0000: Memory Usage (139768K) : snsbotvia_drw has 0 polygons
2026-08-20 19:01:39 +0000: Memory Usage (139768K) : snstopvia_drw has 0 polygons
2026-08-20 19:01:39 +0000: Memory Usage (139768K) : deepvia_drw has 0 polygons
2026-08-20 19:01:39 +0000: Memory Usage (139768K) : fgetch_drw has 0 polygons
2026-08-20 19:01:39 +0000: Memory Usage (139768K) : ctrgat_drw has 0 polygons
2026-08-20 19:01:39 +0000: Memory Usage (139768K) : fgimp_drw has 0 polygons
2026-08-20 19:01:39 +0000: Memory Usage (139768K) : emwihv_drw has 0 polygons
2026-08-20 19:01:39 +0000: Memory Usage (139768K) : lbe_drw has 0 polygons
2026-08-20 19:01:39 +0000: Memory Usage (139768K) : alcustop_drw has 0 polygons
2026-08-20 19:01:39 +0000: Memory Usage (139768K) : nometfiller_drw has 0 polygons
2026-08-20 19:01:39 +0000: Memory Usage (139768K) : prboundary_drw has 0 polygons
2026-08-20 19:01:39 +0000: Memory Usage (139768K) : exchange0_drw has 0 polygons
2026-08-20 19:01:39 +0000: Memory Usage (139768K) : exchange0_pin has 0 polygons
2026-08-20 19:01:39 +0000: Memory Usage (139768K) : exchange0_text has 0 polygons
2026-08-20 19:01:39 +0000: Memory Usage (139768K) : exchange1_drw has 0 polygons
2026-08-20 19:01:39 +0000: Memory Usage (139768K) : exchange1_pin has 0 polygons
2026-08-20 19:01:39 +0000: Memory Usage (139768K) : exchange1_text has 0 polygons
2026-08-20 19:01:39 +0000: Memory Usage (139768K) : exchange2_drw has 0 polygons
2026-08-20 19:01:39 +0000: Memory Usage (139768K) : exchange2_pin has 0 polygons
2026-08-20 19:01:39 +0000: Memory Usage (139768K) : exchange2_text has 0 polygons
2026-08-20 19:01:39 +0000: Memory Usage (139768K) : exchange3_drw has 0 polygons
2026-08-20 19:01:39 +0000: Memory Usage (139768K) : exchange3_pin has 0 polygons
2026-08-20 19:01:39 +0000: Memory Usage (139768K) : exchange3_text has 0 polygons
2026-08-20 19:01:39 +0000: Memory Usage (139768K) : exchange4_drw has 0 polygons
2026-08-20 19:01:39 +0000: Memory Usage (139768K) : exchange4_pin has 0 polygons
2026-08-20 19:01:39 +0000: Memory Usage (139768K) : exchange4_text has 0 polygons
2026-08-20 19:01:39 +0000: Memory Usage (139768K) : isonwell_drw has 0 polygons
2026-08-20 19:01:39 +0000: Memory Usage (139768K) : Total no. of polygons in the design is 28334
2026-08-20 19:01:39 +0000: Memory Usage (139768K) : Starting base layers derivations
2026-08-20 19:01:39 +0000: Memory Usage (139768K) : Starting general LVS derivations
2026-08-20 19:01:40 +0000: Memory Usage (143940K) : Starting MOSFET DERIVATIONS
2026-08-20 19:01:40 +0000: Memory Usage (144580K) : Starting NMOS DERIVATIONS
2026-08-20 19:01:40 +0000: Memory Usage (144580K) : Starting PMOS DERIVATIONS
2026-08-20 19:01:40 +0000: Memory Usage (144580K) : Starting RF-MOSFET DERIVATIONS
2026-08-20 19:01:40 +0000: Memory Usage (144580K) : Starting RF-NMOS DERIVATIONS
2026-08-20 19:01:40 +0000: Memory Usage (144580K) : Starting RF-PMOS DERIVATIONS
2026-08-20 19:01:40 +0000: Memory Usage (144580K) : Starting BJT DERIVATIONS
2026-08-20 19:01:40 +0000: Memory Usage (144580K) : Starting NPN-BJT DERIVATIONS
2026-08-20 19:01:40 +0000: Memory Usage (144580K) : Starting PNP-BJT DERIVATIONS
2026-08-20 19:01:40 +0000: Memory Usage (144580K) : Starting DIODE DERIVATIONS
2026-08-20 19:01:40 +0000: Memory Usage (144580K) : Starting RESISTOR DERIVATIONS
2026-08-20 19:01:40 +0000: Memory Usage (144580K) : Starting CAP DERIVATIONS
2026-08-20 19:01:40 +0000: Memory Usage (144580K) : Starting CAP_CMOM DERIVATIONS
2026-08-20 19:01:40 +0000: Memory Usage (144580K) : Starting CAP_CMOMF DERIVATIONS
2026-08-20 19:01:40 +0000: Memory Usage (144580K) : Starting ESD DERIVATIONS
2026-08-20 19:01:40 +0000: Memory Usage (144836K) : Starting Inductor DERIVATIONS
2026-08-20 19:01:40 +0000: Memory Usage (144836K) : Starting Taps DERIVATIONS
2026-08-20 19:01:40 +0000: Memory Usage (144836K) : Starting SG13G2 LVS connectivity setup
2026-08-20 19:01:40 +0000: Memory Usage (144836K) : Starting SG13G2 LVS connectivity setup (Inter-layer)
2026-08-20 19:01:40 +0000: Memory Usage (144964K) : Starting SG13G2 LVS connectivity setup (Global)
2026-08-20 19:01:40 +0000: Memory Usage (144964K) : Starting LVS MOSFET CONNECTIONS
2026-08-20 19:01:40 +0000: Memory Usage (144964K) : Starting LVS RF-MOSFET CONNECTIONS
2026-08-20 19:01:40 +0000: Memory Usage (144964K) : Starting LVS BJT CONNECTIONS
2026-08-20 19:01:40 +0000: Memory Usage (144964K) : Starting LVS DIODE CONNECTIONS
2026-08-20 19:01:40 +0000: Memory Usage (144964K) : Starting RESISTOR CONNECTIONS
2026-08-20 19:01:40 +0000: Memory Usage (144964K) : Starting LVS CAP CONNECTIONS
2026-08-20 19:01:40 +0000: Memory Usage (144964K) : Starting CAP_CMOM CONNECTIONS
2026-08-20 19:01:40 +0000: Memory Usage (144964K) : Starting CAP_CMOMF CONNECTIONS
2026-08-20 19:01:40 +0000: Memory Usage (144964K) : Starting ESD CONNECTIONS
2026-08-20 19:01:40 +0000: Memory Usage (144964K) : Starting Inductor CONNECTIONS
2026-08-20 19:01:40 +0000: Memory Usage (144964K) : Starting LVS Taps CONNECTIONS
2026-08-20 19:01:40 +0000: Memory Usage (144964K) : Starting SG13G2 LVS DEVICES EXTRACTION
2026-08-20 19:01:40 +0000: Memory Usage (144964K) : Starting MOSFET EXTRACTION
2026-08-20 19:01:40 +0000: Memory Usage (144964K) : Starting NMOS EXTRACTION
2026-08-20 19:01:40 +0000: Memory Usage (144964K) : Extraction of NMOS-LV transistor
2026-08-20 19:01:40 +0000: Memory Usage (145220K) : Extraction of NMOS-HV transistor
2026-08-20 19:01:40 +0000: Memory Usage (145220K) : Starting PMOS EXTRACTION
2026-08-20 19:01:40 +0000: Memory Usage (145220K) : Extraction of PMOS-LV transistor
2026-08-20 19:01:40 +0000: Memory Usage (145220K) : Extraction of PMOS-HV transistor
2026-08-20 19:01:40 +0000: Memory Usage (145220K) : Starting RF-MOSFET EXTRACTION
2026-08-20 19:01:40 +0000: Memory Usage (145220K) : Extraction of RF-NMOS-LV transistor
2026-08-20 19:01:40 +0000: Memory Usage (145220K) : Extraction of RF-NMOS-HV transistor
2026-08-20 19:01:40 +0000: Memory Usage (145220K) : Extraction of RF-PMOS-LV transistor
2026-08-20 19:01:40 +0000: Memory Usage (145220K) : Extraction of RF-PMOS-HV transistor
2026-08-20 19:01:40 +0000: Memory Usage (145220K) : Starting BJT EXTRACTION
2026-08-20 19:01:40 +0000: Memory Usage (145220K) : Starting NPN-BJT EXTRACTION
2026-08-20 19:01:40 +0000: Memory Usage (145220K) : Extraction of npn13G2 BJT transistor
2026-08-20 19:01:40 +0000: Memory Usage (145220K) : Extraction of npn13G2L BJT transistor
2026-08-20 19:01:40 +0000: Memory Usage (145220K) : Extraction of npn13G2V BJT transistor
2026-08-20 19:01:40 +0000: Memory Usage (145220K) : Starting PNP-BJT EXTRACTION
2026-08-20 19:01:40 +0000: Memory Usage (145220K) : Extracting pnpMPA BJT
2026-08-20 19:01:40 +0000: Memory Usage (145220K) : Starting DIODE EXTRACTION
2026-08-20 19:01:40 +0000: Memory Usage (145220K) : Extracting dantenna diode
2026-08-20 19:01:40 +0000: Memory Usage (145220K) : Extracting dpantenna diode
2026-08-20 19:01:40 +0000: Memory Usage (145220K) : Extracting schottky_nbl1 diode
2026-08-20 19:01:40 +0000: Memory Usage (145220K) : Extracting isolbox diode
2026-08-20 19:01:40 +0000: Memory Usage (145220K) : Starting RESISTOR EXTRACTION
2026-08-20 19:01:40 +0000: Memory Usage (145220K) : Extracting rsil resistor
2026-08-20 19:01:40 +0000: Memory Usage (145220K) : Extracting rppd resistor
2026-08-20 19:01:40 +0000: Memory Usage (145220K) : Extracting rhigh resistor
2026-08-20 19:01:40 +0000: Memory Usage (145220K) : Extracting res_metal1 resistor
2026-08-20 19:01:40 +0000: Memory Usage (145348K) : Extracting res_metal2 resistor
2026-08-20 19:01:40 +0000: Memory Usage (145348K) : Extracting res_metal3 resistor
2026-08-20 19:01:40 +0000: Memory Usage (145348K) : Extracting res_metal4 resistor
2026-08-20 19:01:40 +0000: Memory Usage (145348K) : Extracting res_metal5 resistor
2026-08-20 19:01:40 +0000: Memory Usage (145348K) : Extracting res_topmetal1 resistor
2026-08-20 19:01:40 +0000: Memory Usage (145348K) : Extracting res_topmetal2 resistor
2026-08-20 19:01:40 +0000: Memory Usage (145348K) : Starting CAP EXTRACTION
2026-08-20 19:01:40 +0000: Memory Usage (145348K) : Extracting cap_cmim device
2026-08-20 19:01:40 +0000: Memory Usage (145348K) : Extracting rfcmim device
2026-08-20 19:01:40 +0000: Memory Usage (145348K) : Extracting sg13_hv_svaricap varactor
2026-08-20 19:01:40 +0000: Memory Usage (145348K) : Extracting cap_cmomi device
2026-08-20 19:01:40 +0000: Memory Usage (145348K) : Extracting cap_cmomf device
2026-08-20 19:01:40 +0000: Memory Usage (145348K) : Extracting sg13_moscap_n capacitor
2026-08-20 19:01:40 +0000: Memory Usage (145348K) : Extracting sg13_moscap_p capacitor
2026-08-20 19:01:40 +0000: Memory Usage (145348K) : Starting ESD EXTRACTION
2026-08-20 19:01:40 +0000: Memory Usage (145348K) : Extracting diodevdd_2kv ESD device
2026-08-20 19:01:40 +0000: Memory Usage (145348K) : Extracting diodevdd_4kv ESD device
2026-08-20 19:01:40 +0000: Memory Usage (145348K) : Extracting diodevss_2kv ESD device
2026-08-20 19:01:40 +0000: Memory Usage (145348K) : Extracting diodevss_4kv ESD device
2026-08-20 19:01:40 +0000: Memory Usage (145348K) : Extracting idiodevdd_2kv ESD device
2026-08-20 19:01:40 +0000: Memory Usage (145348K) : Extracting idiodevdd_4kv ESD device
2026-08-20 19:01:40 +0000: Memory Usage (145348K) : Extracting idiodevss_2kv ESD device
2026-08-20 19:01:40 +0000: Memory Usage (145348K) : Extracting idiodevss_4kv ESD device
2026-08-20 19:01:40 +0000: Memory Usage (145348K) : Extracting nmoscl_2 ESD device
2026-08-20 19:01:40 +0000: Memory Usage (145348K) : Extracting nmoscl_4 ESD device
2026-08-20 19:01:40 +0000: Memory Usage (145348K) : Starting Inductor EXTRACTION
2026-08-20 19:01:40 +0000: Memory Usage (145348K) : Extracting Inductor2 device
2026-08-20 19:01:40 +0000: Memory Usage (145348K) : Extracting Inductor3 device
2026-08-20 19:01:40 +0000: Memory Usage (145348K) : Starting Taps EXTRACTION
2026-08-20 19:01:40 +0000: Memory Usage (145348K) : DISABLE_TAP_EXTRACTION is enabled: skipping ntap1/ptap1 device extraction.
2026-08-20 19:01:40 +0000: Memory Usage (145348K) : Starting SG13G2 LVS RF MOS Model Mapping
2026-08-20 19:01:41 +0000: Memory Usage (145348K) : [layout_netlist] Apply RF MOS model mapping and rfmode parameter.
2026-08-20 19:01:41 +0000: Memory Usage (145348K) : Starting SG13G2 LVS Options Preparations
2026-08-20 19:01:41 +0000: Memory Usage (145348K) : SG13G2 LVS flow: extraction -> alignment -> option preparation -> comparison.
2026-08-20 19:01:41 +0000: Memory Usage (145348K) : Starting SG13G2 LVS Alignment
2026-08-20 19:01:41 +0000: Memory Usage (145476K) : Starting SG13G2 LVS Simplification
2026-08-20 19:01:41 +0000: Memory Usage (145476K) : [layout_netlist] simplify: ENABLED
2026-08-20 19:01:41 +0000: Memory Usage (145476K) : [layout_netlist] make_top_level_pins: SKIPPED
2026-08-20 19:01:41 +0000: Memory Usage (145476K) : [layout_netlist] combine_devices: SKIPPED
2026-08-20 19:01:41 +0000: Memory Usage (145476K) : [layout_netlist] purge: SKIPPED
2026-08-20 19:01:41 +0000: Memory Usage (145476K) : [layout_netlist] purge_nets: SKIPPED
2026-08-20 19:01:41 +0000: Memory Usage (145476K) : [schematic_netlist] simplify: ENABLED
2026-08-20 19:01:41 +0000: Memory Usage (145476K) : [schematic_netlist] make_top_level_pins: SKIPPED
2026-08-20 19:01:41 +0000: Memory Usage (145476K) : [schematic_netlist] combine_devices: SKIPPED
2026-08-20 19:01:41 +0000: Memory Usage (145476K) : [schematic_netlist] purge: SKIPPED
2026-08-20 19:01:41 +0000: Memory Usage (145476K) : [schematic_netlist] purge_nets: SKIPPED
2026-08-20 19:01:41 +0000: Memory Usage (145476K) : Starting SG13G2 LVS Comparison
2026-08-20 19:01:41 +0000: Memory Usage (145604K) : xxxxxxxxxxxxxxxxxxxxxxxxxxxxxxxxxxxxxxxxxx
2026-08-20 19:01:41 +0000: Memory Usage (145604K) : ERROR : Netlists don't match
2026-08-20 19:01:41 +0000: Memory Usage (145604K) : xxxxxxxxxxxxxxxxxxxxxxxxxxxxxxxxxxxxxxxxxx
2026-08-20 19:01:41 +0000: Memory Usage (145604K) : LVS Total Run time 1.228527 seconds

--- stderr ---
20-Aug-2026 19:01:39 | INFO    | Your Klayout version is: KLayout 0.30.5 (required >= 0.30.5)
20-Aug-2026 19:01:39 | INFO    | Running SG13G2 LVS checks on design /workspace/layout/blocks/out/driver_stage/bisect_run/_probe4_no_ties/driver_dut.gds on cell driver_dut
20-Aug-2026 19:01:41 | INFO    | ==============================================================================
20-Aug-2026 19:01:41 | INFO    | Important Summary
20-Aug-2026 19:01:41 | INFO    | +------------------+--------------------------------------------------------------------------+
20-Aug-2026 19:01:41 | INFO    | | Status           | FAIL                                                                     |
20-Aug-2026 19:01:41 | INFO    | | Mode             | COMPARE                                                                  |
20-Aug-2026 19:01:41 | INFO    | | Outcome          | Comparison mode: FAIL (netlists do not match).                           |
20-Aug-2026 19:01:41 | INFO    | | Layout           | driver_dut.gds                                                           |
20-Aug-2026 19:01:41 | INFO    | | Top Cell         | driver_dut                                                               |
20-Aug-2026 19:01:41 | INFO    | | Results Dir      | /workspace/layout/blocks/out/driver_stage/bisect_run/_probe4_no_ties/lvs |
20-Aug-2026 19:01:41 | INFO    | | Warnings         | 0                                                                        |
20-Aug-2026 19:01:41 | INFO    | | Errors           | 1                                                                        |
20-Aug-2026 19:01:41 | INFO    | | Run Time (s)     | 1.556                                                                    |
20-Aug-2026 19:01:41 | INFO    | +------------------+--------------------------------------------------------------------------+
20-Aug-2026 19:01:41 | ERROR   | Key errors:
20-Aug-2026 19:01:41 | ERROR   |   - 2026-08-20 19:01:41 +0000: Memory Usage (145604K) : ERROR : Netlists don't match
20-Aug-2026 19:01:41 | INFO    | ==============================================================================

