# Logfile created on 2026-08-20 15:37:31 +0000 by logger.rb/v1.5.3
2026-08-20 15:37:31 +0000: Memory Usage (127992K) : Starting running SG13G2 Klayout LVS runset on /workspace/layout/blocks/out/driver_stage/bisect_extra/coils+loads+tapeout/driver_dut.gds
2026-08-20 15:37:31 +0000: Memory Usage (127992K) : Ruby Version for klayout: 3.2.3
2026-08-20 15:37:31 +0000: Memory Usage (129456K) : Loading database to memory is complete.
2026-08-20 15:37:31 +0000: Memory Usage (129456K) : SG13G2 Klayout LVS runset output at: /workspace/layout/blocks/out/driver_stage/bisect_extra/coils+loads+tapeout/lvs/driver_dut.lvsdb
2026-08-20 15:37:31 +0000: Memory Usage (129456K) : Evaluate switches.
2026-08-20 15:37:31 +0000: Memory Usage (129456K) : Extracted netlist with net names: true
2026-08-20 15:37:31 +0000: Memory Usage (129456K) : Extracted netlist with comments in details: false
2026-08-20 15:37:31 +0000: Memory Usage (129456K) : Selected NET_ONLY option: false
2026-08-20 15:37:31 +0000: Memory Usage (129456K) : Selected LAYOUT_NETLIST option: (none)
2026-08-20 15:37:31 +0000: Memory Usage (129456K) : Selected IGNORE_TOP_PORTS_MISMATCH option: true
2026-08-20 15:37:31 +0000: Memory Usage (129456K) : Selected IMPLICIT_NETS option: sub,sub!
2026-08-20 15:37:31 +0000: Memory Usage (129456K) : Selected TOP_LVL_PINS option: false
2026-08-20 15:37:31 +0000: Memory Usage (129456K) : Selected COMBINE DEVICES option: false
2026-08-20 15:37:31 +0000: Memory Usage (129456K) : Selected PURGE option: false
2026-08-20 15:37:31 +0000: Memory Usage (129456K) : Selected PURGE_NETS option: false
2026-08-20 15:37:31 +0000: Memory Usage (129456K) : Selected SIMPLIFY option: true
2026-08-20 15:37:31 +0000: Memory Usage (129456K) : Selected SERIES_RES option: true
2026-08-20 15:37:31 +0000: Memory Usage (129456K) : Selected PARALLEL_RES option: true
2026-08-20 15:37:31 +0000: Memory Usage (129456K) : Selected DISABLE_TAP_EXTRACTION option: true
2026-08-20 15:37:31 +0000: Memory Usage (129456K) : deep  mode is enabled.
2026-08-20 15:37:31 +0000: Memory Usage (129456K) : Applying implicit connections (case-sensitive, pattern supported) for nets: sub, sub!
2026-08-20 15:37:31 +0000: Memory Usage (130636K) : Netlist file: /workspace/layout/blocks/out/driver_stage/bisect_extra/coils+loads+tapeout/driver_dut.cdl
2026-08-20 15:37:31 +0000: Memory Usage (130636K) : LVS extracted netlist at: /workspace/layout/blocks/out/driver_stage/bisect_extra/coils+loads+tapeout/lvs/driver_dut_extracted.cir
2026-08-20 15:37:31 +0000: Memory Usage (130636K) : Applying SRAM integration support.
2026-08-20 15:37:31 +0000: Memory Usage (130636K) : Starting SG13G2 LVS runset
2026-08-20 15:37:31 +0000: Memory Usage (130636K) : Read in polygons from layers.
2026-08-20 15:37:31 +0000: Memory Usage (131680K) : activ_drw has 869 polygons
2026-08-20 15:37:31 +0000: Memory Usage (131680K) : activ_filler has 0 polygons
2026-08-20 15:37:31 +0000: Memory Usage (131808K) : activ has 869 polygons
2026-08-20 15:37:31 +0000: Memory Usage (131808K) : activ_pin has 0 polygons
2026-08-20 15:37:31 +0000: Memory Usage (131808K) : activ_mask has 4 polygons
2026-08-20 15:37:31 +0000: Memory Usage (131808K) : activ_nofill has 2 polygons
2026-08-20 15:37:31 +0000: Memory Usage (131808K) : activ_OPC has 0 polygons
2026-08-20 15:37:31 +0000: Memory Usage (131808K) : activ_iOPC has 0 polygons
2026-08-20 15:37:31 +0000: Memory Usage (131808K) : activ_noqrc has 0 polygons
2026-08-20 15:37:31 +0000: Memory Usage (131808K) : biwind_drw has 0 polygons
2026-08-20 15:37:31 +0000: Memory Usage (131808K) : biwind_OPC has 0 polygons
2026-08-20 15:37:31 +0000: Memory Usage (131808K) : gatpoly_drw has 128 polygons
2026-08-20 15:37:31 +0000: Memory Usage (131808K) : gatpoly_filler has 0 polygons
2026-08-20 15:37:31 +0000: Memory Usage (131808K) : gatpoly has 128 polygons
2026-08-20 15:37:31 +0000: Memory Usage (131864K) : gatpoly_pin has 119 polygons
2026-08-20 15:37:31 +0000: Memory Usage (132376K) : gatpoly_nofill has 2 polygons
2026-08-20 15:37:31 +0000: Memory Usage (132376K) : gatpoly_OPC has 0 polygons
2026-08-20 15:37:31 +0000: Memory Usage (132376K) : gatpoly_iOPC has 0 polygons
2026-08-20 15:37:31 +0000: Memory Usage (132376K) : gatpoly_noqrc has 0 polygons
2026-08-20 15:37:31 +0000: Memory Usage (132376K) : cont_drw has 8838 polygons
2026-08-20 15:37:31 +0000: Memory Usage (132376K) : cont_OPC has 0 polygons
2026-08-20 15:37:31 +0000: Memory Usage (132376K) : nsd_drw has 0 polygons
2026-08-20 15:37:31 +0000: Memory Usage (132376K) : nsd_block has 4 polygons
2026-08-20 15:37:31 +0000: Memory Usage (132376K) : metal1_drw has 1507 polygons
2026-08-20 15:37:31 +0000: Memory Usage (132376K) : metal1_filler has 0 polygons
2026-08-20 15:37:31 +0000: Memory Usage (132376K) : metal1_slit has 0 polygons
2026-08-20 15:37:31 +0000: Memory Usage (132504K) : metal1 has 1507 polygons
2026-08-20 15:37:31 +0000: Memory Usage (132504K) : metal1_pin has 746 polygons
2026-08-20 15:37:31 +0000: Memory Usage (132504K) : metal1_mask has 0 polygons
2026-08-20 15:37:31 +0000: Memory Usage (132504K) : metal1_nofill has 2 polygons
2026-08-20 15:37:31 +0000: Memory Usage (132632K) : metal1_text has 5 polygons
2026-08-20 15:37:31 +0000: Memory Usage (132632K) : metal1_OPC has 0 polygons
2026-08-20 15:37:31 +0000: Memory Usage (132632K) : metal1_noqrc has 0 polygons
2026-08-20 15:37:31 +0000: Memory Usage (132632K) : metal1_res has 0 polygons
2026-08-20 15:37:31 +0000: Memory Usage (132632K) : metal1_iprobe has 0 polygons
2026-08-20 15:37:31 +0000: Memory Usage (132632K) : metal1_diffprb has 0 polygons
2026-08-20 15:37:31 +0000: Memory Usage (132632K) : passiv_drw has 0 polygons
2026-08-20 15:37:31 +0000: Memory Usage (132632K) : passiv_pin has 0 polygons
2026-08-20 15:37:31 +0000: Memory Usage (132760K) : passiv_sbump has 0 polygons
2026-08-20 15:37:31 +0000: Memory Usage (132760K) : passiv_pillar has 0 polygons
2026-08-20 15:37:31 +0000: Memory Usage (132888K) : passiv_pdl has 0 polygons
2026-08-20 15:37:31 +0000: Memory Usage (133016K) : metal2_drw has 513 polygons
2026-08-20 15:37:31 +0000: Memory Usage (133016K) : metal2_filler has 0 polygons
2026-08-20 15:37:31 +0000: Memory Usage (133144K) : metal2_slit has 0 polygons
2026-08-20 15:37:31 +0000: Memory Usage (133144K) : metal2 has 513 polygons
2026-08-20 15:37:31 +0000: Memory Usage (133144K) : metal2_pin has 2 polygons
2026-08-20 15:37:31 +0000: Memory Usage (133144K) : metal2_mask has 0 polygons
2026-08-20 15:37:31 +0000: Memory Usage (133272K) : metal2_nofill has 2 polygons
2026-08-20 15:37:31 +0000: Memory Usage (133272K) : metal2_text has 3 polygons
2026-08-20 15:37:31 +0000: Memory Usage (133272K) : metal2_OPC has 0 polygons
2026-08-20 15:37:31 +0000: Memory Usage (133272K) : metal2_noqrc has 0 polygons
2026-08-20 15:37:31 +0000: Memory Usage (133400K) : metal2_res has 0 polygons
2026-08-20 15:37:31 +0000: Memory Usage (133400K) : metal2_iprobe has 0 polygons
2026-08-20 15:37:31 +0000: Memory Usage (133400K) : metal2_diffprb has 0 polygons
2026-08-20 15:37:31 +0000: Memory Usage (133400K) : baspoly_drw has 0 polygons
2026-08-20 15:37:31 +0000: Memory Usage (133528K) : baspoly_pin has 0 polygons
2026-08-20 15:37:31 +0000: Memory Usage (133528K) : psd_drw has 502 polygons
2026-08-20 15:37:31 +0000: Memory Usage (133528K) : nldb_drw has 0 polygons
2026-08-20 15:37:31 +0000: Memory Usage (133528K) : digibnd_drw has 0 polygons
2026-08-20 15:37:31 +0000: Memory Usage (133656K) : via1_drw has 5760 polygons
2026-08-20 15:37:31 +0000: Memory Usage (133656K) : backmetal1_drw has 0 polygons
2026-08-20 15:37:31 +0000: Memory Usage (133656K) : backmetal1_pin has 0 polygons
2026-08-20 15:37:31 +0000: Memory Usage (133656K) : backmetal1_mask has 0 polygons
2026-08-20 15:37:31 +0000: Memory Usage (133784K) : backmetal1_filler has 0 polygons
2026-08-20 15:37:31 +0000: Memory Usage (133784K) : backmetal1_nofill has 0 polygons
2026-08-20 15:37:31 +0000: Memory Usage (133784K) : backmetal1_slit has 0 polygons
2026-08-20 15:37:31 +0000: Memory Usage (133784K) : backmetal1_text has 0 polygons
2026-08-20 15:37:31 +0000: Memory Usage (133912K) : backmetal1_OPC has 0 polygons
2026-08-20 15:37:31 +0000: Memory Usage (133912K) : backmetal1_noqrc has 0 polygons
2026-08-20 15:37:31 +0000: Memory Usage (133912K) : backmetal1_res has 0 polygons
2026-08-20 15:37:31 +0000: Memory Usage (133912K) : backmetal1_iprobe has 0 polygons
2026-08-20 15:37:31 +0000: Memory Usage (134040K) : backmetal1_diffprb has 0 polygons
2026-08-20 15:37:31 +0000: Memory Usage (134040K) : backpassiv_drw has 0 polygons
2026-08-20 15:37:31 +0000: Memory Usage (134040K) : res_drw has 2 polygons
2026-08-20 15:37:31 +0000: Memory Usage (134040K) : sram_drw has 0 polygons
2026-08-20 15:37:31 +0000: Memory Usage (134168K) : trans_drw has 2 polygons
2026-08-20 15:37:31 +0000: Memory Usage (134168K) : ind_drw has 2 polygons
2026-08-20 15:37:31 +0000: Memory Usage (134168K) : ind_pin has 4 polygons
2026-08-20 15:37:31 +0000: Memory Usage (134168K) : ind_text has 4 polygons
2026-08-20 15:37:31 +0000: Memory Usage (134296K) : salblock_drw has 0 polygons
2026-08-20 15:37:31 +0000: Memory Usage (134296K) : via2_drw has 24 polygons
2026-08-20 15:37:31 +0000: Memory Usage (134296K) : metal3_drw has 15 polygons
2026-08-20 15:37:31 +0000: Memory Usage (134424K) : metal3_filler has 0 polygons
2026-08-20 15:37:31 +0000: Memory Usage (134424K) : metal3_slit has 0 polygons
2026-08-20 15:37:31 +0000: Memory Usage (134424K) : metal3 has 15 polygons
2026-08-20 15:37:31 +0000: Memory Usage (134424K) : metal3_pin has 0 polygons
2026-08-20 15:37:31 +0000: Memory Usage (134424K) : metal3_mask has 0 polygons
2026-08-20 15:37:31 +0000: Memory Usage (134424K) : metal3_nofill has 2 polygons
2026-08-20 15:37:31 +0000: Memory Usage (134424K) : metal3_text has 0 polygons
2026-08-20 15:37:31 +0000: Memory Usage (134424K) : metal3_OPC has 0 polygons
2026-08-20 15:37:31 +0000: Memory Usage (134424K) : metal3_noqrc has 0 polygons
2026-08-20 15:37:31 +0000: Memory Usage (134424K) : metal3_res has 0 polygons
2026-08-20 15:37:31 +0000: Memory Usage (134552K) : metal3_iprobe has 0 polygons
2026-08-20 15:37:31 +0000: Memory Usage (134552K) : metal3_diffprb has 0 polygons
2026-08-20 15:37:31 +0000: Memory Usage (134552K) : nwell_drw has 0 polygons
2026-08-20 15:37:31 +0000: Memory Usage (134552K) : nwell_pin has 0 polygons
2026-08-20 15:37:31 +0000: Memory Usage (134552K) : nwell_text has 0 polygons
2026-08-20 15:37:31 +0000: Memory Usage (134552K) : nbulay_drw has 0 polygons
2026-08-20 15:37:31 +0000: Memory Usage (134680K) : nbulay_pin has 0 polygons
2026-08-20 15:37:31 +0000: Memory Usage (134680K) : nbulay_block has 0 polygons
2026-08-20 15:37:31 +0000: Memory Usage (134680K) : emwind_drw has 4 polygons
2026-08-20 15:37:31 +0000: Memory Usage (134680K) : emwind_OPC has 0 polygons
2026-08-20 15:37:31 +0000: Memory Usage (134680K) : deepco_drw has 0 polygons
2026-08-20 15:37:31 +0000: Memory Usage (134808K) : mim_drw has 0 polygons
2026-08-20 15:37:31 +0000: Memory Usage (134808K) : edgeseal_drw has 0 polygons
2026-08-20 15:37:31 +0000: Memory Usage (134808K) : substrate_drw has 500 polygons
2026-08-20 15:37:31 +0000: Memory Usage (134808K) : substrate_text has 0 polygons
2026-08-20 15:37:31 +0000: Memory Usage (134808K) : dfpad_drw has 0 polygons
2026-08-20 15:37:31 +0000: Memory Usage (134808K) : dfpad_pillar has 0 polygons
2026-08-20 15:37:31 +0000: Memory Usage (134936K) : dfpad_sbump has 0 polygons
2026-08-20 15:37:31 +0000: Memory Usage (134936K) : thickgateox_drw has 0 polygons
2026-08-20 15:37:31 +0000: Memory Usage (134936K) : pldb_drw has 0 polygons
2026-08-20 15:37:31 +0000: Memory Usage (134936K) : pwell_drw has 0 polygons
2026-08-20 15:37:31 +0000: Memory Usage (134936K) : pwell_pin has 0 polygons
2026-08-20 15:37:31 +0000: Memory Usage (134936K) : pwell_block has 2 polygons
2026-08-20 15:37:31 +0000: Memory Usage (135064K) : ic_drw has 0 polygons
2026-08-20 15:37:31 +0000: Memory Usage (135064K) : via3_drw has 33 polygons
2026-08-20 15:37:31 +0000: Memory Usage (135064K) : metal4_drw has 17 polygons
2026-08-20 15:37:31 +0000: Memory Usage (135064K) : metal4_filler has 0 polygons
2026-08-20 15:37:31 +0000: Memory Usage (135064K) : metal4_slit has 0 polygons
2026-08-20 15:37:31 +0000: Memory Usage (135064K) : metal4 has 17 polygons
2026-08-20 15:37:31 +0000: Memory Usage (135192K) : metal4_pin has 0 polygons
2026-08-20 15:37:31 +0000: Memory Usage (135192K) : metal4_mask has 0 polygons
2026-08-20 15:37:31 +0000: Memory Usage (135192K) : metal4_nofill has 2 polygons
2026-08-20 15:37:31 +0000: Memory Usage (135192K) : metal4_text has 3 polygons
2026-08-20 15:37:31 +0000: Memory Usage (135192K) : metal4_OPC has 0 polygons
2026-08-20 15:37:31 +0000: Memory Usage (135320K) : metal4_noqrc has 0 polygons
2026-08-20 15:37:31 +0000: Memory Usage (135320K) : metal4_res has 0 polygons
2026-08-20 15:37:31 +0000: Memory Usage (135320K) : metal4_iprobe has 0 polygons
2026-08-20 15:37:31 +0000: Memory Usage (135320K) : metal4_diffprb has 0 polygons
2026-08-20 15:37:31 +0000: Memory Usage (135320K) : heattrans_drw has 123 polygons
2026-08-20 15:37:31 +0000: Memory Usage (135320K) : heatres_drw has 2 polygons
2026-08-20 15:37:31 +0000: Memory Usage (135320K) : fbe_drw has 0 polygons
2026-08-20 15:37:31 +0000: Memory Usage (135320K) : empoly_drw has 0 polygons
2026-08-20 15:37:31 +0000: Memory Usage (135448K) : digisub_drw has 0 polygons
2026-08-20 15:37:31 +0000: Memory Usage (135448K) : text_drw has 635 polygons
2026-08-20 15:37:31 +0000: Memory Usage (135448K) : via4_drw has 27 polygons
2026-08-20 15:37:31 +0000: Memory Usage (135448K) : metal5_drw has 22 polygons
2026-08-20 15:37:31 +0000: Memory Usage (135448K) : metal5_filler has 0 polygons
2026-08-20 15:37:31 +0000: Memory Usage (135448K) : metal5_slit has 0 polygons
2026-08-20 15:37:31 +0000: Memory Usage (135576K) : metal5 has 22 polygons
2026-08-20 15:37:31 +0000: Memory Usage (135576K) : metal5_pin has 0 polygons
2026-08-20 15:37:31 +0000: Memory Usage (135576K) : metal5_mask has 0 polygons
2026-08-20 15:37:31 +0000: Memory Usage (135576K) : metal5_nofill has 2 polygons
2026-08-20 15:37:31 +0000: Memory Usage (135576K) : metal5_text has 2 polygons
2026-08-20 15:37:31 +0000: Memory Usage (135576K) : metal5_OPC has 0 polygons
2026-08-20 15:37:31 +0000: Memory Usage (135704K) : metal5_noqrc has 0 polygons
2026-08-20 15:37:31 +0000: Memory Usage (135704K) : metal5_res has 0 polygons
2026-08-20 15:37:31 +0000: Memory Usage (135704K) : metal5_iprobe has 0 polygons
2026-08-20 15:37:31 +0000: Memory Usage (135704K) : metal5_diffprb has 0 polygons
2026-08-20 15:37:31 +0000: Memory Usage (135704K) : radhard_drw has 0 polygons
2026-08-20 15:37:31 +0000: Memory Usage (135704K) : memcap_drw has 0 polygons
2026-08-20 15:37:31 +0000: Memory Usage (135832K) : varicap_drw has 0 polygons
2026-08-20 15:37:31 +0000: Memory Usage (135832K) : intbondvia_drw has 0 polygons
2026-08-20 15:37:31 +0000: Memory Usage (135832K) : intbondmet_drw has 0 polygons
2026-08-20 15:37:31 +0000: Memory Usage (135832K) : devbondvia_drw has 0 polygons
2026-08-20 15:37:31 +0000: Memory Usage (135832K) : devbondmet_drw has 0 polygons
2026-08-20 15:37:31 +0000: Memory Usage (135832K) : devtrench_drw has 0 polygons
2026-08-20 15:37:31 +0000: Memory Usage (135960K) : redist_drw has 0 polygons
2026-08-20 15:37:31 +0000: Memory Usage (135960K) : graphbot_drw has 0 polygons
2026-08-20 15:37:31 +0000: Memory Usage (135960K) : graphtop_drw has 0 polygons
2026-08-20 15:37:31 +0000: Memory Usage (135960K) : antvia1_drw has 0 polygons
2026-08-20 15:37:31 +0000: Memory Usage (135960K) : antmetal2_drw has 0 polygons
2026-08-20 15:37:31 +0000: Memory Usage (135960K) : graphcont_drw has 0 polygons
2026-08-20 15:37:31 +0000: Memory Usage (136088K) : siwg_drw has 0 polygons
2026-08-20 15:37:31 +0000: Memory Usage (136088K) : siwg_filler has 0 polygons
2026-08-20 15:37:31 +0000: Memory Usage (136088K) : siwg_nofill has 0 polygons
2026-08-20 15:37:31 +0000: Memory Usage (136088K) : sigrating_drw has 0 polygons
2026-08-20 15:37:31 +0000: Memory Usage (136216K) : singrating_drw has 0 polygons
2026-08-20 15:37:31 +0000: Memory Usage (136216K) : graphpas_drw has 0 polygons
2026-08-20 15:37:31 +0000: Memory Usage (136216K) : emwind3_drw has 0 polygons
2026-08-20 15:37:31 +0000: Memory Usage (136216K) : emwihv3_drw has 0 polygons
2026-08-20 15:37:31 +0000: Memory Usage (136344K) : redbulay_drw has 0 polygons
2026-08-20 15:37:31 +0000: Memory Usage (136344K) : smos_drw has 0 polygons
2026-08-20 15:37:31 +0000: Memory Usage (136344K) : graphpad_drw has 0 polygons
2026-08-20 15:37:31 +0000: Memory Usage (136344K) : polimide_drw has 0 polygons
2026-08-20 15:37:31 +0000: Memory Usage (136344K) : polimide_pin has 0 polygons
2026-08-20 15:37:31 +0000: Memory Usage (136344K) : recog_drw has 0 polygons
2026-08-20 15:37:31 +0000: Memory Usage (136472K) : recog_pin has 0 polygons
2026-08-20 15:37:31 +0000: Memory Usage (136472K) : recog_esd has 0 polygons
2026-08-20 15:37:31 +0000: Memory Usage (136472K) : recog_diode has 0 polygons
2026-08-20 15:37:31 +0000: Memory Usage (136472K) : recog_tsv has 0 polygons
2026-08-20 15:37:31 +0000: Memory Usage (136472K) : recog_iprobe has 0 polygons
2026-08-20 15:37:31 +0000: Memory Usage (136472K) : recog_diffprb has 0 polygons
2026-08-20 15:37:31 +0000: Memory Usage (136600K) : recog_pillar has 0 polygons
2026-08-20 15:37:31 +0000: Memory Usage (136600K) : recog_sbump has 0 polygons
2026-08-20 15:37:31 +0000: Memory Usage (136600K) : recog_otp has 0 polygons
2026-08-20 15:37:31 +0000: Memory Usage (136600K) : recog_pdiode has 0 polygons
2026-08-20 15:37:31 +0000: Memory Usage (136600K) : recog_mom has 0 polygons
2026-08-20 15:37:31 +0000: Memory Usage (136728K) : recog_momf has 0 polygons
2026-08-20 15:37:31 +0000: Memory Usage (136728K) : recog_pcm has 0 polygons
2026-08-20 15:37:31 +0000: Memory Usage (136728K) : colopen_drw has 0 polygons
2026-08-20 15:37:31 +0000: Memory Usage (136728K) : graphmetal1_drw has 0 polygons
2026-08-20 15:37:31 +0000: Memory Usage (136728K) : graphmetal1_filler has 0 polygons
2026-08-20 15:37:31 +0000: Memory Usage (136728K) : graphmetal1_nofill has 0 polygons
2026-08-20 15:37:31 +0000: Memory Usage (136856K) : graphmetal1_slit has 0 polygons
2026-08-20 15:37:31 +0000: Memory Usage (136856K) : graphmetal1_OPC has 0 polygons
2026-08-20 15:37:31 +0000: Memory Usage (136856K) : graphmet1l_drw has 0 polygons
2026-08-20 15:37:31 +0000: Memory Usage (136856K) : graphmet1l_filler has 0 polygons
2026-08-20 15:37:31 +0000: Memory Usage (136856K) : graphmet1l_nofill has 0 polygons
2026-08-20 15:37:31 +0000: Memory Usage (136984K) : graphmet1l_slit has 0 polygons
2026-08-20 15:37:31 +0000: Memory Usage (136984K) : graphmet1l_OPC has 0 polygons
2026-08-20 15:37:31 +0000: Memory Usage (136984K) : extblock_drw has 6 polygons
2026-08-20 15:37:31 +0000: Memory Usage (136984K) : nldd_drw has 0 polygons
2026-08-20 15:37:31 +0000: Memory Usage (136984K) : pldd_drw has 0 polygons
2026-08-20 15:37:31 +0000: Memory Usage (137112K) : next_drw has 0 polygons
2026-08-20 15:37:31 +0000: Memory Usage (137112K) : pext_drw has 0 polygons
2026-08-20 15:37:31 +0000: Memory Usage (137112K) : nexthv_drw has 0 polygons
2026-08-20 15:37:31 +0000: Memory Usage (137112K) : pexthv_drw has 0 polygons
2026-08-20 15:37:31 +0000: Memory Usage (137240K) : graphgate_drw has 0 polygons
2026-08-20 15:37:31 +0000: Memory Usage (137240K) : sinwg_drw has 0 polygons
2026-08-20 15:37:31 +0000: Memory Usage (137240K) : sinwg_filler has 0 polygons
2026-08-20 15:37:31 +0000: Memory Usage (137240K) : sinwg_nofill has 0 polygons
2026-08-20 15:37:31 +0000: Memory Usage (137368K) : mempad_drw has 0 polygons
2026-08-20 15:37:31 +0000: Memory Usage (137368K) : topvia1_drw has 3 polygons
2026-08-20 15:37:31 +0000: Memory Usage (137368K) : topmetal1_drw has 42 polygons
2026-08-20 15:37:31 +0000: Memory Usage (137368K) : topmetal1_filler has 0 polygons
2026-08-20 15:37:31 +0000: Memory Usage (137496K) : topmetal1_slit has 0 polygons
2026-08-20 15:37:31 +0000: Memory Usage (137496K) : topmetal1 has 42 polygons
2026-08-20 15:37:31 +0000: Memory Usage (137496K) : topmetal1_pin has 0 polygons
2026-08-20 15:37:31 +0000: Memory Usage (137496K) : topmetal1_mask has 0 polygons
2026-08-20 15:37:31 +0000: Memory Usage (137624K) : topmetal1_nofill has 2 polygons
2026-08-20 15:37:31 +0000: Memory Usage (137624K) : topmetal1_text has 0 polygons
2026-08-20 15:37:31 +0000: Memory Usage (137624K) : topmetal1_noqrc has 0 polygons
2026-08-20 15:37:31 +0000: Memory Usage (137624K) : topmetal1_res has 0 polygons
2026-08-20 15:37:31 +0000: Memory Usage (137752K) : topmetal1_iprobe has 0 polygons
2026-08-20 15:37:31 +0000: Memory Usage (137752K) : topmetal1_diffprb has 0 polygons
2026-08-20 15:37:31 +0000: Memory Usage (137752K) : inldpwl_drw has 0 polygons
2026-08-20 15:37:31 +0000: Memory Usage (137752K) : polyres_drw has 2 polygons
2026-08-20 15:37:31 +0000: Memory Usage (137880K) : polyres_pin has 0 polygons
2026-08-20 15:37:31 +0000: Memory Usage (137880K) : vmim_drw has 0 polygons
2026-08-20 15:37:31 +0000: Memory Usage (137880K) : nbulaycut_drw has 0 polygons
2026-08-20 15:37:31 +0000: Memory Usage (137880K) : antmetal1_drw has 0 polygons
2026-08-20 15:37:31 +0000: Memory Usage (138008K) : topvia2_drw has 37 polygons
2026-08-20 15:37:31 +0000: Memory Usage (138008K) : topmetal2_drw has 54 polygons
2026-08-20 15:37:31 +0000: Memory Usage (138136K) : topmetal2_filler has 0 polygons
2026-08-20 15:37:31 +0000: Memory Usage (138136K) : topmetal2_slit has 0 polygons
2026-08-20 15:37:31 +0000: Memory Usage (138136K) : topmetal2 has 54 polygons
2026-08-20 15:37:31 +0000: Memory Usage (138264K) : topmetal2_pin has 4 polygons
2026-08-20 15:37:31 +0000: Memory Usage (138264K) : topmetal2_mask has 0 polygons
2026-08-20 15:37:31 +0000: Memory Usage (138264K) : topmetal2_nofill has 2 polygons
2026-08-20 15:37:31 +0000: Memory Usage (138264K) : topmetal2_text has 4 polygons
2026-08-20 15:37:31 +0000: Memory Usage (138264K) : topmetal2_noqrc has 0 polygons
2026-08-20 15:37:31 +0000: Memory Usage (138392K) : topmetal2_res has 0 polygons
2026-08-20 15:37:31 +0000: Memory Usage (138392K) : topmetal2_iprobe has 0 polygons
2026-08-20 15:37:31 +0000: Memory Usage (138392K) : topmetal2_diffprb has 0 polygons
2026-08-20 15:37:31 +0000: Memory Usage (138520K) : snsring_drw has 0 polygons
2026-08-20 15:37:31 +0000: Memory Usage (138520K) : sensor_drw has 0 polygons
2026-08-20 15:37:31 +0000: Memory Usage (138520K) : snsarms_drw has 0 polygons
2026-08-20 15:37:31 +0000: Memory Usage (138520K) : snscmosvia_drw has 0 polygons
2026-08-20 15:37:31 +0000: Memory Usage (138648K) : colwind_drw has 0 polygons
2026-08-20 15:37:31 +0000: Memory Usage (138648K) : flm_drw has 0 polygons
2026-08-20 15:37:31 +0000: Memory Usage (138776K) : hafniumox_drw has 0 polygons
2026-08-20 15:37:31 +0000: Memory Usage (138776K) : memvia_drw has 0 polygons
2026-08-20 15:37:31 +0000: Memory Usage (138776K) : thinfilmres_drw has 0 polygons
2026-08-20 15:37:31 +0000: Memory Usage (138776K) : rfmem_drw has 0 polygons
2026-08-20 15:37:31 +0000: Memory Usage (138776K) : norcx_drw has 2 polygons
2026-08-20 15:37:31 +0000: Memory Usage (138776K) : norcx_m2m3 has 0 polygons
2026-08-20 15:37:31 +0000: Memory Usage (138776K) : norcx_m2m4 has 0 polygons
2026-08-20 15:37:31 +0000: Memory Usage (138776K) : norcx_m2m5 has 0 polygons
2026-08-20 15:37:31 +0000: Memory Usage (138776K) : norcx_m2tm1 has 0 polygons
2026-08-20 15:37:31 +0000: Memory Usage (138776K) : norcx_m2tm2 has 0 polygons
2026-08-20 15:37:31 +0000: Memory Usage (138776K) : norcx_m3m4 has 0 polygons
2026-08-20 15:37:31 +0000: Memory Usage (138776K) : norcx_m3m5 has 0 polygons
2026-08-20 15:37:31 +0000: Memory Usage (138776K) : norcx_m3tm1 has 0 polygons
2026-08-20 15:37:31 +0000: Memory Usage (138776K) : norcx_m3tm2 has 0 polygons
2026-08-20 15:37:31 +0000: Memory Usage (138776K) : norcx_m4m5 has 0 polygons
2026-08-20 15:37:31 +0000: Memory Usage (138776K) : norcx_m4tm1 has 0 polygons
2026-08-20 15:37:31 +0000: Memory Usage (138776K) : norcx_m4tm2 has 0 polygons
2026-08-20 15:37:31 +0000: Memory Usage (138776K) : norcx_m5tm1 has 0 polygons
2026-08-20 15:37:31 +0000: Memory Usage (138776K) : norcx_m5tm2 has 0 polygons
2026-08-20 15:37:31 +0000: Memory Usage (138776K) : norcx_tm1tm2 has 0 polygons
2026-08-20 15:37:31 +0000: Memory Usage (138776K) : norcx_m1sub has 0 polygons
2026-08-20 15:37:31 +0000: Memory Usage (138776K) : norcx_m2sub has 0 polygons
2026-08-20 15:37:31 +0000: Memory Usage (138776K) : norcx_m3sub has 0 polygons
2026-08-20 15:37:31 +0000: Memory Usage (138904K) : norcx_m4sub has 0 polygons
2026-08-20 15:37:31 +0000: Memory Usage (138904K) : norcx_m5sub has 0 polygons
2026-08-20 15:37:31 +0000: Memory Usage (138904K) : norcx_tm1sub has 0 polygons
2026-08-20 15:37:31 +0000: Memory Usage (138904K) : norcx_tm2sub has 0 polygons
2026-08-20 15:37:31 +0000: Memory Usage (138904K) : snsbotvia_drw has 0 polygons
2026-08-20 15:37:31 +0000: Memory Usage (138904K) : snstopvia_drw has 0 polygons
2026-08-20 15:37:31 +0000: Memory Usage (138904K) : deepvia_drw has 0 polygons
2026-08-20 15:37:31 +0000: Memory Usage (138904K) : fgetch_drw has 0 polygons
2026-08-20 15:37:31 +0000: Memory Usage (138904K) : ctrgat_drw has 0 polygons
2026-08-20 15:37:31 +0000: Memory Usage (138904K) : fgimp_drw has 0 polygons
2026-08-20 15:37:31 +0000: Memory Usage (138904K) : emwihv_drw has 0 polygons
2026-08-20 15:37:31 +0000: Memory Usage (138904K) : lbe_drw has 2 polygons
2026-08-20 15:37:31 +0000: Memory Usage (138904K) : alcustop_drw has 0 polygons
2026-08-20 15:37:31 +0000: Memory Usage (138904K) : nometfiller_drw has 0 polygons
2026-08-20 15:37:31 +0000: Memory Usage (138904K) : prboundary_drw has 0 polygons
2026-08-20 15:37:31 +0000: Memory Usage (138904K) : exchange0_drw has 0 polygons
2026-08-20 15:37:31 +0000: Memory Usage (138904K) : exchange0_pin has 0 polygons
2026-08-20 15:37:31 +0000: Memory Usage (138904K) : exchange0_text has 0 polygons
2026-08-20 15:37:31 +0000: Memory Usage (138904K) : exchange1_drw has 0 polygons
2026-08-20 15:37:31 +0000: Memory Usage (138904K) : exchange1_pin has 0 polygons
2026-08-20 15:37:31 +0000: Memory Usage (138904K) : exchange1_text has 0 polygons
2026-08-20 15:37:31 +0000: Memory Usage (138904K) : exchange2_drw has 0 polygons
2026-08-20 15:37:31 +0000: Memory Usage (138904K) : exchange2_pin has 0 polygons
2026-08-20 15:37:31 +0000: Memory Usage (138904K) : exchange2_text has 0 polygons
2026-08-20 15:37:31 +0000: Memory Usage (138904K) : exchange3_drw has 0 polygons
2026-08-20 15:37:31 +0000: Memory Usage (138904K) : exchange3_pin has 0 polygons
2026-08-20 15:37:31 +0000: Memory Usage (138904K) : exchange3_text has 0 polygons
2026-08-20 15:37:31 +0000: Memory Usage (138904K) : exchange4_drw has 0 polygons
2026-08-20 15:37:31 +0000: Memory Usage (138904K) : exchange4_pin has 0 polygons
2026-08-20 15:37:31 +0000: Memory Usage (138904K) : exchange4_text has 0 polygons
2026-08-20 15:37:31 +0000: Memory Usage (138904K) : isonwell_drw has 0 polygons
2026-08-20 15:37:31 +0000: Memory Usage (138904K) : Total no. of polygons in the design is 20597
2026-08-20 15:37:31 +0000: Memory Usage (138904K) : Starting base layers derivations
2026-08-20 15:37:31 +0000: Memory Usage (138904K) : Starting general LVS derivations
2026-08-20 15:37:31 +0000: Memory Usage (143572K) : Starting MOSFET DERIVATIONS
2026-08-20 15:37:31 +0000: Memory Usage (143572K) : Starting NMOS DERIVATIONS
2026-08-20 15:37:31 +0000: Memory Usage (143572K) : Starting PMOS DERIVATIONS
2026-08-20 15:37:31 +0000: Memory Usage (143572K) : Starting RF-MOSFET DERIVATIONS
2026-08-20 15:37:31 +0000: Memory Usage (143572K) : Starting RF-NMOS DERIVATIONS
2026-08-20 15:37:31 +0000: Memory Usage (143572K) : Starting RF-PMOS DERIVATIONS
2026-08-20 15:37:31 +0000: Memory Usage (143572K) : Starting BJT DERIVATIONS
2026-08-20 15:37:31 +0000: Memory Usage (143572K) : Starting NPN-BJT DERIVATIONS
2026-08-20 15:37:31 +0000: Memory Usage (143572K) : Starting PNP-BJT DERIVATIONS
2026-08-20 15:37:31 +0000: Memory Usage (143572K) : Starting DIODE DERIVATIONS
2026-08-20 15:37:31 +0000: Memory Usage (143572K) : Starting RESISTOR DERIVATIONS
2026-08-20 15:37:31 +0000: Memory Usage (143828K) : Starting CAP DERIVATIONS
2026-08-20 15:37:32 +0000: Memory Usage (143828K) : Starting CAP_CMOM DERIVATIONS
2026-08-20 15:37:32 +0000: Memory Usage (143828K) : Starting CAP_CMOMF DERIVATIONS
2026-08-20 15:37:32 +0000: Memory Usage (143828K) : Starting ESD DERIVATIONS
2026-08-20 15:37:32 +0000: Memory Usage (143956K) : Starting Inductor DERIVATIONS
2026-08-20 15:37:32 +0000: Memory Usage (143956K) : Starting Taps DERIVATIONS
2026-08-20 15:37:32 +0000: Memory Usage (143956K) : Starting SG13G2 LVS connectivity setup
2026-08-20 15:37:32 +0000: Memory Usage (143956K) : Starting SG13G2 LVS connectivity setup (Inter-layer)
2026-08-20 15:37:32 +0000: Memory Usage (144084K) : Starting SG13G2 LVS connectivity setup (Global)
2026-08-20 15:37:32 +0000: Memory Usage (144084K) : Starting LVS MOSFET CONNECTIONS
2026-08-20 15:37:32 +0000: Memory Usage (144084K) : Starting LVS RF-MOSFET CONNECTIONS
2026-08-20 15:37:32 +0000: Memory Usage (144084K) : Starting LVS BJT CONNECTIONS
2026-08-20 15:37:32 +0000: Memory Usage (144084K) : Starting LVS DIODE CONNECTIONS
2026-08-20 15:37:32 +0000: Memory Usage (144084K) : Starting RESISTOR CONNECTIONS
2026-08-20 15:37:32 +0000: Memory Usage (144084K) : Starting LVS CAP CONNECTIONS
2026-08-20 15:37:32 +0000: Memory Usage (144084K) : Starting CAP_CMOM CONNECTIONS
2026-08-20 15:37:32 +0000: Memory Usage (144084K) : Starting CAP_CMOMF CONNECTIONS
2026-08-20 15:37:32 +0000: Memory Usage (144084K) : Starting ESD CONNECTIONS
2026-08-20 15:37:32 +0000: Memory Usage (144084K) : Starting Inductor CONNECTIONS
2026-08-20 15:37:32 +0000: Memory Usage (144084K) : Starting LVS Taps CONNECTIONS
2026-08-20 15:37:32 +0000: Memory Usage (144084K) : Starting SG13G2 LVS DEVICES EXTRACTION
2026-08-20 15:37:32 +0000: Memory Usage (144084K) : Starting MOSFET EXTRACTION
2026-08-20 15:37:32 +0000: Memory Usage (144084K) : Starting NMOS EXTRACTION
2026-08-20 15:37:32 +0000: Memory Usage (144084K) : Extraction of NMOS-LV transistor
2026-08-20 15:37:32 +0000: Memory Usage (144084K) : Extraction of NMOS-HV transistor
2026-08-20 15:37:32 +0000: Memory Usage (144084K) : Starting PMOS EXTRACTION
2026-08-20 15:37:32 +0000: Memory Usage (144084K) : Extraction of PMOS-LV transistor
2026-08-20 15:37:32 +0000: Memory Usage (144084K) : Extraction of PMOS-HV transistor
2026-08-20 15:37:32 +0000: Memory Usage (144084K) : Starting RF-MOSFET EXTRACTION
2026-08-20 15:37:32 +0000: Memory Usage (144084K) : Extraction of RF-NMOS-LV transistor
2026-08-20 15:37:32 +0000: Memory Usage (144084K) : Extraction of RF-NMOS-HV transistor
2026-08-20 15:37:32 +0000: Memory Usage (144084K) : Extraction of RF-PMOS-LV transistor
2026-08-20 15:37:32 +0000: Memory Usage (144084K) : Extraction of RF-PMOS-HV transistor
2026-08-20 15:37:32 +0000: Memory Usage (144084K) : Starting BJT EXTRACTION
2026-08-20 15:37:32 +0000: Memory Usage (144084K) : Starting NPN-BJT EXTRACTION
2026-08-20 15:37:32 +0000: Memory Usage (144084K) : Extraction of npn13G2 BJT transistor
2026-08-20 15:37:32 +0000: Memory Usage (144084K) : Extraction of npn13G2L BJT transistor
2026-08-20 15:37:32 +0000: Memory Usage (144084K) : Extraction of npn13G2V BJT transistor
2026-08-20 15:37:32 +0000: Memory Usage (144084K) : Starting PNP-BJT EXTRACTION
2026-08-20 15:37:32 +0000: Memory Usage (144084K) : Extracting pnpMPA BJT
2026-08-20 15:37:32 +0000: Memory Usage (144084K) : Starting DIODE EXTRACTION
2026-08-20 15:37:32 +0000: Memory Usage (144084K) : Extracting dantenna diode
2026-08-20 15:37:32 +0000: Memory Usage (144084K) : Extracting dpantenna diode
2026-08-20 15:37:32 +0000: Memory Usage (144084K) : Extracting schottky_nbl1 diode
2026-08-20 15:37:32 +0000: Memory Usage (144084K) : Extracting isolbox diode
2026-08-20 15:37:32 +0000: Memory Usage (144084K) : Starting RESISTOR EXTRACTION
2026-08-20 15:37:32 +0000: Memory Usage (144084K) : Extracting rsil resistor
2026-08-20 15:37:32 +0000: Memory Usage (144084K) : Extracting rppd resistor
2026-08-20 15:37:32 +0000: Memory Usage (144084K) : Extracting rhigh resistor
2026-08-20 15:37:32 +0000: Memory Usage (144084K) : Extracting res_metal1 resistor
2026-08-20 15:37:32 +0000: Memory Usage (144084K) : Extracting res_metal2 resistor
2026-08-20 15:37:32 +0000: Memory Usage (144084K) : Extracting res_metal3 resistor
2026-08-20 15:37:32 +0000: Memory Usage (144084K) : Extracting res_metal4 resistor
2026-08-20 15:37:32 +0000: Memory Usage (144084K) : Extracting res_metal5 resistor
2026-08-20 15:37:32 +0000: Memory Usage (144084K) : Extracting res_topmetal1 resistor
2026-08-20 15:37:32 +0000: Memory Usage (144084K) : Extracting res_topmetal2 resistor
2026-08-20 15:37:32 +0000: Memory Usage (144084K) : Starting CAP EXTRACTION
2026-08-20 15:37:32 +0000: Memory Usage (144084K) : Extracting cap_cmim device
2026-08-20 15:37:32 +0000: Memory Usage (144084K) : Extracting rfcmim device
2026-08-20 15:37:32 +0000: Memory Usage (144084K) : Extracting sg13_hv_svaricap varactor
2026-08-20 15:37:32 +0000: Memory Usage (144084K) : Extracting cap_cmomi device
2026-08-20 15:37:32 +0000: Memory Usage (144084K) : Extracting cap_cmomf device
2026-08-20 15:37:32 +0000: Memory Usage (144084K) : Extracting sg13_moscap_n capacitor
2026-08-20 15:37:32 +0000: Memory Usage (144084K) : Extracting sg13_moscap_p capacitor
2026-08-20 15:37:32 +0000: Memory Usage (144084K) : Starting ESD EXTRACTION
2026-08-20 15:37:32 +0000: Memory Usage (144084K) : Extracting diodevdd_2kv ESD device
2026-08-20 15:37:32 +0000: Memory Usage (144084K) : Extracting diodevdd_4kv ESD device
2026-08-20 15:37:32 +0000: Memory Usage (144212K) : Extracting diodevss_2kv ESD device
2026-08-20 15:37:32 +0000: Memory Usage (144212K) : Extracting diodevss_4kv ESD device
2026-08-20 15:37:32 +0000: Memory Usage (144212K) : Extracting idiodevdd_2kv ESD device
2026-08-20 15:37:32 +0000: Memory Usage (144212K) : Extracting idiodevdd_4kv ESD device
2026-08-20 15:37:32 +0000: Memory Usage (144212K) : Extracting idiodevss_2kv ESD device
2026-08-20 15:37:32 +0000: Memory Usage (144212K) : Extracting idiodevss_4kv ESD device
2026-08-20 15:37:32 +0000: Memory Usage (144212K) : Extracting nmoscl_2 ESD device
2026-08-20 15:37:32 +0000: Memory Usage (144212K) : Extracting nmoscl_4 ESD device
2026-08-20 15:37:32 +0000: Memory Usage (144212K) : Starting Inductor EXTRACTION
2026-08-20 15:37:32 +0000: Memory Usage (144212K) : Extracting Inductor2 device
2026-08-20 15:37:32 +0000: Memory Usage (144212K) : Extracting Inductor3 device
2026-08-20 15:37:32 +0000: Memory Usage (144212K) : Starting Taps EXTRACTION
2026-08-20 15:37:32 +0000: Memory Usage (144212K) : DISABLE_TAP_EXTRACTION is enabled: skipping ntap1/ptap1 device extraction.
2026-08-20 15:37:32 +0000: Memory Usage (144212K) : Starting SG13G2 LVS RF MOS Model Mapping
2026-08-20 15:37:32 +0000: Memory Usage (144212K) : [layout_netlist] Apply RF MOS model mapping and rfmode parameter.
2026-08-20 15:37:32 +0000: Memory Usage (144212K) : Starting SG13G2 LVS Options Preparations
2026-08-20 15:37:32 +0000: Memory Usage (144212K) : SG13G2 LVS flow: extraction -> alignment -> option preparation -> comparison.
2026-08-20 15:37:32 +0000: Memory Usage (144212K) : Starting SG13G2 LVS Alignment
2026-08-20 15:37:32 +0000: Memory Usage (144340K) : Starting SG13G2 LVS Simplification
2026-08-20 15:37:32 +0000: Memory Usage (144340K) : [layout_netlist] simplify: ENABLED
2026-08-20 15:37:32 +0000: Memory Usage (144340K) : [layout_netlist] make_top_level_pins: SKIPPED
2026-08-20 15:37:32 +0000: Memory Usage (144340K) : [layout_netlist] combine_devices: SKIPPED
2026-08-20 15:37:32 +0000: Memory Usage (144340K) : [layout_netlist] purge: SKIPPED
2026-08-20 15:37:32 +0000: Memory Usage (144340K) : [layout_netlist] purge_nets: SKIPPED
2026-08-20 15:37:32 +0000: Memory Usage (144340K) : [schematic_netlist] simplify: ENABLED
2026-08-20 15:37:32 +0000: Memory Usage (144340K) : [schematic_netlist] make_top_level_pins: SKIPPED
2026-08-20 15:37:32 +0000: Memory Usage (144340K) : [schematic_netlist] combine_devices: SKIPPED
2026-08-20 15:37:32 +0000: Memory Usage (144340K) : [schematic_netlist] purge: SKIPPED
2026-08-20 15:37:32 +0000: Memory Usage (144340K) : [schematic_netlist] purge_nets: SKIPPED
2026-08-20 15:37:32 +0000: Memory Usage (144340K) : Starting SG13G2 LVS Comparison
2026-08-20 15:37:32 +0000: Memory Usage (144468K) : xxxxxxxxxxxxxxxxxxxxxxxxxxxxxxxxxxxxxxxxxx
2026-08-20 15:37:32 +0000: Memory Usage (144468K) : ERROR : Netlists don't match
2026-08-20 15:37:32 +0000: Memory Usage (144468K) : xxxxxxxxxxxxxxxxxxxxxxxxxxxxxxxxxxxxxxxxxx
2026-08-20 15:37:32 +0000: Memory Usage (144468K) : LVS Total Run time 1.273656 seconds
