$ /home/ubuntu/.local/share/ihp-eda/venv/bin/python /home/ubuntu/.local/share/ihp-eda/IHP-Open-PDK/ihp-sg13g2/libs.tech/klayout/tech/lvs/run_lvs.py --layout=/workspace/layout/blocks/out/driver_stage/probe14/driver_dut.gds --netlist=/workspace/layout/blocks/out/driver_stage/probe14/t.cdl --run_dir=/workspace/layout/blocks/out/driver_stage/probe14/lvs --run_mode=deep --topcell=driver_dut --implicit_nets=sub,sub! --ignore_top_ports_mismatch --disable_tap_extraction

--- stdout ---
2026-08-20 16:53:27 +0000: Memory Usage (129096K) : Starting running SG13G2 Klayout LVS runset on /workspace/layout/blocks/out/driver_stage/probe14/driver_dut.gds
2026-08-20 16:53:27 +0000: Memory Usage (129096K) : Ruby Version for klayout: 3.2.3
2026-08-20 16:53:27 +0000: Memory Usage (130624K) : Loading database to memory is complete.
2026-08-20 16:53:27 +0000: Memory Usage (130624K) : SG13G2 Klayout LVS runset output at: /workspace/layout/blocks/out/driver_stage/probe14/lvs/driver_dut.lvsdb
2026-08-20 16:53:27 +0000: Memory Usage (130624K) : Evaluate switches.
2026-08-20 16:53:27 +0000: Memory Usage (130624K) : Extracted netlist with net names: true
2026-08-20 16:53:27 +0000: Memory Usage (130624K) : Extracted netlist with comments in details: false
2026-08-20 16:53:27 +0000: Memory Usage (130624K) : Selected NET_ONLY option: false
2026-08-20 16:53:27 +0000: Memory Usage (130624K) : Selected LAYOUT_NETLIST option: (none)
2026-08-20 16:53:27 +0000: Memory Usage (130624K) : Selected IGNORE_TOP_PORTS_MISMATCH option: true
2026-08-20 16:53:27 +0000: Memory Usage (130624K) : Selected IMPLICIT_NETS option: sub,sub!
2026-08-20 16:53:27 +0000: Memory Usage (130624K) : Selected TOP_LVL_PINS option: false
2026-08-20 16:53:27 +0000: Memory Usage (130624K) : Selected COMBINE DEVICES option: false
2026-08-20 16:53:27 +0000: Memory Usage (130624K) : Selected PURGE option: false
2026-08-20 16:53:27 +0000: Memory Usage (130624K) : Selected PURGE_NETS option: false
2026-08-20 16:53:27 +0000: Memory Usage (130624K) : Selected SIMPLIFY option: true
2026-08-20 16:53:27 +0000: Memory Usage (130624K) : Selected SERIES_RES option: true
2026-08-20 16:53:27 +0000: Memory Usage (130624K) : Selected PARALLEL_RES option: true
2026-08-20 16:53:27 +0000: Memory Usage (130624K) : Selected DISABLE_TAP_EXTRACTION option: true
2026-08-20 16:53:27 +0000: Memory Usage (130624K) : deep  mode is enabled.
2026-08-20 16:53:27 +0000: Memory Usage (130624K) : Applying implicit connections (case-sensitive, pattern supported) for nets: sub, sub!
2026-08-20 16:53:27 +0000: Memory Usage (131848K) : Netlist file: /workspace/layout/blocks/out/driver_stage/probe14/t.cdl
2026-08-20 16:53:27 +0000: Memory Usage (131848K) : LVS extracted netlist at: /workspace/layout/blocks/out/driver_stage/probe14/lvs/driver_dut_extracted.cir
2026-08-20 16:53:27 +0000: Memory Usage (131848K) : Applying SRAM integration support.
2026-08-20 16:53:27 +0000: Memory Usage (131848K) : Starting SG13G2 LVS runset
2026-08-20 16:53:27 +0000: Memory Usage (131848K) : Read in polygons from layers.
2026-08-20 16:53:27 +0000: Memory Usage (133000K) : activ_drw has 899 polygons
2026-08-20 16:53:27 +0000: Memory Usage (133000K) : activ_filler has 0 polygons
2026-08-20 16:53:27 +0000: Memory Usage (133128K) : activ has 899 polygons
2026-08-20 16:53:27 +0000: Memory Usage (133220K) : activ_pin has 0 polygons
2026-08-20 16:53:27 +0000: Memory Usage (133732K) : activ_mask has 4 polygons
2026-08-20 16:53:27 +0000: Memory Usage (133732K) : activ_nofill has 2 polygons
2026-08-20 16:53:27 +0000: Memory Usage (133732K) : activ_OPC has 0 polygons
2026-08-20 16:53:27 +0000: Memory Usage (133732K) : activ_iOPC has 0 polygons
2026-08-20 16:53:27 +0000: Memory Usage (133732K) : activ_noqrc has 0 polygons
2026-08-20 16:53:27 +0000: Memory Usage (133732K) : biwind_drw has 0 polygons
2026-08-20 16:53:27 +0000: Memory Usage (133732K) : biwind_OPC has 0 polygons
2026-08-20 16:53:27 +0000: Memory Usage (133732K) : gatpoly_drw has 140 polygons
2026-08-20 16:53:27 +0000: Memory Usage (133732K) : gatpoly_filler has 0 polygons
2026-08-20 16:53:27 +0000: Memory Usage (133732K) : gatpoly has 140 polygons
2026-08-20 16:53:27 +0000: Memory Usage (133732K) : gatpoly_pin has 119 polygons
2026-08-20 16:53:27 +0000: Memory Usage (133732K) : gatpoly_nofill has 2 polygons
2026-08-20 16:53:27 +0000: Memory Usage (133732K) : gatpoly_OPC has 0 polygons
2026-08-20 16:53:27 +0000: Memory Usage (133732K) : gatpoly_iOPC has 0 polygons
2026-08-20 16:53:27 +0000: Memory Usage (133732K) : gatpoly_noqrc has 0 polygons
2026-08-20 16:53:27 +0000: Memory Usage (133732K) : cont_drw has 14577 polygons
2026-08-20 16:53:27 +0000: Memory Usage (133732K) : cont_OPC has 0 polygons
2026-08-20 16:53:27 +0000: Memory Usage (133732K) : nsd_drw has 0 polygons
2026-08-20 16:53:27 +0000: Memory Usage (133732K) : nsd_block has 4 polygons
2026-08-20 16:53:27 +0000: Memory Usage (133860K) : metal1_drw has 1558 polygons
2026-08-20 16:53:27 +0000: Memory Usage (133860K) : metal1_filler has 0 polygons
2026-08-20 16:53:27 +0000: Memory Usage (133860K) : metal1_slit has 0 polygons
2026-08-20 16:53:27 +0000: Memory Usage (134116K) : metal1 has 1558 polygons
2026-08-20 16:53:27 +0000: Memory Usage (134116K) : metal1_pin has 750 polygons
2026-08-20 16:53:27 +0000: Memory Usage (134244K) : metal1_mask has 0 polygons
2026-08-20 16:53:27 +0000: Memory Usage (134244K) : metal1_nofill has 2 polygons
2026-08-20 16:53:27 +0000: Memory Usage (134500K) : metal1_text has 5 polygons
2026-08-20 16:53:27 +0000: Memory Usage (134500K) : metal1_OPC has 0 polygons
2026-08-20 16:53:27 +0000: Memory Usage (134500K) : metal1_noqrc has 0 polygons
2026-08-20 16:53:27 +0000: Memory Usage (134628K) : metal1_res has 0 polygons
2026-08-20 16:53:27 +0000: Memory Usage (134628K) : metal1_iprobe has 0 polygons
2026-08-20 16:53:27 +0000: Memory Usage (134628K) : metal1_diffprb has 0 polygons
2026-08-20 16:53:27 +0000: Memory Usage (134756K) : passiv_drw has 2 polygons
2026-08-20 16:53:27 +0000: Memory Usage (134756K) : passiv_pin has 0 polygons
2026-08-20 16:53:27 +0000: Memory Usage (134756K) : passiv_sbump has 0 polygons
2026-08-20 16:53:27 +0000: Memory Usage (134756K) : passiv_pillar has 0 polygons
2026-08-20 16:53:27 +0000: Memory Usage (134884K) : passiv_pdl has 0 polygons
2026-08-20 16:53:27 +0000: Memory Usage (134884K) : metal2_drw has 560 polygons
2026-08-20 16:53:27 +0000: Memory Usage (134884K) : metal2_filler has 0 polygons
2026-08-20 16:53:27 +0000: Memory Usage (134884K) : metal2_slit has 0 polygons
2026-08-20 16:53:27 +0000: Memory Usage (135012K) : metal2 has 560 polygons
2026-08-20 16:53:27 +0000: Memory Usage (135012K) : metal2_pin has 10 polygons
2026-08-20 16:53:27 +0000: Memory Usage (135012K) : metal2_mask has 0 polygons
2026-08-20 16:53:27 +0000: Memory Usage (135140K) : metal2_nofill has 2 polygons
2026-08-20 16:53:27 +0000: Memory Usage (135140K) : metal2_text has 3 polygons
2026-08-20 16:53:27 +0000: Memory Usage (135140K) : metal2_OPC has 0 polygons
2026-08-20 16:53:27 +0000: Memory Usage (135140K) : metal2_noqrc has 0 polygons
2026-08-20 16:53:27 +0000: Memory Usage (135140K) : metal2_res has 0 polygons
2026-08-20 16:53:27 +0000: Memory Usage (135268K) : metal2_iprobe has 0 polygons
2026-08-20 16:53:27 +0000: Memory Usage (135268K) : metal2_diffprb has 0 polygons
2026-08-20 16:53:27 +0000: Memory Usage (135268K) : baspoly_drw has 0 polygons
2026-08-20 16:53:27 +0000: Memory Usage (135396K) : baspoly_pin has 0 polygons
2026-08-20 16:53:27 +0000: Memory Usage (135396K) : psd_drw has 515 polygons
2026-08-20 16:53:27 +0000: Memory Usage (135396K) : nldb_drw has 0 polygons
2026-08-20 16:53:27 +0000: Memory Usage (135396K) : digibnd_drw has 0 polygons
2026-08-20 16:53:27 +0000: Memory Usage (135524K) : via1_drw has 7650 polygons
2026-08-20 16:53:27 +0000: Memory Usage (135524K) : backmetal1_drw has 0 polygons
2026-08-20 16:53:27 +0000: Memory Usage (135524K) : backmetal1_pin has 0 polygons
2026-08-20 16:53:27 +0000: Memory Usage (135524K) : backmetal1_mask has 0 polygons
2026-08-20 16:53:27 +0000: Memory Usage (135652K) : backmetal1_filler has 0 polygons
2026-08-20 16:53:27 +0000: Memory Usage (135652K) : backmetal1_nofill has 0 polygons
2026-08-20 16:53:27 +0000: Memory Usage (135652K) : backmetal1_slit has 0 polygons
2026-08-20 16:53:27 +0000: Memory Usage (135652K) : backmetal1_text has 0 polygons
2026-08-20 16:53:27 +0000: Memory Usage (135780K) : backmetal1_OPC has 0 polygons
2026-08-20 16:53:27 +0000: Memory Usage (135780K) : backmetal1_noqrc has 0 polygons
2026-08-20 16:53:27 +0000: Memory Usage (135780K) : backmetal1_res has 0 polygons
2026-08-20 16:53:27 +0000: Memory Usage (135780K) : backmetal1_iprobe has 0 polygons
2026-08-20 16:53:27 +0000: Memory Usage (135908K) : backmetal1_diffprb has 0 polygons
2026-08-20 16:53:27 +0000: Memory Usage (135908K) : backpassiv_drw has 0 polygons
2026-08-20 16:53:27 +0000: Memory Usage (135908K) : res_drw has 2 polygons
2026-08-20 16:53:27 +0000: Memory Usage (136036K) : sram_drw has 0 polygons
2026-08-20 16:53:27 +0000: Memory Usage (136036K) : trans_drw has 2 polygons
2026-08-20 16:53:27 +0000: Memory Usage (136036K) : ind_drw has 2 polygons
2026-08-20 16:53:27 +0000: Memory Usage (136036K) : ind_pin has 4 polygons
2026-08-20 16:53:27 +0000: Memory Usage (136164K) : ind_text has 4 polygons
2026-08-20 16:53:27 +0000: Memory Usage (136164K) : salblock_drw has 12 polygons
2026-08-20 16:53:27 +0000: Memory Usage (136164K) : via2_drw has 821 polygons
2026-08-20 16:53:27 +0000: Memory Usage (136164K) : metal3_drw has 53 polygons
2026-08-20 16:53:27 +0000: Memory Usage (136164K) : metal3_filler has 0 polygons
2026-08-20 16:53:27 +0000: Memory Usage (136164K) : metal3_slit has 0 polygons
2026-08-20 16:53:27 +0000: Memory Usage (136164K) : metal3 has 53 polygons
2026-08-20 16:53:27 +0000: Memory Usage (136164K) : metal3_pin has 2 polygons
2026-08-20 16:53:27 +0000: Memory Usage (136164K) : metal3_mask has 0 polygons
2026-08-20 16:53:27 +0000: Memory Usage (136164K) : metal3_nofill has 2 polygons
2026-08-20 16:53:27 +0000: Memory Usage (136164K) : metal3_text has 0 polygons
2026-08-20 16:53:27 +0000: Memory Usage (136292K) : metal3_OPC has 0 polygons
2026-08-20 16:53:27 +0000: Memory Usage (136292K) : metal3_noqrc has 0 polygons
2026-08-20 16:53:27 +0000: Memory Usage (136292K) : metal3_res has 0 polygons
2026-08-20 16:53:27 +0000: Memory Usage (136292K) : metal3_iprobe has 0 polygons
2026-08-20 16:53:27 +0000: Memory Usage (136292K) : metal3_diffprb has 0 polygons
2026-08-20 16:53:27 +0000: Memory Usage (136292K) : nwell_drw has 14 polygons
2026-08-20 16:53:27 +0000: Memory Usage (136420K) : nwell_pin has 0 polygons
2026-08-20 16:53:27 +0000: Memory Usage (136420K) : nwell_text has 0 polygons
2026-08-20 16:53:27 +0000: Memory Usage (136420K) : nbulay_drw has 1 polygons
2026-08-20 16:53:27 +0000: Memory Usage (136420K) : nbulay_pin has 0 polygons
2026-08-20 16:53:27 +0000: Memory Usage (136420K) : nbulay_block has 0 polygons
2026-08-20 16:53:27 +0000: Memory Usage (136420K) : emwind_drw has 4 polygons
2026-08-20 16:53:27 +0000: Memory Usage (136548K) : emwind_OPC has 0 polygons
2026-08-20 16:53:27 +0000: Memory Usage (136548K) : deepco_drw has 0 polygons
2026-08-20 16:53:27 +0000: Memory Usage (136548K) : mim_drw has 0 polygons
2026-08-20 16:53:27 +0000: Memory Usage (136548K) : edgeseal_drw has 0 polygons
2026-08-20 16:53:27 +0000: Memory Usage (136548K) : substrate_drw has 500 polygons
2026-08-20 16:53:27 +0000: Memory Usage (136548K) : substrate_text has 0 polygons
2026-08-20 16:53:27 +0000: Memory Usage (136676K) : dfpad_drw has 2 polygons
2026-08-20 16:53:27 +0000: Memory Usage (136676K) : dfpad_pillar has 0 polygons
2026-08-20 16:53:27 +0000: Memory Usage (136676K) : dfpad_sbump has 0 polygons
2026-08-20 16:53:27 +0000: Memory Usage (136676K) : thickgateox_drw has 1 polygons
2026-08-20 16:53:27 +0000: Memory Usage (136676K) : pldb_drw has 0 polygons
2026-08-20 16:53:27 +0000: Memory Usage (136804K) : pwell_drw has 0 polygons
2026-08-20 16:53:27 +0000: Memory Usage (136804K) : pwell_pin has 0 polygons
2026-08-20 16:53:27 +0000: Memory Usage (136804K) : pwell_block has 2 polygons
2026-08-20 16:53:27 +0000: Memory Usage (136804K) : ic_drw has 0 polygons
2026-08-20 16:53:27 +0000: Memory Usage (136804K) : via3_drw has 1015 polygons
2026-08-20 16:53:27 +0000: Memory Usage (136932K) : metal4_drw has 24 polygons
2026-08-20 16:53:27 +0000: Memory Usage (136932K) : metal4_filler has 0 polygons
2026-08-20 16:53:27 +0000: Memory Usage (136932K) : metal4_slit has 0 polygons
2026-08-20 16:53:27 +0000: Memory Usage (136932K) : metal4 has 24 polygons
2026-08-20 16:53:27 +0000: Memory Usage (136932K) : metal4_pin has 0 polygons
2026-08-20 16:53:27 +0000: Memory Usage (137060K) : metal4_mask has 0 polygons
2026-08-20 16:53:27 +0000: Memory Usage (137060K) : metal4_nofill has 2 polygons
2026-08-20 16:53:27 +0000: Memory Usage (137060K) : metal4_text has 3 polygons
2026-08-20 16:53:27 +0000: Memory Usage (137060K) : metal4_OPC has 0 polygons
2026-08-20 16:53:27 +0000: Memory Usage (137060K) : metal4_noqrc has 0 polygons
2026-08-20 16:53:27 +0000: Memory Usage (137060K) : metal4_res has 0 polygons
2026-08-20 16:53:27 +0000: Memory Usage (137188K) : metal4_iprobe has 0 polygons
2026-08-20 16:53:27 +0000: Memory Usage (137188K) : metal4_diffprb has 0 polygons
2026-08-20 16:53:27 +0000: Memory Usage (137188K) : heattrans_drw has 123 polygons
2026-08-20 16:53:27 +0000: Memory Usage (137188K) : heatres_drw has 2 polygons
2026-08-20 16:53:27 +0000: Memory Usage (137188K) : fbe_drw has 0 polygons
2026-08-20 16:53:27 +0000: Memory Usage (137188K) : empoly_drw has 0 polygons
2026-08-20 16:53:27 +0000: Memory Usage (137316K) : digisub_drw has 0 polygons
2026-08-20 16:53:27 +0000: Memory Usage (137316K) : text_drw has 655 polygons
2026-08-20 16:53:27 +0000: Memory Usage (137316K) : via4_drw has 1009 polygons
2026-08-20 16:53:27 +0000: Memory Usage (137316K) : metal5_drw has 37 polygons
2026-08-20 16:53:27 +0000: Memory Usage (137316K) : metal5_filler has 0 polygons
2026-08-20 16:53:27 +0000: Memory Usage (137316K) : metal5_slit has 0 polygons
2026-08-20 16:53:27 +0000: Memory Usage (137444K) : metal5 has 37 polygons
2026-08-20 16:53:27 +0000: Memory Usage (137444K) : metal5_pin has 0 polygons
2026-08-20 16:53:27 +0000: Memory Usage (137444K) : metal5_mask has 0 polygons
2026-08-20 16:53:27 +0000: Memory Usage (137444K) : metal5_nofill has 2 polygons
2026-08-20 16:53:27 +0000: Memory Usage (137444K) : metal5_text has 0 polygons
2026-08-20 16:53:27 +0000: Memory Usage (137572K) : metal5_OPC has 0 polygons
2026-08-20 16:53:27 +0000: Memory Usage (137572K) : metal5_noqrc has 0 polygons
2026-08-20 16:53:27 +0000: Memory Usage (137572K) : metal5_res has 0 polygons
2026-08-20 16:53:27 +0000: Memory Usage (137572K) : metal5_iprobe has 0 polygons
2026-08-20 16:53:27 +0000: Memory Usage (137700K) : metal5_diffprb has 0 polygons
2026-08-20 16:53:27 +0000: Memory Usage (137700K) : radhard_drw has 0 polygons
2026-08-20 16:53:27 +0000: Memory Usage (137700K) : memcap_drw has 0 polygons
2026-08-20 16:53:27 +0000: Memory Usage (137700K) : varicap_drw has 0 polygons
2026-08-20 16:53:27 +0000: Memory Usage (137700K) : intbondvia_drw has 0 polygons
2026-08-20 16:53:27 +0000: Memory Usage (137828K) : intbondmet_drw has 0 polygons
2026-08-20 16:53:27 +0000: Memory Usage (137828K) : devbondvia_drw has 0 polygons
2026-08-20 16:53:27 +0000: Memory Usage (137828K) : devbondmet_drw has 0 polygons
2026-08-20 16:53:27 +0000: Memory Usage (137828K) : devtrench_drw has 0 polygons
2026-08-20 16:53:27 +0000: Memory Usage (137828K) : redist_drw has 0 polygons
2026-08-20 16:53:27 +0000: Memory Usage (137956K) : graphbot_drw has 0 polygons
2026-08-20 16:53:27 +0000: Memory Usage (137956K) : graphtop_drw has 0 polygons
2026-08-20 16:53:27 +0000: Memory Usage (137956K) : antvia1_drw has 0 polygons
2026-08-20 16:53:27 +0000: Memory Usage (137956K) : antmetal2_drw has 0 polygons
2026-08-20 16:53:27 +0000: Memory Usage (137956K) : graphcont_drw has 0 polygons
2026-08-20 16:53:27 +0000: Memory Usage (137956K) : siwg_drw has 0 polygons
2026-08-20 16:53:27 +0000: Memory Usage (138084K) : siwg_filler has 0 polygons
2026-08-20 16:53:27 +0000: Memory Usage (138084K) : siwg_nofill has 0 polygons
2026-08-20 16:53:27 +0000: Memory Usage (138084K) : sigrating_drw has 0 polygons
2026-08-20 16:53:27 +0000: Memory Usage (138084K) : singrating_drw has 0 polygons
2026-08-20 16:53:27 +0000: Memory Usage (138084K) : graphpas_drw has 0 polygons
2026-08-20 16:53:27 +0000: Memory Usage (138212K) : emwind3_drw has 0 polygons
2026-08-20 16:53:27 +0000: Memory Usage (138212K) : emwihv3_drw has 0 polygons
2026-08-20 16:53:27 +0000: Memory Usage (138212K) : redbulay_drw has 0 polygons
2026-08-20 16:53:27 +0000: Memory Usage (138212K) : smos_drw has 0 polygons
2026-08-20 16:53:27 +0000: Memory Usage (138340K) : graphpad_drw has 0 polygons
2026-08-20 16:53:27 +0000: Memory Usage (138340K) : polimide_drw has 0 polygons
2026-08-20 16:53:27 +0000: Memory Usage (138340K) : polimide_pin has 0 polygons
2026-08-20 16:53:27 +0000: Memory Usage (138340K) : recog_drw has 1 polygons
2026-08-20 16:53:27 +0000: Memory Usage (138468K) : recog_pin has 0 polygons
2026-08-20 16:53:27 +0000: Memory Usage (138468K) : recog_esd has 5 polygons
2026-08-20 16:53:27 +0000: Memory Usage (138468K) : recog_diode has 0 polygons
2026-08-20 16:53:27 +0000: Memory Usage (138468K) : recog_tsv has 0 polygons
2026-08-20 16:53:27 +0000: Memory Usage (138596K) : recog_iprobe has 0 polygons
2026-08-20 16:53:27 +0000: Memory Usage (138596K) : recog_diffprb has 0 polygons
2026-08-20 16:53:27 +0000: Memory Usage (138596K) : recog_pillar has 0 polygons
2026-08-20 16:53:27 +0000: Memory Usage (138596K) : recog_sbump has 0 polygons
2026-08-20 16:53:27 +0000: Memory Usage (138724K) : recog_otp has 0 polygons
2026-08-20 16:53:27 +0000: Memory Usage (138724K) : recog_pdiode has 0 polygons
2026-08-20 16:53:27 +0000: Memory Usage (138724K) : recog_mom has 0 polygons
2026-08-20 16:53:27 +0000: Memory Usage (138724K) : recog_momf has 0 polygons
2026-08-20 16:53:27 +0000: Memory Usage (138852K) : recog_pcm has 0 polygons
2026-08-20 16:53:27 +0000: Memory Usage (138852K) : colopen_drw has 0 polygons
2026-08-20 16:53:27 +0000: Memory Usage (138852K) : graphmetal1_drw has 0 polygons
2026-08-20 16:53:27 +0000: Memory Usage (138852K) : graphmetal1_filler has 0 polygons
2026-08-20 16:53:27 +0000: Memory Usage (138980K) : graphmetal1_nofill has 0 polygons
2026-08-20 16:53:27 +0000: Memory Usage (138980K) : graphmetal1_slit has 0 polygons
2026-08-20 16:53:27 +0000: Memory Usage (138980K) : graphmetal1_OPC has 0 polygons
2026-08-20 16:53:27 +0000: Memory Usage (138980K) : graphmet1l_drw has 0 polygons
2026-08-20 16:53:27 +0000: Memory Usage (138980K) : graphmet1l_filler has 0 polygons
2026-08-20 16:53:27 +0000: Memory Usage (139108K) : graphmet1l_nofill has 0 polygons
2026-08-20 16:53:27 +0000: Memory Usage (139108K) : graphmet1l_slit has 0 polygons
2026-08-20 16:53:27 +0000: Memory Usage (139108K) : graphmet1l_OPC has 0 polygons
2026-08-20 16:53:27 +0000: Memory Usage (139108K) : extblock_drw has 6 polygons
2026-08-20 16:53:27 +0000: Memory Usage (139108K) : nldd_drw has 0 polygons
2026-08-20 16:53:27 +0000: Memory Usage (139108K) : pldd_drw has 0 polygons
2026-08-20 16:53:27 +0000: Memory Usage (139236K) : next_drw has 0 polygons
2026-08-20 16:53:27 +0000: Memory Usage (139236K) : pext_drw has 0 polygons
2026-08-20 16:53:27 +0000: Memory Usage (139236K) : nexthv_drw has 0 polygons
2026-08-20 16:53:27 +0000: Memory Usage (139236K) : pexthv_drw has 0 polygons
2026-08-20 16:53:27 +0000: Memory Usage (139236K) : graphgate_drw has 0 polygons
2026-08-20 16:53:27 +0000: Memory Usage (139364K) : sinwg_drw has 0 polygons
2026-08-20 16:53:27 +0000: Memory Usage (139364K) : sinwg_filler has 0 polygons
2026-08-20 16:53:27 +0000: Memory Usage (139364K) : sinwg_nofill has 0 polygons
2026-08-20 16:53:27 +0000: Memory Usage (139364K) : mempad_drw has 0 polygons
2026-08-20 16:53:27 +0000: Memory Usage (139364K) : topvia1_drw has 478 polygons
2026-08-20 16:53:27 +0000: Memory Usage (139492K) : topmetal1_drw has 49 polygons
2026-08-20 16:53:27 +0000: Memory Usage (139492K) : topmetal1_filler has 0 polygons
2026-08-20 16:53:27 +0000: Memory Usage (139492K) : topmetal1_slit has 0 polygons
2026-08-20 16:53:27 +0000: Memory Usage (139492K) : topmetal1 has 49 polygons
2026-08-20 16:53:27 +0000: Memory Usage (139620K) : topmetal1_pin has 0 polygons
2026-08-20 16:53:27 +0000: Memory Usage (139620K) : topmetal1_mask has 0 polygons
2026-08-20 16:53:27 +0000: Memory Usage (139620K) : topmetal1_nofill has 2 polygons
2026-08-20 16:53:27 +0000: Memory Usage (139620K) : topmetal1_text has 0 polygons
2026-08-20 16:53:27 +0000: Memory Usage (139620K) : topmetal1_noqrc has 0 polygons
2026-08-20 16:53:27 +0000: Memory Usage (139748K) : topmetal1_res has 0 polygons
2026-08-20 16:53:27 +0000: Memory Usage (139748K) : topmetal1_iprobe has 0 polygons
2026-08-20 16:53:27 +0000: Memory Usage (139748K) : topmetal1_diffprb has 0 polygons
2026-08-20 16:53:27 +0000: Memory Usage (139748K) : inldpwl_drw has 0 polygons
2026-08-20 16:53:27 +0000: Memory Usage (139876K) : polyres_drw has 2 polygons
2026-08-20 16:53:27 +0000: Memory Usage (139876K) : polyres_pin has 0 polygons
2026-08-20 16:53:27 +0000: Memory Usage (140004K) : vmim_drw has 0 polygons
2026-08-20 16:53:27 +0000: Memory Usage (140004K) : nbulaycut_drw has 0 polygons
2026-08-20 16:53:27 +0000: Memory Usage (140004K) : antmetal1_drw has 0 polygons
2026-08-20 16:53:27 +0000: Memory Usage (140132K) : topvia2_drw has 232 polygons
2026-08-20 16:53:27 +0000: Memory Usage (140260K) : topmetal2_drw has 64 polygons
2026-08-20 16:53:27 +0000: Memory Usage (140260K) : topmetal2_filler has 0 polygons
2026-08-20 16:53:27 +0000: Memory Usage (140260K) : topmetal2_slit has 0 polygons
2026-08-20 16:53:27 +0000: Memory Usage (140388K) : topmetal2 has 64 polygons
2026-08-20 16:53:27 +0000: Memory Usage (140388K) : topmetal2_pin has 4 polygons
2026-08-20 16:53:27 +0000: Memory Usage (140388K) : topmetal2_mask has 0 polygons
2026-08-20 16:53:27 +0000: Memory Usage (140516K) : topmetal2_nofill has 2 polygons
2026-08-20 16:53:27 +0000: Memory Usage (140516K) : topmetal2_text has 8 polygons
2026-08-20 16:53:27 +0000: Memory Usage (140516K) : topmetal2_noqrc has 0 polygons
2026-08-20 16:53:27 +0000: Memory Usage (140516K) : topmetal2_res has 0 polygons
2026-08-20 16:53:27 +0000: Memory Usage (140644K) : topmetal2_iprobe has 0 polygons
2026-08-20 16:53:27 +0000: Memory Usage (140644K) : topmetal2_diffprb has 0 polygons
2026-08-20 16:53:27 +0000: Memory Usage (140772K) : snsring_drw has 0 polygons
2026-08-20 16:53:27 +0000: Memory Usage (140772K) : sensor_drw has 0 polygons
2026-08-20 16:53:27 +0000: Memory Usage (140772K) : snsarms_drw has 0 polygons
2026-08-20 16:53:27 +0000: Memory Usage (140900K) : snscmosvia_drw has 0 polygons
2026-08-20 16:53:27 +0000: Memory Usage (140900K) : colwind_drw has 0 polygons
2026-08-20 16:53:27 +0000: Memory Usage (140900K) : flm_drw has 0 polygons
2026-08-20 16:53:27 +0000: Memory Usage (140900K) : hafniumox_drw has 0 polygons
2026-08-20 16:53:27 +0000: Memory Usage (140900K) : memvia_drw has 0 polygons
2026-08-20 16:53:27 +0000: Memory Usage (140900K) : thinfilmres_drw has 0 polygons
2026-08-20 16:53:27 +0000: Memory Usage (140900K) : rfmem_drw has 0 polygons
2026-08-20 16:53:27 +0000: Memory Usage (140900K) : norcx_drw has 2 polygons
2026-08-20 16:53:27 +0000: Memory Usage (140900K) : norcx_m2m3 has 0 polygons
2026-08-20 16:53:27 +0000: Memory Usage (140900K) : norcx_m2m4 has 0 polygons
2026-08-20 16:53:27 +0000: Memory Usage (140900K) : norcx_m2m5 has 0 polygons
2026-08-20 16:53:27 +0000: Memory Usage (140900K) : norcx_m2tm1 has 0 polygons
2026-08-20 16:53:27 +0000: Memory Usage (140900K) : norcx_m2tm2 has 0 polygons
2026-08-20 16:53:27 +0000: Memory Usage (140900K) : norcx_m3m4 has 0 polygons
2026-08-20 16:53:27 +0000: Memory Usage (140900K) : norcx_m3m5 has 0 polygons
2026-08-20 16:53:27 +0000: Memory Usage (140900K) : norcx_m3tm1 has 0 polygons
2026-08-20 16:53:27 +0000: Memory Usage (140900K) : norcx_m3tm2 has 0 polygons
2026-08-20 16:53:27 +0000: Memory Usage (140900K) : norcx_m4m5 has 0 polygons
2026-08-20 16:53:27 +0000: Memory Usage (140900K) : norcx_m4tm1 has 0 polygons
2026-08-20 16:53:27 +0000: Memory Usage (140900K) : norcx_m4tm2 has 0 polygons
2026-08-20 16:53:27 +0000: Memory Usage (140900K) : norcx_m5tm1 has 0 polygons
2026-08-20 16:53:27 +0000: Memory Usage (140900K) : norcx_m5tm2 has 0 polygons
2026-08-20 16:53:27 +0000: Memory Usage (140900K) : norcx_tm1tm2 has 0 polygons
2026-08-20 16:53:27 +0000: Memory Usage (140900K) : norcx_m1sub has 0 polygons
2026-08-20 16:53:27 +0000: Memory Usage (140900K) : norcx_m2sub has 0 polygons
2026-08-20 16:53:27 +0000: Memory Usage (140900K) : norcx_m3sub has 0 polygons
2026-08-20 16:53:27 +0000: Memory Usage (140900K) : norcx_m4sub has 0 polygons
2026-08-20 16:53:27 +0000: Memory Usage (140900K) : norcx_m5sub has 0 polygons
2026-08-20 16:53:27 +0000: Memory Usage (140900K) : norcx_tm1sub has 0 polygons
2026-08-20 16:53:27 +0000: Memory Usage (140900K) : norcx_tm2sub has 0 polygons
2026-08-20 16:53:27 +0000: Memory Usage (140900K) : snsbotvia_drw has 0 polygons
2026-08-20 16:53:27 +0000: Memory Usage (140900K) : snstopvia_drw has 0 polygons
2026-08-20 16:53:27 +0000: Memory Usage (140900K) : deepvia_drw has 0 polygons
2026-08-20 16:53:27 +0000: Memory Usage (140900K) : fgetch_drw has 0 polygons
2026-08-20 16:53:27 +0000: Memory Usage (140900K) : ctrgat_drw has 0 polygons
2026-08-20 16:53:27 +0000: Memory Usage (140900K) : fgimp_drw has 0 polygons
2026-08-20 16:53:27 +0000: Memory Usage (140900K) : emwihv_drw has 0 polygons
2026-08-20 16:53:27 +0000: Memory Usage (140900K) : lbe_drw has 2 polygons
2026-08-20 16:53:27 +0000: Memory Usage (140900K) : alcustop_drw has 0 polygons
2026-08-20 16:53:27 +0000: Memory Usage (140900K) : nometfiller_drw has 0 polygons
2026-08-20 16:53:27 +0000: Memory Usage (140900K) : prboundary_drw has 0 polygons
2026-08-20 16:53:27 +0000: Memory Usage (140900K) : exchange0_drw has 0 polygons
2026-08-20 16:53:27 +0000: Memory Usage (140900K) : exchange0_pin has 0 polygons
2026-08-20 16:53:27 +0000: Memory Usage (140900K) : exchange0_text has 0 polygons
2026-08-20 16:53:27 +0000: Memory Usage (140900K) : exchange1_drw has 0 polygons
2026-08-20 16:53:27 +0000: Memory Usage (140900K) : exchange1_pin has 0 polygons
2026-08-20 16:53:27 +0000: Memory Usage (140900K) : exchange1_text has 0 polygons
2026-08-20 16:53:27 +0000: Memory Usage (140900K) : exchange2_drw has 0 polygons
2026-08-20 16:53:27 +0000: Memory Usage (140900K) : exchange2_pin has 0 polygons
2026-08-20 16:53:27 +0000: Memory Usage (140900K) : exchange2_text has 0 polygons
2026-08-20 16:53:27 +0000: Memory Usage (140900K) : exchange3_drw has 0 polygons
2026-08-20 16:53:27 +0000: Memory Usage (140900K) : exchange3_pin has 0 polygons
2026-08-20 16:53:27 +0000: Memory Usage (140900K) : exchange3_text has 0 polygons
2026-08-20 16:53:27 +0000: Memory Usage (140900K) : exchange4_drw has 0 polygons
2026-08-20 16:53:27 +0000: Memory Usage (140900K) : exchange4_pin has 0 polygons
2026-08-20 16:53:27 +0000: Memory Usage (140900K) : exchange4_text has 0 polygons
2026-08-20 16:53:27 +0000: Memory Usage (140900K) : isonwell_drw has 0 polygons
2026-08-20 16:53:27 +0000: Memory Usage (140900K) : Total no. of polygons in the design is 31961
2026-08-20 16:53:27 +0000: Memory Usage (140900K) : Starting base layers derivations
2026-08-20 16:53:27 +0000: Memory Usage (140900K) : Starting general LVS derivations
2026-08-20 16:53:27 +0000: Memory Usage (145436K) : Starting MOSFET DERIVATIONS
2026-08-20 16:53:28 +0000: Memory Usage (146332K) : Starting NMOS DERIVATIONS
2026-08-20 16:53:28 +0000: Memory Usage (146332K) : Starting PMOS DERIVATIONS
2026-08-20 16:53:28 +0000: Memory Usage (146332K) : Starting RF-MOSFET DERIVATIONS
2026-08-20 16:53:28 +0000: Memory Usage (146332K) : Starting RF-NMOS DERIVATIONS
2026-08-20 16:53:28 +0000: Memory Usage (146332K) : Starting RF-PMOS DERIVATIONS
2026-08-20 16:53:28 +0000: Memory Usage (146332K) : Starting BJT DERIVATIONS
2026-08-20 16:53:28 +0000: Memory Usage (146332K) : Starting NPN-BJT DERIVATIONS
2026-08-20 16:53:28 +0000: Memory Usage (146332K) : Starting PNP-BJT DERIVATIONS
2026-08-20 16:53:28 +0000: Memory Usage (146332K) : Starting DIODE DERIVATIONS
2026-08-20 16:53:28 +0000: Memory Usage (146332K) : Starting RESISTOR DERIVATIONS
2026-08-20 16:53:28 +0000: Memory Usage (146460K) : Starting CAP DERIVATIONS
2026-08-20 16:53:28 +0000: Memory Usage (146460K) : Starting CAP_CMOM DERIVATIONS
2026-08-20 16:53:28 +0000: Memory Usage (146460K) : Starting CAP_CMOMF DERIVATIONS
2026-08-20 16:53:28 +0000: Memory Usage (146460K) : Starting ESD DERIVATIONS
2026-08-20 16:53:29 +0000: Memory Usage (146588K) : Starting Inductor DERIVATIONS
2026-08-20 16:53:30 +0000: Memory Usage (146588K) : Starting Taps DERIVATIONS
2026-08-20 16:53:30 +0000: Memory Usage (146588K) : Starting SG13G2 LVS connectivity setup
2026-08-20 16:53:30 +0000: Memory Usage (146588K) : Starting SG13G2 LVS connectivity setup (Inter-layer)
2026-08-20 16:53:30 +0000: Memory Usage (146716K) : Starting SG13G2 LVS connectivity setup (Global)
2026-08-20 16:53:30 +0000: Memory Usage (146716K) : Starting LVS MOSFET CONNECTIONS
2026-08-20 16:53:30 +0000: Memory Usage (146716K) : Starting LVS RF-MOSFET CONNECTIONS
2026-08-20 16:53:30 +0000: Memory Usage (146716K) : Starting LVS BJT CONNECTIONS
2026-08-20 16:53:30 +0000: Memory Usage (146716K) : Starting LVS DIODE CONNECTIONS
2026-08-20 16:53:30 +0000: Memory Usage (146716K) : Starting RESISTOR CONNECTIONS
2026-08-20 16:53:30 +0000: Memory Usage (146716K) : Starting LVS CAP CONNECTIONS
2026-08-20 16:53:30 +0000: Memory Usage (146716K) : Starting CAP_CMOM CONNECTIONS
2026-08-20 16:53:30 +0000: Memory Usage (146716K) : Starting CAP_CMOMF CONNECTIONS
2026-08-20 16:53:30 +0000: Memory Usage (146716K) : Starting ESD CONNECTIONS
2026-08-20 16:53:30 +0000: Memory Usage (146716K) : Starting Inductor CONNECTIONS
2026-08-20 16:53:30 +0000: Memory Usage (146716K) : Starting LVS Taps CONNECTIONS
2026-08-20 16:53:30 +0000: Memory Usage (146716K) : Starting SG13G2 LVS DEVICES EXTRACTION
2026-08-20 16:53:30 +0000: Memory Usage (146716K) : Starting MOSFET EXTRACTION
2026-08-20 16:53:30 +0000: Memory Usage (146716K) : Starting NMOS EXTRACTION
2026-08-20 16:53:30 +0000: Memory Usage (146716K) : Extraction of NMOS-LV transistor
2026-08-20 16:53:30 +0000: Memory Usage (146844K) : Extraction of NMOS-HV transistor
2026-08-20 16:53:30 +0000: Memory Usage (146844K) : Starting PMOS EXTRACTION
2026-08-20 16:53:30 +0000: Memory Usage (146844K) : Extraction of PMOS-LV transistor
2026-08-20 16:53:30 +0000: Memory Usage (146844K) : Extraction of PMOS-HV transistor
2026-08-20 16:53:30 +0000: Memory Usage (146844K) : Starting RF-MOSFET EXTRACTION
2026-08-20 16:53:30 +0000: Memory Usage (146844K) : Extraction of RF-NMOS-LV transistor
2026-08-20 16:53:30 +0000: Memory Usage (146844K) : Extraction of RF-NMOS-HV transistor
2026-08-20 16:53:30 +0000: Memory Usage (146844K) : Extraction of RF-PMOS-LV transistor
2026-08-20 16:53:30 +0000: Memory Usage (146844K) : Extraction of RF-PMOS-HV transistor
2026-08-20 16:53:30 +0000: Memory Usage (146844K) : Starting BJT EXTRACTION
2026-08-20 16:53:30 +0000: Memory Usage (146844K) : Starting NPN-BJT EXTRACTION
2026-08-20 16:53:30 +0000: Memory Usage (146844K) : Extraction of npn13G2 BJT transistor
2026-08-20 16:53:30 +0000: Memory Usage (146844K) : Extraction of npn13G2L BJT transistor
2026-08-20 16:53:30 +0000: Memory Usage (146844K) : Extraction of npn13G2V BJT transistor
2026-08-20 16:53:30 +0000: Memory Usage (146844K) : Starting PNP-BJT EXTRACTION
2026-08-20 16:53:30 +0000: Memory Usage (146844K) : Extracting pnpMPA BJT
2026-08-20 16:53:30 +0000: Memory Usage (146844K) : Starting DIODE EXTRACTION
2026-08-20 16:53:30 +0000: Memory Usage (146844K) : Extracting dantenna diode
2026-08-20 16:53:30 +0000: Memory Usage (146844K) : Extracting dpantenna diode
2026-08-20 16:53:30 +0000: Memory Usage (146844K) : Extracting schottky_nbl1 diode
2026-08-20 16:53:30 +0000: Memory Usage (146844K) : Extracting isolbox diode
2026-08-20 16:53:30 +0000: Memory Usage (146844K) : Starting RESISTOR EXTRACTION
2026-08-20 16:53:30 +0000: Memory Usage (146844K) : Extracting rsil resistor
2026-08-20 16:53:30 +0000: Memory Usage (146844K) : Extracting rppd resistor
2026-08-20 16:53:30 +0000: Memory Usage (146844K) : Extracting rhigh resistor
2026-08-20 16:53:30 +0000: Memory Usage (146844K) : Extracting res_metal1 resistor
2026-08-20 16:53:30 +0000: Memory Usage (146972K) : Extracting res_metal2 resistor
2026-08-20 16:53:30 +0000: Memory Usage (146972K) : Extracting res_metal3 resistor
2026-08-20 16:53:30 +0000: Memory Usage (146972K) : Extracting res_metal4 resistor
2026-08-20 16:53:30 +0000: Memory Usage (146972K) : Extracting res_metal5 resistor
2026-08-20 16:53:30 +0000: Memory Usage (146972K) : Extracting res_topmetal1 resistor
2026-08-20 16:53:30 +0000: Memory Usage (146972K) : Extracting res_topmetal2 resistor
2026-08-20 16:53:30 +0000: Memory Usage (146972K) : Starting CAP EXTRACTION
2026-08-20 16:53:30 +0000: Memory Usage (146972K) : Extracting cap_cmim device
2026-08-20 16:53:30 +0000: Memory Usage (146972K) : Extracting rfcmim device
2026-08-20 16:53:30 +0000: Memory Usage (146972K) : Extracting sg13_hv_svaricap varactor
2026-08-20 16:53:30 +0000: Memory Usage (146972K) : Extracting cap_cmomi device
2026-08-20 16:53:30 +0000: Memory Usage (146972K) : Extracting cap_cmomf device
2026-08-20 16:53:30 +0000: Memory Usage (146972K) : Extracting sg13_moscap_n capacitor
2026-08-20 16:53:30 +0000: Memory Usage (146972K) : Extracting sg13_moscap_p capacitor
2026-08-20 16:53:30 +0000: Memory Usage (146972K) : Starting ESD EXTRACTION
2026-08-20 16:53:30 +0000: Memory Usage (146972K) : Extracting diodevdd_2kv ESD device
2026-08-20 16:53:30 +0000: Memory Usage (146972K) : Extracting diodevdd_4kv ESD device
2026-08-20 16:53:30 +0000: Memory Usage (146972K) : Extracting diodevss_2kv ESD device
2026-08-20 16:53:30 +0000: Memory Usage (146972K) : Extracting diodevss_4kv ESD device
2026-08-20 16:53:30 +0000: Memory Usage (146972K) : Extracting idiodevdd_2kv ESD device
2026-08-20 16:53:30 +0000: Memory Usage (146972K) : Extracting idiodevdd_4kv ESD device
2026-08-20 16:53:30 +0000: Memory Usage (146972K) : Extracting idiodevss_2kv ESD device
2026-08-20 16:53:30 +0000: Memory Usage (146972K) : Extracting idiodevss_4kv ESD device
2026-08-20 16:53:30 +0000: Memory Usage (146972K) : Extracting nmoscl_2 ESD device
2026-08-20 16:53:30 +0000: Memory Usage (146972K) : Extracting nmoscl_4 ESD device
2026-08-20 16:53:30 +0000: Memory Usage (146972K) : Starting Inductor EXTRACTION
2026-08-20 16:53:30 +0000: Memory Usage (146972K) : Extracting Inductor2 device
2026-08-20 16:53:30 +0000: Memory Usage (146972K) : Extracting Inductor3 device
2026-08-20 16:53:30 +0000: Memory Usage (146972K) : Starting Taps EXTRACTION
2026-08-20 16:53:30 +0000: Memory Usage (146972K) : DISABLE_TAP_EXTRACTION is enabled: skipping ntap1/ptap1 device extraction.
2026-08-20 16:53:30 +0000: Memory Usage (146972K) : Starting SG13G2 LVS RF MOS Model Mapping
2026-08-20 16:53:30 +0000: Memory Usage (147100K) : [layout_netlist] Apply RF MOS model mapping and rfmode parameter.
2026-08-20 16:53:30 +0000: Memory Usage (147100K) : Starting SG13G2 LVS Options Preparations
2026-08-20 16:53:30 +0000: Memory Usage (147100K) : SG13G2 LVS flow: extraction -> alignment -> option preparation -> comparison.
2026-08-20 16:53:30 +0000: Memory Usage (147100K) : Starting SG13G2 LVS Alignment
2026-08-20 16:53:30 +0000: Memory Usage (147100K) : Starting SG13G2 LVS Simplification
2026-08-20 16:53:30 +0000: Memory Usage (147100K) : [layout_netlist] simplify: ENABLED
2026-08-20 16:53:30 +0000: Memory Usage (147100K) : [layout_netlist] make_top_level_pins: SKIPPED
2026-08-20 16:53:30 +0000: Memory Usage (147100K) : [layout_netlist] combine_devices: SKIPPED
2026-08-20 16:53:30 +0000: Memory Usage (147100K) : [layout_netlist] purge: SKIPPED
2026-08-20 16:53:30 +0000: Memory Usage (147100K) : [layout_netlist] purge_nets: SKIPPED
2026-08-20 16:53:30 +0000: Memory Usage (147100K) : [schematic_netlist] simplify: ENABLED
2026-08-20 16:53:30 +0000: Memory Usage (147100K) : [schematic_netlist] make_top_level_pins: SKIPPED
2026-08-20 16:53:30 +0000: Memory Usage (147100K) : [schematic_netlist] combine_devices: SKIPPED
2026-08-20 16:53:30 +0000: Memory Usage (147100K) : [schematic_netlist] purge: SKIPPED
2026-08-20 16:53:30 +0000: Memory Usage (147100K) : [schematic_netlist] purge_nets: SKIPPED
2026-08-20 16:53:30 +0000: Memory Usage (147100K) : Starting SG13G2 LVS Comparison
2026-08-20 16:53:30 +0000: Memory Usage (147228K) : xxxxxxxxxxxxxxxxxxxxxxxxxxxxxxxxxxxxxxxxxx
2026-08-20 16:53:30 +0000: Memory Usage (147228K) : ERROR : Netlists don't match
2026-08-20 16:53:30 +0000: Memory Usage (147228K) : xxxxxxxxxxxxxxxxxxxxxxxxxxxxxxxxxxxxxxxxxx
2026-08-20 16:53:30 +0000: Memory Usage (147228K) : LVS Total Run time 2.806795 seconds

--- stderr ---
20-Aug-2026 16:53:27 | INFO    | Your Klayout version is: KLayout 0.30.5 (required >= 0.30.5)
20-Aug-2026 16:53:27 | INFO    | Running SG13G2 LVS checks on design /workspace/layout/blocks/out/driver_stage/probe14/driver_dut.gds on cell driver_dut
20-Aug-2026 16:53:30 | INFO    | ==============================================================================
20-Aug-2026 16:53:30 | INFO    | Important Summary
20-Aug-2026 16:53:30 | INFO    | +------------------+--------------------------------------------------------------+
20-Aug-2026 16:53:30 | INFO    | | Status           | FAIL                                                         |
20-Aug-2026 16:53:30 | INFO    | | Mode             | COMPARE                                                      |
20-Aug-2026 16:53:30 | INFO    | | Outcome          | Comparison mode: FAIL (netlists do not match).               |
20-Aug-2026 16:53:30 | INFO    | | Layout           | driver_dut.gds                                               |
20-Aug-2026 16:53:30 | INFO    | | Top Cell         | driver_dut                                                   |
20-Aug-2026 16:53:30 | INFO    | | Results Dir      | /workspace/layout/blocks/out/driver_stage/probe14/lvs        |
20-Aug-2026 16:53:30 | INFO    | | Warnings         | 0                                                            |
20-Aug-2026 16:53:30 | INFO    | | Errors           | 1                                                            |
20-Aug-2026 16:53:30 | INFO    | | Run Time (s)     | 3.156                                                        |
20-Aug-2026 16:53:30 | INFO    | +------------------+--------------------------------------------------------------+
20-Aug-2026 16:53:30 | ERROR   | Key errors:
20-Aug-2026 16:53:30 | ERROR   |   - 2026-08-20 16:53:30 +0000: Memory Usage (147228K) : ERROR : Netlists don't match
20-Aug-2026 16:53:30 | INFO    | ==============================================================================

