$ python3 /home/ubuntu/.local/share/ihp-eda/IHP-Open-PDK/ihp-sg13g2/libs.tech/klayout/tech/lvs/run_lvs.py --layout=/workspace/layout/blocks/out/term_stage/_cmim_probe/probe_direct_m5.gds --netlist=/workspace/layout/blocks/out/term_stage/_cmim_probe/probe_direct_m5.cdl --run_dir=/workspace/layout/blocks/out/term_stage/_cmim_probe/lvs_direct_m5 --run_mode=deep --topcell=probe --implicit_nets=sub,sub! --ignore_top_ports_mismatch

--- stdout ---
2026-08-20 11:08:35 +0000: Memory Usage (129188K) : Starting running SG13G2 Klayout LVS runset on /workspace/layout/blocks/out/term_stage/_cmim_probe/probe_direct_m5.gds
2026-08-20 11:08:35 +0000: Memory Usage (129188K) : Ruby Version for klayout: 3.2.3
2026-08-20 11:08:35 +0000: Memory Usage (130284K) : Loading database to memory is complete.
2026-08-20 11:08:35 +0000: Memory Usage (130284K) : SG13G2 Klayout LVS runset output at: /workspace/layout/blocks/out/term_stage/_cmim_probe/lvs_direct_m5/probe_direct_m5.lvsdb
2026-08-20 11:08:35 +0000: Memory Usage (130284K) : Evaluate switches.
2026-08-20 11:08:35 +0000: Memory Usage (130284K) : Extracted netlist with net names: true
2026-08-20 11:08:35 +0000: Memory Usage (130284K) : Extracted netlist with comments in details: false
2026-08-20 11:08:35 +0000: Memory Usage (130284K) : Selected NET_ONLY option: false
2026-08-20 11:08:35 +0000: Memory Usage (130284K) : Selected LAYOUT_NETLIST option: (none)
2026-08-20 11:08:35 +0000: Memory Usage (130284K) : Selected IGNORE_TOP_PORTS_MISMATCH option: true
2026-08-20 11:08:35 +0000: Memory Usage (130284K) : Selected IMPLICIT_NETS option: sub,sub!
2026-08-20 11:08:35 +0000: Memory Usage (130284K) : Selected TOP_LVL_PINS option: false
2026-08-20 11:08:35 +0000: Memory Usage (130284K) : Selected COMBINE DEVICES option: false
2026-08-20 11:08:35 +0000: Memory Usage (130284K) : Selected PURGE option: false
2026-08-20 11:08:35 +0000: Memory Usage (130284K) : Selected PURGE_NETS option: false
2026-08-20 11:08:35 +0000: Memory Usage (130284K) : Selected SIMPLIFY option: true
2026-08-20 11:08:35 +0000: Memory Usage (130284K) : Selected SERIES_RES option: true
2026-08-20 11:08:35 +0000: Memory Usage (130284K) : Selected PARALLEL_RES option: true
2026-08-20 11:08:35 +0000: Memory Usage (130284K) : Selected DISABLE_TAP_EXTRACTION option: false
2026-08-20 11:08:35 +0000: Memory Usage (130284K) : deep  mode is enabled.
2026-08-20 11:08:35 +0000: Memory Usage (130284K) : Applying implicit connections (case-sensitive, pattern supported) for nets: sub, sub!
2026-08-20 11:08:35 +0000: Memory Usage (131512K) : Netlist file: /workspace/layout/blocks/out/term_stage/_cmim_probe/probe_direct_m5.cdl
2026-08-20 11:08:35 +0000: Memory Usage (131512K) : LVS extracted netlist at: /workspace/layout/blocks/out/term_stage/_cmim_probe/lvs_direct_m5/probe_direct_m5_extracted.cir
2026-08-20 11:08:35 +0000: Memory Usage (131512K) : Applying SRAM integration support.
2026-08-20 11:08:35 +0000: Memory Usage (131512K) : Starting SG13G2 LVS runset
2026-08-20 11:08:35 +0000: Memory Usage (131512K) : Read in polygons from layers.
2026-08-20 11:08:35 +0000: Memory Usage (131920K) : activ_drw has 0 polygons
2026-08-20 11:08:35 +0000: Memory Usage (131920K) : activ_filler has 0 polygons
2026-08-20 11:08:35 +0000: Memory Usage (132048K) : activ has 0 polygons
2026-08-20 11:08:35 +0000: Memory Usage (132048K) : activ_pin has 0 polygons
2026-08-20 11:08:35 +0000: Memory Usage (132048K) : activ_mask has 0 polygons
2026-08-20 11:08:35 +0000: Memory Usage (132048K) : activ_nofill has 0 polygons
2026-08-20 11:08:35 +0000: Memory Usage (132048K) : activ_OPC has 0 polygons
2026-08-20 11:08:35 +0000: Memory Usage (132048K) : activ_iOPC has 0 polygons
2026-08-20 11:08:35 +0000: Memory Usage (132048K) : activ_noqrc has 0 polygons
2026-08-20 11:08:35 +0000: Memory Usage (132048K) : biwind_drw has 0 polygons
2026-08-20 11:08:35 +0000: Memory Usage (132048K) : biwind_OPC has 0 polygons
2026-08-20 11:08:35 +0000: Memory Usage (132492K) : gatpoly_drw has 4 polygons
2026-08-20 11:08:35 +0000: Memory Usage (132492K) : gatpoly_filler has 0 polygons
2026-08-20 11:08:35 +0000: Memory Usage (132620K) : gatpoly has 4 polygons
2026-08-20 11:08:35 +0000: Memory Usage (132620K) : gatpoly_pin has 0 polygons
2026-08-20 11:08:35 +0000: Memory Usage (132620K) : gatpoly_nofill has 0 polygons
2026-08-20 11:08:35 +0000: Memory Usage (132620K) : gatpoly_OPC has 0 polygons
2026-08-20 11:08:35 +0000: Memory Usage (132620K) : gatpoly_iOPC has 0 polygons
2026-08-20 11:08:35 +0000: Memory Usage (132620K) : gatpoly_noqrc has 0 polygons
2026-08-20 11:08:35 +0000: Memory Usage (132620K) : cont_drw has 2 polygons
2026-08-20 11:08:35 +0000: Memory Usage (132620K) : cont_OPC has 0 polygons
2026-08-20 11:08:35 +0000: Memory Usage (132708K) : nsd_drw has 0 polygons
2026-08-20 11:08:35 +0000: Memory Usage (133220K) : nsd_block has 0 polygons
2026-08-20 11:08:35 +0000: Memory Usage (133220K) : metal1_drw has 4 polygons
2026-08-20 11:08:35 +0000: Memory Usage (133220K) : metal1_filler has 0 polygons
2026-08-20 11:08:35 +0000: Memory Usage (133220K) : metal1_slit has 0 polygons
2026-08-20 11:08:35 +0000: Memory Usage (133348K) : metal1 has 4 polygons
2026-08-20 11:08:35 +0000: Memory Usage (133348K) : metal1_pin has 2 polygons
2026-08-20 11:08:35 +0000: Memory Usage (133348K) : metal1_mask has 0 polygons
2026-08-20 11:08:35 +0000: Memory Usage (133348K) : metal1_nofill has 0 polygons
2026-08-20 11:08:35 +0000: Memory Usage (133476K) : metal1_text has 0 polygons
2026-08-20 11:08:35 +0000: Memory Usage (133476K) : metal1_OPC has 0 polygons
2026-08-20 11:08:35 +0000: Memory Usage (133476K) : metal1_noqrc has 0 polygons
2026-08-20 11:08:35 +0000: Memory Usage (133476K) : metal1_res has 0 polygons
2026-08-20 11:08:35 +0000: Memory Usage (133476K) : metal1_iprobe has 0 polygons
2026-08-20 11:08:35 +0000: Memory Usage (133476K) : metal1_diffprb has 0 polygons
2026-08-20 11:08:35 +0000: Memory Usage (133476K) : passiv_drw has 0 polygons
2026-08-20 11:08:35 +0000: Memory Usage (133476K) : passiv_pin has 0 polygons
2026-08-20 11:08:35 +0000: Memory Usage (133476K) : passiv_sbump has 0 polygons
2026-08-20 11:08:35 +0000: Memory Usage (133476K) : passiv_pillar has 0 polygons
2026-08-20 11:08:35 +0000: Memory Usage (133476K) : passiv_pdl has 0 polygons
2026-08-20 11:08:35 +0000: Memory Usage (133476K) : metal2_drw has 1 polygons
2026-08-20 11:08:35 +0000: Memory Usage (133476K) : metal2_filler has 0 polygons
2026-08-20 11:08:35 +0000: Memory Usage (133476K) : metal2_slit has 0 polygons
2026-08-20 11:08:35 +0000: Memory Usage (133476K) : metal2 has 1 polygons
2026-08-20 11:08:35 +0000: Memory Usage (133604K) : metal2_pin has 0 polygons
2026-08-20 11:08:35 +0000: Memory Usage (133604K) : metal2_mask has 0 polygons
2026-08-20 11:08:35 +0000: Memory Usage (133732K) : metal2_nofill has 0 polygons
2026-08-20 11:08:35 +0000: Memory Usage (133732K) : metal2_text has 0 polygons
2026-08-20 11:08:35 +0000: Memory Usage (133732K) : metal2_OPC has 0 polygons
2026-08-20 11:08:35 +0000: Memory Usage (133860K) : metal2_noqrc has 0 polygons
2026-08-20 11:08:35 +0000: Memory Usage (133860K) : metal2_res has 0 polygons
2026-08-20 11:08:35 +0000: Memory Usage (133860K) : metal2_iprobe has 0 polygons
2026-08-20 11:08:35 +0000: Memory Usage (133860K) : metal2_diffprb has 0 polygons
2026-08-20 11:08:35 +0000: Memory Usage (133988K) : baspoly_drw has 0 polygons
2026-08-20 11:08:35 +0000: Memory Usage (133988K) : baspoly_pin has 0 polygons
2026-08-20 11:08:35 +0000: Memory Usage (133988K) : psd_drw has 3 polygons
2026-08-20 11:08:35 +0000: Memory Usage (133988K) : nldb_drw has 0 polygons
2026-08-20 11:08:35 +0000: Memory Usage (134116K) : digibnd_drw has 0 polygons
2026-08-20 11:08:35 +0000: Memory Usage (134116K) : via1_drw has 4 polygons
2026-08-20 11:08:35 +0000: Memory Usage (134116K) : backmetal1_drw has 0 polygons
2026-08-20 11:08:35 +0000: Memory Usage (134116K) : backmetal1_pin has 0 polygons
2026-08-20 11:08:35 +0000: Memory Usage (134244K) : backmetal1_mask has 0 polygons
2026-08-20 11:08:35 +0000: Memory Usage (134244K) : backmetal1_filler has 0 polygons
2026-08-20 11:08:35 +0000: Memory Usage (134244K) : backmetal1_nofill has 0 polygons
2026-08-20 11:08:35 +0000: Memory Usage (134372K) : backmetal1_slit has 0 polygons
2026-08-20 11:08:35 +0000: Memory Usage (134372K) : backmetal1_text has 0 polygons
2026-08-20 11:08:35 +0000: Memory Usage (134372K) : backmetal1_OPC has 0 polygons
2026-08-20 11:08:35 +0000: Memory Usage (134372K) : backmetal1_noqrc has 0 polygons
2026-08-20 11:08:35 +0000: Memory Usage (134372K) : backmetal1_res has 0 polygons
2026-08-20 11:08:35 +0000: Memory Usage (134500K) : backmetal1_iprobe has 0 polygons
2026-08-20 11:08:35 +0000: Memory Usage (134500K) : backmetal1_diffprb has 0 polygons
2026-08-20 11:08:35 +0000: Memory Usage (134500K) : backpassiv_drw has 0 polygons
2026-08-20 11:08:35 +0000: Memory Usage (134500K) : res_drw has 0 polygons
2026-08-20 11:08:35 +0000: Memory Usage (134628K) : sram_drw has 0 polygons
2026-08-20 11:08:35 +0000: Memory Usage (134628K) : trans_drw has 0 polygons
2026-08-20 11:08:35 +0000: Memory Usage (134628K) : ind_drw has 0 polygons
2026-08-20 11:08:35 +0000: Memory Usage (134628K) : ind_pin has 0 polygons
2026-08-20 11:08:35 +0000: Memory Usage (134756K) : ind_text has 0 polygons
2026-08-20 11:08:35 +0000: Memory Usage (134756K) : salblock_drw has 1 polygons
2026-08-20 11:08:35 +0000: Memory Usage (134756K) : via2_drw has 4 polygons
2026-08-20 11:08:35 +0000: Memory Usage (134756K) : metal3_drw has 3 polygons
2026-08-20 11:08:35 +0000: Memory Usage (134884K) : metal3_filler has 0 polygons
2026-08-20 11:08:35 +0000: Memory Usage (134884K) : metal3_slit has 0 polygons
2026-08-20 11:08:35 +0000: Memory Usage (134884K) : metal3 has 3 polygons
2026-08-20 11:08:35 +0000: Memory Usage (135012K) : metal3_pin has 0 polygons
2026-08-20 11:08:35 +0000: Memory Usage (135012K) : metal3_mask has 0 polygons
2026-08-20 11:08:35 +0000: Memory Usage (135012K) : metal3_nofill has 0 polygons
2026-08-20 11:08:35 +0000: Memory Usage (135012K) : metal3_text has 0 polygons
2026-08-20 11:08:35 +0000: Memory Usage (135140K) : metal3_OPC has 0 polygons
2026-08-20 11:08:35 +0000: Memory Usage (135140K) : metal3_noqrc has 0 polygons
2026-08-20 11:08:35 +0000: Memory Usage (135140K) : metal3_res has 0 polygons
2026-08-20 11:08:35 +0000: Memory Usage (135140K) : metal3_iprobe has 0 polygons
2026-08-20 11:08:35 +0000: Memory Usage (135140K) : metal3_diffprb has 0 polygons
2026-08-20 11:08:35 +0000: Memory Usage (135140K) : nwell_drw has 0 polygons
2026-08-20 11:08:35 +0000: Memory Usage (135140K) : nwell_pin has 0 polygons
2026-08-20 11:08:35 +0000: Memory Usage (135140K) : nwell_text has 0 polygons
2026-08-20 11:08:35 +0000: Memory Usage (135140K) : nbulay_drw has 0 polygons
2026-08-20 11:08:35 +0000: Memory Usage (135140K) : nbulay_pin has 0 polygons
2026-08-20 11:08:35 +0000: Memory Usage (135140K) : nbulay_block has 0 polygons
2026-08-20 11:08:35 +0000: Memory Usage (135268K) : emwind_drw has 0 polygons
2026-08-20 11:08:35 +0000: Memory Usage (135268K) : emwind_OPC has 0 polygons
2026-08-20 11:08:35 +0000: Memory Usage (135268K) : deepco_drw has 0 polygons
2026-08-20 11:08:35 +0000: Memory Usage (135268K) : mim_drw has 1 polygons
2026-08-20 11:08:35 +0000: Memory Usage (135268K) : edgeseal_drw has 0 polygons
2026-08-20 11:08:35 +0000: Memory Usage (135268K) : substrate_drw has 0 polygons
2026-08-20 11:08:35 +0000: Memory Usage (135396K) : substrate_text has 0 polygons
2026-08-20 11:08:35 +0000: Memory Usage (135396K) : dfpad_drw has 0 polygons
2026-08-20 11:08:35 +0000: Memory Usage (135396K) : dfpad_pillar has 0 polygons
2026-08-20 11:08:35 +0000: Memory Usage (135396K) : dfpad_sbump has 0 polygons
2026-08-20 11:08:35 +0000: Memory Usage (135396K) : thickgateox_drw has 0 polygons
2026-08-20 11:08:35 +0000: Memory Usage (135396K) : pldb_drw has 0 polygons
2026-08-20 11:08:35 +0000: Memory Usage (135524K) : pwell_drw has 0 polygons
2026-08-20 11:08:35 +0000: Memory Usage (135524K) : pwell_pin has 0 polygons
2026-08-20 11:08:35 +0000: Memory Usage (135524K) : pwell_block has 0 polygons
2026-08-20 11:08:35 +0000: Memory Usage (135524K) : ic_drw has 0 polygons
2026-08-20 11:08:35 +0000: Memory Usage (135524K) : via3_drw has 0 polygons
2026-08-20 11:08:35 +0000: Memory Usage (135652K) : metal4_drw has 1 polygons
2026-08-20 11:08:35 +0000: Memory Usage (135652K) : metal4_filler has 0 polygons
2026-08-20 11:08:35 +0000: Memory Usage (135652K) : metal4_slit has 0 polygons
2026-08-20 11:08:35 +0000: Memory Usage (135652K) : metal4 has 1 polygons
2026-08-20 11:08:35 +0000: Memory Usage (135652K) : metal4_pin has 0 polygons
2026-08-20 11:08:35 +0000: Memory Usage (135652K) : metal4_mask has 0 polygons
2026-08-20 11:08:35 +0000: Memory Usage (135780K) : metal4_nofill has 0 polygons
2026-08-20 11:08:35 +0000: Memory Usage (135780K) : metal4_text has 0 polygons
2026-08-20 11:08:35 +0000: Memory Usage (135780K) : metal4_OPC has 0 polygons
2026-08-20 11:08:35 +0000: Memory Usage (135780K) : metal4_noqrc has 0 polygons
2026-08-20 11:08:35 +0000: Memory Usage (135780K) : metal4_res has 0 polygons
2026-08-20 11:08:35 +0000: Memory Usage (135780K) : metal4_iprobe has 0 polygons
2026-08-20 11:08:35 +0000: Memory Usage (135908K) : metal4_diffprb has 0 polygons
2026-08-20 11:08:35 +0000: Memory Usage (135908K) : heattrans_drw has 0 polygons
2026-08-20 11:08:35 +0000: Memory Usage (135908K) : heatres_drw has 1 polygons
2026-08-20 11:08:35 +0000: Memory Usage (135908K) : fbe_drw has 0 polygons
2026-08-20 11:08:35 +0000: Memory Usage (135908K) : empoly_drw has 0 polygons
2026-08-20 11:08:35 +0000: Memory Usage (135908K) : digisub_drw has 0 polygons
2026-08-20 11:08:35 +0000: Memory Usage (136164K) : text_drw has 3 polygons
2026-08-20 11:08:35 +0000: Memory Usage (136164K) : via4_drw has 4 polygons
2026-08-20 11:08:35 +0000: Memory Usage (136164K) : metal5_drw has 5 polygons
2026-08-20 11:08:35 +0000: Memory Usage (136164K) : metal5_filler has 0 polygons
2026-08-20 11:08:35 +0000: Memory Usage (136164K) : metal5_slit has 0 polygons
2026-08-20 11:08:35 +0000: Memory Usage (136164K) : metal5 has 5 polygons
2026-08-20 11:08:35 +0000: Memory Usage (136164K) : metal5_pin has 0 polygons
2026-08-20 11:08:35 +0000: Memory Usage (136292K) : metal5_mask has 0 polygons
2026-08-20 11:08:35 +0000: Memory Usage (136292K) : metal5_nofill has 0 polygons
2026-08-20 11:08:35 +0000: Memory Usage (136292K) : metal5_text has 0 polygons
2026-08-20 11:08:35 +0000: Memory Usage (136292K) : metal5_OPC has 0 polygons
2026-08-20 11:08:35 +0000: Memory Usage (136292K) : metal5_noqrc has 0 polygons
2026-08-20 11:08:35 +0000: Memory Usage (136292K) : metal5_res has 0 polygons
2026-08-20 11:08:35 +0000: Memory Usage (136420K) : metal5_iprobe has 0 polygons
2026-08-20 11:08:35 +0000: Memory Usage (136420K) : metal5_diffprb has 0 polygons
2026-08-20 11:08:35 +0000: Memory Usage (136420K) : radhard_drw has 0 polygons
2026-08-20 11:08:35 +0000: Memory Usage (136420K) : memcap_drw has 0 polygons
2026-08-20 11:08:35 +0000: Memory Usage (136420K) : varicap_drw has 0 polygons
2026-08-20 11:08:35 +0000: Memory Usage (136420K) : intbondvia_drw has 0 polygons
2026-08-20 11:08:35 +0000: Memory Usage (136548K) : intbondmet_drw has 0 polygons
2026-08-20 11:08:35 +0000: Memory Usage (136548K) : devbondvia_drw has 0 polygons
2026-08-20 11:08:35 +0000: Memory Usage (136548K) : devbondmet_drw has 0 polygons
2026-08-20 11:08:35 +0000: Memory Usage (136548K) : devtrench_drw has 0 polygons
2026-08-20 11:08:35 +0000: Memory Usage (136548K) : redist_drw has 0 polygons
2026-08-20 11:08:35 +0000: Memory Usage (136548K) : graphbot_drw has 0 polygons
2026-08-20 11:08:35 +0000: Memory Usage (136676K) : graphtop_drw has 0 polygons
2026-08-20 11:08:35 +0000: Memory Usage (136676K) : antvia1_drw has 0 polygons
2026-08-20 11:08:35 +0000: Memory Usage (136676K) : antmetal2_drw has 0 polygons
2026-08-20 11:08:35 +0000: Memory Usage (136676K) : graphcont_drw has 0 polygons
2026-08-20 11:08:35 +0000: Memory Usage (136676K) : siwg_drw has 0 polygons
2026-08-20 11:08:35 +0000: Memory Usage (136676K) : siwg_filler has 0 polygons
2026-08-20 11:08:35 +0000: Memory Usage (136804K) : siwg_nofill has 0 polygons
2026-08-20 11:08:35 +0000: Memory Usage (136804K) : sigrating_drw has 0 polygons
2026-08-20 11:08:35 +0000: Memory Usage (136804K) : singrating_drw has 0 polygons
2026-08-20 11:08:35 +0000: Memory Usage (136804K) : graphpas_drw has 0 polygons
2026-08-20 11:08:35 +0000: Memory Usage (136804K) : emwind3_drw has 0 polygons
2026-08-20 11:08:35 +0000: Memory Usage (136932K) : emwihv3_drw has 0 polygons
2026-08-20 11:08:35 +0000: Memory Usage (136932K) : redbulay_drw has 0 polygons
2026-08-20 11:08:35 +0000: Memory Usage (136932K) : smos_drw has 0 polygons
2026-08-20 11:08:35 +0000: Memory Usage (136932K) : graphpad_drw has 0 polygons
2026-08-20 11:08:35 +0000: Memory Usage (136932K) : polimide_drw has 0 polygons
2026-08-20 11:08:35 +0000: Memory Usage (136932K) : polimide_pin has 0 polygons
2026-08-20 11:08:35 +0000: Memory Usage (137060K) : recog_drw has 0 polygons
2026-08-20 11:08:35 +0000: Memory Usage (137060K) : recog_pin has 0 polygons
2026-08-20 11:08:35 +0000: Memory Usage (137060K) : recog_esd has 0 polygons
2026-08-20 11:08:35 +0000: Memory Usage (137060K) : recog_diode has 0 polygons
2026-08-20 11:08:35 +0000: Memory Usage (137060K) : recog_tsv has 0 polygons
2026-08-20 11:08:35 +0000: Memory Usage (137060K) : recog_iprobe has 0 polygons
2026-08-20 11:08:35 +0000: Memory Usage (137188K) : recog_diffprb has 0 polygons
2026-08-20 11:08:35 +0000: Memory Usage (137188K) : recog_pillar has 0 polygons
2026-08-20 11:08:35 +0000: Memory Usage (137188K) : recog_sbump has 0 polygons
2026-08-20 11:08:35 +0000: Memory Usage (137188K) : recog_otp has 0 polygons
2026-08-20 11:08:35 +0000: Memory Usage (137188K) : recog_pdiode has 0 polygons
2026-08-20 11:08:35 +0000: Memory Usage (137188K) : recog_mom has 0 polygons
2026-08-20 11:08:35 +0000: Memory Usage (137316K) : recog_momf has 0 polygons
2026-08-20 11:08:35 +0000: Memory Usage (137316K) : recog_pcm has 0 polygons
2026-08-20 11:08:35 +0000: Memory Usage (137316K) : colopen_drw has 0 polygons
2026-08-20 11:08:35 +0000: Memory Usage (137316K) : graphmetal1_drw has 0 polygons
2026-08-20 11:08:35 +0000: Memory Usage (137316K) : graphmetal1_filler has 0 polygons
2026-08-20 11:08:35 +0000: Memory Usage (137316K) : graphmetal1_nofill has 0 polygons
2026-08-20 11:08:35 +0000: Memory Usage (137444K) : graphmetal1_slit has 0 polygons
2026-08-20 11:08:35 +0000: Memory Usage (137444K) : graphmetal1_OPC has 0 polygons
2026-08-20 11:08:35 +0000: Memory Usage (137444K) : graphmet1l_drw has 0 polygons
2026-08-20 11:08:35 +0000: Memory Usage (137444K) : graphmet1l_filler has 0 polygons
2026-08-20 11:08:35 +0000: Memory Usage (137444K) : graphmet1l_nofill has 0 polygons
2026-08-20 11:08:35 +0000: Memory Usage (137572K) : graphmet1l_slit has 0 polygons
2026-08-20 11:08:35 +0000: Memory Usage (137572K) : graphmet1l_OPC has 0 polygons
2026-08-20 11:08:35 +0000: Memory Usage (137572K) : extblock_drw has 3 polygons
2026-08-20 11:08:35 +0000: Memory Usage (137572K) : nldd_drw has 0 polygons
2026-08-20 11:08:35 +0000: Memory Usage (137572K) : pldd_drw has 0 polygons
2026-08-20 11:08:35 +0000: Memory Usage (137572K) : next_drw has 0 polygons
2026-08-20 11:08:35 +0000: Memory Usage (137700K) : pext_drw has 0 polygons
2026-08-20 11:08:35 +0000: Memory Usage (137700K) : nexthv_drw has 0 polygons
2026-08-20 11:08:35 +0000: Memory Usage (137700K) : pexthv_drw has 0 polygons
2026-08-20 11:08:35 +0000: Memory Usage (137700K) : graphgate_drw has 0 polygons
2026-08-20 11:08:35 +0000: Memory Usage (137700K) : sinwg_drw has 0 polygons
2026-08-20 11:08:35 +0000: Memory Usage (137700K) : sinwg_filler has 0 polygons
2026-08-20 11:08:35 +0000: Memory Usage (137828K) : sinwg_nofill has 0 polygons
2026-08-20 11:08:35 +0000: Memory Usage (137828K) : mempad_drw has 0 polygons
2026-08-20 11:08:35 +0000: Memory Usage (137828K) : topvia1_drw has 2 polygons
2026-08-20 11:08:35 +0000: Memory Usage (137828K) : topmetal1_drw has 3 polygons
2026-08-20 11:08:35 +0000: Memory Usage (137828K) : topmetal1_filler has 0 polygons
2026-08-20 11:08:35 +0000: Memory Usage (137828K) : topmetal1_slit has 0 polygons
2026-08-20 11:08:35 +0000: Memory Usage (137956K) : topmetal1 has 3 polygons
2026-08-20 11:08:35 +0000: Memory Usage (137956K) : topmetal1_pin has 0 polygons
2026-08-20 11:08:35 +0000: Memory Usage (137956K) : topmetal1_mask has 0 polygons
2026-08-20 11:08:35 +0000: Memory Usage (137956K) : topmetal1_nofill has 0 polygons
2026-08-20 11:08:35 +0000: Memory Usage (137956K) : topmetal1_text has 0 polygons
2026-08-20 11:08:35 +0000: Memory Usage (137956K) : topmetal1_noqrc has 0 polygons
2026-08-20 11:08:35 +0000: Memory Usage (138084K) : topmetal1_res has 0 polygons
2026-08-20 11:08:35 +0000: Memory Usage (138084K) : topmetal1_iprobe has 0 polygons
2026-08-20 11:08:35 +0000: Memory Usage (138084K) : topmetal1_diffprb has 0 polygons
2026-08-20 11:08:35 +0000: Memory Usage (138084K) : inldpwl_drw has 0 polygons
2026-08-20 11:08:35 +0000: Memory Usage (138084K) : polyres_drw has 1 polygons
2026-08-20 11:08:35 +0000: Memory Usage (138084K) : polyres_pin has 0 polygons
2026-08-20 11:08:35 +0000: Memory Usage (138212K) : vmim_drw has 225 polygons
2026-08-20 11:08:35 +0000: Memory Usage (138212K) : nbulaycut_drw has 0 polygons
2026-08-20 11:08:35 +0000: Memory Usage (138212K) : antmetal1_drw has 0 polygons
2026-08-20 11:08:35 +0000: Memory Usage (138212K) : topvia2_drw has 2 polygons
2026-08-20 11:08:35 +0000: Memory Usage (138212K) : topmetal2_drw has 2 polygons
2026-08-20 11:08:35 +0000: Memory Usage (138340K) : topmetal2_filler has 0 polygons
2026-08-20 11:08:35 +0000: Memory Usage (138340K) : topmetal2_slit has 0 polygons
2026-08-20 11:08:35 +0000: Memory Usage (138340K) : topmetal2 has 2 polygons
2026-08-20 11:08:35 +0000: Memory Usage (138468K) : topmetal2_pin has 0 polygons
2026-08-20 11:08:35 +0000: Memory Usage (138468K) : topmetal2_mask has 0 polygons
2026-08-20 11:08:35 +0000: Memory Usage (138468K) : topmetal2_nofill has 0 polygons
2026-08-20 11:08:35 +0000: Memory Usage (138468K) : topmetal2_text has 0 polygons
2026-08-20 11:08:35 +0000: Memory Usage (138468K) : topmetal2_noqrc has 0 polygons
2026-08-20 11:08:35 +0000: Memory Usage (138596K) : topmetal2_res has 0 polygons
2026-08-20 11:08:35 +0000: Memory Usage (138596K) : topmetal2_iprobe has 0 polygons
2026-08-20 11:08:35 +0000: Memory Usage (138724K) : topmetal2_diffprb has 0 polygons
2026-08-20 11:08:35 +0000: Memory Usage (138724K) : snsring_drw has 0 polygons
2026-08-20 11:08:35 +0000: Memory Usage (138724K) : sensor_drw has 0 polygons
2026-08-20 11:08:35 +0000: Memory Usage (138724K) : snsarms_drw has 0 polygons
2026-08-20 11:08:35 +0000: Memory Usage (138852K) : snscmosvia_drw has 0 polygons
2026-08-20 11:08:35 +0000: Memory Usage (138852K) : colwind_drw has 0 polygons
2026-08-20 11:08:35 +0000: Memory Usage (138852K) : flm_drw has 0 polygons
2026-08-20 11:08:35 +0000: Memory Usage (138980K) : hafniumox_drw has 0 polygons
2026-08-20 11:08:35 +0000: Memory Usage (138980K) : memvia_drw has 0 polygons
2026-08-20 11:08:35 +0000: Memory Usage (138980K) : thinfilmres_drw has 0 polygons
2026-08-20 11:08:35 +0000: Memory Usage (138980K) : rfmem_drw has 0 polygons
2026-08-20 11:08:35 +0000: Memory Usage (139108K) : norcx_drw has 0 polygons
2026-08-20 11:08:35 +0000: Memory Usage (139108K) : norcx_m2m3 has 0 polygons
2026-08-20 11:08:35 +0000: Memory Usage (139108K) : norcx_m2m4 has 0 polygons
2026-08-20 11:08:35 +0000: Memory Usage (139108K) : norcx_m2m5 has 0 polygons
2026-08-20 11:08:35 +0000: Memory Usage (139236K) : norcx_m2tm1 has 0 polygons
2026-08-20 11:08:35 +0000: Memory Usage (139236K) : norcx_m2tm2 has 0 polygons
2026-08-20 11:08:35 +0000: Memory Usage (139364K) : norcx_m3m4 has 0 polygons
2026-08-20 11:08:35 +0000: Memory Usage (139364K) : norcx_m3m5 has 0 polygons
2026-08-20 11:08:35 +0000: Memory Usage (139364K) : norcx_m3tm1 has 0 polygons
2026-08-20 11:08:35 +0000: Memory Usage (139364K) : norcx_m3tm2 has 0 polygons
2026-08-20 11:08:35 +0000: Memory Usage (139364K) : norcx_m4m5 has 0 polygons
2026-08-20 11:08:35 +0000: Memory Usage (139364K) : norcx_m4tm1 has 0 polygons
2026-08-20 11:08:35 +0000: Memory Usage (139364K) : norcx_m4tm2 has 0 polygons
2026-08-20 11:08:35 +0000: Memory Usage (139364K) : norcx_m5tm1 has 0 polygons
2026-08-20 11:08:35 +0000: Memory Usage (139364K) : norcx_m5tm2 has 0 polygons
2026-08-20 11:08:35 +0000: Memory Usage (139364K) : norcx_tm1tm2 has 0 polygons
2026-08-20 11:08:35 +0000: Memory Usage (139364K) : norcx_m1sub has 0 polygons
2026-08-20 11:08:35 +0000: Memory Usage (139364K) : norcx_m2sub has 0 polygons
2026-08-20 11:08:35 +0000: Memory Usage (139364K) : norcx_m3sub has 0 polygons
2026-08-20 11:08:35 +0000: Memory Usage (139364K) : norcx_m4sub has 0 polygons
2026-08-20 11:08:35 +0000: Memory Usage (139364K) : norcx_m5sub has 0 polygons
2026-08-20 11:08:35 +0000: Memory Usage (139364K) : norcx_tm1sub has 0 polygons
2026-08-20 11:08:35 +0000: Memory Usage (139364K) : norcx_tm2sub has 0 polygons
2026-08-20 11:08:35 +0000: Memory Usage (139364K) : snsbotvia_drw has 0 polygons
2026-08-20 11:08:35 +0000: Memory Usage (139364K) : snstopvia_drw has 0 polygons
2026-08-20 11:08:35 +0000: Memory Usage (139364K) : deepvia_drw has 0 polygons
2026-08-20 11:08:35 +0000: Memory Usage (139364K) : fgetch_drw has 0 polygons
2026-08-20 11:08:35 +0000: Memory Usage (139364K) : ctrgat_drw has 0 polygons
2026-08-20 11:08:35 +0000: Memory Usage (139364K) : fgimp_drw has 0 polygons
2026-08-20 11:08:35 +0000: Memory Usage (139364K) : emwihv_drw has 0 polygons
2026-08-20 11:08:35 +0000: Memory Usage (139364K) : lbe_drw has 0 polygons
2026-08-20 11:08:35 +0000: Memory Usage (139364K) : alcustop_drw has 0 polygons
2026-08-20 11:08:35 +0000: Memory Usage (139364K) : nometfiller_drw has 0 polygons
2026-08-20 11:08:35 +0000: Memory Usage (139364K) : prboundary_drw has 0 polygons
2026-08-20 11:08:35 +0000: Memory Usage (139364K) : exchange0_drw has 0 polygons
2026-08-20 11:08:35 +0000: Memory Usage (139364K) : exchange0_pin has 0 polygons
2026-08-20 11:08:35 +0000: Memory Usage (139364K) : exchange0_text has 0 polygons
2026-08-20 11:08:35 +0000: Memory Usage (139364K) : exchange1_drw has 0 polygons
2026-08-20 11:08:35 +0000: Memory Usage (139364K) : exchange1_pin has 0 polygons
2026-08-20 11:08:35 +0000: Memory Usage (139364K) : exchange1_text has 0 polygons
2026-08-20 11:08:35 +0000: Memory Usage (139364K) : exchange2_drw has 0 polygons
2026-08-20 11:08:35 +0000: Memory Usage (139364K) : exchange2_pin has 0 polygons
2026-08-20 11:08:35 +0000: Memory Usage (139364K) : exchange2_text has 0 polygons
2026-08-20 11:08:35 +0000: Memory Usage (139364K) : exchange3_drw has 0 polygons
2026-08-20 11:08:35 +0000: Memory Usage (139364K) : exchange3_pin has 0 polygons
2026-08-20 11:08:35 +0000: Memory Usage (139364K) : exchange3_text has 0 polygons
2026-08-20 11:08:35 +0000: Memory Usage (139364K) : exchange4_drw has 0 polygons
2026-08-20 11:08:35 +0000: Memory Usage (139364K) : exchange4_pin has 0 polygons
2026-08-20 11:08:35 +0000: Memory Usage (139364K) : exchange4_text has 0 polygons
2026-08-20 11:08:35 +0000: Memory Usage (139364K) : isonwell_drw has 0 polygons
2026-08-20 11:08:35 +0000: Memory Usage (139364K) : Total no. of polygons in the design is 281
2026-08-20 11:08:35 +0000: Memory Usage (139364K) : Starting base layers derivations
2026-08-20 11:08:35 +0000: Memory Usage (139364K) : Starting general LVS derivations
2026-08-20 11:08:35 +0000: Memory Usage (141824K) : Starting MOSFET DERIVATIONS
2026-08-20 11:08:35 +0000: Memory Usage (141952K) : Starting NMOS DERIVATIONS
2026-08-20 11:08:35 +0000: Memory Usage (141952K) : Starting PMOS DERIVATIONS
2026-08-20 11:08:35 +0000: Memory Usage (141952K) : Starting RF-MOSFET DERIVATIONS
2026-08-20 11:08:35 +0000: Memory Usage (141952K) : Starting RF-NMOS DERIVATIONS
2026-08-20 11:08:35 +0000: Memory Usage (141952K) : Starting RF-PMOS DERIVATIONS
2026-08-20 11:08:35 +0000: Memory Usage (141952K) : Starting BJT DERIVATIONS
2026-08-20 11:08:35 +0000: Memory Usage (141952K) : Starting NPN-BJT DERIVATIONS
2026-08-20 11:08:35 +0000: Memory Usage (141952K) : Starting PNP-BJT DERIVATIONS
2026-08-20 11:08:35 +0000: Memory Usage (141952K) : Starting DIODE DERIVATIONS
2026-08-20 11:08:35 +0000: Memory Usage (141952K) : Starting RESISTOR DERIVATIONS
2026-08-20 11:08:35 +0000: Memory Usage (143160K) : Starting CAP DERIVATIONS
2026-08-20 11:08:35 +0000: Memory Usage (143160K) : Starting CAP_CMOM DERIVATIONS
2026-08-20 11:08:35 +0000: Memory Usage (143160K) : Starting CAP_CMOMF DERIVATIONS
2026-08-20 11:08:35 +0000: Memory Usage (143160K) : Starting ESD DERIVATIONS
2026-08-20 11:08:35 +0000: Memory Usage (143160K) : Starting Inductor DERIVATIONS
2026-08-20 11:08:35 +0000: Memory Usage (143160K) : Starting Taps DERIVATIONS
2026-08-20 11:08:35 +0000: Memory Usage (143160K) : Starting SG13G2 LVS connectivity setup
2026-08-20 11:08:35 +0000: Memory Usage (143160K) : Starting SG13G2 LVS connectivity setup (Inter-layer)
2026-08-20 11:08:35 +0000: Memory Usage (143288K) : Starting SG13G2 LVS connectivity setup (Global)
2026-08-20 11:08:35 +0000: Memory Usage (143288K) : Starting LVS MOSFET CONNECTIONS
2026-08-20 11:08:35 +0000: Memory Usage (143288K) : Starting LVS RF-MOSFET CONNECTIONS
2026-08-20 11:08:35 +0000: Memory Usage (143288K) : Starting LVS BJT CONNECTIONS
2026-08-20 11:08:35 +0000: Memory Usage (143288K) : Starting LVS DIODE CONNECTIONS
2026-08-20 11:08:35 +0000: Memory Usage (143288K) : Starting RESISTOR CONNECTIONS
2026-08-20 11:08:35 +0000: Memory Usage (143288K) : Starting LVS CAP CONNECTIONS
2026-08-20 11:08:35 +0000: Memory Usage (143288K) : Starting CAP_CMOM CONNECTIONS
2026-08-20 11:08:35 +0000: Memory Usage (143288K) : Starting CAP_CMOMF CONNECTIONS
2026-08-20 11:08:35 +0000: Memory Usage (143288K) : Starting ESD CONNECTIONS
2026-08-20 11:08:35 +0000: Memory Usage (143288K) : Starting Inductor CONNECTIONS
2026-08-20 11:08:35 +0000: Memory Usage (143288K) : Starting LVS Taps CONNECTIONS
2026-08-20 11:08:35 +0000: Memory Usage (143288K) : Starting SG13G2 LVS DEVICES EXTRACTION
2026-08-20 11:08:35 +0000: Memory Usage (143288K) : Starting MOSFET EXTRACTION
2026-08-20 11:08:35 +0000: Memory Usage (143288K) : Starting NMOS EXTRACTION
2026-08-20 11:08:35 +0000: Memory Usage (143288K) : Extraction of NMOS-LV transistor
2026-08-20 11:08:35 +0000: Memory Usage (143288K) : Extraction of NMOS-HV transistor
2026-08-20 11:08:35 +0000: Memory Usage (143288K) : Starting PMOS EXTRACTION
2026-08-20 11:08:35 +0000: Memory Usage (143288K) : Extraction of PMOS-LV transistor
2026-08-20 11:08:35 +0000: Memory Usage (143288K) : Extraction of PMOS-HV transistor
2026-08-20 11:08:35 +0000: Memory Usage (143288K) : Starting RF-MOSFET EXTRACTION
2026-08-20 11:08:35 +0000: Memory Usage (143288K) : Extraction of RF-NMOS-LV transistor
2026-08-20 11:08:35 +0000: Memory Usage (143288K) : Extraction of RF-NMOS-HV transistor
2026-08-20 11:08:35 +0000: Memory Usage (143288K) : Extraction of RF-PMOS-LV transistor
2026-08-20 11:08:35 +0000: Memory Usage (143288K) : Extraction of RF-PMOS-HV transistor
2026-08-20 11:08:35 +0000: Memory Usage (143288K) : Starting BJT EXTRACTION
2026-08-20 11:08:35 +0000: Memory Usage (143288K) : Starting NPN-BJT EXTRACTION
2026-08-20 11:08:35 +0000: Memory Usage (143288K) : Extraction of npn13G2 BJT transistor
2026-08-20 11:08:35 +0000: Memory Usage (143288K) : Extraction of npn13G2L BJT transistor
2026-08-20 11:08:35 +0000: Memory Usage (143288K) : Extraction of npn13G2V BJT transistor
2026-08-20 11:08:35 +0000: Memory Usage (143288K) : Starting PNP-BJT EXTRACTION
2026-08-20 11:08:35 +0000: Memory Usage (143288K) : Extracting pnpMPA BJT
2026-08-20 11:08:35 +0000: Memory Usage (143288K) : Starting DIODE EXTRACTION
2026-08-20 11:08:35 +0000: Memory Usage (143288K) : Extracting dantenna diode
2026-08-20 11:08:35 +0000: Memory Usage (143288K) : Extracting dpantenna diode
2026-08-20 11:08:35 +0000: Memory Usage (143288K) : Extracting schottky_nbl1 diode
2026-08-20 11:08:35 +0000: Memory Usage (143288K) : Extracting isolbox diode
2026-08-20 11:08:35 +0000: Memory Usage (143288K) : Starting RESISTOR EXTRACTION
2026-08-20 11:08:35 +0000: Memory Usage (143288K) : Extracting rsil resistor
2026-08-20 11:08:35 +0000: Memory Usage (143416K) : Extracting rppd resistor
2026-08-20 11:08:35 +0000: Memory Usage (143544K) : Extracting rhigh resistor
2026-08-20 11:08:35 +0000: Memory Usage (143544K) : Extracting res_metal1 resistor
2026-08-20 11:08:35 +0000: Memory Usage (143672K) : Extracting res_metal2 resistor
2026-08-20 11:08:35 +0000: Memory Usage (143672K) : Extracting res_metal3 resistor
2026-08-20 11:08:35 +0000: Memory Usage (143672K) : Extracting res_metal4 resistor
2026-08-20 11:08:35 +0000: Memory Usage (143672K) : Extracting res_metal5 resistor
2026-08-20 11:08:35 +0000: Memory Usage (143672K) : Extracting res_topmetal1 resistor
2026-08-20 11:08:35 +0000: Memory Usage (143672K) : Extracting res_topmetal2 resistor
2026-08-20 11:08:35 +0000: Memory Usage (143672K) : Starting CAP EXTRACTION
2026-08-20 11:08:35 +0000: Memory Usage (143672K) : Extracting cap_cmim device
2026-08-20 11:08:35 +0000: Memory Usage (143672K) : Extracting rfcmim device
2026-08-20 11:08:35 +0000: Memory Usage (143672K) : Extracting sg13_hv_svaricap varactor
2026-08-20 11:08:35 +0000: Memory Usage (143672K) : Extracting cap_cmomi device
2026-08-20 11:08:35 +0000: Memory Usage (143672K) : Extracting cap_cmomf device
2026-08-20 11:08:35 +0000: Memory Usage (143672K) : Extracting sg13_moscap_n capacitor
2026-08-20 11:08:35 +0000: Memory Usage (143672K) : Extracting sg13_moscap_p capacitor
2026-08-20 11:08:35 +0000: Memory Usage (143672K) : Starting ESD EXTRACTION
2026-08-20 11:08:35 +0000: Memory Usage (143672K) : Extracting diodevdd_2kv ESD device
2026-08-20 11:08:35 +0000: Memory Usage (143672K) : Extracting diodevdd_4kv ESD device
2026-08-20 11:08:35 +0000: Memory Usage (143672K) : Extracting diodevss_2kv ESD device
2026-08-20 11:08:35 +0000: Memory Usage (143672K) : Extracting diodevss_4kv ESD device
2026-08-20 11:08:35 +0000: Memory Usage (143672K) : Extracting idiodevdd_2kv ESD device
2026-08-20 11:08:35 +0000: Memory Usage (143672K) : Extracting idiodevdd_4kv ESD device
2026-08-20 11:08:35 +0000: Memory Usage (143672K) : Extracting idiodevss_2kv ESD device
2026-08-20 11:08:35 +0000: Memory Usage (143672K) : Extracting idiodevss_4kv ESD device
2026-08-20 11:08:35 +0000: Memory Usage (143672K) : Extracting nmoscl_2 ESD device
2026-08-20 11:08:35 +0000: Memory Usage (143672K) : Extracting nmoscl_4 ESD device
2026-08-20 11:08:35 +0000: Memory Usage (143672K) : Starting Inductor EXTRACTION
2026-08-20 11:08:35 +0000: Memory Usage (143672K) : Extracting Inductor2 device
2026-08-20 11:08:35 +0000: Memory Usage (143672K) : Extracting Inductor3 device
2026-08-20 11:08:35 +0000: Memory Usage (143672K) : Starting Taps EXTRACTION
2026-08-20 11:08:35 +0000: Memory Usage (143672K) : Extracting ntap1 device
2026-08-20 11:08:35 +0000: Memory Usage (143672K) : Extracting ptap1 device
2026-08-20 11:08:35 +0000: Memory Usage (143672K) : Starting SG13G2 LVS RF MOS Model Mapping
2026-08-20 11:08:35 +0000: Memory Usage (143672K) : [layout_netlist] Apply RF MOS model mapping and rfmode parameter.
2026-08-20 11:08:35 +0000: Memory Usage (143672K) : Starting SG13G2 LVS Options Preparations
2026-08-20 11:08:35 +0000: Memory Usage (143672K) : SG13G2 LVS flow: extraction -> alignment -> option preparation -> comparison.
2026-08-20 11:08:35 +0000: Memory Usage (143672K) : Starting SG13G2 LVS Alignment
2026-08-20 11:08:35 +0000: Memory Usage (143672K) : Starting SG13G2 LVS Simplification
2026-08-20 11:08:35 +0000: Memory Usage (143672K) : [layout_netlist] simplify: ENABLED
2026-08-20 11:08:35 +0000: Memory Usage (143672K) : [layout_netlist] make_top_level_pins: SKIPPED
2026-08-20 11:08:35 +0000: Memory Usage (143672K) : [layout_netlist] combine_devices: SKIPPED
2026-08-20 11:08:35 +0000: Memory Usage (143672K) : [layout_netlist] purge: SKIPPED
2026-08-20 11:08:35 +0000: Memory Usage (143672K) : [layout_netlist] purge_nets: SKIPPED
2026-08-20 11:08:35 +0000: Memory Usage (143672K) : [schematic_netlist] simplify: ENABLED
2026-08-20 11:08:35 +0000: Memory Usage (143672K) : [schematic_netlist] make_top_level_pins: SKIPPED
2026-08-20 11:08:35 +0000: Memory Usage (143672K) : [schematic_netlist] combine_devices: SKIPPED
2026-08-20 11:08:35 +0000: Memory Usage (143672K) : [schematic_netlist] purge: SKIPPED
2026-08-20 11:08:35 +0000: Memory Usage (143672K) : [schematic_netlist] purge_nets: SKIPPED
2026-08-20 11:08:35 +0000: Memory Usage (143672K) : Starting SG13G2 LVS Comparison
2026-08-20 11:08:35 +0000: Memory Usage (143800K) : xxxxxxxxxxxxxxxxxxxxxxxxxxxxxxxxxxxxxxxxxx
2026-08-20 11:08:35 +0000: Memory Usage (143800K) : ERROR : Netlists don't match
2026-08-20 11:08:35 +0000: Memory Usage (143800K) : xxxxxxxxxxxxxxxxxxxxxxxxxxxxxxxxxxxxxxxxxx
2026-08-20 11:08:35 +0000: Memory Usage (143800K) : LVS Total Run time 0.391042 seconds

--- stderr ---
20-Aug-2026 11:08:35 | INFO    | Your Klayout version is: KLayout 0.30.5 (required >= 0.30.5)
20-Aug-2026 11:08:35 | INFO    | Running SG13G2 LVS checks on design /workspace/layout/blocks/out/term_stage/_cmim_probe/probe_direct_m5.gds on cell probe
20-Aug-2026 11:08:35 | INFO    | ==============================================================================
20-Aug-2026 11:08:35 | INFO    | Important Summary
20-Aug-2026 11:08:35 | INFO    | +------------------+-------------------------------------------------------------------+
20-Aug-2026 11:08:35 | INFO    | | Status           | FAIL                                                              |
20-Aug-2026 11:08:35 | INFO    | | Mode             | COMPARE                                                           |
20-Aug-2026 11:08:35 | INFO    | | Outcome          | Comparison mode: FAIL (netlists do not match).                    |
20-Aug-2026 11:08:35 | INFO    | | Layout           | probe_direct_m5.gds                                               |
20-Aug-2026 11:08:35 | INFO    | | Top Cell         | probe                                                             |
20-Aug-2026 11:08:35 | INFO    | | Results Dir      | /workspace/layout/blocks/out/term_stage/_cmim_probe/lvs_direct_m5 |
20-Aug-2026 11:08:35 | INFO    | | Warnings         | 0                                                                 |
20-Aug-2026 11:08:35 | INFO    | | Errors           | 1                                                                 |
20-Aug-2026 11:08:35 | INFO    | | Run Time (s)     | 0.67                                                              |
20-Aug-2026 11:08:35 | INFO    | +------------------+-------------------------------------------------------------------+
20-Aug-2026 11:08:35 | ERROR   | Key errors:
20-Aug-2026 11:08:35 | ERROR   |   - 2026-08-20 11:08:35 +0000: Memory Usage (143800K) : ERROR : Netlists don't match
20-Aug-2026 11:08:35 | INFO    | ==============================================================================

