$ /home/ubuntu/.local/share/ihp-eda/venv/bin/python /home/ubuntu/.local/share/ihp-eda/IHP-Open-PDK/ihp-sg13g2/libs.tech/klayout/tech/lvs/run_lvs.py --layout=/workspace/layout/blocks/out/driver_stage/bisect_extra11/no_ties/driver_dut.gds --netlist=/workspace/layout/blocks/out/driver_stage/bisect_extra11/no_ties/x.cdl --run_dir=/workspace/layout/blocks/out/driver_stage/bisect_extra11/no_ties/lvs --run_mode=deep --topcell=driver_dut --implicit_nets=sub,sub! --ignore_top_ports_mismatch --disable_tap_extraction

--- stdout ---
2026-08-20 17:11:39 +0000: Memory Usage (128880K) : Starting running SG13G2 Klayout LVS runset on /workspace/layout/blocks/out/driver_stage/bisect_extra11/no_ties/driver_dut.gds
2026-08-20 17:11:39 +0000: Memory Usage (128880K) : Ruby Version for klayout: 3.2.3
2026-08-20 17:11:39 +0000: Memory Usage (130220K) : Loading database to memory is complete.
2026-08-20 17:11:39 +0000: Memory Usage (130220K) : SG13G2 Klayout LVS runset output at: /workspace/layout/blocks/out/driver_stage/bisect_extra11/no_ties/lvs/driver_dut.lvsdb
2026-08-20 17:11:39 +0000: Memory Usage (130220K) : Evaluate switches.
2026-08-20 17:11:39 +0000: Memory Usage (130220K) : Extracted netlist with net names: true
2026-08-20 17:11:39 +0000: Memory Usage (130220K) : Extracted netlist with comments in details: false
2026-08-20 17:11:39 +0000: Memory Usage (130220K) : Selected NET_ONLY option: false
2026-08-20 17:11:39 +0000: Memory Usage (130220K) : Selected LAYOUT_NETLIST option: (none)
2026-08-20 17:11:39 +0000: Memory Usage (130220K) : Selected IGNORE_TOP_PORTS_MISMATCH option: true
2026-08-20 17:11:39 +0000: Memory Usage (130220K) : Selected IMPLICIT_NETS option: sub,sub!
2026-08-20 17:11:39 +0000: Memory Usage (130220K) : Selected TOP_LVL_PINS option: false
2026-08-20 17:11:39 +0000: Memory Usage (130220K) : Selected COMBINE DEVICES option: false
2026-08-20 17:11:39 +0000: Memory Usage (130220K) : Selected PURGE option: false
2026-08-20 17:11:39 +0000: Memory Usage (130220K) : Selected PURGE_NETS option: false
2026-08-20 17:11:39 +0000: Memory Usage (130220K) : Selected SIMPLIFY option: true
2026-08-20 17:11:39 +0000: Memory Usage (130220K) : Selected SERIES_RES option: true
2026-08-20 17:11:39 +0000: Memory Usage (130220K) : Selected PARALLEL_RES option: true
2026-08-20 17:11:39 +0000: Memory Usage (130220K) : Selected DISABLE_TAP_EXTRACTION option: true
2026-08-20 17:11:39 +0000: Memory Usage (130220K) : deep  mode is enabled.
2026-08-20 17:11:39 +0000: Memory Usage (130220K) : Applying implicit connections (case-sensitive, pattern supported) for nets: sub, sub!
2026-08-20 17:11:39 +0000: Memory Usage (131304K) : Netlist file: /workspace/layout/blocks/out/driver_stage/bisect_extra11/no_ties/x.cdl
2026-08-20 17:11:39 +0000: Memory Usage (131304K) : LVS extracted netlist at: /workspace/layout/blocks/out/driver_stage/bisect_extra11/no_ties/lvs/driver_dut_extracted.cir
2026-08-20 17:11:39 +0000: Memory Usage (131304K) : Applying SRAM integration support.
2026-08-20 17:11:39 +0000: Memory Usage (131304K) : Starting SG13G2 LVS runset
2026-08-20 17:11:39 +0000: Memory Usage (131304K) : Read in polygons from layers.
2026-08-20 17:11:39 +0000: Memory Usage (132528K) : activ_drw has 899 polygons
2026-08-20 17:11:39 +0000: Memory Usage (132528K) : activ_filler has 0 polygons
2026-08-20 17:11:39 +0000: Memory Usage (132528K) : activ has 899 polygons
2026-08-20 17:11:39 +0000: Memory Usage (132528K) : activ_pin has 0 polygons
2026-08-20 17:11:39 +0000: Memory Usage (132584K) : activ_mask has 4 polygons
2026-08-20 17:11:39 +0000: Memory Usage (133096K) : activ_nofill has 2 polygons
2026-08-20 17:11:39 +0000: Memory Usage (133096K) : activ_OPC has 0 polygons
2026-08-20 17:11:39 +0000: Memory Usage (133096K) : activ_iOPC has 0 polygons
2026-08-20 17:11:39 +0000: Memory Usage (133096K) : activ_noqrc has 0 polygons
2026-08-20 17:11:39 +0000: Memory Usage (133096K) : biwind_drw has 0 polygons
2026-08-20 17:11:39 +0000: Memory Usage (133096K) : biwind_OPC has 0 polygons
2026-08-20 17:11:39 +0000: Memory Usage (133096K) : gatpoly_drw has 140 polygons
2026-08-20 17:11:39 +0000: Memory Usage (133096K) : gatpoly_filler has 0 polygons
2026-08-20 17:11:39 +0000: Memory Usage (133096K) : gatpoly has 140 polygons
2026-08-20 17:11:39 +0000: Memory Usage (133096K) : gatpoly_pin has 119 polygons
2026-08-20 17:11:39 +0000: Memory Usage (133096K) : gatpoly_nofill has 2 polygons
2026-08-20 17:11:39 +0000: Memory Usage (133096K) : gatpoly_OPC has 0 polygons
2026-08-20 17:11:39 +0000: Memory Usage (133096K) : gatpoly_iOPC has 0 polygons
2026-08-20 17:11:39 +0000: Memory Usage (133096K) : gatpoly_noqrc has 0 polygons
2026-08-20 17:11:39 +0000: Memory Usage (133224K) : cont_drw has 14577 polygons
2026-08-20 17:11:39 +0000: Memory Usage (133224K) : cont_OPC has 0 polygons
2026-08-20 17:11:39 +0000: Memory Usage (133224K) : nsd_drw has 0 polygons
2026-08-20 17:11:39 +0000: Memory Usage (133224K) : nsd_block has 4 polygons
2026-08-20 17:11:39 +0000: Memory Usage (133224K) : metal1_drw has 1550 polygons
2026-08-20 17:11:39 +0000: Memory Usage (133352K) : metal1_filler has 0 polygons
2026-08-20 17:11:39 +0000: Memory Usage (133352K) : metal1_slit has 0 polygons
2026-08-20 17:11:39 +0000: Memory Usage (133480K) : metal1 has 1550 polygons
2026-08-20 17:11:39 +0000: Memory Usage (133480K) : metal1_pin has 750 polygons
2026-08-20 17:11:39 +0000: Memory Usage (133608K) : metal1_mask has 0 polygons
2026-08-20 17:11:39 +0000: Memory Usage (133608K) : metal1_nofill has 2 polygons
2026-08-20 17:11:39 +0000: Memory Usage (133736K) : metal1_text has 5 polygons
2026-08-20 17:11:39 +0000: Memory Usage (133864K) : metal1_OPC has 0 polygons
2026-08-20 17:11:39 +0000: Memory Usage (133864K) : metal1_noqrc has 0 polygons
2026-08-20 17:11:39 +0000: Memory Usage (133864K) : metal1_res has 0 polygons
2026-08-20 17:11:39 +0000: Memory Usage (133992K) : metal1_iprobe has 0 polygons
2026-08-20 17:11:39 +0000: Memory Usage (133992K) : metal1_diffprb has 0 polygons
2026-08-20 17:11:39 +0000: Memory Usage (133992K) : passiv_drw has 2 polygons
2026-08-20 17:11:39 +0000: Memory Usage (133992K) : passiv_pin has 0 polygons
2026-08-20 17:11:39 +0000: Memory Usage (133992K) : passiv_sbump has 0 polygons
2026-08-20 17:11:39 +0000: Memory Usage (134120K) : passiv_pillar has 0 polygons
2026-08-20 17:11:39 +0000: Memory Usage (134120K) : passiv_pdl has 0 polygons
2026-08-20 17:11:39 +0000: Memory Usage (134120K) : metal2_drw has 541 polygons
2026-08-20 17:11:39 +0000: Memory Usage (134248K) : metal2_filler has 0 polygons
2026-08-20 17:11:39 +0000: Memory Usage (134248K) : metal2_slit has 0 polygons
2026-08-20 17:11:39 +0000: Memory Usage (134248K) : metal2 has 541 polygons
2026-08-20 17:11:39 +0000: Memory Usage (134248K) : metal2_pin has 10 polygons
2026-08-20 17:11:39 +0000: Memory Usage (134376K) : metal2_mask has 0 polygons
2026-08-20 17:11:39 +0000: Memory Usage (134376K) : metal2_nofill has 2 polygons
2026-08-20 17:11:39 +0000: Memory Usage (134376K) : metal2_text has 3 polygons
2026-08-20 17:11:39 +0000: Memory Usage (134376K) : metal2_OPC has 0 polygons
2026-08-20 17:11:39 +0000: Memory Usage (134504K) : metal2_noqrc has 0 polygons
2026-08-20 17:11:39 +0000: Memory Usage (134504K) : metal2_res has 0 polygons
2026-08-20 17:11:39 +0000: Memory Usage (134504K) : metal2_iprobe has 0 polygons
2026-08-20 17:11:39 +0000: Memory Usage (134504K) : metal2_diffprb has 0 polygons
2026-08-20 17:11:39 +0000: Memory Usage (134632K) : baspoly_drw has 0 polygons
2026-08-20 17:11:39 +0000: Memory Usage (134632K) : baspoly_pin has 0 polygons
2026-08-20 17:11:39 +0000: Memory Usage (134632K) : psd_drw has 515 polygons
2026-08-20 17:11:39 +0000: Memory Usage (134632K) : nldb_drw has 0 polygons
2026-08-20 17:11:39 +0000: Memory Usage (134760K) : digibnd_drw has 0 polygons
2026-08-20 17:11:39 +0000: Memory Usage (134760K) : via1_drw has 7634 polygons
2026-08-20 17:11:39 +0000: Memory Usage (134760K) : backmetal1_drw has 0 polygons
2026-08-20 17:11:39 +0000: Memory Usage (134888K) : backmetal1_pin has 0 polygons
2026-08-20 17:11:39 +0000: Memory Usage (134888K) : backmetal1_mask has 0 polygons
2026-08-20 17:11:39 +0000: Memory Usage (134888K) : backmetal1_filler has 0 polygons
2026-08-20 17:11:39 +0000: Memory Usage (134888K) : backmetal1_nofill has 0 polygons
2026-08-20 17:11:39 +0000: Memory Usage (135016K) : backmetal1_slit has 0 polygons
2026-08-20 17:11:39 +0000: Memory Usage (135016K) : backmetal1_text has 0 polygons
2026-08-20 17:11:39 +0000: Memory Usage (135016K) : backmetal1_OPC has 0 polygons
2026-08-20 17:11:39 +0000: Memory Usage (135016K) : backmetal1_noqrc has 0 polygons
2026-08-20 17:11:39 +0000: Memory Usage (135144K) : backmetal1_res has 0 polygons
2026-08-20 17:11:39 +0000: Memory Usage (135144K) : backmetal1_iprobe has 0 polygons
2026-08-20 17:11:39 +0000: Memory Usage (135144K) : backmetal1_diffprb has 0 polygons
2026-08-20 17:11:39 +0000: Memory Usage (135272K) : backpassiv_drw has 0 polygons
2026-08-20 17:11:39 +0000: Memory Usage (135272K) : res_drw has 2 polygons
2026-08-20 17:11:39 +0000: Memory Usage (135272K) : sram_drw has 0 polygons
2026-08-20 17:11:39 +0000: Memory Usage (135272K) : trans_drw has 2 polygons
2026-08-20 17:11:39 +0000: Memory Usage (135400K) : ind_drw has 2 polygons
2026-08-20 17:11:39 +0000: Memory Usage (135400K) : ind_pin has 4 polygons
2026-08-20 17:11:39 +0000: Memory Usage (135400K) : ind_text has 4 polygons
2026-08-20 17:11:39 +0000: Memory Usage (135400K) : salblock_drw has 12 polygons
2026-08-20 17:11:39 +0000: Memory Usage (135400K) : via2_drw has 804 polygons
2026-08-20 17:11:39 +0000: Memory Usage (135400K) : metal3_drw has 44 polygons
2026-08-20 17:11:39 +0000: Memory Usage (135400K) : metal3_filler has 0 polygons
2026-08-20 17:11:39 +0000: Memory Usage (135528K) : metal3_slit has 0 polygons
2026-08-20 17:11:39 +0000: Memory Usage (135528K) : metal3 has 44 polygons
2026-08-20 17:11:39 +0000: Memory Usage (135528K) : metal3_pin has 2 polygons
2026-08-20 17:11:39 +0000: Memory Usage (135528K) : metal3_mask has 0 polygons
2026-08-20 17:11:39 +0000: Memory Usage (135528K) : metal3_nofill has 2 polygons
2026-08-20 17:11:39 +0000: Memory Usage (135656K) : metal3_text has 0 polygons
2026-08-20 17:11:39 +0000: Memory Usage (135656K) : metal3_OPC has 0 polygons
2026-08-20 17:11:39 +0000: Memory Usage (135656K) : metal3_noqrc has 0 polygons
2026-08-20 17:11:39 +0000: Memory Usage (135656K) : metal3_res has 0 polygons
2026-08-20 17:11:39 +0000: Memory Usage (135656K) : metal3_iprobe has 0 polygons
2026-08-20 17:11:39 +0000: Memory Usage (135656K) : metal3_diffprb has 0 polygons
2026-08-20 17:11:39 +0000: Memory Usage (135784K) : nwell_drw has 14 polygons
2026-08-20 17:11:39 +0000: Memory Usage (135784K) : nwell_pin has 0 polygons
2026-08-20 17:11:39 +0000: Memory Usage (135784K) : nwell_text has 0 polygons
2026-08-20 17:11:39 +0000: Memory Usage (135784K) : nbulay_drw has 1 polygons
2026-08-20 17:11:39 +0000: Memory Usage (135784K) : nbulay_pin has 0 polygons
2026-08-20 17:11:39 +0000: Memory Usage (135784K) : nbulay_block has 0 polygons
2026-08-20 17:11:39 +0000: Memory Usage (135912K) : emwind_drw has 4 polygons
2026-08-20 17:11:39 +0000: Memory Usage (135912K) : emwind_OPC has 0 polygons
2026-08-20 17:11:39 +0000: Memory Usage (135912K) : deepco_drw has 0 polygons
2026-08-20 17:11:39 +0000: Memory Usage (135912K) : mim_drw has 0 polygons
2026-08-20 17:11:39 +0000: Memory Usage (135912K) : edgeseal_drw has 0 polygons
2026-08-20 17:11:39 +0000: Memory Usage (135912K) : substrate_drw has 500 polygons
2026-08-20 17:11:39 +0000: Memory Usage (136040K) : substrate_text has 0 polygons
2026-08-20 17:11:39 +0000: Memory Usage (136040K) : dfpad_drw has 2 polygons
2026-08-20 17:11:39 +0000: Memory Usage (136040K) : dfpad_pillar has 0 polygons
2026-08-20 17:11:39 +0000: Memory Usage (136040K) : dfpad_sbump has 0 polygons
2026-08-20 17:11:39 +0000: Memory Usage (136040K) : thickgateox_drw has 1 polygons
2026-08-20 17:11:39 +0000: Memory Usage (136040K) : pldb_drw has 0 polygons
2026-08-20 17:11:39 +0000: Memory Usage (136168K) : pwell_drw has 0 polygons
2026-08-20 17:11:39 +0000: Memory Usage (136168K) : pwell_pin has 0 polygons
2026-08-20 17:11:39 +0000: Memory Usage (136168K) : pwell_block has 2 polygons
2026-08-20 17:11:39 +0000: Memory Usage (136168K) : ic_drw has 0 polygons
2026-08-20 17:11:39 +0000: Memory Usage (136296K) : via3_drw has 1017 polygons
2026-08-20 17:11:39 +0000: Memory Usage (136296K) : metal4_drw has 23 polygons
2026-08-20 17:11:39 +0000: Memory Usage (136296K) : metal4_filler has 0 polygons
2026-08-20 17:11:39 +0000: Memory Usage (136296K) : metal4_slit has 0 polygons
2026-08-20 17:11:39 +0000: Memory Usage (136296K) : metal4 has 23 polygons
2026-08-20 17:11:39 +0000: Memory Usage (136424K) : metal4_pin has 0 polygons
2026-08-20 17:11:39 +0000: Memory Usage (136424K) : metal4_mask has 0 polygons
2026-08-20 17:11:39 +0000: Memory Usage (136424K) : metal4_nofill has 2 polygons
2026-08-20 17:11:39 +0000: Memory Usage (136424K) : metal4_text has 3 polygons
2026-08-20 17:11:39 +0000: Memory Usage (136424K) : metal4_OPC has 0 polygons
2026-08-20 17:11:39 +0000: Memory Usage (136424K) : metal4_noqrc has 0 polygons
2026-08-20 17:11:39 +0000: Memory Usage (136424K) : metal4_res has 0 polygons
2026-08-20 17:11:39 +0000: Memory Usage (136552K) : metal4_iprobe has 0 polygons
2026-08-20 17:11:39 +0000: Memory Usage (136552K) : metal4_diffprb has 0 polygons
2026-08-20 17:11:39 +0000: Memory Usage (136552K) : heattrans_drw has 123 polygons
2026-08-20 17:11:39 +0000: Memory Usage (136552K) : heatres_drw has 2 polygons
2026-08-20 17:11:39 +0000: Memory Usage (136552K) : fbe_drw has 0 polygons
2026-08-20 17:11:39 +0000: Memory Usage (136680K) : empoly_drw has 0 polygons
2026-08-20 17:11:39 +0000: Memory Usage (136680K) : digisub_drw has 0 polygons
2026-08-20 17:11:39 +0000: Memory Usage (136680K) : text_drw has 655 polygons
2026-08-20 17:11:39 +0000: Memory Usage (136680K) : via4_drw has 1011 polygons
2026-08-20 17:11:39 +0000: Memory Usage (136680K) : metal5_drw has 35 polygons
2026-08-20 17:11:39 +0000: Memory Usage (136680K) : metal5_filler has 0 polygons
2026-08-20 17:11:39 +0000: Memory Usage (136808K) : metal5_slit has 0 polygons
2026-08-20 17:11:39 +0000: Memory Usage (136808K) : metal5 has 35 polygons
2026-08-20 17:11:39 +0000: Memory Usage (136808K) : metal5_pin has 0 polygons
2026-08-20 17:11:39 +0000: Memory Usage (136808K) : metal5_mask has 0 polygons
2026-08-20 17:11:39 +0000: Memory Usage (136808K) : metal5_nofill has 2 polygons
2026-08-20 17:11:39 +0000: Memory Usage (136808K) : metal5_text has 0 polygons
2026-08-20 17:11:39 +0000: Memory Usage (136936K) : metal5_OPC has 0 polygons
2026-08-20 17:11:39 +0000: Memory Usage (136936K) : metal5_noqrc has 0 polygons
2026-08-20 17:11:39 +0000: Memory Usage (136936K) : metal5_res has 0 polygons
2026-08-20 17:11:39 +0000: Memory Usage (136936K) : metal5_iprobe has 0 polygons
2026-08-20 17:11:39 +0000: Memory Usage (136936K) : metal5_diffprb has 0 polygons
2026-08-20 17:11:39 +0000: Memory Usage (136936K) : radhard_drw has 0 polygons
2026-08-20 17:11:39 +0000: Memory Usage (137064K) : memcap_drw has 0 polygons
2026-08-20 17:11:39 +0000: Memory Usage (137064K) : varicap_drw has 0 polygons
2026-08-20 17:11:39 +0000: Memory Usage (137064K) : intbondvia_drw has 0 polygons
2026-08-20 17:11:39 +0000: Memory Usage (137064K) : intbondmet_drw has 0 polygons
2026-08-20 17:11:39 +0000: Memory Usage (137064K) : devbondvia_drw has 0 polygons
2026-08-20 17:11:39 +0000: Memory Usage (137192K) : devbondmet_drw has 0 polygons
2026-08-20 17:11:39 +0000: Memory Usage (137192K) : devtrench_drw has 0 polygons
2026-08-20 17:11:39 +0000: Memory Usage (137192K) : redist_drw has 0 polygons
2026-08-20 17:11:39 +0000: Memory Usage (137192K) : graphbot_drw has 0 polygons
2026-08-20 17:11:39 +0000: Memory Usage (137192K) : graphtop_drw has 0 polygons
2026-08-20 17:11:39 +0000: Memory Usage (137320K) : antvia1_drw has 0 polygons
2026-08-20 17:11:39 +0000: Memory Usage (137320K) : antmetal2_drw has 0 polygons
2026-08-20 17:11:39 +0000: Memory Usage (137320K) : graphcont_drw has 0 polygons
2026-08-20 17:11:39 +0000: Memory Usage (137320K) : siwg_drw has 0 polygons
2026-08-20 17:11:39 +0000: Memory Usage (137320K) : siwg_filler has 0 polygons
2026-08-20 17:11:39 +0000: Memory Usage (137448K) : siwg_nofill has 0 polygons
2026-08-20 17:11:39 +0000: Memory Usage (137448K) : sigrating_drw has 0 polygons
2026-08-20 17:11:39 +0000: Memory Usage (137448K) : singrating_drw has 0 polygons
2026-08-20 17:11:39 +0000: Memory Usage (137448K) : graphpas_drw has 0 polygons
2026-08-20 17:11:39 +0000: Memory Usage (137448K) : emwind3_drw has 0 polygons
2026-08-20 17:11:39 +0000: Memory Usage (137576K) : emwihv3_drw has 0 polygons
2026-08-20 17:11:39 +0000: Memory Usage (137576K) : redbulay_drw has 0 polygons
2026-08-20 17:11:39 +0000: Memory Usage (137576K) : smos_drw has 0 polygons
2026-08-20 17:11:39 +0000: Memory Usage (137576K) : graphpad_drw has 0 polygons
2026-08-20 17:11:39 +0000: Memory Usage (137576K) : polimide_drw has 0 polygons
2026-08-20 17:11:39 +0000: Memory Usage (137576K) : polimide_pin has 0 polygons
2026-08-20 17:11:39 +0000: Memory Usage (137704K) : recog_drw has 1 polygons
2026-08-20 17:11:39 +0000: Memory Usage (137704K) : recog_pin has 0 polygons
2026-08-20 17:11:39 +0000: Memory Usage (137704K) : recog_esd has 5 polygons
2026-08-20 17:11:39 +0000: Memory Usage (137704K) : recog_diode has 0 polygons
2026-08-20 17:11:39 +0000: Memory Usage (137704K) : recog_tsv has 0 polygons
2026-08-20 17:11:39 +0000: Memory Usage (137704K) : recog_iprobe has 0 polygons
2026-08-20 17:11:39 +0000: Memory Usage (137832K) : recog_diffprb has 0 polygons
2026-08-20 17:11:39 +0000: Memory Usage (137832K) : recog_pillar has 0 polygons
2026-08-20 17:11:39 +0000: Memory Usage (137832K) : recog_sbump has 0 polygons
2026-08-20 17:11:39 +0000: Memory Usage (137832K) : recog_otp has 0 polygons
2026-08-20 17:11:39 +0000: Memory Usage (137960K) : recog_pdiode has 0 polygons
2026-08-20 17:11:39 +0000: Memory Usage (137960K) : recog_mom has 0 polygons
2026-08-20 17:11:39 +0000: Memory Usage (137960K) : recog_momf has 0 polygons
2026-08-20 17:11:39 +0000: Memory Usage (137960K) : recog_pcm has 0 polygons
2026-08-20 17:11:39 +0000: Memory Usage (138088K) : colopen_drw has 0 polygons
2026-08-20 17:11:39 +0000: Memory Usage (138088K) : graphmetal1_drw has 0 polygons
2026-08-20 17:11:39 +0000: Memory Usage (138088K) : graphmetal1_filler has 0 polygons
2026-08-20 17:11:39 +0000: Memory Usage (138088K) : graphmetal1_nofill has 0 polygons
2026-08-20 17:11:39 +0000: Memory Usage (138216K) : graphmetal1_slit has 0 polygons
2026-08-20 17:11:39 +0000: Memory Usage (138216K) : graphmetal1_OPC has 0 polygons
2026-08-20 17:11:39 +0000: Memory Usage (138216K) : graphmet1l_drw has 0 polygons
2026-08-20 17:11:39 +0000: Memory Usage (138216K) : graphmet1l_filler has 0 polygons
2026-08-20 17:11:39 +0000: Memory Usage (138344K) : graphmet1l_nofill has 0 polygons
2026-08-20 17:11:39 +0000: Memory Usage (138344K) : graphmet1l_slit has 0 polygons
2026-08-20 17:11:39 +0000: Memory Usage (138344K) : graphmet1l_OPC has 0 polygons
2026-08-20 17:11:39 +0000: Memory Usage (138344K) : extblock_drw has 6 polygons
2026-08-20 17:11:39 +0000: Memory Usage (138472K) : nldd_drw has 0 polygons
2026-08-20 17:11:39 +0000: Memory Usage (138472K) : pldd_drw has 0 polygons
2026-08-20 17:11:39 +0000: Memory Usage (138472K) : next_drw has 0 polygons
2026-08-20 17:11:39 +0000: Memory Usage (138472K) : pext_drw has 0 polygons
2026-08-20 17:11:39 +0000: Memory Usage (138600K) : nexthv_drw has 0 polygons
2026-08-20 17:11:39 +0000: Memory Usage (138600K) : pexthv_drw has 0 polygons
2026-08-20 17:11:39 +0000: Memory Usage (138600K) : graphgate_drw has 0 polygons
2026-08-20 17:11:39 +0000: Memory Usage (138600K) : sinwg_drw has 0 polygons
2026-08-20 17:11:39 +0000: Memory Usage (138728K) : sinwg_filler has 0 polygons
2026-08-20 17:11:39 +0000: Memory Usage (138728K) : sinwg_nofill has 0 polygons
2026-08-20 17:11:39 +0000: Memory Usage (138728K) : mempad_drw has 0 polygons
2026-08-20 17:11:39 +0000: Memory Usage (138728K) : topvia1_drw has 477 polygons
2026-08-20 17:11:39 +0000: Memory Usage (138856K) : topmetal1_drw has 48 polygons
2026-08-20 17:11:39 +0000: Memory Usage (138856K) : topmetal1_filler has 0 polygons
2026-08-20 17:11:39 +0000: Memory Usage (138856K) : topmetal1_slit has 0 polygons
2026-08-20 17:11:39 +0000: Memory Usage (138984K) : topmetal1 has 48 polygons
2026-08-20 17:11:39 +0000: Memory Usage (138984K) : topmetal1_pin has 0 polygons
2026-08-20 17:11:39 +0000: Memory Usage (138984K) : topmetal1_mask has 0 polygons
2026-08-20 17:11:39 +0000: Memory Usage (138984K) : topmetal1_nofill has 2 polygons
2026-08-20 17:11:39 +0000: Memory Usage (139112K) : topmetal1_text has 0 polygons
2026-08-20 17:11:39 +0000: Memory Usage (139112K) : topmetal1_noqrc has 0 polygons
2026-08-20 17:11:39 +0000: Memory Usage (139112K) : topmetal1_res has 0 polygons
2026-08-20 17:11:39 +0000: Memory Usage (139112K) : topmetal1_iprobe has 0 polygons
2026-08-20 17:11:39 +0000: Memory Usage (139240K) : topmetal1_diffprb has 0 polygons
2026-08-20 17:11:39 +0000: Memory Usage (139240K) : inldpwl_drw has 0 polygons
2026-08-20 17:11:39 +0000: Memory Usage (139368K) : polyres_drw has 2 polygons
2026-08-20 17:11:39 +0000: Memory Usage (139368K) : polyres_pin has 0 polygons
2026-08-20 17:11:39 +0000: Memory Usage (139368K) : vmim_drw has 0 polygons
2026-08-20 17:11:39 +0000: Memory Usage (139368K) : nbulaycut_drw has 0 polygons
2026-08-20 17:11:39 +0000: Memory Usage (139496K) : antmetal1_drw has 0 polygons
2026-08-20 17:11:39 +0000: Memory Usage (139496K) : topvia2_drw has 231 polygons
2026-08-20 17:11:39 +0000: Memory Usage (139624K) : topmetal2_drw has 63 polygons
2026-08-20 17:11:39 +0000: Memory Usage (139752K) : topmetal2_filler has 0 polygons
2026-08-20 17:11:39 +0000: Memory Usage (139752K) : topmetal2_slit has 0 polygons
2026-08-20 17:11:39 +0000: Memory Usage (139752K) : topmetal2 has 63 polygons
2026-08-20 17:11:39 +0000: Memory Usage (139880K) : topmetal2_pin has 4 polygons
2026-08-20 17:11:39 +0000: Memory Usage (139880K) : topmetal2_mask has 0 polygons
2026-08-20 17:11:39 +0000: Memory Usage (139880K) : topmetal2_nofill has 2 polygons
2026-08-20 17:11:39 +0000: Memory Usage (139880K) : topmetal2_text has 8 polygons
2026-08-20 17:11:39 +0000: Memory Usage (140008K) : topmetal2_noqrc has 0 polygons
2026-08-20 17:11:39 +0000: Memory Usage (140136K) : topmetal2_res has 0 polygons
2026-08-20 17:11:39 +0000: Memory Usage (140136K) : topmetal2_iprobe has 0 polygons
2026-08-20 17:11:39 +0000: Memory Usage (140136K) : topmetal2_diffprb has 0 polygons
2026-08-20 17:11:39 +0000: Memory Usage (140136K) : snsring_drw has 0 polygons
2026-08-20 17:11:39 +0000: Memory Usage (140264K) : sensor_drw has 0 polygons
2026-08-20 17:11:39 +0000: Memory Usage (140264K) : snsarms_drw has 0 polygons
2026-08-20 17:11:39 +0000: Memory Usage (140264K) : snscmosvia_drw has 0 polygons
2026-08-20 17:11:39 +0000: Memory Usage (140264K) : colwind_drw has 0 polygons
2026-08-20 17:11:39 +0000: Memory Usage (140264K) : flm_drw has 0 polygons
2026-08-20 17:11:39 +0000: Memory Usage (140264K) : hafniumox_drw has 0 polygons
2026-08-20 17:11:39 +0000: Memory Usage (140264K) : memvia_drw has 0 polygons
2026-08-20 17:11:39 +0000: Memory Usage (140264K) : thinfilmres_drw has 0 polygons
2026-08-20 17:11:39 +0000: Memory Usage (140264K) : rfmem_drw has 0 polygons
2026-08-20 17:11:39 +0000: Memory Usage (140264K) : norcx_drw has 2 polygons
2026-08-20 17:11:39 +0000: Memory Usage (140264K) : norcx_m2m3 has 0 polygons
2026-08-20 17:11:39 +0000: Memory Usage (140264K) : norcx_m2m4 has 0 polygons
2026-08-20 17:11:39 +0000: Memory Usage (140264K) : norcx_m2m5 has 0 polygons
2026-08-20 17:11:39 +0000: Memory Usage (140264K) : norcx_m2tm1 has 0 polygons
2026-08-20 17:11:39 +0000: Memory Usage (140264K) : norcx_m2tm2 has 0 polygons
2026-08-20 17:11:39 +0000: Memory Usage (140264K) : norcx_m3m4 has 0 polygons
2026-08-20 17:11:39 +0000: Memory Usage (140264K) : norcx_m3m5 has 0 polygons
2026-08-20 17:11:39 +0000: Memory Usage (140264K) : norcx_m3tm1 has 0 polygons
2026-08-20 17:11:39 +0000: Memory Usage (140264K) : norcx_m3tm2 has 0 polygons
2026-08-20 17:11:39 +0000: Memory Usage (140264K) : norcx_m4m5 has 0 polygons
2026-08-20 17:11:39 +0000: Memory Usage (140264K) : norcx_m4tm1 has 0 polygons
2026-08-20 17:11:39 +0000: Memory Usage (140264K) : norcx_m4tm2 has 0 polygons
2026-08-20 17:11:39 +0000: Memory Usage (140264K) : norcx_m5tm1 has 0 polygons
2026-08-20 17:11:39 +0000: Memory Usage (140264K) : norcx_m5tm2 has 0 polygons
2026-08-20 17:11:39 +0000: Memory Usage (140264K) : norcx_tm1tm2 has 0 polygons
2026-08-20 17:11:39 +0000: Memory Usage (140264K) : norcx_m1sub has 0 polygons
2026-08-20 17:11:39 +0000: Memory Usage (140264K) : norcx_m2sub has 0 polygons
2026-08-20 17:11:39 +0000: Memory Usage (140264K) : norcx_m3sub has 0 polygons
2026-08-20 17:11:39 +0000: Memory Usage (140264K) : norcx_m4sub has 0 polygons
2026-08-20 17:11:39 +0000: Memory Usage (140264K) : norcx_m5sub has 0 polygons
2026-08-20 17:11:39 +0000: Memory Usage (140264K) : norcx_tm1sub has 0 polygons
2026-08-20 17:11:39 +0000: Memory Usage (140264K) : norcx_tm2sub has 0 polygons
2026-08-20 17:11:39 +0000: Memory Usage (140264K) : snsbotvia_drw has 0 polygons
2026-08-20 17:11:39 +0000: Memory Usage (140264K) : snstopvia_drw has 0 polygons
2026-08-20 17:11:39 +0000: Memory Usage (140264K) : deepvia_drw has 0 polygons
2026-08-20 17:11:39 +0000: Memory Usage (140264K) : fgetch_drw has 0 polygons
2026-08-20 17:11:39 +0000: Memory Usage (140264K) : ctrgat_drw has 0 polygons
2026-08-20 17:11:39 +0000: Memory Usage (140264K) : fgimp_drw has 0 polygons
2026-08-20 17:11:39 +0000: Memory Usage (140264K) : emwihv_drw has 0 polygons
2026-08-20 17:11:39 +0000: Memory Usage (140264K) : lbe_drw has 2 polygons
2026-08-20 17:11:39 +0000: Memory Usage (140264K) : alcustop_drw has 0 polygons
2026-08-20 17:11:39 +0000: Memory Usage (140264K) : nometfiller_drw has 0 polygons
2026-08-20 17:11:39 +0000: Memory Usage (140264K) : prboundary_drw has 0 polygons
2026-08-20 17:11:39 +0000: Memory Usage (140264K) : exchange0_drw has 0 polygons
2026-08-20 17:11:39 +0000: Memory Usage (140264K) : exchange0_pin has 0 polygons
2026-08-20 17:11:39 +0000: Memory Usage (140264K) : exchange0_text has 0 polygons
2026-08-20 17:11:39 +0000: Memory Usage (140264K) : exchange1_drw has 0 polygons
2026-08-20 17:11:39 +0000: Memory Usage (140264K) : exchange1_pin has 0 polygons
2026-08-20 17:11:39 +0000: Memory Usage (140264K) : exchange1_text has 0 polygons
2026-08-20 17:11:39 +0000: Memory Usage (140264K) : exchange2_drw has 0 polygons
2026-08-20 17:11:39 +0000: Memory Usage (140264K) : exchange2_pin has 0 polygons
2026-08-20 17:11:39 +0000: Memory Usage (140264K) : exchange2_text has 0 polygons
2026-08-20 17:11:39 +0000: Memory Usage (140264K) : exchange3_drw has 0 polygons
2026-08-20 17:11:39 +0000: Memory Usage (140264K) : exchange3_pin has 0 polygons
2026-08-20 17:11:39 +0000: Memory Usage (140264K) : exchange3_text has 0 polygons
2026-08-20 17:11:39 +0000: Memory Usage (140264K) : exchange4_drw has 0 polygons
2026-08-20 17:11:39 +0000: Memory Usage (140264K) : exchange4_pin has 0 polygons
2026-08-20 17:11:39 +0000: Memory Usage (140264K) : exchange4_text has 0 polygons
2026-08-20 17:11:39 +0000: Memory Usage (140264K) : isonwell_drw has 0 polygons
2026-08-20 17:11:39 +0000: Memory Usage (140264K) : Total no. of polygons in the design is 31889
2026-08-20 17:11:39 +0000: Memory Usage (140264K) : Starting base layers derivations
2026-08-20 17:11:39 +0000: Memory Usage (140264K) : Starting general LVS derivations
2026-08-20 17:11:39 +0000: Memory Usage (144684K) : Starting MOSFET DERIVATIONS
2026-08-20 17:11:39 +0000: Memory Usage (145452K) : Starting NMOS DERIVATIONS
2026-08-20 17:11:39 +0000: Memory Usage (145452K) : Starting PMOS DERIVATIONS
2026-08-20 17:11:39 +0000: Memory Usage (145452K) : Starting RF-MOSFET DERIVATIONS
2026-08-20 17:11:39 +0000: Memory Usage (145452K) : Starting RF-NMOS DERIVATIONS
2026-08-20 17:11:39 +0000: Memory Usage (145452K) : Starting RF-PMOS DERIVATIONS
2026-08-20 17:11:39 +0000: Memory Usage (145452K) : Starting BJT DERIVATIONS
2026-08-20 17:11:39 +0000: Memory Usage (145452K) : Starting NPN-BJT DERIVATIONS
2026-08-20 17:11:40 +0000: Memory Usage (145580K) : Starting PNP-BJT DERIVATIONS
2026-08-20 17:11:40 +0000: Memory Usage (145580K) : Starting DIODE DERIVATIONS
2026-08-20 17:11:40 +0000: Memory Usage (145580K) : Starting RESISTOR DERIVATIONS
2026-08-20 17:11:40 +0000: Memory Usage (145580K) : Starting CAP DERIVATIONS
2026-08-20 17:11:40 +0000: Memory Usage (146604K) : Starting CAP_CMOM DERIVATIONS
2026-08-20 17:11:40 +0000: Memory Usage (146604K) : Starting CAP_CMOMF DERIVATIONS
2026-08-20 17:11:40 +0000: Memory Usage (146604K) : Starting ESD DERIVATIONS
2026-08-20 17:11:41 +0000: Memory Usage (146604K) : Starting Inductor DERIVATIONS
2026-08-20 17:11:41 +0000: Memory Usage (146604K) : Starting Taps DERIVATIONS
2026-08-20 17:11:41 +0000: Memory Usage (146604K) : Starting SG13G2 LVS connectivity setup
2026-08-20 17:11:41 +0000: Memory Usage (146604K) : Starting SG13G2 LVS connectivity setup (Inter-layer)
2026-08-20 17:11:41 +0000: Memory Usage (146732K) : Starting SG13G2 LVS connectivity setup (Global)
2026-08-20 17:11:41 +0000: Memory Usage (146732K) : Starting LVS MOSFET CONNECTIONS
2026-08-20 17:11:41 +0000: Memory Usage (146732K) : Starting LVS RF-MOSFET CONNECTIONS
2026-08-20 17:11:41 +0000: Memory Usage (146732K) : Starting LVS BJT CONNECTIONS
2026-08-20 17:11:41 +0000: Memory Usage (146732K) : Starting LVS DIODE CONNECTIONS
2026-08-20 17:11:41 +0000: Memory Usage (146732K) : Starting RESISTOR CONNECTIONS
2026-08-20 17:11:41 +0000: Memory Usage (146732K) : Starting LVS CAP CONNECTIONS
2026-08-20 17:11:41 +0000: Memory Usage (146732K) : Starting CAP_CMOM CONNECTIONS
2026-08-20 17:11:41 +0000: Memory Usage (146732K) : Starting CAP_CMOMF CONNECTIONS
2026-08-20 17:11:41 +0000: Memory Usage (146732K) : Starting ESD CONNECTIONS
2026-08-20 17:11:41 +0000: Memory Usage (146732K) : Starting Inductor CONNECTIONS
2026-08-20 17:11:41 +0000: Memory Usage (146732K) : Starting LVS Taps CONNECTIONS
2026-08-20 17:11:41 +0000: Memory Usage (146732K) : Starting SG13G2 LVS DEVICES EXTRACTION
2026-08-20 17:11:41 +0000: Memory Usage (146732K) : Starting MOSFET EXTRACTION
2026-08-20 17:11:41 +0000: Memory Usage (146732K) : Starting NMOS EXTRACTION
2026-08-20 17:11:41 +0000: Memory Usage (146732K) : Extraction of NMOS-LV transistor
2026-08-20 17:11:41 +0000: Memory Usage (146732K) : Extraction of NMOS-HV transistor
2026-08-20 17:11:41 +0000: Memory Usage (146732K) : Starting PMOS EXTRACTION
2026-08-20 17:11:41 +0000: Memory Usage (146732K) : Extraction of PMOS-LV transistor
2026-08-20 17:11:41 +0000: Memory Usage (146732K) : Extraction of PMOS-HV transistor
2026-08-20 17:11:41 +0000: Memory Usage (146732K) : Starting RF-MOSFET EXTRACTION
2026-08-20 17:11:41 +0000: Memory Usage (146732K) : Extraction of RF-NMOS-LV transistor
2026-08-20 17:11:41 +0000: Memory Usage (146732K) : Extraction of RF-NMOS-HV transistor
2026-08-20 17:11:41 +0000: Memory Usage (146732K) : Extraction of RF-PMOS-LV transistor
2026-08-20 17:11:41 +0000: Memory Usage (146732K) : Extraction of RF-PMOS-HV transistor
2026-08-20 17:11:41 +0000: Memory Usage (146732K) : Starting BJT EXTRACTION
2026-08-20 17:11:41 +0000: Memory Usage (146732K) : Starting NPN-BJT EXTRACTION
2026-08-20 17:11:41 +0000: Memory Usage (146732K) : Extraction of npn13G2 BJT transistor
2026-08-20 17:11:41 +0000: Memory Usage (146732K) : Extraction of npn13G2L BJT transistor
2026-08-20 17:11:41 +0000: Memory Usage (146732K) : Extraction of npn13G2V BJT transistor
2026-08-20 17:11:41 +0000: Memory Usage (146732K) : Starting PNP-BJT EXTRACTION
2026-08-20 17:11:41 +0000: Memory Usage (146732K) : Extracting pnpMPA BJT
2026-08-20 17:11:41 +0000: Memory Usage (146732K) : Starting DIODE EXTRACTION
2026-08-20 17:11:41 +0000: Memory Usage (146732K) : Extracting dantenna diode
2026-08-20 17:11:41 +0000: Memory Usage (146732K) : Extracting dpantenna diode
2026-08-20 17:11:41 +0000: Memory Usage (146732K) : Extracting schottky_nbl1 diode
2026-08-20 17:11:41 +0000: Memory Usage (146732K) : Extracting isolbox diode
2026-08-20 17:11:41 +0000: Memory Usage (146732K) : Starting RESISTOR EXTRACTION
2026-08-20 17:11:41 +0000: Memory Usage (146732K) : Extracting rsil resistor
2026-08-20 17:11:41 +0000: Memory Usage (146732K) : Extracting rppd resistor
2026-08-20 17:11:41 +0000: Memory Usage (146732K) : Extracting rhigh resistor
2026-08-20 17:11:41 +0000: Memory Usage (146732K) : Extracting res_metal1 resistor
2026-08-20 17:11:41 +0000: Memory Usage (146860K) : Extracting res_metal2 resistor
2026-08-20 17:11:41 +0000: Memory Usage (146860K) : Extracting res_metal3 resistor
2026-08-20 17:11:41 +0000: Memory Usage (146860K) : Extracting res_metal4 resistor
2026-08-20 17:11:41 +0000: Memory Usage (146860K) : Extracting res_metal5 resistor
2026-08-20 17:11:41 +0000: Memory Usage (146860K) : Extracting res_topmetal1 resistor
2026-08-20 17:11:41 +0000: Memory Usage (146860K) : Extracting res_topmetal2 resistor
2026-08-20 17:11:41 +0000: Memory Usage (146860K) : Starting CAP EXTRACTION
2026-08-20 17:11:41 +0000: Memory Usage (146860K) : Extracting cap_cmim device
2026-08-20 17:11:41 +0000: Memory Usage (146860K) : Extracting rfcmim device
2026-08-20 17:11:41 +0000: Memory Usage (146860K) : Extracting sg13_hv_svaricap varactor
2026-08-20 17:11:41 +0000: Memory Usage (146860K) : Extracting cap_cmomi device
2026-08-20 17:11:41 +0000: Memory Usage (146860K) : Extracting cap_cmomf device
2026-08-20 17:11:41 +0000: Memory Usage (146860K) : Extracting sg13_moscap_n capacitor
2026-08-20 17:11:41 +0000: Memory Usage (146860K) : Extracting sg13_moscap_p capacitor
2026-08-20 17:11:41 +0000: Memory Usage (146860K) : Starting ESD EXTRACTION
2026-08-20 17:11:41 +0000: Memory Usage (146860K) : Extracting diodevdd_2kv ESD device
2026-08-20 17:11:41 +0000: Memory Usage (146860K) : Extracting diodevdd_4kv ESD device
2026-08-20 17:11:41 +0000: Memory Usage (146860K) : Extracting diodevss_2kv ESD device
2026-08-20 17:11:41 +0000: Memory Usage (146860K) : Extracting diodevss_4kv ESD device
2026-08-20 17:11:41 +0000: Memory Usage (146860K) : Extracting idiodevdd_2kv ESD device
2026-08-20 17:11:41 +0000: Memory Usage (146860K) : Extracting idiodevdd_4kv ESD device
2026-08-20 17:11:41 +0000: Memory Usage (146860K) : Extracting idiodevss_2kv ESD device
2026-08-20 17:11:41 +0000: Memory Usage (146860K) : Extracting idiodevss_4kv ESD device
2026-08-20 17:11:41 +0000: Memory Usage (146860K) : Extracting nmoscl_2 ESD device
2026-08-20 17:11:41 +0000: Memory Usage (146860K) : Extracting nmoscl_4 ESD device
2026-08-20 17:11:41 +0000: Memory Usage (146860K) : Starting Inductor EXTRACTION
2026-08-20 17:11:41 +0000: Memory Usage (146860K) : Extracting Inductor2 device
2026-08-20 17:11:41 +0000: Memory Usage (147116K) : Extracting Inductor3 device
2026-08-20 17:11:41 +0000: Memory Usage (147116K) : Starting Taps EXTRACTION
2026-08-20 17:11:41 +0000: Memory Usage (147116K) : DISABLE_TAP_EXTRACTION is enabled: skipping ntap1/ptap1 device extraction.
2026-08-20 17:11:41 +0000: Memory Usage (147116K) : Starting SG13G2 LVS RF MOS Model Mapping
2026-08-20 17:11:41 +0000: Memory Usage (147116K) : [layout_netlist] Apply RF MOS model mapping and rfmode parameter.
2026-08-20 17:11:41 +0000: Memory Usage (147116K) : Starting SG13G2 LVS Options Preparations
2026-08-20 17:11:41 +0000: Memory Usage (147116K) : SG13G2 LVS flow: extraction -> alignment -> option preparation -> comparison.
2026-08-20 17:11:41 +0000: Memory Usage (147116K) : Starting SG13G2 LVS Alignment
2026-08-20 17:11:41 +0000: Memory Usage (147116K) : Starting SG13G2 LVS Simplification
2026-08-20 17:11:41 +0000: Memory Usage (147116K) : [layout_netlist] simplify: ENABLED
2026-08-20 17:11:41 +0000: Memory Usage (147116K) : [layout_netlist] make_top_level_pins: SKIPPED
2026-08-20 17:11:41 +0000: Memory Usage (147116K) : [layout_netlist] combine_devices: SKIPPED
2026-08-20 17:11:41 +0000: Memory Usage (147116K) : [layout_netlist] purge: SKIPPED
2026-08-20 17:11:41 +0000: Memory Usage (147116K) : [layout_netlist] purge_nets: SKIPPED
2026-08-20 17:11:41 +0000: Memory Usage (147116K) : [schematic_netlist] simplify: ENABLED
2026-08-20 17:11:41 +0000: Memory Usage (147116K) : [schematic_netlist] make_top_level_pins: SKIPPED
2026-08-20 17:11:41 +0000: Memory Usage (147116K) : [schematic_netlist] combine_devices: SKIPPED
2026-08-20 17:11:41 +0000: Memory Usage (147116K) : [schematic_netlist] purge: SKIPPED
2026-08-20 17:11:41 +0000: Memory Usage (147116K) : [schematic_netlist] purge_nets: SKIPPED
2026-08-20 17:11:41 +0000: Memory Usage (147116K) : Starting SG13G2 LVS Comparison
2026-08-20 17:11:41 +0000: Memory Usage (147244K) : xxxxxxxxxxxxxxxxxxxxxxxxxxxxxxxxxxxxxxxxxx
2026-08-20 17:11:41 +0000: Memory Usage (147244K) : ERROR : Netlists don't match
2026-08-20 17:11:41 +0000: Memory Usage (147244K) : xxxxxxxxxxxxxxxxxxxxxxxxxxxxxxxxxxxxxxxxxx
2026-08-20 17:11:41 +0000: Memory Usage (147244K) : LVS Total Run time 2.453779 seconds

--- stderr ---
20-Aug-2026 17:11:39 | INFO    | Your Klayout version is: KLayout 0.30.5 (required >= 0.30.5)
20-Aug-2026 17:11:39 | INFO    | Running SG13G2 LVS checks on design /workspace/layout/blocks/out/driver_stage/bisect_extra11/no_ties/driver_dut.gds on cell driver_dut
20-Aug-2026 17:11:41 | INFO    | ==============================================================================
20-Aug-2026 17:11:41 | INFO    | Important Summary
20-Aug-2026 17:11:41 | INFO    | +------------------+----------------------------------------------------------------------+
20-Aug-2026 17:11:41 | INFO    | | Status           | FAIL                                                                 |
20-Aug-2026 17:11:41 | INFO    | | Mode             | COMPARE                                                              |
20-Aug-2026 17:11:41 | INFO    | | Outcome          | Comparison mode: FAIL (netlists do not match).                       |
20-Aug-2026 17:11:41 | INFO    | | Layout           | driver_dut.gds                                                       |
20-Aug-2026 17:11:41 | INFO    | | Top Cell         | driver_dut                                                           |
20-Aug-2026 17:11:41 | INFO    | | Results Dir      | /workspace/layout/blocks/out/driver_stage/bisect_extra11/no_ties/lvs |
20-Aug-2026 17:11:41 | INFO    | | Warnings         | 0                                                                    |
20-Aug-2026 17:11:41 | INFO    | | Errors           | 1                                                                    |
20-Aug-2026 17:11:41 | INFO    | | Run Time (s)     | 2.792                                                                |
20-Aug-2026 17:11:41 | INFO    | +------------------+----------------------------------------------------------------------+
20-Aug-2026 17:11:41 | ERROR   | Key errors:
20-Aug-2026 17:11:41 | ERROR   |   - 2026-08-20 17:11:41 +0000: Memory Usage (147244K) : ERROR : Netlists don't match
20-Aug-2026 17:11:41 | INFO    | ==============================================================================

