# Logfile created on 2026-08-20 17:15:37 +0000 by logger.rb/v1.5.3
2026-08-20 17:15:37 +0000: Memory Usage (128720K) : Starting running SG13G2 Klayout LVS runset on /workspace/layout/blocks/out/driver_stage/bisect_extra18/driver_dut.gds
2026-08-20 17:15:37 +0000: Memory Usage (128720K) : Ruby Version for klayout: 3.2.3
2026-08-20 17:15:37 +0000: Memory Usage (130068K) : Loading database to memory is complete.
2026-08-20 17:15:37 +0000: Memory Usage (130068K) : SG13G2 Klayout LVS runset output at: /workspace/layout/blocks/out/driver_stage/bisect_extra18/lvs/driver_dut.lvsdb
2026-08-20 17:15:37 +0000: Memory Usage (130068K) : Evaluate switches.
2026-08-20 17:15:37 +0000: Memory Usage (130068K) : Extracted netlist with net names: true
2026-08-20 17:15:37 +0000: Memory Usage (130068K) : Extracted netlist with comments in details: false
2026-08-20 17:15:37 +0000: Memory Usage (130068K) : Selected NET_ONLY option: false
2026-08-20 17:15:37 +0000: Memory Usage (130068K) : Selected LAYOUT_NETLIST option: (none)
2026-08-20 17:15:37 +0000: Memory Usage (130068K) : Selected IGNORE_TOP_PORTS_MISMATCH option: true
2026-08-20 17:15:37 +0000: Memory Usage (130068K) : Selected IMPLICIT_NETS option: sub,sub!
2026-08-20 17:15:37 +0000: Memory Usage (130068K) : Selected TOP_LVL_PINS option: false
2026-08-20 17:15:37 +0000: Memory Usage (130068K) : Selected COMBINE DEVICES option: false
2026-08-20 17:15:37 +0000: Memory Usage (130068K) : Selected PURGE option: false
2026-08-20 17:15:37 +0000: Memory Usage (130068K) : Selected PURGE_NETS option: false
2026-08-20 17:15:37 +0000: Memory Usage (130068K) : Selected SIMPLIFY option: true
2026-08-20 17:15:37 +0000: Memory Usage (130068K) : Selected SERIES_RES option: true
2026-08-20 17:15:37 +0000: Memory Usage (130068K) : Selected PARALLEL_RES option: true
2026-08-20 17:15:37 +0000: Memory Usage (130068K) : Selected DISABLE_TAP_EXTRACTION option: true
2026-08-20 17:15:37 +0000: Memory Usage (130068K) : deep  mode is enabled.
2026-08-20 17:15:37 +0000: Memory Usage (130068K) : Applying implicit connections (case-sensitive, pattern supported) for nets: sub, sub!
2026-08-20 17:15:37 +0000: Memory Usage (131452K) : Netlist file: /workspace/layout/blocks/out/driver_stage/bisect_extra18/x.cdl
2026-08-20 17:15:37 +0000: Memory Usage (131452K) : LVS extracted netlist at: /workspace/layout/blocks/out/driver_stage/bisect_extra18/lvs/driver_dut_extracted.cir
2026-08-20 17:15:37 +0000: Memory Usage (131452K) : Applying SRAM integration support.
2026-08-20 17:15:37 +0000: Memory Usage (131452K) : Starting SG13G2 LVS runset
2026-08-20 17:15:37 +0000: Memory Usage (131452K) : Read in polygons from layers.
2026-08-20 17:15:37 +0000: Memory Usage (132604K) : activ_drw has 899 polygons
2026-08-20 17:15:37 +0000: Memory Usage (132604K) : activ_filler has 0 polygons
2026-08-20 17:15:37 +0000: Memory Usage (132860K) : activ has 899 polygons
2026-08-20 17:15:37 +0000: Memory Usage (132956K) : activ_pin has 0 polygons
2026-08-20 17:15:37 +0000: Memory Usage (133468K) : activ_mask has 4 polygons
2026-08-20 17:15:37 +0000: Memory Usage (133468K) : activ_nofill has 2 polygons
2026-08-20 17:15:37 +0000: Memory Usage (133468K) : activ_OPC has 0 polygons
2026-08-20 17:15:37 +0000: Memory Usage (133468K) : activ_iOPC has 0 polygons
2026-08-20 17:15:37 +0000: Memory Usage (133468K) : activ_noqrc has 0 polygons
2026-08-20 17:15:37 +0000: Memory Usage (133468K) : biwind_drw has 0 polygons
2026-08-20 17:15:37 +0000: Memory Usage (133468K) : biwind_OPC has 0 polygons
2026-08-20 17:15:37 +0000: Memory Usage (133468K) : gatpoly_drw has 140 polygons
2026-08-20 17:15:37 +0000: Memory Usage (133468K) : gatpoly_filler has 0 polygons
2026-08-20 17:15:37 +0000: Memory Usage (133468K) : gatpoly has 140 polygons
2026-08-20 17:15:37 +0000: Memory Usage (133468K) : gatpoly_pin has 119 polygons
2026-08-20 17:15:37 +0000: Memory Usage (133468K) : gatpoly_nofill has 2 polygons
2026-08-20 17:15:37 +0000: Memory Usage (133468K) : gatpoly_OPC has 0 polygons
2026-08-20 17:15:37 +0000: Memory Usage (133468K) : gatpoly_iOPC has 0 polygons
2026-08-20 17:15:37 +0000: Memory Usage (133468K) : gatpoly_noqrc has 0 polygons
2026-08-20 17:15:37 +0000: Memory Usage (133468K) : cont_drw has 14577 polygons
2026-08-20 17:15:37 +0000: Memory Usage (133468K) : cont_OPC has 0 polygons
2026-08-20 17:15:37 +0000: Memory Usage (133468K) : nsd_drw has 0 polygons
2026-08-20 17:15:37 +0000: Memory Usage (133468K) : nsd_block has 4 polygons
2026-08-20 17:15:37 +0000: Memory Usage (133596K) : metal1_drw has 1558 polygons
2026-08-20 17:15:37 +0000: Memory Usage (133596K) : metal1_filler has 0 polygons
2026-08-20 17:15:37 +0000: Memory Usage (133724K) : metal1_slit has 0 polygons
2026-08-20 17:15:37 +0000: Memory Usage (133852K) : metal1 has 1558 polygons
2026-08-20 17:15:37 +0000: Memory Usage (133980K) : metal1_pin has 750 polygons
2026-08-20 17:15:37 +0000: Memory Usage (133980K) : metal1_mask has 0 polygons
2026-08-20 17:15:37 +0000: Memory Usage (134108K) : metal1_nofill has 2 polygons
2026-08-20 17:15:37 +0000: Memory Usage (134236K) : metal1_text has 5 polygons
2026-08-20 17:15:37 +0000: Memory Usage (134236K) : metal1_OPC has 0 polygons
2026-08-20 17:15:37 +0000: Memory Usage (134236K) : metal1_noqrc has 0 polygons
2026-08-20 17:15:37 +0000: Memory Usage (134364K) : metal1_res has 0 polygons
2026-08-20 17:15:37 +0000: Memory Usage (134364K) : metal1_iprobe has 0 polygons
2026-08-20 17:15:37 +0000: Memory Usage (134364K) : metal1_diffprb has 0 polygons
2026-08-20 17:15:37 +0000: Memory Usage (134492K) : passiv_drw has 2 polygons
2026-08-20 17:15:37 +0000: Memory Usage (134492K) : passiv_pin has 0 polygons
2026-08-20 17:15:37 +0000: Memory Usage (134620K) : passiv_sbump has 0 polygons
2026-08-20 17:15:37 +0000: Memory Usage (134620K) : passiv_pillar has 0 polygons
2026-08-20 17:15:37 +0000: Memory Usage (134620K) : passiv_pdl has 0 polygons
2026-08-20 17:15:37 +0000: Memory Usage (134620K) : metal2_drw has 557 polygons
2026-08-20 17:15:37 +0000: Memory Usage (134748K) : metal2_filler has 0 polygons
2026-08-20 17:15:37 +0000: Memory Usage (134748K) : metal2_slit has 0 polygons
2026-08-20 17:15:37 +0000: Memory Usage (134748K) : metal2 has 557 polygons
2026-08-20 17:15:37 +0000: Memory Usage (134748K) : metal2_pin has 10 polygons
2026-08-20 17:15:37 +0000: Memory Usage (134876K) : metal2_mask has 0 polygons
2026-08-20 17:15:37 +0000: Memory Usage (134876K) : metal2_nofill has 2 polygons
2026-08-20 17:15:37 +0000: Memory Usage (134876K) : metal2_text has 3 polygons
2026-08-20 17:15:37 +0000: Memory Usage (134876K) : metal2_OPC has 0 polygons
2026-08-20 17:15:37 +0000: Memory Usage (135004K) : metal2_noqrc has 0 polygons
2026-08-20 17:15:37 +0000: Memory Usage (135004K) : metal2_res has 0 polygons
2026-08-20 17:15:37 +0000: Memory Usage (135004K) : metal2_iprobe has 0 polygons
2026-08-20 17:15:37 +0000: Memory Usage (135132K) : metal2_diffprb has 0 polygons
2026-08-20 17:15:37 +0000: Memory Usage (135132K) : baspoly_drw has 0 polygons
2026-08-20 17:15:37 +0000: Memory Usage (135132K) : baspoly_pin has 0 polygons
2026-08-20 17:15:37 +0000: Memory Usage (135132K) : psd_drw has 515 polygons
2026-08-20 17:15:37 +0000: Memory Usage (135260K) : nldb_drw has 0 polygons
2026-08-20 17:15:37 +0000: Memory Usage (135260K) : digibnd_drw has 0 polygons
2026-08-20 17:15:37 +0000: Memory Usage (135260K) : via1_drw has 7650 polygons
2026-08-20 17:15:37 +0000: Memory Usage (135260K) : backmetal1_drw has 0 polygons
2026-08-20 17:15:37 +0000: Memory Usage (135388K) : backmetal1_pin has 0 polygons
2026-08-20 17:15:37 +0000: Memory Usage (135388K) : backmetal1_mask has 0 polygons
2026-08-20 17:15:37 +0000: Memory Usage (135388K) : backmetal1_filler has 0 polygons
2026-08-20 17:15:37 +0000: Memory Usage (135388K) : backmetal1_nofill has 0 polygons
2026-08-20 17:15:37 +0000: Memory Usage (135516K) : backmetal1_slit has 0 polygons
2026-08-20 17:15:37 +0000: Memory Usage (135516K) : backmetal1_text has 0 polygons
2026-08-20 17:15:37 +0000: Memory Usage (135516K) : backmetal1_OPC has 0 polygons
2026-08-20 17:15:37 +0000: Memory Usage (135516K) : backmetal1_noqrc has 0 polygons
2026-08-20 17:15:37 +0000: Memory Usage (135644K) : backmetal1_res has 0 polygons
2026-08-20 17:15:37 +0000: Memory Usage (135644K) : backmetal1_iprobe has 0 polygons
2026-08-20 17:15:37 +0000: Memory Usage (135644K) : backmetal1_diffprb has 0 polygons
2026-08-20 17:15:37 +0000: Memory Usage (135644K) : backpassiv_drw has 0 polygons
2026-08-20 17:15:37 +0000: Memory Usage (135772K) : res_drw has 2 polygons
2026-08-20 17:15:37 +0000: Memory Usage (135772K) : sram_drw has 0 polygons
2026-08-20 17:15:37 +0000: Memory Usage (135772K) : trans_drw has 2 polygons
2026-08-20 17:15:37 +0000: Memory Usage (135900K) : ind_drw has 2 polygons
2026-08-20 17:15:37 +0000: Memory Usage (135900K) : ind_pin has 4 polygons
2026-08-20 17:15:37 +0000: Memory Usage (135900K) : ind_text has 4 polygons
2026-08-20 17:15:37 +0000: Memory Usage (135900K) : salblock_drw has 12 polygons
2026-08-20 17:15:37 +0000: Memory Usage (136028K) : via2_drw has 836 polygons
2026-08-20 17:15:37 +0000: Memory Usage (136028K) : metal3_drw has 62 polygons
2026-08-20 17:15:37 +0000: Memory Usage (136028K) : metal3_filler has 0 polygons
2026-08-20 17:15:37 +0000: Memory Usage (136156K) : metal3_slit has 0 polygons
2026-08-20 17:15:37 +0000: Memory Usage (136156K) : metal3 has 62 polygons
2026-08-20 17:15:37 +0000: Memory Usage (136156K) : metal3_pin has 2 polygons
2026-08-20 17:15:37 +0000: Memory Usage (136156K) : metal3_mask has 0 polygons
2026-08-20 17:15:37 +0000: Memory Usage (136156K) : metal3_nofill has 2 polygons
2026-08-20 17:15:37 +0000: Memory Usage (136156K) : metal3_text has 0 polygons
2026-08-20 17:15:37 +0000: Memory Usage (136156K) : metal3_OPC has 0 polygons
2026-08-20 17:15:37 +0000: Memory Usage (136156K) : metal3_noqrc has 0 polygons
2026-08-20 17:15:37 +0000: Memory Usage (136156K) : metal3_res has 0 polygons
2026-08-20 17:15:37 +0000: Memory Usage (136156K) : metal3_iprobe has 0 polygons
2026-08-20 17:15:37 +0000: Memory Usage (136156K) : metal3_diffprb has 0 polygons
2026-08-20 17:15:37 +0000: Memory Usage (136156K) : nwell_drw has 14 polygons
2026-08-20 17:15:37 +0000: Memory Usage (136156K) : nwell_pin has 0 polygons
2026-08-20 17:15:37 +0000: Memory Usage (136156K) : nwell_text has 0 polygons
2026-08-20 17:15:37 +0000: Memory Usage (136156K) : nbulay_drw has 1 polygons
2026-08-20 17:15:37 +0000: Memory Usage (136156K) : nbulay_pin has 0 polygons
2026-08-20 17:15:37 +0000: Memory Usage (136156K) : nbulay_block has 0 polygons
2026-08-20 17:15:37 +0000: Memory Usage (136284K) : emwind_drw has 4 polygons
2026-08-20 17:15:37 +0000: Memory Usage (136284K) : emwind_OPC has 0 polygons
2026-08-20 17:15:37 +0000: Memory Usage (136284K) : deepco_drw has 0 polygons
2026-08-20 17:15:37 +0000: Memory Usage (136284K) : mim_drw has 0 polygons
2026-08-20 17:15:37 +0000: Memory Usage (136284K) : edgeseal_drw has 0 polygons
2026-08-20 17:15:37 +0000: Memory Usage (136412K) : substrate_drw has 500 polygons
2026-08-20 17:15:37 +0000: Memory Usage (136412K) : substrate_text has 0 polygons
2026-08-20 17:15:37 +0000: Memory Usage (136412K) : dfpad_drw has 2 polygons
2026-08-20 17:15:37 +0000: Memory Usage (136412K) : dfpad_pillar has 0 polygons
2026-08-20 17:15:37 +0000: Memory Usage (136412K) : dfpad_sbump has 0 polygons
2026-08-20 17:15:37 +0000: Memory Usage (136412K) : thickgateox_drw has 1 polygons
2026-08-20 17:15:37 +0000: Memory Usage (136540K) : pldb_drw has 0 polygons
2026-08-20 17:15:37 +0000: Memory Usage (136540K) : pwell_drw has 0 polygons
2026-08-20 17:15:37 +0000: Memory Usage (136540K) : pwell_pin has 0 polygons
2026-08-20 17:15:37 +0000: Memory Usage (136540K) : pwell_block has 2 polygons
2026-08-20 17:15:37 +0000: Memory Usage (136540K) : ic_drw has 0 polygons
2026-08-20 17:15:37 +0000: Memory Usage (136540K) : via3_drw has 1041 polygons
2026-08-20 17:15:37 +0000: Memory Usage (136668K) : metal4_drw has 29 polygons
2026-08-20 17:15:37 +0000: Memory Usage (136668K) : metal4_filler has 0 polygons
2026-08-20 17:15:37 +0000: Memory Usage (136668K) : metal4_slit has 0 polygons
2026-08-20 17:15:37 +0000: Memory Usage (136668K) : metal4 has 29 polygons
2026-08-20 17:15:37 +0000: Memory Usage (136668K) : metal4_pin has 0 polygons
2026-08-20 17:15:37 +0000: Memory Usage (136796K) : metal4_mask has 0 polygons
2026-08-20 17:15:37 +0000: Memory Usage (136796K) : metal4_nofill has 2 polygons
2026-08-20 17:15:37 +0000: Memory Usage (136796K) : metal4_text has 3 polygons
2026-08-20 17:15:37 +0000: Memory Usage (136796K) : metal4_OPC has 0 polygons
2026-08-20 17:15:37 +0000: Memory Usage (136796K) : metal4_noqrc has 0 polygons
2026-08-20 17:15:37 +0000: Memory Usage (136924K) : metal4_res has 0 polygons
2026-08-20 17:15:37 +0000: Memory Usage (136924K) : metal4_iprobe has 0 polygons
2026-08-20 17:15:37 +0000: Memory Usage (136924K) : metal4_diffprb has 0 polygons
2026-08-20 17:15:37 +0000: Memory Usage (136924K) : heattrans_drw has 123 polygons
2026-08-20 17:15:37 +0000: Memory Usage (136924K) : heatres_drw has 2 polygons
2026-08-20 17:15:37 +0000: Memory Usage (136924K) : fbe_drw has 0 polygons
2026-08-20 17:15:37 +0000: Memory Usage (137052K) : empoly_drw has 0 polygons
2026-08-20 17:15:37 +0000: Memory Usage (137052K) : digisub_drw has 0 polygons
2026-08-20 17:15:37 +0000: Memory Usage (137052K) : text_drw has 655 polygons
2026-08-20 17:15:37 +0000: Memory Usage (137052K) : via4_drw has 1035 polygons
2026-08-20 17:15:37 +0000: Memory Usage (137052K) : metal5_drw has 34 polygons
2026-08-20 17:15:37 +0000: Memory Usage (137052K) : metal5_filler has 0 polygons
2026-08-20 17:15:37 +0000: Memory Usage (137052K) : metal5_slit has 0 polygons
2026-08-20 17:15:37 +0000: Memory Usage (137180K) : metal5 has 34 polygons
2026-08-20 17:15:37 +0000: Memory Usage (137180K) : metal5_pin has 0 polygons
2026-08-20 17:15:37 +0000: Memory Usage (137180K) : metal5_mask has 0 polygons
2026-08-20 17:15:37 +0000: Memory Usage (137180K) : metal5_nofill has 2 polygons
2026-08-20 17:15:37 +0000: Memory Usage (137180K) : metal5_text has 0 polygons
2026-08-20 17:15:37 +0000: Memory Usage (137308K) : metal5_OPC has 0 polygons
2026-08-20 17:15:37 +0000: Memory Usage (137308K) : metal5_noqrc has 0 polygons
2026-08-20 17:15:37 +0000: Memory Usage (137308K) : metal5_res has 0 polygons
2026-08-20 17:15:37 +0000: Memory Usage (137308K) : metal5_iprobe has 0 polygons
2026-08-20 17:15:37 +0000: Memory Usage (137308K) : metal5_diffprb has 0 polygons
2026-08-20 17:15:37 +0000: Memory Usage (137308K) : radhard_drw has 0 polygons
2026-08-20 17:15:37 +0000: Memory Usage (137436K) : memcap_drw has 0 polygons
2026-08-20 17:15:37 +0000: Memory Usage (137436K) : varicap_drw has 0 polygons
2026-08-20 17:15:37 +0000: Memory Usage (137436K) : intbondvia_drw has 0 polygons
2026-08-20 17:15:37 +0000: Memory Usage (137436K) : intbondmet_drw has 0 polygons
2026-08-20 17:15:37 +0000: Memory Usage (137564K) : devbondvia_drw has 0 polygons
2026-08-20 17:15:37 +0000: Memory Usage (137564K) : devbondmet_drw has 0 polygons
2026-08-20 17:15:37 +0000: Memory Usage (137564K) : devtrench_drw has 0 polygons
2026-08-20 17:15:37 +0000: Memory Usage (137564K) : redist_drw has 0 polygons
2026-08-20 17:15:37 +0000: Memory Usage (137692K) : graphbot_drw has 0 polygons
2026-08-20 17:15:37 +0000: Memory Usage (137692K) : graphtop_drw has 0 polygons
2026-08-20 17:15:37 +0000: Memory Usage (137692K) : antvia1_drw has 0 polygons
2026-08-20 17:15:37 +0000: Memory Usage (137692K) : antmetal2_drw has 0 polygons
2026-08-20 17:15:37 +0000: Memory Usage (137692K) : graphcont_drw has 0 polygons
2026-08-20 17:15:37 +0000: Memory Usage (137692K) : siwg_drw has 0 polygons
2026-08-20 17:15:37 +0000: Memory Usage (137692K) : siwg_filler has 0 polygons
2026-08-20 17:15:37 +0000: Memory Usage (137820K) : siwg_nofill has 0 polygons
2026-08-20 17:15:37 +0000: Memory Usage (137820K) : sigrating_drw has 0 polygons
2026-08-20 17:15:37 +0000: Memory Usage (137820K) : singrating_drw has 0 polygons
2026-08-20 17:15:37 +0000: Memory Usage (137820K) : graphpas_drw has 0 polygons
2026-08-20 17:15:37 +0000: Memory Usage (137820K) : emwind3_drw has 0 polygons
2026-08-20 17:15:37 +0000: Memory Usage (137948K) : emwihv3_drw has 0 polygons
2026-08-20 17:15:37 +0000: Memory Usage (137948K) : redbulay_drw has 0 polygons
2026-08-20 17:15:37 +0000: Memory Usage (137948K) : smos_drw has 0 polygons
2026-08-20 17:15:37 +0000: Memory Usage (137948K) : graphpad_drw has 0 polygons
2026-08-20 17:15:37 +0000: Memory Usage (137948K) : polimide_drw has 0 polygons
2026-08-20 17:15:37 +0000: Memory Usage (138076K) : polimide_pin has 0 polygons
2026-08-20 17:15:37 +0000: Memory Usage (138076K) : recog_drw has 1 polygons
2026-08-20 17:15:37 +0000: Memory Usage (138076K) : recog_pin has 0 polygons
2026-08-20 17:15:37 +0000: Memory Usage (138076K) : recog_esd has 5 polygons
2026-08-20 17:15:37 +0000: Memory Usage (138204K) : recog_diode has 0 polygons
2026-08-20 17:15:37 +0000: Memory Usage (138204K) : recog_tsv has 0 polygons
2026-08-20 17:15:37 +0000: Memory Usage (138204K) : recog_iprobe has 0 polygons
2026-08-20 17:15:37 +0000: Memory Usage (138204K) : recog_diffprb has 0 polygons
2026-08-20 17:15:37 +0000: Memory Usage (138332K) : recog_pillar has 0 polygons
2026-08-20 17:15:37 +0000: Memory Usage (138332K) : recog_sbump has 0 polygons
2026-08-20 17:15:37 +0000: Memory Usage (138332K) : recog_otp has 0 polygons
2026-08-20 17:15:37 +0000: Memory Usage (138332K) : recog_pdiode has 0 polygons
2026-08-20 17:15:37 +0000: Memory Usage (138332K) : recog_mom has 0 polygons
2026-08-20 17:15:37 +0000: Memory Usage (138460K) : recog_momf has 0 polygons
2026-08-20 17:15:37 +0000: Memory Usage (138460K) : recog_pcm has 0 polygons
2026-08-20 17:15:37 +0000: Memory Usage (138460K) : colopen_drw has 0 polygons
2026-08-20 17:15:37 +0000: Memory Usage (138460K) : graphmetal1_drw has 0 polygons
2026-08-20 17:15:37 +0000: Memory Usage (138588K) : graphmetal1_filler has 0 polygons
2026-08-20 17:15:37 +0000: Memory Usage (138588K) : graphmetal1_nofill has 0 polygons
2026-08-20 17:15:37 +0000: Memory Usage (138588K) : graphmetal1_slit has 0 polygons
2026-08-20 17:15:37 +0000: Memory Usage (138716K) : graphmetal1_OPC has 0 polygons
2026-08-20 17:15:37 +0000: Memory Usage (138716K) : graphmet1l_drw has 0 polygons
2026-08-20 17:15:37 +0000: Memory Usage (138716K) : graphmet1l_filler has 0 polygons
2026-08-20 17:15:37 +0000: Memory Usage (138716K) : graphmet1l_nofill has 0 polygons
2026-08-20 17:15:37 +0000: Memory Usage (138844K) : graphmet1l_slit has 0 polygons
2026-08-20 17:15:37 +0000: Memory Usage (138844K) : graphmet1l_OPC has 0 polygons
2026-08-20 17:15:37 +0000: Memory Usage (138844K) : extblock_drw has 6 polygons
2026-08-20 17:15:37 +0000: Memory Usage (138844K) : nldd_drw has 0 polygons
2026-08-20 17:15:37 +0000: Memory Usage (138844K) : pldd_drw has 0 polygons
2026-08-20 17:15:37 +0000: Memory Usage (138972K) : next_drw has 0 polygons
2026-08-20 17:15:37 +0000: Memory Usage (138972K) : pext_drw has 0 polygons
2026-08-20 17:15:37 +0000: Memory Usage (138972K) : nexthv_drw has 0 polygons
2026-08-20 17:15:37 +0000: Memory Usage (138972K) : pexthv_drw has 0 polygons
2026-08-20 17:15:37 +0000: Memory Usage (138972K) : graphgate_drw has 0 polygons
2026-08-20 17:15:37 +0000: Memory Usage (138972K) : sinwg_drw has 0 polygons
2026-08-20 17:15:37 +0000: Memory Usage (139100K) : sinwg_filler has 0 polygons
2026-08-20 17:15:37 +0000: Memory Usage (139100K) : sinwg_nofill has 0 polygons
2026-08-20 17:15:37 +0000: Memory Usage (139100K) : mempad_drw has 0 polygons
2026-08-20 17:15:37 +0000: Memory Usage (139100K) : topvia1_drw has 483 polygons
2026-08-20 17:15:37 +0000: Memory Usage (139100K) : topmetal1_drw has 70 polygons
2026-08-20 17:15:37 +0000: Memory Usage (139228K) : topmetal1_filler has 0 polygons
2026-08-20 17:15:37 +0000: Memory Usage (139228K) : topmetal1_slit has 0 polygons
2026-08-20 17:15:37 +0000: Memory Usage (139228K) : topmetal1 has 70 polygons
2026-08-20 17:15:37 +0000: Memory Usage (139228K) : topmetal1_pin has 0 polygons
2026-08-20 17:15:37 +0000: Memory Usage (139228K) : topmetal1_mask has 0 polygons
2026-08-20 17:15:37 +0000: Memory Usage (139356K) : topmetal1_nofill has 2 polygons
2026-08-20 17:15:37 +0000: Memory Usage (139356K) : topmetal1_text has 0 polygons
2026-08-20 17:15:37 +0000: Memory Usage (139356K) : topmetal1_noqrc has 0 polygons
2026-08-20 17:15:37 +0000: Memory Usage (139356K) : topmetal1_res has 0 polygons
2026-08-20 17:15:37 +0000: Memory Usage (139484K) : topmetal1_iprobe has 0 polygons
2026-08-20 17:15:37 +0000: Memory Usage (139484K) : topmetal1_diffprb has 0 polygons
2026-08-20 17:15:37 +0000: Memory Usage (139484K) : inldpwl_drw has 0 polygons
2026-08-20 17:15:37 +0000: Memory Usage (139484K) : polyres_drw has 2 polygons
2026-08-20 17:15:37 +0000: Memory Usage (139612K) : polyres_pin has 0 polygons
2026-08-20 17:15:37 +0000: Memory Usage (139612K) : vmim_drw has 0 polygons
2026-08-20 17:15:37 +0000: Memory Usage (139612K) : nbulaycut_drw has 0 polygons
2026-08-20 17:15:37 +0000: Memory Usage (139612K) : antmetal1_drw has 0 polygons
2026-08-20 17:15:37 +0000: Memory Usage (139740K) : topvia2_drw has 233 polygons
2026-08-20 17:15:37 +0000: Memory Usage (139868K) : topmetal2_drw has 64 polygons
2026-08-20 17:15:37 +0000: Memory Usage (139996K) : topmetal2_filler has 0 polygons
2026-08-20 17:15:37 +0000: Memory Usage (139996K) : topmetal2_slit has 0 polygons
2026-08-20 17:15:37 +0000: Memory Usage (139996K) : topmetal2 has 64 polygons
2026-08-20 17:15:37 +0000: Memory Usage (139996K) : topmetal2_pin has 4 polygons
2026-08-20 17:15:37 +0000: Memory Usage (140124K) : topmetal2_mask has 0 polygons
2026-08-20 17:15:37 +0000: Memory Usage (140124K) : topmetal2_nofill has 2 polygons
2026-08-20 17:15:37 +0000: Memory Usage (140124K) : topmetal2_text has 8 polygons
2026-08-20 17:15:37 +0000: Memory Usage (140124K) : topmetal2_noqrc has 0 polygons
2026-08-20 17:15:37 +0000: Memory Usage (140252K) : topmetal2_res has 0 polygons
2026-08-20 17:15:37 +0000: Memory Usage (140252K) : topmetal2_iprobe has 0 polygons
2026-08-20 17:15:37 +0000: Memory Usage (140252K) : topmetal2_diffprb has 0 polygons
2026-08-20 17:15:37 +0000: Memory Usage (140252K) : snsring_drw has 0 polygons
2026-08-20 17:15:37 +0000: Memory Usage (140380K) : sensor_drw has 0 polygons
2026-08-20 17:15:37 +0000: Memory Usage (140380K) : snsarms_drw has 0 polygons
2026-08-20 17:15:37 +0000: Memory Usage (140380K) : snscmosvia_drw has 0 polygons
2026-08-20 17:15:37 +0000: Memory Usage (140380K) : colwind_drw has 0 polygons
2026-08-20 17:15:37 +0000: Memory Usage (140508K) : flm_drw has 0 polygons
2026-08-20 17:15:37 +0000: Memory Usage (140508K) : hafniumox_drw has 0 polygons
2026-08-20 17:15:37 +0000: Memory Usage (140636K) : memvia_drw has 0 polygons
2026-08-20 17:15:37 +0000: Memory Usage (140636K) : thinfilmres_drw has 0 polygons
2026-08-20 17:15:37 +0000: Memory Usage (140636K) : rfmem_drw has 0 polygons
2026-08-20 17:15:37 +0000: Memory Usage (140636K) : norcx_drw has 2 polygons
2026-08-20 17:15:37 +0000: Memory Usage (140636K) : norcx_m2m3 has 0 polygons
2026-08-20 17:15:37 +0000: Memory Usage (140636K) : norcx_m2m4 has 0 polygons
2026-08-20 17:15:37 +0000: Memory Usage (140636K) : norcx_m2m5 has 0 polygons
2026-08-20 17:15:37 +0000: Memory Usage (140636K) : norcx_m2tm1 has 0 polygons
2026-08-20 17:15:37 +0000: Memory Usage (140636K) : norcx_m2tm2 has 0 polygons
2026-08-20 17:15:37 +0000: Memory Usage (140636K) : norcx_m3m4 has 0 polygons
2026-08-20 17:15:37 +0000: Memory Usage (140636K) : norcx_m3m5 has 0 polygons
2026-08-20 17:15:37 +0000: Memory Usage (140636K) : norcx_m3tm1 has 0 polygons
2026-08-20 17:15:37 +0000: Memory Usage (140636K) : norcx_m3tm2 has 0 polygons
2026-08-20 17:15:37 +0000: Memory Usage (140636K) : norcx_m4m5 has 0 polygons
2026-08-20 17:15:37 +0000: Memory Usage (140636K) : norcx_m4tm1 has 0 polygons
2026-08-20 17:15:37 +0000: Memory Usage (140636K) : norcx_m4tm2 has 0 polygons
2026-08-20 17:15:37 +0000: Memory Usage (140636K) : norcx_m5tm1 has 0 polygons
2026-08-20 17:15:37 +0000: Memory Usage (140636K) : norcx_m5tm2 has 0 polygons
2026-08-20 17:15:37 +0000: Memory Usage (140636K) : norcx_tm1tm2 has 0 polygons
2026-08-20 17:15:37 +0000: Memory Usage (140636K) : norcx_m1sub has 0 polygons
2026-08-20 17:15:37 +0000: Memory Usage (140636K) : norcx_m2sub has 0 polygons
2026-08-20 17:15:37 +0000: Memory Usage (140636K) : norcx_m3sub has 0 polygons
2026-08-20 17:15:37 +0000: Memory Usage (140636K) : norcx_m4sub has 0 polygons
2026-08-20 17:15:37 +0000: Memory Usage (140636K) : norcx_m5sub has 0 polygons
2026-08-20 17:15:37 +0000: Memory Usage (140636K) : norcx_tm1sub has 0 polygons
2026-08-20 17:15:37 +0000: Memory Usage (140636K) : norcx_tm2sub has 0 polygons
2026-08-20 17:15:37 +0000: Memory Usage (140636K) : snsbotvia_drw has 0 polygons
2026-08-20 17:15:37 +0000: Memory Usage (140636K) : snstopvia_drw has 0 polygons
2026-08-20 17:15:37 +0000: Memory Usage (140636K) : deepvia_drw has 0 polygons
2026-08-20 17:15:37 +0000: Memory Usage (140636K) : fgetch_drw has 0 polygons
2026-08-20 17:15:37 +0000: Memory Usage (140636K) : ctrgat_drw has 0 polygons
2026-08-20 17:15:37 +0000: Memory Usage (140636K) : fgimp_drw has 0 polygons
2026-08-20 17:15:37 +0000: Memory Usage (140636K) : emwihv_drw has 0 polygons
2026-08-20 17:15:37 +0000: Memory Usage (140636K) : lbe_drw has 2 polygons
2026-08-20 17:15:37 +0000: Memory Usage (140636K) : alcustop_drw has 0 polygons
2026-08-20 17:15:37 +0000: Memory Usage (140636K) : nometfiller_drw has 0 polygons
2026-08-20 17:15:37 +0000: Memory Usage (140636K) : prboundary_drw has 0 polygons
2026-08-20 17:15:37 +0000: Memory Usage (140636K) : exchange0_drw has 0 polygons
2026-08-20 17:15:37 +0000: Memory Usage (140636K) : exchange0_pin has 0 polygons
2026-08-20 17:15:37 +0000: Memory Usage (140636K) : exchange0_text has 0 polygons
2026-08-20 17:15:37 +0000: Memory Usage (140636K) : exchange1_drw has 0 polygons
2026-08-20 17:15:37 +0000: Memory Usage (140636K) : exchange1_pin has 0 polygons
2026-08-20 17:15:37 +0000: Memory Usage (140636K) : exchange1_text has 0 polygons
2026-08-20 17:15:37 +0000: Memory Usage (140636K) : exchange2_drw has 0 polygons
2026-08-20 17:15:37 +0000: Memory Usage (140636K) : exchange2_pin has 0 polygons
2026-08-20 17:15:37 +0000: Memory Usage (140636K) : exchange2_text has 0 polygons
2026-08-20 17:15:37 +0000: Memory Usage (140636K) : exchange3_drw has 0 polygons
2026-08-20 17:15:37 +0000: Memory Usage (140636K) : exchange3_pin has 0 polygons
2026-08-20 17:15:37 +0000: Memory Usage (140636K) : exchange3_text has 0 polygons
2026-08-20 17:15:37 +0000: Memory Usage (140636K) : exchange4_drw has 0 polygons
2026-08-20 17:15:37 +0000: Memory Usage (140636K) : exchange4_pin has 0 polygons
2026-08-20 17:15:37 +0000: Memory Usage (140636K) : exchange4_text has 0 polygons
2026-08-20 17:15:37 +0000: Memory Usage (140636K) : isonwell_drw has 0 polygons
2026-08-20 17:15:37 +0000: Memory Usage (140636K) : Total no. of polygons in the design is 32063
2026-08-20 17:15:37 +0000: Memory Usage (140636K) : Starting base layers derivations
2026-08-20 17:15:37 +0000: Memory Usage (140636K) : Starting general LVS derivations
2026-08-20 17:15:38 +0000: Memory Usage (145324K) : Starting MOSFET DERIVATIONS
2026-08-20 17:15:38 +0000: Memory Usage (146092K) : Starting NMOS DERIVATIONS
2026-08-20 17:15:38 +0000: Memory Usage (146092K) : Starting PMOS DERIVATIONS
2026-08-20 17:15:38 +0000: Memory Usage (146092K) : Starting RF-MOSFET DERIVATIONS
2026-08-20 17:15:38 +0000: Memory Usage (146092K) : Starting RF-NMOS DERIVATIONS
2026-08-20 17:15:38 +0000: Memory Usage (146092K) : Starting RF-PMOS DERIVATIONS
2026-08-20 17:15:38 +0000: Memory Usage (146092K) : Starting BJT DERIVATIONS
2026-08-20 17:15:38 +0000: Memory Usage (146092K) : Starting NPN-BJT DERIVATIONS
2026-08-20 17:15:38 +0000: Memory Usage (146092K) : Starting PNP-BJT DERIVATIONS
2026-08-20 17:15:38 +0000: Memory Usage (146092K) : Starting DIODE DERIVATIONS
2026-08-20 17:15:38 +0000: Memory Usage (146092K) : Starting RESISTOR DERIVATIONS
2026-08-20 17:15:38 +0000: Memory Usage (146348K) : Starting CAP DERIVATIONS
2026-08-20 17:15:39 +0000: Memory Usage (146348K) : Starting CAP_CMOM DERIVATIONS
2026-08-20 17:15:39 +0000: Memory Usage (146348K) : Starting CAP_CMOMF DERIVATIONS
2026-08-20 17:15:39 +0000: Memory Usage (146348K) : Starting ESD DERIVATIONS
2026-08-20 17:15:40 +0000: Memory Usage (146348K) : Starting Inductor DERIVATIONS
2026-08-20 17:15:40 +0000: Memory Usage (146348K) : Starting Taps DERIVATIONS
2026-08-20 17:15:40 +0000: Memory Usage (146348K) : Starting SG13G2 LVS connectivity setup
2026-08-20 17:15:40 +0000: Memory Usage (146348K) : Starting SG13G2 LVS connectivity setup (Inter-layer)
2026-08-20 17:15:40 +0000: Memory Usage (146476K) : Starting SG13G2 LVS connectivity setup (Global)
2026-08-20 17:15:40 +0000: Memory Usage (146476K) : Starting LVS MOSFET CONNECTIONS
2026-08-20 17:15:40 +0000: Memory Usage (146476K) : Starting LVS RF-MOSFET CONNECTIONS
2026-08-20 17:15:40 +0000: Memory Usage (146476K) : Starting LVS BJT CONNECTIONS
2026-08-20 17:15:40 +0000: Memory Usage (146476K) : Starting LVS DIODE CONNECTIONS
2026-08-20 17:15:40 +0000: Memory Usage (146476K) : Starting RESISTOR CONNECTIONS
2026-08-20 17:15:40 +0000: Memory Usage (146476K) : Starting LVS CAP CONNECTIONS
2026-08-20 17:15:40 +0000: Memory Usage (146476K) : Starting CAP_CMOM CONNECTIONS
2026-08-20 17:15:40 +0000: Memory Usage (146476K) : Starting CAP_CMOMF CONNECTIONS
2026-08-20 17:15:40 +0000: Memory Usage (146476K) : Starting ESD CONNECTIONS
2026-08-20 17:15:40 +0000: Memory Usage (146476K) : Starting Inductor CONNECTIONS
2026-08-20 17:15:40 +0000: Memory Usage (146476K) : Starting LVS Taps CONNECTIONS
2026-08-20 17:15:40 +0000: Memory Usage (146476K) : Starting SG13G2 LVS DEVICES EXTRACTION
2026-08-20 17:15:40 +0000: Memory Usage (146476K) : Starting MOSFET EXTRACTION
2026-08-20 17:15:40 +0000: Memory Usage (146476K) : Starting NMOS EXTRACTION
2026-08-20 17:15:40 +0000: Memory Usage (146476K) : Extraction of NMOS-LV transistor
2026-08-20 17:15:40 +0000: Memory Usage (146476K) : Extraction of NMOS-HV transistor
2026-08-20 17:15:40 +0000: Memory Usage (146476K) : Starting PMOS EXTRACTION
2026-08-20 17:15:40 +0000: Memory Usage (146476K) : Extraction of PMOS-LV transistor
2026-08-20 17:15:40 +0000: Memory Usage (146476K) : Extraction of PMOS-HV transistor
2026-08-20 17:15:40 +0000: Memory Usage (146476K) : Starting RF-MOSFET EXTRACTION
2026-08-20 17:15:40 +0000: Memory Usage (146476K) : Extraction of RF-NMOS-LV transistor
2026-08-20 17:15:40 +0000: Memory Usage (146476K) : Extraction of RF-NMOS-HV transistor
2026-08-20 17:15:40 +0000: Memory Usage (146476K) : Extraction of RF-PMOS-LV transistor
2026-08-20 17:15:40 +0000: Memory Usage (146476K) : Extraction of RF-PMOS-HV transistor
2026-08-20 17:15:40 +0000: Memory Usage (146476K) : Starting BJT EXTRACTION
2026-08-20 17:15:40 +0000: Memory Usage (146476K) : Starting NPN-BJT EXTRACTION
2026-08-20 17:15:40 +0000: Memory Usage (146476K) : Extraction of npn13G2 BJT transistor
2026-08-20 17:15:40 +0000: Memory Usage (146476K) : Extraction of npn13G2L BJT transistor
2026-08-20 17:15:40 +0000: Memory Usage (146476K) : Extraction of npn13G2V BJT transistor
2026-08-20 17:15:40 +0000: Memory Usage (146476K) : Starting PNP-BJT EXTRACTION
2026-08-20 17:15:40 +0000: Memory Usage (146476K) : Extracting pnpMPA BJT
2026-08-20 17:15:40 +0000: Memory Usage (146476K) : Starting DIODE EXTRACTION
2026-08-20 17:15:40 +0000: Memory Usage (146476K) : Extracting dantenna diode
2026-08-20 17:15:40 +0000: Memory Usage (146476K) : Extracting dpantenna diode
2026-08-20 17:15:40 +0000: Memory Usage (146476K) : Extracting schottky_nbl1 diode
2026-08-20 17:15:40 +0000: Memory Usage (146476K) : Extracting isolbox diode
2026-08-20 17:15:40 +0000: Memory Usage (146476K) : Starting RESISTOR EXTRACTION
2026-08-20 17:15:40 +0000: Memory Usage (146476K) : Extracting rsil resistor
2026-08-20 17:15:40 +0000: Memory Usage (146604K) : Extracting rppd resistor
2026-08-20 17:15:40 +0000: Memory Usage (146604K) : Extracting rhigh resistor
2026-08-20 17:15:40 +0000: Memory Usage (146604K) : Extracting res_metal1 resistor
2026-08-20 17:15:40 +0000: Memory Usage (146604K) : Extracting res_metal2 resistor
2026-08-20 17:15:40 +0000: Memory Usage (146604K) : Extracting res_metal3 resistor
2026-08-20 17:15:40 +0000: Memory Usage (146604K) : Extracting res_metal4 resistor
2026-08-20 17:15:40 +0000: Memory Usage (146604K) : Extracting res_metal5 resistor
2026-08-20 17:15:40 +0000: Memory Usage (146604K) : Extracting res_topmetal1 resistor
2026-08-20 17:15:40 +0000: Memory Usage (146604K) : Extracting res_topmetal2 resistor
2026-08-20 17:15:40 +0000: Memory Usage (146604K) : Starting CAP EXTRACTION
2026-08-20 17:15:40 +0000: Memory Usage (146604K) : Extracting cap_cmim device
2026-08-20 17:15:40 +0000: Memory Usage (146604K) : Extracting rfcmim device
2026-08-20 17:15:40 +0000: Memory Usage (146604K) : Extracting sg13_hv_svaricap varactor
2026-08-20 17:15:40 +0000: Memory Usage (146604K) : Extracting cap_cmomi device
2026-08-20 17:15:40 +0000: Memory Usage (146604K) : Extracting cap_cmomf device
2026-08-20 17:15:40 +0000: Memory Usage (146604K) : Extracting sg13_moscap_n capacitor
2026-08-20 17:15:40 +0000: Memory Usage (146604K) : Extracting sg13_moscap_p capacitor
2026-08-20 17:15:40 +0000: Memory Usage (146604K) : Starting ESD EXTRACTION
2026-08-20 17:15:40 +0000: Memory Usage (146604K) : Extracting diodevdd_2kv ESD device
2026-08-20 17:15:40 +0000: Memory Usage (146604K) : Extracting diodevdd_4kv ESD device
2026-08-20 17:15:40 +0000: Memory Usage (146604K) : Extracting diodevss_2kv ESD device
2026-08-20 17:15:40 +0000: Memory Usage (146732K) : Extracting diodevss_4kv ESD device
2026-08-20 17:15:40 +0000: Memory Usage (146732K) : Extracting idiodevdd_2kv ESD device
2026-08-20 17:15:40 +0000: Memory Usage (146732K) : Extracting idiodevdd_4kv ESD device
2026-08-20 17:15:40 +0000: Memory Usage (146732K) : Extracting idiodevss_2kv ESD device
2026-08-20 17:15:40 +0000: Memory Usage (146732K) : Extracting idiodevss_4kv ESD device
2026-08-20 17:15:40 +0000: Memory Usage (146732K) : Extracting nmoscl_2 ESD device
2026-08-20 17:15:40 +0000: Memory Usage (146732K) : Extracting nmoscl_4 ESD device
2026-08-20 17:15:40 +0000: Memory Usage (146732K) : Starting Inductor EXTRACTION
2026-08-20 17:15:40 +0000: Memory Usage (146732K) : Extracting Inductor2 device
2026-08-20 17:15:40 +0000: Memory Usage (146732K) : Extracting Inductor3 device
2026-08-20 17:15:40 +0000: Memory Usage (146732K) : Starting Taps EXTRACTION
2026-08-20 17:15:40 +0000: Memory Usage (146732K) : DISABLE_TAP_EXTRACTION is enabled: skipping ntap1/ptap1 device extraction.
2026-08-20 17:15:40 +0000: Memory Usage (146732K) : Starting SG13G2 LVS RF MOS Model Mapping
2026-08-20 17:15:40 +0000: Memory Usage (146732K) : [layout_netlist] Apply RF MOS model mapping and rfmode parameter.
2026-08-20 17:15:40 +0000: Memory Usage (146732K) : Starting SG13G2 LVS Options Preparations
2026-08-20 17:15:40 +0000: Memory Usage (146732K) : SG13G2 LVS flow: extraction -> alignment -> option preparation -> comparison.
2026-08-20 17:15:40 +0000: Memory Usage (146732K) : Starting SG13G2 LVS Alignment
2026-08-20 17:15:40 +0000: Memory Usage (146732K) : Starting SG13G2 LVS Simplification
2026-08-20 17:15:40 +0000: Memory Usage (146732K) : [layout_netlist] simplify: ENABLED
2026-08-20 17:15:40 +0000: Memory Usage (146732K) : [layout_netlist] make_top_level_pins: SKIPPED
2026-08-20 17:15:40 +0000: Memory Usage (146732K) : [layout_netlist] combine_devices: SKIPPED
2026-08-20 17:15:40 +0000: Memory Usage (146732K) : [layout_netlist] purge: SKIPPED
2026-08-20 17:15:40 +0000: Memory Usage (146732K) : [layout_netlist] purge_nets: SKIPPED
2026-08-20 17:15:40 +0000: Memory Usage (146732K) : [schematic_netlist] simplify: ENABLED
2026-08-20 17:15:40 +0000: Memory Usage (146732K) : [schematic_netlist] make_top_level_pins: SKIPPED
2026-08-20 17:15:40 +0000: Memory Usage (146732K) : [schematic_netlist] combine_devices: SKIPPED
2026-08-20 17:15:40 +0000: Memory Usage (146732K) : [schematic_netlist] purge: SKIPPED
2026-08-20 17:15:40 +0000: Memory Usage (146732K) : [schematic_netlist] purge_nets: SKIPPED
2026-08-20 17:15:40 +0000: Memory Usage (146732K) : Starting SG13G2 LVS Comparison
2026-08-20 17:15:40 +0000: Memory Usage (146860K) : xxxxxxxxxxxxxxxxxxxxxxxxxxxxxxxxxxxxxxxxxx
2026-08-20 17:15:40 +0000: Memory Usage (146860K) : ERROR : Netlists don't match
2026-08-20 17:15:40 +0000: Memory Usage (146860K) : xxxxxxxxxxxxxxxxxxxxxxxxxxxxxxxxxxxxxxxxxx
2026-08-20 17:15:40 +0000: Memory Usage (146860K) : LVS Total Run time 2.967460 seconds
