20-Aug-2026 17:32:10 | INFO    | Your Klayout version is: KLayout 0.30.5 (required >= 0.30.5)
20-Aug-2026 17:32:10 | INFO    | Running SG13G2 LVS checks on design /workspace/layout/blocks/out/driver_stage/check4/{'with_loads': True, 'with_coils': True, 'with_tapeout': False}/driver_dut.gds on cell driver_dut
20-Aug-2026 17:32:10 | ERROR   | KLayout run failed with exit code 1.
20-Aug-2026 17:32:10 | ERROR   | KLayout stderr: ERROR: Unable to open file: /workspace/layout/blocks/out/driver_stage/check4/lvs/True, (errno=2)
20-Aug-2026 17:32:10 | INFO    | ==============================================================================
20-Aug-2026 17:32:10 | INFO    | Important Summary
20-Aug-2026 17:32:10 | INFO    | +------------------+--------------------------------------------------------------+
20-Aug-2026 17:32:10 | INFO    | | Status           | UNKNOWN                                                      |
20-Aug-2026 17:32:10 | INFO    | | Mode             | COMPARE                                                      |
20-Aug-2026 17:32:10 | INFO    | | Outcome          | Comparison mode: outcome unknown (layout log not found).     |
20-Aug-2026 17:32:10 | INFO    | | Layout           | driver_dut.gds                                               |
20-Aug-2026 17:32:10 | INFO    | | Top Cell         | driver_dut                                                   |
20-Aug-2026 17:32:10 | INFO    | | Results Dir      | /workspace/layout/blocks/out/driver_stage/check4/lvs         |
20-Aug-2026 17:32:10 | INFO    | | Warnings         | 0                                                            |
20-Aug-2026 17:32:10 | INFO    | | Errors           | 2                                                            |
20-Aug-2026 17:32:10 | INFO    | | Run Time (s)     | 0.27                                                         |
20-Aug-2026 17:32:10 | INFO    | +------------------+--------------------------------------------------------------+
20-Aug-2026 17:32:10 | ERROR   | Key errors:
20-Aug-2026 17:32:10 | ERROR   |   - KLayout run failed with exit code 1.
20-Aug-2026 17:32:10 | ERROR   |   - KLayout stderr: ERROR: Unable to open file: /workspace/layout/blocks/out/driver_stage/check4/lvs/True, (errno=2)
20-Aug-2026 17:32:10 | INFO    | ==============================================================================
