$ /home/ubuntu/.local/share/ihp-eda/venv/bin/python /home/ubuntu/.local/share/ihp-eda/IHP-Open-PDK/ihp-sg13g2/libs.tech/klayout/tech/lvs/run_lvs.py --layout=/workspace/layout/blocks/out/driver_stage/check4/coils_only/driver_dut.gds --netlist=/workspace/layout/blocks/out/driver_stage/check4/coils_only/x.cdl --run_dir=/workspace/layout/blocks/out/driver_stage/check4/coils_only/lvs --run_mode=deep --topcell=driver_dut --implicit_nets=sub,sub! --ignore_top_ports_mismatch --disable_tap_extraction

--- stdout ---
2026-08-20 17:32:20 +0000: Memory Usage (129020K) : Starting running SG13G2 Klayout LVS runset on /workspace/layout/blocks/out/driver_stage/check4/coils_only/driver_dut.gds
2026-08-20 17:32:20 +0000: Memory Usage (129020K) : Ruby Version for klayout: 3.2.3
2026-08-20 17:32:20 +0000: Memory Usage (130548K) : Loading database to memory is complete.
2026-08-20 17:32:20 +0000: Memory Usage (130548K) : SG13G2 Klayout LVS runset output at: /workspace/layout/blocks/out/driver_stage/check4/coils_only/lvs/driver_dut.lvsdb
2026-08-20 17:32:20 +0000: Memory Usage (130548K) : Evaluate switches.
2026-08-20 17:32:20 +0000: Memory Usage (130548K) : Extracted netlist with net names: true
2026-08-20 17:32:20 +0000: Memory Usage (130548K) : Extracted netlist with comments in details: false
2026-08-20 17:32:20 +0000: Memory Usage (130548K) : Selected NET_ONLY option: false
2026-08-20 17:32:20 +0000: Memory Usage (130548K) : Selected LAYOUT_NETLIST option: (none)
2026-08-20 17:32:20 +0000: Memory Usage (130548K) : Selected IGNORE_TOP_PORTS_MISMATCH option: true
2026-08-20 17:32:20 +0000: Memory Usage (130548K) : Selected IMPLICIT_NETS option: sub,sub!
2026-08-20 17:32:20 +0000: Memory Usage (130548K) : Selected TOP_LVL_PINS option: false
2026-08-20 17:32:20 +0000: Memory Usage (130548K) : Selected COMBINE DEVICES option: false
2026-08-20 17:32:20 +0000: Memory Usage (130548K) : Selected PURGE option: false
2026-08-20 17:32:20 +0000: Memory Usage (130548K) : Selected PURGE_NETS option: false
2026-08-20 17:32:20 +0000: Memory Usage (130548K) : Selected SIMPLIFY option: true
2026-08-20 17:32:20 +0000: Memory Usage (130548K) : Selected SERIES_RES option: true
2026-08-20 17:32:20 +0000: Memory Usage (130548K) : Selected PARALLEL_RES option: true
2026-08-20 17:32:20 +0000: Memory Usage (130548K) : Selected DISABLE_TAP_EXTRACTION option: true
2026-08-20 17:32:20 +0000: Memory Usage (130548K) : deep  mode is enabled.
2026-08-20 17:32:20 +0000: Memory Usage (130548K) : Applying implicit connections (case-sensitive, pattern supported) for nets: sub, sub!
2026-08-20 17:32:20 +0000: Memory Usage (131780K) : Netlist file: /workspace/layout/blocks/out/driver_stage/check4/coils_only/x.cdl
2026-08-20 17:32:20 +0000: Memory Usage (131780K) : LVS extracted netlist at: /workspace/layout/blocks/out/driver_stage/check4/coils_only/lvs/driver_dut_extracted.cir
2026-08-20 17:32:20 +0000: Memory Usage (131780K) : Applying SRAM integration support.
2026-08-20 17:32:20 +0000: Memory Usage (131780K) : Starting SG13G2 LVS runset
2026-08-20 17:32:20 +0000: Memory Usage (131780K) : Read in polygons from layers.
2026-08-20 17:32:20 +0000: Memory Usage (132932K) : activ_drw has 869 polygons
2026-08-20 17:32:20 +0000: Memory Usage (132932K) : activ_filler has 0 polygons
2026-08-20 17:32:20 +0000: Memory Usage (133060K) : activ has 869 polygons
2026-08-20 17:32:20 +0000: Memory Usage (133060K) : activ_pin has 0 polygons
2026-08-20 17:32:20 +0000: Memory Usage (133060K) : activ_mask has 4 polygons
2026-08-20 17:32:20 +0000: Memory Usage (133060K) : activ_nofill has 2 polygons
2026-08-20 17:32:20 +0000: Memory Usage (133060K) : activ_OPC has 0 polygons
2026-08-20 17:32:20 +0000: Memory Usage (133060K) : activ_iOPC has 0 polygons
2026-08-20 17:32:20 +0000: Memory Usage (133060K) : activ_noqrc has 0 polygons
2026-08-20 17:32:20 +0000: Memory Usage (133060K) : biwind_drw has 0 polygons
2026-08-20 17:32:20 +0000: Memory Usage (133060K) : biwind_OPC has 0 polygons
2026-08-20 17:32:20 +0000: Memory Usage (133060K) : gatpoly_drw has 127 polygons
2026-08-20 17:32:20 +0000: Memory Usage (133060K) : gatpoly_filler has 0 polygons
2026-08-20 17:32:20 +0000: Memory Usage (133060K) : gatpoly has 127 polygons
2026-08-20 17:32:20 +0000: Memory Usage (133148K) : gatpoly_pin has 119 polygons
2026-08-20 17:32:20 +0000: Memory Usage (133660K) : gatpoly_nofill has 2 polygons
2026-08-20 17:32:20 +0000: Memory Usage (133660K) : gatpoly_OPC has 0 polygons
2026-08-20 17:32:20 +0000: Memory Usage (133660K) : gatpoly_iOPC has 0 polygons
2026-08-20 17:32:20 +0000: Memory Usage (133660K) : gatpoly_noqrc has 0 polygons
2026-08-20 17:32:20 +0000: Memory Usage (133660K) : cont_drw has 8838 polygons
2026-08-20 17:32:20 +0000: Memory Usage (133660K) : cont_OPC has 0 polygons
2026-08-20 17:32:20 +0000: Memory Usage (133660K) : nsd_drw has 0 polygons
2026-08-20 17:32:20 +0000: Memory Usage (133660K) : nsd_block has 4 polygons
2026-08-20 17:32:20 +0000: Memory Usage (133660K) : metal1_drw has 1507 polygons
2026-08-20 17:32:20 +0000: Memory Usage (133660K) : metal1_filler has 0 polygons
2026-08-20 17:32:20 +0000: Memory Usage (133660K) : metal1_slit has 0 polygons
2026-08-20 17:32:20 +0000: Memory Usage (133788K) : metal1 has 1507 polygons
2026-08-20 17:32:20 +0000: Memory Usage (133788K) : metal1_pin has 746 polygons
2026-08-20 17:32:20 +0000: Memory Usage (133788K) : metal1_mask has 0 polygons
2026-08-20 17:32:20 +0000: Memory Usage (133788K) : metal1_nofill has 2 polygons
2026-08-20 17:32:20 +0000: Memory Usage (133916K) : metal1_text has 5 polygons
2026-08-20 17:32:20 +0000: Memory Usage (133916K) : metal1_OPC has 0 polygons
2026-08-20 17:32:20 +0000: Memory Usage (133916K) : metal1_noqrc has 0 polygons
2026-08-20 17:32:20 +0000: Memory Usage (133916K) : metal1_res has 0 polygons
2026-08-20 17:32:20 +0000: Memory Usage (133916K) : metal1_iprobe has 0 polygons
2026-08-20 17:32:20 +0000: Memory Usage (133916K) : metal1_diffprb has 0 polygons
2026-08-20 17:32:20 +0000: Memory Usage (133916K) : passiv_drw has 0 polygons
2026-08-20 17:32:20 +0000: Memory Usage (134044K) : passiv_pin has 0 polygons
2026-08-20 17:32:20 +0000: Memory Usage (134044K) : passiv_sbump has 0 polygons
2026-08-20 17:32:20 +0000: Memory Usage (134044K) : passiv_pillar has 0 polygons
2026-08-20 17:32:20 +0000: Memory Usage (134172K) : passiv_pdl has 0 polygons
2026-08-20 17:32:20 +0000: Memory Usage (134172K) : metal2_drw has 512 polygons
2026-08-20 17:32:20 +0000: Memory Usage (134172K) : metal2_filler has 0 polygons
2026-08-20 17:32:20 +0000: Memory Usage (134300K) : metal2_slit has 0 polygons
2026-08-20 17:32:20 +0000: Memory Usage (134300K) : metal2 has 512 polygons
2026-08-20 17:32:20 +0000: Memory Usage (134428K) : metal2_pin has 2 polygons
2026-08-20 17:32:20 +0000: Memory Usage (134428K) : metal2_mask has 0 polygons
2026-08-20 17:32:20 +0000: Memory Usage (134428K) : metal2_nofill has 2 polygons
2026-08-20 17:32:20 +0000: Memory Usage (134428K) : metal2_text has 3 polygons
2026-08-20 17:32:20 +0000: Memory Usage (134556K) : metal2_OPC has 0 polygons
2026-08-20 17:32:20 +0000: Memory Usage (134556K) : metal2_noqrc has 0 polygons
2026-08-20 17:32:20 +0000: Memory Usage (134556K) : metal2_res has 0 polygons
2026-08-20 17:32:20 +0000: Memory Usage (134556K) : metal2_iprobe has 0 polygons
2026-08-20 17:32:20 +0000: Memory Usage (134684K) : metal2_diffprb has 0 polygons
2026-08-20 17:32:20 +0000: Memory Usage (134684K) : baspoly_drw has 0 polygons
2026-08-20 17:32:20 +0000: Memory Usage (134684K) : baspoly_pin has 0 polygons
2026-08-20 17:32:20 +0000: Memory Usage (134812K) : psd_drw has 502 polygons
2026-08-20 17:32:20 +0000: Memory Usage (134812K) : nldb_drw has 0 polygons
2026-08-20 17:32:20 +0000: Memory Usage (134812K) : digibnd_drw has 0 polygons
2026-08-20 17:32:20 +0000: Memory Usage (134812K) : via1_drw has 5760 polygons
2026-08-20 17:32:20 +0000: Memory Usage (134940K) : backmetal1_drw has 0 polygons
2026-08-20 17:32:20 +0000: Memory Usage (134940K) : backmetal1_pin has 0 polygons
2026-08-20 17:32:20 +0000: Memory Usage (134940K) : backmetal1_mask has 0 polygons
2026-08-20 17:32:20 +0000: Memory Usage (134940K) : backmetal1_filler has 0 polygons
2026-08-20 17:32:20 +0000: Memory Usage (135068K) : backmetal1_nofill has 0 polygons
2026-08-20 17:32:20 +0000: Memory Usage (135068K) : backmetal1_slit has 0 polygons
2026-08-20 17:32:20 +0000: Memory Usage (135068K) : backmetal1_text has 0 polygons
2026-08-20 17:32:20 +0000: Memory Usage (135068K) : backmetal1_OPC has 0 polygons
2026-08-20 17:32:20 +0000: Memory Usage (135196K) : backmetal1_noqrc has 0 polygons
2026-08-20 17:32:20 +0000: Memory Usage (135196K) : backmetal1_res has 0 polygons
2026-08-20 17:32:20 +0000: Memory Usage (135196K) : backmetal1_iprobe has 0 polygons
2026-08-20 17:32:20 +0000: Memory Usage (135196K) : backmetal1_diffprb has 0 polygons
2026-08-20 17:32:20 +0000: Memory Usage (135324K) : backpassiv_drw has 0 polygons
2026-08-20 17:32:20 +0000: Memory Usage (135324K) : res_drw has 2 polygons
2026-08-20 17:32:20 +0000: Memory Usage (135324K) : sram_drw has 0 polygons
2026-08-20 17:32:20 +0000: Memory Usage (135324K) : trans_drw has 2 polygons
2026-08-20 17:32:20 +0000: Memory Usage (135452K) : ind_drw has 2 polygons
2026-08-20 17:32:20 +0000: Memory Usage (135452K) : ind_pin has 4 polygons
2026-08-20 17:32:20 +0000: Memory Usage (135452K) : ind_text has 4 polygons
2026-08-20 17:32:20 +0000: Memory Usage (135452K) : salblock_drw has 0 polygons
2026-08-20 17:32:20 +0000: Memory Usage (135580K) : via2_drw has 24 polygons
2026-08-20 17:32:20 +0000: Memory Usage (135580K) : metal3_drw has 15 polygons
2026-08-20 17:32:20 +0000: Memory Usage (135580K) : metal3_filler has 0 polygons
2026-08-20 17:32:20 +0000: Memory Usage (135580K) : metal3_slit has 0 polygons
2026-08-20 17:32:20 +0000: Memory Usage (135708K) : metal3 has 15 polygons
2026-08-20 17:32:20 +0000: Memory Usage (135708K) : metal3_pin has 0 polygons
2026-08-20 17:32:20 +0000: Memory Usage (135708K) : metal3_mask has 0 polygons
2026-08-20 17:32:20 +0000: Memory Usage (135836K) : metal3_nofill has 2 polygons
2026-08-20 17:32:20 +0000: Memory Usage (135836K) : metal3_text has 0 polygons
2026-08-20 17:32:20 +0000: Memory Usage (135836K) : metal3_OPC has 0 polygons
2026-08-20 17:32:20 +0000: Memory Usage (135836K) : metal3_noqrc has 0 polygons
2026-08-20 17:32:20 +0000: Memory Usage (135836K) : metal3_res has 0 polygons
2026-08-20 17:32:20 +0000: Memory Usage (135836K) : metal3_iprobe has 0 polygons
2026-08-20 17:32:20 +0000: Memory Usage (135836K) : metal3_diffprb has 0 polygons
2026-08-20 17:32:20 +0000: Memory Usage (135836K) : nwell_drw has 0 polygons
2026-08-20 17:32:20 +0000: Memory Usage (135836K) : nwell_pin has 0 polygons
2026-08-20 17:32:20 +0000: Memory Usage (135836K) : nwell_text has 0 polygons
2026-08-20 17:32:20 +0000: Memory Usage (135836K) : nbulay_drw has 0 polygons
2026-08-20 17:32:20 +0000: Memory Usage (135836K) : nbulay_pin has 0 polygons
2026-08-20 17:32:20 +0000: Memory Usage (135836K) : nbulay_block has 0 polygons
2026-08-20 17:32:20 +0000: Memory Usage (135836K) : emwind_drw has 4 polygons
2026-08-20 17:32:20 +0000: Memory Usage (135964K) : emwind_OPC has 0 polygons
2026-08-20 17:32:20 +0000: Memory Usage (135964K) : deepco_drw has 0 polygons
2026-08-20 17:32:20 +0000: Memory Usage (135964K) : mim_drw has 0 polygons
2026-08-20 17:32:20 +0000: Memory Usage (135964K) : edgeseal_drw has 0 polygons
2026-08-20 17:32:20 +0000: Memory Usage (135964K) : substrate_drw has 500 polygons
2026-08-20 17:32:20 +0000: Memory Usage (135964K) : substrate_text has 0 polygons
2026-08-20 17:32:20 +0000: Memory Usage (136092K) : dfpad_drw has 0 polygons
2026-08-20 17:32:20 +0000: Memory Usage (136092K) : dfpad_pillar has 0 polygons
2026-08-20 17:32:20 +0000: Memory Usage (136092K) : dfpad_sbump has 0 polygons
2026-08-20 17:32:20 +0000: Memory Usage (136092K) : thickgateox_drw has 0 polygons
2026-08-20 17:32:20 +0000: Memory Usage (136092K) : pldb_drw has 0 polygons
2026-08-20 17:32:20 +0000: Memory Usage (136092K) : pwell_drw has 0 polygons
2026-08-20 17:32:20 +0000: Memory Usage (136220K) : pwell_pin has 0 polygons
2026-08-20 17:32:20 +0000: Memory Usage (136220K) : pwell_block has 2 polygons
2026-08-20 17:32:20 +0000: Memory Usage (136220K) : ic_drw has 0 polygons
2026-08-20 17:32:20 +0000: Memory Usage (136220K) : via3_drw has 33 polygons
2026-08-20 17:32:20 +0000: Memory Usage (136220K) : metal4_drw has 17 polygons
2026-08-20 17:32:20 +0000: Memory Usage (136348K) : metal4_filler has 0 polygons
2026-08-20 17:32:20 +0000: Memory Usage (136348K) : metal4_slit has 0 polygons
2026-08-20 17:32:20 +0000: Memory Usage (136348K) : metal4 has 17 polygons
2026-08-20 17:32:20 +0000: Memory Usage (136348K) : metal4_pin has 0 polygons
2026-08-20 17:32:20 +0000: Memory Usage (136348K) : metal4_mask has 0 polygons
2026-08-20 17:32:20 +0000: Memory Usage (136348K) : metal4_nofill has 2 polygons
2026-08-20 17:32:20 +0000: Memory Usage (136476K) : metal4_text has 3 polygons
2026-08-20 17:32:20 +0000: Memory Usage (136476K) : metal4_OPC has 0 polygons
2026-08-20 17:32:20 +0000: Memory Usage (136476K) : metal4_noqrc has 0 polygons
2026-08-20 17:32:20 +0000: Memory Usage (136476K) : metal4_res has 0 polygons
2026-08-20 17:32:20 +0000: Memory Usage (136476K) : metal4_iprobe has 0 polygons
2026-08-20 17:32:20 +0000: Memory Usage (136476K) : metal4_diffprb has 0 polygons
2026-08-20 17:32:20 +0000: Memory Usage (136604K) : heattrans_drw has 123 polygons
2026-08-20 17:32:20 +0000: Memory Usage (136604K) : heatres_drw has 2 polygons
2026-08-20 17:32:20 +0000: Memory Usage (136604K) : fbe_drw has 0 polygons
2026-08-20 17:32:20 +0000: Memory Usage (136604K) : empoly_drw has 0 polygons
2026-08-20 17:32:20 +0000: Memory Usage (136604K) : digisub_drw has 0 polygons
2026-08-20 17:32:20 +0000: Memory Usage (136604K) : text_drw has 635 polygons
2026-08-20 17:32:20 +0000: Memory Usage (136604K) : via4_drw has 27 polygons
2026-08-20 17:32:20 +0000: Memory Usage (136604K) : metal5_drw has 22 polygons
2026-08-20 17:32:20 +0000: Memory Usage (136732K) : metal5_filler has 0 polygons
2026-08-20 17:32:20 +0000: Memory Usage (136732K) : metal5_slit has 0 polygons
2026-08-20 17:32:20 +0000: Memory Usage (136732K) : metal5 has 22 polygons
2026-08-20 17:32:20 +0000: Memory Usage (136732K) : metal5_pin has 0 polygons
2026-08-20 17:32:20 +0000: Memory Usage (136732K) : metal5_mask has 0 polygons
2026-08-20 17:32:20 +0000: Memory Usage (136860K) : metal5_nofill has 2 polygons
2026-08-20 17:32:20 +0000: Memory Usage (136860K) : metal5_text has 2 polygons
2026-08-20 17:32:20 +0000: Memory Usage (136860K) : metal5_OPC has 0 polygons
2026-08-20 17:32:20 +0000: Memory Usage (136860K) : metal5_noqrc has 0 polygons
2026-08-20 17:32:20 +0000: Memory Usage (136860K) : metal5_res has 0 polygons
2026-08-20 17:32:20 +0000: Memory Usage (136860K) : metal5_iprobe has 0 polygons
2026-08-20 17:32:20 +0000: Memory Usage (136860K) : metal5_diffprb has 0 polygons
2026-08-20 17:32:20 +0000: Memory Usage (136988K) : radhard_drw has 0 polygons
2026-08-20 17:32:20 +0000: Memory Usage (136988K) : memcap_drw has 0 polygons
2026-08-20 17:32:20 +0000: Memory Usage (136988K) : varicap_drw has 0 polygons
2026-08-20 17:32:20 +0000: Memory Usage (136988K) : intbondvia_drw has 0 polygons
2026-08-20 17:32:20 +0000: Memory Usage (137116K) : intbondmet_drw has 0 polygons
2026-08-20 17:32:20 +0000: Memory Usage (137116K) : devbondvia_drw has 0 polygons
2026-08-20 17:32:20 +0000: Memory Usage (137116K) : devbondmet_drw has 0 polygons
2026-08-20 17:32:20 +0000: Memory Usage (137116K) : devtrench_drw has 0 polygons
2026-08-20 17:32:20 +0000: Memory Usage (137244K) : redist_drw has 0 polygons
2026-08-20 17:32:20 +0000: Memory Usage (137244K) : graphbot_drw has 0 polygons
2026-08-20 17:32:20 +0000: Memory Usage (137244K) : graphtop_drw has 0 polygons
2026-08-20 17:32:20 +0000: Memory Usage (137244K) : antvia1_drw has 0 polygons
2026-08-20 17:32:20 +0000: Memory Usage (137372K) : antmetal2_drw has 0 polygons
2026-08-20 17:32:20 +0000: Memory Usage (137372K) : graphcont_drw has 0 polygons
2026-08-20 17:32:20 +0000: Memory Usage (137372K) : siwg_drw has 0 polygons
2026-08-20 17:32:20 +0000: Memory Usage (137372K) : siwg_filler has 0 polygons
2026-08-20 17:32:20 +0000: Memory Usage (137372K) : siwg_nofill has 0 polygons
2026-08-20 17:32:20 +0000: Memory Usage (137372K) : sigrating_drw has 0 polygons
2026-08-20 17:32:20 +0000: Memory Usage (137500K) : singrating_drw has 0 polygons
2026-08-20 17:32:20 +0000: Memory Usage (137500K) : graphpas_drw has 0 polygons
2026-08-20 17:32:20 +0000: Memory Usage (137500K) : emwind3_drw has 0 polygons
2026-08-20 17:32:20 +0000: Memory Usage (137500K) : emwihv3_drw has 0 polygons
2026-08-20 17:32:20 +0000: Memory Usage (137500K) : redbulay_drw has 0 polygons
2026-08-20 17:32:20 +0000: Memory Usage (137500K) : smos_drw has 0 polygons
2026-08-20 17:32:20 +0000: Memory Usage (137628K) : graphpad_drw has 0 polygons
2026-08-20 17:32:20 +0000: Memory Usage (137628K) : polimide_drw has 0 polygons
2026-08-20 17:32:20 +0000: Memory Usage (137628K) : polimide_pin has 0 polygons
2026-08-20 17:32:20 +0000: Memory Usage (137628K) : recog_drw has 0 polygons
2026-08-20 17:32:20 +0000: Memory Usage (137628K) : recog_pin has 0 polygons
2026-08-20 17:32:20 +0000: Memory Usage (137756K) : recog_esd has 0 polygons
2026-08-20 17:32:20 +0000: Memory Usage (137756K) : recog_diode has 0 polygons
2026-08-20 17:32:20 +0000: Memory Usage (137756K) : recog_tsv has 0 polygons
2026-08-20 17:32:20 +0000: Memory Usage (137756K) : recog_iprobe has 0 polygons
2026-08-20 17:32:20 +0000: Memory Usage (137756K) : recog_diffprb has 0 polygons
2026-08-20 17:32:20 +0000: Memory Usage (137884K) : recog_pillar has 0 polygons
2026-08-20 17:32:20 +0000: Memory Usage (137884K) : recog_sbump has 0 polygons
2026-08-20 17:32:20 +0000: Memory Usage (137884K) : recog_otp has 0 polygons
2026-08-20 17:32:20 +0000: Memory Usage (137884K) : recog_pdiode has 0 polygons
2026-08-20 17:32:20 +0000: Memory Usage (137884K) : recog_mom has 0 polygons
2026-08-20 17:32:20 +0000: Memory Usage (137884K) : recog_momf has 0 polygons
2026-08-20 17:32:20 +0000: Memory Usage (138012K) : recog_pcm has 0 polygons
2026-08-20 17:32:20 +0000: Memory Usage (138012K) : colopen_drw has 0 polygons
2026-08-20 17:32:20 +0000: Memory Usage (138012K) : graphmetal1_drw has 0 polygons
2026-08-20 17:32:20 +0000: Memory Usage (138012K) : graphmetal1_filler has 0 polygons
2026-08-20 17:32:20 +0000: Memory Usage (138012K) : graphmetal1_nofill has 0 polygons
2026-08-20 17:32:20 +0000: Memory Usage (138140K) : graphmetal1_slit has 0 polygons
2026-08-20 17:32:20 +0000: Memory Usage (138140K) : graphmetal1_OPC has 0 polygons
2026-08-20 17:32:20 +0000: Memory Usage (138140K) : graphmet1l_drw has 0 polygons
2026-08-20 17:32:20 +0000: Memory Usage (138140K) : graphmet1l_filler has 0 polygons
2026-08-20 17:32:20 +0000: Memory Usage (138268K) : graphmet1l_nofill has 0 polygons
2026-08-20 17:32:20 +0000: Memory Usage (138268K) : graphmet1l_slit has 0 polygons
2026-08-20 17:32:20 +0000: Memory Usage (138268K) : graphmet1l_OPC has 0 polygons
2026-08-20 17:32:20 +0000: Memory Usage (138268K) : extblock_drw has 6 polygons
2026-08-20 17:32:20 +0000: Memory Usage (138396K) : nldd_drw has 0 polygons
2026-08-20 17:32:20 +0000: Memory Usage (138396K) : pldd_drw has 0 polygons
2026-08-20 17:32:20 +0000: Memory Usage (138396K) : next_drw has 0 polygons
2026-08-20 17:32:20 +0000: Memory Usage (138396K) : pext_drw has 0 polygons
2026-08-20 17:32:20 +0000: Memory Usage (138524K) : nexthv_drw has 0 polygons
2026-08-20 17:32:20 +0000: Memory Usage (138524K) : pexthv_drw has 0 polygons
2026-08-20 17:32:20 +0000: Memory Usage (138524K) : graphgate_drw has 0 polygons
2026-08-20 17:32:20 +0000: Memory Usage (138524K) : sinwg_drw has 0 polygons
2026-08-20 17:32:20 +0000: Memory Usage (138524K) : sinwg_filler has 0 polygons
2026-08-20 17:32:20 +0000: Memory Usage (138652K) : sinwg_nofill has 0 polygons
2026-08-20 17:32:20 +0000: Memory Usage (138652K) : mempad_drw has 0 polygons
2026-08-20 17:32:20 +0000: Memory Usage (138652K) : topvia1_drw has 3 polygons
2026-08-20 17:32:20 +0000: Memory Usage (138652K) : topmetal1_drw has 42 polygons
2026-08-20 17:32:20 +0000: Memory Usage (138652K) : topmetal1_filler has 0 polygons
2026-08-20 17:32:20 +0000: Memory Usage (138652K) : topmetal1_slit has 0 polygons
2026-08-20 17:32:20 +0000: Memory Usage (138780K) : topmetal1 has 42 polygons
2026-08-20 17:32:20 +0000: Memory Usage (138780K) : topmetal1_pin has 0 polygons
2026-08-20 17:32:20 +0000: Memory Usage (138780K) : topmetal1_mask has 0 polygons
2026-08-20 17:32:20 +0000: Memory Usage (138780K) : topmetal1_nofill has 2 polygons
2026-08-20 17:32:20 +0000: Memory Usage (138780K) : topmetal1_text has 0 polygons
2026-08-20 17:32:20 +0000: Memory Usage (138780K) : topmetal1_noqrc has 0 polygons
2026-08-20 17:32:20 +0000: Memory Usage (138908K) : topmetal1_res has 0 polygons
2026-08-20 17:32:20 +0000: Memory Usage (138908K) : topmetal1_iprobe has 0 polygons
2026-08-20 17:32:20 +0000: Memory Usage (138908K) : topmetal1_diffprb has 0 polygons
2026-08-20 17:32:20 +0000: Memory Usage (138908K) : inldpwl_drw has 0 polygons
2026-08-20 17:32:20 +0000: Memory Usage (139036K) : polyres_drw has 2 polygons
2026-08-20 17:32:20 +0000: Memory Usage (139036K) : polyres_pin has 0 polygons
2026-08-20 17:32:20 +0000: Memory Usage (139036K) : vmim_drw has 0 polygons
2026-08-20 17:32:20 +0000: Memory Usage (139036K) : nbulaycut_drw has 0 polygons
2026-08-20 17:32:20 +0000: Memory Usage (139164K) : antmetal1_drw has 0 polygons
2026-08-20 17:32:20 +0000: Memory Usage (139164K) : topvia2_drw has 37 polygons
2026-08-20 17:32:20 +0000: Memory Usage (139292K) : topmetal2_drw has 58 polygons
2026-08-20 17:32:20 +0000: Memory Usage (139292K) : topmetal2_filler has 0 polygons
2026-08-20 17:32:20 +0000: Memory Usage (139292K) : topmetal2_slit has 0 polygons
2026-08-20 17:32:20 +0000: Memory Usage (139420K) : topmetal2 has 58 polygons
2026-08-20 17:32:20 +0000: Memory Usage (139548K) : topmetal2_pin has 4 polygons
2026-08-20 17:32:20 +0000: Memory Usage (139548K) : topmetal2_mask has 0 polygons
2026-08-20 17:32:20 +0000: Memory Usage (139548K) : topmetal2_nofill has 2 polygons
2026-08-20 17:32:20 +0000: Memory Usage (139548K) : topmetal2_text has 4 polygons
2026-08-20 17:32:20 +0000: Memory Usage (139548K) : topmetal2_noqrc has 0 polygons
2026-08-20 17:32:20 +0000: Memory Usage (139676K) : topmetal2_res has 0 polygons
2026-08-20 17:32:20 +0000: Memory Usage (139676K) : topmetal2_iprobe has 0 polygons
2026-08-20 17:32:20 +0000: Memory Usage (139676K) : topmetal2_diffprb has 0 polygons
2026-08-20 17:32:20 +0000: Memory Usage (139804K) : snsring_drw has 0 polygons
2026-08-20 17:32:20 +0000: Memory Usage (139804K) : sensor_drw has 0 polygons
2026-08-20 17:32:20 +0000: Memory Usage (139804K) : snsarms_drw has 0 polygons
2026-08-20 17:32:20 +0000: Memory Usage (139804K) : snscmosvia_drw has 0 polygons
2026-08-20 17:32:20 +0000: Memory Usage (139932K) : colwind_drw has 0 polygons
2026-08-20 17:32:20 +0000: Memory Usage (139932K) : flm_drw has 0 polygons
2026-08-20 17:32:20 +0000: Memory Usage (139932K) : hafniumox_drw has 0 polygons
2026-08-20 17:32:20 +0000: Memory Usage (139932K) : memvia_drw has 0 polygons
2026-08-20 17:32:20 +0000: Memory Usage (140060K) : thinfilmres_drw has 0 polygons
2026-08-20 17:32:20 +0000: Memory Usage (140060K) : rfmem_drw has 0 polygons
2026-08-20 17:32:20 +0000: Memory Usage (140188K) : norcx_drw has 2 polygons
2026-08-20 17:32:20 +0000: Memory Usage (140188K) : norcx_m2m3 has 0 polygons
2026-08-20 17:32:20 +0000: Memory Usage (140188K) : norcx_m2m4 has 0 polygons
2026-08-20 17:32:20 +0000: Memory Usage (140188K) : norcx_m2m5 has 0 polygons
2026-08-20 17:32:20 +0000: Memory Usage (140188K) : norcx_m2tm1 has 0 polygons
2026-08-20 17:32:20 +0000: Memory Usage (140188K) : norcx_m2tm2 has 0 polygons
2026-08-20 17:32:20 +0000: Memory Usage (140188K) : norcx_m3m4 has 0 polygons
2026-08-20 17:32:20 +0000: Memory Usage (140188K) : norcx_m3m5 has 0 polygons
2026-08-20 17:32:20 +0000: Memory Usage (140188K) : norcx_m3tm1 has 0 polygons
2026-08-20 17:32:20 +0000: Memory Usage (140188K) : norcx_m3tm2 has 0 polygons
2026-08-20 17:32:20 +0000: Memory Usage (140188K) : norcx_m4m5 has 0 polygons
2026-08-20 17:32:20 +0000: Memory Usage (140188K) : norcx_m4tm1 has 0 polygons
2026-08-20 17:32:20 +0000: Memory Usage (140188K) : norcx_m4tm2 has 0 polygons
2026-08-20 17:32:20 +0000: Memory Usage (140188K) : norcx_m5tm1 has 0 polygons
2026-08-20 17:32:20 +0000: Memory Usage (140188K) : norcx_m5tm2 has 0 polygons
2026-08-20 17:32:20 +0000: Memory Usage (140188K) : norcx_tm1tm2 has 0 polygons
2026-08-20 17:32:20 +0000: Memory Usage (140188K) : norcx_m1sub has 0 polygons
2026-08-20 17:32:20 +0000: Memory Usage (140188K) : norcx_m2sub has 0 polygons
2026-08-20 17:32:20 +0000: Memory Usage (140188K) : norcx_m3sub has 0 polygons
2026-08-20 17:32:20 +0000: Memory Usage (140188K) : norcx_m4sub has 0 polygons
2026-08-20 17:32:20 +0000: Memory Usage (140188K) : norcx_m5sub has 0 polygons
2026-08-20 17:32:20 +0000: Memory Usage (140188K) : norcx_tm1sub has 0 polygons
2026-08-20 17:32:20 +0000: Memory Usage (140188K) : norcx_tm2sub has 0 polygons
2026-08-20 17:32:20 +0000: Memory Usage (140188K) : snsbotvia_drw has 0 polygons
2026-08-20 17:32:20 +0000: Memory Usage (140188K) : snstopvia_drw has 0 polygons
2026-08-20 17:32:20 +0000: Memory Usage (140188K) : deepvia_drw has 0 polygons
2026-08-20 17:32:20 +0000: Memory Usage (140188K) : fgetch_drw has 0 polygons
2026-08-20 17:32:20 +0000: Memory Usage (140188K) : ctrgat_drw has 0 polygons
2026-08-20 17:32:20 +0000: Memory Usage (140188K) : fgimp_drw has 0 polygons
2026-08-20 17:32:20 +0000: Memory Usage (140188K) : emwihv_drw has 0 polygons
2026-08-20 17:32:20 +0000: Memory Usage (140188K) : lbe_drw has 2 polygons
2026-08-20 17:32:20 +0000: Memory Usage (140188K) : alcustop_drw has 0 polygons
2026-08-20 17:32:20 +0000: Memory Usage (140188K) : nometfiller_drw has 0 polygons
2026-08-20 17:32:20 +0000: Memory Usage (140188K) : prboundary_drw has 0 polygons
2026-08-20 17:32:20 +0000: Memory Usage (140188K) : exchange0_drw has 0 polygons
2026-08-20 17:32:20 +0000: Memory Usage (140188K) : exchange0_pin has 0 polygons
2026-08-20 17:32:20 +0000: Memory Usage (140188K) : exchange0_text has 0 polygons
2026-08-20 17:32:20 +0000: Memory Usage (140188K) : exchange1_drw has 0 polygons
2026-08-20 17:32:20 +0000: Memory Usage (140188K) : exchange1_pin has 0 polygons
2026-08-20 17:32:20 +0000: Memory Usage (140188K) : exchange1_text has 0 polygons
2026-08-20 17:32:20 +0000: Memory Usage (140188K) : exchange2_drw has 0 polygons
2026-08-20 17:32:20 +0000: Memory Usage (140188K) : exchange2_pin has 0 polygons
2026-08-20 17:32:20 +0000: Memory Usage (140188K) : exchange2_text has 0 polygons
2026-08-20 17:32:20 +0000: Memory Usage (140188K) : exchange3_drw has 0 polygons
2026-08-20 17:32:20 +0000: Memory Usage (140188K) : exchange3_pin has 0 polygons
2026-08-20 17:32:20 +0000: Memory Usage (140188K) : exchange3_text has 0 polygons
2026-08-20 17:32:20 +0000: Memory Usage (140188K) : exchange4_drw has 0 polygons
2026-08-20 17:32:20 +0000: Memory Usage (140188K) : exchange4_pin has 0 polygons
2026-08-20 17:32:20 +0000: Memory Usage (140188K) : exchange4_text has 0 polygons
2026-08-20 17:32:20 +0000: Memory Usage (140188K) : isonwell_drw has 0 polygons
2026-08-20 17:32:20 +0000: Memory Usage (140188K) : Total no. of polygons in the design is 20599
2026-08-20 17:32:20 +0000: Memory Usage (140188K) : Starting base layers derivations
2026-08-20 17:32:20 +0000: Memory Usage (140188K) : Starting general LVS derivations
2026-08-20 17:32:21 +0000: Memory Usage (144348K) : Starting MOSFET DERIVATIONS
2026-08-20 17:32:21 +0000: Memory Usage (144348K) : Starting NMOS DERIVATIONS
2026-08-20 17:32:21 +0000: Memory Usage (144348K) : Starting PMOS DERIVATIONS
2026-08-20 17:32:21 +0000: Memory Usage (144348K) : Starting RF-MOSFET DERIVATIONS
2026-08-20 17:32:21 +0000: Memory Usage (144348K) : Starting RF-NMOS DERIVATIONS
2026-08-20 17:32:21 +0000: Memory Usage (144348K) : Starting RF-PMOS DERIVATIONS
2026-08-20 17:32:21 +0000: Memory Usage (144348K) : Starting BJT DERIVATIONS
2026-08-20 17:32:21 +0000: Memory Usage (144348K) : Starting NPN-BJT DERIVATIONS
2026-08-20 17:32:21 +0000: Memory Usage (144476K) : Starting PNP-BJT DERIVATIONS
2026-08-20 17:32:21 +0000: Memory Usage (144476K) : Starting DIODE DERIVATIONS
2026-08-20 17:32:21 +0000: Memory Usage (144476K) : Starting RESISTOR DERIVATIONS
2026-08-20 17:32:21 +0000: Memory Usage (144604K) : Starting CAP DERIVATIONS
2026-08-20 17:32:21 +0000: Memory Usage (144604K) : Starting CAP_CMOM DERIVATIONS
2026-08-20 17:32:21 +0000: Memory Usage (144604K) : Starting CAP_CMOMF DERIVATIONS
2026-08-20 17:32:21 +0000: Memory Usage (144604K) : Starting ESD DERIVATIONS
2026-08-20 17:32:21 +0000: Memory Usage (144732K) : Starting Inductor DERIVATIONS
2026-08-20 17:32:21 +0000: Memory Usage (144732K) : Starting Taps DERIVATIONS
2026-08-20 17:32:22 +0000: Memory Usage (144732K) : Starting SG13G2 LVS connectivity setup
2026-08-20 17:32:22 +0000: Memory Usage (144732K) : Starting SG13G2 LVS connectivity setup (Inter-layer)
2026-08-20 17:32:22 +0000: Memory Usage (144860K) : Starting SG13G2 LVS connectivity setup (Global)
2026-08-20 17:32:22 +0000: Memory Usage (144860K) : Starting LVS MOSFET CONNECTIONS
2026-08-20 17:32:22 +0000: Memory Usage (144860K) : Starting LVS RF-MOSFET CONNECTIONS
2026-08-20 17:32:22 +0000: Memory Usage (144860K) : Starting LVS BJT CONNECTIONS
2026-08-20 17:32:22 +0000: Memory Usage (144860K) : Starting LVS DIODE CONNECTIONS
2026-08-20 17:32:22 +0000: Memory Usage (144860K) : Starting RESISTOR CONNECTIONS
2026-08-20 17:32:22 +0000: Memory Usage (144860K) : Starting LVS CAP CONNECTIONS
2026-08-20 17:32:22 +0000: Memory Usage (144860K) : Starting CAP_CMOM CONNECTIONS
2026-08-20 17:32:22 +0000: Memory Usage (144860K) : Starting CAP_CMOMF CONNECTIONS
2026-08-20 17:32:22 +0000: Memory Usage (144860K) : Starting ESD CONNECTIONS
2026-08-20 17:32:22 +0000: Memory Usage (144860K) : Starting Inductor CONNECTIONS
2026-08-20 17:32:22 +0000: Memory Usage (144860K) : Starting LVS Taps CONNECTIONS
2026-08-20 17:32:22 +0000: Memory Usage (144860K) : Starting SG13G2 LVS DEVICES EXTRACTION
2026-08-20 17:32:22 +0000: Memory Usage (144860K) : Starting MOSFET EXTRACTION
2026-08-20 17:32:22 +0000: Memory Usage (144860K) : Starting NMOS EXTRACTION
2026-08-20 17:32:22 +0000: Memory Usage (144860K) : Extraction of NMOS-LV transistor
2026-08-20 17:32:22 +0000: Memory Usage (144860K) : Extraction of NMOS-HV transistor
2026-08-20 17:32:22 +0000: Memory Usage (144860K) : Starting PMOS EXTRACTION
2026-08-20 17:32:22 +0000: Memory Usage (144860K) : Extraction of PMOS-LV transistor
2026-08-20 17:32:22 +0000: Memory Usage (144860K) : Extraction of PMOS-HV transistor
2026-08-20 17:32:22 +0000: Memory Usage (144860K) : Starting RF-MOSFET EXTRACTION
2026-08-20 17:32:22 +0000: Memory Usage (144860K) : Extraction of RF-NMOS-LV transistor
2026-08-20 17:32:22 +0000: Memory Usage (144860K) : Extraction of RF-NMOS-HV transistor
2026-08-20 17:32:22 +0000: Memory Usage (144860K) : Extraction of RF-PMOS-LV transistor
2026-08-20 17:32:22 +0000: Memory Usage (144860K) : Extraction of RF-PMOS-HV transistor
2026-08-20 17:32:22 +0000: Memory Usage (144860K) : Starting BJT EXTRACTION
2026-08-20 17:32:22 +0000: Memory Usage (144860K) : Starting NPN-BJT EXTRACTION
2026-08-20 17:32:22 +0000: Memory Usage (144860K) : Extraction of npn13G2 BJT transistor
2026-08-20 17:32:22 +0000: Memory Usage (144860K) : Extraction of npn13G2L BJT transistor
2026-08-20 17:32:22 +0000: Memory Usage (144860K) : Extraction of npn13G2V BJT transistor
2026-08-20 17:32:22 +0000: Memory Usage (144860K) : Starting PNP-BJT EXTRACTION
2026-08-20 17:32:22 +0000: Memory Usage (144860K) : Extracting pnpMPA BJT
2026-08-20 17:32:22 +0000: Memory Usage (144860K) : Starting DIODE EXTRACTION
2026-08-20 17:32:22 +0000: Memory Usage (144860K) : Extracting dantenna diode
2026-08-20 17:32:22 +0000: Memory Usage (144860K) : Extracting dpantenna diode
2026-08-20 17:32:22 +0000: Memory Usage (144860K) : Extracting schottky_nbl1 diode
2026-08-20 17:32:22 +0000: Memory Usage (144860K) : Extracting isolbox diode
2026-08-20 17:32:22 +0000: Memory Usage (144860K) : Starting RESISTOR EXTRACTION
2026-08-20 17:32:22 +0000: Memory Usage (144860K) : Extracting rsil resistor
2026-08-20 17:32:22 +0000: Memory Usage (144988K) : Extracting rppd resistor
2026-08-20 17:32:22 +0000: Memory Usage (144988K) : Extracting rhigh resistor
2026-08-20 17:32:22 +0000: Memory Usage (144988K) : Extracting res_metal1 resistor
2026-08-20 17:32:22 +0000: Memory Usage (145116K) : Extracting res_metal2 resistor
2026-08-20 17:32:22 +0000: Memory Usage (145116K) : Extracting res_metal3 resistor
2026-08-20 17:32:22 +0000: Memory Usage (145116K) : Extracting res_metal4 resistor
2026-08-20 17:32:22 +0000: Memory Usage (145116K) : Extracting res_metal5 resistor
2026-08-20 17:32:22 +0000: Memory Usage (145116K) : Extracting res_topmetal1 resistor
2026-08-20 17:32:22 +0000: Memory Usage (145116K) : Extracting res_topmetal2 resistor
2026-08-20 17:32:22 +0000: Memory Usage (145116K) : Starting CAP EXTRACTION
2026-08-20 17:32:22 +0000: Memory Usage (145116K) : Extracting cap_cmim device
2026-08-20 17:32:22 +0000: Memory Usage (145116K) : Extracting rfcmim device
2026-08-20 17:32:22 +0000: Memory Usage (145116K) : Extracting sg13_hv_svaricap varactor
2026-08-20 17:32:22 +0000: Memory Usage (145116K) : Extracting cap_cmomi device
2026-08-20 17:32:22 +0000: Memory Usage (145116K) : Extracting cap_cmomf device
2026-08-20 17:32:22 +0000: Memory Usage (145116K) : Extracting sg13_moscap_n capacitor
2026-08-20 17:32:22 +0000: Memory Usage (145116K) : Extracting sg13_moscap_p capacitor
2026-08-20 17:32:22 +0000: Memory Usage (145116K) : Starting ESD EXTRACTION
2026-08-20 17:32:22 +0000: Memory Usage (145116K) : Extracting diodevdd_2kv ESD device
2026-08-20 17:32:22 +0000: Memory Usage (145116K) : Extracting diodevdd_4kv ESD device
2026-08-20 17:32:22 +0000: Memory Usage (145116K) : Extracting diodevss_2kv ESD device
2026-08-20 17:32:22 +0000: Memory Usage (145116K) : Extracting diodevss_4kv ESD device
2026-08-20 17:32:22 +0000: Memory Usage (145116K) : Extracting idiodevdd_2kv ESD device
2026-08-20 17:32:22 +0000: Memory Usage (145116K) : Extracting idiodevdd_4kv ESD device
2026-08-20 17:32:22 +0000: Memory Usage (145116K) : Extracting idiodevss_2kv ESD device
2026-08-20 17:32:22 +0000: Memory Usage (145116K) : Extracting idiodevss_4kv ESD device
2026-08-20 17:32:22 +0000: Memory Usage (145116K) : Extracting nmoscl_2 ESD device
2026-08-20 17:32:22 +0000: Memory Usage (145116K) : Extracting nmoscl_4 ESD device
2026-08-20 17:32:22 +0000: Memory Usage (145116K) : Starting Inductor EXTRACTION
2026-08-20 17:32:22 +0000: Memory Usage (145116K) : Extracting Inductor2 device
2026-08-20 17:32:22 +0000: Memory Usage (145244K) : Extracting Inductor3 device
2026-08-20 17:32:22 +0000: Memory Usage (145244K) : Starting Taps EXTRACTION
2026-08-20 17:32:22 +0000: Memory Usage (145244K) : DISABLE_TAP_EXTRACTION is enabled: skipping ntap1/ptap1 device extraction.
2026-08-20 17:32:22 +0000: Memory Usage (145244K) : Starting SG13G2 LVS RF MOS Model Mapping
2026-08-20 17:32:22 +0000: Memory Usage (145244K) : [layout_netlist] Apply RF MOS model mapping and rfmode parameter.
2026-08-20 17:32:22 +0000: Memory Usage (145244K) : Starting SG13G2 LVS Options Preparations
2026-08-20 17:32:22 +0000: Memory Usage (145244K) : SG13G2 LVS flow: extraction -> alignment -> option preparation -> comparison.
2026-08-20 17:32:22 +0000: Memory Usage (145244K) : Starting SG13G2 LVS Alignment
2026-08-20 17:32:22 +0000: Memory Usage (145372K) : Starting SG13G2 LVS Simplification
2026-08-20 17:32:22 +0000: Memory Usage (145372K) : [layout_netlist] simplify: ENABLED
2026-08-20 17:32:22 +0000: Memory Usage (145372K) : [layout_netlist] make_top_level_pins: SKIPPED
2026-08-20 17:32:22 +0000: Memory Usage (145372K) : [layout_netlist] combine_devices: SKIPPED
2026-08-20 17:32:22 +0000: Memory Usage (145372K) : [layout_netlist] purge: SKIPPED
2026-08-20 17:32:22 +0000: Memory Usage (145372K) : [layout_netlist] purge_nets: SKIPPED
2026-08-20 17:32:22 +0000: Memory Usage (145372K) : [schematic_netlist] simplify: ENABLED
2026-08-20 17:32:22 +0000: Memory Usage (145372K) : [schematic_netlist] make_top_level_pins: SKIPPED
2026-08-20 17:32:22 +0000: Memory Usage (145372K) : [schematic_netlist] combine_devices: SKIPPED
2026-08-20 17:32:22 +0000: Memory Usage (145372K) : [schematic_netlist] purge: SKIPPED
2026-08-20 17:32:22 +0000: Memory Usage (145372K) : [schematic_netlist] purge_nets: SKIPPED
2026-08-20 17:32:22 +0000: Memory Usage (145372K) : Starting SG13G2 LVS Comparison
2026-08-20 17:32:22 +0000: Memory Usage (145500K) : ==========================================
2026-08-20 17:32:22 +0000: Memory Usage (145500K) : INFO : Congratulations! Netlists match.
2026-08-20 17:32:22 +0000: Memory Usage (145500K) : ==========================================
2026-08-20 17:32:22 +0000: Memory Usage (145500K) : LVS Total Run time 1.260466 seconds

--- stderr ---
20-Aug-2026 17:32:20 | INFO    | Your Klayout version is: KLayout 0.30.5 (required >= 0.30.5)
20-Aug-2026 17:32:20 | INFO    | Running SG13G2 LVS checks on design /workspace/layout/blocks/out/driver_stage/check4/coils_only/driver_dut.gds on cell driver_dut
20-Aug-2026 17:32:22 | INFO    | ==============================================================================
20-Aug-2026 17:32:22 | INFO    | Important Summary
20-Aug-2026 17:32:22 | INFO    | +------------------+-----------------------------------------------------------------+
20-Aug-2026 17:32:22 | INFO    | | Status           | PASS                                                            |
20-Aug-2026 17:32:22 | INFO    | | Mode             | COMPARE                                                         |
20-Aug-2026 17:32:22 | INFO    | | Outcome          | Comparison mode: PASS (netlists match).                         |
20-Aug-2026 17:32:22 | INFO    | | Layout           | driver_dut.gds                                                  |
20-Aug-2026 17:32:22 | INFO    | | Top Cell         | driver_dut                                                      |
20-Aug-2026 17:32:22 | INFO    | | Results Dir      | /workspace/layout/blocks/out/driver_stage/check4/coils_only/lvs |
20-Aug-2026 17:32:22 | INFO    | | Warnings         | 0                                                               |
20-Aug-2026 17:32:22 | INFO    | | Errors           | 0                                                               |
20-Aug-2026 17:32:22 | INFO    | | Run Time (s)     | 1.583                                                           |
20-Aug-2026 17:32:22 | INFO    | +------------------+-----------------------------------------------------------------+
20-Aug-2026 17:32:22 | INFO    | ==============================================================================

