$ /home/ubuntu/.local/share/ihp-eda/venv/bin/python /home/ubuntu/.local/share/ihp-eda/IHP-Open-PDK/ihp-sg13g2/libs.tech/klayout/tech/lvs/run_lvs.py --layout=/workspace/layout/blocks/out/driver_stage/granular4/[('with_channel_supplies', False), ('with_clamp_routes', False), ('with_esd_local_bus', False)]/driver_dut.gds --netlist=/workspace/layout/blocks/out/driver_stage/granular4/[('with_channel_supplies', False), ('with_clamp_routes', False), ('with_esd_local_bus', False)]/x.cdl --run_dir=/workspace/layout/blocks/out/driver_stage/granular4/[('with_channel_supplies', False), ('with_clamp_routes', False), ('with_esd_local_bus', False)]/lvs --run_mode=deep --topcell=driver_dut --implicit_nets=sub,sub! --ignore_top_ports_mismatch --disable_tap_extraction

--- stdout ---
/bin/sh: 1: Syntax error: "(" unexpected

--- stderr ---
20-Aug-2026 17:25:24 | INFO    | Your Klayout version is: KLayout 0.30.5 (required >= 0.30.5)
20-Aug-2026 17:25:24 | INFO    | Running SG13G2 LVS checks on design /workspace/layout/blocks/out/driver_stage/granular4/[('with_channel_supplies', False), ('with_clamp_routes', False), ('with_esd_local_bus', False)]/driver_dut.gds on cell driver_dut
20-Aug-2026 17:25:24 | ERROR   | KLayout run failed with exit code 2.
20-Aug-2026 17:25:24 | INFO    | ==============================================================================
20-Aug-2026 17:25:24 | INFO    | Important Summary
20-Aug-2026 17:25:24 | INFO    | +------------------+---------------------------------------------------------------------------------------------------------------------------------------------------------+
20-Aug-2026 17:25:24 | INFO    | | Status           | UNKNOWN                                                                                                                                                 |
20-Aug-2026 17:25:24 | INFO    | | Mode             | COMPARE                                                                                                                                                 |
20-Aug-2026 17:25:24 | INFO    | | Outcome          | Comparison mode: outcome unknown (layout log not found).                                                                                                |
20-Aug-2026 17:25:24 | INFO    | | Layout           | driver_dut.gds                                                                                                                                          |
20-Aug-2026 17:25:24 | INFO    | | Top Cell         | driver_dut                                                                                                                                              |
20-Aug-2026 17:25:24 | INFO    | | Results Dir      | /workspace/layout/blocks/out/driver_stage/granular4/[('with_channel_supplies', False), ('with_clamp_routes', False), ('with_esd_local_bus', False)]/lvs |
20-Aug-2026 17:25:24 | INFO    | | Warnings         | 0                                                                                                                                                       |
20-Aug-2026 17:25:24 | INFO    | | Errors           | 1                                                                                                                                                       |
20-Aug-2026 17:25:24 | INFO    | | Run Time (s)     | 0.03                                                                                                                                                    |
20-Aug-2026 17:25:24 | INFO    | +------------------+---------------------------------------------------------------------------------------------------------------------------------------------------------+
20-Aug-2026 17:25:24 | ERROR   | Key errors:
20-Aug-2026 17:25:24 | ERROR   |   - KLayout run failed with exit code 2.
20-Aug-2026 17:25:24 | INFO    | ==============================================================================

