# Logfile created on 2026-08-20 11:09:44 +0000 by logger.rb/v1.5.3
2026-08-20 11:09:44 +0000: Memory Usage (129160K) : Starting running SG13G2 Klayout LVS runset on /workspace/layout/blocks/out/term_stage/_cmim_probe/probe_flatTrue_m5False_m3True.gds
2026-08-20 11:09:44 +0000: Memory Usage (129160K) : Ruby Version for klayout: 3.2.3
2026-08-20 11:09:44 +0000: Memory Usage (130256K) : Loading database to memory is complete.
2026-08-20 11:09:44 +0000: Memory Usage (130256K) : SG13G2 Klayout LVS runset output at: /workspace/layout/blocks/out/term_stage/_cmim_probe/lvs_flatTrue_m5False_m3True/probe_flatTrue_m5False_m3True.lvsdb
2026-08-20 11:09:44 +0000: Memory Usage (130256K) : Evaluate switches.
2026-08-20 11:09:44 +0000: Memory Usage (130256K) : Extracted netlist with net names: true
2026-08-20 11:09:44 +0000: Memory Usage (130256K) : Extracted netlist with comments in details: false
2026-08-20 11:09:44 +0000: Memory Usage (130256K) : Selected NET_ONLY option: false
2026-08-20 11:09:44 +0000: Memory Usage (130256K) : Selected LAYOUT_NETLIST option: (none)
2026-08-20 11:09:44 +0000: Memory Usage (130256K) : Selected IGNORE_TOP_PORTS_MISMATCH option: true
2026-08-20 11:09:44 +0000: Memory Usage (130256K) : Selected IMPLICIT_NETS option: sub,sub!
2026-08-20 11:09:44 +0000: Memory Usage (130256K) : Selected TOP_LVL_PINS option: false
2026-08-20 11:09:44 +0000: Memory Usage (130256K) : Selected COMBINE DEVICES option: false
2026-08-20 11:09:44 +0000: Memory Usage (130256K) : Selected PURGE option: false
2026-08-20 11:09:44 +0000: Memory Usage (130256K) : Selected PURGE_NETS option: false
2026-08-20 11:09:44 +0000: Memory Usage (130256K) : Selected SIMPLIFY option: true
2026-08-20 11:09:44 +0000: Memory Usage (130256K) : Selected SERIES_RES option: true
2026-08-20 11:09:44 +0000: Memory Usage (130256K) : Selected PARALLEL_RES option: true
2026-08-20 11:09:44 +0000: Memory Usage (130256K) : Selected DISABLE_TAP_EXTRACTION option: false
2026-08-20 11:09:44 +0000: Memory Usage (130256K) : deep  mode is enabled.
2026-08-20 11:09:44 +0000: Memory Usage (130256K) : Applying implicit connections (case-sensitive, pattern supported) for nets: sub, sub!
2026-08-20 11:09:44 +0000: Memory Usage (131508K) : Netlist file: /workspace/layout/blocks/out/term_stage/_cmim_probe/probe.cdl
2026-08-20 11:09:44 +0000: Memory Usage (131508K) : LVS extracted netlist at: /workspace/layout/blocks/out/term_stage/_cmim_probe/lvs_flatTrue_m5False_m3True/probe_flatTrue_m5False_m3True_extracted.cir
2026-08-20 11:09:44 +0000: Memory Usage (131508K) : Applying SRAM integration support.
2026-08-20 11:09:44 +0000: Memory Usage (131508K) : Starting SG13G2 LVS runset
2026-08-20 11:09:44 +0000: Memory Usage (131508K) : Read in polygons from layers.
2026-08-20 11:09:44 +0000: Memory Usage (131892K) : activ_drw has 0 polygons
2026-08-20 11:09:44 +0000: Memory Usage (131892K) : activ_filler has 0 polygons
2026-08-20 11:09:44 +0000: Memory Usage (132020K) : activ has 0 polygons
2026-08-20 11:09:44 +0000: Memory Usage (132020K) : activ_pin has 0 polygons
2026-08-20 11:09:44 +0000: Memory Usage (132020K) : activ_mask has 0 polygons
2026-08-20 11:09:44 +0000: Memory Usage (132020K) : activ_nofill has 0 polygons
2026-08-20 11:09:44 +0000: Memory Usage (132020K) : activ_OPC has 0 polygons
2026-08-20 11:09:44 +0000: Memory Usage (132020K) : activ_iOPC has 0 polygons
2026-08-20 11:09:44 +0000: Memory Usage (132020K) : activ_noqrc has 0 polygons
2026-08-20 11:09:44 +0000: Memory Usage (132020K) : biwind_drw has 0 polygons
2026-08-20 11:09:44 +0000: Memory Usage (132020K) : biwind_OPC has 0 polygons
2026-08-20 11:09:44 +0000: Memory Usage (132464K) : gatpoly_drw has 4 polygons
2026-08-20 11:09:44 +0000: Memory Usage (132464K) : gatpoly_filler has 0 polygons
2026-08-20 11:09:44 +0000: Memory Usage (132592K) : gatpoly has 4 polygons
2026-08-20 11:09:44 +0000: Memory Usage (132592K) : gatpoly_pin has 0 polygons
2026-08-20 11:09:44 +0000: Memory Usage (132592K) : gatpoly_nofill has 0 polygons
2026-08-20 11:09:44 +0000: Memory Usage (132592K) : gatpoly_OPC has 0 polygons
2026-08-20 11:09:44 +0000: Memory Usage (132592K) : gatpoly_iOPC has 0 polygons
2026-08-20 11:09:44 +0000: Memory Usage (132592K) : gatpoly_noqrc has 0 polygons
2026-08-20 11:09:44 +0000: Memory Usage (132592K) : cont_drw has 2 polygons
2026-08-20 11:09:44 +0000: Memory Usage (132592K) : cont_OPC has 0 polygons
2026-08-20 11:09:44 +0000: Memory Usage (132688K) : nsd_drw has 0 polygons
2026-08-20 11:09:44 +0000: Memory Usage (133200K) : nsd_block has 0 polygons
2026-08-20 11:09:44 +0000: Memory Usage (133200K) : metal1_drw has 4 polygons
2026-08-20 11:09:44 +0000: Memory Usage (133200K) : metal1_filler has 0 polygons
2026-08-20 11:09:44 +0000: Memory Usage (133200K) : metal1_slit has 0 polygons
2026-08-20 11:09:44 +0000: Memory Usage (133200K) : metal1 has 4 polygons
2026-08-20 11:09:44 +0000: Memory Usage (133200K) : metal1_pin has 2 polygons
2026-08-20 11:09:44 +0000: Memory Usage (133200K) : metal1_mask has 0 polygons
2026-08-20 11:09:44 +0000: Memory Usage (133200K) : metal1_nofill has 0 polygons
2026-08-20 11:09:44 +0000: Memory Usage (133328K) : metal1_text has 0 polygons
2026-08-20 11:09:44 +0000: Memory Usage (133328K) : metal1_OPC has 0 polygons
2026-08-20 11:09:44 +0000: Memory Usage (133328K) : metal1_noqrc has 0 polygons
2026-08-20 11:09:44 +0000: Memory Usage (133328K) : metal1_res has 0 polygons
2026-08-20 11:09:44 +0000: Memory Usage (133328K) : metal1_iprobe has 0 polygons
2026-08-20 11:09:44 +0000: Memory Usage (133328K) : metal1_diffprb has 0 polygons
2026-08-20 11:09:44 +0000: Memory Usage (133328K) : passiv_drw has 0 polygons
2026-08-20 11:09:44 +0000: Memory Usage (133328K) : passiv_pin has 0 polygons
2026-08-20 11:09:44 +0000: Memory Usage (133328K) : passiv_sbump has 0 polygons
2026-08-20 11:09:44 +0000: Memory Usage (133328K) : passiv_pillar has 0 polygons
2026-08-20 11:09:44 +0000: Memory Usage (133328K) : passiv_pdl has 0 polygons
2026-08-20 11:09:44 +0000: Memory Usage (133328K) : metal2_drw has 1 polygons
2026-08-20 11:09:44 +0000: Memory Usage (133328K) : metal2_filler has 0 polygons
2026-08-20 11:09:44 +0000: Memory Usage (133328K) : metal2_slit has 0 polygons
2026-08-20 11:09:44 +0000: Memory Usage (133328K) : metal2 has 1 polygons
2026-08-20 11:09:44 +0000: Memory Usage (133456K) : metal2_pin has 0 polygons
2026-08-20 11:09:44 +0000: Memory Usage (133456K) : metal2_mask has 0 polygons
2026-08-20 11:09:44 +0000: Memory Usage (133456K) : metal2_nofill has 0 polygons
2026-08-20 11:09:44 +0000: Memory Usage (133584K) : metal2_text has 0 polygons
2026-08-20 11:09:44 +0000: Memory Usage (133584K) : metal2_OPC has 0 polygons
2026-08-20 11:09:44 +0000: Memory Usage (133584K) : metal2_noqrc has 0 polygons
2026-08-20 11:09:44 +0000: Memory Usage (133712K) : metal2_res has 0 polygons
2026-08-20 11:09:44 +0000: Memory Usage (133712K) : metal2_iprobe has 0 polygons
2026-08-20 11:09:44 +0000: Memory Usage (133712K) : metal2_diffprb has 0 polygons
2026-08-20 11:09:44 +0000: Memory Usage (133712K) : baspoly_drw has 0 polygons
2026-08-20 11:09:44 +0000: Memory Usage (133840K) : baspoly_pin has 0 polygons
2026-08-20 11:09:44 +0000: Memory Usage (133840K) : psd_drw has 3 polygons
2026-08-20 11:09:44 +0000: Memory Usage (133840K) : nldb_drw has 0 polygons
2026-08-20 11:09:44 +0000: Memory Usage (133840K) : digibnd_drw has 0 polygons
2026-08-20 11:09:44 +0000: Memory Usage (133968K) : via1_drw has 4 polygons
2026-08-20 11:09:44 +0000: Memory Usage (133968K) : backmetal1_drw has 0 polygons
2026-08-20 11:09:44 +0000: Memory Usage (133968K) : backmetal1_pin has 0 polygons
2026-08-20 11:09:44 +0000: Memory Usage (133968K) : backmetal1_mask has 0 polygons
2026-08-20 11:09:44 +0000: Memory Usage (134096K) : backmetal1_filler has 0 polygons
2026-08-20 11:09:44 +0000: Memory Usage (134096K) : backmetal1_nofill has 0 polygons
2026-08-20 11:09:44 +0000: Memory Usage (134096K) : backmetal1_slit has 0 polygons
2026-08-20 11:09:44 +0000: Memory Usage (134096K) : backmetal1_text has 0 polygons
2026-08-20 11:09:44 +0000: Memory Usage (134224K) : backmetal1_OPC has 0 polygons
2026-08-20 11:09:44 +0000: Memory Usage (134224K) : backmetal1_noqrc has 0 polygons
2026-08-20 11:09:44 +0000: Memory Usage (134224K) : backmetal1_res has 0 polygons
2026-08-20 11:09:44 +0000: Memory Usage (134352K) : backmetal1_iprobe has 0 polygons
2026-08-20 11:09:44 +0000: Memory Usage (134352K) : backmetal1_diffprb has 0 polygons
2026-08-20 11:09:44 +0000: Memory Usage (134352K) : backpassiv_drw has 0 polygons
2026-08-20 11:09:44 +0000: Memory Usage (134352K) : res_drw has 0 polygons
2026-08-20 11:09:44 +0000: Memory Usage (134480K) : sram_drw has 0 polygons
2026-08-20 11:09:44 +0000: Memory Usage (134480K) : trans_drw has 0 polygons
2026-08-20 11:09:44 +0000: Memory Usage (134480K) : ind_drw has 0 polygons
2026-08-20 11:09:44 +0000: Memory Usage (134480K) : ind_pin has 0 polygons
2026-08-20 11:09:44 +0000: Memory Usage (134480K) : ind_text has 0 polygons
2026-08-20 11:09:44 +0000: Memory Usage (134608K) : salblock_drw has 1 polygons
2026-08-20 11:09:44 +0000: Memory Usage (134608K) : via2_drw has 4 polygons
2026-08-20 11:09:44 +0000: Memory Usage (134608K) : metal3_drw has 3 polygons
2026-08-20 11:09:44 +0000: Memory Usage (134608K) : metal3_filler has 0 polygons
2026-08-20 11:09:44 +0000: Memory Usage (134736K) : metal3_slit has 0 polygons
2026-08-20 11:09:44 +0000: Memory Usage (134736K) : metal3 has 3 polygons
2026-08-20 11:09:44 +0000: Memory Usage (134736K) : metal3_pin has 0 polygons
2026-08-20 11:09:44 +0000: Memory Usage (134864K) : metal3_mask has 0 polygons
2026-08-20 11:09:44 +0000: Memory Usage (134864K) : metal3_nofill has 0 polygons
2026-08-20 11:09:44 +0000: Memory Usage (134992K) : metal3_text has 1 polygons
2026-08-20 11:09:44 +0000: Memory Usage (134992K) : metal3_OPC has 0 polygons
2026-08-20 11:09:44 +0000: Memory Usage (135120K) : metal3_noqrc has 0 polygons
2026-08-20 11:09:44 +0000: Memory Usage (135120K) : metal3_res has 0 polygons
2026-08-20 11:09:44 +0000: Memory Usage (135120K) : metal3_iprobe has 0 polygons
2026-08-20 11:09:44 +0000: Memory Usage (135120K) : metal3_diffprb has 0 polygons
2026-08-20 11:09:44 +0000: Memory Usage (135120K) : nwell_drw has 0 polygons
2026-08-20 11:09:44 +0000: Memory Usage (135120K) : nwell_pin has 0 polygons
2026-08-20 11:09:44 +0000: Memory Usage (135120K) : nwell_text has 0 polygons
2026-08-20 11:09:44 +0000: Memory Usage (135120K) : nbulay_drw has 0 polygons
2026-08-20 11:09:44 +0000: Memory Usage (135120K) : nbulay_pin has 0 polygons
2026-08-20 11:09:44 +0000: Memory Usage (135120K) : nbulay_block has 0 polygons
2026-08-20 11:09:44 +0000: Memory Usage (135120K) : emwind_drw has 0 polygons
2026-08-20 11:09:44 +0000: Memory Usage (135120K) : emwind_OPC has 0 polygons
2026-08-20 11:09:44 +0000: Memory Usage (135248K) : deepco_drw has 0 polygons
2026-08-20 11:09:44 +0000: Memory Usage (135248K) : mim_drw has 1 polygons
2026-08-20 11:09:44 +0000: Memory Usage (135248K) : edgeseal_drw has 0 polygons
2026-08-20 11:09:44 +0000: Memory Usage (135248K) : substrate_drw has 0 polygons
2026-08-20 11:09:44 +0000: Memory Usage (135248K) : substrate_text has 0 polygons
2026-08-20 11:09:44 +0000: Memory Usage (135248K) : dfpad_drw has 0 polygons
2026-08-20 11:09:44 +0000: Memory Usage (135376K) : dfpad_pillar has 0 polygons
2026-08-20 11:09:44 +0000: Memory Usage (135376K) : dfpad_sbump has 0 polygons
2026-08-20 11:09:44 +0000: Memory Usage (135376K) : thickgateox_drw has 0 polygons
2026-08-20 11:09:44 +0000: Memory Usage (135376K) : pldb_drw has 0 polygons
2026-08-20 11:09:44 +0000: Memory Usage (135376K) : pwell_drw has 0 polygons
2026-08-20 11:09:44 +0000: Memory Usage (135504K) : pwell_pin has 0 polygons
2026-08-20 11:09:44 +0000: Memory Usage (135504K) : pwell_block has 0 polygons
2026-08-20 11:09:44 +0000: Memory Usage (135504K) : ic_drw has 0 polygons
2026-08-20 11:09:44 +0000: Memory Usage (135504K) : via3_drw has 0 polygons
2026-08-20 11:09:44 +0000: Memory Usage (135504K) : metal4_drw has 1 polygons
2026-08-20 11:09:44 +0000: Memory Usage (135504K) : metal4_filler has 0 polygons
2026-08-20 11:09:44 +0000: Memory Usage (135632K) : metal4_slit has 0 polygons
2026-08-20 11:09:44 +0000: Memory Usage (135632K) : metal4 has 1 polygons
2026-08-20 11:09:44 +0000: Memory Usage (135632K) : metal4_pin has 0 polygons
2026-08-20 11:09:44 +0000: Memory Usage (135632K) : metal4_mask has 0 polygons
2026-08-20 11:09:44 +0000: Memory Usage (135632K) : metal4_nofill has 0 polygons
2026-08-20 11:09:44 +0000: Memory Usage (135632K) : metal4_text has 0 polygons
2026-08-20 11:09:44 +0000: Memory Usage (135760K) : metal4_OPC has 0 polygons
2026-08-20 11:09:44 +0000: Memory Usage (135760K) : metal4_noqrc has 0 polygons
2026-08-20 11:09:44 +0000: Memory Usage (135760K) : metal4_res has 0 polygons
2026-08-20 11:09:44 +0000: Memory Usage (135760K) : metal4_iprobe has 0 polygons
2026-08-20 11:09:44 +0000: Memory Usage (135760K) : metal4_diffprb has 0 polygons
2026-08-20 11:09:44 +0000: Memory Usage (135760K) : heattrans_drw has 0 polygons
2026-08-20 11:09:44 +0000: Memory Usage (135888K) : heatres_drw has 1 polygons
2026-08-20 11:09:44 +0000: Memory Usage (135888K) : fbe_drw has 0 polygons
2026-08-20 11:09:44 +0000: Memory Usage (135888K) : empoly_drw has 0 polygons
2026-08-20 11:09:44 +0000: Memory Usage (135888K) : digisub_drw has 0 polygons
2026-08-20 11:09:44 +0000: Memory Usage (135888K) : text_drw has 3 polygons
2026-08-20 11:09:44 +0000: Memory Usage (135888K) : via4_drw has 4 polygons
2026-08-20 11:09:44 +0000: Memory Usage (136016K) : metal5_drw has 5 polygons
2026-08-20 11:09:44 +0000: Memory Usage (136016K) : metal5_filler has 0 polygons
2026-08-20 11:09:44 +0000: Memory Usage (136016K) : metal5_slit has 0 polygons
2026-08-20 11:09:44 +0000: Memory Usage (136016K) : metal5 has 5 polygons
2026-08-20 11:09:44 +0000: Memory Usage (136016K) : metal5_pin has 0 polygons
2026-08-20 11:09:44 +0000: Memory Usage (136016K) : metal5_mask has 0 polygons
2026-08-20 11:09:44 +0000: Memory Usage (136144K) : metal5_nofill has 0 polygons
2026-08-20 11:09:44 +0000: Memory Usage (136144K) : metal5_text has 0 polygons
2026-08-20 11:09:44 +0000: Memory Usage (136144K) : metal5_OPC has 0 polygons
2026-08-20 11:09:44 +0000: Memory Usage (136144K) : metal5_noqrc has 0 polygons
2026-08-20 11:09:44 +0000: Memory Usage (136144K) : metal5_res has 0 polygons
2026-08-20 11:09:44 +0000: Memory Usage (136144K) : metal5_iprobe has 0 polygons
2026-08-20 11:09:44 +0000: Memory Usage (136272K) : metal5_diffprb has 0 polygons
2026-08-20 11:09:44 +0000: Memory Usage (136272K) : radhard_drw has 0 polygons
2026-08-20 11:09:44 +0000: Memory Usage (136272K) : memcap_drw has 0 polygons
2026-08-20 11:09:44 +0000: Memory Usage (136272K) : varicap_drw has 0 polygons
2026-08-20 11:09:44 +0000: Memory Usage (136272K) : intbondvia_drw has 0 polygons
2026-08-20 11:09:44 +0000: Memory Usage (136272K) : intbondmet_drw has 0 polygons
2026-08-20 11:09:44 +0000: Memory Usage (136400K) : devbondvia_drw has 0 polygons
2026-08-20 11:09:44 +0000: Memory Usage (136400K) : devbondmet_drw has 0 polygons
2026-08-20 11:09:44 +0000: Memory Usage (136400K) : devtrench_drw has 0 polygons
2026-08-20 11:09:44 +0000: Memory Usage (136400K) : redist_drw has 0 polygons
2026-08-20 11:09:44 +0000: Memory Usage (136400K) : graphbot_drw has 0 polygons
2026-08-20 11:09:44 +0000: Memory Usage (136400K) : graphtop_drw has 0 polygons
2026-08-20 11:09:44 +0000: Memory Usage (136528K) : antvia1_drw has 0 polygons
2026-08-20 11:09:44 +0000: Memory Usage (136528K) : antmetal2_drw has 0 polygons
2026-08-20 11:09:44 +0000: Memory Usage (136528K) : graphcont_drw has 0 polygons
2026-08-20 11:09:44 +0000: Memory Usage (136528K) : siwg_drw has 0 polygons
2026-08-20 11:09:44 +0000: Memory Usage (136528K) : siwg_filler has 0 polygons
2026-08-20 11:09:44 +0000: Memory Usage (136528K) : siwg_nofill has 0 polygons
2026-08-20 11:09:44 +0000: Memory Usage (136656K) : sigrating_drw has 0 polygons
2026-08-20 11:09:44 +0000: Memory Usage (136656K) : singrating_drw has 0 polygons
2026-08-20 11:09:44 +0000: Memory Usage (136656K) : graphpas_drw has 0 polygons
2026-08-20 11:09:44 +0000: Memory Usage (136656K) : emwind3_drw has 0 polygons
2026-08-20 11:09:44 +0000: Memory Usage (136656K) : emwihv3_drw has 0 polygons
2026-08-20 11:09:44 +0000: Memory Usage (136656K) : redbulay_drw has 0 polygons
2026-08-20 11:09:44 +0000: Memory Usage (136656K) : smos_drw has 0 polygons
2026-08-20 11:09:44 +0000: Memory Usage (136784K) : graphpad_drw has 0 polygons
2026-08-20 11:09:44 +0000: Memory Usage (136784K) : polimide_drw has 0 polygons
2026-08-20 11:09:44 +0000: Memory Usage (136784K) : polimide_pin has 0 polygons
2026-08-20 11:09:44 +0000: Memory Usage (136784K) : recog_drw has 0 polygons
2026-08-20 11:09:44 +0000: Memory Usage (136784K) : recog_pin has 0 polygons
2026-08-20 11:09:44 +0000: Memory Usage (136784K) : recog_esd has 0 polygons
2026-08-20 11:09:44 +0000: Memory Usage (136912K) : recog_diode has 0 polygons
2026-08-20 11:09:44 +0000: Memory Usage (136912K) : recog_tsv has 0 polygons
2026-08-20 11:09:44 +0000: Memory Usage (136912K) : recog_iprobe has 0 polygons
2026-08-20 11:09:44 +0000: Memory Usage (136912K) : recog_diffprb has 0 polygons
2026-08-20 11:09:44 +0000: Memory Usage (136912K) : recog_pillar has 0 polygons
2026-08-20 11:09:44 +0000: Memory Usage (137040K) : recog_sbump has 0 polygons
2026-08-20 11:09:44 +0000: Memory Usage (137040K) : recog_otp has 0 polygons
2026-08-20 11:09:44 +0000: Memory Usage (137040K) : recog_pdiode has 0 polygons
2026-08-20 11:09:44 +0000: Memory Usage (137040K) : recog_mom has 0 polygons
2026-08-20 11:09:44 +0000: Memory Usage (137040K) : recog_momf has 0 polygons
2026-08-20 11:09:44 +0000: Memory Usage (137040K) : recog_pcm has 0 polygons
2026-08-20 11:09:44 +0000: Memory Usage (137168K) : colopen_drw has 0 polygons
2026-08-20 11:09:44 +0000: Memory Usage (137168K) : graphmetal1_drw has 0 polygons
2026-08-20 11:09:44 +0000: Memory Usage (137168K) : graphmetal1_filler has 0 polygons
2026-08-20 11:09:44 +0000: Memory Usage (137168K) : graphmetal1_nofill has 0 polygons
2026-08-20 11:09:44 +0000: Memory Usage (137168K) : graphmetal1_slit has 0 polygons
2026-08-20 11:09:44 +0000: Memory Usage (137168K) : graphmetal1_OPC has 0 polygons
2026-08-20 11:09:44 +0000: Memory Usage (137296K) : graphmet1l_drw has 0 polygons
2026-08-20 11:09:44 +0000: Memory Usage (137296K) : graphmet1l_filler has 0 polygons
2026-08-20 11:09:44 +0000: Memory Usage (137296K) : graphmet1l_nofill has 0 polygons
2026-08-20 11:09:44 +0000: Memory Usage (137296K) : graphmet1l_slit has 0 polygons
2026-08-20 11:09:44 +0000: Memory Usage (137296K) : graphmet1l_OPC has 0 polygons
2026-08-20 11:09:44 +0000: Memory Usage (137296K) : extblock_drw has 3 polygons
2026-08-20 11:09:44 +0000: Memory Usage (137424K) : nldd_drw has 0 polygons
2026-08-20 11:09:44 +0000: Memory Usage (137424K) : pldd_drw has 0 polygons
2026-08-20 11:09:44 +0000: Memory Usage (137424K) : next_drw has 0 polygons
2026-08-20 11:09:44 +0000: Memory Usage (137424K) : pext_drw has 0 polygons
2026-08-20 11:09:44 +0000: Memory Usage (137424K) : nexthv_drw has 0 polygons
2026-08-20 11:09:44 +0000: Memory Usage (137552K) : pexthv_drw has 0 polygons
2026-08-20 11:09:44 +0000: Memory Usage (137552K) : graphgate_drw has 0 polygons
2026-08-20 11:09:44 +0000: Memory Usage (137552K) : sinwg_drw has 0 polygons
2026-08-20 11:09:44 +0000: Memory Usage (137552K) : sinwg_filler has 0 polygons
2026-08-20 11:09:44 +0000: Memory Usage (137552K) : sinwg_nofill has 0 polygons
2026-08-20 11:09:44 +0000: Memory Usage (137552K) : mempad_drw has 0 polygons
2026-08-20 11:09:44 +0000: Memory Usage (137680K) : topvia1_drw has 2 polygons
2026-08-20 11:09:44 +0000: Memory Usage (137680K) : topmetal1_drw has 3 polygons
2026-08-20 11:09:44 +0000: Memory Usage (137680K) : topmetal1_filler has 0 polygons
2026-08-20 11:09:44 +0000: Memory Usage (137680K) : topmetal1_slit has 0 polygons
2026-08-20 11:09:44 +0000: Memory Usage (137680K) : topmetal1 has 3 polygons
2026-08-20 11:09:44 +0000: Memory Usage (137808K) : topmetal1_pin has 0 polygons
2026-08-20 11:09:44 +0000: Memory Usage (137808K) : topmetal1_mask has 0 polygons
2026-08-20 11:09:44 +0000: Memory Usage (137808K) : topmetal1_nofill has 0 polygons
2026-08-20 11:09:44 +0000: Memory Usage (137808K) : topmetal1_text has 0 polygons
2026-08-20 11:09:44 +0000: Memory Usage (137808K) : topmetal1_noqrc has 0 polygons
2026-08-20 11:09:44 +0000: Memory Usage (137808K) : topmetal1_res has 0 polygons
2026-08-20 11:09:44 +0000: Memory Usage (137808K) : topmetal1_iprobe has 0 polygons
2026-08-20 11:09:44 +0000: Memory Usage (137936K) : topmetal1_diffprb has 0 polygons
2026-08-20 11:09:44 +0000: Memory Usage (137936K) : inldpwl_drw has 0 polygons
2026-08-20 11:09:44 +0000: Memory Usage (137936K) : polyres_drw has 1 polygons
2026-08-20 11:09:44 +0000: Memory Usage (137936K) : polyres_pin has 0 polygons
2026-08-20 11:09:44 +0000: Memory Usage (138064K) : vmim_drw has 225 polygons
2026-08-20 11:09:44 +0000: Memory Usage (138192K) : nbulaycut_drw has 0 polygons
2026-08-20 11:09:44 +0000: Memory Usage (138192K) : antmetal1_drw has 0 polygons
2026-08-20 11:09:44 +0000: Memory Usage (138192K) : topvia2_drw has 2 polygons
2026-08-20 11:09:44 +0000: Memory Usage (138192K) : topmetal2_drw has 2 polygons
2026-08-20 11:09:44 +0000: Memory Usage (138320K) : topmetal2_filler has 0 polygons
2026-08-20 11:09:44 +0000: Memory Usage (138320K) : topmetal2_slit has 0 polygons
2026-08-20 11:09:44 +0000: Memory Usage (138320K) : topmetal2 has 2 polygons
2026-08-20 11:09:44 +0000: Memory Usage (138320K) : topmetal2_pin has 0 polygons
2026-08-20 11:09:44 +0000: Memory Usage (138448K) : topmetal2_mask has 0 polygons
2026-08-20 11:09:44 +0000: Memory Usage (138448K) : topmetal2_nofill has 0 polygons
2026-08-20 11:09:44 +0000: Memory Usage (138448K) : topmetal2_text has 0 polygons
2026-08-20 11:09:44 +0000: Memory Usage (138448K) : topmetal2_noqrc has 0 polygons
2026-08-20 11:09:44 +0000: Memory Usage (138576K) : topmetal2_res has 0 polygons
2026-08-20 11:09:44 +0000: Memory Usage (138576K) : topmetal2_iprobe has 0 polygons
2026-08-20 11:09:44 +0000: Memory Usage (138704K) : topmetal2_diffprb has 0 polygons
2026-08-20 11:09:44 +0000: Memory Usage (138704K) : snsring_drw has 0 polygons
2026-08-20 11:09:44 +0000: Memory Usage (138704K) : sensor_drw has 0 polygons
2026-08-20 11:09:44 +0000: Memory Usage (138704K) : snsarms_drw has 0 polygons
2026-08-20 11:09:44 +0000: Memory Usage (138832K) : snscmosvia_drw has 0 polygons
2026-08-20 11:09:44 +0000: Memory Usage (138832K) : colwind_drw has 0 polygons
2026-08-20 11:09:44 +0000: Memory Usage (138832K) : flm_drw has 0 polygons
2026-08-20 11:09:44 +0000: Memory Usage (138832K) : hafniumox_drw has 0 polygons
2026-08-20 11:09:44 +0000: Memory Usage (138960K) : memvia_drw has 0 polygons
2026-08-20 11:09:44 +0000: Memory Usage (138960K) : thinfilmres_drw has 0 polygons
2026-08-20 11:09:44 +0000: Memory Usage (138960K) : rfmem_drw has 0 polygons
2026-08-20 11:09:44 +0000: Memory Usage (139088K) : norcx_drw has 0 polygons
2026-08-20 11:09:44 +0000: Memory Usage (139088K) : norcx_m2m3 has 0 polygons
2026-08-20 11:09:44 +0000: Memory Usage (139088K) : norcx_m2m4 has 0 polygons
2026-08-20 11:09:44 +0000: Memory Usage (139088K) : norcx_m2m5 has 0 polygons
2026-08-20 11:09:44 +0000: Memory Usage (139216K) : norcx_m2tm1 has 0 polygons
2026-08-20 11:09:44 +0000: Memory Usage (139216K) : norcx_m2tm2 has 0 polygons
2026-08-20 11:09:44 +0000: Memory Usage (139344K) : norcx_m3m4 has 0 polygons
2026-08-20 11:09:44 +0000: Memory Usage (139344K) : norcx_m3m5 has 0 polygons
2026-08-20 11:09:44 +0000: Memory Usage (139344K) : norcx_m3tm1 has 0 polygons
2026-08-20 11:09:44 +0000: Memory Usage (139344K) : norcx_m3tm2 has 0 polygons
2026-08-20 11:09:44 +0000: Memory Usage (139344K) : norcx_m4m5 has 0 polygons
2026-08-20 11:09:44 +0000: Memory Usage (139344K) : norcx_m4tm1 has 0 polygons
2026-08-20 11:09:44 +0000: Memory Usage (139344K) : norcx_m4tm2 has 0 polygons
2026-08-20 11:09:44 +0000: Memory Usage (139344K) : norcx_m5tm1 has 0 polygons
2026-08-20 11:09:44 +0000: Memory Usage (139344K) : norcx_m5tm2 has 0 polygons
2026-08-20 11:09:44 +0000: Memory Usage (139344K) : norcx_tm1tm2 has 0 polygons
2026-08-20 11:09:44 +0000: Memory Usage (139344K) : norcx_m1sub has 0 polygons
2026-08-20 11:09:44 +0000: Memory Usage (139344K) : norcx_m2sub has 0 polygons
2026-08-20 11:09:44 +0000: Memory Usage (139344K) : norcx_m3sub has 0 polygons
2026-08-20 11:09:44 +0000: Memory Usage (139344K) : norcx_m4sub has 0 polygons
2026-08-20 11:09:44 +0000: Memory Usage (139344K) : norcx_m5sub has 0 polygons
2026-08-20 11:09:44 +0000: Memory Usage (139344K) : norcx_tm1sub has 0 polygons
2026-08-20 11:09:44 +0000: Memory Usage (139344K) : norcx_tm2sub has 0 polygons
2026-08-20 11:09:44 +0000: Memory Usage (139344K) : snsbotvia_drw has 0 polygons
2026-08-20 11:09:44 +0000: Memory Usage (139344K) : snstopvia_drw has 0 polygons
2026-08-20 11:09:44 +0000: Memory Usage (139344K) : deepvia_drw has 0 polygons
2026-08-20 11:09:44 +0000: Memory Usage (139344K) : fgetch_drw has 0 polygons
2026-08-20 11:09:44 +0000: Memory Usage (139344K) : ctrgat_drw has 0 polygons
2026-08-20 11:09:44 +0000: Memory Usage (139344K) : fgimp_drw has 0 polygons
2026-08-20 11:09:44 +0000: Memory Usage (139344K) : emwihv_drw has 0 polygons
2026-08-20 11:09:44 +0000: Memory Usage (139344K) : lbe_drw has 0 polygons
2026-08-20 11:09:44 +0000: Memory Usage (139344K) : alcustop_drw has 0 polygons
2026-08-20 11:09:44 +0000: Memory Usage (139344K) : nometfiller_drw has 0 polygons
2026-08-20 11:09:44 +0000: Memory Usage (139344K) : prboundary_drw has 0 polygons
2026-08-20 11:09:44 +0000: Memory Usage (139344K) : exchange0_drw has 0 polygons
2026-08-20 11:09:44 +0000: Memory Usage (139344K) : exchange0_pin has 0 polygons
2026-08-20 11:09:44 +0000: Memory Usage (139344K) : exchange0_text has 0 polygons
2026-08-20 11:09:44 +0000: Memory Usage (139344K) : exchange1_drw has 0 polygons
2026-08-20 11:09:44 +0000: Memory Usage (139344K) : exchange1_pin has 0 polygons
2026-08-20 11:09:44 +0000: Memory Usage (139344K) : exchange1_text has 0 polygons
2026-08-20 11:09:44 +0000: Memory Usage (139344K) : exchange2_drw has 0 polygons
2026-08-20 11:09:44 +0000: Memory Usage (139344K) : exchange2_pin has 0 polygons
2026-08-20 11:09:44 +0000: Memory Usage (139344K) : exchange2_text has 0 polygons
2026-08-20 11:09:44 +0000: Memory Usage (139344K) : exchange3_drw has 0 polygons
2026-08-20 11:09:44 +0000: Memory Usage (139344K) : exchange3_pin has 0 polygons
2026-08-20 11:09:44 +0000: Memory Usage (139344K) : exchange3_text has 0 polygons
2026-08-20 11:09:44 +0000: Memory Usage (139344K) : exchange4_drw has 0 polygons
2026-08-20 11:09:44 +0000: Memory Usage (139344K) : exchange4_pin has 0 polygons
2026-08-20 11:09:44 +0000: Memory Usage (139344K) : exchange4_text has 0 polygons
2026-08-20 11:09:44 +0000: Memory Usage (139344K) : isonwell_drw has 0 polygons
2026-08-20 11:09:44 +0000: Memory Usage (139344K) : Total no. of polygons in the design is 282
2026-08-20 11:09:44 +0000: Memory Usage (139344K) : Starting base layers derivations
2026-08-20 11:09:44 +0000: Memory Usage (139344K) : Starting general LVS derivations
2026-08-20 11:09:44 +0000: Memory Usage (141548K) : Starting MOSFET DERIVATIONS
2026-08-20 11:09:44 +0000: Memory Usage (141548K) : Starting NMOS DERIVATIONS
2026-08-20 11:09:44 +0000: Memory Usage (141548K) : Starting PMOS DERIVATIONS
2026-08-20 11:09:44 +0000: Memory Usage (141548K) : Starting RF-MOSFET DERIVATIONS
2026-08-20 11:09:44 +0000: Memory Usage (141548K) : Starting RF-NMOS DERIVATIONS
2026-08-20 11:09:44 +0000: Memory Usage (141548K) : Starting RF-PMOS DERIVATIONS
2026-08-20 11:09:44 +0000: Memory Usage (141548K) : Starting BJT DERIVATIONS
2026-08-20 11:09:44 +0000: Memory Usage (141548K) : Starting NPN-BJT DERIVATIONS
2026-08-20 11:09:44 +0000: Memory Usage (141548K) : Starting PNP-BJT DERIVATIONS
2026-08-20 11:09:44 +0000: Memory Usage (141548K) : Starting DIODE DERIVATIONS
2026-08-20 11:09:44 +0000: Memory Usage (141548K) : Starting RESISTOR DERIVATIONS
2026-08-20 11:09:44 +0000: Memory Usage (142884K) : Starting CAP DERIVATIONS
2026-08-20 11:09:44 +0000: Memory Usage (142884K) : Starting CAP_CMOM DERIVATIONS
2026-08-20 11:09:44 +0000: Memory Usage (142884K) : Starting CAP_CMOMF DERIVATIONS
2026-08-20 11:09:44 +0000: Memory Usage (142884K) : Starting ESD DERIVATIONS
2026-08-20 11:09:44 +0000: Memory Usage (142884K) : Starting Inductor DERIVATIONS
2026-08-20 11:09:44 +0000: Memory Usage (142884K) : Starting Taps DERIVATIONS
2026-08-20 11:09:44 +0000: Memory Usage (142884K) : Starting SG13G2 LVS connectivity setup
2026-08-20 11:09:44 +0000: Memory Usage (142884K) : Starting SG13G2 LVS connectivity setup (Inter-layer)
2026-08-20 11:09:44 +0000: Memory Usage (143012K) : Starting SG13G2 LVS connectivity setup (Global)
2026-08-20 11:09:44 +0000: Memory Usage (143012K) : Starting LVS MOSFET CONNECTIONS
2026-08-20 11:09:44 +0000: Memory Usage (143012K) : Starting LVS RF-MOSFET CONNECTIONS
2026-08-20 11:09:44 +0000: Memory Usage (143012K) : Starting LVS BJT CONNECTIONS
2026-08-20 11:09:44 +0000: Memory Usage (143012K) : Starting LVS DIODE CONNECTIONS
2026-08-20 11:09:44 +0000: Memory Usage (143012K) : Starting RESISTOR CONNECTIONS
2026-08-20 11:09:44 +0000: Memory Usage (143012K) : Starting LVS CAP CONNECTIONS
2026-08-20 11:09:44 +0000: Memory Usage (143012K) : Starting CAP_CMOM CONNECTIONS
2026-08-20 11:09:44 +0000: Memory Usage (143012K) : Starting CAP_CMOMF CONNECTIONS
2026-08-20 11:09:44 +0000: Memory Usage (143012K) : Starting ESD CONNECTIONS
2026-08-20 11:09:44 +0000: Memory Usage (143012K) : Starting Inductor CONNECTIONS
2026-08-20 11:09:44 +0000: Memory Usage (143012K) : Starting LVS Taps CONNECTIONS
2026-08-20 11:09:44 +0000: Memory Usage (143012K) : Starting SG13G2 LVS DEVICES EXTRACTION
2026-08-20 11:09:44 +0000: Memory Usage (143012K) : Starting MOSFET EXTRACTION
2026-08-20 11:09:44 +0000: Memory Usage (143012K) : Starting NMOS EXTRACTION
2026-08-20 11:09:44 +0000: Memory Usage (143012K) : Extraction of NMOS-LV transistor
2026-08-20 11:09:44 +0000: Memory Usage (143012K) : Extraction of NMOS-HV transistor
2026-08-20 11:09:44 +0000: Memory Usage (143012K) : Starting PMOS EXTRACTION
2026-08-20 11:09:44 +0000: Memory Usage (143012K) : Extraction of PMOS-LV transistor
2026-08-20 11:09:44 +0000: Memory Usage (143012K) : Extraction of PMOS-HV transistor
2026-08-20 11:09:44 +0000: Memory Usage (143012K) : Starting RF-MOSFET EXTRACTION
2026-08-20 11:09:44 +0000: Memory Usage (143012K) : Extraction of RF-NMOS-LV transistor
2026-08-20 11:09:44 +0000: Memory Usage (143012K) : Extraction of RF-NMOS-HV transistor
2026-08-20 11:09:44 +0000: Memory Usage (143012K) : Extraction of RF-PMOS-LV transistor
2026-08-20 11:09:44 +0000: Memory Usage (143012K) : Extraction of RF-PMOS-HV transistor
2026-08-20 11:09:44 +0000: Memory Usage (143012K) : Starting BJT EXTRACTION
2026-08-20 11:09:44 +0000: Memory Usage (143012K) : Starting NPN-BJT EXTRACTION
2026-08-20 11:09:44 +0000: Memory Usage (143012K) : Extraction of npn13G2 BJT transistor
2026-08-20 11:09:44 +0000: Memory Usage (143012K) : Extraction of npn13G2L BJT transistor
2026-08-20 11:09:44 +0000: Memory Usage (143012K) : Extraction of npn13G2V BJT transistor
2026-08-20 11:09:44 +0000: Memory Usage (143012K) : Starting PNP-BJT EXTRACTION
2026-08-20 11:09:44 +0000: Memory Usage (143012K) : Extracting pnpMPA BJT
2026-08-20 11:09:44 +0000: Memory Usage (143012K) : Starting DIODE EXTRACTION
2026-08-20 11:09:44 +0000: Memory Usage (143012K) : Extracting dantenna diode
2026-08-20 11:09:44 +0000: Memory Usage (143012K) : Extracting dpantenna diode
2026-08-20 11:09:44 +0000: Memory Usage (143012K) : Extracting schottky_nbl1 diode
2026-08-20 11:09:44 +0000: Memory Usage (143012K) : Extracting isolbox diode
2026-08-20 11:09:44 +0000: Memory Usage (143012K) : Starting RESISTOR EXTRACTION
2026-08-20 11:09:44 +0000: Memory Usage (143012K) : Extracting rsil resistor
2026-08-20 11:09:44 +0000: Memory Usage (143140K) : Extracting rppd resistor
2026-08-20 11:09:44 +0000: Memory Usage (143396K) : Extracting rhigh resistor
2026-08-20 11:09:44 +0000: Memory Usage (143396K) : Extracting res_metal1 resistor
2026-08-20 11:09:44 +0000: Memory Usage (143524K) : Extracting res_metal2 resistor
2026-08-20 11:09:44 +0000: Memory Usage (143524K) : Extracting res_metal3 resistor
2026-08-20 11:09:44 +0000: Memory Usage (143524K) : Extracting res_metal4 resistor
2026-08-20 11:09:44 +0000: Memory Usage (143524K) : Extracting res_metal5 resistor
2026-08-20 11:09:44 +0000: Memory Usage (143524K) : Extracting res_topmetal1 resistor
2026-08-20 11:09:44 +0000: Memory Usage (143524K) : Extracting res_topmetal2 resistor
2026-08-20 11:09:44 +0000: Memory Usage (143524K) : Starting CAP EXTRACTION
2026-08-20 11:09:44 +0000: Memory Usage (143524K) : Extracting cap_cmim device
2026-08-20 11:09:44 +0000: Memory Usage (143524K) : Extracting rfcmim device
2026-08-20 11:09:44 +0000: Memory Usage (143524K) : Extracting sg13_hv_svaricap varactor
2026-08-20 11:09:44 +0000: Memory Usage (143524K) : Extracting cap_cmomi device
2026-08-20 11:09:44 +0000: Memory Usage (143524K) : Extracting cap_cmomf device
2026-08-20 11:09:44 +0000: Memory Usage (143524K) : Extracting sg13_moscap_n capacitor
2026-08-20 11:09:44 +0000: Memory Usage (143524K) : Extracting sg13_moscap_p capacitor
2026-08-20 11:09:44 +0000: Memory Usage (143524K) : Starting ESD EXTRACTION
2026-08-20 11:09:44 +0000: Memory Usage (143524K) : Extracting diodevdd_2kv ESD device
2026-08-20 11:09:44 +0000: Memory Usage (143524K) : Extracting diodevdd_4kv ESD device
2026-08-20 11:09:44 +0000: Memory Usage (143524K) : Extracting diodevss_2kv ESD device
2026-08-20 11:09:44 +0000: Memory Usage (143524K) : Extracting diodevss_4kv ESD device
2026-08-20 11:09:44 +0000: Memory Usage (143524K) : Extracting idiodevdd_2kv ESD device
2026-08-20 11:09:44 +0000: Memory Usage (143524K) : Extracting idiodevdd_4kv ESD device
2026-08-20 11:09:44 +0000: Memory Usage (143524K) : Extracting idiodevss_2kv ESD device
2026-08-20 11:09:44 +0000: Memory Usage (143524K) : Extracting idiodevss_4kv ESD device
2026-08-20 11:09:44 +0000: Memory Usage (143524K) : Extracting nmoscl_2 ESD device
2026-08-20 11:09:44 +0000: Memory Usage (143524K) : Extracting nmoscl_4 ESD device
2026-08-20 11:09:44 +0000: Memory Usage (143524K) : Starting Inductor EXTRACTION
2026-08-20 11:09:44 +0000: Memory Usage (143524K) : Extracting Inductor2 device
2026-08-20 11:09:44 +0000: Memory Usage (143524K) : Extracting Inductor3 device
2026-08-20 11:09:44 +0000: Memory Usage (143524K) : Starting Taps EXTRACTION
2026-08-20 11:09:44 +0000: Memory Usage (143524K) : Extracting ntap1 device
2026-08-20 11:09:44 +0000: Memory Usage (143524K) : Extracting ptap1 device
2026-08-20 11:09:44 +0000: Memory Usage (143524K) : Starting SG13G2 LVS RF MOS Model Mapping
2026-08-20 11:09:44 +0000: Memory Usage (143524K) : [layout_netlist] Apply RF MOS model mapping and rfmode parameter.
2026-08-20 11:09:44 +0000: Memory Usage (143524K) : Starting SG13G2 LVS Options Preparations
2026-08-20 11:09:44 +0000: Memory Usage (143524K) : SG13G2 LVS flow: extraction -> alignment -> option preparation -> comparison.
2026-08-20 11:09:44 +0000: Memory Usage (143524K) : Starting SG13G2 LVS Alignment
2026-08-20 11:09:44 +0000: Memory Usage (143524K) : Starting SG13G2 LVS Simplification
2026-08-20 11:09:44 +0000: Memory Usage (143524K) : [layout_netlist] simplify: ENABLED
2026-08-20 11:09:44 +0000: Memory Usage (143524K) : [layout_netlist] make_top_level_pins: SKIPPED
2026-08-20 11:09:44 +0000: Memory Usage (143524K) : [layout_netlist] combine_devices: SKIPPED
2026-08-20 11:09:44 +0000: Memory Usage (143524K) : [layout_netlist] purge: SKIPPED
2026-08-20 11:09:44 +0000: Memory Usage (143524K) : [layout_netlist] purge_nets: SKIPPED
2026-08-20 11:09:44 +0000: Memory Usage (143524K) : [schematic_netlist] simplify: ENABLED
2026-08-20 11:09:44 +0000: Memory Usage (143524K) : [schematic_netlist] make_top_level_pins: SKIPPED
2026-08-20 11:09:44 +0000: Memory Usage (143524K) : [schematic_netlist] combine_devices: SKIPPED
2026-08-20 11:09:44 +0000: Memory Usage (143524K) : [schematic_netlist] purge: SKIPPED
2026-08-20 11:09:44 +0000: Memory Usage (143524K) : [schematic_netlist] purge_nets: SKIPPED
2026-08-20 11:09:44 +0000: Memory Usage (143524K) : Starting SG13G2 LVS Comparison
2026-08-20 11:09:44 +0000: Memory Usage (143652K) : xxxxxxxxxxxxxxxxxxxxxxxxxxxxxxxxxxxxxxxxxx
2026-08-20 11:09:44 +0000: Memory Usage (143652K) : ERROR : Netlists don't match
2026-08-20 11:09:44 +0000: Memory Usage (143652K) : xxxxxxxxxxxxxxxxxxxxxxxxxxxxxxxxxxxxxxxxxx
2026-08-20 11:09:44 +0000: Memory Usage (143652K) : LVS Total Run time 0.348269 seconds
