# Logfile created on 2026-08-20 19:09:08 +0000 by logger.rb/v1.5.3
2026-08-20 19:09:08 +0000: Memory Usage (128640K) : Starting running SG13G2 Klayout LVS runset on /workspace/layout/blocks/out/driver_stage/bisect_run/_old_full/driver_dut.gds
2026-08-20 19:09:08 +0000: Memory Usage (128640K) : Ruby Version for klayout: 3.2.3
2026-08-20 19:09:08 +0000: Memory Usage (129980K) : Loading database to memory is complete.
2026-08-20 19:09:08 +0000: Memory Usage (129980K) : SG13G2 Klayout LVS runset output at: /workspace/layout/blocks/out/driver_stage/bisect_run/_old_full/lvs/driver_dut.lvsdb
2026-08-20 19:09:08 +0000: Memory Usage (129980K) : Evaluate switches.
2026-08-20 19:09:08 +0000: Memory Usage (129980K) : Extracted netlist with net names: true
2026-08-20 19:09:08 +0000: Memory Usage (129980K) : Extracted netlist with comments in details: false
2026-08-20 19:09:08 +0000: Memory Usage (129980K) : Selected NET_ONLY option: false
2026-08-20 19:09:08 +0000: Memory Usage (129980K) : Selected LAYOUT_NETLIST option: (none)
2026-08-20 19:09:08 +0000: Memory Usage (129980K) : Selected IGNORE_TOP_PORTS_MISMATCH option: true
2026-08-20 19:09:08 +0000: Memory Usage (129980K) : Selected IMPLICIT_NETS option: sub,sub!
2026-08-20 19:09:08 +0000: Memory Usage (129980K) : Selected TOP_LVL_PINS option: false
2026-08-20 19:09:08 +0000: Memory Usage (129980K) : Selected COMBINE DEVICES option: false
2026-08-20 19:09:08 +0000: Memory Usage (129980K) : Selected PURGE option: false
2026-08-20 19:09:08 +0000: Memory Usage (129980K) : Selected PURGE_NETS option: false
2026-08-20 19:09:08 +0000: Memory Usage (129980K) : Selected SIMPLIFY option: true
2026-08-20 19:09:08 +0000: Memory Usage (129980K) : Selected SERIES_RES option: true
2026-08-20 19:09:08 +0000: Memory Usage (129980K) : Selected PARALLEL_RES option: true
2026-08-20 19:09:08 +0000: Memory Usage (129980K) : Selected DISABLE_TAP_EXTRACTION option: true
2026-08-20 19:09:08 +0000: Memory Usage (129980K) : deep  mode is enabled.
2026-08-20 19:09:08 +0000: Memory Usage (129980K) : Applying implicit connections (case-sensitive, pattern supported) for nets: sub, sub!
2026-08-20 19:09:08 +0000: Memory Usage (131228K) : Netlist file: /workspace/layout/blocks/out/driver_stage/bisect_run/_old_full/driver_dut.cdl
2026-08-20 19:09:08 +0000: Memory Usage (131228K) : LVS extracted netlist at: /workspace/layout/blocks/out/driver_stage/bisect_run/_old_full/lvs/driver_dut_extracted.cir
2026-08-20 19:09:08 +0000: Memory Usage (131228K) : Applying SRAM integration support.
2026-08-20 19:09:08 +0000: Memory Usage (131228K) : Starting SG13G2 LVS runset
2026-08-20 19:09:08 +0000: Memory Usage (131228K) : Read in polygons from layers.
2026-08-20 19:09:08 +0000: Memory Usage (132404K) : activ_drw has 899 polygons
2026-08-20 19:09:08 +0000: Memory Usage (132404K) : activ_filler has 0 polygons
2026-08-20 19:09:08 +0000: Memory Usage (132404K) : activ has 899 polygons
2026-08-20 19:09:08 +0000: Memory Usage (132492K) : activ_pin has 0 polygons
2026-08-20 19:09:08 +0000: Memory Usage (133004K) : activ_mask has 4 polygons
2026-08-20 19:09:08 +0000: Memory Usage (133004K) : activ_nofill has 2 polygons
2026-08-20 19:09:08 +0000: Memory Usage (133004K) : activ_OPC has 0 polygons
2026-08-20 19:09:08 +0000: Memory Usage (133004K) : activ_iOPC has 0 polygons
2026-08-20 19:09:08 +0000: Memory Usage (133004K) : activ_noqrc has 0 polygons
2026-08-20 19:09:08 +0000: Memory Usage (133004K) : biwind_drw has 0 polygons
2026-08-20 19:09:08 +0000: Memory Usage (133004K) : biwind_OPC has 0 polygons
2026-08-20 19:09:08 +0000: Memory Usage (133004K) : gatpoly_drw has 139 polygons
2026-08-20 19:09:08 +0000: Memory Usage (133004K) : gatpoly_filler has 0 polygons
2026-08-20 19:09:08 +0000: Memory Usage (133004K) : gatpoly has 139 polygons
2026-08-20 19:09:08 +0000: Memory Usage (133004K) : gatpoly_pin has 119 polygons
2026-08-20 19:09:08 +0000: Memory Usage (133004K) : gatpoly_nofill has 2 polygons
2026-08-20 19:09:08 +0000: Memory Usage (133004K) : gatpoly_OPC has 0 polygons
2026-08-20 19:09:08 +0000: Memory Usage (133004K) : gatpoly_iOPC has 0 polygons
2026-08-20 19:09:08 +0000: Memory Usage (133004K) : gatpoly_noqrc has 0 polygons
2026-08-20 19:09:08 +0000: Memory Usage (133132K) : cont_drw has 14577 polygons
2026-08-20 19:09:08 +0000: Memory Usage (133132K) : cont_OPC has 0 polygons
2026-08-20 19:09:08 +0000: Memory Usage (133132K) : nsd_drw has 0 polygons
2026-08-20 19:09:08 +0000: Memory Usage (133260K) : nsd_block has 4 polygons
2026-08-20 19:09:08 +0000: Memory Usage (133260K) : metal1_drw has 1550 polygons
2026-08-20 19:09:08 +0000: Memory Usage (133260K) : metal1_filler has 0 polygons
2026-08-20 19:09:08 +0000: Memory Usage (133388K) : metal1_slit has 0 polygons
2026-08-20 19:09:08 +0000: Memory Usage (133388K) : metal1 has 1550 polygons
2026-08-20 19:09:08 +0000: Memory Usage (133516K) : metal1_pin has 750 polygons
2026-08-20 19:09:08 +0000: Memory Usage (133516K) : metal1_mask has 0 polygons
2026-08-20 19:09:08 +0000: Memory Usage (133644K) : metal1_nofill has 2 polygons
2026-08-20 19:09:08 +0000: Memory Usage (133900K) : metal1_text has 3 polygons
2026-08-20 19:09:08 +0000: Memory Usage (133900K) : metal1_OPC has 0 polygons
2026-08-20 19:09:08 +0000: Memory Usage (134028K) : metal1_noqrc has 0 polygons
2026-08-20 19:09:08 +0000: Memory Usage (134028K) : metal1_res has 0 polygons
2026-08-20 19:09:08 +0000: Memory Usage (134028K) : metal1_iprobe has 0 polygons
2026-08-20 19:09:08 +0000: Memory Usage (134156K) : metal1_diffprb has 0 polygons
2026-08-20 19:09:08 +0000: Memory Usage (134156K) : passiv_drw has 2 polygons
2026-08-20 19:09:08 +0000: Memory Usage (134156K) : passiv_pin has 0 polygons
2026-08-20 19:09:08 +0000: Memory Usage (134284K) : passiv_sbump has 0 polygons
2026-08-20 19:09:08 +0000: Memory Usage (134284K) : passiv_pillar has 0 polygons
2026-08-20 19:09:08 +0000: Memory Usage (134284K) : passiv_pdl has 0 polygons
2026-08-20 19:09:08 +0000: Memory Usage (134412K) : metal2_drw has 577 polygons
2026-08-20 19:09:08 +0000: Memory Usage (134412K) : metal2_filler has 0 polygons
2026-08-20 19:09:08 +0000: Memory Usage (134412K) : metal2_slit has 0 polygons
2026-08-20 19:09:08 +0000: Memory Usage (134412K) : metal2 has 577 polygons
2026-08-20 19:09:08 +0000: Memory Usage (134540K) : metal2_pin has 10 polygons
2026-08-20 19:09:08 +0000: Memory Usage (134540K) : metal2_mask has 0 polygons
2026-08-20 19:09:08 +0000: Memory Usage (134540K) : metal2_nofill has 2 polygons
2026-08-20 19:09:08 +0000: Memory Usage (134540K) : metal2_text has 3 polygons
2026-08-20 19:09:08 +0000: Memory Usage (134668K) : metal2_OPC has 0 polygons
2026-08-20 19:09:08 +0000: Memory Usage (134668K) : metal2_noqrc has 0 polygons
2026-08-20 19:09:08 +0000: Memory Usage (134668K) : metal2_res has 0 polygons
2026-08-20 19:09:08 +0000: Memory Usage (134668K) : metal2_iprobe has 0 polygons
2026-08-20 19:09:08 +0000: Memory Usage (134796K) : metal2_diffprb has 0 polygons
2026-08-20 19:09:08 +0000: Memory Usage (134796K) : baspoly_drw has 0 polygons
2026-08-20 19:09:08 +0000: Memory Usage (134796K) : baspoly_pin has 0 polygons
2026-08-20 19:09:08 +0000: Memory Usage (134796K) : psd_drw has 515 polygons
2026-08-20 19:09:08 +0000: Memory Usage (134924K) : nldb_drw has 0 polygons
2026-08-20 19:09:08 +0000: Memory Usage (134924K) : digibnd_drw has 0 polygons
2026-08-20 19:09:08 +0000: Memory Usage (134924K) : via1_drw has 7634 polygons
2026-08-20 19:09:08 +0000: Memory Usage (135052K) : backmetal1_drw has 0 polygons
2026-08-20 19:09:08 +0000: Memory Usage (135052K) : backmetal1_pin has 0 polygons
2026-08-20 19:09:08 +0000: Memory Usage (135052K) : backmetal1_mask has 0 polygons
2026-08-20 19:09:08 +0000: Memory Usage (135052K) : backmetal1_filler has 0 polygons
2026-08-20 19:09:08 +0000: Memory Usage (135180K) : backmetal1_nofill has 0 polygons
2026-08-20 19:09:08 +0000: Memory Usage (135180K) : backmetal1_slit has 0 polygons
2026-08-20 19:09:08 +0000: Memory Usage (135180K) : backmetal1_text has 0 polygons
2026-08-20 19:09:08 +0000: Memory Usage (135180K) : backmetal1_OPC has 0 polygons
2026-08-20 19:09:08 +0000: Memory Usage (135308K) : backmetal1_noqrc has 0 polygons
2026-08-20 19:09:08 +0000: Memory Usage (135308K) : backmetal1_res has 0 polygons
2026-08-20 19:09:08 +0000: Memory Usage (135308K) : backmetal1_iprobe has 0 polygons
2026-08-20 19:09:08 +0000: Memory Usage (135308K) : backmetal1_diffprb has 0 polygons
2026-08-20 19:09:08 +0000: Memory Usage (135436K) : backpassiv_drw has 0 polygons
2026-08-20 19:09:08 +0000: Memory Usage (135436K) : res_drw has 2 polygons
2026-08-20 19:09:08 +0000: Memory Usage (135436K) : sram_drw has 0 polygons
2026-08-20 19:09:08 +0000: Memory Usage (135436K) : trans_drw has 2 polygons
2026-08-20 19:09:08 +0000: Memory Usage (135564K) : ind_drw has 2 polygons
2026-08-20 19:09:08 +0000: Memory Usage (135564K) : ind_pin has 4 polygons
2026-08-20 19:09:08 +0000: Memory Usage (135564K) : ind_text has 4 polygons
2026-08-20 19:09:08 +0000: Memory Usage (135564K) : salblock_drw has 12 polygons
2026-08-20 19:09:08 +0000: Memory Usage (135692K) : via2_drw has 841 polygons
2026-08-20 19:09:08 +0000: Memory Usage (135692K) : metal3_drw has 58 polygons
2026-08-20 19:09:08 +0000: Memory Usage (135692K) : metal3_filler has 0 polygons
2026-08-20 19:09:08 +0000: Memory Usage (135820K) : metal3_slit has 0 polygons
2026-08-20 19:09:08 +0000: Memory Usage (135820K) : metal3 has 58 polygons
2026-08-20 19:09:08 +0000: Memory Usage (135820K) : metal3_pin has 2 polygons
2026-08-20 19:09:08 +0000: Memory Usage (135820K) : metal3_mask has 0 polygons
2026-08-20 19:09:08 +0000: Memory Usage (135820K) : metal3_nofill has 2 polygons
2026-08-20 19:09:08 +0000: Memory Usage (135820K) : metal3_text has 2 polygons
2026-08-20 19:09:08 +0000: Memory Usage (135820K) : metal3_OPC has 0 polygons
2026-08-20 19:09:08 +0000: Memory Usage (135820K) : metal3_noqrc has 0 polygons
2026-08-20 19:09:08 +0000: Memory Usage (135820K) : metal3_res has 0 polygons
2026-08-20 19:09:08 +0000: Memory Usage (135820K) : metal3_iprobe has 0 polygons
2026-08-20 19:09:08 +0000: Memory Usage (135820K) : metal3_diffprb has 0 polygons
2026-08-20 19:09:08 +0000: Memory Usage (135820K) : nwell_drw has 14 polygons
2026-08-20 19:09:08 +0000: Memory Usage (135820K) : nwell_pin has 0 polygons
2026-08-20 19:09:08 +0000: Memory Usage (135820K) : nwell_text has 0 polygons
2026-08-20 19:09:08 +0000: Memory Usage (135820K) : nbulay_drw has 1 polygons
2026-08-20 19:09:08 +0000: Memory Usage (135820K) : nbulay_pin has 0 polygons
2026-08-20 19:09:08 +0000: Memory Usage (135948K) : nbulay_block has 0 polygons
2026-08-20 19:09:08 +0000: Memory Usage (135948K) : emwind_drw has 4 polygons
2026-08-20 19:09:08 +0000: Memory Usage (135948K) : emwind_OPC has 0 polygons
2026-08-20 19:09:08 +0000: Memory Usage (135948K) : deepco_drw has 0 polygons
2026-08-20 19:09:08 +0000: Memory Usage (135948K) : mim_drw has 0 polygons
2026-08-20 19:09:08 +0000: Memory Usage (135948K) : edgeseal_drw has 0 polygons
2026-08-20 19:09:08 +0000: Memory Usage (136076K) : substrate_drw has 500 polygons
2026-08-20 19:09:08 +0000: Memory Usage (136076K) : substrate_text has 0 polygons
2026-08-20 19:09:08 +0000: Memory Usage (136076K) : dfpad_drw has 2 polygons
2026-08-20 19:09:08 +0000: Memory Usage (136076K) : dfpad_pillar has 0 polygons
2026-08-20 19:09:08 +0000: Memory Usage (136076K) : dfpad_sbump has 0 polygons
2026-08-20 19:09:08 +0000: Memory Usage (136204K) : thickgateox_drw has 1 polygons
2026-08-20 19:09:08 +0000: Memory Usage (136204K) : pldb_drw has 0 polygons
2026-08-20 19:09:08 +0000: Memory Usage (136204K) : pwell_drw has 0 polygons
2026-08-20 19:09:08 +0000: Memory Usage (136204K) : pwell_pin has 0 polygons
2026-08-20 19:09:08 +0000: Memory Usage (136204K) : pwell_block has 2 polygons
2026-08-20 19:09:08 +0000: Memory Usage (136204K) : ic_drw has 0 polygons
2026-08-20 19:09:08 +0000: Memory Usage (136332K) : via3_drw has 1043 polygons
2026-08-20 19:09:08 +0000: Memory Usage (136332K) : metal4_drw has 29 polygons
2026-08-20 19:09:08 +0000: Memory Usage (136332K) : metal4_filler has 0 polygons
2026-08-20 19:09:08 +0000: Memory Usage (136332K) : metal4_slit has 0 polygons
2026-08-20 19:09:08 +0000: Memory Usage (136332K) : metal4 has 29 polygons
2026-08-20 19:09:08 +0000: Memory Usage (136332K) : metal4_pin has 0 polygons
2026-08-20 19:09:08 +0000: Memory Usage (136460K) : metal4_mask has 0 polygons
2026-08-20 19:09:08 +0000: Memory Usage (136460K) : metal4_nofill has 2 polygons
2026-08-20 19:09:08 +0000: Memory Usage (136460K) : metal4_text has 1 polygons
2026-08-20 19:09:08 +0000: Memory Usage (136460K) : metal4_OPC has 0 polygons
2026-08-20 19:09:08 +0000: Memory Usage (136460K) : metal4_noqrc has 0 polygons
2026-08-20 19:09:08 +0000: Memory Usage (136460K) : metal4_res has 0 polygons
2026-08-20 19:09:08 +0000: Memory Usage (136460K) : metal4_iprobe has 0 polygons
2026-08-20 19:09:08 +0000: Memory Usage (136588K) : metal4_diffprb has 0 polygons
2026-08-20 19:09:08 +0000: Memory Usage (136588K) : heattrans_drw has 123 polygons
2026-08-20 19:09:08 +0000: Memory Usage (136588K) : heatres_drw has 2 polygons
2026-08-20 19:09:08 +0000: Memory Usage (136588K) : fbe_drw has 0 polygons
2026-08-20 19:09:08 +0000: Memory Usage (136588K) : empoly_drw has 0 polygons
2026-08-20 19:09:08 +0000: Memory Usage (136588K) : digisub_drw has 0 polygons
2026-08-20 19:09:08 +0000: Memory Usage (136716K) : text_drw has 655 polygons
2026-08-20 19:09:08 +0000: Memory Usage (136716K) : via4_drw has 1039 polygons
2026-08-20 19:09:08 +0000: Memory Usage (136716K) : metal5_drw has 52 polygons
2026-08-20 19:09:08 +0000: Memory Usage (136716K) : metal5_filler has 0 polygons
2026-08-20 19:09:08 +0000: Memory Usage (136716K) : metal5_slit has 0 polygons
2026-08-20 19:09:08 +0000: Memory Usage (136716K) : metal5 has 52 polygons
2026-08-20 19:09:08 +0000: Memory Usage (136844K) : metal5_pin has 0 polygons
2026-08-20 19:09:08 +0000: Memory Usage (136844K) : metal5_mask has 0 polygons
2026-08-20 19:09:08 +0000: Memory Usage (136844K) : metal5_nofill has 2 polygons
2026-08-20 19:09:08 +0000: Memory Usage (136844K) : metal5_text has 0 polygons
2026-08-20 19:09:08 +0000: Memory Usage (136844K) : metal5_OPC has 0 polygons
2026-08-20 19:09:08 +0000: Memory Usage (136844K) : metal5_noqrc has 0 polygons
2026-08-20 19:09:08 +0000: Memory Usage (136972K) : metal5_res has 0 polygons
2026-08-20 19:09:08 +0000: Memory Usage (136972K) : metal5_iprobe has 0 polygons
2026-08-20 19:09:08 +0000: Memory Usage (136972K) : metal5_diffprb has 0 polygons
2026-08-20 19:09:08 +0000: Memory Usage (136972K) : radhard_drw has 0 polygons
2026-08-20 19:09:08 +0000: Memory Usage (136972K) : memcap_drw has 0 polygons
2026-08-20 19:09:08 +0000: Memory Usage (137100K) : varicap_drw has 0 polygons
2026-08-20 19:09:08 +0000: Memory Usage (137100K) : intbondvia_drw has 0 polygons
2026-08-20 19:09:08 +0000: Memory Usage (137100K) : intbondmet_drw has 0 polygons
2026-08-20 19:09:08 +0000: Memory Usage (137100K) : devbondvia_drw has 0 polygons
2026-08-20 19:09:08 +0000: Memory Usage (137228K) : devbondmet_drw has 0 polygons
2026-08-20 19:09:08 +0000: Memory Usage (137228K) : devtrench_drw has 0 polygons
2026-08-20 19:09:08 +0000: Memory Usage (137228K) : redist_drw has 0 polygons
2026-08-20 19:09:08 +0000: Memory Usage (137228K) : graphbot_drw has 0 polygons
2026-08-20 19:09:08 +0000: Memory Usage (137228K) : graphtop_drw has 0 polygons
2026-08-20 19:09:08 +0000: Memory Usage (137356K) : antvia1_drw has 0 polygons
2026-08-20 19:09:08 +0000: Memory Usage (137356K) : antmetal2_drw has 0 polygons
2026-08-20 19:09:08 +0000: Memory Usage (137356K) : graphcont_drw has 0 polygons
2026-08-20 19:09:08 +0000: Memory Usage (137356K) : siwg_drw has 0 polygons
2026-08-20 19:09:08 +0000: Memory Usage (137356K) : siwg_filler has 0 polygons
2026-08-20 19:09:08 +0000: Memory Usage (137356K) : siwg_nofill has 0 polygons
2026-08-20 19:09:08 +0000: Memory Usage (137484K) : sigrating_drw has 0 polygons
2026-08-20 19:09:08 +0000: Memory Usage (137484K) : singrating_drw has 0 polygons
2026-08-20 19:09:08 +0000: Memory Usage (137484K) : graphpas_drw has 0 polygons
2026-08-20 19:09:08 +0000: Memory Usage (137484K) : emwind3_drw has 0 polygons
2026-08-20 19:09:08 +0000: Memory Usage (137484K) : emwihv3_drw has 0 polygons
2026-08-20 19:09:08 +0000: Memory Usage (137484K) : redbulay_drw has 0 polygons
2026-08-20 19:09:08 +0000: Memory Usage (137612K) : smos_drw has 0 polygons
2026-08-20 19:09:08 +0000: Memory Usage (137612K) : graphpad_drw has 0 polygons
2026-08-20 19:09:08 +0000: Memory Usage (137612K) : polimide_drw has 0 polygons
2026-08-20 19:09:08 +0000: Memory Usage (137612K) : polimide_pin has 0 polygons
2026-08-20 19:09:08 +0000: Memory Usage (137740K) : recog_drw has 1 polygons
2026-08-20 19:09:08 +0000: Memory Usage (137740K) : recog_pin has 0 polygons
2026-08-20 19:09:08 +0000: Memory Usage (137740K) : recog_esd has 5 polygons
2026-08-20 19:09:08 +0000: Memory Usage (137740K) : recog_diode has 0 polygons
2026-08-20 19:09:08 +0000: Memory Usage (137868K) : recog_tsv has 0 polygons
2026-08-20 19:09:08 +0000: Memory Usage (137868K) : recog_iprobe has 0 polygons
2026-08-20 19:09:08 +0000: Memory Usage (137868K) : recog_diffprb has 0 polygons
2026-08-20 19:09:08 +0000: Memory Usage (137868K) : recog_pillar has 0 polygons
2026-08-20 19:09:08 +0000: Memory Usage (137996K) : recog_sbump has 0 polygons
2026-08-20 19:09:08 +0000: Memory Usage (137996K) : recog_otp has 0 polygons
2026-08-20 19:09:08 +0000: Memory Usage (137996K) : recog_pdiode has 0 polygons
2026-08-20 19:09:08 +0000: Memory Usage (137996K) : recog_mom has 0 polygons
2026-08-20 19:09:08 +0000: Memory Usage (137996K) : recog_momf has 0 polygons
2026-08-20 19:09:08 +0000: Memory Usage (138124K) : recog_pcm has 0 polygons
2026-08-20 19:09:08 +0000: Memory Usage (138124K) : colopen_drw has 0 polygons
2026-08-20 19:09:08 +0000: Memory Usage (138124K) : graphmetal1_drw has 0 polygons
2026-08-20 19:09:08 +0000: Memory Usage (138252K) : graphmetal1_filler has 0 polygons
2026-08-20 19:09:08 +0000: Memory Usage (138252K) : graphmetal1_nofill has 0 polygons
2026-08-20 19:09:08 +0000: Memory Usage (138252K) : graphmetal1_slit has 0 polygons
2026-08-20 19:09:08 +0000: Memory Usage (138252K) : graphmetal1_OPC has 0 polygons
2026-08-20 19:09:08 +0000: Memory Usage (138380K) : graphmet1l_drw has 0 polygons
2026-08-20 19:09:08 +0000: Memory Usage (138380K) : graphmet1l_filler has 0 polygons
2026-08-20 19:09:08 +0000: Memory Usage (138380K) : graphmet1l_nofill has 0 polygons
2026-08-20 19:09:08 +0000: Memory Usage (138380K) : graphmet1l_slit has 0 polygons
2026-08-20 19:09:08 +0000: Memory Usage (138508K) : graphmet1l_OPC has 0 polygons
2026-08-20 19:09:08 +0000: Memory Usage (138508K) : extblock_drw has 6 polygons
2026-08-20 19:09:08 +0000: Memory Usage (138508K) : nldd_drw has 0 polygons
2026-08-20 19:09:08 +0000: Memory Usage (138508K) : pldd_drw has 0 polygons
2026-08-20 19:09:08 +0000: Memory Usage (138508K) : next_drw has 0 polygons
2026-08-20 19:09:08 +0000: Memory Usage (138636K) : pext_drw has 0 polygons
2026-08-20 19:09:08 +0000: Memory Usage (138636K) : nexthv_drw has 0 polygons
2026-08-20 19:09:08 +0000: Memory Usage (138636K) : pexthv_drw has 0 polygons
2026-08-20 19:09:08 +0000: Memory Usage (138636K) : graphgate_drw has 0 polygons
2026-08-20 19:09:08 +0000: Memory Usage (138636K) : sinwg_drw has 0 polygons
2026-08-20 19:09:08 +0000: Memory Usage (138636K) : sinwg_filler has 0 polygons
2026-08-20 19:09:08 +0000: Memory Usage (138764K) : sinwg_nofill has 0 polygons
2026-08-20 19:09:08 +0000: Memory Usage (138764K) : mempad_drw has 0 polygons
2026-08-20 19:09:08 +0000: Memory Usage (138764K) : topvia1_drw has 485 polygons
2026-08-20 19:09:08 +0000: Memory Usage (138764K) : topmetal1_drw has 58 polygons
2026-08-20 19:09:08 +0000: Memory Usage (138764K) : topmetal1_filler has 0 polygons
2026-08-20 19:09:08 +0000: Memory Usage (138892K) : topmetal1_slit has 0 polygons
2026-08-20 19:09:08 +0000: Memory Usage (138892K) : topmetal1 has 58 polygons
2026-08-20 19:09:08 +0000: Memory Usage (138892K) : topmetal1_pin has 0 polygons
2026-08-20 19:09:08 +0000: Memory Usage (138892K) : topmetal1_mask has 0 polygons
2026-08-20 19:09:08 +0000: Memory Usage (138892K) : topmetal1_nofill has 2 polygons
2026-08-20 19:09:08 +0000: Memory Usage (139020K) : topmetal1_text has 0 polygons
2026-08-20 19:09:08 +0000: Memory Usage (139020K) : topmetal1_noqrc has 0 polygons
2026-08-20 19:09:08 +0000: Memory Usage (139020K) : topmetal1_res has 0 polygons
2026-08-20 19:09:08 +0000: Memory Usage (139020K) : topmetal1_iprobe has 0 polygons
2026-08-20 19:09:08 +0000: Memory Usage (139148K) : topmetal1_diffprb has 0 polygons
2026-08-20 19:09:08 +0000: Memory Usage (139148K) : inldpwl_drw has 0 polygons
2026-08-20 19:09:08 +0000: Memory Usage (139148K) : polyres_drw has 2 polygons
2026-08-20 19:09:08 +0000: Memory Usage (139148K) : polyres_pin has 0 polygons
2026-08-20 19:09:08 +0000: Memory Usage (139276K) : vmim_drw has 0 polygons
2026-08-20 19:09:08 +0000: Memory Usage (139276K) : nbulaycut_drw has 0 polygons
2026-08-20 19:09:08 +0000: Memory Usage (139276K) : antmetal1_drw has 0 polygons
2026-08-20 19:09:08 +0000: Memory Usage (139404K) : topvia2_drw has 233 polygons
2026-08-20 19:09:08 +0000: Memory Usage (139404K) : topmetal2_drw has 65 polygons
2026-08-20 19:09:08 +0000: Memory Usage (139404K) : topmetal2_filler has 0 polygons
2026-08-20 19:09:08 +0000: Memory Usage (139404K) : topmetal2_slit has 0 polygons
2026-08-20 19:09:08 +0000: Memory Usage (139532K) : topmetal2 has 65 polygons
2026-08-20 19:09:08 +0000: Memory Usage (139532K) : topmetal2_pin has 4 polygons
2026-08-20 19:09:08 +0000: Memory Usage (139532K) : topmetal2_mask has 0 polygons
2026-08-20 19:09:08 +0000: Memory Usage (139660K) : topmetal2_nofill has 2 polygons
2026-08-20 19:09:08 +0000: Memory Usage (139660K) : topmetal2_text has 8 polygons
2026-08-20 19:09:08 +0000: Memory Usage (139660K) : topmetal2_noqrc has 0 polygons
2026-08-20 19:09:08 +0000: Memory Usage (139660K) : topmetal2_res has 0 polygons
2026-08-20 19:09:08 +0000: Memory Usage (139788K) : topmetal2_iprobe has 0 polygons
2026-08-20 19:09:08 +0000: Memory Usage (139788K) : topmetal2_diffprb has 0 polygons
2026-08-20 19:09:08 +0000: Memory Usage (139788K) : snsring_drw has 0 polygons
2026-08-20 19:09:08 +0000: Memory Usage (139916K) : sensor_drw has 0 polygons
2026-08-20 19:09:08 +0000: Memory Usage (139916K) : snsarms_drw has 0 polygons
2026-08-20 19:09:08 +0000: Memory Usage (139916K) : snscmosvia_drw has 0 polygons
2026-08-20 19:09:08 +0000: Memory Usage (139916K) : colwind_drw has 0 polygons
2026-08-20 19:09:08 +0000: Memory Usage (140044K) : flm_drw has 0 polygons
2026-08-20 19:09:08 +0000: Memory Usage (140172K) : hafniumox_drw has 0 polygons
2026-08-20 19:09:08 +0000: Memory Usage (140172K) : memvia_drw has 0 polygons
2026-08-20 19:09:08 +0000: Memory Usage (140172K) : thinfilmres_drw has 0 polygons
2026-08-20 19:09:08 +0000: Memory Usage (140172K) : rfmem_drw has 0 polygons
2026-08-20 19:09:08 +0000: Memory Usage (140172K) : norcx_drw has 2 polygons
2026-08-20 19:09:08 +0000: Memory Usage (140172K) : norcx_m2m3 has 0 polygons
2026-08-20 19:09:08 +0000: Memory Usage (140172K) : norcx_m2m4 has 0 polygons
2026-08-20 19:09:08 +0000: Memory Usage (140172K) : norcx_m2m5 has 0 polygons
2026-08-20 19:09:08 +0000: Memory Usage (140172K) : norcx_m2tm1 has 0 polygons
2026-08-20 19:09:08 +0000: Memory Usage (140172K) : norcx_m2tm2 has 0 polygons
2026-08-20 19:09:08 +0000: Memory Usage (140172K) : norcx_m3m4 has 0 polygons
2026-08-20 19:09:08 +0000: Memory Usage (140172K) : norcx_m3m5 has 0 polygons
2026-08-20 19:09:08 +0000: Memory Usage (140172K) : norcx_m3tm1 has 0 polygons
2026-08-20 19:09:08 +0000: Memory Usage (140172K) : norcx_m3tm2 has 0 polygons
2026-08-20 19:09:08 +0000: Memory Usage (140172K) : norcx_m4m5 has 0 polygons
2026-08-20 19:09:08 +0000: Memory Usage (140172K) : norcx_m4tm1 has 0 polygons
2026-08-20 19:09:08 +0000: Memory Usage (140172K) : norcx_m4tm2 has 0 polygons
2026-08-20 19:09:08 +0000: Memory Usage (140172K) : norcx_m5tm1 has 0 polygons
2026-08-20 19:09:08 +0000: Memory Usage (140172K) : norcx_m5tm2 has 0 polygons
2026-08-20 19:09:08 +0000: Memory Usage (140172K) : norcx_tm1tm2 has 0 polygons
2026-08-20 19:09:08 +0000: Memory Usage (140172K) : norcx_m1sub has 0 polygons
2026-08-20 19:09:08 +0000: Memory Usage (140172K) : norcx_m2sub has 0 polygons
2026-08-20 19:09:08 +0000: Memory Usage (140172K) : norcx_m3sub has 0 polygons
2026-08-20 19:09:08 +0000: Memory Usage (140172K) : norcx_m4sub has 0 polygons
2026-08-20 19:09:08 +0000: Memory Usage (140172K) : norcx_m5sub has 0 polygons
2026-08-20 19:09:08 +0000: Memory Usage (140172K) : norcx_tm1sub has 0 polygons
2026-08-20 19:09:08 +0000: Memory Usage (140172K) : norcx_tm2sub has 0 polygons
2026-08-20 19:09:08 +0000: Memory Usage (140172K) : snsbotvia_drw has 0 polygons
2026-08-20 19:09:08 +0000: Memory Usage (140172K) : snstopvia_drw has 0 polygons
2026-08-20 19:09:08 +0000: Memory Usage (140172K) : deepvia_drw has 0 polygons
2026-08-20 19:09:08 +0000: Memory Usage (140172K) : fgetch_drw has 0 polygons
2026-08-20 19:09:08 +0000: Memory Usage (140172K) : ctrgat_drw has 0 polygons
2026-08-20 19:09:08 +0000: Memory Usage (140172K) : fgimp_drw has 0 polygons
2026-08-20 19:09:08 +0000: Memory Usage (140172K) : emwihv_drw has 0 polygons
2026-08-20 19:09:08 +0000: Memory Usage (140172K) : lbe_drw has 2 polygons
2026-08-20 19:09:08 +0000: Memory Usage (140172K) : alcustop_drw has 0 polygons
2026-08-20 19:09:08 +0000: Memory Usage (140172K) : nometfiller_drw has 0 polygons
2026-08-20 19:09:08 +0000: Memory Usage (140172K) : prboundary_drw has 0 polygons
2026-08-20 19:09:08 +0000: Memory Usage (140172K) : exchange0_drw has 0 polygons
2026-08-20 19:09:08 +0000: Memory Usage (140172K) : exchange0_pin has 0 polygons
2026-08-20 19:09:08 +0000: Memory Usage (140172K) : exchange0_text has 0 polygons
2026-08-20 19:09:08 +0000: Memory Usage (140172K) : exchange1_drw has 0 polygons
2026-08-20 19:09:08 +0000: Memory Usage (140172K) : exchange1_pin has 0 polygons
2026-08-20 19:09:08 +0000: Memory Usage (140172K) : exchange1_text has 0 polygons
2026-08-20 19:09:08 +0000: Memory Usage (140172K) : exchange2_drw has 0 polygons
2026-08-20 19:09:08 +0000: Memory Usage (140172K) : exchange2_pin has 0 polygons
2026-08-20 19:09:08 +0000: Memory Usage (140172K) : exchange2_text has 0 polygons
2026-08-20 19:09:08 +0000: Memory Usage (140172K) : exchange3_drw has 0 polygons
2026-08-20 19:09:08 +0000: Memory Usage (140172K) : exchange3_pin has 0 polygons
2026-08-20 19:09:08 +0000: Memory Usage (140172K) : exchange3_text has 0 polygons
2026-08-20 19:09:08 +0000: Memory Usage (140172K) : exchange4_drw has 0 polygons
2026-08-20 19:09:08 +0000: Memory Usage (140172K) : exchange4_pin has 0 polygons
2026-08-20 19:09:08 +0000: Memory Usage (140172K) : exchange4_text has 0 polygons
2026-08-20 19:09:08 +0000: Memory Usage (140172K) : isonwell_drw has 0 polygons
2026-08-20 19:09:08 +0000: Memory Usage (140172K) : Total no. of polygons in the design is 32072
2026-08-20 19:09:08 +0000: Memory Usage (140172K) : Starting base layers derivations
2026-08-20 19:09:08 +0000: Memory Usage (140172K) : Starting general LVS derivations
2026-08-20 19:09:08 +0000: Memory Usage (144332K) : Starting MOSFET DERIVATIONS
2026-08-20 19:09:08 +0000: Memory Usage (145100K) : Starting NMOS DERIVATIONS
2026-08-20 19:09:08 +0000: Memory Usage (145100K) : Starting PMOS DERIVATIONS
2026-08-20 19:09:08 +0000: Memory Usage (145100K) : Starting RF-MOSFET DERIVATIONS
2026-08-20 19:09:08 +0000: Memory Usage (145100K) : Starting RF-NMOS DERIVATIONS
2026-08-20 19:09:08 +0000: Memory Usage (145100K) : Starting RF-PMOS DERIVATIONS
2026-08-20 19:09:08 +0000: Memory Usage (145100K) : Starting BJT DERIVATIONS
2026-08-20 19:09:08 +0000: Memory Usage (145100K) : Starting NPN-BJT DERIVATIONS
2026-08-20 19:09:08 +0000: Memory Usage (145100K) : Starting PNP-BJT DERIVATIONS
2026-08-20 19:09:08 +0000: Memory Usage (145100K) : Starting DIODE DERIVATIONS
2026-08-20 19:09:09 +0000: Memory Usage (145100K) : Starting RESISTOR DERIVATIONS
2026-08-20 19:09:09 +0000: Memory Usage (145356K) : Starting CAP DERIVATIONS
2026-08-20 19:09:09 +0000: Memory Usage (145356K) : Starting CAP_CMOM DERIVATIONS
2026-08-20 19:09:09 +0000: Memory Usage (145356K) : Starting CAP_CMOMF DERIVATIONS
2026-08-20 19:09:09 +0000: Memory Usage (145356K) : Starting ESD DERIVATIONS
2026-08-20 19:09:10 +0000: Memory Usage (145484K) : Starting Inductor DERIVATIONS
2026-08-20 19:09:10 +0000: Memory Usage (145484K) : Starting Taps DERIVATIONS
2026-08-20 19:09:10 +0000: Memory Usage (145484K) : Starting SG13G2 LVS connectivity setup
2026-08-20 19:09:10 +0000: Memory Usage (145484K) : Starting SG13G2 LVS connectivity setup (Inter-layer)
2026-08-20 19:09:10 +0000: Memory Usage (145612K) : Starting SG13G2 LVS connectivity setup (Global)
2026-08-20 19:09:10 +0000: Memory Usage (145612K) : Starting LVS MOSFET CONNECTIONS
2026-08-20 19:09:10 +0000: Memory Usage (145612K) : Starting LVS RF-MOSFET CONNECTIONS
2026-08-20 19:09:10 +0000: Memory Usage (145612K) : Starting LVS BJT CONNECTIONS
2026-08-20 19:09:10 +0000: Memory Usage (145612K) : Starting LVS DIODE CONNECTIONS
2026-08-20 19:09:10 +0000: Memory Usage (145612K) : Starting RESISTOR CONNECTIONS
2026-08-20 19:09:10 +0000: Memory Usage (145612K) : Starting LVS CAP CONNECTIONS
2026-08-20 19:09:10 +0000: Memory Usage (145612K) : Starting CAP_CMOM CONNECTIONS
2026-08-20 19:09:10 +0000: Memory Usage (145612K) : Starting CAP_CMOMF CONNECTIONS
2026-08-20 19:09:10 +0000: Memory Usage (145612K) : Starting ESD CONNECTIONS
2026-08-20 19:09:10 +0000: Memory Usage (145612K) : Starting Inductor CONNECTIONS
2026-08-20 19:09:10 +0000: Memory Usage (145612K) : Starting LVS Taps CONNECTIONS
2026-08-20 19:09:10 +0000: Memory Usage (145612K) : Starting SG13G2 LVS DEVICES EXTRACTION
2026-08-20 19:09:10 +0000: Memory Usage (145612K) : Starting MOSFET EXTRACTION
2026-08-20 19:09:10 +0000: Memory Usage (145612K) : Starting NMOS EXTRACTION
2026-08-20 19:09:10 +0000: Memory Usage (145612K) : Extraction of NMOS-LV transistor
2026-08-20 19:09:10 +0000: Memory Usage (145740K) : Extraction of NMOS-HV transistor
2026-08-20 19:09:10 +0000: Memory Usage (145740K) : Starting PMOS EXTRACTION
2026-08-20 19:09:10 +0000: Memory Usage (145740K) : Extraction of PMOS-LV transistor
2026-08-20 19:09:10 +0000: Memory Usage (145740K) : Extraction of PMOS-HV transistor
2026-08-20 19:09:10 +0000: Memory Usage (145740K) : Starting RF-MOSFET EXTRACTION
2026-08-20 19:09:10 +0000: Memory Usage (145740K) : Extraction of RF-NMOS-LV transistor
2026-08-20 19:09:10 +0000: Memory Usage (145740K) : Extraction of RF-NMOS-HV transistor
2026-08-20 19:09:10 +0000: Memory Usage (145740K) : Extraction of RF-PMOS-LV transistor
2026-08-20 19:09:10 +0000: Memory Usage (145740K) : Extraction of RF-PMOS-HV transistor
2026-08-20 19:09:10 +0000: Memory Usage (145740K) : Starting BJT EXTRACTION
2026-08-20 19:09:10 +0000: Memory Usage (145740K) : Starting NPN-BJT EXTRACTION
2026-08-20 19:09:10 +0000: Memory Usage (145740K) : Extraction of npn13G2 BJT transistor
2026-08-20 19:09:10 +0000: Memory Usage (145740K) : Extraction of npn13G2L BJT transistor
2026-08-20 19:09:10 +0000: Memory Usage (145740K) : Extraction of npn13G2V BJT transistor
2026-08-20 19:09:10 +0000: Memory Usage (145740K) : Starting PNP-BJT EXTRACTION
2026-08-20 19:09:10 +0000: Memory Usage (145740K) : Extracting pnpMPA BJT
2026-08-20 19:09:10 +0000: Memory Usage (145740K) : Starting DIODE EXTRACTION
2026-08-20 19:09:10 +0000: Memory Usage (145740K) : Extracting dantenna diode
2026-08-20 19:09:10 +0000: Memory Usage (145740K) : Extracting dpantenna diode
2026-08-20 19:09:10 +0000: Memory Usage (145740K) : Extracting schottky_nbl1 diode
2026-08-20 19:09:10 +0000: Memory Usage (145740K) : Extracting isolbox diode
2026-08-20 19:09:10 +0000: Memory Usage (145740K) : Starting RESISTOR EXTRACTION
2026-08-20 19:09:10 +0000: Memory Usage (145740K) : Extracting rsil resistor
2026-08-20 19:09:10 +0000: Memory Usage (145740K) : Extracting rppd resistor
2026-08-20 19:09:10 +0000: Memory Usage (145740K) : Extracting rhigh resistor
2026-08-20 19:09:10 +0000: Memory Usage (145740K) : Extracting res_metal1 resistor
2026-08-20 19:09:10 +0000: Memory Usage (145740K) : Extracting res_metal2 resistor
2026-08-20 19:09:10 +0000: Memory Usage (145740K) : Extracting res_metal3 resistor
2026-08-20 19:09:10 +0000: Memory Usage (145740K) : Extracting res_metal4 resistor
2026-08-20 19:09:10 +0000: Memory Usage (145740K) : Extracting res_metal5 resistor
2026-08-20 19:09:10 +0000: Memory Usage (145740K) : Extracting res_topmetal1 resistor
2026-08-20 19:09:10 +0000: Memory Usage (145740K) : Extracting res_topmetal2 resistor
2026-08-20 19:09:10 +0000: Memory Usage (145740K) : Starting CAP EXTRACTION
2026-08-20 19:09:10 +0000: Memory Usage (145740K) : Extracting cap_cmim device
2026-08-20 19:09:10 +0000: Memory Usage (145740K) : Extracting rfcmim device
2026-08-20 19:09:10 +0000: Memory Usage (145740K) : Extracting sg13_hv_svaricap varactor
2026-08-20 19:09:10 +0000: Memory Usage (145740K) : Extracting cap_cmomi device
2026-08-20 19:09:10 +0000: Memory Usage (145740K) : Extracting cap_cmomf device
2026-08-20 19:09:10 +0000: Memory Usage (145740K) : Extracting sg13_moscap_n capacitor
2026-08-20 19:09:10 +0000: Memory Usage (145740K) : Extracting sg13_moscap_p capacitor
2026-08-20 19:09:10 +0000: Memory Usage (145740K) : Starting ESD EXTRACTION
2026-08-20 19:09:10 +0000: Memory Usage (145740K) : Extracting diodevdd_2kv ESD device
2026-08-20 19:09:10 +0000: Memory Usage (145740K) : Extracting diodevdd_4kv ESD device
2026-08-20 19:09:10 +0000: Memory Usage (145740K) : Extracting diodevss_2kv ESD device
2026-08-20 19:09:10 +0000: Memory Usage (145740K) : Extracting diodevss_4kv ESD device
2026-08-20 19:09:10 +0000: Memory Usage (145740K) : Extracting idiodevdd_2kv ESD device
2026-08-20 19:09:10 +0000: Memory Usage (145740K) : Extracting idiodevdd_4kv ESD device
2026-08-20 19:09:10 +0000: Memory Usage (145740K) : Extracting idiodevss_2kv ESD device
2026-08-20 19:09:10 +0000: Memory Usage (145740K) : Extracting idiodevss_4kv ESD device
2026-08-20 19:09:10 +0000: Memory Usage (145740K) : Extracting nmoscl_2 ESD device
2026-08-20 19:09:10 +0000: Memory Usage (145740K) : Extracting nmoscl_4 ESD device
2026-08-20 19:09:10 +0000: Memory Usage (145740K) : Starting Inductor EXTRACTION
2026-08-20 19:09:10 +0000: Memory Usage (145740K) : Extracting Inductor2 device
2026-08-20 19:09:10 +0000: Memory Usage (145996K) : Extracting Inductor3 device
2026-08-20 19:09:10 +0000: Memory Usage (145996K) : Starting Taps EXTRACTION
2026-08-20 19:09:10 +0000: Memory Usage (145996K) : DISABLE_TAP_EXTRACTION is enabled: skipping ntap1/ptap1 device extraction.
2026-08-20 19:09:10 +0000: Memory Usage (145996K) : Starting SG13G2 LVS RF MOS Model Mapping
2026-08-20 19:09:10 +0000: Memory Usage (145996K) : [layout_netlist] Apply RF MOS model mapping and rfmode parameter.
2026-08-20 19:09:10 +0000: Memory Usage (145996K) : Starting SG13G2 LVS Options Preparations
2026-08-20 19:09:10 +0000: Memory Usage (145996K) : SG13G2 LVS flow: extraction -> alignment -> option preparation -> comparison.
2026-08-20 19:09:10 +0000: Memory Usage (145996K) : Starting SG13G2 LVS Alignment
2026-08-20 19:09:10 +0000: Memory Usage (146124K) : Starting SG13G2 LVS Simplification
2026-08-20 19:09:10 +0000: Memory Usage (146124K) : [layout_netlist] simplify: ENABLED
2026-08-20 19:09:10 +0000: Memory Usage (146124K) : [layout_netlist] make_top_level_pins: SKIPPED
2026-08-20 19:09:10 +0000: Memory Usage (146124K) : [layout_netlist] combine_devices: SKIPPED
2026-08-20 19:09:10 +0000: Memory Usage (146124K) : [layout_netlist] purge: SKIPPED
2026-08-20 19:09:10 +0000: Memory Usage (146124K) : [layout_netlist] purge_nets: SKIPPED
2026-08-20 19:09:10 +0000: Memory Usage (146124K) : [schematic_netlist] simplify: ENABLED
2026-08-20 19:09:10 +0000: Memory Usage (146124K) : [schematic_netlist] make_top_level_pins: SKIPPED
2026-08-20 19:09:10 +0000: Memory Usage (146124K) : [schematic_netlist] combine_devices: SKIPPED
2026-08-20 19:09:10 +0000: Memory Usage (146124K) : [schematic_netlist] purge: SKIPPED
2026-08-20 19:09:10 +0000: Memory Usage (146124K) : [schematic_netlist] purge_nets: SKIPPED
2026-08-20 19:09:10 +0000: Memory Usage (146124K) : Starting SG13G2 LVS Comparison
2026-08-20 19:09:10 +0000: Memory Usage (146252K) : xxxxxxxxxxxxxxxxxxxxxxxxxxxxxxxxxxxxxxxxxx
2026-08-20 19:09:10 +0000: Memory Usage (146252K) : ERROR : Netlists don't match
2026-08-20 19:09:10 +0000: Memory Usage (146252K) : xxxxxxxxxxxxxxxxxxxxxxxxxxxxxxxxxxxxxxxxxx
2026-08-20 19:09:10 +0000: Memory Usage (146252K) : LVS Total Run time 2.684163 seconds
