$ /home/ubuntu/.local/share/ihp-eda/venv/bin/python /home/ubuntu/.local/share/ihp-eda/IHP-Open-PDK/ihp-sg13g2/libs.tech/klayout/tech/lvs/run_lvs.py --layout=/workspace/layout/blocks/out/driver_stage/check7/driver_dut.gds --netlist=/workspace/layout/blocks/out/driver_stage/check7/x.cdl --run_dir=/workspace/layout/blocks/out/driver_stage/check7/lvs --run_mode=deep --topcell=driver_dut --implicit_nets=sub,sub! --ignore_top_ports_mismatch --disable_tap_extraction

--- stdout ---
2026-08-20 17:43:07 +0000: Memory Usage (128612K) : Starting running SG13G2 Klayout LVS runset on /workspace/layout/blocks/out/driver_stage/check7/driver_dut.gds
2026-08-20 17:43:07 +0000: Memory Usage (128612K) : Ruby Version for klayout: 3.2.3
2026-08-20 17:43:07 +0000: Memory Usage (129952K) : Loading database to memory is complete.
2026-08-20 17:43:07 +0000: Memory Usage (129952K) : SG13G2 Klayout LVS runset output at: /workspace/layout/blocks/out/driver_stage/check7/lvs/driver_dut.lvsdb
2026-08-20 17:43:07 +0000: Memory Usage (129952K) : Evaluate switches.
2026-08-20 17:43:07 +0000: Memory Usage (129952K) : Extracted netlist with net names: true
2026-08-20 17:43:07 +0000: Memory Usage (129952K) : Extracted netlist with comments in details: false
2026-08-20 17:43:07 +0000: Memory Usage (129952K) : Selected NET_ONLY option: false
2026-08-20 17:43:07 +0000: Memory Usage (129952K) : Selected LAYOUT_NETLIST option: (none)
2026-08-20 17:43:07 +0000: Memory Usage (129952K) : Selected IGNORE_TOP_PORTS_MISMATCH option: true
2026-08-20 17:43:07 +0000: Memory Usage (129952K) : Selected IMPLICIT_NETS option: sub,sub!
2026-08-20 17:43:07 +0000: Memory Usage (129952K) : Selected TOP_LVL_PINS option: false
2026-08-20 17:43:07 +0000: Memory Usage (129952K) : Selected COMBINE DEVICES option: false
2026-08-20 17:43:07 +0000: Memory Usage (129952K) : Selected PURGE option: false
2026-08-20 17:43:07 +0000: Memory Usage (129952K) : Selected PURGE_NETS option: false
2026-08-20 17:43:07 +0000: Memory Usage (129952K) : Selected SIMPLIFY option: true
2026-08-20 17:43:07 +0000: Memory Usage (129952K) : Selected SERIES_RES option: true
2026-08-20 17:43:07 +0000: Memory Usage (129952K) : Selected PARALLEL_RES option: true
2026-08-20 17:43:07 +0000: Memory Usage (129952K) : Selected DISABLE_TAP_EXTRACTION option: true
2026-08-20 17:43:07 +0000: Memory Usage (129952K) : deep  mode is enabled.
2026-08-20 17:43:07 +0000: Memory Usage (129952K) : Applying implicit connections (case-sensitive, pattern supported) for nets: sub, sub!
2026-08-20 17:43:07 +0000: Memory Usage (131052K) : Netlist file: /workspace/layout/blocks/out/driver_stage/check7/x.cdl
2026-08-20 17:43:07 +0000: Memory Usage (131052K) : LVS extracted netlist at: /workspace/layout/blocks/out/driver_stage/check7/lvs/driver_dut_extracted.cir
2026-08-20 17:43:07 +0000: Memory Usage (131052K) : Applying SRAM integration support.
2026-08-20 17:43:07 +0000: Memory Usage (131052K) : Starting SG13G2 LVS runset
2026-08-20 17:43:07 +0000: Memory Usage (131052K) : Read in polygons from layers.
2026-08-20 17:43:07 +0000: Memory Usage (132264K) : activ_drw has 875 polygons
2026-08-20 17:43:07 +0000: Memory Usage (132264K) : activ_filler has 0 polygons
2026-08-20 17:43:07 +0000: Memory Usage (132392K) : activ has 875 polygons
2026-08-20 17:43:07 +0000: Memory Usage (132392K) : activ_pin has 0 polygons
2026-08-20 17:43:07 +0000: Memory Usage (132392K) : activ_mask has 4 polygons
2026-08-20 17:43:07 +0000: Memory Usage (132392K) : activ_nofill has 2 polygons
2026-08-20 17:43:07 +0000: Memory Usage (132392K) : activ_OPC has 0 polygons
2026-08-20 17:43:07 +0000: Memory Usage (132392K) : activ_iOPC has 0 polygons
2026-08-20 17:43:07 +0000: Memory Usage (132392K) : activ_noqrc has 0 polygons
2026-08-20 17:43:07 +0000: Memory Usage (132480K) : biwind_drw has 0 polygons
2026-08-20 17:43:07 +0000: Memory Usage (132992K) : biwind_OPC has 0 polygons
2026-08-20 17:43:07 +0000: Memory Usage (132992K) : gatpoly_drw has 140 polygons
2026-08-20 17:43:07 +0000: Memory Usage (132992K) : gatpoly_filler has 0 polygons
2026-08-20 17:43:07 +0000: Memory Usage (132992K) : gatpoly has 140 polygons
2026-08-20 17:43:07 +0000: Memory Usage (132992K) : gatpoly_pin has 119 polygons
2026-08-20 17:43:07 +0000: Memory Usage (132992K) : gatpoly_nofill has 2 polygons
2026-08-20 17:43:07 +0000: Memory Usage (132992K) : gatpoly_OPC has 0 polygons
2026-08-20 17:43:07 +0000: Memory Usage (132992K) : gatpoly_iOPC has 0 polygons
2026-08-20 17:43:07 +0000: Memory Usage (132992K) : gatpoly_noqrc has 0 polygons
2026-08-20 17:43:07 +0000: Memory Usage (132992K) : cont_drw has 10261 polygons
2026-08-20 17:43:07 +0000: Memory Usage (132992K) : cont_OPC has 0 polygons
2026-08-20 17:43:07 +0000: Memory Usage (132992K) : nsd_drw has 0 polygons
2026-08-20 17:43:07 +0000: Memory Usage (132992K) : nsd_block has 4 polygons
2026-08-20 17:43:07 +0000: Memory Usage (132992K) : metal1_drw has 1526 polygons
2026-08-20 17:43:07 +0000: Memory Usage (132992K) : metal1_filler has 0 polygons
2026-08-20 17:43:07 +0000: Memory Usage (132992K) : metal1_slit has 0 polygons
2026-08-20 17:43:07 +0000: Memory Usage (132992K) : metal1 has 1526 polygons
2026-08-20 17:43:07 +0000: Memory Usage (132992K) : metal1_pin has 746 polygons
2026-08-20 17:43:07 +0000: Memory Usage (132992K) : metal1_mask has 0 polygons
2026-08-20 17:43:07 +0000: Memory Usage (132992K) : metal1_nofill has 2 polygons
2026-08-20 17:43:07 +0000: Memory Usage (133248K) : metal1_text has 5 polygons
2026-08-20 17:43:07 +0000: Memory Usage (133248K) : metal1_OPC has 0 polygons
2026-08-20 17:43:07 +0000: Memory Usage (133376K) : metal1_noqrc has 0 polygons
2026-08-20 17:43:07 +0000: Memory Usage (133376K) : metal1_res has 0 polygons
2026-08-20 17:43:07 +0000: Memory Usage (133376K) : metal1_iprobe has 0 polygons
2026-08-20 17:43:07 +0000: Memory Usage (133504K) : metal1_diffprb has 0 polygons
2026-08-20 17:43:07 +0000: Memory Usage (133504K) : passiv_drw has 2 polygons
2026-08-20 17:43:07 +0000: Memory Usage (133632K) : passiv_pin has 0 polygons
2026-08-20 17:43:07 +0000: Memory Usage (133632K) : passiv_sbump has 0 polygons
2026-08-20 17:43:07 +0000: Memory Usage (133632K) : passiv_pillar has 0 polygons
2026-08-20 17:43:07 +0000: Memory Usage (133760K) : passiv_pdl has 0 polygons
2026-08-20 17:43:07 +0000: Memory Usage (133760K) : metal2_drw has 529 polygons
2026-08-20 17:43:07 +0000: Memory Usage (133760K) : metal2_filler has 0 polygons
2026-08-20 17:43:07 +0000: Memory Usage (133888K) : metal2_slit has 0 polygons
2026-08-20 17:43:07 +0000: Memory Usage (133888K) : metal2 has 529 polygons
2026-08-20 17:43:07 +0000: Memory Usage (133888K) : metal2_pin has 2 polygons
2026-08-20 17:43:07 +0000: Memory Usage (134016K) : metal2_mask has 0 polygons
2026-08-20 17:43:07 +0000: Memory Usage (134016K) : metal2_nofill has 2 polygons
2026-08-20 17:43:07 +0000: Memory Usage (134016K) : metal2_text has 3 polygons
2026-08-20 17:43:07 +0000: Memory Usage (134016K) : metal2_OPC has 0 polygons
2026-08-20 17:43:07 +0000: Memory Usage (134144K) : metal2_noqrc has 0 polygons
2026-08-20 17:43:07 +0000: Memory Usage (134144K) : metal2_res has 0 polygons
2026-08-20 17:43:07 +0000: Memory Usage (134144K) : metal2_iprobe has 0 polygons
2026-08-20 17:43:07 +0000: Memory Usage (134272K) : metal2_diffprb has 0 polygons
2026-08-20 17:43:07 +0000: Memory Usage (134272K) : baspoly_drw has 0 polygons
2026-08-20 17:43:07 +0000: Memory Usage (134272K) : baspoly_pin has 0 polygons
2026-08-20 17:43:07 +0000: Memory Usage (134272K) : psd_drw has 503 polygons
2026-08-20 17:43:07 +0000: Memory Usage (134400K) : nldb_drw has 0 polygons
2026-08-20 17:43:07 +0000: Memory Usage (134400K) : digibnd_drw has 0 polygons
2026-08-20 17:43:07 +0000: Memory Usage (134400K) : via1_drw has 6770 polygons
2026-08-20 17:43:07 +0000: Memory Usage (134400K) : backmetal1_drw has 0 polygons
2026-08-20 17:43:07 +0000: Memory Usage (134528K) : backmetal1_pin has 0 polygons
2026-08-20 17:43:07 +0000: Memory Usage (134528K) : backmetal1_mask has 0 polygons
2026-08-20 17:43:07 +0000: Memory Usage (134528K) : backmetal1_filler has 0 polygons
2026-08-20 17:43:07 +0000: Memory Usage (134528K) : backmetal1_nofill has 0 polygons
2026-08-20 17:43:07 +0000: Memory Usage (134656K) : backmetal1_slit has 0 polygons
2026-08-20 17:43:07 +0000: Memory Usage (134656K) : backmetal1_text has 0 polygons
2026-08-20 17:43:07 +0000: Memory Usage (134656K) : backmetal1_OPC has 0 polygons
2026-08-20 17:43:07 +0000: Memory Usage (134656K) : backmetal1_noqrc has 0 polygons
2026-08-20 17:43:07 +0000: Memory Usage (134784K) : backmetal1_res has 0 polygons
2026-08-20 17:43:07 +0000: Memory Usage (134784K) : backmetal1_iprobe has 0 polygons
2026-08-20 17:43:07 +0000: Memory Usage (134784K) : backmetal1_diffprb has 0 polygons
2026-08-20 17:43:07 +0000: Memory Usage (134784K) : backpassiv_drw has 0 polygons
2026-08-20 17:43:07 +0000: Memory Usage (134912K) : res_drw has 2 polygons
2026-08-20 17:43:07 +0000: Memory Usage (134912K) : sram_drw has 0 polygons
2026-08-20 17:43:07 +0000: Memory Usage (134912K) : trans_drw has 2 polygons
2026-08-20 17:43:07 +0000: Memory Usage (135040K) : ind_drw has 2 polygons
2026-08-20 17:43:07 +0000: Memory Usage (135040K) : ind_pin has 4 polygons
2026-08-20 17:43:07 +0000: Memory Usage (135040K) : ind_text has 4 polygons
2026-08-20 17:43:07 +0000: Memory Usage (135040K) : salblock_drw has 12 polygons
2026-08-20 17:43:07 +0000: Memory Usage (135040K) : via2_drw has 804 polygons
2026-08-20 17:43:07 +0000: Memory Usage (135168K) : metal3_drw has 38 polygons
2026-08-20 17:43:07 +0000: Memory Usage (135168K) : metal3_filler has 0 polygons
2026-08-20 17:43:07 +0000: Memory Usage (135168K) : metal3_slit has 0 polygons
2026-08-20 17:43:07 +0000: Memory Usage (135296K) : metal3 has 38 polygons
2026-08-20 17:43:07 +0000: Memory Usage (135296K) : metal3_pin has 2 polygons
2026-08-20 17:43:07 +0000: Memory Usage (135296K) : metal3_mask has 0 polygons
2026-08-20 17:43:07 +0000: Memory Usage (135296K) : metal3_nofill has 2 polygons
2026-08-20 17:43:07 +0000: Memory Usage (135296K) : metal3_text has 0 polygons
2026-08-20 17:43:07 +0000: Memory Usage (135296K) : metal3_OPC has 0 polygons
2026-08-20 17:43:07 +0000: Memory Usage (135296K) : metal3_noqrc has 0 polygons
2026-08-20 17:43:07 +0000: Memory Usage (135296K) : metal3_res has 0 polygons
2026-08-20 17:43:07 +0000: Memory Usage (135296K) : metal3_iprobe has 0 polygons
2026-08-20 17:43:07 +0000: Memory Usage (135296K) : metal3_diffprb has 0 polygons
2026-08-20 17:43:07 +0000: Memory Usage (135296K) : nwell_drw has 4 polygons
2026-08-20 17:43:07 +0000: Memory Usage (135296K) : nwell_pin has 0 polygons
2026-08-20 17:43:07 +0000: Memory Usage (135296K) : nwell_text has 0 polygons
2026-08-20 17:43:07 +0000: Memory Usage (135296K) : nbulay_drw has 1 polygons
2026-08-20 17:43:07 +0000: Memory Usage (135296K) : nbulay_pin has 0 polygons
2026-08-20 17:43:07 +0000: Memory Usage (135424K) : nbulay_block has 0 polygons
2026-08-20 17:43:07 +0000: Memory Usage (135424K) : emwind_drw has 4 polygons
2026-08-20 17:43:07 +0000: Memory Usage (135424K) : emwind_OPC has 0 polygons
2026-08-20 17:43:07 +0000: Memory Usage (135424K) : deepco_drw has 0 polygons
2026-08-20 17:43:07 +0000: Memory Usage (135424K) : mim_drw has 0 polygons
2026-08-20 17:43:07 +0000: Memory Usage (135424K) : edgeseal_drw has 0 polygons
2026-08-20 17:43:07 +0000: Memory Usage (135552K) : substrate_drw has 500 polygons
2026-08-20 17:43:07 +0000: Memory Usage (135552K) : substrate_text has 0 polygons
2026-08-20 17:43:07 +0000: Memory Usage (135552K) : dfpad_drw has 2 polygons
2026-08-20 17:43:07 +0000: Memory Usage (135552K) : dfpad_pillar has 0 polygons
2026-08-20 17:43:07 +0000: Memory Usage (135552K) : dfpad_sbump has 0 polygons
2026-08-20 17:43:07 +0000: Memory Usage (135552K) : thickgateox_drw has 1 polygons
2026-08-20 17:43:07 +0000: Memory Usage (135680K) : pldb_drw has 0 polygons
2026-08-20 17:43:07 +0000: Memory Usage (135680K) : pwell_drw has 0 polygons
2026-08-20 17:43:07 +0000: Memory Usage (135680K) : pwell_pin has 0 polygons
2026-08-20 17:43:07 +0000: Memory Usage (135680K) : pwell_block has 2 polygons
2026-08-20 17:43:07 +0000: Memory Usage (135680K) : ic_drw has 0 polygons
2026-08-20 17:43:07 +0000: Memory Usage (135680K) : via3_drw has 1009 polygons
2026-08-20 17:43:07 +0000: Memory Usage (135808K) : metal4_drw has 21 polygons
2026-08-20 17:43:07 +0000: Memory Usage (135808K) : metal4_filler has 0 polygons
2026-08-20 17:43:07 +0000: Memory Usage (135808K) : metal4_slit has 0 polygons
2026-08-20 17:43:07 +0000: Memory Usage (135808K) : metal4 has 21 polygons
2026-08-20 17:43:07 +0000: Memory Usage (135808K) : metal4_pin has 0 polygons
2026-08-20 17:43:07 +0000: Memory Usage (135936K) : metal4_mask has 0 polygons
2026-08-20 17:43:07 +0000: Memory Usage (135936K) : metal4_nofill has 2 polygons
2026-08-20 17:43:07 +0000: Memory Usage (135936K) : metal4_text has 3 polygons
2026-08-20 17:43:07 +0000: Memory Usage (135936K) : metal4_OPC has 0 polygons
2026-08-20 17:43:07 +0000: Memory Usage (135936K) : metal4_noqrc has 0 polygons
2026-08-20 17:43:07 +0000: Memory Usage (135936K) : metal4_res has 0 polygons
2026-08-20 17:43:07 +0000: Memory Usage (136064K) : metal4_iprobe has 0 polygons
2026-08-20 17:43:07 +0000: Memory Usage (136064K) : metal4_diffprb has 0 polygons
2026-08-20 17:43:07 +0000: Memory Usage (136064K) : heattrans_drw has 123 polygons
2026-08-20 17:43:07 +0000: Memory Usage (136064K) : heatres_drw has 2 polygons
2026-08-20 17:43:07 +0000: Memory Usage (136064K) : fbe_drw has 0 polygons
2026-08-20 17:43:07 +0000: Memory Usage (136064K) : empoly_drw has 0 polygons
2026-08-20 17:43:07 +0000: Memory Usage (136064K) : digisub_drw has 0 polygons
2026-08-20 17:43:07 +0000: Memory Usage (136192K) : text_drw has 639 polygons
2026-08-20 17:43:07 +0000: Memory Usage (136192K) : via4_drw has 1003 polygons
2026-08-20 17:43:07 +0000: Memory Usage (136192K) : metal5_drw has 26 polygons
2026-08-20 17:43:07 +0000: Memory Usage (136192K) : metal5_filler has 0 polygons
2026-08-20 17:43:07 +0000: Memory Usage (136192K) : metal5_slit has 0 polygons
2026-08-20 17:43:07 +0000: Memory Usage (136192K) : metal5 has 26 polygons
2026-08-20 17:43:07 +0000: Memory Usage (136320K) : metal5_pin has 0 polygons
2026-08-20 17:43:07 +0000: Memory Usage (136320K) : metal5_mask has 0 polygons
2026-08-20 17:43:07 +0000: Memory Usage (136320K) : metal5_nofill has 2 polygons
2026-08-20 17:43:07 +0000: Memory Usage (136320K) : metal5_text has 0 polygons
2026-08-20 17:43:07 +0000: Memory Usage (136320K) : metal5_OPC has 0 polygons
2026-08-20 17:43:07 +0000: Memory Usage (136320K) : metal5_noqrc has 0 polygons
2026-08-20 17:43:07 +0000: Memory Usage (136448K) : metal5_res has 0 polygons
2026-08-20 17:43:07 +0000: Memory Usage (136448K) : metal5_iprobe has 0 polygons
2026-08-20 17:43:07 +0000: Memory Usage (136448K) : metal5_diffprb has 0 polygons
2026-08-20 17:43:07 +0000: Memory Usage (136448K) : radhard_drw has 0 polygons
2026-08-20 17:43:07 +0000: Memory Usage (136448K) : memcap_drw has 0 polygons
2026-08-20 17:43:07 +0000: Memory Usage (136448K) : varicap_drw has 0 polygons
2026-08-20 17:43:07 +0000: Memory Usage (136576K) : intbondvia_drw has 0 polygons
2026-08-20 17:43:07 +0000: Memory Usage (136576K) : intbondmet_drw has 0 polygons
2026-08-20 17:43:07 +0000: Memory Usage (136576K) : devbondvia_drw has 0 polygons
2026-08-20 17:43:07 +0000: Memory Usage (136576K) : devbondmet_drw has 0 polygons
2026-08-20 17:43:07 +0000: Memory Usage (136704K) : devtrench_drw has 0 polygons
2026-08-20 17:43:07 +0000: Memory Usage (136704K) : redist_drw has 0 polygons
2026-08-20 17:43:07 +0000: Memory Usage (136704K) : graphbot_drw has 0 polygons
2026-08-20 17:43:07 +0000: Memory Usage (136704K) : graphtop_drw has 0 polygons
2026-08-20 17:43:07 +0000: Memory Usage (136832K) : antvia1_drw has 0 polygons
2026-08-20 17:43:07 +0000: Memory Usage (136832K) : antmetal2_drw has 0 polygons
2026-08-20 17:43:07 +0000: Memory Usage (136832K) : graphcont_drw has 0 polygons
2026-08-20 17:43:07 +0000: Memory Usage (136832K) : siwg_drw has 0 polygons
2026-08-20 17:43:07 +0000: Memory Usage (136832K) : siwg_filler has 0 polygons
2026-08-20 17:43:07 +0000: Memory Usage (136832K) : siwg_nofill has 0 polygons
2026-08-20 17:43:07 +0000: Memory Usage (136960K) : sigrating_drw has 0 polygons
2026-08-20 17:43:07 +0000: Memory Usage (136960K) : singrating_drw has 0 polygons
2026-08-20 17:43:07 +0000: Memory Usage (136960K) : graphpas_drw has 0 polygons
2026-08-20 17:43:07 +0000: Memory Usage (136960K) : emwind3_drw has 0 polygons
2026-08-20 17:43:07 +0000: Memory Usage (136960K) : emwihv3_drw has 0 polygons
2026-08-20 17:43:07 +0000: Memory Usage (137088K) : redbulay_drw has 0 polygons
2026-08-20 17:43:07 +0000: Memory Usage (137088K) : smos_drw has 0 polygons
2026-08-20 17:43:07 +0000: Memory Usage (137088K) : graphpad_drw has 0 polygons
2026-08-20 17:43:07 +0000: Memory Usage (137088K) : polimide_drw has 0 polygons
2026-08-20 17:43:07 +0000: Memory Usage (137088K) : polimide_pin has 0 polygons
2026-08-20 17:43:07 +0000: Memory Usage (137088K) : recog_drw has 1 polygons
2026-08-20 17:43:07 +0000: Memory Usage (137216K) : recog_pin has 0 polygons
2026-08-20 17:43:07 +0000: Memory Usage (137216K) : recog_esd has 1 polygons
2026-08-20 17:43:07 +0000: Memory Usage (137216K) : recog_diode has 0 polygons
2026-08-20 17:43:07 +0000: Memory Usage (137216K) : recog_tsv has 0 polygons
2026-08-20 17:43:07 +0000: Memory Usage (137216K) : recog_iprobe has 0 polygons
2026-08-20 17:43:07 +0000: Memory Usage (137344K) : recog_diffprb has 0 polygons
2026-08-20 17:43:07 +0000: Memory Usage (137344K) : recog_pillar has 0 polygons
2026-08-20 17:43:07 +0000: Memory Usage (137344K) : recog_sbump has 0 polygons
2026-08-20 17:43:07 +0000: Memory Usage (137344K) : recog_otp has 0 polygons
2026-08-20 17:43:07 +0000: Memory Usage (137344K) : recog_pdiode has 0 polygons
2026-08-20 17:43:07 +0000: Memory Usage (137472K) : recog_mom has 0 polygons
2026-08-20 17:43:07 +0000: Memory Usage (137472K) : recog_momf has 0 polygons
2026-08-20 17:43:07 +0000: Memory Usage (137472K) : recog_pcm has 0 polygons
2026-08-20 17:43:07 +0000: Memory Usage (137472K) : colopen_drw has 0 polygons
2026-08-20 17:43:07 +0000: Memory Usage (137600K) : graphmetal1_drw has 0 polygons
2026-08-20 17:43:07 +0000: Memory Usage (137600K) : graphmetal1_filler has 0 polygons
2026-08-20 17:43:07 +0000: Memory Usage (137600K) : graphmetal1_nofill has 0 polygons
2026-08-20 17:43:07 +0000: Memory Usage (137600K) : graphmetal1_slit has 0 polygons
2026-08-20 17:43:07 +0000: Memory Usage (137728K) : graphmetal1_OPC has 0 polygons
2026-08-20 17:43:07 +0000: Memory Usage (137728K) : graphmet1l_drw has 0 polygons
2026-08-20 17:43:07 +0000: Memory Usage (137728K) : graphmet1l_filler has 0 polygons
2026-08-20 17:43:07 +0000: Memory Usage (137728K) : graphmet1l_nofill has 0 polygons
2026-08-20 17:43:07 +0000: Memory Usage (137856K) : graphmet1l_slit has 0 polygons
2026-08-20 17:43:07 +0000: Memory Usage (137856K) : graphmet1l_OPC has 0 polygons
2026-08-20 17:43:07 +0000: Memory Usage (137856K) : extblock_drw has 6 polygons
2026-08-20 17:43:07 +0000: Memory Usage (137856K) : nldd_drw has 0 polygons
2026-08-20 17:43:07 +0000: Memory Usage (137856K) : pldd_drw has 0 polygons
2026-08-20 17:43:07 +0000: Memory Usage (137984K) : next_drw has 0 polygons
2026-08-20 17:43:07 +0000: Memory Usage (137984K) : pext_drw has 0 polygons
2026-08-20 17:43:07 +0000: Memory Usage (137984K) : nexthv_drw has 0 polygons
2026-08-20 17:43:07 +0000: Memory Usage (137984K) : pexthv_drw has 0 polygons
2026-08-20 17:43:07 +0000: Memory Usage (137984K) : graphgate_drw has 0 polygons
2026-08-20 17:43:07 +0000: Memory Usage (137984K) : sinwg_drw has 0 polygons
2026-08-20 17:43:07 +0000: Memory Usage (138112K) : sinwg_filler has 0 polygons
2026-08-20 17:43:07 +0000: Memory Usage (138112K) : sinwg_nofill has 0 polygons
2026-08-20 17:43:07 +0000: Memory Usage (138112K) : mempad_drw has 0 polygons
2026-08-20 17:43:07 +0000: Memory Usage (138112K) : topvia1_drw has 475 polygons
2026-08-20 17:43:07 +0000: Memory Usage (138112K) : topmetal1_drw has 46 polygons
2026-08-20 17:43:07 +0000: Memory Usage (138240K) : topmetal1_filler has 0 polygons
2026-08-20 17:43:07 +0000: Memory Usage (138240K) : topmetal1_slit has 0 polygons
2026-08-20 17:43:07 +0000: Memory Usage (138240K) : topmetal1 has 46 polygons
2026-08-20 17:43:07 +0000: Memory Usage (138240K) : topmetal1_pin has 0 polygons
2026-08-20 17:43:07 +0000: Memory Usage (138240K) : topmetal1_mask has 0 polygons
2026-08-20 17:43:07 +0000: Memory Usage (138240K) : topmetal1_nofill has 2 polygons
2026-08-20 17:43:07 +0000: Memory Usage (138368K) : topmetal1_text has 0 polygons
2026-08-20 17:43:07 +0000: Memory Usage (138368K) : topmetal1_noqrc has 0 polygons
2026-08-20 17:43:07 +0000: Memory Usage (138368K) : topmetal1_res has 0 polygons
2026-08-20 17:43:07 +0000: Memory Usage (138368K) : topmetal1_iprobe has 0 polygons
2026-08-20 17:43:07 +0000: Memory Usage (138496K) : topmetal1_diffprb has 0 polygons
2026-08-20 17:43:07 +0000: Memory Usage (138496K) : inldpwl_drw has 0 polygons
2026-08-20 17:43:07 +0000: Memory Usage (138496K) : polyres_drw has 2 polygons
2026-08-20 17:43:07 +0000: Memory Usage (138496K) : polyres_pin has 0 polygons
2026-08-20 17:43:07 +0000: Memory Usage (138624K) : vmim_drw has 0 polygons
2026-08-20 17:43:07 +0000: Memory Usage (138624K) : nbulaycut_drw has 0 polygons
2026-08-20 17:43:07 +0000: Memory Usage (138624K) : antmetal1_drw has 0 polygons
2026-08-20 17:43:07 +0000: Memory Usage (138624K) : topvia2_drw has 229 polygons
2026-08-20 17:43:07 +0000: Memory Usage (138880K) : topmetal2_drw has 60 polygons
2026-08-20 17:43:07 +0000: Memory Usage (138880K) : topmetal2_filler has 0 polygons
2026-08-20 17:43:07 +0000: Memory Usage (139008K) : topmetal2_slit has 0 polygons
2026-08-20 17:43:07 +0000: Memory Usage (139008K) : topmetal2 has 60 polygons
2026-08-20 17:43:07 +0000: Memory Usage (139008K) : topmetal2_pin has 4 polygons
2026-08-20 17:43:07 +0000: Memory Usage (139008K) : topmetal2_mask has 0 polygons
2026-08-20 17:43:07 +0000: Memory Usage (139136K) : topmetal2_nofill has 2 polygons
2026-08-20 17:43:07 +0000: Memory Usage (139136K) : topmetal2_text has 8 polygons
2026-08-20 17:43:07 +0000: Memory Usage (139136K) : topmetal2_noqrc has 0 polygons
2026-08-20 17:43:07 +0000: Memory Usage (139136K) : topmetal2_res has 0 polygons
2026-08-20 17:43:07 +0000: Memory Usage (139264K) : topmetal2_iprobe has 0 polygons
2026-08-20 17:43:07 +0000: Memory Usage (139264K) : topmetal2_diffprb has 0 polygons
2026-08-20 17:43:07 +0000: Memory Usage (139264K) : snsring_drw has 0 polygons
2026-08-20 17:43:07 +0000: Memory Usage (139264K) : sensor_drw has 0 polygons
2026-08-20 17:43:07 +0000: Memory Usage (139392K) : snsarms_drw has 0 polygons
2026-08-20 17:43:07 +0000: Memory Usage (139392K) : snscmosvia_drw has 0 polygons
2026-08-20 17:43:07 +0000: Memory Usage (139392K) : colwind_drw has 0 polygons
2026-08-20 17:43:07 +0000: Memory Usage (139520K) : flm_drw has 0 polygons
2026-08-20 17:43:07 +0000: Memory Usage (139520K) : hafniumox_drw has 0 polygons
2026-08-20 17:43:07 +0000: Memory Usage (139520K) : memvia_drw has 0 polygons
2026-08-20 17:43:07 +0000: Memory Usage (139648K) : thinfilmres_drw has 0 polygons
2026-08-20 17:43:07 +0000: Memory Usage (139648K) : rfmem_drw has 0 polygons
2026-08-20 17:43:07 +0000: Memory Usage (139648K) : norcx_drw has 2 polygons
2026-08-20 17:43:07 +0000: Memory Usage (139776K) : norcx_m2m3 has 0 polygons
2026-08-20 17:43:07 +0000: Memory Usage (139776K) : norcx_m2m4 has 0 polygons
2026-08-20 17:43:07 +0000: Memory Usage (139776K) : norcx_m2m5 has 0 polygons
2026-08-20 17:43:07 +0000: Memory Usage (139776K) : norcx_m2tm1 has 0 polygons
2026-08-20 17:43:07 +0000: Memory Usage (139776K) : norcx_m2tm2 has 0 polygons
2026-08-20 17:43:07 +0000: Memory Usage (139776K) : norcx_m3m4 has 0 polygons
2026-08-20 17:43:07 +0000: Memory Usage (139776K) : norcx_m3m5 has 0 polygons
2026-08-20 17:43:07 +0000: Memory Usage (139776K) : norcx_m3tm1 has 0 polygons
2026-08-20 17:43:07 +0000: Memory Usage (139776K) : norcx_m3tm2 has 0 polygons
2026-08-20 17:43:07 +0000: Memory Usage (139776K) : norcx_m4m5 has 0 polygons
2026-08-20 17:43:07 +0000: Memory Usage (139776K) : norcx_m4tm1 has 0 polygons
2026-08-20 17:43:07 +0000: Memory Usage (139776K) : norcx_m4tm2 has 0 polygons
2026-08-20 17:43:07 +0000: Memory Usage (139776K) : norcx_m5tm1 has 0 polygons
2026-08-20 17:43:07 +0000: Memory Usage (139776K) : norcx_m5tm2 has 0 polygons
2026-08-20 17:43:07 +0000: Memory Usage (139776K) : norcx_tm1tm2 has 0 polygons
2026-08-20 17:43:07 +0000: Memory Usage (139776K) : norcx_m1sub has 0 polygons
2026-08-20 17:43:07 +0000: Memory Usage (139776K) : norcx_m2sub has 0 polygons
2026-08-20 17:43:07 +0000: Memory Usage (139776K) : norcx_m3sub has 0 polygons
2026-08-20 17:43:07 +0000: Memory Usage (139776K) : norcx_m4sub has 0 polygons
2026-08-20 17:43:07 +0000: Memory Usage (139776K) : norcx_m5sub has 0 polygons
2026-08-20 17:43:07 +0000: Memory Usage (139776K) : norcx_tm1sub has 0 polygons
2026-08-20 17:43:07 +0000: Memory Usage (139776K) : norcx_tm2sub has 0 polygons
2026-08-20 17:43:07 +0000: Memory Usage (139776K) : snsbotvia_drw has 0 polygons
2026-08-20 17:43:07 +0000: Memory Usage (139776K) : snstopvia_drw has 0 polygons
2026-08-20 17:43:07 +0000: Memory Usage (139776K) : deepvia_drw has 0 polygons
2026-08-20 17:43:07 +0000: Memory Usage (139776K) : fgetch_drw has 0 polygons
2026-08-20 17:43:07 +0000: Memory Usage (139776K) : ctrgat_drw has 0 polygons
2026-08-20 17:43:07 +0000: Memory Usage (139776K) : fgimp_drw has 0 polygons
2026-08-20 17:43:07 +0000: Memory Usage (139776K) : emwihv_drw has 0 polygons
2026-08-20 17:43:07 +0000: Memory Usage (139776K) : lbe_drw has 2 polygons
2026-08-20 17:43:07 +0000: Memory Usage (139776K) : alcustop_drw has 0 polygons
2026-08-20 17:43:07 +0000: Memory Usage (139776K) : nometfiller_drw has 0 polygons
2026-08-20 17:43:07 +0000: Memory Usage (139776K) : prboundary_drw has 0 polygons
2026-08-20 17:43:07 +0000: Memory Usage (139776K) : exchange0_drw has 0 polygons
2026-08-20 17:43:07 +0000: Memory Usage (139776K) : exchange0_pin has 0 polygons
2026-08-20 17:43:07 +0000: Memory Usage (139776K) : exchange0_text has 0 polygons
2026-08-20 17:43:07 +0000: Memory Usage (139776K) : exchange1_drw has 0 polygons
2026-08-20 17:43:07 +0000: Memory Usage (139776K) : exchange1_pin has 0 polygons
2026-08-20 17:43:07 +0000: Memory Usage (139776K) : exchange1_text has 0 polygons
2026-08-20 17:43:07 +0000: Memory Usage (139776K) : exchange2_drw has 0 polygons
2026-08-20 17:43:07 +0000: Memory Usage (139776K) : exchange2_pin has 0 polygons
2026-08-20 17:43:07 +0000: Memory Usage (139776K) : exchange2_text has 0 polygons
2026-08-20 17:43:07 +0000: Memory Usage (139776K) : exchange3_drw has 0 polygons
2026-08-20 17:43:07 +0000: Memory Usage (139776K) : exchange3_pin has 0 polygons
2026-08-20 17:43:07 +0000: Memory Usage (139776K) : exchange3_text has 0 polygons
2026-08-20 17:43:07 +0000: Memory Usage (139776K) : exchange4_drw has 0 polygons
2026-08-20 17:43:07 +0000: Memory Usage (139776K) : exchange4_pin has 0 polygons
2026-08-20 17:43:07 +0000: Memory Usage (139776K) : exchange4_text has 0 polygons
2026-08-20 17:43:07 +0000: Memory Usage (139776K) : isonwell_drw has 0 polygons
2026-08-20 17:43:07 +0000: Memory Usage (139776K) : Total no. of polygons in the design is 26553
2026-08-20 17:43:07 +0000: Memory Usage (139776K) : Starting base layers derivations
2026-08-20 17:43:07 +0000: Memory Usage (139776K) : Starting general LVS derivations
2026-08-20 17:43:07 +0000: Memory Usage (143908K) : Starting MOSFET DERIVATIONS
2026-08-20 17:43:07 +0000: Memory Usage (144676K) : Starting NMOS DERIVATIONS
2026-08-20 17:43:07 +0000: Memory Usage (144676K) : Starting PMOS DERIVATIONS
2026-08-20 17:43:07 +0000: Memory Usage (144676K) : Starting RF-MOSFET DERIVATIONS
2026-08-20 17:43:07 +0000: Memory Usage (144676K) : Starting RF-NMOS DERIVATIONS
2026-08-20 17:43:07 +0000: Memory Usage (144676K) : Starting RF-PMOS DERIVATIONS
2026-08-20 17:43:07 +0000: Memory Usage (144676K) : Starting BJT DERIVATIONS
2026-08-20 17:43:07 +0000: Memory Usage (144676K) : Starting NPN-BJT DERIVATIONS
2026-08-20 17:43:07 +0000: Memory Usage (144676K) : Starting PNP-BJT DERIVATIONS
2026-08-20 17:43:07 +0000: Memory Usage (144676K) : Starting DIODE DERIVATIONS
2026-08-20 17:43:07 +0000: Memory Usage (144676K) : Starting RESISTOR DERIVATIONS
2026-08-20 17:43:07 +0000: Memory Usage (144804K) : Starting CAP DERIVATIONS
2026-08-20 17:43:08 +0000: Memory Usage (145188K) : Starting CAP_CMOM DERIVATIONS
2026-08-20 17:43:08 +0000: Memory Usage (145188K) : Starting CAP_CMOMF DERIVATIONS
2026-08-20 17:43:08 +0000: Memory Usage (145188K) : Starting ESD DERIVATIONS
2026-08-20 17:43:08 +0000: Memory Usage (145316K) : Starting Inductor DERIVATIONS
2026-08-20 17:43:08 +0000: Memory Usage (145316K) : Starting Taps DERIVATIONS
2026-08-20 17:43:08 +0000: Memory Usage (145316K) : Starting SG13G2 LVS connectivity setup
2026-08-20 17:43:08 +0000: Memory Usage (145316K) : Starting SG13G2 LVS connectivity setup (Inter-layer)
2026-08-20 17:43:08 +0000: Memory Usage (145316K) : Starting SG13G2 LVS connectivity setup (Global)
2026-08-20 17:43:08 +0000: Memory Usage (145316K) : Starting LVS MOSFET CONNECTIONS
2026-08-20 17:43:08 +0000: Memory Usage (145316K) : Starting LVS RF-MOSFET CONNECTIONS
2026-08-20 17:43:08 +0000: Memory Usage (145316K) : Starting LVS BJT CONNECTIONS
2026-08-20 17:43:08 +0000: Memory Usage (145316K) : Starting LVS DIODE CONNECTIONS
2026-08-20 17:43:08 +0000: Memory Usage (145316K) : Starting RESISTOR CONNECTIONS
2026-08-20 17:43:08 +0000: Memory Usage (145316K) : Starting LVS CAP CONNECTIONS
2026-08-20 17:43:08 +0000: Memory Usage (145316K) : Starting CAP_CMOM CONNECTIONS
2026-08-20 17:43:08 +0000: Memory Usage (145316K) : Starting CAP_CMOMF CONNECTIONS
2026-08-20 17:43:08 +0000: Memory Usage (145316K) : Starting ESD CONNECTIONS
2026-08-20 17:43:08 +0000: Memory Usage (145316K) : Starting Inductor CONNECTIONS
2026-08-20 17:43:08 +0000: Memory Usage (145316K) : Starting LVS Taps CONNECTIONS
2026-08-20 17:43:08 +0000: Memory Usage (145316K) : Starting SG13G2 LVS DEVICES EXTRACTION
2026-08-20 17:43:08 +0000: Memory Usage (145316K) : Starting MOSFET EXTRACTION
2026-08-20 17:43:08 +0000: Memory Usage (145316K) : Starting NMOS EXTRACTION
2026-08-20 17:43:08 +0000: Memory Usage (145316K) : Extraction of NMOS-LV transistor
2026-08-20 17:43:08 +0000: Memory Usage (145572K) : Extraction of NMOS-HV transistor
2026-08-20 17:43:08 +0000: Memory Usage (145572K) : Starting PMOS EXTRACTION
2026-08-20 17:43:08 +0000: Memory Usage (145572K) : Extraction of PMOS-LV transistor
2026-08-20 17:43:08 +0000: Memory Usage (145572K) : Extraction of PMOS-HV transistor
2026-08-20 17:43:08 +0000: Memory Usage (145572K) : Starting RF-MOSFET EXTRACTION
2026-08-20 17:43:08 +0000: Memory Usage (145572K) : Extraction of RF-NMOS-LV transistor
2026-08-20 17:43:08 +0000: Memory Usage (145572K) : Extraction of RF-NMOS-HV transistor
2026-08-20 17:43:08 +0000: Memory Usage (145572K) : Extraction of RF-PMOS-LV transistor
2026-08-20 17:43:08 +0000: Memory Usage (145572K) : Extraction of RF-PMOS-HV transistor
2026-08-20 17:43:08 +0000: Memory Usage (145572K) : Starting BJT EXTRACTION
2026-08-20 17:43:08 +0000: Memory Usage (145572K) : Starting NPN-BJT EXTRACTION
2026-08-20 17:43:08 +0000: Memory Usage (145572K) : Extraction of npn13G2 BJT transistor
2026-08-20 17:43:08 +0000: Memory Usage (145572K) : Extraction of npn13G2L BJT transistor
2026-08-20 17:43:08 +0000: Memory Usage (145572K) : Extraction of npn13G2V BJT transistor
2026-08-20 17:43:08 +0000: Memory Usage (145572K) : Starting PNP-BJT EXTRACTION
2026-08-20 17:43:08 +0000: Memory Usage (145572K) : Extracting pnpMPA BJT
2026-08-20 17:43:08 +0000: Memory Usage (145572K) : Starting DIODE EXTRACTION
2026-08-20 17:43:08 +0000: Memory Usage (145572K) : Extracting dantenna diode
2026-08-20 17:43:08 +0000: Memory Usage (145572K) : Extracting dpantenna diode
2026-08-20 17:43:08 +0000: Memory Usage (145572K) : Extracting schottky_nbl1 diode
2026-08-20 17:43:08 +0000: Memory Usage (145572K) : Extracting isolbox diode
2026-08-20 17:43:08 +0000: Memory Usage (145572K) : Starting RESISTOR EXTRACTION
2026-08-20 17:43:08 +0000: Memory Usage (145572K) : Extracting rsil resistor
2026-08-20 17:43:08 +0000: Memory Usage (145572K) : Extracting rppd resistor
2026-08-20 17:43:08 +0000: Memory Usage (145572K) : Extracting rhigh resistor
2026-08-20 17:43:08 +0000: Memory Usage (145572K) : Extracting res_metal1 resistor
2026-08-20 17:43:08 +0000: Memory Usage (145732K) : Extracting res_metal2 resistor
2026-08-20 17:43:08 +0000: Memory Usage (145732K) : Extracting res_metal3 resistor
2026-08-20 17:43:08 +0000: Memory Usage (145732K) : Extracting res_metal4 resistor
2026-08-20 17:43:08 +0000: Memory Usage (145732K) : Extracting res_metal5 resistor
2026-08-20 17:43:08 +0000: Memory Usage (145732K) : Extracting res_topmetal1 resistor
2026-08-20 17:43:08 +0000: Memory Usage (145732K) : Extracting res_topmetal2 resistor
2026-08-20 17:43:08 +0000: Memory Usage (145732K) : Starting CAP EXTRACTION
2026-08-20 17:43:08 +0000: Memory Usage (145732K) : Extracting cap_cmim device
2026-08-20 17:43:08 +0000: Memory Usage (145732K) : Extracting rfcmim device
2026-08-20 17:43:08 +0000: Memory Usage (145732K) : Extracting sg13_hv_svaricap varactor
2026-08-20 17:43:08 +0000: Memory Usage (145732K) : Extracting cap_cmomi device
2026-08-20 17:43:08 +0000: Memory Usage (145732K) : Extracting cap_cmomf device
2026-08-20 17:43:08 +0000: Memory Usage (145732K) : Extracting sg13_moscap_n capacitor
2026-08-20 17:43:08 +0000: Memory Usage (145732K) : Extracting sg13_moscap_p capacitor
2026-08-20 17:43:08 +0000: Memory Usage (145732K) : Starting ESD EXTRACTION
2026-08-20 17:43:08 +0000: Memory Usage (145732K) : Extracting diodevdd_2kv ESD device
2026-08-20 17:43:08 +0000: Memory Usage (145732K) : Extracting diodevdd_4kv ESD device
2026-08-20 17:43:08 +0000: Memory Usage (145732K) : Extracting diodevss_2kv ESD device
2026-08-20 17:43:08 +0000: Memory Usage (145732K) : Extracting diodevss_4kv ESD device
2026-08-20 17:43:08 +0000: Memory Usage (145732K) : Extracting idiodevdd_2kv ESD device
2026-08-20 17:43:08 +0000: Memory Usage (145732K) : Extracting idiodevdd_4kv ESD device
2026-08-20 17:43:08 +0000: Memory Usage (145732K) : Extracting idiodevss_2kv ESD device
2026-08-20 17:43:08 +0000: Memory Usage (145732K) : Extracting idiodevss_4kv ESD device
2026-08-20 17:43:08 +0000: Memory Usage (145732K) : Extracting nmoscl_2 ESD device
2026-08-20 17:43:08 +0000: Memory Usage (145732K) : Extracting nmoscl_4 ESD device
2026-08-20 17:43:08 +0000: Memory Usage (145732K) : Starting Inductor EXTRACTION
2026-08-20 17:43:08 +0000: Memory Usage (145732K) : Extracting Inductor2 device
2026-08-20 17:43:08 +0000: Memory Usage (145860K) : Extracting Inductor3 device
2026-08-20 17:43:08 +0000: Memory Usage (145860K) : Starting Taps EXTRACTION
2026-08-20 17:43:08 +0000: Memory Usage (145860K) : DISABLE_TAP_EXTRACTION is enabled: skipping ntap1/ptap1 device extraction.
2026-08-20 17:43:08 +0000: Memory Usage (145860K) : Starting SG13G2 LVS RF MOS Model Mapping
2026-08-20 17:43:08 +0000: Memory Usage (145860K) : [layout_netlist] Apply RF MOS model mapping and rfmode parameter.
2026-08-20 17:43:08 +0000: Memory Usage (145860K) : Starting SG13G2 LVS Options Preparations
2026-08-20 17:43:08 +0000: Memory Usage (145860K) : SG13G2 LVS flow: extraction -> alignment -> option preparation -> comparison.
2026-08-20 17:43:08 +0000: Memory Usage (145860K) : Starting SG13G2 LVS Alignment
2026-08-20 17:43:08 +0000: Memory Usage (145988K) : Starting SG13G2 LVS Simplification
2026-08-20 17:43:08 +0000: Memory Usage (145988K) : [layout_netlist] simplify: ENABLED
2026-08-20 17:43:08 +0000: Memory Usage (145988K) : [layout_netlist] make_top_level_pins: SKIPPED
2026-08-20 17:43:08 +0000: Memory Usage (145988K) : [layout_netlist] combine_devices: SKIPPED
2026-08-20 17:43:08 +0000: Memory Usage (145988K) : [layout_netlist] purge: SKIPPED
2026-08-20 17:43:08 +0000: Memory Usage (145988K) : [layout_netlist] purge_nets: SKIPPED
2026-08-20 17:43:08 +0000: Memory Usage (145988K) : [schematic_netlist] simplify: ENABLED
2026-08-20 17:43:08 +0000: Memory Usage (145988K) : [schematic_netlist] make_top_level_pins: SKIPPED
2026-08-20 17:43:08 +0000: Memory Usage (145988K) : [schematic_netlist] combine_devices: SKIPPED
2026-08-20 17:43:08 +0000: Memory Usage (145988K) : [schematic_netlist] purge: SKIPPED
2026-08-20 17:43:08 +0000: Memory Usage (145988K) : [schematic_netlist] purge_nets: SKIPPED
2026-08-20 17:43:08 +0000: Memory Usage (145988K) : Starting SG13G2 LVS Comparison
2026-08-20 17:43:08 +0000: Memory Usage (145988K) : xxxxxxxxxxxxxxxxxxxxxxxxxxxxxxxxxxxxxxxxxx
2026-08-20 17:43:08 +0000: Memory Usage (145988K) : ERROR : Netlists don't match
2026-08-20 17:43:08 +0000: Memory Usage (145988K) : xxxxxxxxxxxxxxxxxxxxxxxxxxxxxxxxxxxxxxxxxx
2026-08-20 17:43:08 +0000: Memory Usage (145988K) : LVS Total Run time 1.730147 seconds

--- stderr ---
20-Aug-2026 17:43:06 | INFO    | Your Klayout version is: KLayout 0.30.5 (required >= 0.30.5)
20-Aug-2026 17:43:06 | INFO    | Running SG13G2 LVS checks on design /workspace/layout/blocks/out/driver_stage/check7/driver_dut.gds on cell driver_dut
20-Aug-2026 17:43:08 | INFO    | ==============================================================================
20-Aug-2026 17:43:08 | INFO    | Important Summary
20-Aug-2026 17:43:08 | INFO    | +------------------+--------------------------------------------------------------+
20-Aug-2026 17:43:08 | INFO    | | Status           | FAIL                                                         |
20-Aug-2026 17:43:08 | INFO    | | Mode             | COMPARE                                                      |
20-Aug-2026 17:43:08 | INFO    | | Outcome          | Comparison mode: FAIL (netlists do not match).               |
20-Aug-2026 17:43:08 | INFO    | | Layout           | driver_dut.gds                                               |
20-Aug-2026 17:43:08 | INFO    | | Top Cell         | driver_dut                                                   |
20-Aug-2026 17:43:08 | INFO    | | Results Dir      | /workspace/layout/blocks/out/driver_stage/check7/lvs         |
20-Aug-2026 17:43:08 | INFO    | | Warnings         | 0                                                            |
20-Aug-2026 17:43:08 | INFO    | | Errors           | 1                                                            |
20-Aug-2026 17:43:08 | INFO    | | Run Time (s)     | 2.049                                                        |
20-Aug-2026 17:43:08 | INFO    | +------------------+--------------------------------------------------------------+
20-Aug-2026 17:43:08 | ERROR   | Key errors:
20-Aug-2026 17:43:08 | ERROR   |   - 2026-08-20 17:43:08 +0000: Memory Usage (145988K) : ERROR : Netlists don't match
20-Aug-2026 17:43:08 | INFO    | ==============================================================================

