# Logfile created on 2026-08-20 19:07:18 +0000 by logger.rb/v1.5.3
2026-08-20 19:07:18 +0000: Memory Usage (128916K) : Starting running SG13G2 Klayout LVS runset on /workspace/layout/blocks/out/driver_stage/bisect_run/_probe8_ties/driver_dut.gds
2026-08-20 19:07:18 +0000: Memory Usage (128916K) : Ruby Version for klayout: 3.2.3
2026-08-20 19:07:18 +0000: Memory Usage (130128K) : Loading database to memory is complete.
2026-08-20 19:07:18 +0000: Memory Usage (130128K) : SG13G2 Klayout LVS runset output at: /workspace/layout/blocks/out/driver_stage/bisect_run/_probe8_ties/lvs/driver_dut.lvsdb
2026-08-20 19:07:18 +0000: Memory Usage (130128K) : Evaluate switches.
2026-08-20 19:07:18 +0000: Memory Usage (130128K) : Extracted netlist with net names: true
2026-08-20 19:07:18 +0000: Memory Usage (130128K) : Extracted netlist with comments in details: false
2026-08-20 19:07:18 +0000: Memory Usage (130128K) : Selected NET_ONLY option: false
2026-08-20 19:07:18 +0000: Memory Usage (130128K) : Selected LAYOUT_NETLIST option: (none)
2026-08-20 19:07:18 +0000: Memory Usage (130128K) : Selected IGNORE_TOP_PORTS_MISMATCH option: true
2026-08-20 19:07:18 +0000: Memory Usage (130128K) : Selected IMPLICIT_NETS option: sub,sub!
2026-08-20 19:07:18 +0000: Memory Usage (130128K) : Selected TOP_LVL_PINS option: false
2026-08-20 19:07:18 +0000: Memory Usage (130128K) : Selected COMBINE DEVICES option: false
2026-08-20 19:07:18 +0000: Memory Usage (130128K) : Selected PURGE option: false
2026-08-20 19:07:18 +0000: Memory Usage (130128K) : Selected PURGE_NETS option: false
2026-08-20 19:07:18 +0000: Memory Usage (130128K) : Selected SIMPLIFY option: true
2026-08-20 19:07:18 +0000: Memory Usage (130128K) : Selected SERIES_RES option: true
2026-08-20 19:07:18 +0000: Memory Usage (130128K) : Selected PARALLEL_RES option: true
2026-08-20 19:07:18 +0000: Memory Usage (130128K) : Selected DISABLE_TAP_EXTRACTION option: true
2026-08-20 19:07:18 +0000: Memory Usage (130128K) : deep  mode is enabled.
2026-08-20 19:07:18 +0000: Memory Usage (130128K) : Applying implicit connections (case-sensitive, pattern supported) for nets: sub, sub!
2026-08-20 19:07:18 +0000: Memory Usage (131308K) : Netlist file: /workspace/layout/blocks/out/driver_stage/bisect_run/_probe8_ties/driver_dut.cdl
2026-08-20 19:07:18 +0000: Memory Usage (131308K) : LVS extracted netlist at: /workspace/layout/blocks/out/driver_stage/bisect_run/_probe8_ties/lvs/driver_dut_extracted.cir
2026-08-20 19:07:18 +0000: Memory Usage (131308K) : Applying SRAM integration support.
2026-08-20 19:07:18 +0000: Memory Usage (131308K) : Starting SG13G2 LVS runset
2026-08-20 19:07:18 +0000: Memory Usage (131308K) : Read in polygons from layers.
2026-08-20 19:07:18 +0000: Memory Usage (132480K) : activ_drw has 893 polygons
2026-08-20 19:07:18 +0000: Memory Usage (132480K) : activ_filler has 0 polygons
2026-08-20 19:07:18 +0000: Memory Usage (132608K) : activ has 893 polygons
2026-08-20 19:07:18 +0000: Memory Usage (132608K) : activ_pin has 0 polygons
2026-08-20 19:07:18 +0000: Memory Usage (132608K) : activ_mask has 4 polygons
2026-08-20 19:07:18 +0000: Memory Usage (132608K) : activ_nofill has 0 polygons
2026-08-20 19:07:18 +0000: Memory Usage (132608K) : activ_OPC has 0 polygons
2026-08-20 19:07:18 +0000: Memory Usage (132608K) : activ_iOPC has 0 polygons
2026-08-20 19:07:18 +0000: Memory Usage (132608K) : activ_noqrc has 0 polygons
2026-08-20 19:07:18 +0000: Memory Usage (132768K) : biwind_drw has 0 polygons
2026-08-20 19:07:18 +0000: Memory Usage (133152K) : biwind_OPC has 0 polygons
2026-08-20 19:07:18 +0000: Memory Usage (133152K) : gatpoly_drw has 123 polygons
2026-08-20 19:07:18 +0000: Memory Usage (133152K) : gatpoly_filler has 0 polygons
2026-08-20 19:07:18 +0000: Memory Usage (133152K) : gatpoly has 123 polygons
2026-08-20 19:07:18 +0000: Memory Usage (133152K) : gatpoly_pin has 119 polygons
2026-08-20 19:07:18 +0000: Memory Usage (133152K) : gatpoly_nofill has 0 polygons
2026-08-20 19:07:18 +0000: Memory Usage (133152K) : gatpoly_OPC has 0 polygons
2026-08-20 19:07:18 +0000: Memory Usage (133152K) : gatpoly_iOPC has 0 polygons
2026-08-20 19:07:18 +0000: Memory Usage (133152K) : gatpoly_noqrc has 0 polygons
2026-08-20 19:07:18 +0000: Memory Usage (133280K) : cont_drw has 13150 polygons
2026-08-20 19:07:18 +0000: Memory Usage (133280K) : cont_OPC has 0 polygons
2026-08-20 19:07:18 +0000: Memory Usage (133280K) : nsd_drw has 0 polygons
2026-08-20 19:07:18 +0000: Memory Usage (133280K) : nsd_block has 4 polygons
2026-08-20 19:07:18 +0000: Memory Usage (133280K) : metal1_drw has 1515 polygons
2026-08-20 19:07:18 +0000: Memory Usage (133280K) : metal1_filler has 0 polygons
2026-08-20 19:07:18 +0000: Memory Usage (133280K) : metal1_slit has 0 polygons
2026-08-20 19:07:18 +0000: Memory Usage (133280K) : metal1 has 1515 polygons
2026-08-20 19:07:18 +0000: Memory Usage (133280K) : metal1_pin has 746 polygons
2026-08-20 19:07:18 +0000: Memory Usage (133408K) : metal1_mask has 0 polygons
2026-08-20 19:07:18 +0000: Memory Usage (133408K) : metal1_nofill has 0 polygons
2026-08-20 19:07:18 +0000: Memory Usage (133664K) : metal1_text has 3 polygons
2026-08-20 19:07:18 +0000: Memory Usage (133792K) : metal1_OPC has 0 polygons
2026-08-20 19:07:18 +0000: Memory Usage (133792K) : metal1_noqrc has 0 polygons
2026-08-20 19:07:18 +0000: Memory Usage (133792K) : metal1_res has 0 polygons
2026-08-20 19:07:18 +0000: Memory Usage (133920K) : metal1_iprobe has 0 polygons
2026-08-20 19:07:18 +0000: Memory Usage (133920K) : metal1_diffprb has 0 polygons
2026-08-20 19:07:18 +0000: Memory Usage (134048K) : passiv_drw has 2 polygons
2026-08-20 19:07:18 +0000: Memory Usage (134048K) : passiv_pin has 0 polygons
2026-08-20 19:07:18 +0000: Memory Usage (134048K) : passiv_sbump has 0 polygons
2026-08-20 19:07:18 +0000: Memory Usage (134176K) : passiv_pillar has 0 polygons
2026-08-20 19:07:18 +0000: Memory Usage (134176K) : passiv_pdl has 0 polygons
2026-08-20 19:07:18 +0000: Memory Usage (134176K) : metal2_drw has 529 polygons
2026-08-20 19:07:18 +0000: Memory Usage (134304K) : metal2_filler has 0 polygons
2026-08-20 19:07:18 +0000: Memory Usage (134304K) : metal2_slit has 0 polygons
2026-08-20 19:07:18 +0000: Memory Usage (134432K) : metal2 has 529 polygons
2026-08-20 19:07:18 +0000: Memory Usage (134432K) : metal2_pin has 10 polygons
2026-08-20 19:07:18 +0000: Memory Usage (134432K) : metal2_mask has 0 polygons
2026-08-20 19:07:18 +0000: Memory Usage (134560K) : metal2_nofill has 0 polygons
2026-08-20 19:07:18 +0000: Memory Usage (134560K) : metal2_text has 3 polygons
2026-08-20 19:07:18 +0000: Memory Usage (134560K) : metal2_OPC has 0 polygons
2026-08-20 19:07:18 +0000: Memory Usage (134688K) : metal2_noqrc has 0 polygons
2026-08-20 19:07:18 +0000: Memory Usage (134688K) : metal2_res has 0 polygons
2026-08-20 19:07:18 +0000: Memory Usage (134688K) : metal2_iprobe has 0 polygons
2026-08-20 19:07:18 +0000: Memory Usage (134688K) : metal2_diffprb has 0 polygons
2026-08-20 19:07:18 +0000: Memory Usage (134816K) : baspoly_drw has 0 polygons
2026-08-20 19:07:18 +0000: Memory Usage (134816K) : baspoly_pin has 0 polygons
2026-08-20 19:07:18 +0000: Memory Usage (134816K) : psd_drw has 514 polygons
2026-08-20 19:07:18 +0000: Memory Usage (134816K) : nldb_drw has 0 polygons
2026-08-20 19:07:18 +0000: Memory Usage (134816K) : digibnd_drw has 0 polygons
2026-08-20 19:07:18 +0000: Memory Usage (134944K) : via1_drw has 6612 polygons
2026-08-20 19:07:18 +0000: Memory Usage (134944K) : backmetal1_drw has 0 polygons
2026-08-20 19:07:18 +0000: Memory Usage (134944K) : backmetal1_pin has 0 polygons
2026-08-20 19:07:18 +0000: Memory Usage (135072K) : backmetal1_mask has 0 polygons
2026-08-20 19:07:18 +0000: Memory Usage (135072K) : backmetal1_filler has 0 polygons
2026-08-20 19:07:18 +0000: Memory Usage (135072K) : backmetal1_nofill has 0 polygons
2026-08-20 19:07:18 +0000: Memory Usage (135072K) : backmetal1_slit has 0 polygons
2026-08-20 19:07:18 +0000: Memory Usage (135200K) : backmetal1_text has 0 polygons
2026-08-20 19:07:18 +0000: Memory Usage (135200K) : backmetal1_OPC has 0 polygons
2026-08-20 19:07:18 +0000: Memory Usage (135200K) : backmetal1_noqrc has 0 polygons
2026-08-20 19:07:18 +0000: Memory Usage (135200K) : backmetal1_res has 0 polygons
2026-08-20 19:07:18 +0000: Memory Usage (135328K) : backmetal1_iprobe has 0 polygons
2026-08-20 19:07:18 +0000: Memory Usage (135328K) : backmetal1_diffprb has 0 polygons
2026-08-20 19:07:18 +0000: Memory Usage (135328K) : backpassiv_drw has 0 polygons
2026-08-20 19:07:18 +0000: Memory Usage (135328K) : res_drw has 0 polygons
2026-08-20 19:07:18 +0000: Memory Usage (135456K) : sram_drw has 0 polygons
2026-08-20 19:07:18 +0000: Memory Usage (135456K) : trans_drw has 2 polygons
2026-08-20 19:07:18 +0000: Memory Usage (135456K) : ind_drw has 0 polygons
2026-08-20 19:07:18 +0000: Memory Usage (135456K) : ind_pin has 0 polygons
2026-08-20 19:07:18 +0000: Memory Usage (135584K) : ind_text has 0 polygons
2026-08-20 19:07:18 +0000: Memory Usage (135584K) : salblock_drw has 0 polygons
2026-08-20 19:07:18 +0000: Memory Usage (135584K) : via2_drw has 25 polygons
2026-08-20 19:07:18 +0000: Memory Usage (135584K) : metal3_drw has 19 polygons
2026-08-20 19:07:18 +0000: Memory Usage (135712K) : metal3_filler has 0 polygons
2026-08-20 19:07:18 +0000: Memory Usage (135712K) : metal3_slit has 0 polygons
2026-08-20 19:07:18 +0000: Memory Usage (135712K) : metal3 has 19 polygons
2026-08-20 19:07:18 +0000: Memory Usage (135840K) : metal3_pin has 0 polygons
2026-08-20 19:07:18 +0000: Memory Usage (135840K) : metal3_mask has 0 polygons
2026-08-20 19:07:18 +0000: Memory Usage (135840K) : metal3_nofill has 0 polygons
2026-08-20 19:07:18 +0000: Memory Usage (135840K) : metal3_text has 0 polygons
2026-08-20 19:07:18 +0000: Memory Usage (135968K) : metal3_OPC has 0 polygons
2026-08-20 19:07:18 +0000: Memory Usage (135968K) : metal3_noqrc has 0 polygons
2026-08-20 19:07:18 +0000: Memory Usage (135968K) : metal3_res has 0 polygons
2026-08-20 19:07:18 +0000: Memory Usage (135968K) : metal3_iprobe has 0 polygons
2026-08-20 19:07:18 +0000: Memory Usage (135968K) : metal3_diffprb has 0 polygons
2026-08-20 19:07:18 +0000: Memory Usage (135968K) : nwell_drw has 10 polygons
2026-08-20 19:07:18 +0000: Memory Usage (135968K) : nwell_pin has 0 polygons
2026-08-20 19:07:18 +0000: Memory Usage (135968K) : nwell_text has 0 polygons
2026-08-20 19:07:18 +0000: Memory Usage (135968K) : nbulay_drw has 0 polygons
2026-08-20 19:07:18 +0000: Memory Usage (135968K) : nbulay_pin has 0 polygons
2026-08-20 19:07:18 +0000: Memory Usage (135968K) : nbulay_block has 0 polygons
2026-08-20 19:07:18 +0000: Memory Usage (135968K) : emwind_drw has 4 polygons
2026-08-20 19:07:18 +0000: Memory Usage (135968K) : emwind_OPC has 0 polygons
2026-08-20 19:07:18 +0000: Memory Usage (135968K) : deepco_drw has 0 polygons
2026-08-20 19:07:18 +0000: Memory Usage (135968K) : mim_drw has 0 polygons
2026-08-20 19:07:18 +0000: Memory Usage (136096K) : edgeseal_drw has 0 polygons
2026-08-20 19:07:18 +0000: Memory Usage (136096K) : substrate_drw has 500 polygons
2026-08-20 19:07:18 +0000: Memory Usage (136096K) : substrate_text has 0 polygons
2026-08-20 19:07:18 +0000: Memory Usage (136096K) : dfpad_drw has 2 polygons
2026-08-20 19:07:18 +0000: Memory Usage (136096K) : dfpad_pillar has 0 polygons
2026-08-20 19:07:18 +0000: Memory Usage (136096K) : dfpad_sbump has 0 polygons
2026-08-20 19:07:18 +0000: Memory Usage (136224K) : thickgateox_drw has 0 polygons
2026-08-20 19:07:18 +0000: Memory Usage (136224K) : pldb_drw has 0 polygons
2026-08-20 19:07:18 +0000: Memory Usage (136224K) : pwell_drw has 0 polygons
2026-08-20 19:07:18 +0000: Memory Usage (136224K) : pwell_pin has 0 polygons
2026-08-20 19:07:18 +0000: Memory Usage (136224K) : pwell_block has 0 polygons
2026-08-20 19:07:18 +0000: Memory Usage (136352K) : ic_drw has 0 polygons
2026-08-20 19:07:18 +0000: Memory Usage (136352K) : via3_drw has 1001 polygons
2026-08-20 19:07:18 +0000: Memory Usage (136352K) : metal4_drw has 19 polygons
2026-08-20 19:07:18 +0000: Memory Usage (136352K) : metal4_filler has 0 polygons
2026-08-20 19:07:18 +0000: Memory Usage (136352K) : metal4_slit has 0 polygons
2026-08-20 19:07:18 +0000: Memory Usage (136480K) : metal4 has 19 polygons
2026-08-20 19:07:18 +0000: Memory Usage (136480K) : metal4_pin has 0 polygons
2026-08-20 19:07:18 +0000: Memory Usage (136480K) : metal4_mask has 0 polygons
2026-08-20 19:07:18 +0000: Memory Usage (136480K) : metal4_nofill has 0 polygons
2026-08-20 19:07:18 +0000: Memory Usage (136480K) : metal4_text has 3 polygons
2026-08-20 19:07:18 +0000: Memory Usage (136480K) : metal4_OPC has 0 polygons
2026-08-20 19:07:18 +0000: Memory Usage (136480K) : metal4_noqrc has 0 polygons
2026-08-20 19:07:18 +0000: Memory Usage (136608K) : metal4_res has 0 polygons
2026-08-20 19:07:18 +0000: Memory Usage (136608K) : metal4_iprobe has 0 polygons
2026-08-20 19:07:18 +0000: Memory Usage (136608K) : metal4_diffprb has 0 polygons
2026-08-20 19:07:18 +0000: Memory Usage (136608K) : heattrans_drw has 123 polygons
2026-08-20 19:07:18 +0000: Memory Usage (136608K) : heatres_drw has 0 polygons
2026-08-20 19:07:18 +0000: Memory Usage (136608K) : fbe_drw has 0 polygons
2026-08-20 19:07:18 +0000: Memory Usage (136736K) : empoly_drw has 0 polygons
2026-08-20 19:07:18 +0000: Memory Usage (136736K) : digisub_drw has 0 polygons
2026-08-20 19:07:18 +0000: Memory Usage (136736K) : text_drw has 645 polygons
2026-08-20 19:07:18 +0000: Memory Usage (136736K) : via4_drw has 995 polygons
2026-08-20 19:07:18 +0000: Memory Usage (136736K) : metal5_drw has 18 polygons
2026-08-20 19:07:18 +0000: Memory Usage (136736K) : metal5_filler has 0 polygons
2026-08-20 19:07:18 +0000: Memory Usage (136864K) : metal5_slit has 0 polygons
2026-08-20 19:07:18 +0000: Memory Usage (136864K) : metal5 has 18 polygons
2026-08-20 19:07:18 +0000: Memory Usage (136864K) : metal5_pin has 0 polygons
2026-08-20 19:07:18 +0000: Memory Usage (136864K) : metal5_mask has 0 polygons
2026-08-20 19:07:18 +0000: Memory Usage (136864K) : metal5_nofill has 0 polygons
2026-08-20 19:07:18 +0000: Memory Usage (136864K) : metal5_text has 0 polygons
2026-08-20 19:07:18 +0000: Memory Usage (136992K) : metal5_OPC has 0 polygons
2026-08-20 19:07:18 +0000: Memory Usage (136992K) : metal5_noqrc has 0 polygons
2026-08-20 19:07:18 +0000: Memory Usage (136992K) : metal5_res has 0 polygons
2026-08-20 19:07:18 +0000: Memory Usage (136992K) : metal5_iprobe has 0 polygons
2026-08-20 19:07:18 +0000: Memory Usage (136992K) : metal5_diffprb has 0 polygons
2026-08-20 19:07:18 +0000: Memory Usage (136992K) : radhard_drw has 0 polygons
2026-08-20 19:07:18 +0000: Memory Usage (137120K) : memcap_drw has 0 polygons
2026-08-20 19:07:18 +0000: Memory Usage (137120K) : varicap_drw has 0 polygons
2026-08-20 19:07:18 +0000: Memory Usage (137120K) : intbondvia_drw has 0 polygons
2026-08-20 19:07:18 +0000: Memory Usage (137120K) : intbondmet_drw has 0 polygons
2026-08-20 19:07:18 +0000: Memory Usage (137120K) : devbondvia_drw has 0 polygons
2026-08-20 19:07:18 +0000: Memory Usage (137120K) : devbondmet_drw has 0 polygons
2026-08-20 19:07:18 +0000: Memory Usage (137248K) : devtrench_drw has 0 polygons
2026-08-20 19:07:18 +0000: Memory Usage (137248K) : redist_drw has 0 polygons
2026-08-20 19:07:18 +0000: Memory Usage (137248K) : graphbot_drw has 0 polygons
2026-08-20 19:07:18 +0000: Memory Usage (137248K) : graphtop_drw has 0 polygons
2026-08-20 19:07:18 +0000: Memory Usage (137248K) : antvia1_drw has 0 polygons
2026-08-20 19:07:18 +0000: Memory Usage (137248K) : antmetal2_drw has 0 polygons
2026-08-20 19:07:18 +0000: Memory Usage (137376K) : graphcont_drw has 0 polygons
2026-08-20 19:07:18 +0000: Memory Usage (137376K) : siwg_drw has 0 polygons
2026-08-20 19:07:18 +0000: Memory Usage (137376K) : siwg_filler has 0 polygons
2026-08-20 19:07:18 +0000: Memory Usage (137376K) : siwg_nofill has 0 polygons
2026-08-20 19:07:18 +0000: Memory Usage (137376K) : sigrating_drw has 0 polygons
2026-08-20 19:07:18 +0000: Memory Usage (137504K) : singrating_drw has 0 polygons
2026-08-20 19:07:18 +0000: Memory Usage (137504K) : graphpas_drw has 0 polygons
2026-08-20 19:07:18 +0000: Memory Usage (137504K) : emwind3_drw has 0 polygons
2026-08-20 19:07:18 +0000: Memory Usage (137504K) : emwihv3_drw has 0 polygons
2026-08-20 19:07:18 +0000: Memory Usage (137504K) : redbulay_drw has 0 polygons
2026-08-20 19:07:18 +0000: Memory Usage (137504K) : smos_drw has 0 polygons
2026-08-20 19:07:18 +0000: Memory Usage (137632K) : graphpad_drw has 0 polygons
2026-08-20 19:07:18 +0000: Memory Usage (137632K) : polimide_drw has 0 polygons
2026-08-20 19:07:18 +0000: Memory Usage (137632K) : polimide_pin has 0 polygons
2026-08-20 19:07:18 +0000: Memory Usage (137632K) : recog_drw has 0 polygons
2026-08-20 19:07:18 +0000: Memory Usage (137632K) : recog_pin has 0 polygons
2026-08-20 19:07:18 +0000: Memory Usage (137632K) : recog_esd has 4 polygons
2026-08-20 19:07:18 +0000: Memory Usage (137760K) : recog_diode has 0 polygons
2026-08-20 19:07:18 +0000: Memory Usage (137760K) : recog_tsv has 0 polygons
2026-08-20 19:07:18 +0000: Memory Usage (137760K) : recog_iprobe has 0 polygons
2026-08-20 19:07:18 +0000: Memory Usage (137760K) : recog_diffprb has 0 polygons
2026-08-20 19:07:18 +0000: Memory Usage (137760K) : recog_pillar has 0 polygons
2026-08-20 19:07:18 +0000: Memory Usage (137888K) : recog_sbump has 0 polygons
2026-08-20 19:07:18 +0000: Memory Usage (137888K) : recog_otp has 0 polygons
2026-08-20 19:07:18 +0000: Memory Usage (137888K) : recog_pdiode has 0 polygons
2026-08-20 19:07:18 +0000: Memory Usage (137888K) : recog_mom has 0 polygons
2026-08-20 19:07:18 +0000: Memory Usage (137888K) : recog_momf has 0 polygons
2026-08-20 19:07:18 +0000: Memory Usage (137888K) : recog_pcm has 0 polygons
2026-08-20 19:07:18 +0000: Memory Usage (138016K) : colopen_drw has 0 polygons
2026-08-20 19:07:18 +0000: Memory Usage (138016K) : graphmetal1_drw has 0 polygons
2026-08-20 19:07:18 +0000: Memory Usage (138016K) : graphmetal1_filler has 0 polygons
2026-08-20 19:07:18 +0000: Memory Usage (138016K) : graphmetal1_nofill has 0 polygons
2026-08-20 19:07:18 +0000: Memory Usage (138016K) : graphmetal1_slit has 0 polygons
2026-08-20 19:07:18 +0000: Memory Usage (138016K) : graphmetal1_OPC has 0 polygons
2026-08-20 19:07:18 +0000: Memory Usage (138144K) : graphmet1l_drw has 0 polygons
2026-08-20 19:07:18 +0000: Memory Usage (138144K) : graphmet1l_filler has 0 polygons
2026-08-20 19:07:18 +0000: Memory Usage (138144K) : graphmet1l_nofill has 0 polygons
2026-08-20 19:07:18 +0000: Memory Usage (138144K) : graphmet1l_slit has 0 polygons
2026-08-20 19:07:18 +0000: Memory Usage (138144K) : graphmet1l_OPC has 0 polygons
2026-08-20 19:07:18 +0000: Memory Usage (138144K) : extblock_drw has 0 polygons
2026-08-20 19:07:18 +0000: Memory Usage (138272K) : nldd_drw has 0 polygons
2026-08-20 19:07:18 +0000: Memory Usage (138272K) : pldd_drw has 0 polygons
2026-08-20 19:07:18 +0000: Memory Usage (138272K) : next_drw has 0 polygons
2026-08-20 19:07:18 +0000: Memory Usage (138272K) : pext_drw has 0 polygons
2026-08-20 19:07:18 +0000: Memory Usage (138272K) : nexthv_drw has 0 polygons
2026-08-20 19:07:18 +0000: Memory Usage (138400K) : pexthv_drw has 0 polygons
2026-08-20 19:07:18 +0000: Memory Usage (138400K) : graphgate_drw has 0 polygons
2026-08-20 19:07:18 +0000: Memory Usage (138400K) : sinwg_drw has 0 polygons
2026-08-20 19:07:18 +0000: Memory Usage (138400K) : sinwg_filler has 0 polygons
2026-08-20 19:07:18 +0000: Memory Usage (138528K) : sinwg_nofill has 0 polygons
2026-08-20 19:07:18 +0000: Memory Usage (138528K) : mempad_drw has 0 polygons
2026-08-20 19:07:18 +0000: Memory Usage (138528K) : topvia1_drw has 477 polygons
2026-08-20 19:07:18 +0000: Memory Usage (138528K) : topmetal1_drw has 48 polygons
2026-08-20 19:07:18 +0000: Memory Usage (138528K) : topmetal1_filler has 0 polygons
2026-08-20 19:07:18 +0000: Memory Usage (138528K) : topmetal1_slit has 0 polygons
2026-08-20 19:07:18 +0000: Memory Usage (138656K) : topmetal1 has 48 polygons
2026-08-20 19:07:18 +0000: Memory Usage (138656K) : topmetal1_pin has 0 polygons
2026-08-20 19:07:18 +0000: Memory Usage (138656K) : topmetal1_mask has 0 polygons
2026-08-20 19:07:18 +0000: Memory Usage (138656K) : topmetal1_nofill has 0 polygons
2026-08-20 19:07:18 +0000: Memory Usage (138656K) : topmetal1_text has 0 polygons
2026-08-20 19:07:18 +0000: Memory Usage (138656K) : topmetal1_noqrc has 0 polygons
2026-08-20 19:07:18 +0000: Memory Usage (138784K) : topmetal1_res has 0 polygons
2026-08-20 19:07:18 +0000: Memory Usage (138784K) : topmetal1_iprobe has 0 polygons
2026-08-20 19:07:18 +0000: Memory Usage (138784K) : topmetal1_diffprb has 0 polygons
2026-08-20 19:07:18 +0000: Memory Usage (138784K) : inldpwl_drw has 0 polygons
2026-08-20 19:07:18 +0000: Memory Usage (138784K) : polyres_drw has 0 polygons
2026-08-20 19:07:18 +0000: Memory Usage (138912K) : polyres_pin has 0 polygons
2026-08-20 19:07:18 +0000: Memory Usage (138912K) : vmim_drw has 0 polygons
2026-08-20 19:07:18 +0000: Memory Usage (138912K) : nbulaycut_drw has 0 polygons
2026-08-20 19:07:18 +0000: Memory Usage (138912K) : antmetal1_drw has 0 polygons
2026-08-20 19:07:18 +0000: Memory Usage (139040K) : topvia2_drw has 227 polygons
2026-08-20 19:07:18 +0000: Memory Usage (139040K) : topmetal2_drw has 43 polygons
2026-08-20 19:07:18 +0000: Memory Usage (139040K) : topmetal2_filler has 0 polygons
2026-08-20 19:07:18 +0000: Memory Usage (139040K) : topmetal2_slit has 0 polygons
2026-08-20 19:07:18 +0000: Memory Usage (139168K) : topmetal2 has 43 polygons
2026-08-20 19:07:18 +0000: Memory Usage (139168K) : topmetal2_pin has 0 polygons
2026-08-20 19:07:18 +0000: Memory Usage (139168K) : topmetal2_mask has 0 polygons
2026-08-20 19:07:18 +0000: Memory Usage (139168K) : topmetal2_nofill has 0 polygons
2026-08-20 19:07:18 +0000: Memory Usage (139168K) : topmetal2_text has 6 polygons
2026-08-20 19:07:18 +0000: Memory Usage (139296K) : topmetal2_noqrc has 0 polygons
2026-08-20 19:07:18 +0000: Memory Usage (139296K) : topmetal2_res has 0 polygons
2026-08-20 19:07:18 +0000: Memory Usage (139424K) : topmetal2_iprobe has 0 polygons
2026-08-20 19:07:18 +0000: Memory Usage (139424K) : topmetal2_diffprb has 0 polygons
2026-08-20 19:07:18 +0000: Memory Usage (139424K) : snsring_drw has 0 polygons
2026-08-20 19:07:18 +0000: Memory Usage (139552K) : sensor_drw has 0 polygons
2026-08-20 19:07:18 +0000: Memory Usage (139552K) : snsarms_drw has 0 polygons
2026-08-20 19:07:18 +0000: Memory Usage (139552K) : snscmosvia_drw has 0 polygons
2026-08-20 19:07:18 +0000: Memory Usage (139552K) : colwind_drw has 0 polygons
2026-08-20 19:07:18 +0000: Memory Usage (139680K) : flm_drw has 0 polygons
2026-08-20 19:07:18 +0000: Memory Usage (139680K) : hafniumox_drw has 0 polygons
2026-08-20 19:07:18 +0000: Memory Usage (139680K) : memvia_drw has 0 polygons
2026-08-20 19:07:18 +0000: Memory Usage (139680K) : thinfilmres_drw has 0 polygons
2026-08-20 19:07:18 +0000: Memory Usage (139808K) : rfmem_drw has 0 polygons
2026-08-20 19:07:18 +0000: Memory Usage (139808K) : norcx_drw has 0 polygons
2026-08-20 19:07:18 +0000: Memory Usage (139808K) : norcx_m2m3 has 0 polygons
2026-08-20 19:07:18 +0000: Memory Usage (139808K) : norcx_m2m4 has 0 polygons
2026-08-20 19:07:18 +0000: Memory Usage (139936K) : norcx_m2m5 has 0 polygons
2026-08-20 19:07:18 +0000: Memory Usage (139936K) : norcx_m2tm1 has 0 polygons
2026-08-20 19:07:18 +0000: Memory Usage (140064K) : norcx_m2tm2 has 0 polygons
2026-08-20 19:07:18 +0000: Memory Usage (140064K) : norcx_m3m4 has 0 polygons
2026-08-20 19:07:18 +0000: Memory Usage (140064K) : norcx_m3m5 has 0 polygons
2026-08-20 19:07:18 +0000: Memory Usage (140192K) : norcx_m3tm1 has 0 polygons
2026-08-20 19:07:18 +0000: Memory Usage (140192K) : norcx_m3tm2 has 0 polygons
2026-08-20 19:07:18 +0000: Memory Usage (140192K) : norcx_m4m5 has 0 polygons
2026-08-20 19:07:18 +0000: Memory Usage (140192K) : norcx_m4tm1 has 0 polygons
2026-08-20 19:07:18 +0000: Memory Usage (140192K) : norcx_m4tm2 has 0 polygons
2026-08-20 19:07:18 +0000: Memory Usage (140192K) : norcx_m5tm1 has 0 polygons
2026-08-20 19:07:18 +0000: Memory Usage (140192K) : norcx_m5tm2 has 0 polygons
2026-08-20 19:07:18 +0000: Memory Usage (140192K) : norcx_tm1tm2 has 0 polygons
2026-08-20 19:07:18 +0000: Memory Usage (140192K) : norcx_m1sub has 0 polygons
2026-08-20 19:07:18 +0000: Memory Usage (140192K) : norcx_m2sub has 0 polygons
2026-08-20 19:07:18 +0000: Memory Usage (140192K) : norcx_m3sub has 0 polygons
2026-08-20 19:07:18 +0000: Memory Usage (140192K) : norcx_m4sub has 0 polygons
2026-08-20 19:07:18 +0000: Memory Usage (140192K) : norcx_m5sub has 0 polygons
2026-08-20 19:07:18 +0000: Memory Usage (140192K) : norcx_tm1sub has 0 polygons
2026-08-20 19:07:18 +0000: Memory Usage (140192K) : norcx_tm2sub has 0 polygons
2026-08-20 19:07:18 +0000: Memory Usage (140192K) : snsbotvia_drw has 0 polygons
2026-08-20 19:07:18 +0000: Memory Usage (140192K) : snstopvia_drw has 0 polygons
2026-08-20 19:07:18 +0000: Memory Usage (140192K) : deepvia_drw has 0 polygons
2026-08-20 19:07:18 +0000: Memory Usage (140192K) : fgetch_drw has 0 polygons
2026-08-20 19:07:18 +0000: Memory Usage (140192K) : ctrgat_drw has 0 polygons
2026-08-20 19:07:18 +0000: Memory Usage (140192K) : fgimp_drw has 0 polygons
2026-08-20 19:07:18 +0000: Memory Usage (140192K) : emwihv_drw has 0 polygons
2026-08-20 19:07:18 +0000: Memory Usage (140192K) : lbe_drw has 0 polygons
2026-08-20 19:07:18 +0000: Memory Usage (140192K) : alcustop_drw has 0 polygons
2026-08-20 19:07:18 +0000: Memory Usage (140192K) : nometfiller_drw has 0 polygons
2026-08-20 19:07:18 +0000: Memory Usage (140192K) : prboundary_drw has 0 polygons
2026-08-20 19:07:18 +0000: Memory Usage (140192K) : exchange0_drw has 0 polygons
2026-08-20 19:07:18 +0000: Memory Usage (140192K) : exchange0_pin has 0 polygons
2026-08-20 19:07:18 +0000: Memory Usage (140192K) : exchange0_text has 0 polygons
2026-08-20 19:07:18 +0000: Memory Usage (140192K) : exchange1_drw has 0 polygons
2026-08-20 19:07:18 +0000: Memory Usage (140192K) : exchange1_pin has 0 polygons
2026-08-20 19:07:18 +0000: Memory Usage (140192K) : exchange1_text has 0 polygons
2026-08-20 19:07:18 +0000: Memory Usage (140192K) : exchange2_drw has 0 polygons
2026-08-20 19:07:18 +0000: Memory Usage (140192K) : exchange2_pin has 0 polygons
2026-08-20 19:07:18 +0000: Memory Usage (140192K) : exchange2_text has 0 polygons
2026-08-20 19:07:18 +0000: Memory Usage (140192K) : exchange3_drw has 0 polygons
2026-08-20 19:07:18 +0000: Memory Usage (140192K) : exchange3_pin has 0 polygons
2026-08-20 19:07:18 +0000: Memory Usage (140192K) : exchange3_text has 0 polygons
2026-08-20 19:07:18 +0000: Memory Usage (140192K) : exchange4_drw has 0 polygons
2026-08-20 19:07:18 +0000: Memory Usage (140192K) : exchange4_pin has 0 polygons
2026-08-20 19:07:18 +0000: Memory Usage (140192K) : exchange4_text has 0 polygons
2026-08-20 19:07:18 +0000: Memory Usage (140192K) : isonwell_drw has 0 polygons
2026-08-20 19:07:18 +0000: Memory Usage (140192K) : Total no. of polygons in the design is 28398
2026-08-20 19:07:18 +0000: Memory Usage (140192K) : Starting base layers derivations
2026-08-20 19:07:18 +0000: Memory Usage (140192K) : Starting general LVS derivations
2026-08-20 19:07:19 +0000: Memory Usage (144476K) : Starting MOSFET DERIVATIONS
2026-08-20 19:07:19 +0000: Memory Usage (144988K) : Starting NMOS DERIVATIONS
2026-08-20 19:07:19 +0000: Memory Usage (144988K) : Starting PMOS DERIVATIONS
2026-08-20 19:07:19 +0000: Memory Usage (144988K) : Starting RF-MOSFET DERIVATIONS
2026-08-20 19:07:19 +0000: Memory Usage (144988K) : Starting RF-NMOS DERIVATIONS
2026-08-20 19:07:19 +0000: Memory Usage (144988K) : Starting RF-PMOS DERIVATIONS
2026-08-20 19:07:19 +0000: Memory Usage (144988K) : Starting BJT DERIVATIONS
2026-08-20 19:07:19 +0000: Memory Usage (144988K) : Starting NPN-BJT DERIVATIONS
2026-08-20 19:07:19 +0000: Memory Usage (145116K) : Starting PNP-BJT DERIVATIONS
2026-08-20 19:07:19 +0000: Memory Usage (145116K) : Starting DIODE DERIVATIONS
2026-08-20 19:07:19 +0000: Memory Usage (145116K) : Starting RESISTOR DERIVATIONS
2026-08-20 19:07:19 +0000: Memory Usage (145116K) : Starting CAP DERIVATIONS
2026-08-20 19:07:19 +0000: Memory Usage (145116K) : Starting CAP_CMOM DERIVATIONS
2026-08-20 19:07:19 +0000: Memory Usage (145116K) : Starting CAP_CMOMF DERIVATIONS
2026-08-20 19:07:19 +0000: Memory Usage (145116K) : Starting ESD DERIVATIONS
2026-08-20 19:07:19 +0000: Memory Usage (145756K) : Starting Inductor DERIVATIONS
2026-08-20 19:07:19 +0000: Memory Usage (145756K) : Starting Taps DERIVATIONS
2026-08-20 19:07:20 +0000: Memory Usage (145756K) : Starting SG13G2 LVS connectivity setup
2026-08-20 19:07:20 +0000: Memory Usage (145756K) : Starting SG13G2 LVS connectivity setup (Inter-layer)
2026-08-20 19:07:20 +0000: Memory Usage (145884K) : Starting SG13G2 LVS connectivity setup (Global)
2026-08-20 19:07:20 +0000: Memory Usage (145884K) : Starting LVS MOSFET CONNECTIONS
2026-08-20 19:07:20 +0000: Memory Usage (145884K) : Starting LVS RF-MOSFET CONNECTIONS
2026-08-20 19:07:20 +0000: Memory Usage (145884K) : Starting LVS BJT CONNECTIONS
2026-08-20 19:07:20 +0000: Memory Usage (145884K) : Starting LVS DIODE CONNECTIONS
2026-08-20 19:07:20 +0000: Memory Usage (145884K) : Starting RESISTOR CONNECTIONS
2026-08-20 19:07:20 +0000: Memory Usage (145884K) : Starting LVS CAP CONNECTIONS
2026-08-20 19:07:20 +0000: Memory Usage (145884K) : Starting CAP_CMOM CONNECTIONS
2026-08-20 19:07:20 +0000: Memory Usage (145884K) : Starting CAP_CMOMF CONNECTIONS
2026-08-20 19:07:20 +0000: Memory Usage (145884K) : Starting ESD CONNECTIONS
2026-08-20 19:07:20 +0000: Memory Usage (145884K) : Starting Inductor CONNECTIONS
2026-08-20 19:07:20 +0000: Memory Usage (145884K) : Starting LVS Taps CONNECTIONS
2026-08-20 19:07:20 +0000: Memory Usage (145884K) : Starting SG13G2 LVS DEVICES EXTRACTION
2026-08-20 19:07:20 +0000: Memory Usage (145884K) : Starting MOSFET EXTRACTION
2026-08-20 19:07:20 +0000: Memory Usage (145884K) : Starting NMOS EXTRACTION
2026-08-20 19:07:20 +0000: Memory Usage (145884K) : Extraction of NMOS-LV transistor
2026-08-20 19:07:20 +0000: Memory Usage (146140K) : Extraction of NMOS-HV transistor
2026-08-20 19:07:20 +0000: Memory Usage (146140K) : Starting PMOS EXTRACTION
2026-08-20 19:07:20 +0000: Memory Usage (146140K) : Extraction of PMOS-LV transistor
2026-08-20 19:07:20 +0000: Memory Usage (146140K) : Extraction of PMOS-HV transistor
2026-08-20 19:07:20 +0000: Memory Usage (146140K) : Starting RF-MOSFET EXTRACTION
2026-08-20 19:07:20 +0000: Memory Usage (146140K) : Extraction of RF-NMOS-LV transistor
2026-08-20 19:07:20 +0000: Memory Usage (146140K) : Extraction of RF-NMOS-HV transistor
2026-08-20 19:07:20 +0000: Memory Usage (146140K) : Extraction of RF-PMOS-LV transistor
2026-08-20 19:07:20 +0000: Memory Usage (146140K) : Extraction of RF-PMOS-HV transistor
2026-08-20 19:07:20 +0000: Memory Usage (146140K) : Starting BJT EXTRACTION
2026-08-20 19:07:20 +0000: Memory Usage (146140K) : Starting NPN-BJT EXTRACTION
2026-08-20 19:07:20 +0000: Memory Usage (146140K) : Extraction of npn13G2 BJT transistor
2026-08-20 19:07:20 +0000: Memory Usage (146140K) : Extraction of npn13G2L BJT transistor
2026-08-20 19:07:20 +0000: Memory Usage (146140K) : Extraction of npn13G2V BJT transistor
2026-08-20 19:07:20 +0000: Memory Usage (146140K) : Starting PNP-BJT EXTRACTION
2026-08-20 19:07:20 +0000: Memory Usage (146140K) : Extracting pnpMPA BJT
2026-08-20 19:07:20 +0000: Memory Usage (146140K) : Starting DIODE EXTRACTION
2026-08-20 19:07:20 +0000: Memory Usage (146140K) : Extracting dantenna diode
2026-08-20 19:07:20 +0000: Memory Usage (146140K) : Extracting dpantenna diode
2026-08-20 19:07:20 +0000: Memory Usage (146140K) : Extracting schottky_nbl1 diode
2026-08-20 19:07:20 +0000: Memory Usage (146140K) : Extracting isolbox diode
2026-08-20 19:07:20 +0000: Memory Usage (146140K) : Starting RESISTOR EXTRACTION
2026-08-20 19:07:20 +0000: Memory Usage (146140K) : Extracting rsil resistor
2026-08-20 19:07:20 +0000: Memory Usage (146140K) : Extracting rppd resistor
2026-08-20 19:07:20 +0000: Memory Usage (146140K) : Extracting rhigh resistor
2026-08-20 19:07:20 +0000: Memory Usage (146140K) : Extracting res_metal1 resistor
2026-08-20 19:07:20 +0000: Memory Usage (146140K) : Extracting res_metal2 resistor
2026-08-20 19:07:20 +0000: Memory Usage (146140K) : Extracting res_metal3 resistor
2026-08-20 19:07:20 +0000: Memory Usage (146140K) : Extracting res_metal4 resistor
2026-08-20 19:07:20 +0000: Memory Usage (146140K) : Extracting res_metal5 resistor
2026-08-20 19:07:20 +0000: Memory Usage (146140K) : Extracting res_topmetal1 resistor
2026-08-20 19:07:20 +0000: Memory Usage (146140K) : Extracting res_topmetal2 resistor
2026-08-20 19:07:20 +0000: Memory Usage (146140K) : Starting CAP EXTRACTION
2026-08-20 19:07:20 +0000: Memory Usage (146140K) : Extracting cap_cmim device
2026-08-20 19:07:20 +0000: Memory Usage (146140K) : Extracting rfcmim device
2026-08-20 19:07:20 +0000: Memory Usage (146140K) : Extracting sg13_hv_svaricap varactor
2026-08-20 19:07:20 +0000: Memory Usage (146140K) : Extracting cap_cmomi device
2026-08-20 19:07:20 +0000: Memory Usage (146140K) : Extracting cap_cmomf device
2026-08-20 19:07:20 +0000: Memory Usage (146140K) : Extracting sg13_moscap_n capacitor
2026-08-20 19:07:20 +0000: Memory Usage (146140K) : Extracting sg13_moscap_p capacitor
2026-08-20 19:07:20 +0000: Memory Usage (146140K) : Starting ESD EXTRACTION
2026-08-20 19:07:20 +0000: Memory Usage (146140K) : Extracting diodevdd_2kv ESD device
2026-08-20 19:07:20 +0000: Memory Usage (146140K) : Extracting diodevdd_4kv ESD device
2026-08-20 19:07:20 +0000: Memory Usage (146140K) : Extracting diodevss_2kv ESD device
2026-08-20 19:07:20 +0000: Memory Usage (146140K) : Extracting diodevss_4kv ESD device
2026-08-20 19:07:20 +0000: Memory Usage (146140K) : Extracting idiodevdd_2kv ESD device
2026-08-20 19:07:20 +0000: Memory Usage (146140K) : Extracting idiodevdd_4kv ESD device
2026-08-20 19:07:20 +0000: Memory Usage (146140K) : Extracting idiodevss_2kv ESD device
2026-08-20 19:07:20 +0000: Memory Usage (146140K) : Extracting idiodevss_4kv ESD device
2026-08-20 19:07:20 +0000: Memory Usage (146140K) : Extracting nmoscl_2 ESD device
2026-08-20 19:07:20 +0000: Memory Usage (146140K) : Extracting nmoscl_4 ESD device
2026-08-20 19:07:20 +0000: Memory Usage (146140K) : Starting Inductor EXTRACTION
2026-08-20 19:07:20 +0000: Memory Usage (146140K) : Extracting Inductor2 device
2026-08-20 19:07:20 +0000: Memory Usage (146140K) : Extracting Inductor3 device
2026-08-20 19:07:20 +0000: Memory Usage (146140K) : Starting Taps EXTRACTION
2026-08-20 19:07:20 +0000: Memory Usage (146140K) : DISABLE_TAP_EXTRACTION is enabled: skipping ntap1/ptap1 device extraction.
2026-08-20 19:07:20 +0000: Memory Usage (146140K) : Starting SG13G2 LVS RF MOS Model Mapping
2026-08-20 19:07:20 +0000: Memory Usage (146140K) : [layout_netlist] Apply RF MOS model mapping and rfmode parameter.
2026-08-20 19:07:20 +0000: Memory Usage (146140K) : Starting SG13G2 LVS Options Preparations
2026-08-20 19:07:20 +0000: Memory Usage (146140K) : SG13G2 LVS flow: extraction -> alignment -> option preparation -> comparison.
2026-08-20 19:07:20 +0000: Memory Usage (146140K) : Starting SG13G2 LVS Alignment
2026-08-20 19:07:20 +0000: Memory Usage (146396K) : Starting SG13G2 LVS Simplification
2026-08-20 19:07:20 +0000: Memory Usage (146396K) : [layout_netlist] simplify: ENABLED
2026-08-20 19:07:20 +0000: Memory Usage (146396K) : [layout_netlist] make_top_level_pins: SKIPPED
2026-08-20 19:07:20 +0000: Memory Usage (146396K) : [layout_netlist] combine_devices: SKIPPED
2026-08-20 19:07:20 +0000: Memory Usage (146396K) : [layout_netlist] purge: SKIPPED
2026-08-20 19:07:20 +0000: Memory Usage (146396K) : [layout_netlist] purge_nets: SKIPPED
2026-08-20 19:07:20 +0000: Memory Usage (146396K) : [schematic_netlist] simplify: ENABLED
2026-08-20 19:07:20 +0000: Memory Usage (146396K) : [schematic_netlist] make_top_level_pins: SKIPPED
2026-08-20 19:07:20 +0000: Memory Usage (146396K) : [schematic_netlist] combine_devices: SKIPPED
2026-08-20 19:07:20 +0000: Memory Usage (146396K) : [schematic_netlist] purge: SKIPPED
2026-08-20 19:07:20 +0000: Memory Usage (146396K) : [schematic_netlist] purge_nets: SKIPPED
2026-08-20 19:07:20 +0000: Memory Usage (146396K) : Starting SG13G2 LVS Comparison
2026-08-20 19:07:20 +0000: Memory Usage (146396K) : xxxxxxxxxxxxxxxxxxxxxxxxxxxxxxxxxxxxxxxxxx
2026-08-20 19:07:20 +0000: Memory Usage (146396K) : ERROR : Netlists don't match
2026-08-20 19:07:20 +0000: Memory Usage (146396K) : xxxxxxxxxxxxxxxxxxxxxxxxxxxxxxxxxxxxxxxxxx
2026-08-20 19:07:20 +0000: Memory Usage (146396K) : LVS Total Run time 1.357117 seconds
