# Logfile created on 2026-08-20 17:21:52 +0000 by logger.rb/v1.5.3
2026-08-20 17:21:52 +0000: Memory Usage (128564K) : Starting running SG13G2 Klayout LVS runset on /workspace/layout/blocks/out/driver_stage/granular_bisect/no_esd/driver_dut.gds
2026-08-20 17:21:52 +0000: Memory Usage (128564K) : Ruby Version for klayout: 3.2.3
2026-08-20 17:21:52 +0000: Memory Usage (129904K) : Loading database to memory is complete.
2026-08-20 17:21:52 +0000: Memory Usage (129904K) : SG13G2 Klayout LVS runset output at: /workspace/layout/blocks/out/driver_stage/granular_bisect/no_esd/lvs/driver_dut.lvsdb
2026-08-20 17:21:52 +0000: Memory Usage (129904K) : Evaluate switches.
2026-08-20 17:21:52 +0000: Memory Usage (129904K) : Extracted netlist with net names: true
2026-08-20 17:21:52 +0000: Memory Usage (129904K) : Extracted netlist with comments in details: false
2026-08-20 17:21:52 +0000: Memory Usage (129904K) : Selected NET_ONLY option: false
2026-08-20 17:21:52 +0000: Memory Usage (129904K) : Selected LAYOUT_NETLIST option: (none)
2026-08-20 17:21:52 +0000: Memory Usage (129904K) : Selected IGNORE_TOP_PORTS_MISMATCH option: true
2026-08-20 17:21:52 +0000: Memory Usage (129904K) : Selected IMPLICIT_NETS option: sub,sub!
2026-08-20 17:21:52 +0000: Memory Usage (129904K) : Selected TOP_LVL_PINS option: false
2026-08-20 17:21:52 +0000: Memory Usage (129904K) : Selected COMBINE DEVICES option: false
2026-08-20 17:21:52 +0000: Memory Usage (129904K) : Selected PURGE option: false
2026-08-20 17:21:52 +0000: Memory Usage (129904K) : Selected PURGE_NETS option: false
2026-08-20 17:21:52 +0000: Memory Usage (129904K) : Selected SIMPLIFY option: true
2026-08-20 17:21:52 +0000: Memory Usage (129904K) : Selected SERIES_RES option: true
2026-08-20 17:21:52 +0000: Memory Usage (129904K) : Selected PARALLEL_RES option: true
2026-08-20 17:21:52 +0000: Memory Usage (129904K) : Selected DISABLE_TAP_EXTRACTION option: true
2026-08-20 17:21:52 +0000: Memory Usage (129904K) : deep  mode is enabled.
2026-08-20 17:21:52 +0000: Memory Usage (129904K) : Applying implicit connections (case-sensitive, pattern supported) for nets: sub, sub!
2026-08-20 17:21:52 +0000: Memory Usage (131228K) : Netlist file: /workspace/layout/blocks/out/driver_stage/granular_bisect/no_esd/driver_dut.cdl
2026-08-20 17:21:52 +0000: Memory Usage (131228K) : LVS extracted netlist at: /workspace/layout/blocks/out/driver_stage/granular_bisect/no_esd/lvs/driver_dut_extracted.cir
2026-08-20 17:21:52 +0000: Memory Usage (131228K) : Applying SRAM integration support.
2026-08-20 17:21:52 +0000: Memory Usage (131228K) : Starting SG13G2 LVS runset
2026-08-20 17:21:52 +0000: Memory Usage (131228K) : Read in polygons from layers.
2026-08-20 17:21:52 +0000: Memory Usage (132540K) : activ_drw has 875 polygons
2026-08-20 17:21:52 +0000: Memory Usage (132540K) : activ_filler has 0 polygons
2026-08-20 17:21:52 +0000: Memory Usage (132540K) : activ has 875 polygons
2026-08-20 17:21:52 +0000: Memory Usage (132540K) : activ_pin has 0 polygons
2026-08-20 17:21:52 +0000: Memory Usage (132540K) : activ_mask has 4 polygons
2026-08-20 17:21:52 +0000: Memory Usage (132540K) : activ_nofill has 2 polygons
2026-08-20 17:21:52 +0000: Memory Usage (132540K) : activ_OPC has 0 polygons
2026-08-20 17:21:52 +0000: Memory Usage (132540K) : activ_iOPC has 0 polygons
2026-08-20 17:21:52 +0000: Memory Usage (132540K) : activ_noqrc has 0 polygons
2026-08-20 17:21:52 +0000: Memory Usage (132632K) : biwind_drw has 0 polygons
2026-08-20 17:21:52 +0000: Memory Usage (133144K) : biwind_OPC has 0 polygons
2026-08-20 17:21:52 +0000: Memory Usage (133144K) : gatpoly_drw has 140 polygons
2026-08-20 17:21:52 +0000: Memory Usage (133144K) : gatpoly_filler has 0 polygons
2026-08-20 17:21:52 +0000: Memory Usage (133144K) : gatpoly has 140 polygons
2026-08-20 17:21:52 +0000: Memory Usage (133144K) : gatpoly_pin has 119 polygons
2026-08-20 17:21:52 +0000: Memory Usage (133144K) : gatpoly_nofill has 2 polygons
2026-08-20 17:21:52 +0000: Memory Usage (133144K) : gatpoly_OPC has 0 polygons
2026-08-20 17:21:52 +0000: Memory Usage (133144K) : gatpoly_iOPC has 0 polygons
2026-08-20 17:21:52 +0000: Memory Usage (133144K) : gatpoly_noqrc has 0 polygons
2026-08-20 17:21:52 +0000: Memory Usage (133272K) : cont_drw has 10261 polygons
2026-08-20 17:21:52 +0000: Memory Usage (133272K) : cont_OPC has 0 polygons
2026-08-20 17:21:52 +0000: Memory Usage (133272K) : nsd_drw has 0 polygons
2026-08-20 17:21:52 +0000: Memory Usage (133272K) : nsd_block has 4 polygons
2026-08-20 17:21:52 +0000: Memory Usage (133272K) : metal1_drw has 1526 polygons
2026-08-20 17:21:52 +0000: Memory Usage (133272K) : metal1_filler has 0 polygons
2026-08-20 17:21:52 +0000: Memory Usage (133272K) : metal1_slit has 0 polygons
2026-08-20 17:21:52 +0000: Memory Usage (133272K) : metal1 has 1526 polygons
2026-08-20 17:21:52 +0000: Memory Usage (133272K) : metal1_pin has 746 polygons
2026-08-20 17:21:52 +0000: Memory Usage (133272K) : metal1_mask has 0 polygons
2026-08-20 17:21:52 +0000: Memory Usage (133272K) : metal1_nofill has 2 polygons
2026-08-20 17:21:52 +0000: Memory Usage (133400K) : metal1_text has 5 polygons
2026-08-20 17:21:52 +0000: Memory Usage (133400K) : metal1_OPC has 0 polygons
2026-08-20 17:21:52 +0000: Memory Usage (133528K) : metal1_noqrc has 0 polygons
2026-08-20 17:21:52 +0000: Memory Usage (133528K) : metal1_res has 0 polygons
2026-08-20 17:21:52 +0000: Memory Usage (133656K) : metal1_iprobe has 0 polygons
2026-08-20 17:21:52 +0000: Memory Usage (133656K) : metal1_diffprb has 0 polygons
2026-08-20 17:21:52 +0000: Memory Usage (133656K) : passiv_drw has 2 polygons
2026-08-20 17:21:52 +0000: Memory Usage (133784K) : passiv_pin has 0 polygons
2026-08-20 17:21:52 +0000: Memory Usage (133784K) : passiv_sbump has 0 polygons
2026-08-20 17:21:52 +0000: Memory Usage (133784K) : passiv_pillar has 0 polygons
2026-08-20 17:21:52 +0000: Memory Usage (133912K) : passiv_pdl has 0 polygons
2026-08-20 17:21:52 +0000: Memory Usage (133912K) : metal2_drw has 529 polygons
2026-08-20 17:21:52 +0000: Memory Usage (133912K) : metal2_filler has 0 polygons
2026-08-20 17:21:52 +0000: Memory Usage (134040K) : metal2_slit has 0 polygons
2026-08-20 17:21:52 +0000: Memory Usage (134040K) : metal2 has 529 polygons
2026-08-20 17:21:52 +0000: Memory Usage (134168K) : metal2_pin has 2 polygons
2026-08-20 17:21:52 +0000: Memory Usage (134168K) : metal2_mask has 0 polygons
2026-08-20 17:21:52 +0000: Memory Usage (134168K) : metal2_nofill has 2 polygons
2026-08-20 17:21:52 +0000: Memory Usage (134168K) : metal2_text has 3 polygons
2026-08-20 17:21:52 +0000: Memory Usage (134168K) : metal2_OPC has 0 polygons
2026-08-20 17:21:52 +0000: Memory Usage (134296K) : metal2_noqrc has 0 polygons
2026-08-20 17:21:52 +0000: Memory Usage (134296K) : metal2_res has 0 polygons
2026-08-20 17:21:52 +0000: Memory Usage (134296K) : metal2_iprobe has 0 polygons
2026-08-20 17:21:52 +0000: Memory Usage (134424K) : metal2_diffprb has 0 polygons
2026-08-20 17:21:52 +0000: Memory Usage (134424K) : baspoly_drw has 0 polygons
2026-08-20 17:21:52 +0000: Memory Usage (134424K) : baspoly_pin has 0 polygons
2026-08-20 17:21:52 +0000: Memory Usage (134424K) : psd_drw has 503 polygons
2026-08-20 17:21:52 +0000: Memory Usage (134552K) : nldb_drw has 0 polygons
2026-08-20 17:21:52 +0000: Memory Usage (134552K) : digibnd_drw has 0 polygons
2026-08-20 17:21:52 +0000: Memory Usage (134552K) : via1_drw has 6770 polygons
2026-08-20 17:21:52 +0000: Memory Usage (134552K) : backmetal1_drw has 0 polygons
2026-08-20 17:21:52 +0000: Memory Usage (134680K) : backmetal1_pin has 0 polygons
2026-08-20 17:21:52 +0000: Memory Usage (134680K) : backmetal1_mask has 0 polygons
2026-08-20 17:21:52 +0000: Memory Usage (134680K) : backmetal1_filler has 0 polygons
2026-08-20 17:21:52 +0000: Memory Usage (134680K) : backmetal1_nofill has 0 polygons
2026-08-20 17:21:52 +0000: Memory Usage (134808K) : backmetal1_slit has 0 polygons
2026-08-20 17:21:52 +0000: Memory Usage (134808K) : backmetal1_text has 0 polygons
2026-08-20 17:21:52 +0000: Memory Usage (134808K) : backmetal1_OPC has 0 polygons
2026-08-20 17:21:52 +0000: Memory Usage (134808K) : backmetal1_noqrc has 0 polygons
2026-08-20 17:21:52 +0000: Memory Usage (134936K) : backmetal1_res has 0 polygons
2026-08-20 17:21:52 +0000: Memory Usage (134936K) : backmetal1_iprobe has 0 polygons
2026-08-20 17:21:52 +0000: Memory Usage (134936K) : backmetal1_diffprb has 0 polygons
2026-08-20 17:21:52 +0000: Memory Usage (134936K) : backpassiv_drw has 0 polygons
2026-08-20 17:21:52 +0000: Memory Usage (135064K) : res_drw has 2 polygons
2026-08-20 17:21:52 +0000: Memory Usage (135064K) : sram_drw has 0 polygons
2026-08-20 17:21:52 +0000: Memory Usage (135064K) : trans_drw has 2 polygons
2026-08-20 17:21:52 +0000: Memory Usage (135192K) : ind_drw has 2 polygons
2026-08-20 17:21:52 +0000: Memory Usage (135192K) : ind_pin has 4 polygons
2026-08-20 17:21:52 +0000: Memory Usage (135192K) : ind_text has 4 polygons
2026-08-20 17:21:52 +0000: Memory Usage (135192K) : salblock_drw has 12 polygons
2026-08-20 17:21:52 +0000: Memory Usage (135192K) : via2_drw has 804 polygons
2026-08-20 17:21:52 +0000: Memory Usage (135320K) : metal3_drw has 45 polygons
2026-08-20 17:21:52 +0000: Memory Usage (135320K) : metal3_filler has 0 polygons
2026-08-20 17:21:52 +0000: Memory Usage (135320K) : metal3_slit has 0 polygons
2026-08-20 17:21:52 +0000: Memory Usage (135448K) : metal3 has 45 polygons
2026-08-20 17:21:52 +0000: Memory Usage (135448K) : metal3_pin has 2 polygons
2026-08-20 17:21:52 +0000: Memory Usage (135448K) : metal3_mask has 0 polygons
2026-08-20 17:21:52 +0000: Memory Usage (135448K) : metal3_nofill has 2 polygons
2026-08-20 17:21:52 +0000: Memory Usage (135448K) : metal3_text has 0 polygons
2026-08-20 17:21:52 +0000: Memory Usage (135448K) : metal3_OPC has 0 polygons
2026-08-20 17:21:52 +0000: Memory Usage (135448K) : metal3_noqrc has 0 polygons
2026-08-20 17:21:52 +0000: Memory Usage (135448K) : metal3_res has 0 polygons
2026-08-20 17:21:52 +0000: Memory Usage (135448K) : metal3_iprobe has 0 polygons
2026-08-20 17:21:52 +0000: Memory Usage (135448K) : metal3_diffprb has 0 polygons
2026-08-20 17:21:52 +0000: Memory Usage (135448K) : nwell_drw has 4 polygons
2026-08-20 17:21:52 +0000: Memory Usage (135448K) : nwell_pin has 0 polygons
2026-08-20 17:21:52 +0000: Memory Usage (135448K) : nwell_text has 0 polygons
2026-08-20 17:21:52 +0000: Memory Usage (135448K) : nbulay_drw has 1 polygons
2026-08-20 17:21:52 +0000: Memory Usage (135576K) : nbulay_pin has 0 polygons
2026-08-20 17:21:52 +0000: Memory Usage (135576K) : nbulay_block has 0 polygons
2026-08-20 17:21:52 +0000: Memory Usage (135576K) : emwind_drw has 4 polygons
2026-08-20 17:21:52 +0000: Memory Usage (135576K) : emwind_OPC has 0 polygons
2026-08-20 17:21:52 +0000: Memory Usage (135576K) : deepco_drw has 0 polygons
2026-08-20 17:21:52 +0000: Memory Usage (135576K) : mim_drw has 0 polygons
2026-08-20 17:21:52 +0000: Memory Usage (135704K) : edgeseal_drw has 0 polygons
2026-08-20 17:21:52 +0000: Memory Usage (135704K) : substrate_drw has 500 polygons
2026-08-20 17:21:52 +0000: Memory Usage (135704K) : substrate_text has 0 polygons
2026-08-20 17:21:52 +0000: Memory Usage (135704K) : dfpad_drw has 2 polygons
2026-08-20 17:21:52 +0000: Memory Usage (135704K) : dfpad_pillar has 0 polygons
2026-08-20 17:21:52 +0000: Memory Usage (135704K) : dfpad_sbump has 0 polygons
2026-08-20 17:21:52 +0000: Memory Usage (135832K) : thickgateox_drw has 1 polygons
2026-08-20 17:21:52 +0000: Memory Usage (135832K) : pldb_drw has 0 polygons
2026-08-20 17:21:52 +0000: Memory Usage (135832K) : pwell_drw has 0 polygons
2026-08-20 17:21:52 +0000: Memory Usage (135832K) : pwell_pin has 0 polygons
2026-08-20 17:21:52 +0000: Memory Usage (135832K) : pwell_block has 2 polygons
2026-08-20 17:21:52 +0000: Memory Usage (135960K) : ic_drw has 0 polygons
2026-08-20 17:21:52 +0000: Memory Usage (135960K) : via3_drw has 1018 polygons
2026-08-20 17:21:52 +0000: Memory Usage (135960K) : metal4_drw has 24 polygons
2026-08-20 17:21:52 +0000: Memory Usage (135960K) : metal4_filler has 0 polygons
2026-08-20 17:21:52 +0000: Memory Usage (135960K) : metal4_slit has 0 polygons
2026-08-20 17:21:52 +0000: Memory Usage (135960K) : metal4 has 24 polygons
2026-08-20 17:21:52 +0000: Memory Usage (136088K) : metal4_pin has 0 polygons
2026-08-20 17:21:52 +0000: Memory Usage (136088K) : metal4_mask has 0 polygons
2026-08-20 17:21:52 +0000: Memory Usage (136088K) : metal4_nofill has 2 polygons
2026-08-20 17:21:52 +0000: Memory Usage (136088K) : metal4_text has 3 polygons
2026-08-20 17:21:52 +0000: Memory Usage (136088K) : metal4_OPC has 0 polygons
2026-08-20 17:21:52 +0000: Memory Usage (136088K) : metal4_noqrc has 0 polygons
2026-08-20 17:21:52 +0000: Memory Usage (136216K) : metal4_res has 0 polygons
2026-08-20 17:21:52 +0000: Memory Usage (136216K) : metal4_iprobe has 0 polygons
2026-08-20 17:21:52 +0000: Memory Usage (136216K) : metal4_diffprb has 0 polygons
2026-08-20 17:21:52 +0000: Memory Usage (136216K) : heattrans_drw has 123 polygons
2026-08-20 17:21:52 +0000: Memory Usage (136216K) : heatres_drw has 2 polygons
2026-08-20 17:21:52 +0000: Memory Usage (136216K) : fbe_drw has 0 polygons
2026-08-20 17:21:52 +0000: Memory Usage (136216K) : empoly_drw has 0 polygons
2026-08-20 17:21:52 +0000: Memory Usage (136216K) : digisub_drw has 0 polygons
2026-08-20 17:21:52 +0000: Memory Usage (136344K) : text_drw has 639 polygons
2026-08-20 17:21:52 +0000: Memory Usage (136344K) : via4_drw has 1012 polygons
2026-08-20 17:21:52 +0000: Memory Usage (136344K) : metal5_drw has 33 polygons
2026-08-20 17:21:52 +0000: Memory Usage (136344K) : metal5_filler has 0 polygons
2026-08-20 17:21:52 +0000: Memory Usage (136344K) : metal5_slit has 0 polygons
2026-08-20 17:21:52 +0000: Memory Usage (136344K) : metal5 has 33 polygons
2026-08-20 17:21:52 +0000: Memory Usage (136472K) : metal5_pin has 0 polygons
2026-08-20 17:21:52 +0000: Memory Usage (136472K) : metal5_mask has 0 polygons
2026-08-20 17:21:52 +0000: Memory Usage (136472K) : metal5_nofill has 2 polygons
2026-08-20 17:21:52 +0000: Memory Usage (136472K) : metal5_text has 0 polygons
2026-08-20 17:21:52 +0000: Memory Usage (136472K) : metal5_OPC has 0 polygons
2026-08-20 17:21:52 +0000: Memory Usage (136472K) : metal5_noqrc has 0 polygons
2026-08-20 17:21:52 +0000: Memory Usage (136600K) : metal5_res has 0 polygons
2026-08-20 17:21:52 +0000: Memory Usage (136600K) : metal5_iprobe has 0 polygons
2026-08-20 17:21:52 +0000: Memory Usage (136600K) : metal5_diffprb has 0 polygons
2026-08-20 17:21:52 +0000: Memory Usage (136600K) : radhard_drw has 0 polygons
2026-08-20 17:21:52 +0000: Memory Usage (136600K) : memcap_drw has 0 polygons
2026-08-20 17:21:52 +0000: Memory Usage (136600K) : varicap_drw has 0 polygons
2026-08-20 17:21:52 +0000: Memory Usage (136728K) : intbondvia_drw has 0 polygons
2026-08-20 17:21:52 +0000: Memory Usage (136728K) : intbondmet_drw has 0 polygons
2026-08-20 17:21:52 +0000: Memory Usage (136728K) : devbondvia_drw has 0 polygons
2026-08-20 17:21:52 +0000: Memory Usage (136728K) : devbondmet_drw has 0 polygons
2026-08-20 17:21:52 +0000: Memory Usage (136856K) : devtrench_drw has 0 polygons
2026-08-20 17:21:52 +0000: Memory Usage (136856K) : redist_drw has 0 polygons
2026-08-20 17:21:52 +0000: Memory Usage (136856K) : graphbot_drw has 0 polygons
2026-08-20 17:21:52 +0000: Memory Usage (136856K) : graphtop_drw has 0 polygons
2026-08-20 17:21:52 +0000: Memory Usage (136984K) : antvia1_drw has 0 polygons
2026-08-20 17:21:52 +0000: Memory Usage (136984K) : antmetal2_drw has 0 polygons
2026-08-20 17:21:52 +0000: Memory Usage (136984K) : graphcont_drw has 0 polygons
2026-08-20 17:21:52 +0000: Memory Usage (136984K) : siwg_drw has 0 polygons
2026-08-20 17:21:52 +0000: Memory Usage (136984K) : siwg_filler has 0 polygons
2026-08-20 17:21:52 +0000: Memory Usage (137112K) : siwg_nofill has 0 polygons
2026-08-20 17:21:52 +0000: Memory Usage (137112K) : sigrating_drw has 0 polygons
2026-08-20 17:21:52 +0000: Memory Usage (137112K) : singrating_drw has 0 polygons
2026-08-20 17:21:52 +0000: Memory Usage (137112K) : graphpas_drw has 0 polygons
2026-08-20 17:21:52 +0000: Memory Usage (137112K) : emwind3_drw has 0 polygons
2026-08-20 17:21:52 +0000: Memory Usage (137112K) : emwihv3_drw has 0 polygons
2026-08-20 17:21:52 +0000: Memory Usage (137240K) : redbulay_drw has 0 polygons
2026-08-20 17:21:52 +0000: Memory Usage (137240K) : smos_drw has 0 polygons
2026-08-20 17:21:52 +0000: Memory Usage (137240K) : graphpad_drw has 0 polygons
2026-08-20 17:21:52 +0000: Memory Usage (137240K) : polimide_drw has 0 polygons
2026-08-20 17:21:52 +0000: Memory Usage (137240K) : polimide_pin has 0 polygons
2026-08-20 17:21:52 +0000: Memory Usage (137368K) : recog_drw has 1 polygons
2026-08-20 17:21:52 +0000: Memory Usage (137368K) : recog_pin has 0 polygons
2026-08-20 17:21:52 +0000: Memory Usage (137368K) : recog_esd has 1 polygons
2026-08-20 17:21:52 +0000: Memory Usage (137368K) : recog_diode has 0 polygons
2026-08-20 17:21:52 +0000: Memory Usage (137368K) : recog_tsv has 0 polygons
2026-08-20 17:21:52 +0000: Memory Usage (137368K) : recog_iprobe has 0 polygons
2026-08-20 17:21:52 +0000: Memory Usage (137496K) : recog_diffprb has 0 polygons
2026-08-20 17:21:52 +0000: Memory Usage (137496K) : recog_pillar has 0 polygons
2026-08-20 17:21:52 +0000: Memory Usage (137496K) : recog_sbump has 0 polygons
2026-08-20 17:21:52 +0000: Memory Usage (137496K) : recog_otp has 0 polygons
2026-08-20 17:21:52 +0000: Memory Usage (137496K) : recog_pdiode has 0 polygons
2026-08-20 17:21:52 +0000: Memory Usage (137624K) : recog_mom has 0 polygons
2026-08-20 17:21:52 +0000: Memory Usage (137624K) : recog_momf has 0 polygons
2026-08-20 17:21:52 +0000: Memory Usage (137624K) : recog_pcm has 0 polygons
2026-08-20 17:21:52 +0000: Memory Usage (137624K) : colopen_drw has 0 polygons
2026-08-20 17:21:52 +0000: Memory Usage (137752K) : graphmetal1_drw has 0 polygons
2026-08-20 17:21:52 +0000: Memory Usage (137752K) : graphmetal1_filler has 0 polygons
2026-08-20 17:21:52 +0000: Memory Usage (137752K) : graphmetal1_nofill has 0 polygons
2026-08-20 17:21:52 +0000: Memory Usage (137752K) : graphmetal1_slit has 0 polygons
2026-08-20 17:21:52 +0000: Memory Usage (137880K) : graphmetal1_OPC has 0 polygons
2026-08-20 17:21:52 +0000: Memory Usage (137880K) : graphmet1l_drw has 0 polygons
2026-08-20 17:21:52 +0000: Memory Usage (137880K) : graphmet1l_filler has 0 polygons
2026-08-20 17:21:52 +0000: Memory Usage (137880K) : graphmet1l_nofill has 0 polygons
2026-08-20 17:21:52 +0000: Memory Usage (138008K) : graphmet1l_slit has 0 polygons
2026-08-20 17:21:52 +0000: Memory Usage (138008K) : graphmet1l_OPC has 0 polygons
2026-08-20 17:21:52 +0000: Memory Usage (138008K) : extblock_drw has 6 polygons
2026-08-20 17:21:52 +0000: Memory Usage (138008K) : nldd_drw has 0 polygons
2026-08-20 17:21:52 +0000: Memory Usage (138008K) : pldd_drw has 0 polygons
2026-08-20 17:21:52 +0000: Memory Usage (138136K) : next_drw has 0 polygons
2026-08-20 17:21:52 +0000: Memory Usage (138136K) : pext_drw has 0 polygons
2026-08-20 17:21:52 +0000: Memory Usage (138136K) : nexthv_drw has 0 polygons
2026-08-20 17:21:52 +0000: Memory Usage (138136K) : pexthv_drw has 0 polygons
2026-08-20 17:21:52 +0000: Memory Usage (138136K) : graphgate_drw has 0 polygons
2026-08-20 17:21:52 +0000: Memory Usage (138264K) : sinwg_drw has 0 polygons
2026-08-20 17:21:52 +0000: Memory Usage (138264K) : sinwg_filler has 0 polygons
2026-08-20 17:21:52 +0000: Memory Usage (138264K) : sinwg_nofill has 0 polygons
2026-08-20 17:21:52 +0000: Memory Usage (138264K) : mempad_drw has 0 polygons
2026-08-20 17:21:52 +0000: Memory Usage (138264K) : topvia1_drw has 476 polygons
2026-08-20 17:21:52 +0000: Memory Usage (138264K) : topmetal1_drw has 47 polygons
2026-08-20 17:21:52 +0000: Memory Usage (138392K) : topmetal1_filler has 0 polygons
2026-08-20 17:21:52 +0000: Memory Usage (138392K) : topmetal1_slit has 0 polygons
2026-08-20 17:21:52 +0000: Memory Usage (138392K) : topmetal1 has 47 polygons
2026-08-20 17:21:52 +0000: Memory Usage (138392K) : topmetal1_pin has 0 polygons
2026-08-20 17:21:52 +0000: Memory Usage (138392K) : topmetal1_mask has 0 polygons
2026-08-20 17:21:52 +0000: Memory Usage (138520K) : topmetal1_nofill has 2 polygons
2026-08-20 17:21:52 +0000: Memory Usage (138520K) : topmetal1_text has 0 polygons
2026-08-20 17:21:52 +0000: Memory Usage (138520K) : topmetal1_noqrc has 0 polygons
2026-08-20 17:21:52 +0000: Memory Usage (138520K) : topmetal1_res has 0 polygons
2026-08-20 17:21:52 +0000: Memory Usage (138520K) : topmetal1_iprobe has 0 polygons
2026-08-20 17:21:52 +0000: Memory Usage (138648K) : topmetal1_diffprb has 0 polygons
2026-08-20 17:21:52 +0000: Memory Usage (138648K) : inldpwl_drw has 0 polygons
2026-08-20 17:21:52 +0000: Memory Usage (138648K) : polyres_drw has 2 polygons
2026-08-20 17:21:52 +0000: Memory Usage (138648K) : polyres_pin has 0 polygons
2026-08-20 17:21:52 +0000: Memory Usage (138776K) : vmim_drw has 0 polygons
2026-08-20 17:21:52 +0000: Memory Usage (138776K) : nbulaycut_drw has 0 polygons
2026-08-20 17:21:52 +0000: Memory Usage (138776K) : antmetal1_drw has 0 polygons
2026-08-20 17:21:52 +0000: Memory Usage (138776K) : topvia2_drw has 230 polygons
2026-08-20 17:21:52 +0000: Memory Usage (138904K) : topmetal2_drw has 62 polygons
2026-08-20 17:21:52 +0000: Memory Usage (138904K) : topmetal2_filler has 0 polygons
2026-08-20 17:21:52 +0000: Memory Usage (139032K) : topmetal2_slit has 0 polygons
2026-08-20 17:21:52 +0000: Memory Usage (139032K) : topmetal2 has 62 polygons
2026-08-20 17:21:52 +0000: Memory Usage (139032K) : topmetal2_pin has 4 polygons
2026-08-20 17:21:52 +0000: Memory Usage (139032K) : topmetal2_mask has 0 polygons
2026-08-20 17:21:52 +0000: Memory Usage (139160K) : topmetal2_nofill has 2 polygons
2026-08-20 17:21:52 +0000: Memory Usage (139160K) : topmetal2_text has 8 polygons
2026-08-20 17:21:52 +0000: Memory Usage (139160K) : topmetal2_noqrc has 0 polygons
2026-08-20 17:21:52 +0000: Memory Usage (139160K) : topmetal2_res has 0 polygons
2026-08-20 17:21:52 +0000: Memory Usage (139288K) : topmetal2_iprobe has 0 polygons
2026-08-20 17:21:52 +0000: Memory Usage (139288K) : topmetal2_diffprb has 0 polygons
2026-08-20 17:21:52 +0000: Memory Usage (139288K) : snsring_drw has 0 polygons
2026-08-20 17:21:52 +0000: Memory Usage (139288K) : sensor_drw has 0 polygons
2026-08-20 17:21:52 +0000: Memory Usage (139416K) : snsarms_drw has 0 polygons
2026-08-20 17:21:52 +0000: Memory Usage (139416K) : snscmosvia_drw has 0 polygons
2026-08-20 17:21:52 +0000: Memory Usage (139416K) : colwind_drw has 0 polygons
2026-08-20 17:21:52 +0000: Memory Usage (139544K) : flm_drw has 0 polygons
2026-08-20 17:21:52 +0000: Memory Usage (139544K) : hafniumox_drw has 0 polygons
2026-08-20 17:21:52 +0000: Memory Usage (139544K) : memvia_drw has 0 polygons
2026-08-20 17:21:52 +0000: Memory Usage (139672K) : thinfilmres_drw has 0 polygons
2026-08-20 17:21:52 +0000: Memory Usage (139672K) : rfmem_drw has 0 polygons
2026-08-20 17:21:52 +0000: Memory Usage (139672K) : norcx_drw has 2 polygons
2026-08-20 17:21:52 +0000: Memory Usage (139800K) : norcx_m2m3 has 0 polygons
2026-08-20 17:21:52 +0000: Memory Usage (139800K) : norcx_m2m4 has 0 polygons
2026-08-20 17:21:52 +0000: Memory Usage (139800K) : norcx_m2m5 has 0 polygons
2026-08-20 17:21:52 +0000: Memory Usage (139800K) : norcx_m2tm1 has 0 polygons
2026-08-20 17:21:52 +0000: Memory Usage (139800K) : norcx_m2tm2 has 0 polygons
2026-08-20 17:21:52 +0000: Memory Usage (139800K) : norcx_m3m4 has 0 polygons
2026-08-20 17:21:52 +0000: Memory Usage (139800K) : norcx_m3m5 has 0 polygons
2026-08-20 17:21:52 +0000: Memory Usage (139800K) : norcx_m3tm1 has 0 polygons
2026-08-20 17:21:52 +0000: Memory Usage (139800K) : norcx_m3tm2 has 0 polygons
2026-08-20 17:21:52 +0000: Memory Usage (139800K) : norcx_m4m5 has 0 polygons
2026-08-20 17:21:52 +0000: Memory Usage (139800K) : norcx_m4tm1 has 0 polygons
2026-08-20 17:21:52 +0000: Memory Usage (139800K) : norcx_m4tm2 has 0 polygons
2026-08-20 17:21:52 +0000: Memory Usage (139800K) : norcx_m5tm1 has 0 polygons
2026-08-20 17:21:52 +0000: Memory Usage (139800K) : norcx_m5tm2 has 0 polygons
2026-08-20 17:21:52 +0000: Memory Usage (139800K) : norcx_tm1tm2 has 0 polygons
2026-08-20 17:21:52 +0000: Memory Usage (139800K) : norcx_m1sub has 0 polygons
2026-08-20 17:21:52 +0000: Memory Usage (139800K) : norcx_m2sub has 0 polygons
2026-08-20 17:21:52 +0000: Memory Usage (139800K) : norcx_m3sub has 0 polygons
2026-08-20 17:21:52 +0000: Memory Usage (139800K) : norcx_m4sub has 0 polygons
2026-08-20 17:21:52 +0000: Memory Usage (139800K) : norcx_m5sub has 0 polygons
2026-08-20 17:21:52 +0000: Memory Usage (139800K) : norcx_tm1sub has 0 polygons
2026-08-20 17:21:52 +0000: Memory Usage (139800K) : norcx_tm2sub has 0 polygons
2026-08-20 17:21:52 +0000: Memory Usage (139800K) : snsbotvia_drw has 0 polygons
2026-08-20 17:21:52 +0000: Memory Usage (139800K) : snstopvia_drw has 0 polygons
2026-08-20 17:21:52 +0000: Memory Usage (139800K) : deepvia_drw has 0 polygons
2026-08-20 17:21:52 +0000: Memory Usage (139800K) : fgetch_drw has 0 polygons
2026-08-20 17:21:52 +0000: Memory Usage (139800K) : ctrgat_drw has 0 polygons
2026-08-20 17:21:52 +0000: Memory Usage (139800K) : fgimp_drw has 0 polygons
2026-08-20 17:21:52 +0000: Memory Usage (139800K) : emwihv_drw has 0 polygons
2026-08-20 17:21:52 +0000: Memory Usage (139800K) : lbe_drw has 2 polygons
2026-08-20 17:21:52 +0000: Memory Usage (139800K) : alcustop_drw has 0 polygons
2026-08-20 17:21:52 +0000: Memory Usage (139800K) : nometfiller_drw has 0 polygons
2026-08-20 17:21:52 +0000: Memory Usage (139800K) : prboundary_drw has 0 polygons
2026-08-20 17:21:52 +0000: Memory Usage (139800K) : exchange0_drw has 0 polygons
2026-08-20 17:21:52 +0000: Memory Usage (139800K) : exchange0_pin has 0 polygons
2026-08-20 17:21:52 +0000: Memory Usage (139800K) : exchange0_text has 0 polygons
2026-08-20 17:21:52 +0000: Memory Usage (139800K) : exchange1_drw has 0 polygons
2026-08-20 17:21:52 +0000: Memory Usage (139800K) : exchange1_pin has 0 polygons
2026-08-20 17:21:52 +0000: Memory Usage (139800K) : exchange1_text has 0 polygons
2026-08-20 17:21:52 +0000: Memory Usage (139800K) : exchange2_drw has 0 polygons
2026-08-20 17:21:52 +0000: Memory Usage (139800K) : exchange2_pin has 0 polygons
2026-08-20 17:21:52 +0000: Memory Usage (139800K) : exchange2_text has 0 polygons
2026-08-20 17:21:52 +0000: Memory Usage (139800K) : exchange3_drw has 0 polygons
2026-08-20 17:21:52 +0000: Memory Usage (139800K) : exchange3_pin has 0 polygons
2026-08-20 17:21:52 +0000: Memory Usage (139800K) : exchange3_text has 0 polygons
2026-08-20 17:21:52 +0000: Memory Usage (139800K) : exchange4_drw has 0 polygons
2026-08-20 17:21:52 +0000: Memory Usage (139800K) : exchange4_pin has 0 polygons
2026-08-20 17:21:52 +0000: Memory Usage (139800K) : exchange4_text has 0 polygons
2026-08-20 17:21:52 +0000: Memory Usage (139800K) : isonwell_drw has 0 polygons
2026-08-20 17:21:52 +0000: Memory Usage (139800K) : Total no. of polygons in the design is 26593
2026-08-20 17:21:52 +0000: Memory Usage (139800K) : Starting base layers derivations
2026-08-20 17:21:52 +0000: Memory Usage (139800K) : Starting general LVS derivations
2026-08-20 17:21:53 +0000: Memory Usage (143776K) : Starting MOSFET DERIVATIONS
2026-08-20 17:21:53 +0000: Memory Usage (144544K) : Starting NMOS DERIVATIONS
2026-08-20 17:21:53 +0000: Memory Usage (144544K) : Starting PMOS DERIVATIONS
2026-08-20 17:21:53 +0000: Memory Usage (144544K) : Starting RF-MOSFET DERIVATIONS
2026-08-20 17:21:53 +0000: Memory Usage (144544K) : Starting RF-NMOS DERIVATIONS
2026-08-20 17:21:53 +0000: Memory Usage (144544K) : Starting RF-PMOS DERIVATIONS
2026-08-20 17:21:53 +0000: Memory Usage (144544K) : Starting BJT DERIVATIONS
2026-08-20 17:21:53 +0000: Memory Usage (144544K) : Starting NPN-BJT DERIVATIONS
2026-08-20 17:21:53 +0000: Memory Usage (144672K) : Starting PNP-BJT DERIVATIONS
2026-08-20 17:21:53 +0000: Memory Usage (144672K) : Starting DIODE DERIVATIONS
2026-08-20 17:21:53 +0000: Memory Usage (144672K) : Starting RESISTOR DERIVATIONS
2026-08-20 17:21:53 +0000: Memory Usage (144928K) : Starting CAP DERIVATIONS
2026-08-20 17:21:53 +0000: Memory Usage (145440K) : Starting CAP_CMOM DERIVATIONS
2026-08-20 17:21:53 +0000: Memory Usage (145440K) : Starting CAP_CMOMF DERIVATIONS
2026-08-20 17:21:53 +0000: Memory Usage (145440K) : Starting ESD DERIVATIONS
2026-08-20 17:21:54 +0000: Memory Usage (145440K) : Starting Inductor DERIVATIONS
2026-08-20 17:21:54 +0000: Memory Usage (145440K) : Starting Taps DERIVATIONS
2026-08-20 17:21:54 +0000: Memory Usage (145440K) : Starting SG13G2 LVS connectivity setup
2026-08-20 17:21:54 +0000: Memory Usage (145440K) : Starting SG13G2 LVS connectivity setup (Inter-layer)
2026-08-20 17:21:54 +0000: Memory Usage (145568K) : Starting SG13G2 LVS connectivity setup (Global)
2026-08-20 17:21:54 +0000: Memory Usage (145568K) : Starting LVS MOSFET CONNECTIONS
2026-08-20 17:21:54 +0000: Memory Usage (145568K) : Starting LVS RF-MOSFET CONNECTIONS
2026-08-20 17:21:54 +0000: Memory Usage (145568K) : Starting LVS BJT CONNECTIONS
2026-08-20 17:21:54 +0000: Memory Usage (145568K) : Starting LVS DIODE CONNECTIONS
2026-08-20 17:21:54 +0000: Memory Usage (145568K) : Starting RESISTOR CONNECTIONS
2026-08-20 17:21:54 +0000: Memory Usage (145568K) : Starting LVS CAP CONNECTIONS
2026-08-20 17:21:54 +0000: Memory Usage (145568K) : Starting CAP_CMOM CONNECTIONS
2026-08-20 17:21:54 +0000: Memory Usage (145568K) : Starting CAP_CMOMF CONNECTIONS
2026-08-20 17:21:54 +0000: Memory Usage (145568K) : Starting ESD CONNECTIONS
2026-08-20 17:21:54 +0000: Memory Usage (145568K) : Starting Inductor CONNECTIONS
2026-08-20 17:21:54 +0000: Memory Usage (145568K) : Starting LVS Taps CONNECTIONS
2026-08-20 17:21:54 +0000: Memory Usage (145568K) : Starting SG13G2 LVS DEVICES EXTRACTION
2026-08-20 17:21:54 +0000: Memory Usage (145568K) : Starting MOSFET EXTRACTION
2026-08-20 17:21:54 +0000: Memory Usage (145568K) : Starting NMOS EXTRACTION
2026-08-20 17:21:54 +0000: Memory Usage (145568K) : Extraction of NMOS-LV transistor
2026-08-20 17:21:54 +0000: Memory Usage (145696K) : Extraction of NMOS-HV transistor
2026-08-20 17:21:54 +0000: Memory Usage (145696K) : Starting PMOS EXTRACTION
2026-08-20 17:21:54 +0000: Memory Usage (145696K) : Extraction of PMOS-LV transistor
2026-08-20 17:21:54 +0000: Memory Usage (145696K) : Extraction of PMOS-HV transistor
2026-08-20 17:21:54 +0000: Memory Usage (145696K) : Starting RF-MOSFET EXTRACTION
2026-08-20 17:21:54 +0000: Memory Usage (145696K) : Extraction of RF-NMOS-LV transistor
2026-08-20 17:21:54 +0000: Memory Usage (145696K) : Extraction of RF-NMOS-HV transistor
2026-08-20 17:21:54 +0000: Memory Usage (145696K) : Extraction of RF-PMOS-LV transistor
2026-08-20 17:21:54 +0000: Memory Usage (145696K) : Extraction of RF-PMOS-HV transistor
2026-08-20 17:21:54 +0000: Memory Usage (145696K) : Starting BJT EXTRACTION
2026-08-20 17:21:54 +0000: Memory Usage (145696K) : Starting NPN-BJT EXTRACTION
2026-08-20 17:21:54 +0000: Memory Usage (145696K) : Extraction of npn13G2 BJT transistor
2026-08-20 17:21:54 +0000: Memory Usage (145696K) : Extraction of npn13G2L BJT transistor
2026-08-20 17:21:54 +0000: Memory Usage (145696K) : Extraction of npn13G2V BJT transistor
2026-08-20 17:21:54 +0000: Memory Usage (145696K) : Starting PNP-BJT EXTRACTION
2026-08-20 17:21:54 +0000: Memory Usage (145696K) : Extracting pnpMPA BJT
2026-08-20 17:21:54 +0000: Memory Usage (145696K) : Starting DIODE EXTRACTION
2026-08-20 17:21:54 +0000: Memory Usage (145696K) : Extracting dantenna diode
2026-08-20 17:21:54 +0000: Memory Usage (145696K) : Extracting dpantenna diode
2026-08-20 17:21:54 +0000: Memory Usage (145696K) : Extracting schottky_nbl1 diode
2026-08-20 17:21:54 +0000: Memory Usage (145696K) : Extracting isolbox diode
2026-08-20 17:21:54 +0000: Memory Usage (145696K) : Starting RESISTOR EXTRACTION
2026-08-20 17:21:54 +0000: Memory Usage (145696K) : Extracting rsil resistor
2026-08-20 17:21:54 +0000: Memory Usage (145696K) : Extracting rppd resistor
2026-08-20 17:21:54 +0000: Memory Usage (145696K) : Extracting rhigh resistor
2026-08-20 17:21:54 +0000: Memory Usage (145696K) : Extracting res_metal1 resistor
2026-08-20 17:21:54 +0000: Memory Usage (145696K) : Extracting res_metal2 resistor
2026-08-20 17:21:54 +0000: Memory Usage (145696K) : Extracting res_metal3 resistor
2026-08-20 17:21:54 +0000: Memory Usage (145696K) : Extracting res_metal4 resistor
2026-08-20 17:21:54 +0000: Memory Usage (145696K) : Extracting res_metal5 resistor
2026-08-20 17:21:54 +0000: Memory Usage (145696K) : Extracting res_topmetal1 resistor
2026-08-20 17:21:54 +0000: Memory Usage (145696K) : Extracting res_topmetal2 resistor
2026-08-20 17:21:54 +0000: Memory Usage (145696K) : Starting CAP EXTRACTION
2026-08-20 17:21:54 +0000: Memory Usage (145696K) : Extracting cap_cmim device
2026-08-20 17:21:54 +0000: Memory Usage (145696K) : Extracting rfcmim device
2026-08-20 17:21:54 +0000: Memory Usage (145696K) : Extracting sg13_hv_svaricap varactor
2026-08-20 17:21:54 +0000: Memory Usage (145696K) : Extracting cap_cmomi device
2026-08-20 17:21:54 +0000: Memory Usage (145696K) : Extracting cap_cmomf device
2026-08-20 17:21:54 +0000: Memory Usage (145696K) : Extracting sg13_moscap_n capacitor
2026-08-20 17:21:54 +0000: Memory Usage (145696K) : Extracting sg13_moscap_p capacitor
2026-08-20 17:21:54 +0000: Memory Usage (145696K) : Starting ESD EXTRACTION
2026-08-20 17:21:54 +0000: Memory Usage (145696K) : Extracting diodevdd_2kv ESD device
2026-08-20 17:21:54 +0000: Memory Usage (145696K) : Extracting diodevdd_4kv ESD device
2026-08-20 17:21:54 +0000: Memory Usage (145696K) : Extracting diodevss_2kv ESD device
2026-08-20 17:21:54 +0000: Memory Usage (145696K) : Extracting diodevss_4kv ESD device
2026-08-20 17:21:54 +0000: Memory Usage (145696K) : Extracting idiodevdd_2kv ESD device
2026-08-20 17:21:54 +0000: Memory Usage (145696K) : Extracting idiodevdd_4kv ESD device
2026-08-20 17:21:54 +0000: Memory Usage (145696K) : Extracting idiodevss_2kv ESD device
2026-08-20 17:21:54 +0000: Memory Usage (145696K) : Extracting idiodevss_4kv ESD device
2026-08-20 17:21:54 +0000: Memory Usage (145696K) : Extracting nmoscl_2 ESD device
2026-08-20 17:21:54 +0000: Memory Usage (145696K) : Extracting nmoscl_4 ESD device
2026-08-20 17:21:54 +0000: Memory Usage (145696K) : Starting Inductor EXTRACTION
2026-08-20 17:21:54 +0000: Memory Usage (145696K) : Extracting Inductor2 device
2026-08-20 17:21:54 +0000: Memory Usage (145952K) : Extracting Inductor3 device
2026-08-20 17:21:54 +0000: Memory Usage (145952K) : Starting Taps EXTRACTION
2026-08-20 17:21:54 +0000: Memory Usage (145952K) : DISABLE_TAP_EXTRACTION is enabled: skipping ntap1/ptap1 device extraction.
2026-08-20 17:21:54 +0000: Memory Usage (145952K) : Starting SG13G2 LVS RF MOS Model Mapping
2026-08-20 17:21:54 +0000: Memory Usage (145952K) : [layout_netlist] Apply RF MOS model mapping and rfmode parameter.
2026-08-20 17:21:54 +0000: Memory Usage (145952K) : Starting SG13G2 LVS Options Preparations
2026-08-20 17:21:54 +0000: Memory Usage (145952K) : SG13G2 LVS flow: extraction -> alignment -> option preparation -> comparison.
2026-08-20 17:21:54 +0000: Memory Usage (145952K) : Starting SG13G2 LVS Alignment
2026-08-20 17:21:54 +0000: Memory Usage (146080K) : Starting SG13G2 LVS Simplification
2026-08-20 17:21:54 +0000: Memory Usage (146080K) : [layout_netlist] simplify: ENABLED
2026-08-20 17:21:54 +0000: Memory Usage (146080K) : [layout_netlist] make_top_level_pins: SKIPPED
2026-08-20 17:21:54 +0000: Memory Usage (146080K) : [layout_netlist] combine_devices: SKIPPED
2026-08-20 17:21:54 +0000: Memory Usage (146080K) : [layout_netlist] purge: SKIPPED
2026-08-20 17:21:54 +0000: Memory Usage (146080K) : [layout_netlist] purge_nets: SKIPPED
2026-08-20 17:21:54 +0000: Memory Usage (146080K) : [schematic_netlist] simplify: ENABLED
2026-08-20 17:21:54 +0000: Memory Usage (146080K) : [schematic_netlist] make_top_level_pins: SKIPPED
2026-08-20 17:21:54 +0000: Memory Usage (146080K) : [schematic_netlist] combine_devices: SKIPPED
2026-08-20 17:21:54 +0000: Memory Usage (146080K) : [schematic_netlist] purge: SKIPPED
2026-08-20 17:21:54 +0000: Memory Usage (146080K) : [schematic_netlist] purge_nets: SKIPPED
2026-08-20 17:21:54 +0000: Memory Usage (146080K) : Starting SG13G2 LVS Comparison
2026-08-20 17:21:54 +0000: Memory Usage (146208K) : xxxxxxxxxxxxxxxxxxxxxxxxxxxxxxxxxxxxxxxxxx
2026-08-20 17:21:54 +0000: Memory Usage (146208K) : ERROR : Netlists don't match
2026-08-20 17:21:54 +0000: Memory Usage (146208K) : xxxxxxxxxxxxxxxxxxxxxxxxxxxxxxxxxxxxxxxxxx
2026-08-20 17:21:54 +0000: Memory Usage (146208K) : LVS Total Run time 1.845763 seconds
