# Logfile created on 2026-08-20 08:47:56 +0000 by logger.rb/v1.5.3
2026-08-20 08:47:56 +0000: Memory Usage (128740K) : Starting running SG13G2 Klayout LVS runset on /workspace/layout/blocks/out/vga_stage/mos7_tx/mos7.gds
2026-08-20 08:47:56 +0000: Memory Usage (128740K) : Ruby Version for klayout: 3.2.3
2026-08-20 08:47:56 +0000: Memory Usage (129832K) : Loading database to memory is complete.
2026-08-20 08:47:56 +0000: Memory Usage (129832K) : SG13G2 Klayout LVS runset output at: /workspace/layout/blocks/out/vga_stage/mos7_tx/lvs/mos7.lvsdb
2026-08-20 08:47:56 +0000: Memory Usage (129832K) : Evaluate switches.
2026-08-20 08:47:56 +0000: Memory Usage (129832K) : Extracted netlist with net names: true
2026-08-20 08:47:56 +0000: Memory Usage (129832K) : Extracted netlist with comments in details: false
2026-08-20 08:47:56 +0000: Memory Usage (129832K) : Selected NET_ONLY option: false
2026-08-20 08:47:56 +0000: Memory Usage (129832K) : Selected LAYOUT_NETLIST option: (none)
2026-08-20 08:47:56 +0000: Memory Usage (129832K) : Selected IGNORE_TOP_PORTS_MISMATCH option: true
2026-08-20 08:47:56 +0000: Memory Usage (129832K) : Selected IMPLICIT_NETS option: sub,sub!
2026-08-20 08:47:56 +0000: Memory Usage (129832K) : Selected TOP_LVL_PINS option: false
2026-08-20 08:47:56 +0000: Memory Usage (129832K) : Selected COMBINE DEVICES option: false
2026-08-20 08:47:56 +0000: Memory Usage (129832K) : Selected PURGE option: false
2026-08-20 08:47:56 +0000: Memory Usage (129832K) : Selected PURGE_NETS option: false
2026-08-20 08:47:56 +0000: Memory Usage (129832K) : Selected SIMPLIFY option: true
2026-08-20 08:47:56 +0000: Memory Usage (129832K) : Selected SERIES_RES option: true
2026-08-20 08:47:56 +0000: Memory Usage (129832K) : Selected PARALLEL_RES option: true
2026-08-20 08:47:56 +0000: Memory Usage (129832K) : Selected DISABLE_TAP_EXTRACTION option: true
2026-08-20 08:47:56 +0000: Memory Usage (129832K) : deep  mode is enabled.
2026-08-20 08:47:56 +0000: Memory Usage (129832K) : Applying implicit connections (case-sensitive, pattern supported) for nets: sub, sub!
2026-08-20 08:47:56 +0000: Memory Usage (130088K) : Netlist file: /workspace/layout/blocks/out/vga_stage/mos7_tx/mos7.cdl
2026-08-20 08:47:56 +0000: Memory Usage (130088K) : LVS extracted netlist at: /workspace/layout/blocks/out/vga_stage/mos7_tx/lvs/mos7_extracted.cir
2026-08-20 08:47:56 +0000: Memory Usage (130088K) : Applying SRAM integration support.
2026-08-20 08:47:56 +0000: Memory Usage (130088K) : Starting SG13G2 LVS runset
2026-08-20 08:47:56 +0000: Memory Usage (130088K) : Read in polygons from layers.
2026-08-20 08:47:56 +0000: Memory Usage (131112K) : activ_drw has 465 polygons
2026-08-20 08:47:56 +0000: Memory Usage (131112K) : activ_filler has 0 polygons
2026-08-20 08:47:56 +0000: Memory Usage (131368K) : activ has 465 polygons
2026-08-20 08:47:56 +0000: Memory Usage (131368K) : activ_pin has 0 polygons
2026-08-20 08:47:56 +0000: Memory Usage (131368K) : activ_mask has 0 polygons
2026-08-20 08:47:56 +0000: Memory Usage (131368K) : activ_nofill has 0 polygons
2026-08-20 08:47:56 +0000: Memory Usage (131368K) : activ_OPC has 0 polygons
2026-08-20 08:47:56 +0000: Memory Usage (131368K) : activ_iOPC has 0 polygons
2026-08-20 08:47:56 +0000: Memory Usage (131368K) : activ_noqrc has 0 polygons
2026-08-20 08:47:56 +0000: Memory Usage (131368K) : biwind_drw has 0 polygons
2026-08-20 08:47:56 +0000: Memory Usage (131368K) : biwind_OPC has 0 polygons
2026-08-20 08:47:56 +0000: Memory Usage (131368K) : gatpoly_drw has 162 polygons
2026-08-20 08:47:56 +0000: Memory Usage (131368K) : gatpoly_filler has 0 polygons
2026-08-20 08:47:56 +0000: Memory Usage (131368K) : gatpoly has 162 polygons
2026-08-20 08:47:56 +0000: Memory Usage (131368K) : gatpoly_pin has 155 polygons
2026-08-20 08:47:56 +0000: Memory Usage (131368K) : gatpoly_nofill has 0 polygons
2026-08-20 08:47:56 +0000: Memory Usage (131368K) : gatpoly_OPC has 0 polygons
2026-08-20 08:47:56 +0000: Memory Usage (131368K) : gatpoly_iOPC has 0 polygons
2026-08-20 08:47:56 +0000: Memory Usage (131456K) : gatpoly_noqrc has 0 polygons
2026-08-20 08:47:56 +0000: Memory Usage (131968K) : cont_drw has 8990 polygons
2026-08-20 08:47:56 +0000: Memory Usage (131968K) : cont_OPC has 0 polygons
2026-08-20 08:47:56 +0000: Memory Usage (131968K) : nsd_drw has 0 polygons
2026-08-20 08:47:56 +0000: Memory Usage (131968K) : nsd_block has 0 polygons
2026-08-20 08:47:56 +0000: Memory Usage (131968K) : metal1_drw has 620 polygons
2026-08-20 08:47:56 +0000: Memory Usage (131968K) : metal1_filler has 0 polygons
2026-08-20 08:47:56 +0000: Memory Usage (131968K) : metal1_slit has 0 polygons
2026-08-20 08:47:56 +0000: Memory Usage (131968K) : metal1 has 620 polygons
2026-08-20 08:47:56 +0000: Memory Usage (131968K) : metal1_pin has 310 polygons
2026-08-20 08:47:56 +0000: Memory Usage (131968K) : metal1_mask has 0 polygons
2026-08-20 08:47:56 +0000: Memory Usage (131968K) : metal1_nofill has 0 polygons
2026-08-20 08:47:56 +0000: Memory Usage (132096K) : metal1_text has 0 polygons
2026-08-20 08:47:56 +0000: Memory Usage (132096K) : metal1_OPC has 0 polygons
2026-08-20 08:47:56 +0000: Memory Usage (132096K) : metal1_noqrc has 0 polygons
2026-08-20 08:47:56 +0000: Memory Usage (132096K) : metal1_res has 0 polygons
2026-08-20 08:47:56 +0000: Memory Usage (132096K) : metal1_iprobe has 0 polygons
2026-08-20 08:47:56 +0000: Memory Usage (132096K) : metal1_diffprb has 0 polygons
2026-08-20 08:47:56 +0000: Memory Usage (132096K) : passiv_drw has 0 polygons
2026-08-20 08:47:56 +0000: Memory Usage (132096K) : passiv_pin has 0 polygons
2026-08-20 08:47:56 +0000: Memory Usage (132096K) : passiv_sbump has 0 polygons
2026-08-20 08:47:56 +0000: Memory Usage (132096K) : passiv_pillar has 0 polygons
2026-08-20 08:47:56 +0000: Memory Usage (132096K) : passiv_pdl has 0 polygons
2026-08-20 08:47:56 +0000: Memory Usage (132224K) : metal2_drw has 647 polygons
2026-08-20 08:47:56 +0000: Memory Usage (132224K) : metal2_filler has 0 polygons
2026-08-20 08:47:56 +0000: Memory Usage (132224K) : metal2_slit has 0 polygons
2026-08-20 08:47:56 +0000: Memory Usage (132352K) : metal2 has 647 polygons
2026-08-20 08:47:56 +0000: Memory Usage (132352K) : metal2_pin has 0 polygons
2026-08-20 08:47:56 +0000: Memory Usage (132480K) : metal2_mask has 0 polygons
2026-08-20 08:47:56 +0000: Memory Usage (132480K) : metal2_nofill has 0 polygons
2026-08-20 08:47:56 +0000: Memory Usage (132480K) : metal2_text has 0 polygons
2026-08-20 08:47:56 +0000: Memory Usage (132608K) : metal2_OPC has 0 polygons
2026-08-20 08:47:56 +0000: Memory Usage (132608K) : metal2_noqrc has 0 polygons
2026-08-20 08:47:56 +0000: Memory Usage (132608K) : metal2_res has 0 polygons
2026-08-20 08:47:56 +0000: Memory Usage (132736K) : metal2_iprobe has 0 polygons
2026-08-20 08:47:56 +0000: Memory Usage (132736K) : metal2_diffprb has 0 polygons
2026-08-20 08:47:56 +0000: Memory Usage (132736K) : baspoly_drw has 0 polygons
2026-08-20 08:47:56 +0000: Memory Usage (132864K) : baspoly_pin has 0 polygons
2026-08-20 08:47:56 +0000: Memory Usage (132864K) : psd_drw has 0 polygons
2026-08-20 08:47:56 +0000: Memory Usage (132864K) : nldb_drw has 0 polygons
2026-08-20 08:47:56 +0000: Memory Usage (132864K) : digibnd_drw has 0 polygons
2026-08-20 08:47:56 +0000: Memory Usage (132992K) : via1_drw has 7440 polygons
2026-08-20 08:47:56 +0000: Memory Usage (132992K) : backmetal1_drw has 0 polygons
2026-08-20 08:47:56 +0000: Memory Usage (132992K) : backmetal1_pin has 0 polygons
2026-08-20 08:47:56 +0000: Memory Usage (132992K) : backmetal1_mask has 0 polygons
2026-08-20 08:47:56 +0000: Memory Usage (133120K) : backmetal1_filler has 0 polygons
2026-08-20 08:47:56 +0000: Memory Usage (133120K) : backmetal1_nofill has 0 polygons
2026-08-20 08:47:56 +0000: Memory Usage (133120K) : backmetal1_slit has 0 polygons
2026-08-20 08:47:56 +0000: Memory Usage (133120K) : backmetal1_text has 0 polygons
2026-08-20 08:47:56 +0000: Memory Usage (133248K) : backmetal1_OPC has 0 polygons
2026-08-20 08:47:56 +0000: Memory Usage (133248K) : backmetal1_noqrc has 0 polygons
2026-08-20 08:47:56 +0000: Memory Usage (133248K) : backmetal1_res has 0 polygons
2026-08-20 08:47:56 +0000: Memory Usage (133248K) : backmetal1_iprobe has 0 polygons
2026-08-20 08:47:56 +0000: Memory Usage (133376K) : backmetal1_diffprb has 0 polygons
2026-08-20 08:47:56 +0000: Memory Usage (133376K) : backpassiv_drw has 0 polygons
2026-08-20 08:47:56 +0000: Memory Usage (133376K) : res_drw has 0 polygons
2026-08-20 08:47:56 +0000: Memory Usage (133376K) : sram_drw has 0 polygons
2026-08-20 08:47:56 +0000: Memory Usage (133504K) : trans_drw has 0 polygons
2026-08-20 08:47:56 +0000: Memory Usage (133504K) : ind_drw has 0 polygons
2026-08-20 08:47:56 +0000: Memory Usage (133504K) : ind_pin has 0 polygons
2026-08-20 08:47:56 +0000: Memory Usage (133504K) : ind_text has 0 polygons
2026-08-20 08:47:56 +0000: Memory Usage (133632K) : salblock_drw has 0 polygons
2026-08-20 08:47:56 +0000: Memory Usage (133632K) : via2_drw has 24 polygons
2026-08-20 08:47:56 +0000: Memory Usage (133632K) : metal3_drw has 14 polygons
2026-08-20 08:47:56 +0000: Memory Usage (133632K) : metal3_filler has 0 polygons
2026-08-20 08:47:56 +0000: Memory Usage (133760K) : metal3_slit has 0 polygons
2026-08-20 08:47:56 +0000: Memory Usage (133760K) : metal3 has 14 polygons
2026-08-20 08:47:56 +0000: Memory Usage (133760K) : metal3_pin has 0 polygons
2026-08-20 08:47:56 +0000: Memory Usage (133760K) : metal3_mask has 0 polygons
2026-08-20 08:47:56 +0000: Memory Usage (133888K) : metal3_nofill has 0 polygons
2026-08-20 08:47:56 +0000: Memory Usage (133888K) : metal3_text has 0 polygons
2026-08-20 08:47:56 +0000: Memory Usage (133888K) : metal3_OPC has 0 polygons
2026-08-20 08:47:56 +0000: Memory Usage (133888K) : metal3_noqrc has 0 polygons
2026-08-20 08:47:56 +0000: Memory Usage (134016K) : metal3_res has 0 polygons
2026-08-20 08:47:56 +0000: Memory Usage (134016K) : metal3_iprobe has 0 polygons
2026-08-20 08:47:56 +0000: Memory Usage (134016K) : metal3_diffprb has 0 polygons
2026-08-20 08:47:56 +0000: Memory Usage (134144K) : nwell_drw has 0 polygons
2026-08-20 08:47:56 +0000: Memory Usage (134144K) : nwell_pin has 0 polygons
2026-08-20 08:47:56 +0000: Memory Usage (134144K) : nwell_text has 0 polygons
2026-08-20 08:47:56 +0000: Memory Usage (134144K) : nbulay_drw has 0 polygons
2026-08-20 08:47:56 +0000: Memory Usage (134144K) : nbulay_pin has 0 polygons
2026-08-20 08:47:56 +0000: Memory Usage (134144K) : nbulay_block has 0 polygons
2026-08-20 08:47:56 +0000: Memory Usage (134144K) : emwind_drw has 0 polygons
2026-08-20 08:47:56 +0000: Memory Usage (134144K) : emwind_OPC has 0 polygons
2026-08-20 08:47:56 +0000: Memory Usage (134144K) : deepco_drw has 0 polygons
2026-08-20 08:47:56 +0000: Memory Usage (134144K) : mim_drw has 0 polygons
2026-08-20 08:47:56 +0000: Memory Usage (134144K) : edgeseal_drw has 0 polygons
2026-08-20 08:47:56 +0000: Memory Usage (134144K) : substrate_drw has 0 polygons
2026-08-20 08:47:56 +0000: Memory Usage (134144K) : substrate_text has 0 polygons
2026-08-20 08:47:56 +0000: Memory Usage (134144K) : dfpad_drw has 0 polygons
2026-08-20 08:47:56 +0000: Memory Usage (134144K) : dfpad_pillar has 0 polygons
2026-08-20 08:47:56 +0000: Memory Usage (134144K) : dfpad_sbump has 0 polygons
2026-08-20 08:47:56 +0000: Memory Usage (134272K) : thickgateox_drw has 0 polygons
2026-08-20 08:47:56 +0000: Memory Usage (134272K) : pldb_drw has 0 polygons
2026-08-20 08:47:56 +0000: Memory Usage (134272K) : pwell_drw has 0 polygons
2026-08-20 08:47:56 +0000: Memory Usage (134272K) : pwell_pin has 0 polygons
2026-08-20 08:47:56 +0000: Memory Usage (134272K) : pwell_block has 0 polygons
2026-08-20 08:47:56 +0000: Memory Usage (134400K) : ic_drw has 0 polygons
2026-08-20 08:47:56 +0000: Memory Usage (134400K) : via3_drw has 0 polygons
2026-08-20 08:47:56 +0000: Memory Usage (134400K) : metal4_drw has 0 polygons
2026-08-20 08:47:56 +0000: Memory Usage (134400K) : metal4_filler has 0 polygons
2026-08-20 08:47:56 +0000: Memory Usage (134400K) : metal4_slit has 0 polygons
2026-08-20 08:47:56 +0000: Memory Usage (134400K) : metal4 has 0 polygons
2026-08-20 08:47:56 +0000: Memory Usage (134528K) : metal4_pin has 0 polygons
2026-08-20 08:47:56 +0000: Memory Usage (134528K) : metal4_mask has 0 polygons
2026-08-20 08:47:56 +0000: Memory Usage (134528K) : metal4_nofill has 0 polygons
2026-08-20 08:47:56 +0000: Memory Usage (134528K) : metal4_text has 0 polygons
2026-08-20 08:47:56 +0000: Memory Usage (134528K) : metal4_OPC has 0 polygons
2026-08-20 08:47:56 +0000: Memory Usage (134656K) : metal4_noqrc has 0 polygons
2026-08-20 08:47:56 +0000: Memory Usage (134656K) : metal4_res has 0 polygons
2026-08-20 08:47:56 +0000: Memory Usage (134656K) : metal4_iprobe has 0 polygons
2026-08-20 08:47:56 +0000: Memory Usage (134656K) : metal4_diffprb has 0 polygons
2026-08-20 08:47:56 +0000: Memory Usage (134656K) : heattrans_drw has 155 polygons
2026-08-20 08:47:56 +0000: Memory Usage (134656K) : heatres_drw has 0 polygons
2026-08-20 08:47:56 +0000: Memory Usage (134784K) : fbe_drw has 0 polygons
2026-08-20 08:47:56 +0000: Memory Usage (134784K) : empoly_drw has 0 polygons
2026-08-20 08:47:56 +0000: Memory Usage (134784K) : digisub_drw has 0 polygons
2026-08-20 08:47:56 +0000: Memory Usage (134912K) : text_drw has 155 polygons
2026-08-20 08:47:56 +0000: Memory Usage (134912K) : via4_drw has 0 polygons
2026-08-20 08:47:56 +0000: Memory Usage (134912K) : metal5_drw has 0 polygons
2026-08-20 08:47:56 +0000: Memory Usage (135040K) : metal5_filler has 0 polygons
2026-08-20 08:47:56 +0000: Memory Usage (135040K) : metal5_slit has 0 polygons
2026-08-20 08:47:56 +0000: Memory Usage (135040K) : metal5 has 0 polygons
2026-08-20 08:47:56 +0000: Memory Usage (135040K) : metal5_pin has 0 polygons
2026-08-20 08:47:56 +0000: Memory Usage (135040K) : metal5_mask has 0 polygons
2026-08-20 08:47:56 +0000: Memory Usage (135040K) : metal5_nofill has 0 polygons
2026-08-20 08:47:56 +0000: Memory Usage (135040K) : metal5_text has 0 polygons
2026-08-20 08:47:56 +0000: Memory Usage (135168K) : metal5_OPC has 0 polygons
2026-08-20 08:47:56 +0000: Memory Usage (135168K) : metal5_noqrc has 0 polygons
2026-08-20 08:47:56 +0000: Memory Usage (135168K) : metal5_res has 0 polygons
2026-08-20 08:47:56 +0000: Memory Usage (135168K) : metal5_iprobe has 0 polygons
2026-08-20 08:47:56 +0000: Memory Usage (135168K) : metal5_diffprb has 0 polygons
2026-08-20 08:47:56 +0000: Memory Usage (135168K) : radhard_drw has 0 polygons
2026-08-20 08:47:56 +0000: Memory Usage (135296K) : memcap_drw has 0 polygons
2026-08-20 08:47:56 +0000: Memory Usage (135296K) : varicap_drw has 0 polygons
2026-08-20 08:47:56 +0000: Memory Usage (135296K) : intbondvia_drw has 0 polygons
2026-08-20 08:47:56 +0000: Memory Usage (135296K) : intbondmet_drw has 0 polygons
2026-08-20 08:47:56 +0000: Memory Usage (135296K) : devbondvia_drw has 0 polygons
2026-08-20 08:47:56 +0000: Memory Usage (135296K) : devbondmet_drw has 0 polygons
2026-08-20 08:47:56 +0000: Memory Usage (135424K) : devtrench_drw has 0 polygons
2026-08-20 08:47:56 +0000: Memory Usage (135424K) : redist_drw has 0 polygons
2026-08-20 08:47:56 +0000: Memory Usage (135424K) : graphbot_drw has 0 polygons
2026-08-20 08:47:56 +0000: Memory Usage (135424K) : graphtop_drw has 0 polygons
2026-08-20 08:47:56 +0000: Memory Usage (135424K) : antvia1_drw has 0 polygons
2026-08-20 08:47:56 +0000: Memory Usage (135424K) : antmetal2_drw has 0 polygons
2026-08-20 08:47:56 +0000: Memory Usage (135552K) : graphcont_drw has 0 polygons
2026-08-20 08:47:56 +0000: Memory Usage (135552K) : siwg_drw has 0 polygons
2026-08-20 08:47:56 +0000: Memory Usage (135552K) : siwg_filler has 0 polygons
2026-08-20 08:47:56 +0000: Memory Usage (135552K) : siwg_nofill has 0 polygons
2026-08-20 08:47:56 +0000: Memory Usage (135552K) : sigrating_drw has 0 polygons
2026-08-20 08:47:56 +0000: Memory Usage (135552K) : singrating_drw has 0 polygons
2026-08-20 08:47:56 +0000: Memory Usage (135680K) : graphpas_drw has 0 polygons
2026-08-20 08:47:56 +0000: Memory Usage (135680K) : emwind3_drw has 0 polygons
2026-08-20 08:47:56 +0000: Memory Usage (135680K) : emwihv3_drw has 0 polygons
2026-08-20 08:47:56 +0000: Memory Usage (135680K) : redbulay_drw has 0 polygons
2026-08-20 08:47:56 +0000: Memory Usage (135680K) : smos_drw has 0 polygons
2026-08-20 08:47:56 +0000: Memory Usage (135808K) : graphpad_drw has 0 polygons
2026-08-20 08:47:56 +0000: Memory Usage (135808K) : polimide_drw has 0 polygons
2026-08-20 08:47:56 +0000: Memory Usage (135808K) : polimide_pin has 0 polygons
2026-08-20 08:47:56 +0000: Memory Usage (135808K) : recog_drw has 0 polygons
2026-08-20 08:47:56 +0000: Memory Usage (135808K) : recog_pin has 0 polygons
2026-08-20 08:47:56 +0000: Memory Usage (135808K) : recog_esd has 0 polygons
2026-08-20 08:47:56 +0000: Memory Usage (135808K) : recog_diode has 0 polygons
2026-08-20 08:47:56 +0000: Memory Usage (135808K) : recog_tsv has 0 polygons
2026-08-20 08:47:56 +0000: Memory Usage (135936K) : recog_iprobe has 0 polygons
2026-08-20 08:47:56 +0000: Memory Usage (135936K) : recog_diffprb has 0 polygons
2026-08-20 08:47:56 +0000: Memory Usage (135936K) : recog_pillar has 0 polygons
2026-08-20 08:47:56 +0000: Memory Usage (135936K) : recog_sbump has 0 polygons
2026-08-20 08:47:56 +0000: Memory Usage (135936K) : recog_otp has 0 polygons
2026-08-20 08:47:56 +0000: Memory Usage (136064K) : recog_pdiode has 0 polygons
2026-08-20 08:47:56 +0000: Memory Usage (136064K) : recog_mom has 0 polygons
2026-08-20 08:47:56 +0000: Memory Usage (136064K) : recog_momf has 0 polygons
2026-08-20 08:47:56 +0000: Memory Usage (136064K) : recog_pcm has 0 polygons
2026-08-20 08:47:56 +0000: Memory Usage (136064K) : colopen_drw has 0 polygons
2026-08-20 08:47:56 +0000: Memory Usage (136064K) : graphmetal1_drw has 0 polygons
2026-08-20 08:47:56 +0000: Memory Usage (136192K) : graphmetal1_filler has 0 polygons
2026-08-20 08:47:56 +0000: Memory Usage (136192K) : graphmetal1_nofill has 0 polygons
2026-08-20 08:47:56 +0000: Memory Usage (136192K) : graphmetal1_slit has 0 polygons
2026-08-20 08:47:56 +0000: Memory Usage (136192K) : graphmetal1_OPC has 0 polygons
2026-08-20 08:47:56 +0000: Memory Usage (136192K) : graphmet1l_drw has 0 polygons
2026-08-20 08:47:56 +0000: Memory Usage (136192K) : graphmet1l_filler has 0 polygons
2026-08-20 08:47:56 +0000: Memory Usage (136320K) : graphmet1l_nofill has 0 polygons
2026-08-20 08:47:56 +0000: Memory Usage (136320K) : graphmet1l_slit has 0 polygons
2026-08-20 08:47:56 +0000: Memory Usage (136320K) : graphmet1l_OPC has 0 polygons
2026-08-20 08:47:56 +0000: Memory Usage (136320K) : extblock_drw has 0 polygons
2026-08-20 08:47:56 +0000: Memory Usage (136320K) : nldd_drw has 0 polygons
2026-08-20 08:47:56 +0000: Memory Usage (136448K) : pldd_drw has 0 polygons
2026-08-20 08:47:56 +0000: Memory Usage (136448K) : next_drw has 0 polygons
2026-08-20 08:47:56 +0000: Memory Usage (136448K) : pext_drw has 0 polygons
2026-08-20 08:47:56 +0000: Memory Usage (136448K) : nexthv_drw has 0 polygons
2026-08-20 08:47:56 +0000: Memory Usage (136448K) : pexthv_drw has 0 polygons
2026-08-20 08:47:56 +0000: Memory Usage (136448K) : graphgate_drw has 0 polygons
2026-08-20 08:47:56 +0000: Memory Usage (136576K) : sinwg_drw has 0 polygons
2026-08-20 08:47:56 +0000: Memory Usage (136576K) : sinwg_filler has 0 polygons
2026-08-20 08:47:56 +0000: Memory Usage (136576K) : sinwg_nofill has 0 polygons
2026-08-20 08:47:56 +0000: Memory Usage (136576K) : mempad_drw has 0 polygons
2026-08-20 08:47:56 +0000: Memory Usage (136576K) : topvia1_drw has 0 polygons
2026-08-20 08:47:56 +0000: Memory Usage (136704K) : topmetal1_drw has 0 polygons
2026-08-20 08:47:56 +0000: Memory Usage (136704K) : topmetal1_filler has 0 polygons
2026-08-20 08:47:56 +0000: Memory Usage (136704K) : topmetal1_slit has 0 polygons
2026-08-20 08:47:56 +0000: Memory Usage (136704K) : topmetal1 has 0 polygons
2026-08-20 08:47:56 +0000: Memory Usage (136704K) : topmetal1_pin has 0 polygons
2026-08-20 08:47:56 +0000: Memory Usage (136832K) : topmetal1_mask has 0 polygons
2026-08-20 08:47:56 +0000: Memory Usage (136832K) : topmetal1_nofill has 0 polygons
2026-08-20 08:47:56 +0000: Memory Usage (136832K) : topmetal1_text has 0 polygons
2026-08-20 08:47:56 +0000: Memory Usage (136832K) : topmetal1_noqrc has 0 polygons
2026-08-20 08:47:56 +0000: Memory Usage (136832K) : topmetal1_res has 0 polygons
2026-08-20 08:47:56 +0000: Memory Usage (136832K) : topmetal1_iprobe has 0 polygons
2026-08-20 08:47:56 +0000: Memory Usage (136960K) : topmetal1_diffprb has 0 polygons
2026-08-20 08:47:56 +0000: Memory Usage (136960K) : inldpwl_drw has 0 polygons
2026-08-20 08:47:56 +0000: Memory Usage (136960K) : polyres_drw has 0 polygons
2026-08-20 08:47:56 +0000: Memory Usage (136960K) : polyres_pin has 0 polygons
2026-08-20 08:47:56 +0000: Memory Usage (136960K) : vmim_drw has 0 polygons
2026-08-20 08:47:56 +0000: Memory Usage (136960K) : nbulaycut_drw has 0 polygons
2026-08-20 08:47:56 +0000: Memory Usage (137088K) : antmetal1_drw has 0 polygons
2026-08-20 08:47:56 +0000: Memory Usage (137088K) : topvia2_drw has 0 polygons
2026-08-20 08:47:56 +0000: Memory Usage (137088K) : topmetal2_drw has 0 polygons
2026-08-20 08:47:56 +0000: Memory Usage (137088K) : topmetal2_filler has 0 polygons
2026-08-20 08:47:56 +0000: Memory Usage (137088K) : topmetal2_slit has 0 polygons
2026-08-20 08:47:56 +0000: Memory Usage (137216K) : topmetal2 has 0 polygons
2026-08-20 08:47:56 +0000: Memory Usage (137216K) : topmetal2_pin has 0 polygons
2026-08-20 08:47:56 +0000: Memory Usage (137216K) : topmetal2_mask has 0 polygons
2026-08-20 08:47:56 +0000: Memory Usage (137216K) : topmetal2_nofill has 0 polygons
2026-08-20 08:47:56 +0000: Memory Usage (137216K) : topmetal2_text has 0 polygons
2026-08-20 08:47:56 +0000: Memory Usage (137344K) : topmetal2_noqrc has 0 polygons
2026-08-20 08:47:56 +0000: Memory Usage (137344K) : topmetal2_res has 0 polygons
2026-08-20 08:47:56 +0000: Memory Usage (137344K) : topmetal2_iprobe has 0 polygons
2026-08-20 08:47:56 +0000: Memory Usage (137344K) : topmetal2_diffprb has 0 polygons
2026-08-20 08:47:56 +0000: Memory Usage (137472K) : snsring_drw has 0 polygons
2026-08-20 08:47:56 +0000: Memory Usage (137472K) : sensor_drw has 0 polygons
2026-08-20 08:47:56 +0000: Memory Usage (137600K) : snsarms_drw has 0 polygons
2026-08-20 08:47:56 +0000: Memory Usage (137600K) : snscmosvia_drw has 0 polygons
2026-08-20 08:47:56 +0000: Memory Usage (137600K) : colwind_drw has 0 polygons
2026-08-20 08:47:56 +0000: Memory Usage (137600K) : flm_drw has 0 polygons
2026-08-20 08:47:56 +0000: Memory Usage (137728K) : hafniumox_drw has 0 polygons
2026-08-20 08:47:56 +0000: Memory Usage (137728K) : memvia_drw has 0 polygons
2026-08-20 08:47:56 +0000: Memory Usage (137728K) : thinfilmres_drw has 0 polygons
2026-08-20 08:47:56 +0000: Memory Usage (137856K) : rfmem_drw has 0 polygons
2026-08-20 08:47:56 +0000: Memory Usage (137856K) : norcx_drw has 0 polygons
2026-08-20 08:47:56 +0000: Memory Usage (137856K) : norcx_m2m3 has 0 polygons
2026-08-20 08:47:56 +0000: Memory Usage (137856K) : norcx_m2m4 has 0 polygons
2026-08-20 08:47:56 +0000: Memory Usage (137984K) : norcx_m2m5 has 0 polygons
2026-08-20 08:47:56 +0000: Memory Usage (137984K) : norcx_m2tm1 has 0 polygons
2026-08-20 08:47:56 +0000: Memory Usage (137984K) : norcx_m2tm2 has 0 polygons
2026-08-20 08:47:56 +0000: Memory Usage (137984K) : norcx_m3m4 has 0 polygons
2026-08-20 08:47:56 +0000: Memory Usage (138112K) : norcx_m3m5 has 0 polygons
2026-08-20 08:47:56 +0000: Memory Usage (138112K) : norcx_m3tm1 has 0 polygons
2026-08-20 08:47:56 +0000: Memory Usage (138240K) : norcx_m3tm2 has 0 polygons
2026-08-20 08:47:56 +0000: Memory Usage (138240K) : norcx_m4m5 has 0 polygons
2026-08-20 08:47:56 +0000: Memory Usage (138240K) : norcx_m4tm1 has 0 polygons
2026-08-20 08:47:56 +0000: Memory Usage (138240K) : norcx_m4tm2 has 0 polygons
2026-08-20 08:47:56 +0000: Memory Usage (138368K) : norcx_m5tm1 has 0 polygons
2026-08-20 08:47:56 +0000: Memory Usage (138368K) : norcx_m5tm2 has 0 polygons
2026-08-20 08:47:56 +0000: Memory Usage (138368K) : norcx_tm1tm2 has 0 polygons
2026-08-20 08:47:56 +0000: Memory Usage (138368K) : norcx_m1sub has 0 polygons
2026-08-20 08:47:56 +0000: Memory Usage (138368K) : norcx_m2sub has 0 polygons
2026-08-20 08:47:56 +0000: Memory Usage (138368K) : norcx_m3sub has 0 polygons
2026-08-20 08:47:56 +0000: Memory Usage (138368K) : norcx_m4sub has 0 polygons
2026-08-20 08:47:56 +0000: Memory Usage (138368K) : norcx_m5sub has 0 polygons
2026-08-20 08:47:56 +0000: Memory Usage (138368K) : norcx_tm1sub has 0 polygons
2026-08-20 08:47:56 +0000: Memory Usage (138368K) : norcx_tm2sub has 0 polygons
2026-08-20 08:47:56 +0000: Memory Usage (138368K) : snsbotvia_drw has 0 polygons
2026-08-20 08:47:56 +0000: Memory Usage (138368K) : snstopvia_drw has 0 polygons
2026-08-20 08:47:56 +0000: Memory Usage (138368K) : deepvia_drw has 0 polygons
2026-08-20 08:47:56 +0000: Memory Usage (138368K) : fgetch_drw has 0 polygons
2026-08-20 08:47:56 +0000: Memory Usage (138368K) : ctrgat_drw has 0 polygons
2026-08-20 08:47:56 +0000: Memory Usage (138368K) : fgimp_drw has 0 polygons
2026-08-20 08:47:56 +0000: Memory Usage (138368K) : emwihv_drw has 0 polygons
2026-08-20 08:47:56 +0000: Memory Usage (138368K) : lbe_drw has 0 polygons
2026-08-20 08:47:56 +0000: Memory Usage (138368K) : alcustop_drw has 0 polygons
2026-08-20 08:47:56 +0000: Memory Usage (138368K) : nometfiller_drw has 0 polygons
2026-08-20 08:47:56 +0000: Memory Usage (138368K) : prboundary_drw has 0 polygons
2026-08-20 08:47:56 +0000: Memory Usage (138368K) : exchange0_drw has 0 polygons
2026-08-20 08:47:56 +0000: Memory Usage (138368K) : exchange0_pin has 0 polygons
2026-08-20 08:47:56 +0000: Memory Usage (138368K) : exchange0_text has 0 polygons
2026-08-20 08:47:56 +0000: Memory Usage (138368K) : exchange1_drw has 0 polygons
2026-08-20 08:47:56 +0000: Memory Usage (138368K) : exchange1_pin has 0 polygons
2026-08-20 08:47:56 +0000: Memory Usage (138368K) : exchange1_text has 0 polygons
2026-08-20 08:47:56 +0000: Memory Usage (138368K) : exchange2_drw has 0 polygons
2026-08-20 08:47:56 +0000: Memory Usage (138368K) : exchange2_pin has 0 polygons
2026-08-20 08:47:56 +0000: Memory Usage (138368K) : exchange2_text has 0 polygons
2026-08-20 08:47:56 +0000: Memory Usage (138368K) : exchange3_drw has 0 polygons
2026-08-20 08:47:56 +0000: Memory Usage (138368K) : exchange3_pin has 0 polygons
2026-08-20 08:47:56 +0000: Memory Usage (138368K) : exchange3_text has 0 polygons
2026-08-20 08:47:56 +0000: Memory Usage (138368K) : exchange4_drw has 0 polygons
2026-08-20 08:47:56 +0000: Memory Usage (138368K) : exchange4_pin has 0 polygons
2026-08-20 08:47:56 +0000: Memory Usage (138368K) : exchange4_text has 0 polygons
2026-08-20 08:47:56 +0000: Memory Usage (138368K) : isonwell_drw has 0 polygons
2026-08-20 08:47:56 +0000: Memory Usage (138368K) : Total no. of polygons in the design is 19137
2026-08-20 08:47:56 +0000: Memory Usage (138368K) : Starting base layers derivations
2026-08-20 08:47:56 +0000: Memory Usage (138368K) : Starting general LVS derivations
2026-08-20 08:47:56 +0000: Memory Usage (142044K) : Starting MOSFET DERIVATIONS
2026-08-20 08:47:56 +0000: Memory Usage (142044K) : Starting NMOS DERIVATIONS
2026-08-20 08:47:56 +0000: Memory Usage (142044K) : Starting PMOS DERIVATIONS
2026-08-20 08:47:56 +0000: Memory Usage (142044K) : Starting RF-MOSFET DERIVATIONS
2026-08-20 08:47:56 +0000: Memory Usage (142044K) : Starting RF-NMOS DERIVATIONS
2026-08-20 08:47:56 +0000: Memory Usage (142044K) : Starting RF-PMOS DERIVATIONS
2026-08-20 08:47:56 +0000: Memory Usage (142044K) : Starting BJT DERIVATIONS
2026-08-20 08:47:56 +0000: Memory Usage (142044K) : Starting NPN-BJT DERIVATIONS
2026-08-20 08:47:56 +0000: Memory Usage (142044K) : Starting PNP-BJT DERIVATIONS
2026-08-20 08:47:56 +0000: Memory Usage (142044K) : Starting DIODE DERIVATIONS
2026-08-20 08:47:56 +0000: Memory Usage (142044K) : Starting RESISTOR DERIVATIONS
2026-08-20 08:47:56 +0000: Memory Usage (142044K) : Starting CAP DERIVATIONS
2026-08-20 08:47:56 +0000: Memory Usage (142044K) : Starting CAP_CMOM DERIVATIONS
2026-08-20 08:47:56 +0000: Memory Usage (142044K) : Starting CAP_CMOMF DERIVATIONS
2026-08-20 08:47:56 +0000: Memory Usage (142044K) : Starting ESD DERIVATIONS
2026-08-20 08:47:56 +0000: Memory Usage (142044K) : Starting Inductor DERIVATIONS
2026-08-20 08:47:57 +0000: Memory Usage (142044K) : Starting Taps DERIVATIONS
2026-08-20 08:47:57 +0000: Memory Usage (142044K) : Starting SG13G2 LVS connectivity setup
2026-08-20 08:47:57 +0000: Memory Usage (142044K) : Starting SG13G2 LVS connectivity setup (Inter-layer)
2026-08-20 08:47:57 +0000: Memory Usage (142172K) : Starting SG13G2 LVS connectivity setup (Global)
2026-08-20 08:47:57 +0000: Memory Usage (142172K) : Starting LVS MOSFET CONNECTIONS
2026-08-20 08:47:57 +0000: Memory Usage (142172K) : Starting LVS RF-MOSFET CONNECTIONS
2026-08-20 08:47:57 +0000: Memory Usage (142172K) : Starting LVS BJT CONNECTIONS
2026-08-20 08:47:57 +0000: Memory Usage (142172K) : Starting LVS DIODE CONNECTIONS
2026-08-20 08:47:57 +0000: Memory Usage (142172K) : Starting RESISTOR CONNECTIONS
2026-08-20 08:47:57 +0000: Memory Usage (142172K) : Starting LVS CAP CONNECTIONS
2026-08-20 08:47:57 +0000: Memory Usage (142172K) : Starting CAP_CMOM CONNECTIONS
2026-08-20 08:47:57 +0000: Memory Usage (142172K) : Starting CAP_CMOMF CONNECTIONS
2026-08-20 08:47:57 +0000: Memory Usage (142172K) : Starting ESD CONNECTIONS
2026-08-20 08:47:57 +0000: Memory Usage (142172K) : Starting Inductor CONNECTIONS
2026-08-20 08:47:57 +0000: Memory Usage (142172K) : Starting LVS Taps CONNECTIONS
2026-08-20 08:47:57 +0000: Memory Usage (142172K) : Starting SG13G2 LVS DEVICES EXTRACTION
2026-08-20 08:47:57 +0000: Memory Usage (142172K) : Starting MOSFET EXTRACTION
2026-08-20 08:47:57 +0000: Memory Usage (142172K) : Starting NMOS EXTRACTION
2026-08-20 08:47:57 +0000: Memory Usage (142172K) : Extraction of NMOS-LV transistor
2026-08-20 08:47:57 +0000: Memory Usage (142428K) : Extraction of NMOS-HV transistor
2026-08-20 08:47:57 +0000: Memory Usage (142428K) : Starting PMOS EXTRACTION
2026-08-20 08:47:57 +0000: Memory Usage (142428K) : Extraction of PMOS-LV transistor
2026-08-20 08:47:57 +0000: Memory Usage (142428K) : Extraction of PMOS-HV transistor
2026-08-20 08:47:57 +0000: Memory Usage (142428K) : Starting RF-MOSFET EXTRACTION
2026-08-20 08:47:57 +0000: Memory Usage (142428K) : Extraction of RF-NMOS-LV transistor
2026-08-20 08:47:57 +0000: Memory Usage (142428K) : Extraction of RF-NMOS-HV transistor
2026-08-20 08:47:57 +0000: Memory Usage (142428K) : Extraction of RF-PMOS-LV transistor
2026-08-20 08:47:57 +0000: Memory Usage (142428K) : Extraction of RF-PMOS-HV transistor
2026-08-20 08:47:57 +0000: Memory Usage (142428K) : Starting BJT EXTRACTION
2026-08-20 08:47:57 +0000: Memory Usage (142428K) : Starting NPN-BJT EXTRACTION
2026-08-20 08:47:57 +0000: Memory Usage (142428K) : Extraction of npn13G2 BJT transistor
2026-08-20 08:47:57 +0000: Memory Usage (142428K) : Extraction of npn13G2L BJT transistor
2026-08-20 08:47:57 +0000: Memory Usage (142428K) : Extraction of npn13G2V BJT transistor
2026-08-20 08:47:57 +0000: Memory Usage (142428K) : Starting PNP-BJT EXTRACTION
2026-08-20 08:47:57 +0000: Memory Usage (142428K) : Extracting pnpMPA BJT
2026-08-20 08:47:57 +0000: Memory Usage (142428K) : Starting DIODE EXTRACTION
2026-08-20 08:47:57 +0000: Memory Usage (142428K) : Extracting dantenna diode
2026-08-20 08:47:57 +0000: Memory Usage (142428K) : Extracting dpantenna diode
2026-08-20 08:47:57 +0000: Memory Usage (142428K) : Extracting schottky_nbl1 diode
2026-08-20 08:47:57 +0000: Memory Usage (142428K) : Extracting isolbox diode
2026-08-20 08:47:57 +0000: Memory Usage (142428K) : Starting RESISTOR EXTRACTION
2026-08-20 08:47:57 +0000: Memory Usage (142428K) : Extracting rsil resistor
2026-08-20 08:47:57 +0000: Memory Usage (142428K) : Extracting rppd resistor
2026-08-20 08:47:57 +0000: Memory Usage (142428K) : Extracting rhigh resistor
2026-08-20 08:47:57 +0000: Memory Usage (142428K) : Extracting res_metal1 resistor
2026-08-20 08:47:57 +0000: Memory Usage (142556K) : Extracting res_metal2 resistor
2026-08-20 08:47:57 +0000: Memory Usage (142556K) : Extracting res_metal3 resistor
2026-08-20 08:47:57 +0000: Memory Usage (142556K) : Extracting res_metal4 resistor
2026-08-20 08:47:57 +0000: Memory Usage (142556K) : Extracting res_metal5 resistor
2026-08-20 08:47:57 +0000: Memory Usage (142556K) : Extracting res_topmetal1 resistor
2026-08-20 08:47:57 +0000: Memory Usage (142556K) : Extracting res_topmetal2 resistor
2026-08-20 08:47:57 +0000: Memory Usage (142556K) : Starting CAP EXTRACTION
2026-08-20 08:47:57 +0000: Memory Usage (142556K) : Extracting cap_cmim device
2026-08-20 08:47:57 +0000: Memory Usage (142556K) : Extracting rfcmim device
2026-08-20 08:47:57 +0000: Memory Usage (142556K) : Extracting sg13_hv_svaricap varactor
2026-08-20 08:47:57 +0000: Memory Usage (142556K) : Extracting cap_cmomi device
2026-08-20 08:47:57 +0000: Memory Usage (142556K) : Extracting cap_cmomf device
2026-08-20 08:47:57 +0000: Memory Usage (142556K) : Extracting sg13_moscap_n capacitor
2026-08-20 08:47:57 +0000: Memory Usage (142556K) : Extracting sg13_moscap_p capacitor
2026-08-20 08:47:57 +0000: Memory Usage (142556K) : Starting ESD EXTRACTION
2026-08-20 08:47:57 +0000: Memory Usage (142556K) : Extracting diodevdd_2kv ESD device
2026-08-20 08:47:57 +0000: Memory Usage (142556K) : Extracting diodevdd_4kv ESD device
2026-08-20 08:47:57 +0000: Memory Usage (142556K) : Extracting diodevss_2kv ESD device
2026-08-20 08:47:57 +0000: Memory Usage (142556K) : Extracting diodevss_4kv ESD device
2026-08-20 08:47:57 +0000: Memory Usage (142556K) : Extracting idiodevdd_2kv ESD device
2026-08-20 08:47:57 +0000: Memory Usage (142556K) : Extracting idiodevdd_4kv ESD device
2026-08-20 08:47:57 +0000: Memory Usage (142556K) : Extracting idiodevss_2kv ESD device
2026-08-20 08:47:57 +0000: Memory Usage (142556K) : Extracting idiodevss_4kv ESD device
2026-08-20 08:47:57 +0000: Memory Usage (142556K) : Extracting nmoscl_2 ESD device
2026-08-20 08:47:57 +0000: Memory Usage (142556K) : Extracting nmoscl_4 ESD device
2026-08-20 08:47:57 +0000: Memory Usage (142556K) : Starting Inductor EXTRACTION
2026-08-20 08:47:57 +0000: Memory Usage (142556K) : Extracting Inductor2 device
2026-08-20 08:47:57 +0000: Memory Usage (142556K) : Extracting Inductor3 device
2026-08-20 08:47:57 +0000: Memory Usage (142556K) : Starting Taps EXTRACTION
2026-08-20 08:47:57 +0000: Memory Usage (142556K) : DISABLE_TAP_EXTRACTION is enabled: skipping ntap1/ptap1 device extraction.
2026-08-20 08:47:57 +0000: Memory Usage (142556K) : Starting SG13G2 LVS RF MOS Model Mapping
2026-08-20 08:47:57 +0000: Memory Usage (142556K) : [layout_netlist] Apply RF MOS model mapping and rfmode parameter.
2026-08-20 08:47:57 +0000: Memory Usage (142556K) : Starting SG13G2 LVS Options Preparations
2026-08-20 08:47:57 +0000: Memory Usage (142556K) : SG13G2 LVS flow: extraction -> alignment -> option preparation -> comparison.
2026-08-20 08:47:57 +0000: Memory Usage (142556K) : Starting SG13G2 LVS Alignment
2026-08-20 08:47:57 +0000: Memory Usage (142684K) : Starting SG13G2 LVS Simplification
2026-08-20 08:47:57 +0000: Memory Usage (142684K) : [layout_netlist] simplify: ENABLED
2026-08-20 08:47:57 +0000: Memory Usage (142684K) : [layout_netlist] make_top_level_pins: SKIPPED
2026-08-20 08:47:57 +0000: Memory Usage (142684K) : [layout_netlist] combine_devices: SKIPPED
2026-08-20 08:47:57 +0000: Memory Usage (142684K) : [layout_netlist] purge: SKIPPED
2026-08-20 08:47:57 +0000: Memory Usage (142684K) : [layout_netlist] purge_nets: SKIPPED
2026-08-20 08:47:57 +0000: Memory Usage (142684K) : [schematic_netlist] simplify: ENABLED
2026-08-20 08:47:57 +0000: Memory Usage (142684K) : [schematic_netlist] make_top_level_pins: SKIPPED
2026-08-20 08:47:57 +0000: Memory Usage (142684K) : [schematic_netlist] combine_devices: SKIPPED
2026-08-20 08:47:57 +0000: Memory Usage (142684K) : [schematic_netlist] purge: SKIPPED
2026-08-20 08:47:57 +0000: Memory Usage (142684K) : [schematic_netlist] purge_nets: SKIPPED
2026-08-20 08:47:57 +0000: Memory Usage (142684K) : Starting SG13G2 LVS Comparison
2026-08-20 08:47:57 +0000: Memory Usage (142812K) : xxxxxxxxxxxxxxxxxxxxxxxxxxxxxxxxxxxxxxxxxx
2026-08-20 08:47:57 +0000: Memory Usage (142812K) : ERROR : Netlists don't match
2026-08-20 08:47:57 +0000: Memory Usage (142812K) : xxxxxxxxxxxxxxxxxxxxxxxxxxxxxxxxxxxxxxxxxx
2026-08-20 08:47:57 +0000: Memory Usage (142812K) : LVS Total Run time 0.559682 seconds
