# Logfile created on 2026-08-20 09:49:03 +0000 by logger.rb/v1.5.3
2026-08-20 09:49:03 +0000: Memory Usage (128644K) : Starting running SG13G2 Klayout LVS runset on /workspace/layout/blocks/out/driver_stage/bisect_run/pads_no_esd/driver_dut.gds
2026-08-20 09:49:03 +0000: Memory Usage (128644K) : Ruby Version for klayout: 3.2.3
2026-08-20 09:49:03 +0000: Memory Usage (130044K) : Loading database to memory is complete.
2026-08-20 09:49:03 +0000: Memory Usage (130044K) : SG13G2 Klayout LVS runset output at: /workspace/layout/blocks/out/driver_stage/bisect_run/pads_no_esd/lvs/driver_dut.lvsdb
2026-08-20 09:49:03 +0000: Memory Usage (130044K) : Evaluate switches.
2026-08-20 09:49:03 +0000: Memory Usage (130044K) : Extracted netlist with net names: true
2026-08-20 09:49:03 +0000: Memory Usage (130044K) : Extracted netlist with comments in details: false
2026-08-20 09:49:03 +0000: Memory Usage (130044K) : Selected NET_ONLY option: false
2026-08-20 09:49:03 +0000: Memory Usage (130044K) : Selected LAYOUT_NETLIST option: (none)
2026-08-20 09:49:03 +0000: Memory Usage (130044K) : Selected IGNORE_TOP_PORTS_MISMATCH option: true
2026-08-20 09:49:03 +0000: Memory Usage (130044K) : Selected IMPLICIT_NETS option: sub,sub!
2026-08-20 09:49:03 +0000: Memory Usage (130044K) : Selected TOP_LVL_PINS option: false
2026-08-20 09:49:03 +0000: Memory Usage (130044K) : Selected COMBINE DEVICES option: false
2026-08-20 09:49:03 +0000: Memory Usage (130044K) : Selected PURGE option: false
2026-08-20 09:49:03 +0000: Memory Usage (130044K) : Selected PURGE_NETS option: false
2026-08-20 09:49:03 +0000: Memory Usage (130044K) : Selected SIMPLIFY option: true
2026-08-20 09:49:03 +0000: Memory Usage (130044K) : Selected SERIES_RES option: true
2026-08-20 09:49:03 +0000: Memory Usage (130044K) : Selected PARALLEL_RES option: true
2026-08-20 09:49:03 +0000: Memory Usage (130044K) : Selected DISABLE_TAP_EXTRACTION option: true
2026-08-20 09:49:03 +0000: Memory Usage (130044K) : deep  mode is enabled.
2026-08-20 09:49:03 +0000: Memory Usage (130044K) : Applying implicit connections (case-sensitive, pattern supported) for nets: sub, sub!
2026-08-20 09:49:03 +0000: Memory Usage (131100K) : Netlist file: /workspace/layout/blocks/out/driver_stage/bisect_run/pads_no_esd/d.cdl
2026-08-20 09:49:03 +0000: Memory Usage (131100K) : LVS extracted netlist at: /workspace/layout/blocks/out/driver_stage/bisect_run/pads_no_esd/lvs/driver_dut_extracted.cir
2026-08-20 09:49:03 +0000: Memory Usage (131100K) : Applying SRAM integration support.
2026-08-20 09:49:03 +0000: Memory Usage (131100K) : Starting SG13G2 LVS runset
2026-08-20 09:49:03 +0000: Memory Usage (131100K) : Read in polygons from layers.
2026-08-20 09:49:03 +0000: Memory Usage (132596K) : activ_drw has 875 polygons
2026-08-20 09:49:03 +0000: Memory Usage (133108K) : activ_filler has 0 polygons
2026-08-20 09:49:03 +0000: Memory Usage (133364K) : activ has 875 polygons
2026-08-20 09:49:03 +0000: Memory Usage (133364K) : activ_pin has 0 polygons
2026-08-20 09:49:03 +0000: Memory Usage (133364K) : activ_mask has 4 polygons
2026-08-20 09:49:03 +0000: Memory Usage (133364K) : activ_nofill has 2 polygons
2026-08-20 09:49:03 +0000: Memory Usage (133364K) : activ_OPC has 0 polygons
2026-08-20 09:49:03 +0000: Memory Usage (133364K) : activ_iOPC has 0 polygons
2026-08-20 09:49:03 +0000: Memory Usage (133364K) : activ_noqrc has 0 polygons
2026-08-20 09:49:03 +0000: Memory Usage (133364K) : biwind_drw has 0 polygons
2026-08-20 09:49:03 +0000: Memory Usage (133364K) : biwind_OPC has 0 polygons
2026-08-20 09:49:03 +0000: Memory Usage (133364K) : gatpoly_drw has 139 polygons
2026-08-20 09:49:03 +0000: Memory Usage (133364K) : gatpoly_filler has 0 polygons
2026-08-20 09:49:03 +0000: Memory Usage (133364K) : gatpoly has 139 polygons
2026-08-20 09:49:03 +0000: Memory Usage (133364K) : gatpoly_pin has 119 polygons
2026-08-20 09:49:03 +0000: Memory Usage (133364K) : gatpoly_nofill has 2 polygons
2026-08-20 09:49:03 +0000: Memory Usage (133364K) : gatpoly_OPC has 0 polygons
2026-08-20 09:49:03 +0000: Memory Usage (133364K) : gatpoly_iOPC has 0 polygons
2026-08-20 09:49:03 +0000: Memory Usage (133364K) : gatpoly_noqrc has 0 polygons
2026-08-20 09:49:03 +0000: Memory Usage (133364K) : cont_drw has 10261 polygons
2026-08-20 09:49:03 +0000: Memory Usage (133364K) : cont_OPC has 0 polygons
2026-08-20 09:49:03 +0000: Memory Usage (133364K) : nsd_drw has 0 polygons
2026-08-20 09:49:03 +0000: Memory Usage (133364K) : nsd_block has 4 polygons
2026-08-20 09:49:03 +0000: Memory Usage (133364K) : metal1_drw has 1518 polygons
2026-08-20 09:49:03 +0000: Memory Usage (133364K) : metal1_filler has 0 polygons
2026-08-20 09:49:03 +0000: Memory Usage (133364K) : metal1_slit has 0 polygons
2026-08-20 09:49:03 +0000: Memory Usage (133492K) : metal1 has 1518 polygons
2026-08-20 09:49:03 +0000: Memory Usage (133492K) : metal1_pin has 746 polygons
2026-08-20 09:49:03 +0000: Memory Usage (133492K) : metal1_mask has 0 polygons
2026-08-20 09:49:03 +0000: Memory Usage (133492K) : metal1_nofill has 2 polygons
2026-08-20 09:49:03 +0000: Memory Usage (133620K) : metal1_text has 3 polygons
2026-08-20 09:49:03 +0000: Memory Usage (133620K) : metal1_OPC has 0 polygons
2026-08-20 09:49:03 +0000: Memory Usage (133748K) : metal1_noqrc has 0 polygons
2026-08-20 09:49:03 +0000: Memory Usage (133748K) : metal1_res has 0 polygons
2026-08-20 09:49:03 +0000: Memory Usage (133748K) : metal1_iprobe has 0 polygons
2026-08-20 09:49:03 +0000: Memory Usage (133876K) : metal1_diffprb has 0 polygons
2026-08-20 09:49:03 +0000: Memory Usage (133876K) : passiv_drw has 2 polygons
2026-08-20 09:49:03 +0000: Memory Usage (133876K) : passiv_pin has 0 polygons
2026-08-20 09:49:03 +0000: Memory Usage (134004K) : passiv_sbump has 0 polygons
2026-08-20 09:49:03 +0000: Memory Usage (134004K) : passiv_pillar has 0 polygons
2026-08-20 09:49:03 +0000: Memory Usage (134132K) : passiv_pdl has 0 polygons
2026-08-20 09:49:03 +0000: Memory Usage (134132K) : metal2_drw has 523 polygons
2026-08-20 09:49:03 +0000: Memory Usage (134132K) : metal2_filler has 0 polygons
2026-08-20 09:49:03 +0000: Memory Usage (134260K) : metal2_slit has 0 polygons
2026-08-20 09:49:03 +0000: Memory Usage (134260K) : metal2 has 523 polygons
2026-08-20 09:49:03 +0000: Memory Usage (134260K) : metal2_pin has 2 polygons
2026-08-20 09:49:03 +0000: Memory Usage (134260K) : metal2_mask has 0 polygons
2026-08-20 09:49:03 +0000: Memory Usage (134388K) : metal2_nofill has 2 polygons
2026-08-20 09:49:03 +0000: Memory Usage (134388K) : metal2_text has 3 polygons
2026-08-20 09:49:03 +0000: Memory Usage (134388K) : metal2_OPC has 0 polygons
2026-08-20 09:49:03 +0000: Memory Usage (134388K) : metal2_noqrc has 0 polygons
2026-08-20 09:49:03 +0000: Memory Usage (134516K) : metal2_res has 0 polygons
2026-08-20 09:49:03 +0000: Memory Usage (134516K) : metal2_iprobe has 0 polygons
2026-08-20 09:49:03 +0000: Memory Usage (134516K) : metal2_diffprb has 0 polygons
2026-08-20 09:49:03 +0000: Memory Usage (134516K) : baspoly_drw has 0 polygons
2026-08-20 09:49:03 +0000: Memory Usage (134644K) : baspoly_pin has 0 polygons
2026-08-20 09:49:03 +0000: Memory Usage (134644K) : psd_drw has 503 polygons
2026-08-20 09:49:03 +0000: Memory Usage (134644K) : nldb_drw has 0 polygons
2026-08-20 09:49:03 +0000: Memory Usage (134644K) : digibnd_drw has 0 polygons
2026-08-20 09:49:03 +0000: Memory Usage (134772K) : via1_drw has 6766 polygons
2026-08-20 09:49:03 +0000: Memory Usage (134772K) : backmetal1_drw has 0 polygons
2026-08-20 09:49:03 +0000: Memory Usage (134772K) : backmetal1_pin has 0 polygons
2026-08-20 09:49:03 +0000: Memory Usage (134772K) : backmetal1_mask has 0 polygons
2026-08-20 09:49:03 +0000: Memory Usage (134900K) : backmetal1_filler has 0 polygons
2026-08-20 09:49:03 +0000: Memory Usage (134900K) : backmetal1_nofill has 0 polygons
2026-08-20 09:49:03 +0000: Memory Usage (134900K) : backmetal1_slit has 0 polygons
2026-08-20 09:49:03 +0000: Memory Usage (134900K) : backmetal1_text has 0 polygons
2026-08-20 09:49:03 +0000: Memory Usage (135028K) : backmetal1_OPC has 0 polygons
2026-08-20 09:49:03 +0000: Memory Usage (135028K) : backmetal1_noqrc has 0 polygons
2026-08-20 09:49:03 +0000: Memory Usage (135028K) : backmetal1_res has 0 polygons
2026-08-20 09:49:03 +0000: Memory Usage (135156K) : backmetal1_iprobe has 0 polygons
2026-08-20 09:49:03 +0000: Memory Usage (135156K) : backmetal1_diffprb has 0 polygons
2026-08-20 09:49:03 +0000: Memory Usage (135156K) : backpassiv_drw has 0 polygons
2026-08-20 09:49:03 +0000: Memory Usage (135156K) : res_drw has 2 polygons
2026-08-20 09:49:03 +0000: Memory Usage (135284K) : sram_drw has 0 polygons
2026-08-20 09:49:03 +0000: Memory Usage (135284K) : trans_drw has 2 polygons
2026-08-20 09:49:03 +0000: Memory Usage (135284K) : ind_drw has 2 polygons
2026-08-20 09:49:03 +0000: Memory Usage (135284K) : ind_pin has 4 polygons
2026-08-20 09:49:03 +0000: Memory Usage (135284K) : ind_text has 4 polygons
2026-08-20 09:49:03 +0000: Memory Usage (135412K) : salblock_drw has 12 polygons
2026-08-20 09:49:03 +0000: Memory Usage (135412K) : via2_drw has 817 polygons
2026-08-20 09:49:03 +0000: Memory Usage (135540K) : metal3_drw has 44 polygons
2026-08-20 09:49:03 +0000: Memory Usage (135540K) : metal3_filler has 0 polygons
2026-08-20 09:49:03 +0000: Memory Usage (135540K) : metal3_slit has 0 polygons
2026-08-20 09:49:03 +0000: Memory Usage (135540K) : metal3 has 44 polygons
2026-08-20 09:49:03 +0000: Memory Usage (135668K) : metal3_pin has 2 polygons
2026-08-20 09:49:03 +0000: Memory Usage (135668K) : metal3_mask has 0 polygons
2026-08-20 09:49:03 +0000: Memory Usage (135668K) : metal3_nofill has 2 polygons
2026-08-20 09:49:03 +0000: Memory Usage (135668K) : metal3_text has 2 polygons
2026-08-20 09:49:03 +0000: Memory Usage (135668K) : metal3_OPC has 0 polygons
2026-08-20 09:49:03 +0000: Memory Usage (135668K) : metal3_noqrc has 0 polygons
2026-08-20 09:49:03 +0000: Memory Usage (135668K) : metal3_res has 0 polygons
2026-08-20 09:49:03 +0000: Memory Usage (135668K) : metal3_iprobe has 0 polygons
2026-08-20 09:49:03 +0000: Memory Usage (135668K) : metal3_diffprb has 0 polygons
2026-08-20 09:49:03 +0000: Memory Usage (135668K) : nwell_drw has 4 polygons
2026-08-20 09:49:03 +0000: Memory Usage (135668K) : nwell_pin has 0 polygons
2026-08-20 09:49:03 +0000: Memory Usage (135668K) : nwell_text has 0 polygons
2026-08-20 09:49:03 +0000: Memory Usage (135668K) : nbulay_drw has 1 polygons
2026-08-20 09:49:03 +0000: Memory Usage (135668K) : nbulay_pin has 0 polygons
2026-08-20 09:49:03 +0000: Memory Usage (135796K) : nbulay_block has 0 polygons
2026-08-20 09:49:03 +0000: Memory Usage (135796K) : emwind_drw has 4 polygons
2026-08-20 09:49:03 +0000: Memory Usage (135796K) : emwind_OPC has 0 polygons
2026-08-20 09:49:03 +0000: Memory Usage (135796K) : deepco_drw has 0 polygons
2026-08-20 09:49:03 +0000: Memory Usage (135796K) : mim_drw has 0 polygons
2026-08-20 09:49:03 +0000: Memory Usage (135924K) : edgeseal_drw has 0 polygons
2026-08-20 09:49:03 +0000: Memory Usage (135924K) : substrate_drw has 500 polygons
2026-08-20 09:49:03 +0000: Memory Usage (135924K) : substrate_text has 0 polygons
2026-08-20 09:49:03 +0000: Memory Usage (135924K) : dfpad_drw has 2 polygons
2026-08-20 09:49:03 +0000: Memory Usage (135924K) : dfpad_pillar has 0 polygons
2026-08-20 09:49:03 +0000: Memory Usage (135924K) : dfpad_sbump has 0 polygons
2026-08-20 09:49:03 +0000: Memory Usage (136052K) : thickgateox_drw has 1 polygons
2026-08-20 09:49:03 +0000: Memory Usage (136052K) : pldb_drw has 0 polygons
2026-08-20 09:49:03 +0000: Memory Usage (136052K) : pwell_drw has 0 polygons
2026-08-20 09:49:03 +0000: Memory Usage (136052K) : pwell_pin has 0 polygons
2026-08-20 09:49:03 +0000: Memory Usage (136052K) : pwell_block has 2 polygons
2026-08-20 09:49:03 +0000: Memory Usage (136052K) : ic_drw has 0 polygons
2026-08-20 09:49:03 +0000: Memory Usage (136180K) : via3_drw has 1019 polygons
2026-08-20 09:49:03 +0000: Memory Usage (136180K) : metal4_drw has 17 polygons
2026-08-20 09:49:03 +0000: Memory Usage (136180K) : metal4_filler has 0 polygons
2026-08-20 09:49:03 +0000: Memory Usage (136180K) : metal4_slit has 0 polygons
2026-08-20 09:49:03 +0000: Memory Usage (136180K) : metal4 has 17 polygons
2026-08-20 09:49:03 +0000: Memory Usage (136180K) : metal4_pin has 0 polygons
2026-08-20 09:49:03 +0000: Memory Usage (136308K) : metal4_mask has 0 polygons
2026-08-20 09:49:03 +0000: Memory Usage (136308K) : metal4_nofill has 2 polygons
2026-08-20 09:49:03 +0000: Memory Usage (136308K) : metal4_text has 1 polygons
2026-08-20 09:49:03 +0000: Memory Usage (136308K) : metal4_OPC has 0 polygons
2026-08-20 09:49:03 +0000: Memory Usage (136308K) : metal4_noqrc has 0 polygons
2026-08-20 09:49:03 +0000: Memory Usage (136436K) : metal4_res has 0 polygons
2026-08-20 09:49:03 +0000: Memory Usage (136436K) : metal4_iprobe has 0 polygons
2026-08-20 09:49:03 +0000: Memory Usage (136436K) : metal4_diffprb has 0 polygons
2026-08-20 09:49:03 +0000: Memory Usage (136436K) : heattrans_drw has 123 polygons
2026-08-20 09:49:03 +0000: Memory Usage (136436K) : heatres_drw has 2 polygons
2026-08-20 09:49:03 +0000: Memory Usage (136436K) : fbe_drw has 0 polygons
2026-08-20 09:49:03 +0000: Memory Usage (136436K) : empoly_drw has 0 polygons
2026-08-20 09:49:03 +0000: Memory Usage (136436K) : digisub_drw has 0 polygons
2026-08-20 09:49:03 +0000: Memory Usage (136436K) : text_drw has 639 polygons
2026-08-20 09:49:03 +0000: Memory Usage (136564K) : via4_drw has 1015 polygons
2026-08-20 09:49:03 +0000: Memory Usage (136564K) : metal5_drw has 20 polygons
2026-08-20 09:49:03 +0000: Memory Usage (136564K) : metal5_filler has 0 polygons
2026-08-20 09:49:03 +0000: Memory Usage (136564K) : metal5_slit has 0 polygons
2026-08-20 09:49:03 +0000: Memory Usage (136564K) : metal5 has 20 polygons
2026-08-20 09:49:03 +0000: Memory Usage (136564K) : metal5_pin has 0 polygons
2026-08-20 09:49:03 +0000: Memory Usage (136692K) : metal5_mask has 0 polygons
2026-08-20 09:49:03 +0000: Memory Usage (136692K) : metal5_nofill has 2 polygons
2026-08-20 09:49:03 +0000: Memory Usage (136692K) : metal5_text has 0 polygons
2026-08-20 09:49:03 +0000: Memory Usage (136692K) : metal5_OPC has 0 polygons
2026-08-20 09:49:03 +0000: Memory Usage (136692K) : metal5_noqrc has 0 polygons
2026-08-20 09:49:03 +0000: Memory Usage (136692K) : metal5_res has 0 polygons
2026-08-20 09:49:03 +0000: Memory Usage (136820K) : metal5_iprobe has 0 polygons
2026-08-20 09:49:03 +0000: Memory Usage (136820K) : metal5_diffprb has 0 polygons
2026-08-20 09:49:03 +0000: Memory Usage (136820K) : radhard_drw has 0 polygons
2026-08-20 09:49:03 +0000: Memory Usage (136820K) : memcap_drw has 0 polygons
2026-08-20 09:49:03 +0000: Memory Usage (136820K) : varicap_drw has 0 polygons
2026-08-20 09:49:03 +0000: Memory Usage (136820K) : intbondvia_drw has 0 polygons
2026-08-20 09:49:03 +0000: Memory Usage (136948K) : intbondmet_drw has 0 polygons
2026-08-20 09:49:03 +0000: Memory Usage (136948K) : devbondvia_drw has 0 polygons
2026-08-20 09:49:03 +0000: Memory Usage (136948K) : devbondmet_drw has 0 polygons
2026-08-20 09:49:03 +0000: Memory Usage (136948K) : devtrench_drw has 0 polygons
2026-08-20 09:49:03 +0000: Memory Usage (136948K) : redist_drw has 0 polygons
2026-08-20 09:49:03 +0000: Memory Usage (136948K) : graphbot_drw has 0 polygons
2026-08-20 09:49:03 +0000: Memory Usage (137076K) : graphtop_drw has 0 polygons
2026-08-20 09:49:03 +0000: Memory Usage (137076K) : antvia1_drw has 0 polygons
2026-08-20 09:49:03 +0000: Memory Usage (137076K) : antmetal2_drw has 0 polygons
2026-08-20 09:49:03 +0000: Memory Usage (137076K) : graphcont_drw has 0 polygons
2026-08-20 09:49:03 +0000: Memory Usage (137204K) : siwg_drw has 0 polygons
2026-08-20 09:49:03 +0000: Memory Usage (137204K) : siwg_filler has 0 polygons
2026-08-20 09:49:03 +0000: Memory Usage (137204K) : siwg_nofill has 0 polygons
2026-08-20 09:49:03 +0000: Memory Usage (137204K) : sigrating_drw has 0 polygons
2026-08-20 09:49:03 +0000: Memory Usage (137332K) : singrating_drw has 0 polygons
2026-08-20 09:49:03 +0000: Memory Usage (137332K) : graphpas_drw has 0 polygons
2026-08-20 09:49:03 +0000: Memory Usage (137332K) : emwind3_drw has 0 polygons
2026-08-20 09:49:03 +0000: Memory Usage (137332K) : emwihv3_drw has 0 polygons
2026-08-20 09:49:03 +0000: Memory Usage (137332K) : redbulay_drw has 0 polygons
2026-08-20 09:49:03 +0000: Memory Usage (137460K) : smos_drw has 0 polygons
2026-08-20 09:49:03 +0000: Memory Usage (137460K) : graphpad_drw has 0 polygons
2026-08-20 09:49:03 +0000: Memory Usage (137460K) : polimide_drw has 0 polygons
2026-08-20 09:49:03 +0000: Memory Usage (137460K) : polimide_pin has 0 polygons
2026-08-20 09:49:03 +0000: Memory Usage (137460K) : recog_drw has 1 polygons
2026-08-20 09:49:03 +0000: Memory Usage (137460K) : recog_pin has 0 polygons
2026-08-20 09:49:03 +0000: Memory Usage (137588K) : recog_esd has 1 polygons
2026-08-20 09:49:03 +0000: Memory Usage (137588K) : recog_diode has 0 polygons
2026-08-20 09:49:03 +0000: Memory Usage (137588K) : recog_tsv has 0 polygons
2026-08-20 09:49:03 +0000: Memory Usage (137588K) : recog_iprobe has 0 polygons
2026-08-20 09:49:03 +0000: Memory Usage (137588K) : recog_diffprb has 0 polygons
2026-08-20 09:49:03 +0000: Memory Usage (137716K) : recog_pillar has 0 polygons
2026-08-20 09:49:03 +0000: Memory Usage (137716K) : recog_sbump has 0 polygons
2026-08-20 09:49:03 +0000: Memory Usage (137716K) : recog_otp has 0 polygons
2026-08-20 09:49:03 +0000: Memory Usage (137716K) : recog_pdiode has 0 polygons
2026-08-20 09:49:03 +0000: Memory Usage (137716K) : recog_mom has 0 polygons
2026-08-20 09:49:03 +0000: Memory Usage (137844K) : recog_momf has 0 polygons
2026-08-20 09:49:03 +0000: Memory Usage (137844K) : recog_pcm has 0 polygons
2026-08-20 09:49:03 +0000: Memory Usage (137844K) : colopen_drw has 0 polygons
2026-08-20 09:49:03 +0000: Memory Usage (137844K) : graphmetal1_drw has 0 polygons
2026-08-20 09:49:03 +0000: Memory Usage (137844K) : graphmetal1_filler has 0 polygons
2026-08-20 09:49:03 +0000: Memory Usage (137844K) : graphmetal1_nofill has 0 polygons
2026-08-20 09:49:03 +0000: Memory Usage (137972K) : graphmetal1_slit has 0 polygons
2026-08-20 09:49:03 +0000: Memory Usage (137972K) : graphmetal1_OPC has 0 polygons
2026-08-20 09:49:03 +0000: Memory Usage (137972K) : graphmet1l_drw has 0 polygons
2026-08-20 09:49:03 +0000: Memory Usage (137972K) : graphmet1l_filler has 0 polygons
2026-08-20 09:49:03 +0000: Memory Usage (137972K) : graphmet1l_nofill has 0 polygons
2026-08-20 09:49:03 +0000: Memory Usage (137972K) : graphmet1l_slit has 0 polygons
2026-08-20 09:49:03 +0000: Memory Usage (138100K) : graphmet1l_OPC has 0 polygons
2026-08-20 09:49:03 +0000: Memory Usage (138100K) : extblock_drw has 6 polygons
2026-08-20 09:49:03 +0000: Memory Usage (138100K) : nldd_drw has 0 polygons
2026-08-20 09:49:03 +0000: Memory Usage (138100K) : pldd_drw has 0 polygons
2026-08-20 09:49:03 +0000: Memory Usage (138100K) : next_drw has 0 polygons
2026-08-20 09:49:03 +0000: Memory Usage (138228K) : pext_drw has 0 polygons
2026-08-20 09:49:03 +0000: Memory Usage (138228K) : nexthv_drw has 0 polygons
2026-08-20 09:49:03 +0000: Memory Usage (138228K) : pexthv_drw has 0 polygons
2026-08-20 09:49:03 +0000: Memory Usage (138228K) : graphgate_drw has 0 polygons
2026-08-20 09:49:03 +0000: Memory Usage (138356K) : sinwg_drw has 0 polygons
2026-08-20 09:49:03 +0000: Memory Usage (138356K) : sinwg_filler has 0 polygons
2026-08-20 09:49:03 +0000: Memory Usage (138356K) : sinwg_nofill has 0 polygons
2026-08-20 09:49:03 +0000: Memory Usage (138356K) : mempad_drw has 0 polygons
2026-08-20 09:49:03 +0000: Memory Usage (138484K) : topvia1_drw has 479 polygons
2026-08-20 09:49:03 +0000: Memory Usage (138484K) : topmetal1_drw has 50 polygons
2026-08-20 09:49:03 +0000: Memory Usage (138484K) : topmetal1_filler has 0 polygons
2026-08-20 09:49:03 +0000: Memory Usage (138484K) : topmetal1_slit has 0 polygons
2026-08-20 09:49:03 +0000: Memory Usage (138612K) : topmetal1 has 50 polygons
2026-08-20 09:49:03 +0000: Memory Usage (138612K) : topmetal1_pin has 0 polygons
2026-08-20 09:49:03 +0000: Memory Usage (138612K) : topmetal1_mask has 0 polygons
2026-08-20 09:49:03 +0000: Memory Usage (138740K) : topmetal1_nofill has 2 polygons
2026-08-20 09:49:03 +0000: Memory Usage (138740K) : topmetal1_text has 0 polygons
2026-08-20 09:49:03 +0000: Memory Usage (138740K) : topmetal1_noqrc has 0 polygons
2026-08-20 09:49:03 +0000: Memory Usage (138740K) : topmetal1_res has 0 polygons
2026-08-20 09:49:03 +0000: Memory Usage (138868K) : topmetal1_iprobe has 0 polygons
2026-08-20 09:49:03 +0000: Memory Usage (138868K) : topmetal1_diffprb has 0 polygons
2026-08-20 09:49:03 +0000: Memory Usage (138868K) : inldpwl_drw has 0 polygons
2026-08-20 09:49:03 +0000: Memory Usage (138868K) : polyres_drw has 2 polygons
2026-08-20 09:49:03 +0000: Memory Usage (138996K) : polyres_pin has 0 polygons
2026-08-20 09:49:03 +0000: Memory Usage (138996K) : vmim_drw has 0 polygons
2026-08-20 09:49:03 +0000: Memory Usage (138996K) : nbulaycut_drw has 0 polygons
2026-08-20 09:49:03 +0000: Memory Usage (138996K) : antmetal1_drw has 0 polygons
2026-08-20 09:49:03 +0000: Memory Usage (139124K) : topvia2_drw has 231 polygons
2026-08-20 09:49:03 +0000: Memory Usage (139252K) : topmetal2_drw has 61 polygons
2026-08-20 09:49:03 +0000: Memory Usage (139380K) : topmetal2_filler has 0 polygons
2026-08-20 09:49:03 +0000: Memory Usage (139380K) : topmetal2_slit has 0 polygons
2026-08-20 09:49:03 +0000: Memory Usage (139380K) : topmetal2 has 61 polygons
2026-08-20 09:49:03 +0000: Memory Usage (139380K) : topmetal2_pin has 4 polygons
2026-08-20 09:49:03 +0000: Memory Usage (139508K) : topmetal2_mask has 0 polygons
2026-08-20 09:49:03 +0000: Memory Usage (139508K) : topmetal2_nofill has 2 polygons
2026-08-20 09:49:03 +0000: Memory Usage (139508K) : topmetal2_text has 8 polygons
2026-08-20 09:49:03 +0000: Memory Usage (139508K) : topmetal2_noqrc has 0 polygons
2026-08-20 09:49:03 +0000: Memory Usage (139636K) : topmetal2_res has 0 polygons
2026-08-20 09:49:03 +0000: Memory Usage (139636K) : topmetal2_iprobe has 0 polygons
2026-08-20 09:49:03 +0000: Memory Usage (139636K) : topmetal2_diffprb has 0 polygons
2026-08-20 09:49:03 +0000: Memory Usage (139636K) : snsring_drw has 0 polygons
2026-08-20 09:49:03 +0000: Memory Usage (139764K) : sensor_drw has 0 polygons
2026-08-20 09:49:03 +0000: Memory Usage (139764K) : snsarms_drw has 0 polygons
2026-08-20 09:49:03 +0000: Memory Usage (139764K) : snscmosvia_drw has 0 polygons
2026-08-20 09:49:03 +0000: Memory Usage (139892K) : colwind_drw has 0 polygons
2026-08-20 09:49:03 +0000: Memory Usage (139892K) : flm_drw has 0 polygons
2026-08-20 09:49:03 +0000: Memory Usage (140020K) : hafniumox_drw has 0 polygons
2026-08-20 09:49:03 +0000: Memory Usage (140020K) : memvia_drw has 0 polygons
2026-08-20 09:49:03 +0000: Memory Usage (140020K) : thinfilmres_drw has 0 polygons
2026-08-20 09:49:03 +0000: Memory Usage (140148K) : rfmem_drw has 0 polygons
2026-08-20 09:49:03 +0000: Memory Usage (140148K) : norcx_drw has 2 polygons
2026-08-20 09:49:03 +0000: Memory Usage (140148K) : norcx_m2m3 has 0 polygons
2026-08-20 09:49:03 +0000: Memory Usage (140148K) : norcx_m2m4 has 0 polygons
2026-08-20 09:49:03 +0000: Memory Usage (140148K) : norcx_m2m5 has 0 polygons
2026-08-20 09:49:03 +0000: Memory Usage (140148K) : norcx_m2tm1 has 0 polygons
2026-08-20 09:49:03 +0000: Memory Usage (140148K) : norcx_m2tm2 has 0 polygons
2026-08-20 09:49:03 +0000: Memory Usage (140148K) : norcx_m3m4 has 0 polygons
2026-08-20 09:49:03 +0000: Memory Usage (140148K) : norcx_m3m5 has 0 polygons
2026-08-20 09:49:03 +0000: Memory Usage (140148K) : norcx_m3tm1 has 0 polygons
2026-08-20 09:49:03 +0000: Memory Usage (140148K) : norcx_m3tm2 has 0 polygons
2026-08-20 09:49:03 +0000: Memory Usage (140148K) : norcx_m4m5 has 0 polygons
2026-08-20 09:49:03 +0000: Memory Usage (140148K) : norcx_m4tm1 has 0 polygons
2026-08-20 09:49:03 +0000: Memory Usage (140148K) : norcx_m4tm2 has 0 polygons
2026-08-20 09:49:03 +0000: Memory Usage (140148K) : norcx_m5tm1 has 0 polygons
2026-08-20 09:49:03 +0000: Memory Usage (140148K) : norcx_m5tm2 has 0 polygons
2026-08-20 09:49:03 +0000: Memory Usage (140148K) : norcx_tm1tm2 has 0 polygons
2026-08-20 09:49:03 +0000: Memory Usage (140148K) : norcx_m1sub has 0 polygons
2026-08-20 09:49:03 +0000: Memory Usage (140148K) : norcx_m2sub has 0 polygons
2026-08-20 09:49:03 +0000: Memory Usage (140148K) : norcx_m3sub has 0 polygons
2026-08-20 09:49:03 +0000: Memory Usage (140148K) : norcx_m4sub has 0 polygons
2026-08-20 09:49:03 +0000: Memory Usage (140148K) : norcx_m5sub has 0 polygons
2026-08-20 09:49:03 +0000: Memory Usage (140148K) : norcx_tm1sub has 0 polygons
2026-08-20 09:49:03 +0000: Memory Usage (140148K) : norcx_tm2sub has 0 polygons
2026-08-20 09:49:03 +0000: Memory Usage (140148K) : snsbotvia_drw has 0 polygons
2026-08-20 09:49:03 +0000: Memory Usage (140148K) : snstopvia_drw has 0 polygons
2026-08-20 09:49:03 +0000: Memory Usage (140148K) : deepvia_drw has 0 polygons
2026-08-20 09:49:03 +0000: Memory Usage (140148K) : fgetch_drw has 0 polygons
2026-08-20 09:49:03 +0000: Memory Usage (140148K) : ctrgat_drw has 0 polygons
2026-08-20 09:49:03 +0000: Memory Usage (140148K) : fgimp_drw has 0 polygons
2026-08-20 09:49:03 +0000: Memory Usage (140148K) : emwihv_drw has 0 polygons
2026-08-20 09:49:03 +0000: Memory Usage (140148K) : lbe_drw has 2 polygons
2026-08-20 09:49:03 +0000: Memory Usage (140148K) : alcustop_drw has 0 polygons
2026-08-20 09:49:03 +0000: Memory Usage (140148K) : nometfiller_drw has 0 polygons
2026-08-20 09:49:03 +0000: Memory Usage (140148K) : prboundary_drw has 0 polygons
2026-08-20 09:49:03 +0000: Memory Usage (140148K) : exchange0_drw has 0 polygons
2026-08-20 09:49:03 +0000: Memory Usage (140148K) : exchange0_pin has 0 polygons
2026-08-20 09:49:03 +0000: Memory Usage (140148K) : exchange0_text has 0 polygons
2026-08-20 09:49:03 +0000: Memory Usage (140148K) : exchange1_drw has 0 polygons
2026-08-20 09:49:03 +0000: Memory Usage (140148K) : exchange1_pin has 0 polygons
2026-08-20 09:49:03 +0000: Memory Usage (140148K) : exchange1_text has 0 polygons
2026-08-20 09:49:03 +0000: Memory Usage (140148K) : exchange2_drw has 0 polygons
2026-08-20 09:49:03 +0000: Memory Usage (140148K) : exchange2_pin has 0 polygons
2026-08-20 09:49:03 +0000: Memory Usage (140148K) : exchange2_text has 0 polygons
2026-08-20 09:49:03 +0000: Memory Usage (140148K) : exchange3_drw has 0 polygons
2026-08-20 09:49:03 +0000: Memory Usage (140148K) : exchange3_pin has 0 polygons
2026-08-20 09:49:03 +0000: Memory Usage (140148K) : exchange3_text has 0 polygons
2026-08-20 09:49:03 +0000: Memory Usage (140148K) : exchange4_drw has 0 polygons
2026-08-20 09:49:03 +0000: Memory Usage (140148K) : exchange4_pin has 0 polygons
2026-08-20 09:49:03 +0000: Memory Usage (140148K) : exchange4_text has 0 polygons
2026-08-20 09:49:03 +0000: Memory Usage (140148K) : isonwell_drw has 0 polygons
2026-08-20 09:49:03 +0000: Memory Usage (140148K) : Total no. of polygons in the design is 26574
2026-08-20 09:49:03 +0000: Memory Usage (140148K) : Starting base layers derivations
2026-08-20 09:49:03 +0000: Memory Usage (140148K) : Starting general LVS derivations
2026-08-20 09:49:03 +0000: Memory Usage (144416K) : Starting MOSFET DERIVATIONS
2026-08-20 09:49:03 +0000: Memory Usage (145056K) : Starting NMOS DERIVATIONS
2026-08-20 09:49:03 +0000: Memory Usage (145056K) : Starting PMOS DERIVATIONS
2026-08-20 09:49:03 +0000: Memory Usage (145056K) : Starting RF-MOSFET DERIVATIONS
2026-08-20 09:49:03 +0000: Memory Usage (145056K) : Starting RF-NMOS DERIVATIONS
2026-08-20 09:49:03 +0000: Memory Usage (145056K) : Starting RF-PMOS DERIVATIONS
2026-08-20 09:49:03 +0000: Memory Usage (145056K) : Starting BJT DERIVATIONS
2026-08-20 09:49:03 +0000: Memory Usage (145056K) : Starting NPN-BJT DERIVATIONS
2026-08-20 09:49:04 +0000: Memory Usage (145184K) : Starting PNP-BJT DERIVATIONS
2026-08-20 09:49:04 +0000: Memory Usage (145184K) : Starting DIODE DERIVATIONS
2026-08-20 09:49:04 +0000: Memory Usage (145568K) : Starting RESISTOR DERIVATIONS
2026-08-20 09:49:04 +0000: Memory Usage (145696K) : Starting CAP DERIVATIONS
2026-08-20 09:49:04 +0000: Memory Usage (145952K) : Starting CAP_CMOM DERIVATIONS
2026-08-20 09:49:04 +0000: Memory Usage (145952K) : Starting CAP_CMOMF DERIVATIONS
2026-08-20 09:49:04 +0000: Memory Usage (145952K) : Starting ESD DERIVATIONS
2026-08-20 09:49:04 +0000: Memory Usage (146080K) : Starting Inductor DERIVATIONS
2026-08-20 09:49:05 +0000: Memory Usage (146080K) : Starting Taps DERIVATIONS
2026-08-20 09:49:05 +0000: Memory Usage (146080K) : Starting SG13G2 LVS connectivity setup
2026-08-20 09:49:05 +0000: Memory Usage (146080K) : Starting SG13G2 LVS connectivity setup (Inter-layer)
2026-08-20 09:49:05 +0000: Memory Usage (146208K) : Starting SG13G2 LVS connectivity setup (Global)
2026-08-20 09:49:05 +0000: Memory Usage (146208K) : Starting LVS MOSFET CONNECTIONS
2026-08-20 09:49:05 +0000: Memory Usage (146208K) : Starting LVS RF-MOSFET CONNECTIONS
2026-08-20 09:49:05 +0000: Memory Usage (146208K) : Starting LVS BJT CONNECTIONS
2026-08-20 09:49:05 +0000: Memory Usage (146208K) : Starting LVS DIODE CONNECTIONS
2026-08-20 09:49:05 +0000: Memory Usage (146208K) : Starting RESISTOR CONNECTIONS
2026-08-20 09:49:05 +0000: Memory Usage (146208K) : Starting LVS CAP CONNECTIONS
2026-08-20 09:49:05 +0000: Memory Usage (146208K) : Starting CAP_CMOM CONNECTIONS
2026-08-20 09:49:05 +0000: Memory Usage (146208K) : Starting CAP_CMOMF CONNECTIONS
2026-08-20 09:49:05 +0000: Memory Usage (146208K) : Starting ESD CONNECTIONS
2026-08-20 09:49:05 +0000: Memory Usage (146208K) : Starting Inductor CONNECTIONS
2026-08-20 09:49:05 +0000: Memory Usage (146208K) : Starting LVS Taps CONNECTIONS
2026-08-20 09:49:05 +0000: Memory Usage (146208K) : Starting SG13G2 LVS DEVICES EXTRACTION
2026-08-20 09:49:05 +0000: Memory Usage (146208K) : Starting MOSFET EXTRACTION
2026-08-20 09:49:05 +0000: Memory Usage (146208K) : Starting NMOS EXTRACTION
2026-08-20 09:49:05 +0000: Memory Usage (146208K) : Extraction of NMOS-LV transistor
2026-08-20 09:49:05 +0000: Memory Usage (146336K) : Extraction of NMOS-HV transistor
2026-08-20 09:49:05 +0000: Memory Usage (146336K) : Starting PMOS EXTRACTION
2026-08-20 09:49:05 +0000: Memory Usage (146336K) : Extraction of PMOS-LV transistor
2026-08-20 09:49:05 +0000: Memory Usage (146336K) : Extraction of PMOS-HV transistor
2026-08-20 09:49:05 +0000: Memory Usage (146336K) : Starting RF-MOSFET EXTRACTION
2026-08-20 09:49:05 +0000: Memory Usage (146336K) : Extraction of RF-NMOS-LV transistor
2026-08-20 09:49:05 +0000: Memory Usage (146336K) : Extraction of RF-NMOS-HV transistor
2026-08-20 09:49:05 +0000: Memory Usage (146336K) : Extraction of RF-PMOS-LV transistor
2026-08-20 09:49:05 +0000: Memory Usage (146336K) : Extraction of RF-PMOS-HV transistor
2026-08-20 09:49:05 +0000: Memory Usage (146336K) : Starting BJT EXTRACTION
2026-08-20 09:49:05 +0000: Memory Usage (146336K) : Starting NPN-BJT EXTRACTION
2026-08-20 09:49:05 +0000: Memory Usage (146336K) : Extraction of npn13G2 BJT transistor
2026-08-20 09:49:05 +0000: Memory Usage (146336K) : Extraction of npn13G2L BJT transistor
2026-08-20 09:49:05 +0000: Memory Usage (146336K) : Extraction of npn13G2V BJT transistor
2026-08-20 09:49:05 +0000: Memory Usage (146336K) : Starting PNP-BJT EXTRACTION
2026-08-20 09:49:05 +0000: Memory Usage (146336K) : Extracting pnpMPA BJT
2026-08-20 09:49:05 +0000: Memory Usage (146336K) : Starting DIODE EXTRACTION
2026-08-20 09:49:05 +0000: Memory Usage (146336K) : Extracting dantenna diode
2026-08-20 09:49:05 +0000: Memory Usage (146336K) : Extracting dpantenna diode
2026-08-20 09:49:05 +0000: Memory Usage (146336K) : Extracting schottky_nbl1 diode
2026-08-20 09:49:05 +0000: Memory Usage (146336K) : Extracting isolbox diode
2026-08-20 09:49:05 +0000: Memory Usage (146336K) : Starting RESISTOR EXTRACTION
2026-08-20 09:49:05 +0000: Memory Usage (146336K) : Extracting rsil resistor
2026-08-20 09:49:05 +0000: Memory Usage (146336K) : Extracting rppd resistor
2026-08-20 09:49:05 +0000: Memory Usage (146336K) : Extracting rhigh resistor
2026-08-20 09:49:05 +0000: Memory Usage (146336K) : Extracting res_metal1 resistor
2026-08-20 09:49:05 +0000: Memory Usage (146464K) : Extracting res_metal2 resistor
2026-08-20 09:49:05 +0000: Memory Usage (146464K) : Extracting res_metal3 resistor
2026-08-20 09:49:05 +0000: Memory Usage (146464K) : Extracting res_metal4 resistor
2026-08-20 09:49:05 +0000: Memory Usage (146464K) : Extracting res_metal5 resistor
2026-08-20 09:49:05 +0000: Memory Usage (146464K) : Extracting res_topmetal1 resistor
2026-08-20 09:49:05 +0000: Memory Usage (146464K) : Extracting res_topmetal2 resistor
2026-08-20 09:49:05 +0000: Memory Usage (146464K) : Starting CAP EXTRACTION
2026-08-20 09:49:05 +0000: Memory Usage (146464K) : Extracting cap_cmim device
2026-08-20 09:49:05 +0000: Memory Usage (146464K) : Extracting rfcmim device
2026-08-20 09:49:05 +0000: Memory Usage (146464K) : Extracting sg13_hv_svaricap varactor
2026-08-20 09:49:05 +0000: Memory Usage (146464K) : Extracting cap_cmomi device
2026-08-20 09:49:05 +0000: Memory Usage (146464K) : Extracting cap_cmomf device
2026-08-20 09:49:05 +0000: Memory Usage (146464K) : Extracting sg13_moscap_n capacitor
2026-08-20 09:49:05 +0000: Memory Usage (146464K) : Extracting sg13_moscap_p capacitor
2026-08-20 09:49:05 +0000: Memory Usage (146464K) : Starting ESD EXTRACTION
2026-08-20 09:49:05 +0000: Memory Usage (146464K) : Extracting diodevdd_2kv ESD device
2026-08-20 09:49:05 +0000: Memory Usage (146464K) : Extracting diodevdd_4kv ESD device
2026-08-20 09:49:05 +0000: Memory Usage (146464K) : Extracting diodevss_2kv ESD device
2026-08-20 09:49:05 +0000: Memory Usage (146464K) : Extracting diodevss_4kv ESD device
2026-08-20 09:49:05 +0000: Memory Usage (146464K) : Extracting idiodevdd_2kv ESD device
2026-08-20 09:49:05 +0000: Memory Usage (146464K) : Extracting idiodevdd_4kv ESD device
2026-08-20 09:49:05 +0000: Memory Usage (146464K) : Extracting idiodevss_2kv ESD device
2026-08-20 09:49:05 +0000: Memory Usage (146464K) : Extracting idiodevss_4kv ESD device
2026-08-20 09:49:05 +0000: Memory Usage (146464K) : Extracting nmoscl_2 ESD device
2026-08-20 09:49:05 +0000: Memory Usage (146464K) : Extracting nmoscl_4 ESD device
2026-08-20 09:49:05 +0000: Memory Usage (146464K) : Starting Inductor EXTRACTION
2026-08-20 09:49:05 +0000: Memory Usage (146464K) : Extracting Inductor2 device
2026-08-20 09:49:05 +0000: Memory Usage (146464K) : Extracting Inductor3 device
2026-08-20 09:49:05 +0000: Memory Usage (146464K) : Starting Taps EXTRACTION
2026-08-20 09:49:05 +0000: Memory Usage (146464K) : DISABLE_TAP_EXTRACTION is enabled: skipping ntap1/ptap1 device extraction.
2026-08-20 09:49:05 +0000: Memory Usage (146464K) : Starting SG13G2 LVS RF MOS Model Mapping
2026-08-20 09:49:05 +0000: Memory Usage (146464K) : [layout_netlist] Apply RF MOS model mapping and rfmode parameter.
2026-08-20 09:49:05 +0000: Memory Usage (146464K) : Starting SG13G2 LVS Options Preparations
2026-08-20 09:49:05 +0000: Memory Usage (146464K) : SG13G2 LVS flow: extraction -> alignment -> option preparation -> comparison.
2026-08-20 09:49:05 +0000: Memory Usage (146464K) : Starting SG13G2 LVS Alignment
2026-08-20 09:49:05 +0000: Memory Usage (146464K) : Starting SG13G2 LVS Simplification
2026-08-20 09:49:05 +0000: Memory Usage (146464K) : [layout_netlist] simplify: ENABLED
2026-08-20 09:49:05 +0000: Memory Usage (146464K) : [layout_netlist] make_top_level_pins: SKIPPED
2026-08-20 09:49:05 +0000: Memory Usage (146464K) : [layout_netlist] combine_devices: SKIPPED
2026-08-20 09:49:05 +0000: Memory Usage (146464K) : [layout_netlist] purge: SKIPPED
2026-08-20 09:49:05 +0000: Memory Usage (146464K) : [layout_netlist] purge_nets: SKIPPED
2026-08-20 09:49:05 +0000: Memory Usage (146464K) : [schematic_netlist] simplify: ENABLED
2026-08-20 09:49:05 +0000: Memory Usage (146464K) : [schematic_netlist] make_top_level_pins: SKIPPED
2026-08-20 09:49:05 +0000: Memory Usage (146464K) : [schematic_netlist] combine_devices: SKIPPED
2026-08-20 09:49:05 +0000: Memory Usage (146464K) : [schematic_netlist] purge: SKIPPED
2026-08-20 09:49:05 +0000: Memory Usage (146464K) : [schematic_netlist] purge_nets: SKIPPED
2026-08-20 09:49:05 +0000: Memory Usage (146464K) : Starting SG13G2 LVS Comparison
2026-08-20 09:49:05 +0000: Memory Usage (146720K) : xxxxxxxxxxxxxxxxxxxxxxxxxxxxxxxxxxxxxxxxxx
2026-08-20 09:49:05 +0000: Memory Usage (146720K) : ERROR : Netlists don't match
2026-08-20 09:49:05 +0000: Memory Usage (146720K) : xxxxxxxxxxxxxxxxxxxxxxxxxxxxxxxxxxxxxxxxxx
2026-08-20 09:49:05 +0000: Memory Usage (146720K) : LVS Total Run time 1.624791 seconds
