$ /home/ubuntu/.local/share/ihp-eda/venv/bin/python /home/ubuntu/.local/share/ihp-eda/IHP-Open-PDK/ihp-sg13g2/libs.tech/klayout/tech/lvs/run_lvs.py --layout=/workspace/layout/blocks/out/driver_stage/granular7/{'with_esd': False}/driver_dut.gds --netlist=/workspace/layout/blocks/out/driver_stage/granular7/{'with_esd': False}/x.cdl --run_dir=/workspace/layout/blocks/out/driver_stage/granular7/{'with_esd': False}/lvs --run_mode=deep --topcell=driver_dut --implicit_nets=sub,sub! --ignore_top_ports_mismatch --disable_tap_extraction

--- stdout ---
ERROR: Unable to open file: /workspace/layout/blocks/out/driver_stage/granular7/{'with_esd': False}/lvs/False}/driver_dut.gds (errno=2)

--- stderr ---
20-Aug-2026 17:29:59 | INFO    | Your Klayout version is: KLayout 0.30.5 (required >= 0.30.5)
20-Aug-2026 17:29:59 | INFO    | Running SG13G2 LVS checks on design /workspace/layout/blocks/out/driver_stage/granular7/{'with_esd': False}/driver_dut.gds on cell driver_dut
20-Aug-2026 17:29:59 | ERROR   | KLayout run failed with exit code 1.
20-Aug-2026 17:29:59 | ERROR   | KLayout stderr: ERROR: Unable to open file: /workspace/layout/blocks/out/driver_stage/granular7/{'with_esd': False}/lvs/False}/driver_dut.gds (errno=2)
20-Aug-2026 17:29:59 | INFO    | ==============================================================================
20-Aug-2026 17:29:59 | INFO    | Important Summary
20-Aug-2026 17:29:59 | INFO    | +------------------+-----------------------------------------------------------------------------+
20-Aug-2026 17:29:59 | INFO    | | Status           | UNKNOWN                                                                     |
20-Aug-2026 17:29:59 | INFO    | | Mode             | COMPARE                                                                     |
20-Aug-2026 17:29:59 | INFO    | | Outcome          | Comparison mode: outcome unknown (layout log not found).                    |
20-Aug-2026 17:29:59 | INFO    | | Layout           | driver_dut.gds                                                              |
20-Aug-2026 17:29:59 | INFO    | | Top Cell         | driver_dut                                                                  |
20-Aug-2026 17:29:59 | INFO    | | Results Dir      | /workspace/layout/blocks/out/driver_stage/granular7/{'with_esd': False}/lvs |
20-Aug-2026 17:29:59 | INFO    | | Warnings         | 0                                                                           |
20-Aug-2026 17:29:59 | INFO    | | Errors           | 2                                                                           |
20-Aug-2026 17:29:59 | INFO    | | Run Time (s)     | 0.26                                                                        |
20-Aug-2026 17:29:59 | INFO    | +------------------+-----------------------------------------------------------------------------+
20-Aug-2026 17:29:59 | ERROR   | Key errors:
20-Aug-2026 17:29:59 | ERROR   |   - KLayout run failed with exit code 1.
20-Aug-2026 17:29:59 | ERROR   |   - KLayout stderr: ERROR: Unable to open file: /workspace/layout/blocks/out/driver_stage/granular7/{'with_esd': False}/lvs/False}/driver_dut.gds (errno=2)
20-Aug-2026 17:29:59 | INFO    | ==============================================================================

