$ /home/ubuntu/.local/share/ihp-eda/venv/bin/python /home/ubuntu/.local/share/ihp-eda/IHP-Open-PDK/ihp-sg13g2/libs.tech/klayout/tech/lvs/run_lvs.py --layout=/workspace/layout/blocks/out/driver_stage/probe6/esd_place/driver_dut.gds --netlist=/workspace/layout/blocks/out/driver_stage/probe6/esd_place/t.cdl --run_dir=/workspace/layout/blocks/out/driver_stage/probe6/esd_place/lvs --run_mode=deep --topcell=driver_dut --implicit_nets=sub,sub! --ignore_top_ports_mismatch --disable_tap_extraction

--- stdout ---
2026-08-20 16:44:13 +0000: Memory Usage (128812K) : Starting running SG13G2 Klayout LVS runset on /workspace/layout/blocks/out/driver_stage/probe6/esd_place/driver_dut.gds
2026-08-20 16:44:13 +0000: Memory Usage (128812K) : Ruby Version for klayout: 3.2.3
2026-08-20 16:44:13 +0000: Memory Usage (129896K) : Loading database to memory is complete.
2026-08-20 16:44:13 +0000: Memory Usage (129896K) : SG13G2 Klayout LVS runset output at: /workspace/layout/blocks/out/driver_stage/probe6/esd_place/lvs/driver_dut.lvsdb
2026-08-20 16:44:13 +0000: Memory Usage (129896K) : Evaluate switches.
2026-08-20 16:44:13 +0000: Memory Usage (129896K) : Extracted netlist with net names: true
2026-08-20 16:44:13 +0000: Memory Usage (129896K) : Extracted netlist with comments in details: false
2026-08-20 16:44:13 +0000: Memory Usage (129896K) : Selected NET_ONLY option: false
2026-08-20 16:44:13 +0000: Memory Usage (129896K) : Selected LAYOUT_NETLIST option: (none)
2026-08-20 16:44:13 +0000: Memory Usage (129896K) : Selected IGNORE_TOP_PORTS_MISMATCH option: true
2026-08-20 16:44:13 +0000: Memory Usage (129896K) : Selected IMPLICIT_NETS option: sub,sub!
2026-08-20 16:44:13 +0000: Memory Usage (129896K) : Selected TOP_LVL_PINS option: false
2026-08-20 16:44:13 +0000: Memory Usage (129896K) : Selected COMBINE DEVICES option: false
2026-08-20 16:44:13 +0000: Memory Usage (129896K) : Selected PURGE option: false
2026-08-20 16:44:13 +0000: Memory Usage (129896K) : Selected PURGE_NETS option: false
2026-08-20 16:44:13 +0000: Memory Usage (129896K) : Selected SIMPLIFY option: true
2026-08-20 16:44:13 +0000: Memory Usage (129896K) : Selected SERIES_RES option: true
2026-08-20 16:44:13 +0000: Memory Usage (129896K) : Selected PARALLEL_RES option: true
2026-08-20 16:44:13 +0000: Memory Usage (129896K) : Selected DISABLE_TAP_EXTRACTION option: true
2026-08-20 16:44:13 +0000: Memory Usage (129896K) : deep  mode is enabled.
2026-08-20 16:44:13 +0000: Memory Usage (129896K) : Applying implicit connections (case-sensitive, pattern supported) for nets: sub, sub!
2026-08-20 16:44:13 +0000: Memory Usage (131092K) : Netlist file: /workspace/layout/blocks/out/driver_stage/probe6/esd_place/t.cdl
2026-08-20 16:44:13 +0000: Memory Usage (131092K) : LVS extracted netlist at: /workspace/layout/blocks/out/driver_stage/probe6/esd_place/lvs/driver_dut_extracted.cir
2026-08-20 16:44:13 +0000: Memory Usage (131092K) : Applying SRAM integration support.
2026-08-20 16:44:13 +0000: Memory Usage (131092K) : Starting SG13G2 LVS runset
2026-08-20 16:44:13 +0000: Memory Usage (131092K) : Read in polygons from layers.
2026-08-20 16:44:13 +0000: Memory Usage (132280K) : activ_drw has 899 polygons
2026-08-20 16:44:13 +0000: Memory Usage (132280K) : activ_filler has 0 polygons
2026-08-20 16:44:13 +0000: Memory Usage (132464K) : activ has 899 polygons
2026-08-20 16:44:13 +0000: Memory Usage (132976K) : activ_pin has 0 polygons
2026-08-20 16:44:13 +0000: Memory Usage (132976K) : activ_mask has 4 polygons
2026-08-20 16:44:13 +0000: Memory Usage (132976K) : activ_nofill has 2 polygons
2026-08-20 16:44:13 +0000: Memory Usage (132976K) : activ_OPC has 0 polygons
2026-08-20 16:44:13 +0000: Memory Usage (132976K) : activ_iOPC has 0 polygons
2026-08-20 16:44:13 +0000: Memory Usage (132976K) : activ_noqrc has 0 polygons
2026-08-20 16:44:13 +0000: Memory Usage (132976K) : biwind_drw has 0 polygons
2026-08-20 16:44:13 +0000: Memory Usage (132976K) : biwind_OPC has 0 polygons
2026-08-20 16:44:13 +0000: Memory Usage (132976K) : gatpoly_drw has 140 polygons
2026-08-20 16:44:13 +0000: Memory Usage (132976K) : gatpoly_filler has 0 polygons
2026-08-20 16:44:13 +0000: Memory Usage (132976K) : gatpoly has 140 polygons
2026-08-20 16:44:13 +0000: Memory Usage (132976K) : gatpoly_pin has 119 polygons
2026-08-20 16:44:13 +0000: Memory Usage (132976K) : gatpoly_nofill has 2 polygons
2026-08-20 16:44:13 +0000: Memory Usage (132976K) : gatpoly_OPC has 0 polygons
2026-08-20 16:44:13 +0000: Memory Usage (132976K) : gatpoly_iOPC has 0 polygons
2026-08-20 16:44:13 +0000: Memory Usage (132976K) : gatpoly_noqrc has 0 polygons
2026-08-20 16:44:13 +0000: Memory Usage (132976K) : cont_drw has 14577 polygons
2026-08-20 16:44:13 +0000: Memory Usage (132976K) : cont_OPC has 0 polygons
2026-08-20 16:44:13 +0000: Memory Usage (132976K) : nsd_drw has 0 polygons
2026-08-20 16:44:13 +0000: Memory Usage (133104K) : nsd_block has 4 polygons
2026-08-20 16:44:13 +0000: Memory Usage (133104K) : metal1_drw has 1566 polygons
2026-08-20 16:44:13 +0000: Memory Usage (133104K) : metal1_filler has 0 polygons
2026-08-20 16:44:13 +0000: Memory Usage (133232K) : metal1_slit has 0 polygons
2026-08-20 16:44:13 +0000: Memory Usage (133232K) : metal1 has 1566 polygons
2026-08-20 16:44:13 +0000: Memory Usage (133360K) : metal1_pin has 750 polygons
2026-08-20 16:44:13 +0000: Memory Usage (133360K) : metal1_mask has 0 polygons
2026-08-20 16:44:13 +0000: Memory Usage (133488K) : metal1_nofill has 2 polygons
2026-08-20 16:44:13 +0000: Memory Usage (133872K) : metal1_text has 5 polygons
2026-08-20 16:44:13 +0000: Memory Usage (133872K) : metal1_OPC has 0 polygons
2026-08-20 16:44:13 +0000: Memory Usage (134000K) : metal1_noqrc has 0 polygons
2026-08-20 16:44:13 +0000: Memory Usage (134000K) : metal1_res has 0 polygons
2026-08-20 16:44:13 +0000: Memory Usage (134000K) : metal1_iprobe has 0 polygons
2026-08-20 16:44:13 +0000: Memory Usage (134128K) : metal1_diffprb has 0 polygons
2026-08-20 16:44:13 +0000: Memory Usage (134128K) : passiv_drw has 2 polygons
2026-08-20 16:44:13 +0000: Memory Usage (134128K) : passiv_pin has 0 polygons
2026-08-20 16:44:13 +0000: Memory Usage (134128K) : passiv_sbump has 0 polygons
2026-08-20 16:44:13 +0000: Memory Usage (134128K) : passiv_pillar has 0 polygons
2026-08-20 16:44:13 +0000: Memory Usage (134256K) : passiv_pdl has 0 polygons
2026-08-20 16:44:13 +0000: Memory Usage (134256K) : metal2_drw has 588 polygons
2026-08-20 16:44:13 +0000: Memory Usage (134256K) : metal2_filler has 0 polygons
2026-08-20 16:44:13 +0000: Memory Usage (134384K) : metal2_slit has 0 polygons
2026-08-20 16:44:13 +0000: Memory Usage (134384K) : metal2 has 588 polygons
2026-08-20 16:44:13 +0000: Memory Usage (134384K) : metal2_pin has 10 polygons
2026-08-20 16:44:13 +0000: Memory Usage (134384K) : metal2_mask has 0 polygons
2026-08-20 16:44:13 +0000: Memory Usage (134512K) : metal2_nofill has 2 polygons
2026-08-20 16:44:13 +0000: Memory Usage (134512K) : metal2_text has 3 polygons
2026-08-20 16:44:13 +0000: Memory Usage (134512K) : metal2_OPC has 0 polygons
2026-08-20 16:44:13 +0000: Memory Usage (134512K) : metal2_noqrc has 0 polygons
2026-08-20 16:44:13 +0000: Memory Usage (134640K) : metal2_res has 0 polygons
2026-08-20 16:44:13 +0000: Memory Usage (134640K) : metal2_iprobe has 0 polygons
2026-08-20 16:44:13 +0000: Memory Usage (134640K) : metal2_diffprb has 0 polygons
2026-08-20 16:44:13 +0000: Memory Usage (134640K) : baspoly_drw has 0 polygons
2026-08-20 16:44:13 +0000: Memory Usage (134768K) : baspoly_pin has 0 polygons
2026-08-20 16:44:13 +0000: Memory Usage (134768K) : psd_drw has 515 polygons
2026-08-20 16:44:13 +0000: Memory Usage (134768K) : nldb_drw has 0 polygons
2026-08-20 16:44:13 +0000: Memory Usage (134768K) : digibnd_drw has 0 polygons
2026-08-20 16:44:13 +0000: Memory Usage (134896K) : via1_drw has 7666 polygons
2026-08-20 16:44:13 +0000: Memory Usage (134896K) : backmetal1_drw has 0 polygons
2026-08-20 16:44:13 +0000: Memory Usage (134896K) : backmetal1_pin has 0 polygons
2026-08-20 16:44:13 +0000: Memory Usage (135024K) : backmetal1_mask has 0 polygons
2026-08-20 16:44:13 +0000: Memory Usage (135024K) : backmetal1_filler has 0 polygons
2026-08-20 16:44:13 +0000: Memory Usage (135024K) : backmetal1_nofill has 0 polygons
2026-08-20 16:44:13 +0000: Memory Usage (135024K) : backmetal1_slit has 0 polygons
2026-08-20 16:44:13 +0000: Memory Usage (135152K) : backmetal1_text has 0 polygons
2026-08-20 16:44:13 +0000: Memory Usage (135152K) : backmetal1_OPC has 0 polygons
2026-08-20 16:44:13 +0000: Memory Usage (135152K) : backmetal1_noqrc has 0 polygons
2026-08-20 16:44:13 +0000: Memory Usage (135152K) : backmetal1_res has 0 polygons
2026-08-20 16:44:13 +0000: Memory Usage (135280K) : backmetal1_iprobe has 0 polygons
2026-08-20 16:44:13 +0000: Memory Usage (135280K) : backmetal1_diffprb has 0 polygons
2026-08-20 16:44:13 +0000: Memory Usage (135280K) : backpassiv_drw has 0 polygons
2026-08-20 16:44:13 +0000: Memory Usage (135408K) : res_drw has 2 polygons
2026-08-20 16:44:13 +0000: Memory Usage (135408K) : sram_drw has 0 polygons
2026-08-20 16:44:13 +0000: Memory Usage (135408K) : trans_drw has 2 polygons
2026-08-20 16:44:13 +0000: Memory Usage (135408K) : ind_drw has 2 polygons
2026-08-20 16:44:13 +0000: Memory Usage (135536K) : ind_pin has 4 polygons
2026-08-20 16:44:13 +0000: Memory Usage (135536K) : ind_text has 4 polygons
2026-08-20 16:44:13 +0000: Memory Usage (135536K) : salblock_drw has 12 polygons
2026-08-20 16:44:13 +0000: Memory Usage (135536K) : via2_drw has 853 polygons
2026-08-20 16:44:13 +0000: Memory Usage (135536K) : metal3_drw has 83 polygons
2026-08-20 16:44:13 +0000: Memory Usage (135536K) : metal3_filler has 0 polygons
2026-08-20 16:44:13 +0000: Memory Usage (135536K) : metal3_slit has 0 polygons
2026-08-20 16:44:13 +0000: Memory Usage (135664K) : metal3 has 83 polygons
2026-08-20 16:44:13 +0000: Memory Usage (135664K) : metal3_pin has 2 polygons
2026-08-20 16:44:13 +0000: Memory Usage (135664K) : metal3_mask has 0 polygons
2026-08-20 16:44:13 +0000: Memory Usage (135664K) : metal3_nofill has 2 polygons
2026-08-20 16:44:13 +0000: Memory Usage (135664K) : metal3_text has 0 polygons
2026-08-20 16:44:13 +0000: Memory Usage (135664K) : metal3_OPC has 0 polygons
2026-08-20 16:44:13 +0000: Memory Usage (135792K) : metal3_noqrc has 0 polygons
2026-08-20 16:44:13 +0000: Memory Usage (135792K) : metal3_res has 0 polygons
2026-08-20 16:44:13 +0000: Memory Usage (135792K) : metal3_iprobe has 0 polygons
2026-08-20 16:44:13 +0000: Memory Usage (135792K) : metal3_diffprb has 0 polygons
2026-08-20 16:44:13 +0000: Memory Usage (135792K) : nwell_drw has 14 polygons
2026-08-20 16:44:13 +0000: Memory Usage (135920K) : nwell_pin has 0 polygons
2026-08-20 16:44:13 +0000: Memory Usage (135920K) : nwell_text has 0 polygons
2026-08-20 16:44:13 +0000: Memory Usage (135920K) : nbulay_drw has 1 polygons
2026-08-20 16:44:13 +0000: Memory Usage (135920K) : nbulay_pin has 0 polygons
2026-08-20 16:44:13 +0000: Memory Usage (135920K) : nbulay_block has 0 polygons
2026-08-20 16:44:13 +0000: Memory Usage (135920K) : emwind_drw has 4 polygons
2026-08-20 16:44:13 +0000: Memory Usage (136048K) : emwind_OPC has 0 polygons
2026-08-20 16:44:13 +0000: Memory Usage (136048K) : deepco_drw has 0 polygons
2026-08-20 16:44:13 +0000: Memory Usage (136048K) : mim_drw has 0 polygons
2026-08-20 16:44:13 +0000: Memory Usage (136048K) : edgeseal_drw has 0 polygons
2026-08-20 16:44:13 +0000: Memory Usage (136048K) : substrate_drw has 500 polygons
2026-08-20 16:44:13 +0000: Memory Usage (136048K) : substrate_text has 0 polygons
2026-08-20 16:44:13 +0000: Memory Usage (136176K) : dfpad_drw has 2 polygons
2026-08-20 16:44:13 +0000: Memory Usage (136176K) : dfpad_pillar has 0 polygons
2026-08-20 16:44:13 +0000: Memory Usage (136176K) : dfpad_sbump has 0 polygons
2026-08-20 16:44:13 +0000: Memory Usage (136176K) : thickgateox_drw has 1 polygons
2026-08-20 16:44:13 +0000: Memory Usage (136176K) : pldb_drw has 0 polygons
2026-08-20 16:44:13 +0000: Memory Usage (136176K) : pwell_drw has 0 polygons
2026-08-20 16:44:13 +0000: Memory Usage (136304K) : pwell_pin has 0 polygons
2026-08-20 16:44:13 +0000: Memory Usage (136304K) : pwell_block has 2 polygons
2026-08-20 16:44:13 +0000: Memory Usage (136304K) : ic_drw has 0 polygons
2026-08-20 16:44:13 +0000: Memory Usage (136304K) : via3_drw has 1046 polygons
2026-08-20 16:44:13 +0000: Memory Usage (136432K) : metal4_drw has 31 polygons
2026-08-20 16:44:13 +0000: Memory Usage (136432K) : metal4_filler has 0 polygons
2026-08-20 16:44:13 +0000: Memory Usage (136432K) : metal4_slit has 0 polygons
2026-08-20 16:44:13 +0000: Memory Usage (136432K) : metal4 has 31 polygons
2026-08-20 16:44:13 +0000: Memory Usage (136432K) : metal4_pin has 0 polygons
2026-08-20 16:44:13 +0000: Memory Usage (136560K) : metal4_mask has 0 polygons
2026-08-20 16:44:13 +0000: Memory Usage (136560K) : metal4_nofill has 2 polygons
2026-08-20 16:44:13 +0000: Memory Usage (136560K) : metal4_text has 3 polygons
2026-08-20 16:44:13 +0000: Memory Usage (136560K) : metal4_OPC has 0 polygons
2026-08-20 16:44:13 +0000: Memory Usage (136560K) : metal4_noqrc has 0 polygons
2026-08-20 16:44:13 +0000: Memory Usage (136560K) : metal4_res has 0 polygons
2026-08-20 16:44:13 +0000: Memory Usage (136688K) : metal4_iprobe has 0 polygons
2026-08-20 16:44:13 +0000: Memory Usage (136688K) : metal4_diffprb has 0 polygons
2026-08-20 16:44:13 +0000: Memory Usage (136688K) : heattrans_drw has 123 polygons
2026-08-20 16:44:13 +0000: Memory Usage (136688K) : heatres_drw has 2 polygons
2026-08-20 16:44:13 +0000: Memory Usage (136688K) : fbe_drw has 0 polygons
2026-08-20 16:44:13 +0000: Memory Usage (136688K) : empoly_drw has 0 polygons
2026-08-20 16:44:13 +0000: Memory Usage (136816K) : digisub_drw has 0 polygons
2026-08-20 16:44:13 +0000: Memory Usage (136816K) : text_drw has 655 polygons
2026-08-20 16:44:13 +0000: Memory Usage (136816K) : via4_drw has 1040 polygons
2026-08-20 16:44:13 +0000: Memory Usage (136816K) : metal5_drw has 36 polygons
2026-08-20 16:44:13 +0000: Memory Usage (136816K) : metal5_filler has 0 polygons
2026-08-20 16:44:13 +0000: Memory Usage (136816K) : metal5_slit has 0 polygons
2026-08-20 16:44:13 +0000: Memory Usage (136944K) : metal5 has 36 polygons
2026-08-20 16:44:13 +0000: Memory Usage (136944K) : metal5_pin has 0 polygons
2026-08-20 16:44:13 +0000: Memory Usage (136944K) : metal5_mask has 0 polygons
2026-08-20 16:44:13 +0000: Memory Usage (136944K) : metal5_nofill has 2 polygons
2026-08-20 16:44:13 +0000: Memory Usage (136944K) : metal5_text has 0 polygons
2026-08-20 16:44:13 +0000: Memory Usage (136944K) : metal5_OPC has 0 polygons
2026-08-20 16:44:13 +0000: Memory Usage (137072K) : metal5_noqrc has 0 polygons
2026-08-20 16:44:13 +0000: Memory Usage (137072K) : metal5_res has 0 polygons
2026-08-20 16:44:13 +0000: Memory Usage (137072K) : metal5_iprobe has 0 polygons
2026-08-20 16:44:13 +0000: Memory Usage (137072K) : metal5_diffprb has 0 polygons
2026-08-20 16:44:13 +0000: Memory Usage (137072K) : radhard_drw has 0 polygons
2026-08-20 16:44:13 +0000: Memory Usage (137072K) : memcap_drw has 0 polygons
2026-08-20 16:44:13 +0000: Memory Usage (137200K) : varicap_drw has 0 polygons
2026-08-20 16:44:13 +0000: Memory Usage (137200K) : intbondvia_drw has 0 polygons
2026-08-20 16:44:13 +0000: Memory Usage (137200K) : intbondmet_drw has 0 polygons
2026-08-20 16:44:13 +0000: Memory Usage (137200K) : devbondvia_drw has 0 polygons
2026-08-20 16:44:13 +0000: Memory Usage (137200K) : devbondmet_drw has 0 polygons
2026-08-20 16:44:13 +0000: Memory Usage (137200K) : devtrench_drw has 0 polygons
2026-08-20 16:44:13 +0000: Memory Usage (137328K) : redist_drw has 0 polygons
2026-08-20 16:44:13 +0000: Memory Usage (137328K) : graphbot_drw has 0 polygons
2026-08-20 16:44:13 +0000: Memory Usage (137328K) : graphtop_drw has 0 polygons
2026-08-20 16:44:13 +0000: Memory Usage (137328K) : antvia1_drw has 0 polygons
2026-08-20 16:44:13 +0000: Memory Usage (137456K) : antmetal2_drw has 0 polygons
2026-08-20 16:44:13 +0000: Memory Usage (137456K) : graphcont_drw has 0 polygons
2026-08-20 16:44:13 +0000: Memory Usage (137456K) : siwg_drw has 0 polygons
2026-08-20 16:44:13 +0000: Memory Usage (137456K) : siwg_filler has 0 polygons
2026-08-20 16:44:13 +0000: Memory Usage (137456K) : siwg_nofill has 0 polygons
2026-08-20 16:44:13 +0000: Memory Usage (137456K) : sigrating_drw has 0 polygons
2026-08-20 16:44:13 +0000: Memory Usage (137584K) : singrating_drw has 0 polygons
2026-08-20 16:44:13 +0000: Memory Usage (137584K) : graphpas_drw has 0 polygons
2026-08-20 16:44:13 +0000: Memory Usage (137584K) : emwind3_drw has 0 polygons
2026-08-20 16:44:13 +0000: Memory Usage (137584K) : emwihv3_drw has 0 polygons
2026-08-20 16:44:13 +0000: Memory Usage (137584K) : redbulay_drw has 0 polygons
2026-08-20 16:44:13 +0000: Memory Usage (137584K) : smos_drw has 0 polygons
2026-08-20 16:44:13 +0000: Memory Usage (137712K) : graphpad_drw has 0 polygons
2026-08-20 16:44:13 +0000: Memory Usage (137712K) : polimide_drw has 0 polygons
2026-08-20 16:44:13 +0000: Memory Usage (137712K) : polimide_pin has 0 polygons
2026-08-20 16:44:13 +0000: Memory Usage (137712K) : recog_drw has 1 polygons
2026-08-20 16:44:13 +0000: Memory Usage (137712K) : recog_pin has 0 polygons
2026-08-20 16:44:13 +0000: Memory Usage (137840K) : recog_esd has 5 polygons
2026-08-20 16:44:13 +0000: Memory Usage (137840K) : recog_diode has 0 polygons
2026-08-20 16:44:13 +0000: Memory Usage (137840K) : recog_tsv has 0 polygons
2026-08-20 16:44:13 +0000: Memory Usage (137840K) : recog_iprobe has 0 polygons
2026-08-20 16:44:13 +0000: Memory Usage (137840K) : recog_diffprb has 0 polygons
2026-08-20 16:44:13 +0000: Memory Usage (137840K) : recog_pillar has 0 polygons
2026-08-20 16:44:13 +0000: Memory Usage (137968K) : recog_sbump has 0 polygons
2026-08-20 16:44:13 +0000: Memory Usage (137968K) : recog_otp has 0 polygons
2026-08-20 16:44:13 +0000: Memory Usage (137968K) : recog_pdiode has 0 polygons
2026-08-20 16:44:13 +0000: Memory Usage (137968K) : recog_mom has 0 polygons
2026-08-20 16:44:13 +0000: Memory Usage (138096K) : recog_momf has 0 polygons
2026-08-20 16:44:13 +0000: Memory Usage (138096K) : recog_pcm has 0 polygons
2026-08-20 16:44:13 +0000: Memory Usage (138096K) : colopen_drw has 0 polygons
2026-08-20 16:44:13 +0000: Memory Usage (138096K) : graphmetal1_drw has 0 polygons
2026-08-20 16:44:13 +0000: Memory Usage (138224K) : graphmetal1_filler has 0 polygons
2026-08-20 16:44:13 +0000: Memory Usage (138224K) : graphmetal1_nofill has 0 polygons
2026-08-20 16:44:13 +0000: Memory Usage (138224K) : graphmetal1_slit has 0 polygons
2026-08-20 16:44:13 +0000: Memory Usage (138224K) : graphmetal1_OPC has 0 polygons
2026-08-20 16:44:13 +0000: Memory Usage (138352K) : graphmet1l_drw has 0 polygons
2026-08-20 16:44:13 +0000: Memory Usage (138352K) : graphmet1l_filler has 0 polygons
2026-08-20 16:44:13 +0000: Memory Usage (138352K) : graphmet1l_nofill has 0 polygons
2026-08-20 16:44:13 +0000: Memory Usage (138352K) : graphmet1l_slit has 0 polygons
2026-08-20 16:44:13 +0000: Memory Usage (138480K) : graphmet1l_OPC has 0 polygons
2026-08-20 16:44:13 +0000: Memory Usage (138480K) : extblock_drw has 6 polygons
2026-08-20 16:44:13 +0000: Memory Usage (138480K) : nldd_drw has 0 polygons
2026-08-20 16:44:13 +0000: Memory Usage (138480K) : pldd_drw has 0 polygons
2026-08-20 16:44:13 +0000: Memory Usage (138608K) : next_drw has 0 polygons
2026-08-20 16:44:13 +0000: Memory Usage (138608K) : pext_drw has 0 polygons
2026-08-20 16:44:13 +0000: Memory Usage (138608K) : nexthv_drw has 0 polygons
2026-08-20 16:44:13 +0000: Memory Usage (138608K) : pexthv_drw has 0 polygons
2026-08-20 16:44:13 +0000: Memory Usage (138736K) : graphgate_drw has 0 polygons
2026-08-20 16:44:13 +0000: Memory Usage (138736K) : sinwg_drw has 0 polygons
2026-08-20 16:44:13 +0000: Memory Usage (138736K) : sinwg_filler has 0 polygons
2026-08-20 16:44:13 +0000: Memory Usage (138736K) : sinwg_nofill has 0 polygons
2026-08-20 16:44:13 +0000: Memory Usage (138864K) : mempad_drw has 0 polygons
2026-08-20 16:44:13 +0000: Memory Usage (138864K) : topvia1_drw has 485 polygons
2026-08-20 16:44:13 +0000: Memory Usage (138864K) : topmetal1_drw has 56 polygons
2026-08-20 16:44:13 +0000: Memory Usage (138864K) : topmetal1_filler has 0 polygons
2026-08-20 16:44:13 +0000: Memory Usage (138992K) : topmetal1_slit has 0 polygons
2026-08-20 16:44:13 +0000: Memory Usage (138992K) : topmetal1 has 56 polygons
2026-08-20 16:44:13 +0000: Memory Usage (138992K) : topmetal1_pin has 0 polygons
2026-08-20 16:44:13 +0000: Memory Usage (139120K) : topmetal1_mask has 0 polygons
2026-08-20 16:44:13 +0000: Memory Usage (139120K) : topmetal1_nofill has 2 polygons
2026-08-20 16:44:13 +0000: Memory Usage (139120K) : topmetal1_text has 0 polygons
2026-08-20 16:44:13 +0000: Memory Usage (139120K) : topmetal1_noqrc has 0 polygons
2026-08-20 16:44:13 +0000: Memory Usage (139248K) : topmetal1_res has 0 polygons
2026-08-20 16:44:13 +0000: Memory Usage (139248K) : topmetal1_iprobe has 0 polygons
2026-08-20 16:44:13 +0000: Memory Usage (139376K) : topmetal1_diffprb has 0 polygons
2026-08-20 16:44:13 +0000: Memory Usage (139376K) : inldpwl_drw has 0 polygons
2026-08-20 16:44:13 +0000: Memory Usage (139376K) : polyres_drw has 2 polygons
2026-08-20 16:44:13 +0000: Memory Usage (139504K) : polyres_pin has 0 polygons
2026-08-20 16:44:13 +0000: Memory Usage (139504K) : vmim_drw has 0 polygons
2026-08-20 16:44:13 +0000: Memory Usage (139504K) : nbulaycut_drw has 0 polygons
2026-08-20 16:44:13 +0000: Memory Usage (139504K) : antmetal1_drw has 0 polygons
2026-08-20 16:44:13 +0000: Memory Usage (139632K) : topvia2_drw has 231 polygons
2026-08-20 16:44:13 +0000: Memory Usage (139760K) : topmetal2_drw has 63 polygons
2026-08-20 16:44:13 +0000: Memory Usage (139760K) : topmetal2_filler has 0 polygons
2026-08-20 16:44:13 +0000: Memory Usage (139888K) : topmetal2_slit has 0 polygons
2026-08-20 16:44:13 +0000: Memory Usage (139888K) : topmetal2 has 63 polygons
2026-08-20 16:44:13 +0000: Memory Usage (139888K) : topmetal2_pin has 4 polygons
2026-08-20 16:44:13 +0000: Memory Usage (140016K) : topmetal2_mask has 0 polygons
2026-08-20 16:44:13 +0000: Memory Usage (140016K) : topmetal2_nofill has 2 polygons
2026-08-20 16:44:13 +0000: Memory Usage (140016K) : topmetal2_text has 8 polygons
2026-08-20 16:44:13 +0000: Memory Usage (140144K) : topmetal2_noqrc has 0 polygons
2026-08-20 16:44:13 +0000: Memory Usage (140144K) : topmetal2_res has 0 polygons
2026-08-20 16:44:13 +0000: Memory Usage (140272K) : topmetal2_iprobe has 0 polygons
2026-08-20 16:44:13 +0000: Memory Usage (140272K) : topmetal2_diffprb has 0 polygons
2026-08-20 16:44:13 +0000: Memory Usage (140272K) : snsring_drw has 0 polygons
2026-08-20 16:44:13 +0000: Memory Usage (140272K) : sensor_drw has 0 polygons
2026-08-20 16:44:13 +0000: Memory Usage (140400K) : snsarms_drw has 0 polygons
2026-08-20 16:44:13 +0000: Memory Usage (140400K) : snscmosvia_drw has 0 polygons
2026-08-20 16:44:13 +0000: Memory Usage (140400K) : colwind_drw has 0 polygons
2026-08-20 16:44:13 +0000: Memory Usage (140400K) : flm_drw has 0 polygons
2026-08-20 16:44:13 +0000: Memory Usage (140400K) : hafniumox_drw has 0 polygons
2026-08-20 16:44:13 +0000: Memory Usage (140400K) : memvia_drw has 0 polygons
2026-08-20 16:44:13 +0000: Memory Usage (140400K) : thinfilmres_drw has 0 polygons
2026-08-20 16:44:13 +0000: Memory Usage (140400K) : rfmem_drw has 0 polygons
2026-08-20 16:44:13 +0000: Memory Usage (140400K) : norcx_drw has 2 polygons
2026-08-20 16:44:13 +0000: Memory Usage (140400K) : norcx_m2m3 has 0 polygons
2026-08-20 16:44:13 +0000: Memory Usage (140400K) : norcx_m2m4 has 0 polygons
2026-08-20 16:44:13 +0000: Memory Usage (140400K) : norcx_m2m5 has 0 polygons
2026-08-20 16:44:13 +0000: Memory Usage (140400K) : norcx_m2tm1 has 0 polygons
2026-08-20 16:44:13 +0000: Memory Usage (140400K) : norcx_m2tm2 has 0 polygons
2026-08-20 16:44:13 +0000: Memory Usage (140400K) : norcx_m3m4 has 0 polygons
2026-08-20 16:44:13 +0000: Memory Usage (140400K) : norcx_m3m5 has 0 polygons
2026-08-20 16:44:13 +0000: Memory Usage (140400K) : norcx_m3tm1 has 0 polygons
2026-08-20 16:44:13 +0000: Memory Usage (140400K) : norcx_m3tm2 has 0 polygons
2026-08-20 16:44:13 +0000: Memory Usage (140400K) : norcx_m4m5 has 0 polygons
2026-08-20 16:44:13 +0000: Memory Usage (140400K) : norcx_m4tm1 has 0 polygons
2026-08-20 16:44:13 +0000: Memory Usage (140400K) : norcx_m4tm2 has 0 polygons
2026-08-20 16:44:13 +0000: Memory Usage (140400K) : norcx_m5tm1 has 0 polygons
2026-08-20 16:44:13 +0000: Memory Usage (140400K) : norcx_m5tm2 has 0 polygons
2026-08-20 16:44:13 +0000: Memory Usage (140400K) : norcx_tm1tm2 has 0 polygons
2026-08-20 16:44:13 +0000: Memory Usage (140400K) : norcx_m1sub has 0 polygons
2026-08-20 16:44:13 +0000: Memory Usage (140400K) : norcx_m2sub has 0 polygons
2026-08-20 16:44:13 +0000: Memory Usage (140400K) : norcx_m3sub has 0 polygons
2026-08-20 16:44:13 +0000: Memory Usage (140400K) : norcx_m4sub has 0 polygons
2026-08-20 16:44:13 +0000: Memory Usage (140400K) : norcx_m5sub has 0 polygons
2026-08-20 16:44:13 +0000: Memory Usage (140400K) : norcx_tm1sub has 0 polygons
2026-08-20 16:44:13 +0000: Memory Usage (140400K) : norcx_tm2sub has 0 polygons
2026-08-20 16:44:13 +0000: Memory Usage (140400K) : snsbotvia_drw has 0 polygons
2026-08-20 16:44:13 +0000: Memory Usage (140400K) : snstopvia_drw has 0 polygons
2026-08-20 16:44:13 +0000: Memory Usage (140400K) : deepvia_drw has 0 polygons
2026-08-20 16:44:13 +0000: Memory Usage (140400K) : fgetch_drw has 0 polygons
2026-08-20 16:44:13 +0000: Memory Usage (140400K) : ctrgat_drw has 0 polygons
2026-08-20 16:44:13 +0000: Memory Usage (140400K) : fgimp_drw has 0 polygons
2026-08-20 16:44:13 +0000: Memory Usage (140400K) : emwihv_drw has 0 polygons
2026-08-20 16:44:13 +0000: Memory Usage (140400K) : lbe_drw has 2 polygons
2026-08-20 16:44:13 +0000: Memory Usage (140400K) : alcustop_drw has 0 polygons
2026-08-20 16:44:13 +0000: Memory Usage (140400K) : nometfiller_drw has 0 polygons
2026-08-20 16:44:13 +0000: Memory Usage (140400K) : prboundary_drw has 0 polygons
2026-08-20 16:44:13 +0000: Memory Usage (140400K) : exchange0_drw has 0 polygons
2026-08-20 16:44:13 +0000: Memory Usage (140400K) : exchange0_pin has 0 polygons
2026-08-20 16:44:13 +0000: Memory Usage (140400K) : exchange0_text has 0 polygons
2026-08-20 16:44:13 +0000: Memory Usage (140400K) : exchange1_drw has 0 polygons
2026-08-20 16:44:13 +0000: Memory Usage (140400K) : exchange1_pin has 0 polygons
2026-08-20 16:44:13 +0000: Memory Usage (140400K) : exchange1_text has 0 polygons
2026-08-20 16:44:13 +0000: Memory Usage (140400K) : exchange2_drw has 0 polygons
2026-08-20 16:44:13 +0000: Memory Usage (140400K) : exchange2_pin has 0 polygons
2026-08-20 16:44:13 +0000: Memory Usage (140400K) : exchange2_text has 0 polygons
2026-08-20 16:44:13 +0000: Memory Usage (140400K) : exchange3_drw has 0 polygons
2026-08-20 16:44:13 +0000: Memory Usage (140400K) : exchange3_pin has 0 polygons
2026-08-20 16:44:13 +0000: Memory Usage (140400K) : exchange3_text has 0 polygons
2026-08-20 16:44:13 +0000: Memory Usage (140400K) : exchange4_drw has 0 polygons
2026-08-20 16:44:13 +0000: Memory Usage (140400K) : exchange4_pin has 0 polygons
2026-08-20 16:44:13 +0000: Memory Usage (140400K) : exchange4_text has 0 polygons
2026-08-20 16:44:13 +0000: Memory Usage (140400K) : isonwell_drw has 0 polygons
2026-08-20 16:44:13 +0000: Memory Usage (140400K) : Total no. of polygons in the design is 32155
2026-08-20 16:44:13 +0000: Memory Usage (140400K) : Starting base layers derivations
2026-08-20 16:44:13 +0000: Memory Usage (140400K) : Starting general LVS derivations
2026-08-20 16:44:13 +0000: Memory Usage (144828K) : Starting MOSFET DERIVATIONS
2026-08-20 16:44:13 +0000: Memory Usage (145596K) : Starting NMOS DERIVATIONS
2026-08-20 16:44:13 +0000: Memory Usage (145596K) : Starting PMOS DERIVATIONS
2026-08-20 16:44:13 +0000: Memory Usage (145596K) : Starting RF-MOSFET DERIVATIONS
2026-08-20 16:44:13 +0000: Memory Usage (145596K) : Starting RF-NMOS DERIVATIONS
2026-08-20 16:44:13 +0000: Memory Usage (145596K) : Starting RF-PMOS DERIVATIONS
2026-08-20 16:44:13 +0000: Memory Usage (145596K) : Starting BJT DERIVATIONS
2026-08-20 16:44:13 +0000: Memory Usage (145596K) : Starting NPN-BJT DERIVATIONS
2026-08-20 16:44:13 +0000: Memory Usage (145596K) : Starting PNP-BJT DERIVATIONS
2026-08-20 16:44:13 +0000: Memory Usage (145596K) : Starting DIODE DERIVATIONS
2026-08-20 16:44:13 +0000: Memory Usage (145596K) : Starting RESISTOR DERIVATIONS
2026-08-20 16:44:14 +0000: Memory Usage (145596K) : Starting CAP DERIVATIONS
2026-08-20 16:44:14 +0000: Memory Usage (145596K) : Starting CAP_CMOM DERIVATIONS
2026-08-20 16:44:14 +0000: Memory Usage (145596K) : Starting CAP_CMOMF DERIVATIONS
2026-08-20 16:44:14 +0000: Memory Usage (145596K) : Starting ESD DERIVATIONS
2026-08-20 16:44:15 +0000: Memory Usage (145724K) : Starting Inductor DERIVATIONS
2026-08-20 16:44:15 +0000: Memory Usage (145724K) : Starting Taps DERIVATIONS
2026-08-20 16:44:15 +0000: Memory Usage (145724K) : Starting SG13G2 LVS connectivity setup
2026-08-20 16:44:15 +0000: Memory Usage (145724K) : Starting SG13G2 LVS connectivity setup (Inter-layer)
2026-08-20 16:44:15 +0000: Memory Usage (145852K) : Starting SG13G2 LVS connectivity setup (Global)
2026-08-20 16:44:15 +0000: Memory Usage (145852K) : Starting LVS MOSFET CONNECTIONS
2026-08-20 16:44:15 +0000: Memory Usage (145852K) : Starting LVS RF-MOSFET CONNECTIONS
2026-08-20 16:44:15 +0000: Memory Usage (145852K) : Starting LVS BJT CONNECTIONS
2026-08-20 16:44:15 +0000: Memory Usage (145852K) : Starting LVS DIODE CONNECTIONS
2026-08-20 16:44:15 +0000: Memory Usage (145852K) : Starting RESISTOR CONNECTIONS
2026-08-20 16:44:15 +0000: Memory Usage (145852K) : Starting LVS CAP CONNECTIONS
2026-08-20 16:44:15 +0000: Memory Usage (145852K) : Starting CAP_CMOM CONNECTIONS
2026-08-20 16:44:15 +0000: Memory Usage (145852K) : Starting CAP_CMOMF CONNECTIONS
2026-08-20 16:44:15 +0000: Memory Usage (145852K) : Starting ESD CONNECTIONS
2026-08-20 16:44:15 +0000: Memory Usage (145852K) : Starting Inductor CONNECTIONS
2026-08-20 16:44:15 +0000: Memory Usage (145852K) : Starting LVS Taps CONNECTIONS
2026-08-20 16:44:15 +0000: Memory Usage (145852K) : Starting SG13G2 LVS DEVICES EXTRACTION
2026-08-20 16:44:15 +0000: Memory Usage (145852K) : Starting MOSFET EXTRACTION
2026-08-20 16:44:15 +0000: Memory Usage (145852K) : Starting NMOS EXTRACTION
2026-08-20 16:44:15 +0000: Memory Usage (145852K) : Extraction of NMOS-LV transistor
2026-08-20 16:44:15 +0000: Memory Usage (145980K) : Extraction of NMOS-HV transistor
2026-08-20 16:44:15 +0000: Memory Usage (145980K) : Starting PMOS EXTRACTION
2026-08-20 16:44:15 +0000: Memory Usage (145980K) : Extraction of PMOS-LV transistor
2026-08-20 16:44:15 +0000: Memory Usage (145980K) : Extraction of PMOS-HV transistor
2026-08-20 16:44:15 +0000: Memory Usage (145980K) : Starting RF-MOSFET EXTRACTION
2026-08-20 16:44:15 +0000: Memory Usage (145980K) : Extraction of RF-NMOS-LV transistor
2026-08-20 16:44:15 +0000: Memory Usage (145980K) : Extraction of RF-NMOS-HV transistor
2026-08-20 16:44:15 +0000: Memory Usage (145980K) : Extraction of RF-PMOS-LV transistor
2026-08-20 16:44:15 +0000: Memory Usage (145980K) : Extraction of RF-PMOS-HV transistor
2026-08-20 16:44:15 +0000: Memory Usage (145980K) : Starting BJT EXTRACTION
2026-08-20 16:44:15 +0000: Memory Usage (145980K) : Starting NPN-BJT EXTRACTION
2026-08-20 16:44:15 +0000: Memory Usage (145980K) : Extraction of npn13G2 BJT transistor
2026-08-20 16:44:15 +0000: Memory Usage (145980K) : Extraction of npn13G2L BJT transistor
2026-08-20 16:44:15 +0000: Memory Usage (145980K) : Extraction of npn13G2V BJT transistor
2026-08-20 16:44:15 +0000: Memory Usage (145980K) : Starting PNP-BJT EXTRACTION
2026-08-20 16:44:15 +0000: Memory Usage (145980K) : Extracting pnpMPA BJT
2026-08-20 16:44:15 +0000: Memory Usage (145980K) : Starting DIODE EXTRACTION
2026-08-20 16:44:15 +0000: Memory Usage (145980K) : Extracting dantenna diode
2026-08-20 16:44:15 +0000: Memory Usage (145980K) : Extracting dpantenna diode
2026-08-20 16:44:15 +0000: Memory Usage (145980K) : Extracting schottky_nbl1 diode
2026-08-20 16:44:15 +0000: Memory Usage (145980K) : Extracting isolbox diode
2026-08-20 16:44:15 +0000: Memory Usage (145980K) : Starting RESISTOR EXTRACTION
2026-08-20 16:44:15 +0000: Memory Usage (145980K) : Extracting rsil resistor
2026-08-20 16:44:15 +0000: Memory Usage (145980K) : Extracting rppd resistor
2026-08-20 16:44:15 +0000: Memory Usage (145980K) : Extracting rhigh resistor
2026-08-20 16:44:15 +0000: Memory Usage (145980K) : Extracting res_metal1 resistor
2026-08-20 16:44:15 +0000: Memory Usage (146108K) : Extracting res_metal2 resistor
2026-08-20 16:44:15 +0000: Memory Usage (146108K) : Extracting res_metal3 resistor
2026-08-20 16:44:15 +0000: Memory Usage (146108K) : Extracting res_metal4 resistor
2026-08-20 16:44:15 +0000: Memory Usage (146108K) : Extracting res_metal5 resistor
2026-08-20 16:44:15 +0000: Memory Usage (146108K) : Extracting res_topmetal1 resistor
2026-08-20 16:44:15 +0000: Memory Usage (146108K) : Extracting res_topmetal2 resistor
2026-08-20 16:44:15 +0000: Memory Usage (146108K) : Starting CAP EXTRACTION
2026-08-20 16:44:15 +0000: Memory Usage (146108K) : Extracting cap_cmim device
2026-08-20 16:44:15 +0000: Memory Usage (146108K) : Extracting rfcmim device
2026-08-20 16:44:15 +0000: Memory Usage (146108K) : Extracting sg13_hv_svaricap varactor
2026-08-20 16:44:15 +0000: Memory Usage (146108K) : Extracting cap_cmomi device
2026-08-20 16:44:15 +0000: Memory Usage (146108K) : Extracting cap_cmomf device
2026-08-20 16:44:15 +0000: Memory Usage (146108K) : Extracting sg13_moscap_n capacitor
2026-08-20 16:44:15 +0000: Memory Usage (146108K) : Extracting sg13_moscap_p capacitor
2026-08-20 16:44:15 +0000: Memory Usage (146108K) : Starting ESD EXTRACTION
2026-08-20 16:44:15 +0000: Memory Usage (146108K) : Extracting diodevdd_2kv ESD device
2026-08-20 16:44:15 +0000: Memory Usage (146108K) : Extracting diodevdd_4kv ESD device
2026-08-20 16:44:15 +0000: Memory Usage (146108K) : Extracting diodevss_2kv ESD device
2026-08-20 16:44:15 +0000: Memory Usage (146108K) : Extracting diodevss_4kv ESD device
2026-08-20 16:44:15 +0000: Memory Usage (146108K) : Extracting idiodevdd_2kv ESD device
2026-08-20 16:44:16 +0000: Memory Usage (146108K) : Extracting idiodevdd_4kv ESD device
2026-08-20 16:44:16 +0000: Memory Usage (146108K) : Extracting idiodevss_2kv ESD device
2026-08-20 16:44:16 +0000: Memory Usage (146108K) : Extracting idiodevss_4kv ESD device
2026-08-20 16:44:16 +0000: Memory Usage (146108K) : Extracting nmoscl_2 ESD device
2026-08-20 16:44:16 +0000: Memory Usage (146108K) : Extracting nmoscl_4 ESD device
2026-08-20 16:44:16 +0000: Memory Usage (146108K) : Starting Inductor EXTRACTION
2026-08-20 16:44:16 +0000: Memory Usage (146108K) : Extracting Inductor2 device
2026-08-20 16:44:16 +0000: Memory Usage (146364K) : Extracting Inductor3 device
2026-08-20 16:44:16 +0000: Memory Usage (146364K) : Starting Taps EXTRACTION
2026-08-20 16:44:16 +0000: Memory Usage (146364K) : DISABLE_TAP_EXTRACTION is enabled: skipping ntap1/ptap1 device extraction.
2026-08-20 16:44:16 +0000: Memory Usage (146364K) : Starting SG13G2 LVS RF MOS Model Mapping
2026-08-20 16:44:16 +0000: Memory Usage (146364K) : [layout_netlist] Apply RF MOS model mapping and rfmode parameter.
2026-08-20 16:44:16 +0000: Memory Usage (146364K) : Starting SG13G2 LVS Options Preparations
2026-08-20 16:44:16 +0000: Memory Usage (146364K) : SG13G2 LVS flow: extraction -> alignment -> option preparation -> comparison.
2026-08-20 16:44:16 +0000: Memory Usage (146364K) : Starting SG13G2 LVS Alignment
2026-08-20 16:44:16 +0000: Memory Usage (146492K) : Starting SG13G2 LVS Simplification
2026-08-20 16:44:16 +0000: Memory Usage (146492K) : [layout_netlist] simplify: ENABLED
2026-08-20 16:44:16 +0000: Memory Usage (146492K) : [layout_netlist] make_top_level_pins: SKIPPED
2026-08-20 16:44:16 +0000: Memory Usage (146492K) : [layout_netlist] combine_devices: SKIPPED
2026-08-20 16:44:16 +0000: Memory Usage (146492K) : [layout_netlist] purge: SKIPPED
2026-08-20 16:44:16 +0000: Memory Usage (146492K) : [layout_netlist] purge_nets: SKIPPED
2026-08-20 16:44:16 +0000: Memory Usage (146492K) : [schematic_netlist] simplify: ENABLED
2026-08-20 16:44:16 +0000: Memory Usage (146492K) : [schematic_netlist] make_top_level_pins: SKIPPED
2026-08-20 16:44:16 +0000: Memory Usage (146492K) : [schematic_netlist] combine_devices: SKIPPED
2026-08-20 16:44:16 +0000: Memory Usage (146492K) : [schematic_netlist] purge: SKIPPED
2026-08-20 16:44:16 +0000: Memory Usage (146492K) : [schematic_netlist] purge_nets: SKIPPED
2026-08-20 16:44:16 +0000: Memory Usage (146492K) : Starting SG13G2 LVS Comparison
2026-08-20 16:44:16 +0000: Memory Usage (146620K) : xxxxxxxxxxxxxxxxxxxxxxxxxxxxxxxxxxxxxxxxxx
2026-08-20 16:44:16 +0000: Memory Usage (146620K) : ERROR : Netlists don't match
2026-08-20 16:44:16 +0000: Memory Usage (146620K) : xxxxxxxxxxxxxxxxxxxxxxxxxxxxxxxxxxxxxxxxxx
2026-08-20 16:44:16 +0000: Memory Usage (146620K) : LVS Total Run time 3.054928 seconds

--- stderr ---
20-Aug-2026 16:44:12 | INFO    | Your Klayout version is: KLayout 0.30.5 (required >= 0.30.5)
20-Aug-2026 16:44:12 | INFO    | Running SG13G2 LVS checks on design /workspace/layout/blocks/out/driver_stage/probe6/esd_place/driver_dut.gds on cell driver_dut
20-Aug-2026 16:44:16 | INFO    | ==============================================================================
20-Aug-2026 16:44:16 | INFO    | Important Summary
20-Aug-2026 16:44:16 | INFO    | +------------------+----------------------------------------------------------------+
20-Aug-2026 16:44:16 | INFO    | | Status           | FAIL                                                           |
20-Aug-2026 16:44:16 | INFO    | | Mode             | COMPARE                                                        |
20-Aug-2026 16:44:16 | INFO    | | Outcome          | Comparison mode: FAIL (netlists do not match).                 |
20-Aug-2026 16:44:16 | INFO    | | Layout           | driver_dut.gds                                                 |
20-Aug-2026 16:44:16 | INFO    | | Top Cell         | driver_dut                                                     |
20-Aug-2026 16:44:16 | INFO    | | Results Dir      | /workspace/layout/blocks/out/driver_stage/probe6/esd_place/lvs |
20-Aug-2026 16:44:16 | INFO    | | Warnings         | 0                                                              |
20-Aug-2026 16:44:16 | INFO    | | Errors           | 1                                                              |
20-Aug-2026 16:44:16 | INFO    | | Run Time (s)     | 3.395                                                          |
20-Aug-2026 16:44:16 | INFO    | +------------------+----------------------------------------------------------------+
20-Aug-2026 16:44:16 | ERROR   | Key errors:
20-Aug-2026 16:44:16 | ERROR   |   - 2026-08-20 16:44:16 +0000: Memory Usage (146620K) : ERROR : Netlists don't match
20-Aug-2026 16:44:16 | INFO    | ==============================================================================

