# Logfile created on 2026-08-20 19:00:19 +0000 by logger.rb/v1.5.3
2026-08-20 19:00:19 +0000: Memory Usage (129184K) : Starting running SG13G2 Klayout LVS runset on /workspace/layout/blocks/out/driver_stage/bisect_run/_probe2_esd_channel_ties/driver_dut.gds
2026-08-20 19:00:19 +0000: Memory Usage (129184K) : Ruby Version for klayout: 3.2.3
2026-08-20 19:00:19 +0000: Memory Usage (130268K) : Loading database to memory is complete.
2026-08-20 19:00:19 +0000: Memory Usage (130268K) : SG13G2 Klayout LVS runset output at: /workspace/layout/blocks/out/driver_stage/bisect_run/_probe2_esd_channel_ties/lvs/driver_dut.lvsdb
2026-08-20 19:00:19 +0000: Memory Usage (130268K) : Evaluate switches.
2026-08-20 19:00:19 +0000: Memory Usage (130268K) : Extracted netlist with net names: true
2026-08-20 19:00:19 +0000: Memory Usage (130268K) : Extracted netlist with comments in details: false
2026-08-20 19:00:19 +0000: Memory Usage (130268K) : Selected NET_ONLY option: false
2026-08-20 19:00:19 +0000: Memory Usage (130268K) : Selected LAYOUT_NETLIST option: (none)
2026-08-20 19:00:19 +0000: Memory Usage (130268K) : Selected IGNORE_TOP_PORTS_MISMATCH option: true
2026-08-20 19:00:19 +0000: Memory Usage (130268K) : Selected IMPLICIT_NETS option: sub,sub!
2026-08-20 19:00:19 +0000: Memory Usage (130268K) : Selected TOP_LVL_PINS option: false
2026-08-20 19:00:19 +0000: Memory Usage (130268K) : Selected COMBINE DEVICES option: false
2026-08-20 19:00:19 +0000: Memory Usage (130268K) : Selected PURGE option: false
2026-08-20 19:00:19 +0000: Memory Usage (130268K) : Selected PURGE_NETS option: false
2026-08-20 19:00:19 +0000: Memory Usage (130268K) : Selected SIMPLIFY option: true
2026-08-20 19:00:19 +0000: Memory Usage (130268K) : Selected SERIES_RES option: true
2026-08-20 19:00:19 +0000: Memory Usage (130268K) : Selected PARALLEL_RES option: true
2026-08-20 19:00:19 +0000: Memory Usage (130268K) : Selected DISABLE_TAP_EXTRACTION option: true
2026-08-20 19:00:19 +0000: Memory Usage (130268K) : deep  mode is enabled.
2026-08-20 19:00:19 +0000: Memory Usage (130268K) : Applying implicit connections (case-sensitive, pattern supported) for nets: sub, sub!
2026-08-20 19:00:19 +0000: Memory Usage (131508K) : Netlist file: /workspace/layout/blocks/out/driver_stage/bisect_run/_probe2_esd_channel_ties/driver_dut.cdl
2026-08-20 19:00:19 +0000: Memory Usage (131508K) : LVS extracted netlist at: /workspace/layout/blocks/out/driver_stage/bisect_run/_probe2_esd_channel_ties/lvs/driver_dut_extracted.cir
2026-08-20 19:00:19 +0000: Memory Usage (131508K) : Applying SRAM integration support.
2026-08-20 19:00:19 +0000: Memory Usage (131508K) : Starting SG13G2 LVS runset
2026-08-20 19:00:19 +0000: Memory Usage (131508K) : Read in polygons from layers.
2026-08-20 19:00:19 +0000: Memory Usage (132788K) : activ_drw has 893 polygons
2026-08-20 19:00:19 +0000: Memory Usage (132788K) : activ_filler has 0 polygons
2026-08-20 19:00:19 +0000: Memory Usage (133044K) : activ has 893 polygons
2026-08-20 19:00:19 +0000: Memory Usage (133044K) : activ_pin has 0 polygons
2026-08-20 19:00:19 +0000: Memory Usage (133044K) : activ_mask has 4 polygons
2026-08-20 19:00:19 +0000: Memory Usage (133044K) : activ_nofill has 0 polygons
2026-08-20 19:00:19 +0000: Memory Usage (133044K) : activ_OPC has 0 polygons
2026-08-20 19:00:19 +0000: Memory Usage (133044K) : activ_iOPC has 0 polygons
2026-08-20 19:00:19 +0000: Memory Usage (133044K) : activ_noqrc has 0 polygons
2026-08-20 19:00:19 +0000: Memory Usage (133104K) : biwind_drw has 0 polygons
2026-08-20 19:00:19 +0000: Memory Usage (133616K) : biwind_OPC has 0 polygons
2026-08-20 19:00:19 +0000: Memory Usage (133616K) : gatpoly_drw has 123 polygons
2026-08-20 19:00:19 +0000: Memory Usage (133616K) : gatpoly_filler has 0 polygons
2026-08-20 19:00:19 +0000: Memory Usage (133616K) : gatpoly has 123 polygons
2026-08-20 19:00:19 +0000: Memory Usage (133616K) : gatpoly_pin has 119 polygons
2026-08-20 19:00:19 +0000: Memory Usage (133616K) : gatpoly_nofill has 0 polygons
2026-08-20 19:00:19 +0000: Memory Usage (133616K) : gatpoly_OPC has 0 polygons
2026-08-20 19:00:19 +0000: Memory Usage (133616K) : gatpoly_iOPC has 0 polygons
2026-08-20 19:00:19 +0000: Memory Usage (133616K) : gatpoly_noqrc has 0 polygons
2026-08-20 19:00:19 +0000: Memory Usage (133616K) : cont_drw has 13150 polygons
2026-08-20 19:00:19 +0000: Memory Usage (133616K) : cont_OPC has 0 polygons
2026-08-20 19:00:19 +0000: Memory Usage (133616K) : nsd_drw has 0 polygons
2026-08-20 19:00:19 +0000: Memory Usage (133616K) : nsd_block has 4 polygons
2026-08-20 19:00:19 +0000: Memory Usage (133616K) : metal1_drw has 1515 polygons
2026-08-20 19:00:19 +0000: Memory Usage (133616K) : metal1_filler has 0 polygons
2026-08-20 19:00:19 +0000: Memory Usage (133616K) : metal1_slit has 0 polygons
2026-08-20 19:00:19 +0000: Memory Usage (133744K) : metal1 has 1515 polygons
2026-08-20 19:00:19 +0000: Memory Usage (133744K) : metal1_pin has 746 polygons
2026-08-20 19:00:19 +0000: Memory Usage (133744K) : metal1_mask has 0 polygons
2026-08-20 19:00:19 +0000: Memory Usage (133872K) : metal1_nofill has 0 polygons
2026-08-20 19:00:19 +0000: Memory Usage (134000K) : metal1_text has 3 polygons
2026-08-20 19:00:19 +0000: Memory Usage (134000K) : metal1_OPC has 0 polygons
2026-08-20 19:00:19 +0000: Memory Usage (134128K) : metal1_noqrc has 0 polygons
2026-08-20 19:00:19 +0000: Memory Usage (134128K) : metal1_res has 0 polygons
2026-08-20 19:00:19 +0000: Memory Usage (134128K) : metal1_iprobe has 0 polygons
2026-08-20 19:00:19 +0000: Memory Usage (134256K) : metal1_diffprb has 0 polygons
2026-08-20 19:00:19 +0000: Memory Usage (134256K) : passiv_drw has 2 polygons
2026-08-20 19:00:19 +0000: Memory Usage (134256K) : passiv_pin has 0 polygons
2026-08-20 19:00:19 +0000: Memory Usage (134384K) : passiv_sbump has 0 polygons
2026-08-20 19:00:19 +0000: Memory Usage (134384K) : passiv_pillar has 0 polygons
2026-08-20 19:00:19 +0000: Memory Usage (134384K) : passiv_pdl has 0 polygons
2026-08-20 19:00:19 +0000: Memory Usage (134512K) : metal2_drw has 524 polygons
2026-08-20 19:00:19 +0000: Memory Usage (134512K) : metal2_filler has 0 polygons
2026-08-20 19:00:19 +0000: Memory Usage (134512K) : metal2_slit has 0 polygons
2026-08-20 19:00:19 +0000: Memory Usage (134640K) : metal2 has 524 polygons
2026-08-20 19:00:19 +0000: Memory Usage (134640K) : metal2_pin has 10 polygons
2026-08-20 19:00:19 +0000: Memory Usage (134768K) : metal2_mask has 0 polygons
2026-08-20 19:00:19 +0000: Memory Usage (134768K) : metal2_nofill has 0 polygons
2026-08-20 19:00:19 +0000: Memory Usage (134768K) : metal2_text has 3 polygons
2026-08-20 19:00:19 +0000: Memory Usage (134896K) : metal2_OPC has 0 polygons
2026-08-20 19:00:19 +0000: Memory Usage (134896K) : metal2_noqrc has 0 polygons
2026-08-20 19:00:19 +0000: Memory Usage (134896K) : metal2_res has 0 polygons
2026-08-20 19:00:19 +0000: Memory Usage (134896K) : metal2_iprobe has 0 polygons
2026-08-20 19:00:19 +0000: Memory Usage (135024K) : metal2_diffprb has 0 polygons
2026-08-20 19:00:19 +0000: Memory Usage (135024K) : baspoly_drw has 0 polygons
2026-08-20 19:00:19 +0000: Memory Usage (135024K) : baspoly_pin has 0 polygons
2026-08-20 19:00:19 +0000: Memory Usage (135024K) : psd_drw has 514 polygons
2026-08-20 19:00:19 +0000: Memory Usage (135152K) : nldb_drw has 0 polygons
2026-08-20 19:00:19 +0000: Memory Usage (135152K) : digibnd_drw has 0 polygons
2026-08-20 19:00:19 +0000: Memory Usage (135152K) : via1_drw has 6612 polygons
2026-08-20 19:00:19 +0000: Memory Usage (135280K) : backmetal1_drw has 0 polygons
2026-08-20 19:00:19 +0000: Memory Usage (135280K) : backmetal1_pin has 0 polygons
2026-08-20 19:00:19 +0000: Memory Usage (135280K) : backmetal1_mask has 0 polygons
2026-08-20 19:00:19 +0000: Memory Usage (135280K) : backmetal1_filler has 0 polygons
2026-08-20 19:00:19 +0000: Memory Usage (135408K) : backmetal1_nofill has 0 polygons
2026-08-20 19:00:19 +0000: Memory Usage (135408K) : backmetal1_slit has 0 polygons
2026-08-20 19:00:19 +0000: Memory Usage (135408K) : backmetal1_text has 0 polygons
2026-08-20 19:00:19 +0000: Memory Usage (135408K) : backmetal1_OPC has 0 polygons
2026-08-20 19:00:19 +0000: Memory Usage (135536K) : backmetal1_noqrc has 0 polygons
2026-08-20 19:00:19 +0000: Memory Usage (135536K) : backmetal1_res has 0 polygons
2026-08-20 19:00:19 +0000: Memory Usage (135536K) : backmetal1_iprobe has 0 polygons
2026-08-20 19:00:19 +0000: Memory Usage (135536K) : backmetal1_diffprb has 0 polygons
2026-08-20 19:00:19 +0000: Memory Usage (135664K) : backpassiv_drw has 0 polygons
2026-08-20 19:00:19 +0000: Memory Usage (135664K) : res_drw has 0 polygons
2026-08-20 19:00:19 +0000: Memory Usage (135664K) : sram_drw has 0 polygons
2026-08-20 19:00:19 +0000: Memory Usage (135664K) : trans_drw has 2 polygons
2026-08-20 19:00:19 +0000: Memory Usage (135792K) : ind_drw has 0 polygons
2026-08-20 19:00:19 +0000: Memory Usage (135792K) : ind_pin has 0 polygons
2026-08-20 19:00:19 +0000: Memory Usage (135792K) : ind_text has 0 polygons
2026-08-20 19:00:19 +0000: Memory Usage (135792K) : salblock_drw has 0 polygons
2026-08-20 19:00:19 +0000: Memory Usage (135920K) : via2_drw has 16 polygons
2026-08-20 19:00:19 +0000: Memory Usage (135920K) : metal3_drw has 21 polygons
2026-08-20 19:00:19 +0000: Memory Usage (135920K) : metal3_filler has 0 polygons
2026-08-20 19:00:19 +0000: Memory Usage (135920K) : metal3_slit has 0 polygons
2026-08-20 19:00:19 +0000: Memory Usage (136048K) : metal3 has 21 polygons
2026-08-20 19:00:19 +0000: Memory Usage (136048K) : metal3_pin has 0 polygons
2026-08-20 19:00:19 +0000: Memory Usage (136048K) : metal3_mask has 0 polygons
2026-08-20 19:00:19 +0000: Memory Usage (136048K) : metal3_nofill has 0 polygons
2026-08-20 19:00:19 +0000: Memory Usage (136176K) : metal3_text has 0 polygons
2026-08-20 19:00:19 +0000: Memory Usage (136176K) : metal3_OPC has 0 polygons
2026-08-20 19:00:19 +0000: Memory Usage (136176K) : metal3_noqrc has 0 polygons
2026-08-20 19:00:19 +0000: Memory Usage (136176K) : metal3_res has 0 polygons
2026-08-20 19:00:19 +0000: Memory Usage (136176K) : metal3_iprobe has 0 polygons
2026-08-20 19:00:19 +0000: Memory Usage (136176K) : metal3_diffprb has 0 polygons
2026-08-20 19:00:19 +0000: Memory Usage (136176K) : nwell_drw has 10 polygons
2026-08-20 19:00:19 +0000: Memory Usage (136176K) : nwell_pin has 0 polygons
2026-08-20 19:00:19 +0000: Memory Usage (136176K) : nwell_text has 0 polygons
2026-08-20 19:00:19 +0000: Memory Usage (136176K) : nbulay_drw has 0 polygons
2026-08-20 19:00:19 +0000: Memory Usage (136176K) : nbulay_pin has 0 polygons
2026-08-20 19:00:19 +0000: Memory Usage (136304K) : nbulay_block has 0 polygons
2026-08-20 19:00:19 +0000: Memory Usage (136304K) : emwind_drw has 4 polygons
2026-08-20 19:00:19 +0000: Memory Usage (136304K) : emwind_OPC has 0 polygons
2026-08-20 19:00:19 +0000: Memory Usage (136304K) : deepco_drw has 0 polygons
2026-08-20 19:00:19 +0000: Memory Usage (136304K) : mim_drw has 0 polygons
2026-08-20 19:00:19 +0000: Memory Usage (136432K) : edgeseal_drw has 0 polygons
2026-08-20 19:00:19 +0000: Memory Usage (136432K) : substrate_drw has 500 polygons
2026-08-20 19:00:19 +0000: Memory Usage (136432K) : substrate_text has 0 polygons
2026-08-20 19:00:19 +0000: Memory Usage (136432K) : dfpad_drw has 2 polygons
2026-08-20 19:00:19 +0000: Memory Usage (136432K) : dfpad_pillar has 0 polygons
2026-08-20 19:00:19 +0000: Memory Usage (136432K) : dfpad_sbump has 0 polygons
2026-08-20 19:00:19 +0000: Memory Usage (136560K) : thickgateox_drw has 0 polygons
2026-08-20 19:00:19 +0000: Memory Usage (136560K) : pldb_drw has 0 polygons
2026-08-20 19:00:19 +0000: Memory Usage (136560K) : pwell_drw has 0 polygons
2026-08-20 19:00:19 +0000: Memory Usage (136560K) : pwell_pin has 0 polygons
2026-08-20 19:00:19 +0000: Memory Usage (136560K) : pwell_block has 0 polygons
2026-08-20 19:00:19 +0000: Memory Usage (136688K) : ic_drw has 0 polygons
2026-08-20 19:00:19 +0000: Memory Usage (136688K) : via3_drw has 1001 polygons
2026-08-20 19:00:19 +0000: Memory Usage (136688K) : metal4_drw has 19 polygons
2026-08-20 19:00:19 +0000: Memory Usage (136688K) : metal4_filler has 0 polygons
2026-08-20 19:00:19 +0000: Memory Usage (136688K) : metal4_slit has 0 polygons
2026-08-20 19:00:19 +0000: Memory Usage (136688K) : metal4 has 19 polygons
2026-08-20 19:00:19 +0000: Memory Usage (136816K) : metal4_pin has 0 polygons
2026-08-20 19:00:19 +0000: Memory Usage (136816K) : metal4_mask has 0 polygons
2026-08-20 19:00:19 +0000: Memory Usage (136816K) : metal4_nofill has 0 polygons
2026-08-20 19:00:19 +0000: Memory Usage (136816K) : metal4_text has 3 polygons
2026-08-20 19:00:19 +0000: Memory Usage (136816K) : metal4_OPC has 0 polygons
2026-08-20 19:00:19 +0000: Memory Usage (136816K) : metal4_noqrc has 0 polygons
2026-08-20 19:00:19 +0000: Memory Usage (136816K) : metal4_res has 0 polygons
2026-08-20 19:00:19 +0000: Memory Usage (136944K) : metal4_iprobe has 0 polygons
2026-08-20 19:00:19 +0000: Memory Usage (136944K) : metal4_diffprb has 0 polygons
2026-08-20 19:00:19 +0000: Memory Usage (136944K) : heattrans_drw has 123 polygons
2026-08-20 19:00:19 +0000: Memory Usage (136944K) : heatres_drw has 0 polygons
2026-08-20 19:00:19 +0000: Memory Usage (136944K) : fbe_drw has 0 polygons
2026-08-20 19:00:19 +0000: Memory Usage (136944K) : empoly_drw has 0 polygons
2026-08-20 19:00:19 +0000: Memory Usage (137072K) : digisub_drw has 0 polygons
2026-08-20 19:00:19 +0000: Memory Usage (137072K) : text_drw has 645 polygons
2026-08-20 19:00:19 +0000: Memory Usage (137072K) : via4_drw has 995 polygons
2026-08-20 19:00:19 +0000: Memory Usage (137072K) : metal5_drw has 20 polygons
2026-08-20 19:00:19 +0000: Memory Usage (137072K) : metal5_filler has 0 polygons
2026-08-20 19:00:19 +0000: Memory Usage (137072K) : metal5_slit has 0 polygons
2026-08-20 19:00:19 +0000: Memory Usage (137200K) : metal5 has 20 polygons
2026-08-20 19:00:19 +0000: Memory Usage (137200K) : metal5_pin has 0 polygons
2026-08-20 19:00:19 +0000: Memory Usage (137200K) : metal5_mask has 0 polygons
2026-08-20 19:00:19 +0000: Memory Usage (137200K) : metal5_nofill has 0 polygons
2026-08-20 19:00:19 +0000: Memory Usage (137200K) : metal5_text has 0 polygons
2026-08-20 19:00:19 +0000: Memory Usage (137200K) : metal5_OPC has 0 polygons
2026-08-20 19:00:19 +0000: Memory Usage (137328K) : metal5_noqrc has 0 polygons
2026-08-20 19:00:19 +0000: Memory Usage (137328K) : metal5_res has 0 polygons
2026-08-20 19:00:19 +0000: Memory Usage (137328K) : metal5_iprobe has 0 polygons
2026-08-20 19:00:19 +0000: Memory Usage (137328K) : metal5_diffprb has 0 polygons
2026-08-20 19:00:19 +0000: Memory Usage (137328K) : radhard_drw has 0 polygons
2026-08-20 19:00:19 +0000: Memory Usage (137328K) : memcap_drw has 0 polygons
2026-08-20 19:00:19 +0000: Memory Usage (137456K) : varicap_drw has 0 polygons
2026-08-20 19:00:19 +0000: Memory Usage (137456K) : intbondvia_drw has 0 polygons
2026-08-20 19:00:19 +0000: Memory Usage (137456K) : intbondmet_drw has 0 polygons
2026-08-20 19:00:19 +0000: Memory Usage (137456K) : devbondvia_drw has 0 polygons
2026-08-20 19:00:19 +0000: Memory Usage (137456K) : devbondmet_drw has 0 polygons
2026-08-20 19:00:19 +0000: Memory Usage (137456K) : devtrench_drw has 0 polygons
2026-08-20 19:00:19 +0000: Memory Usage (137584K) : redist_drw has 0 polygons
2026-08-20 19:00:19 +0000: Memory Usage (137584K) : graphbot_drw has 0 polygons
2026-08-20 19:00:19 +0000: Memory Usage (137584K) : graphtop_drw has 0 polygons
2026-08-20 19:00:19 +0000: Memory Usage (137584K) : antvia1_drw has 0 polygons
2026-08-20 19:00:19 +0000: Memory Usage (137584K) : antmetal2_drw has 0 polygons
2026-08-20 19:00:19 +0000: Memory Usage (137584K) : graphcont_drw has 0 polygons
2026-08-20 19:00:19 +0000: Memory Usage (137712K) : siwg_drw has 0 polygons
2026-08-20 19:00:19 +0000: Memory Usage (137712K) : siwg_filler has 0 polygons
2026-08-20 19:00:19 +0000: Memory Usage (137712K) : siwg_nofill has 0 polygons
2026-08-20 19:00:19 +0000: Memory Usage (137712K) : sigrating_drw has 0 polygons
2026-08-20 19:00:19 +0000: Memory Usage (137712K) : singrating_drw has 0 polygons
2026-08-20 19:00:19 +0000: Memory Usage (137712K) : graphpas_drw has 0 polygons
2026-08-20 19:00:19 +0000: Memory Usage (137840K) : emwind3_drw has 0 polygons
2026-08-20 19:00:19 +0000: Memory Usage (137840K) : emwihv3_drw has 0 polygons
2026-08-20 19:00:19 +0000: Memory Usage (137840K) : redbulay_drw has 0 polygons
2026-08-20 19:00:19 +0000: Memory Usage (137840K) : smos_drw has 0 polygons
2026-08-20 19:00:19 +0000: Memory Usage (137840K) : graphpad_drw has 0 polygons
2026-08-20 19:00:19 +0000: Memory Usage (137840K) : polimide_drw has 0 polygons
2026-08-20 19:00:19 +0000: Memory Usage (137968K) : polimide_pin has 0 polygons
2026-08-20 19:00:19 +0000: Memory Usage (137968K) : recog_drw has 0 polygons
2026-08-20 19:00:19 +0000: Memory Usage (137968K) : recog_pin has 0 polygons
2026-08-20 19:00:19 +0000: Memory Usage (137968K) : recog_esd has 4 polygons
2026-08-20 19:00:19 +0000: Memory Usage (137968K) : recog_diode has 0 polygons
2026-08-20 19:00:19 +0000: Memory Usage (138096K) : recog_tsv has 0 polygons
2026-08-20 19:00:19 +0000: Memory Usage (138096K) : recog_iprobe has 0 polygons
2026-08-20 19:00:19 +0000: Memory Usage (138096K) : recog_diffprb has 0 polygons
2026-08-20 19:00:19 +0000: Memory Usage (138096K) : recog_pillar has 0 polygons
2026-08-20 19:00:19 +0000: Memory Usage (138096K) : recog_sbump has 0 polygons
2026-08-20 19:00:19 +0000: Memory Usage (138096K) : recog_otp has 0 polygons
2026-08-20 19:00:19 +0000: Memory Usage (138224K) : recog_pdiode has 0 polygons
2026-08-20 19:00:19 +0000: Memory Usage (138224K) : recog_mom has 0 polygons
2026-08-20 19:00:19 +0000: Memory Usage (138224K) : recog_momf has 0 polygons
2026-08-20 19:00:19 +0000: Memory Usage (138224K) : recog_pcm has 0 polygons
2026-08-20 19:00:19 +0000: Memory Usage (138224K) : colopen_drw has 0 polygons
2026-08-20 19:00:19 +0000: Memory Usage (138224K) : graphmetal1_drw has 0 polygons
2026-08-20 19:00:19 +0000: Memory Usage (138352K) : graphmetal1_filler has 0 polygons
2026-08-20 19:00:19 +0000: Memory Usage (138352K) : graphmetal1_nofill has 0 polygons
2026-08-20 19:00:19 +0000: Memory Usage (138352K) : graphmetal1_slit has 0 polygons
2026-08-20 19:00:19 +0000: Memory Usage (138352K) : graphmetal1_OPC has 0 polygons
2026-08-20 19:00:19 +0000: Memory Usage (138352K) : graphmet1l_drw has 0 polygons
2026-08-20 19:00:19 +0000: Memory Usage (138352K) : graphmet1l_filler has 0 polygons
2026-08-20 19:00:19 +0000: Memory Usage (138480K) : graphmet1l_nofill has 0 polygons
2026-08-20 19:00:19 +0000: Memory Usage (138480K) : graphmet1l_slit has 0 polygons
2026-08-20 19:00:19 +0000: Memory Usage (138480K) : graphmet1l_OPC has 0 polygons
2026-08-20 19:00:19 +0000: Memory Usage (138480K) : extblock_drw has 0 polygons
2026-08-20 19:00:19 +0000: Memory Usage (138480K) : nldd_drw has 0 polygons
2026-08-20 19:00:19 +0000: Memory Usage (138480K) : pldd_drw has 0 polygons
2026-08-20 19:00:19 +0000: Memory Usage (138608K) : next_drw has 0 polygons
2026-08-20 19:00:19 +0000: Memory Usage (138608K) : pext_drw has 0 polygons
2026-08-20 19:00:19 +0000: Memory Usage (138608K) : nexthv_drw has 0 polygons
2026-08-20 19:00:19 +0000: Memory Usage (138608K) : pexthv_drw has 0 polygons
2026-08-20 19:00:19 +0000: Memory Usage (138608K) : graphgate_drw has 0 polygons
2026-08-20 19:00:19 +0000: Memory Usage (138736K) : sinwg_drw has 0 polygons
2026-08-20 19:00:19 +0000: Memory Usage (138736K) : sinwg_filler has 0 polygons
2026-08-20 19:00:19 +0000: Memory Usage (138736K) : sinwg_nofill has 0 polygons
2026-08-20 19:00:19 +0000: Memory Usage (138736K) : mempad_drw has 0 polygons
2026-08-20 19:00:19 +0000: Memory Usage (138736K) : topvia1_drw has 477 polygons
2026-08-20 19:00:19 +0000: Memory Usage (138736K) : topmetal1_drw has 51 polygons
2026-08-20 19:00:19 +0000: Memory Usage (138864K) : topmetal1_filler has 0 polygons
2026-08-20 19:00:19 +0000: Memory Usage (138864K) : topmetal1_slit has 0 polygons
2026-08-20 19:00:19 +0000: Memory Usage (138864K) : topmetal1 has 51 polygons
2026-08-20 19:00:19 +0000: Memory Usage (138864K) : topmetal1_pin has 0 polygons
2026-08-20 19:00:19 +0000: Memory Usage (138992K) : topmetal1_mask has 0 polygons
2026-08-20 19:00:19 +0000: Memory Usage (138992K) : topmetal1_nofill has 0 polygons
2026-08-20 19:00:19 +0000: Memory Usage (138992K) : topmetal1_text has 0 polygons
2026-08-20 19:00:19 +0000: Memory Usage (138992K) : topmetal1_noqrc has 0 polygons
2026-08-20 19:00:19 +0000: Memory Usage (139120K) : topmetal1_res has 0 polygons
2026-08-20 19:00:19 +0000: Memory Usage (139120K) : topmetal1_iprobe has 0 polygons
2026-08-20 19:00:19 +0000: Memory Usage (139120K) : topmetal1_diffprb has 0 polygons
2026-08-20 19:00:19 +0000: Memory Usage (139120K) : inldpwl_drw has 0 polygons
2026-08-20 19:00:19 +0000: Memory Usage (139120K) : polyres_drw has 0 polygons
2026-08-20 19:00:19 +0000: Memory Usage (139248K) : polyres_pin has 0 polygons
2026-08-20 19:00:19 +0000: Memory Usage (139248K) : vmim_drw has 0 polygons
2026-08-20 19:00:19 +0000: Memory Usage (139248K) : nbulaycut_drw has 0 polygons
2026-08-20 19:00:19 +0000: Memory Usage (139248K) : antmetal1_drw has 0 polygons
2026-08-20 19:00:19 +0000: Memory Usage (139376K) : topvia2_drw has 227 polygons
2026-08-20 19:00:19 +0000: Memory Usage (139376K) : topmetal2_drw has 43 polygons
2026-08-20 19:00:19 +0000: Memory Usage (139376K) : topmetal2_filler has 0 polygons
2026-08-20 19:00:19 +0000: Memory Usage (139376K) : topmetal2_slit has 0 polygons
2026-08-20 19:00:19 +0000: Memory Usage (139504K) : topmetal2 has 43 polygons
2026-08-20 19:00:19 +0000: Memory Usage (139632K) : topmetal2_pin has 0 polygons
2026-08-20 19:00:19 +0000: Memory Usage (139632K) : topmetal2_mask has 0 polygons
2026-08-20 19:00:19 +0000: Memory Usage (139632K) : topmetal2_nofill has 0 polygons
2026-08-20 19:00:19 +0000: Memory Usage (139632K) : topmetal2_text has 6 polygons
2026-08-20 19:00:20 +0000: Memory Usage (139760K) : topmetal2_noqrc has 0 polygons
2026-08-20 19:00:20 +0000: Memory Usage (139760K) : topmetal2_res has 0 polygons
2026-08-20 19:00:20 +0000: Memory Usage (139760K) : topmetal2_iprobe has 0 polygons
2026-08-20 19:00:20 +0000: Memory Usage (139760K) : topmetal2_diffprb has 0 polygons
2026-08-20 19:00:20 +0000: Memory Usage (139888K) : snsring_drw has 0 polygons
2026-08-20 19:00:20 +0000: Memory Usage (139888K) : sensor_drw has 0 polygons
2026-08-20 19:00:20 +0000: Memory Usage (139888K) : snsarms_drw has 0 polygons
2026-08-20 19:00:20 +0000: Memory Usage (139888K) : snscmosvia_drw has 0 polygons
2026-08-20 19:00:20 +0000: Memory Usage (140016K) : colwind_drw has 0 polygons
2026-08-20 19:00:20 +0000: Memory Usage (140016K) : flm_drw has 0 polygons
2026-08-20 19:00:20 +0000: Memory Usage (140016K) : hafniumox_drw has 0 polygons
2026-08-20 19:00:20 +0000: Memory Usage (140144K) : memvia_drw has 0 polygons
2026-08-20 19:00:20 +0000: Memory Usage (140144K) : thinfilmres_drw has 0 polygons
2026-08-20 19:00:20 +0000: Memory Usage (140144K) : rfmem_drw has 0 polygons
2026-08-20 19:00:20 +0000: Memory Usage (140272K) : norcx_drw has 0 polygons
2026-08-20 19:00:20 +0000: Memory Usage (140272K) : norcx_m2m3 has 0 polygons
2026-08-20 19:00:20 +0000: Memory Usage (140272K) : norcx_m2m4 has 0 polygons
2026-08-20 19:00:20 +0000: Memory Usage (140400K) : norcx_m2m5 has 0 polygons
2026-08-20 19:00:20 +0000: Memory Usage (140400K) : norcx_m2tm1 has 0 polygons
2026-08-20 19:00:20 +0000: Memory Usage (140400K) : norcx_m2tm2 has 0 polygons
2026-08-20 19:00:20 +0000: Memory Usage (140528K) : norcx_m3m4 has 0 polygons
2026-08-20 19:00:20 +0000: Memory Usage (140528K) : norcx_m3m5 has 0 polygons
2026-08-20 19:00:20 +0000: Memory Usage (140528K) : norcx_m3tm1 has 0 polygons
2026-08-20 19:00:20 +0000: Memory Usage (140528K) : norcx_m3tm2 has 0 polygons
2026-08-20 19:00:20 +0000: Memory Usage (140528K) : norcx_m4m5 has 0 polygons
2026-08-20 19:00:20 +0000: Memory Usage (140528K) : norcx_m4tm1 has 0 polygons
2026-08-20 19:00:20 +0000: Memory Usage (140528K) : norcx_m4tm2 has 0 polygons
2026-08-20 19:00:20 +0000: Memory Usage (140528K) : norcx_m5tm1 has 0 polygons
2026-08-20 19:00:20 +0000: Memory Usage (140528K) : norcx_m5tm2 has 0 polygons
2026-08-20 19:00:20 +0000: Memory Usage (140528K) : norcx_tm1tm2 has 0 polygons
2026-08-20 19:00:20 +0000: Memory Usage (140528K) : norcx_m1sub has 0 polygons
2026-08-20 19:00:20 +0000: Memory Usage (140528K) : norcx_m2sub has 0 polygons
2026-08-20 19:00:20 +0000: Memory Usage (140528K) : norcx_m3sub has 0 polygons
2026-08-20 19:00:20 +0000: Memory Usage (140528K) : norcx_m4sub has 0 polygons
2026-08-20 19:00:20 +0000: Memory Usage (140528K) : norcx_m5sub has 0 polygons
2026-08-20 19:00:20 +0000: Memory Usage (140528K) : norcx_tm1sub has 0 polygons
2026-08-20 19:00:20 +0000: Memory Usage (140528K) : norcx_tm2sub has 0 polygons
2026-08-20 19:00:20 +0000: Memory Usage (140528K) : snsbotvia_drw has 0 polygons
2026-08-20 19:00:20 +0000: Memory Usage (140528K) : snstopvia_drw has 0 polygons
2026-08-20 19:00:20 +0000: Memory Usage (140528K) : deepvia_drw has 0 polygons
2026-08-20 19:00:20 +0000: Memory Usage (140528K) : fgetch_drw has 0 polygons
2026-08-20 19:00:20 +0000: Memory Usage (140528K) : ctrgat_drw has 0 polygons
2026-08-20 19:00:20 +0000: Memory Usage (140528K) : fgimp_drw has 0 polygons
2026-08-20 19:00:20 +0000: Memory Usage (140528K) : emwihv_drw has 0 polygons
2026-08-20 19:00:20 +0000: Memory Usage (140528K) : lbe_drw has 0 polygons
2026-08-20 19:00:20 +0000: Memory Usage (140528K) : alcustop_drw has 0 polygons
2026-08-20 19:00:20 +0000: Memory Usage (140528K) : nometfiller_drw has 0 polygons
2026-08-20 19:00:20 +0000: Memory Usage (140528K) : prboundary_drw has 0 polygons
2026-08-20 19:00:20 +0000: Memory Usage (140528K) : exchange0_drw has 0 polygons
2026-08-20 19:00:20 +0000: Memory Usage (140528K) : exchange0_pin has 0 polygons
2026-08-20 19:00:20 +0000: Memory Usage (140528K) : exchange0_text has 0 polygons
2026-08-20 19:00:20 +0000: Memory Usage (140528K) : exchange1_drw has 0 polygons
2026-08-20 19:00:20 +0000: Memory Usage (140528K) : exchange1_pin has 0 polygons
2026-08-20 19:00:20 +0000: Memory Usage (140528K) : exchange1_text has 0 polygons
2026-08-20 19:00:20 +0000: Memory Usage (140528K) : exchange2_drw has 0 polygons
2026-08-20 19:00:20 +0000: Memory Usage (140528K) : exchange2_pin has 0 polygons
2026-08-20 19:00:20 +0000: Memory Usage (140528K) : exchange2_text has 0 polygons
2026-08-20 19:00:20 +0000: Memory Usage (140528K) : exchange3_drw has 0 polygons
2026-08-20 19:00:20 +0000: Memory Usage (140528K) : exchange3_pin has 0 polygons
2026-08-20 19:00:20 +0000: Memory Usage (140528K) : exchange3_text has 0 polygons
2026-08-20 19:00:20 +0000: Memory Usage (140528K) : exchange4_drw has 0 polygons
2026-08-20 19:00:20 +0000: Memory Usage (140528K) : exchange4_pin has 0 polygons
2026-08-20 19:00:20 +0000: Memory Usage (140528K) : exchange4_text has 0 polygons
2026-08-20 19:00:20 +0000: Memory Usage (140528K) : isonwell_drw has 0 polygons
2026-08-20 19:00:20 +0000: Memory Usage (140528K) : Total no. of polygons in the design is 28391
2026-08-20 19:00:20 +0000: Memory Usage (140528K) : Starting base layers derivations
2026-08-20 19:00:20 +0000: Memory Usage (140528K) : Starting general LVS derivations
2026-08-20 19:00:20 +0000: Memory Usage (144948K) : Starting MOSFET DERIVATIONS
2026-08-20 19:00:20 +0000: Memory Usage (145588K) : Starting NMOS DERIVATIONS
2026-08-20 19:00:20 +0000: Memory Usage (145588K) : Starting PMOS DERIVATIONS
2026-08-20 19:00:20 +0000: Memory Usage (145588K) : Starting RF-MOSFET DERIVATIONS
2026-08-20 19:00:20 +0000: Memory Usage (145588K) : Starting RF-NMOS DERIVATIONS
2026-08-20 19:00:20 +0000: Memory Usage (145588K) : Starting RF-PMOS DERIVATIONS
2026-08-20 19:00:20 +0000: Memory Usage (145588K) : Starting BJT DERIVATIONS
2026-08-20 19:00:20 +0000: Memory Usage (145588K) : Starting NPN-BJT DERIVATIONS
2026-08-20 19:00:20 +0000: Memory Usage (145588K) : Starting PNP-BJT DERIVATIONS
2026-08-20 19:00:20 +0000: Memory Usage (145588K) : Starting DIODE DERIVATIONS
2026-08-20 19:00:20 +0000: Memory Usage (145588K) : Starting RESISTOR DERIVATIONS
2026-08-20 19:00:20 +0000: Memory Usage (145588K) : Starting CAP DERIVATIONS
2026-08-20 19:00:20 +0000: Memory Usage (145588K) : Starting CAP_CMOM DERIVATIONS
2026-08-20 19:00:20 +0000: Memory Usage (145588K) : Starting CAP_CMOMF DERIVATIONS
2026-08-20 19:00:20 +0000: Memory Usage (145588K) : Starting ESD DERIVATIONS
2026-08-20 19:00:20 +0000: Memory Usage (146100K) : Starting Inductor DERIVATIONS
2026-08-20 19:00:21 +0000: Memory Usage (146100K) : Starting Taps DERIVATIONS
2026-08-20 19:00:21 +0000: Memory Usage (146100K) : Starting SG13G2 LVS connectivity setup
2026-08-20 19:00:21 +0000: Memory Usage (146100K) : Starting SG13G2 LVS connectivity setup (Inter-layer)
2026-08-20 19:00:21 +0000: Memory Usage (146228K) : Starting SG13G2 LVS connectivity setup (Global)
2026-08-20 19:00:21 +0000: Memory Usage (146228K) : Starting LVS MOSFET CONNECTIONS
2026-08-20 19:00:21 +0000: Memory Usage (146228K) : Starting LVS RF-MOSFET CONNECTIONS
2026-08-20 19:00:21 +0000: Memory Usage (146228K) : Starting LVS BJT CONNECTIONS
2026-08-20 19:00:21 +0000: Memory Usage (146228K) : Starting LVS DIODE CONNECTIONS
2026-08-20 19:00:21 +0000: Memory Usage (146228K) : Starting RESISTOR CONNECTIONS
2026-08-20 19:00:21 +0000: Memory Usage (146228K) : Starting LVS CAP CONNECTIONS
2026-08-20 19:00:21 +0000: Memory Usage (146228K) : Starting CAP_CMOM CONNECTIONS
2026-08-20 19:00:21 +0000: Memory Usage (146228K) : Starting CAP_CMOMF CONNECTIONS
2026-08-20 19:00:21 +0000: Memory Usage (146228K) : Starting ESD CONNECTIONS
2026-08-20 19:00:21 +0000: Memory Usage (146228K) : Starting Inductor CONNECTIONS
2026-08-20 19:00:21 +0000: Memory Usage (146228K) : Starting LVS Taps CONNECTIONS
2026-08-20 19:00:21 +0000: Memory Usage (146228K) : Starting SG13G2 LVS DEVICES EXTRACTION
2026-08-20 19:00:21 +0000: Memory Usage (146228K) : Starting MOSFET EXTRACTION
2026-08-20 19:00:21 +0000: Memory Usage (146228K) : Starting NMOS EXTRACTION
2026-08-20 19:00:21 +0000: Memory Usage (146228K) : Extraction of NMOS-LV transistor
2026-08-20 19:00:21 +0000: Memory Usage (146356K) : Extraction of NMOS-HV transistor
2026-08-20 19:00:21 +0000: Memory Usage (146356K) : Starting PMOS EXTRACTION
2026-08-20 19:00:21 +0000: Memory Usage (146356K) : Extraction of PMOS-LV transistor
2026-08-20 19:00:21 +0000: Memory Usage (146356K) : Extraction of PMOS-HV transistor
2026-08-20 19:00:21 +0000: Memory Usage (146356K) : Starting RF-MOSFET EXTRACTION
2026-08-20 19:00:21 +0000: Memory Usage (146356K) : Extraction of RF-NMOS-LV transistor
2026-08-20 19:00:21 +0000: Memory Usage (146356K) : Extraction of RF-NMOS-HV transistor
2026-08-20 19:00:21 +0000: Memory Usage (146356K) : Extraction of RF-PMOS-LV transistor
2026-08-20 19:00:21 +0000: Memory Usage (146356K) : Extraction of RF-PMOS-HV transistor
2026-08-20 19:00:21 +0000: Memory Usage (146356K) : Starting BJT EXTRACTION
2026-08-20 19:00:21 +0000: Memory Usage (146356K) : Starting NPN-BJT EXTRACTION
2026-08-20 19:00:21 +0000: Memory Usage (146356K) : Extraction of npn13G2 BJT transistor
2026-08-20 19:00:21 +0000: Memory Usage (146356K) : Extraction of npn13G2L BJT transistor
2026-08-20 19:00:21 +0000: Memory Usage (146356K) : Extraction of npn13G2V BJT transistor
2026-08-20 19:00:21 +0000: Memory Usage (146356K) : Starting PNP-BJT EXTRACTION
2026-08-20 19:00:21 +0000: Memory Usage (146356K) : Extracting pnpMPA BJT
2026-08-20 19:00:21 +0000: Memory Usage (146356K) : Starting DIODE EXTRACTION
2026-08-20 19:00:21 +0000: Memory Usage (146356K) : Extracting dantenna diode
2026-08-20 19:00:21 +0000: Memory Usage (146356K) : Extracting dpantenna diode
2026-08-20 19:00:21 +0000: Memory Usage (146356K) : Extracting schottky_nbl1 diode
2026-08-20 19:00:21 +0000: Memory Usage (146356K) : Extracting isolbox diode
2026-08-20 19:00:21 +0000: Memory Usage (146356K) : Starting RESISTOR EXTRACTION
2026-08-20 19:00:21 +0000: Memory Usage (146356K) : Extracting rsil resistor
2026-08-20 19:00:21 +0000: Memory Usage (146356K) : Extracting rppd resistor
2026-08-20 19:00:21 +0000: Memory Usage (146356K) : Extracting rhigh resistor
2026-08-20 19:00:21 +0000: Memory Usage (146356K) : Extracting res_metal1 resistor
2026-08-20 19:00:21 +0000: Memory Usage (146356K) : Extracting res_metal2 resistor
2026-08-20 19:00:21 +0000: Memory Usage (146356K) : Extracting res_metal3 resistor
2026-08-20 19:00:21 +0000: Memory Usage (146356K) : Extracting res_metal4 resistor
2026-08-20 19:00:21 +0000: Memory Usage (146356K) : Extracting res_metal5 resistor
2026-08-20 19:00:21 +0000: Memory Usage (146356K) : Extracting res_topmetal1 resistor
2026-08-20 19:00:21 +0000: Memory Usage (146356K) : Extracting res_topmetal2 resistor
2026-08-20 19:00:21 +0000: Memory Usage (146356K) : Starting CAP EXTRACTION
2026-08-20 19:00:21 +0000: Memory Usage (146356K) : Extracting cap_cmim device
2026-08-20 19:00:21 +0000: Memory Usage (146356K) : Extracting rfcmim device
2026-08-20 19:00:21 +0000: Memory Usage (146356K) : Extracting sg13_hv_svaricap varactor
2026-08-20 19:00:21 +0000: Memory Usage (146356K) : Extracting cap_cmomi device
2026-08-20 19:00:21 +0000: Memory Usage (146356K) : Extracting cap_cmomf device
2026-08-20 19:00:21 +0000: Memory Usage (146356K) : Extracting sg13_moscap_n capacitor
2026-08-20 19:00:21 +0000: Memory Usage (146356K) : Extracting sg13_moscap_p capacitor
2026-08-20 19:00:21 +0000: Memory Usage (146356K) : Starting ESD EXTRACTION
2026-08-20 19:00:21 +0000: Memory Usage (146356K) : Extracting diodevdd_2kv ESD device
2026-08-20 19:00:21 +0000: Memory Usage (146356K) : Extracting diodevdd_4kv ESD device
2026-08-20 19:00:21 +0000: Memory Usage (146356K) : Extracting diodevss_2kv ESD device
2026-08-20 19:00:21 +0000: Memory Usage (146356K) : Extracting diodevss_4kv ESD device
2026-08-20 19:00:21 +0000: Memory Usage (146356K) : Extracting idiodevdd_2kv ESD device
2026-08-20 19:00:21 +0000: Memory Usage (146356K) : Extracting idiodevdd_4kv ESD device
2026-08-20 19:00:21 +0000: Memory Usage (146356K) : Extracting idiodevss_2kv ESD device
2026-08-20 19:00:21 +0000: Memory Usage (146356K) : Extracting idiodevss_4kv ESD device
2026-08-20 19:00:21 +0000: Memory Usage (146356K) : Extracting nmoscl_2 ESD device
2026-08-20 19:00:21 +0000: Memory Usage (146356K) : Extracting nmoscl_4 ESD device
2026-08-20 19:00:21 +0000: Memory Usage (146356K) : Starting Inductor EXTRACTION
2026-08-20 19:00:21 +0000: Memory Usage (146356K) : Extracting Inductor2 device
2026-08-20 19:00:21 +0000: Memory Usage (146356K) : Extracting Inductor3 device
2026-08-20 19:00:21 +0000: Memory Usage (146356K) : Starting Taps EXTRACTION
2026-08-20 19:00:21 +0000: Memory Usage (146356K) : DISABLE_TAP_EXTRACTION is enabled: skipping ntap1/ptap1 device extraction.
2026-08-20 19:00:21 +0000: Memory Usage (146356K) : Starting SG13G2 LVS RF MOS Model Mapping
2026-08-20 19:00:21 +0000: Memory Usage (146484K) : [layout_netlist] Apply RF MOS model mapping and rfmode parameter.
2026-08-20 19:00:21 +0000: Memory Usage (146484K) : Starting SG13G2 LVS Options Preparations
2026-08-20 19:00:21 +0000: Memory Usage (146484K) : SG13G2 LVS flow: extraction -> alignment -> option preparation -> comparison.
2026-08-20 19:00:21 +0000: Memory Usage (146484K) : Starting SG13G2 LVS Alignment
2026-08-20 19:00:21 +0000: Memory Usage (146612K) : Starting SG13G2 LVS Simplification
2026-08-20 19:00:21 +0000: Memory Usage (146612K) : [layout_netlist] simplify: ENABLED
2026-08-20 19:00:21 +0000: Memory Usage (146612K) : [layout_netlist] make_top_level_pins: SKIPPED
2026-08-20 19:00:21 +0000: Memory Usage (146612K) : [layout_netlist] combine_devices: SKIPPED
2026-08-20 19:00:21 +0000: Memory Usage (146612K) : [layout_netlist] purge: SKIPPED
2026-08-20 19:00:21 +0000: Memory Usage (146612K) : [layout_netlist] purge_nets: SKIPPED
2026-08-20 19:00:21 +0000: Memory Usage (146612K) : [schematic_netlist] simplify: ENABLED
2026-08-20 19:00:21 +0000: Memory Usage (146612K) : [schematic_netlist] make_top_level_pins: SKIPPED
2026-08-20 19:00:21 +0000: Memory Usage (146612K) : [schematic_netlist] combine_devices: SKIPPED
2026-08-20 19:00:21 +0000: Memory Usage (146612K) : [schematic_netlist] purge: SKIPPED
2026-08-20 19:00:21 +0000: Memory Usage (146612K) : [schematic_netlist] purge_nets: SKIPPED
2026-08-20 19:00:21 +0000: Memory Usage (146612K) : Starting SG13G2 LVS Comparison
2026-08-20 19:00:21 +0000: Memory Usage (146740K) : xxxxxxxxxxxxxxxxxxxxxxxxxxxxxxxxxxxxxxxxxx
2026-08-20 19:00:21 +0000: Memory Usage (146740K) : ERROR : Netlists don't match
2026-08-20 19:00:21 +0000: Memory Usage (146740K) : xxxxxxxxxxxxxxxxxxxxxxxxxxxxxxxxxxxxxxxxxx
2026-08-20 19:00:21 +0000: Memory Usage (146740K) : LVS Total Run time 1.355061 seconds
