# Logfile created on 2026-08-20 17:31:10 +0000 by logger.rb/v1.5.3
2026-08-20 17:31:10 +0000: Memory Usage (128720K) : Starting running SG13G2 Klayout LVS runset on /workspace/layout/blocks/out/driver_stage/check_full/driver_dut.gds
2026-08-20 17:31:10 +0000: Memory Usage (128720K) : Ruby Version for klayout: 3.2.3
2026-08-20 17:31:10 +0000: Memory Usage (129932K) : Loading database to memory is complete.
2026-08-20 17:31:10 +0000: Memory Usage (129932K) : SG13G2 Klayout LVS runset output at: /workspace/layout/blocks/out/driver_stage/check_full/lvs/driver_dut.lvsdb
2026-08-20 17:31:10 +0000: Memory Usage (129932K) : Evaluate switches.
2026-08-20 17:31:10 +0000: Memory Usage (129932K) : Extracted netlist with net names: true
2026-08-20 17:31:10 +0000: Memory Usage (129932K) : Extracted netlist with comments in details: false
2026-08-20 17:31:10 +0000: Memory Usage (129932K) : Selected NET_ONLY option: false
2026-08-20 17:31:10 +0000: Memory Usage (129932K) : Selected LAYOUT_NETLIST option: (none)
2026-08-20 17:31:10 +0000: Memory Usage (129932K) : Selected IGNORE_TOP_PORTS_MISMATCH option: true
2026-08-20 17:31:10 +0000: Memory Usage (129932K) : Selected IMPLICIT_NETS option: sub,sub!
2026-08-20 17:31:10 +0000: Memory Usage (129932K) : Selected TOP_LVL_PINS option: false
2026-08-20 17:31:10 +0000: Memory Usage (129932K) : Selected COMBINE DEVICES option: false
2026-08-20 17:31:10 +0000: Memory Usage (129932K) : Selected PURGE option: false
2026-08-20 17:31:10 +0000: Memory Usage (129932K) : Selected PURGE_NETS option: false
2026-08-20 17:31:10 +0000: Memory Usage (129932K) : Selected SIMPLIFY option: true
2026-08-20 17:31:10 +0000: Memory Usage (129932K) : Selected SERIES_RES option: true
2026-08-20 17:31:10 +0000: Memory Usage (129932K) : Selected PARALLEL_RES option: true
2026-08-20 17:31:10 +0000: Memory Usage (129932K) : Selected DISABLE_TAP_EXTRACTION option: true
2026-08-20 17:31:10 +0000: Memory Usage (129932K) : deep  mode is enabled.
2026-08-20 17:31:10 +0000: Memory Usage (129932K) : Applying implicit connections (case-sensitive, pattern supported) for nets: sub, sub!
2026-08-20 17:31:10 +0000: Memory Usage (131128K) : Netlist file: /workspace/layout/blocks/out/driver_stage/check_full/x.cdl
2026-08-20 17:31:10 +0000: Memory Usage (131128K) : LVS extracted netlist at: /workspace/layout/blocks/out/driver_stage/check_full/lvs/driver_dut_extracted.cir
2026-08-20 17:31:10 +0000: Memory Usage (131128K) : Applying SRAM integration support.
2026-08-20 17:31:10 +0000: Memory Usage (131128K) : Starting SG13G2 LVS runset
2026-08-20 17:31:10 +0000: Memory Usage (131128K) : Read in polygons from layers.
2026-08-20 17:31:10 +0000: Memory Usage (132316K) : activ_drw has 899 polygons
2026-08-20 17:31:10 +0000: Memory Usage (132316K) : activ_filler has 0 polygons
2026-08-20 17:31:10 +0000: Memory Usage (132532K) : activ has 899 polygons
2026-08-20 17:31:10 +0000: Memory Usage (133044K) : activ_pin has 0 polygons
2026-08-20 17:31:10 +0000: Memory Usage (133044K) : activ_mask has 4 polygons
2026-08-20 17:31:10 +0000: Memory Usage (133044K) : activ_nofill has 2 polygons
2026-08-20 17:31:10 +0000: Memory Usage (133044K) : activ_OPC has 0 polygons
2026-08-20 17:31:10 +0000: Memory Usage (133044K) : activ_iOPC has 0 polygons
2026-08-20 17:31:10 +0000: Memory Usage (133044K) : activ_noqrc has 0 polygons
2026-08-20 17:31:10 +0000: Memory Usage (133044K) : biwind_drw has 0 polygons
2026-08-20 17:31:10 +0000: Memory Usage (133044K) : biwind_OPC has 0 polygons
2026-08-20 17:31:10 +0000: Memory Usage (133044K) : gatpoly_drw has 140 polygons
2026-08-20 17:31:10 +0000: Memory Usage (133044K) : gatpoly_filler has 0 polygons
2026-08-20 17:31:10 +0000: Memory Usage (133044K) : gatpoly has 140 polygons
2026-08-20 17:31:10 +0000: Memory Usage (133044K) : gatpoly_pin has 119 polygons
2026-08-20 17:31:10 +0000: Memory Usage (133044K) : gatpoly_nofill has 2 polygons
2026-08-20 17:31:10 +0000: Memory Usage (133044K) : gatpoly_OPC has 0 polygons
2026-08-20 17:31:10 +0000: Memory Usage (133044K) : gatpoly_iOPC has 0 polygons
2026-08-20 17:31:10 +0000: Memory Usage (133044K) : gatpoly_noqrc has 0 polygons
2026-08-20 17:31:10 +0000: Memory Usage (133044K) : cont_drw has 14577 polygons
2026-08-20 17:31:10 +0000: Memory Usage (133044K) : cont_OPC has 0 polygons
2026-08-20 17:31:10 +0000: Memory Usage (133172K) : nsd_drw has 0 polygons
2026-08-20 17:31:10 +0000: Memory Usage (133172K) : nsd_block has 4 polygons
2026-08-20 17:31:10 +0000: Memory Usage (133172K) : metal1_drw has 1566 polygons
2026-08-20 17:31:10 +0000: Memory Usage (133300K) : metal1_filler has 0 polygons
2026-08-20 17:31:10 +0000: Memory Usage (133300K) : metal1_slit has 0 polygons
2026-08-20 17:31:10 +0000: Memory Usage (133428K) : metal1 has 1566 polygons
2026-08-20 17:31:10 +0000: Memory Usage (133428K) : metal1_pin has 750 polygons
2026-08-20 17:31:10 +0000: Memory Usage (133556K) : metal1_mask has 0 polygons
2026-08-20 17:31:10 +0000: Memory Usage (133556K) : metal1_nofill has 2 polygons
2026-08-20 17:31:10 +0000: Memory Usage (133940K) : metal1_text has 5 polygons
2026-08-20 17:31:10 +0000: Memory Usage (134068K) : metal1_OPC has 0 polygons
2026-08-20 17:31:10 +0000: Memory Usage (134068K) : metal1_noqrc has 0 polygons
2026-08-20 17:31:10 +0000: Memory Usage (134068K) : metal1_res has 0 polygons
2026-08-20 17:31:10 +0000: Memory Usage (134196K) : metal1_iprobe has 0 polygons
2026-08-20 17:31:10 +0000: Memory Usage (134196K) : metal1_diffprb has 0 polygons
2026-08-20 17:31:10 +0000: Memory Usage (134196K) : passiv_drw has 2 polygons
2026-08-20 17:31:10 +0000: Memory Usage (134324K) : passiv_pin has 0 polygons
2026-08-20 17:31:10 +0000: Memory Usage (134324K) : passiv_sbump has 0 polygons
2026-08-20 17:31:10 +0000: Memory Usage (134324K) : passiv_pillar has 0 polygons
2026-08-20 17:31:10 +0000: Memory Usage (134452K) : passiv_pdl has 0 polygons
2026-08-20 17:31:10 +0000: Memory Usage (134452K) : metal2_drw has 587 polygons
2026-08-20 17:31:10 +0000: Memory Usage (134452K) : metal2_filler has 0 polygons
2026-08-20 17:31:10 +0000: Memory Usage (134452K) : metal2_slit has 0 polygons
2026-08-20 17:31:10 +0000: Memory Usage (134580K) : metal2 has 587 polygons
2026-08-20 17:31:10 +0000: Memory Usage (134580K) : metal2_pin has 10 polygons
2026-08-20 17:31:10 +0000: Memory Usage (134580K) : metal2_mask has 0 polygons
2026-08-20 17:31:10 +0000: Memory Usage (134708K) : metal2_nofill has 2 polygons
2026-08-20 17:31:10 +0000: Memory Usage (134708K) : metal2_text has 3 polygons
2026-08-20 17:31:10 +0000: Memory Usage (134708K) : metal2_OPC has 0 polygons
2026-08-20 17:31:10 +0000: Memory Usage (134708K) : metal2_noqrc has 0 polygons
2026-08-20 17:31:10 +0000: Memory Usage (134836K) : metal2_res has 0 polygons
2026-08-20 17:31:10 +0000: Memory Usage (134836K) : metal2_iprobe has 0 polygons
2026-08-20 17:31:10 +0000: Memory Usage (134836K) : metal2_diffprb has 0 polygons
2026-08-20 17:31:10 +0000: Memory Usage (134836K) : baspoly_drw has 0 polygons
2026-08-20 17:31:10 +0000: Memory Usage (134964K) : baspoly_pin has 0 polygons
2026-08-20 17:31:10 +0000: Memory Usage (134964K) : psd_drw has 515 polygons
2026-08-20 17:31:10 +0000: Memory Usage (134964K) : nldb_drw has 0 polygons
2026-08-20 17:31:10 +0000: Memory Usage (134964K) : digibnd_drw has 0 polygons
2026-08-20 17:31:10 +0000: Memory Usage (135092K) : via1_drw has 7666 polygons
2026-08-20 17:31:10 +0000: Memory Usage (135092K) : backmetal1_drw has 0 polygons
2026-08-20 17:31:10 +0000: Memory Usage (135092K) : backmetal1_pin has 0 polygons
2026-08-20 17:31:10 +0000: Memory Usage (135092K) : backmetal1_mask has 0 polygons
2026-08-20 17:31:10 +0000: Memory Usage (135220K) : backmetal1_filler has 0 polygons
2026-08-20 17:31:10 +0000: Memory Usage (135220K) : backmetal1_nofill has 0 polygons
2026-08-20 17:31:10 +0000: Memory Usage (135220K) : backmetal1_slit has 0 polygons
2026-08-20 17:31:10 +0000: Memory Usage (135220K) : backmetal1_text has 0 polygons
2026-08-20 17:31:10 +0000: Memory Usage (135348K) : backmetal1_OPC has 0 polygons
2026-08-20 17:31:10 +0000: Memory Usage (135348K) : backmetal1_noqrc has 0 polygons
2026-08-20 17:31:10 +0000: Memory Usage (135348K) : backmetal1_res has 0 polygons
2026-08-20 17:31:10 +0000: Memory Usage (135348K) : backmetal1_iprobe has 0 polygons
2026-08-20 17:31:10 +0000: Memory Usage (135476K) : backmetal1_diffprb has 0 polygons
2026-08-20 17:31:10 +0000: Memory Usage (135476K) : backpassiv_drw has 0 polygons
2026-08-20 17:31:10 +0000: Memory Usage (135476K) : res_drw has 2 polygons
2026-08-20 17:31:10 +0000: Memory Usage (135604K) : sram_drw has 0 polygons
2026-08-20 17:31:10 +0000: Memory Usage (135604K) : trans_drw has 2 polygons
2026-08-20 17:31:10 +0000: Memory Usage (135604K) : ind_drw has 2 polygons
2026-08-20 17:31:10 +0000: Memory Usage (135604K) : ind_pin has 4 polygons
2026-08-20 17:31:10 +0000: Memory Usage (135732K) : ind_text has 4 polygons
2026-08-20 17:31:10 +0000: Memory Usage (135732K) : salblock_drw has 12 polygons
2026-08-20 17:31:10 +0000: Memory Usage (135732K) : via2_drw has 856 polygons
2026-08-20 17:31:10 +0000: Memory Usage (135860K) : metal3_drw has 74 polygons
2026-08-20 17:31:10 +0000: Memory Usage (135860K) : metal3_filler has 0 polygons
2026-08-20 17:31:10 +0000: Memory Usage (135860K) : metal3_slit has 0 polygons
2026-08-20 17:31:10 +0000: Memory Usage (135860K) : metal3 has 74 polygons
2026-08-20 17:31:10 +0000: Memory Usage (135860K) : metal3_pin has 2 polygons
2026-08-20 17:31:10 +0000: Memory Usage (135860K) : metal3_mask has 0 polygons
2026-08-20 17:31:10 +0000: Memory Usage (135860K) : metal3_nofill has 2 polygons
2026-08-20 17:31:10 +0000: Memory Usage (135860K) : metal3_text has 0 polygons
2026-08-20 17:31:10 +0000: Memory Usage (135860K) : metal3_OPC has 0 polygons
2026-08-20 17:31:10 +0000: Memory Usage (135860K) : metal3_noqrc has 0 polygons
2026-08-20 17:31:10 +0000: Memory Usage (135860K) : metal3_res has 0 polygons
2026-08-20 17:31:10 +0000: Memory Usage (135860K) : metal3_iprobe has 0 polygons
2026-08-20 17:31:10 +0000: Memory Usage (135860K) : metal3_diffprb has 0 polygons
2026-08-20 17:31:10 +0000: Memory Usage (135860K) : nwell_drw has 14 polygons
2026-08-20 17:31:10 +0000: Memory Usage (135860K) : nwell_pin has 0 polygons
2026-08-20 17:31:10 +0000: Memory Usage (135860K) : nwell_text has 0 polygons
2026-08-20 17:31:10 +0000: Memory Usage (135988K) : nbulay_drw has 1 polygons
2026-08-20 17:31:10 +0000: Memory Usage (135988K) : nbulay_pin has 0 polygons
2026-08-20 17:31:10 +0000: Memory Usage (135988K) : nbulay_block has 0 polygons
2026-08-20 17:31:10 +0000: Memory Usage (135988K) : emwind_drw has 4 polygons
2026-08-20 17:31:10 +0000: Memory Usage (135988K) : emwind_OPC has 0 polygons
2026-08-20 17:31:10 +0000: Memory Usage (136116K) : deepco_drw has 0 polygons
2026-08-20 17:31:10 +0000: Memory Usage (136116K) : mim_drw has 0 polygons
2026-08-20 17:31:10 +0000: Memory Usage (136116K) : edgeseal_drw has 0 polygons
2026-08-20 17:31:10 +0000: Memory Usage (136116K) : substrate_drw has 500 polygons
2026-08-20 17:31:10 +0000: Memory Usage (136116K) : substrate_text has 0 polygons
2026-08-20 17:31:10 +0000: Memory Usage (136116K) : dfpad_drw has 2 polygons
2026-08-20 17:31:10 +0000: Memory Usage (136244K) : dfpad_pillar has 0 polygons
2026-08-20 17:31:10 +0000: Memory Usage (136244K) : dfpad_sbump has 0 polygons
2026-08-20 17:31:10 +0000: Memory Usage (136244K) : thickgateox_drw has 1 polygons
2026-08-20 17:31:10 +0000: Memory Usage (136244K) : pldb_drw has 0 polygons
2026-08-20 17:31:10 +0000: Memory Usage (136244K) : pwell_drw has 0 polygons
2026-08-20 17:31:10 +0000: Memory Usage (136372K) : pwell_pin has 0 polygons
2026-08-20 17:31:10 +0000: Memory Usage (136372K) : pwell_block has 2 polygons
2026-08-20 17:31:10 +0000: Memory Usage (136372K) : ic_drw has 0 polygons
2026-08-20 17:31:10 +0000: Memory Usage (136372K) : via3_drw has 1037 polygons
2026-08-20 17:31:10 +0000: Memory Usage (136372K) : metal4_drw has 31 polygons
2026-08-20 17:31:10 +0000: Memory Usage (136372K) : metal4_filler has 0 polygons
2026-08-20 17:31:10 +0000: Memory Usage (136500K) : metal4_slit has 0 polygons
2026-08-20 17:31:10 +0000: Memory Usage (136500K) : metal4 has 31 polygons
2026-08-20 17:31:10 +0000: Memory Usage (136500K) : metal4_pin has 0 polygons
2026-08-20 17:31:10 +0000: Memory Usage (136500K) : metal4_mask has 0 polygons
2026-08-20 17:31:10 +0000: Memory Usage (136500K) : metal4_nofill has 2 polygons
2026-08-20 17:31:10 +0000: Memory Usage (136500K) : metal4_text has 3 polygons
2026-08-20 17:31:10 +0000: Memory Usage (136628K) : metal4_OPC has 0 polygons
2026-08-20 17:31:10 +0000: Memory Usage (136628K) : metal4_noqrc has 0 polygons
2026-08-20 17:31:10 +0000: Memory Usage (136628K) : metal4_res has 0 polygons
2026-08-20 17:31:10 +0000: Memory Usage (136628K) : metal4_iprobe has 0 polygons
2026-08-20 17:31:10 +0000: Memory Usage (136628K) : metal4_diffprb has 0 polygons
2026-08-20 17:31:10 +0000: Memory Usage (136628K) : heattrans_drw has 123 polygons
2026-08-20 17:31:10 +0000: Memory Usage (136756K) : heatres_drw has 2 polygons
2026-08-20 17:31:10 +0000: Memory Usage (136756K) : fbe_drw has 0 polygons
2026-08-20 17:31:10 +0000: Memory Usage (136756K) : empoly_drw has 0 polygons
2026-08-20 17:31:10 +0000: Memory Usage (136756K) : digisub_drw has 0 polygons
2026-08-20 17:31:10 +0000: Memory Usage (136756K) : text_drw has 655 polygons
2026-08-20 17:31:10 +0000: Memory Usage (136756K) : via4_drw has 1031 polygons
2026-08-20 17:31:10 +0000: Memory Usage (136884K) : metal5_drw has 60 polygons
2026-08-20 17:31:10 +0000: Memory Usage (136884K) : metal5_filler has 0 polygons
2026-08-20 17:31:10 +0000: Memory Usage (136884K) : metal5_slit has 0 polygons
2026-08-20 17:31:10 +0000: Memory Usage (136884K) : metal5 has 60 polygons
2026-08-20 17:31:10 +0000: Memory Usage (136884K) : metal5_pin has 0 polygons
2026-08-20 17:31:10 +0000: Memory Usage (136884K) : metal5_mask has 0 polygons
2026-08-20 17:31:10 +0000: Memory Usage (137012K) : metal5_nofill has 2 polygons
2026-08-20 17:31:10 +0000: Memory Usage (137012K) : metal5_text has 0 polygons
2026-08-20 17:31:10 +0000: Memory Usage (137012K) : metal5_OPC has 0 polygons
2026-08-20 17:31:10 +0000: Memory Usage (137012K) : metal5_noqrc has 0 polygons
2026-08-20 17:31:10 +0000: Memory Usage (137012K) : metal5_res has 0 polygons
2026-08-20 17:31:10 +0000: Memory Usage (137012K) : metal5_iprobe has 0 polygons
2026-08-20 17:31:10 +0000: Memory Usage (137140K) : metal5_diffprb has 0 polygons
2026-08-20 17:31:10 +0000: Memory Usage (137140K) : radhard_drw has 0 polygons
2026-08-20 17:31:10 +0000: Memory Usage (137140K) : memcap_drw has 0 polygons
2026-08-20 17:31:10 +0000: Memory Usage (137140K) : varicap_drw has 0 polygons
2026-08-20 17:31:10 +0000: Memory Usage (137268K) : intbondvia_drw has 0 polygons
2026-08-20 17:31:10 +0000: Memory Usage (137268K) : intbondmet_drw has 0 polygons
2026-08-20 17:31:10 +0000: Memory Usage (137268K) : devbondvia_drw has 0 polygons
2026-08-20 17:31:10 +0000: Memory Usage (137268K) : devbondmet_drw has 0 polygons
2026-08-20 17:31:10 +0000: Memory Usage (137396K) : devtrench_drw has 0 polygons
2026-08-20 17:31:10 +0000: Memory Usage (137396K) : redist_drw has 0 polygons
2026-08-20 17:31:10 +0000: Memory Usage (137396K) : graphbot_drw has 0 polygons
2026-08-20 17:31:10 +0000: Memory Usage (137396K) : graphtop_drw has 0 polygons
2026-08-20 17:31:10 +0000: Memory Usage (137396K) : antvia1_drw has 0 polygons
2026-08-20 17:31:10 +0000: Memory Usage (137396K) : antmetal2_drw has 0 polygons
2026-08-20 17:31:10 +0000: Memory Usage (137524K) : graphcont_drw has 0 polygons
2026-08-20 17:31:10 +0000: Memory Usage (137524K) : siwg_drw has 0 polygons
2026-08-20 17:31:10 +0000: Memory Usage (137524K) : siwg_filler has 0 polygons
2026-08-20 17:31:10 +0000: Memory Usage (137524K) : siwg_nofill has 0 polygons
2026-08-20 17:31:10 +0000: Memory Usage (137524K) : sigrating_drw has 0 polygons
2026-08-20 17:31:10 +0000: Memory Usage (137652K) : singrating_drw has 0 polygons
2026-08-20 17:31:10 +0000: Memory Usage (137652K) : graphpas_drw has 0 polygons
2026-08-20 17:31:10 +0000: Memory Usage (137652K) : emwind3_drw has 0 polygons
2026-08-20 17:31:10 +0000: Memory Usage (137652K) : emwihv3_drw has 0 polygons
2026-08-20 17:31:10 +0000: Memory Usage (137652K) : redbulay_drw has 0 polygons
2026-08-20 17:31:10 +0000: Memory Usage (137652K) : smos_drw has 0 polygons
2026-08-20 17:31:10 +0000: Memory Usage (137780K) : graphpad_drw has 0 polygons
2026-08-20 17:31:10 +0000: Memory Usage (137780K) : polimide_drw has 0 polygons
2026-08-20 17:31:10 +0000: Memory Usage (137780K) : polimide_pin has 0 polygons
2026-08-20 17:31:10 +0000: Memory Usage (137780K) : recog_drw has 1 polygons
2026-08-20 17:31:10 +0000: Memory Usage (137908K) : recog_pin has 0 polygons
2026-08-20 17:31:10 +0000: Memory Usage (137908K) : recog_esd has 5 polygons
2026-08-20 17:31:10 +0000: Memory Usage (137908K) : recog_diode has 0 polygons
2026-08-20 17:31:10 +0000: Memory Usage (137908K) : recog_tsv has 0 polygons
2026-08-20 17:31:10 +0000: Memory Usage (138036K) : recog_iprobe has 0 polygons
2026-08-20 17:31:10 +0000: Memory Usage (138036K) : recog_diffprb has 0 polygons
2026-08-20 17:31:10 +0000: Memory Usage (138036K) : recog_pillar has 0 polygons
2026-08-20 17:31:10 +0000: Memory Usage (138036K) : recog_sbump has 0 polygons
2026-08-20 17:31:10 +0000: Memory Usage (138164K) : recog_otp has 0 polygons
2026-08-20 17:31:10 +0000: Memory Usage (138164K) : recog_pdiode has 0 polygons
2026-08-20 17:31:10 +0000: Memory Usage (138164K) : recog_mom has 0 polygons
2026-08-20 17:31:10 +0000: Memory Usage (138164K) : recog_momf has 0 polygons
2026-08-20 17:31:10 +0000: Memory Usage (138292K) : recog_pcm has 0 polygons
2026-08-20 17:31:10 +0000: Memory Usage (138292K) : colopen_drw has 0 polygons
2026-08-20 17:31:10 +0000: Memory Usage (138292K) : graphmetal1_drw has 0 polygons
2026-08-20 17:31:10 +0000: Memory Usage (138292K) : graphmetal1_filler has 0 polygons
2026-08-20 17:31:10 +0000: Memory Usage (138420K) : graphmetal1_nofill has 0 polygons
2026-08-20 17:31:10 +0000: Memory Usage (138420K) : graphmetal1_slit has 0 polygons
2026-08-20 17:31:10 +0000: Memory Usage (138420K) : graphmetal1_OPC has 0 polygons
2026-08-20 17:31:10 +0000: Memory Usage (138420K) : graphmet1l_drw has 0 polygons
2026-08-20 17:31:10 +0000: Memory Usage (138548K) : graphmet1l_filler has 0 polygons
2026-08-20 17:31:10 +0000: Memory Usage (138548K) : graphmet1l_nofill has 0 polygons
2026-08-20 17:31:10 +0000: Memory Usage (138548K) : graphmet1l_slit has 0 polygons
2026-08-20 17:31:10 +0000: Memory Usage (138548K) : graphmet1l_OPC has 0 polygons
2026-08-20 17:31:10 +0000: Memory Usage (138676K) : extblock_drw has 6 polygons
2026-08-20 17:31:10 +0000: Memory Usage (138676K) : nldd_drw has 0 polygons
2026-08-20 17:31:10 +0000: Memory Usage (138676K) : pldd_drw has 0 polygons
2026-08-20 17:31:10 +0000: Memory Usage (138676K) : next_drw has 0 polygons
2026-08-20 17:31:10 +0000: Memory Usage (138676K) : pext_drw has 0 polygons
2026-08-20 17:31:10 +0000: Memory Usage (138676K) : nexthv_drw has 0 polygons
2026-08-20 17:31:10 +0000: Memory Usage (138804K) : pexthv_drw has 0 polygons
2026-08-20 17:31:10 +0000: Memory Usage (138804K) : graphgate_drw has 0 polygons
2026-08-20 17:31:10 +0000: Memory Usage (138804K) : sinwg_drw has 0 polygons
2026-08-20 17:31:10 +0000: Memory Usage (138804K) : sinwg_filler has 0 polygons
2026-08-20 17:31:10 +0000: Memory Usage (138804K) : sinwg_nofill has 0 polygons
2026-08-20 17:31:10 +0000: Memory Usage (138932K) : mempad_drw has 0 polygons
2026-08-20 17:31:10 +0000: Memory Usage (138932K) : topvia1_drw has 485 polygons
2026-08-20 17:31:10 +0000: Memory Usage (138932K) : topmetal1_drw has 58 polygons
2026-08-20 17:31:10 +0000: Memory Usage (138932K) : topmetal1_filler has 0 polygons
2026-08-20 17:31:10 +0000: Memory Usage (138932K) : topmetal1_slit has 0 polygons
2026-08-20 17:31:10 +0000: Memory Usage (138932K) : topmetal1 has 58 polygons
2026-08-20 17:31:10 +0000: Memory Usage (139060K) : topmetal1_pin has 0 polygons
2026-08-20 17:31:10 +0000: Memory Usage (139060K) : topmetal1_mask has 0 polygons
2026-08-20 17:31:10 +0000: Memory Usage (139060K) : topmetal1_nofill has 2 polygons
2026-08-20 17:31:10 +0000: Memory Usage (139060K) : topmetal1_text has 0 polygons
2026-08-20 17:31:10 +0000: Memory Usage (139188K) : topmetal1_noqrc has 0 polygons
2026-08-20 17:31:10 +0000: Memory Usage (139188K) : topmetal1_res has 0 polygons
2026-08-20 17:31:10 +0000: Memory Usage (139188K) : topmetal1_iprobe has 0 polygons
2026-08-20 17:31:10 +0000: Memory Usage (139188K) : topmetal1_diffprb has 0 polygons
2026-08-20 17:31:10 +0000: Memory Usage (139316K) : inldpwl_drw has 0 polygons
2026-08-20 17:31:10 +0000: Memory Usage (139316K) : polyres_drw has 2 polygons
2026-08-20 17:31:10 +0000: Memory Usage (139316K) : polyres_pin has 0 polygons
2026-08-20 17:31:10 +0000: Memory Usage (139316K) : vmim_drw has 0 polygons
2026-08-20 17:31:10 +0000: Memory Usage (139444K) : nbulaycut_drw has 0 polygons
2026-08-20 17:31:10 +0000: Memory Usage (139444K) : antmetal1_drw has 0 polygons
2026-08-20 17:31:10 +0000: Memory Usage (139444K) : topvia2_drw has 239 polygons
2026-08-20 17:31:10 +0000: Memory Usage (139700K) : topmetal2_drw has 76 polygons
2026-08-20 17:31:10 +0000: Memory Usage (139700K) : topmetal2_filler has 0 polygons
2026-08-20 17:31:10 +0000: Memory Usage (139700K) : topmetal2_slit has 0 polygons
2026-08-20 17:31:10 +0000: Memory Usage (139828K) : topmetal2 has 76 polygons
2026-08-20 17:31:10 +0000: Memory Usage (139828K) : topmetal2_pin has 4 polygons
2026-08-20 17:31:10 +0000: Memory Usage (139828K) : topmetal2_mask has 0 polygons
2026-08-20 17:31:10 +0000: Memory Usage (139828K) : topmetal2_nofill has 2 polygons
2026-08-20 17:31:10 +0000: Memory Usage (139956K) : topmetal2_text has 8 polygons
2026-08-20 17:31:10 +0000: Memory Usage (139956K) : topmetal2_noqrc has 0 polygons
2026-08-20 17:31:10 +0000: Memory Usage (139956K) : topmetal2_res has 0 polygons
2026-08-20 17:31:10 +0000: Memory Usage (139956K) : topmetal2_iprobe has 0 polygons
2026-08-20 17:31:10 +0000: Memory Usage (140084K) : topmetal2_diffprb has 0 polygons
2026-08-20 17:31:10 +0000: Memory Usage (140084K) : snsring_drw has 0 polygons
2026-08-20 17:31:10 +0000: Memory Usage (140084K) : sensor_drw has 0 polygons
2026-08-20 17:31:10 +0000: Memory Usage (140084K) : snsarms_drw has 0 polygons
2026-08-20 17:31:10 +0000: Memory Usage (140212K) : snscmosvia_drw has 0 polygons
2026-08-20 17:31:10 +0000: Memory Usage (140212K) : colwind_drw has 0 polygons
2026-08-20 17:31:10 +0000: Memory Usage (140340K) : flm_drw has 0 polygons
2026-08-20 17:31:10 +0000: Memory Usage (140340K) : hafniumox_drw has 0 polygons
2026-08-20 17:31:10 +0000: Memory Usage (140340K) : memvia_drw has 0 polygons
2026-08-20 17:31:10 +0000: Memory Usage (140340K) : thinfilmres_drw has 0 polygons
2026-08-20 17:31:10 +0000: Memory Usage (140340K) : rfmem_drw has 0 polygons
2026-08-20 17:31:10 +0000: Memory Usage (140340K) : norcx_drw has 2 polygons
2026-08-20 17:31:10 +0000: Memory Usage (140340K) : norcx_m2m3 has 0 polygons
2026-08-20 17:31:10 +0000: Memory Usage (140340K) : norcx_m2m4 has 0 polygons
2026-08-20 17:31:10 +0000: Memory Usage (140340K) : norcx_m2m5 has 0 polygons
2026-08-20 17:31:10 +0000: Memory Usage (140340K) : norcx_m2tm1 has 0 polygons
2026-08-20 17:31:10 +0000: Memory Usage (140340K) : norcx_m2tm2 has 0 polygons
2026-08-20 17:31:10 +0000: Memory Usage (140340K) : norcx_m3m4 has 0 polygons
2026-08-20 17:31:10 +0000: Memory Usage (140340K) : norcx_m3m5 has 0 polygons
2026-08-20 17:31:10 +0000: Memory Usage (140340K) : norcx_m3tm1 has 0 polygons
2026-08-20 17:31:10 +0000: Memory Usage (140340K) : norcx_m3tm2 has 0 polygons
2026-08-20 17:31:10 +0000: Memory Usage (140340K) : norcx_m4m5 has 0 polygons
2026-08-20 17:31:10 +0000: Memory Usage (140340K) : norcx_m4tm1 has 0 polygons
2026-08-20 17:31:10 +0000: Memory Usage (140340K) : norcx_m4tm2 has 0 polygons
2026-08-20 17:31:10 +0000: Memory Usage (140340K) : norcx_m5tm1 has 0 polygons
2026-08-20 17:31:10 +0000: Memory Usage (140340K) : norcx_m5tm2 has 0 polygons
2026-08-20 17:31:10 +0000: Memory Usage (140340K) : norcx_tm1tm2 has 0 polygons
2026-08-20 17:31:10 +0000: Memory Usage (140340K) : norcx_m1sub has 0 polygons
2026-08-20 17:31:10 +0000: Memory Usage (140340K) : norcx_m2sub has 0 polygons
2026-08-20 17:31:10 +0000: Memory Usage (140340K) : norcx_m3sub has 0 polygons
2026-08-20 17:31:10 +0000: Memory Usage (140340K) : norcx_m4sub has 0 polygons
2026-08-20 17:31:10 +0000: Memory Usage (140340K) : norcx_m5sub has 0 polygons
2026-08-20 17:31:10 +0000: Memory Usage (140340K) : norcx_tm1sub has 0 polygons
2026-08-20 17:31:10 +0000: Memory Usage (140340K) : norcx_tm2sub has 0 polygons
2026-08-20 17:31:10 +0000: Memory Usage (140340K) : snsbotvia_drw has 0 polygons
2026-08-20 17:31:10 +0000: Memory Usage (140340K) : snstopvia_drw has 0 polygons
2026-08-20 17:31:10 +0000: Memory Usage (140340K) : deepvia_drw has 0 polygons
2026-08-20 17:31:10 +0000: Memory Usage (140340K) : fgetch_drw has 0 polygons
2026-08-20 17:31:10 +0000: Memory Usage (140340K) : ctrgat_drw has 0 polygons
2026-08-20 17:31:10 +0000: Memory Usage (140340K) : fgimp_drw has 0 polygons
2026-08-20 17:31:10 +0000: Memory Usage (140340K) : emwihv_drw has 0 polygons
2026-08-20 17:31:10 +0000: Memory Usage (140340K) : lbe_drw has 2 polygons
2026-08-20 17:31:10 +0000: Memory Usage (140340K) : alcustop_drw has 0 polygons
2026-08-20 17:31:10 +0000: Memory Usage (140340K) : nometfiller_drw has 0 polygons
2026-08-20 17:31:10 +0000: Memory Usage (140340K) : prboundary_drw has 0 polygons
2026-08-20 17:31:10 +0000: Memory Usage (140340K) : exchange0_drw has 0 polygons
2026-08-20 17:31:10 +0000: Memory Usage (140340K) : exchange0_pin has 0 polygons
2026-08-20 17:31:10 +0000: Memory Usage (140340K) : exchange0_text has 0 polygons
2026-08-20 17:31:10 +0000: Memory Usage (140340K) : exchange1_drw has 0 polygons
2026-08-20 17:31:10 +0000: Memory Usage (140340K) : exchange1_pin has 0 polygons
2026-08-20 17:31:10 +0000: Memory Usage (140340K) : exchange1_text has 0 polygons
2026-08-20 17:31:10 +0000: Memory Usage (140340K) : exchange2_drw has 0 polygons
2026-08-20 17:31:10 +0000: Memory Usage (140340K) : exchange2_pin has 0 polygons
2026-08-20 17:31:10 +0000: Memory Usage (140340K) : exchange2_text has 0 polygons
2026-08-20 17:31:10 +0000: Memory Usage (140340K) : exchange3_drw has 0 polygons
2026-08-20 17:31:10 +0000: Memory Usage (140340K) : exchange3_pin has 0 polygons
2026-08-20 17:31:10 +0000: Memory Usage (140340K) : exchange3_text has 0 polygons
2026-08-20 17:31:10 +0000: Memory Usage (140340K) : exchange4_drw has 0 polygons
2026-08-20 17:31:10 +0000: Memory Usage (140340K) : exchange4_pin has 0 polygons
2026-08-20 17:31:10 +0000: Memory Usage (140340K) : exchange4_text has 0 polygons
2026-08-20 17:31:10 +0000: Memory Usage (140340K) : isonwell_drw has 0 polygons
2026-08-20 17:31:10 +0000: Memory Usage (140340K) : Total no. of polygons in the design is 32177
2026-08-20 17:31:10 +0000: Memory Usage (140340K) : Starting base layers derivations
2026-08-20 17:31:10 +0000: Memory Usage (140340K) : Starting general LVS derivations
2026-08-20 17:31:10 +0000: Memory Usage (144768K) : Starting MOSFET DERIVATIONS
2026-08-20 17:31:10 +0000: Memory Usage (145536K) : Starting NMOS DERIVATIONS
2026-08-20 17:31:10 +0000: Memory Usage (145536K) : Starting PMOS DERIVATIONS
2026-08-20 17:31:10 +0000: Memory Usage (145536K) : Starting RF-MOSFET DERIVATIONS
2026-08-20 17:31:10 +0000: Memory Usage (145536K) : Starting RF-NMOS DERIVATIONS
2026-08-20 17:31:10 +0000: Memory Usage (145536K) : Starting RF-PMOS DERIVATIONS
2026-08-20 17:31:10 +0000: Memory Usage (145536K) : Starting BJT DERIVATIONS
2026-08-20 17:31:10 +0000: Memory Usage (145536K) : Starting NPN-BJT DERIVATIONS
2026-08-20 17:31:10 +0000: Memory Usage (145664K) : Starting PNP-BJT DERIVATIONS
2026-08-20 17:31:10 +0000: Memory Usage (145664K) : Starting DIODE DERIVATIONS
2026-08-20 17:31:11 +0000: Memory Usage (145664K) : Starting RESISTOR DERIVATIONS
2026-08-20 17:31:11 +0000: Memory Usage (145664K) : Starting CAP DERIVATIONS
2026-08-20 17:31:11 +0000: Memory Usage (145664K) : Starting CAP_CMOM DERIVATIONS
2026-08-20 17:31:11 +0000: Memory Usage (145664K) : Starting CAP_CMOMF DERIVATIONS
2026-08-20 17:31:11 +0000: Memory Usage (145664K) : Starting ESD DERIVATIONS
2026-08-20 17:31:12 +0000: Memory Usage (145792K) : Starting Inductor DERIVATIONS
2026-08-20 17:31:12 +0000: Memory Usage (145792K) : Starting Taps DERIVATIONS
2026-08-20 17:31:13 +0000: Memory Usage (145792K) : Starting SG13G2 LVS connectivity setup
2026-08-20 17:31:13 +0000: Memory Usage (145792K) : Starting SG13G2 LVS connectivity setup (Inter-layer)
2026-08-20 17:31:13 +0000: Memory Usage (145920K) : Starting SG13G2 LVS connectivity setup (Global)
2026-08-20 17:31:13 +0000: Memory Usage (145920K) : Starting LVS MOSFET CONNECTIONS
2026-08-20 17:31:13 +0000: Memory Usage (145920K) : Starting LVS RF-MOSFET CONNECTIONS
2026-08-20 17:31:13 +0000: Memory Usage (145920K) : Starting LVS BJT CONNECTIONS
2026-08-20 17:31:13 +0000: Memory Usage (145920K) : Starting LVS DIODE CONNECTIONS
2026-08-20 17:31:13 +0000: Memory Usage (145920K) : Starting RESISTOR CONNECTIONS
2026-08-20 17:31:13 +0000: Memory Usage (145920K) : Starting LVS CAP CONNECTIONS
2026-08-20 17:31:13 +0000: Memory Usage (145920K) : Starting CAP_CMOM CONNECTIONS
2026-08-20 17:31:13 +0000: Memory Usage (145920K) : Starting CAP_CMOMF CONNECTIONS
2026-08-20 17:31:13 +0000: Memory Usage (145920K) : Starting ESD CONNECTIONS
2026-08-20 17:31:13 +0000: Memory Usage (145920K) : Starting Inductor CONNECTIONS
2026-08-20 17:31:13 +0000: Memory Usage (145920K) : Starting LVS Taps CONNECTIONS
2026-08-20 17:31:13 +0000: Memory Usage (145920K) : Starting SG13G2 LVS DEVICES EXTRACTION
2026-08-20 17:31:13 +0000: Memory Usage (145920K) : Starting MOSFET EXTRACTION
2026-08-20 17:31:13 +0000: Memory Usage (145920K) : Starting NMOS EXTRACTION
2026-08-20 17:31:13 +0000: Memory Usage (145920K) : Extraction of NMOS-LV transistor
2026-08-20 17:31:13 +0000: Memory Usage (146048K) : Extraction of NMOS-HV transistor
2026-08-20 17:31:13 +0000: Memory Usage (146048K) : Starting PMOS EXTRACTION
2026-08-20 17:31:13 +0000: Memory Usage (146048K) : Extraction of PMOS-LV transistor
2026-08-20 17:31:13 +0000: Memory Usage (146048K) : Extraction of PMOS-HV transistor
2026-08-20 17:31:13 +0000: Memory Usage (146048K) : Starting RF-MOSFET EXTRACTION
2026-08-20 17:31:13 +0000: Memory Usage (146048K) : Extraction of RF-NMOS-LV transistor
2026-08-20 17:31:13 +0000: Memory Usage (146048K) : Extraction of RF-NMOS-HV transistor
2026-08-20 17:31:13 +0000: Memory Usage (146048K) : Extraction of RF-PMOS-LV transistor
2026-08-20 17:31:13 +0000: Memory Usage (146048K) : Extraction of RF-PMOS-HV transistor
2026-08-20 17:31:13 +0000: Memory Usage (146048K) : Starting BJT EXTRACTION
2026-08-20 17:31:13 +0000: Memory Usage (146048K) : Starting NPN-BJT EXTRACTION
2026-08-20 17:31:13 +0000: Memory Usage (146048K) : Extraction of npn13G2 BJT transistor
2026-08-20 17:31:13 +0000: Memory Usage (146048K) : Extraction of npn13G2L BJT transistor
2026-08-20 17:31:13 +0000: Memory Usage (146048K) : Extraction of npn13G2V BJT transistor
2026-08-20 17:31:13 +0000: Memory Usage (146048K) : Starting PNP-BJT EXTRACTION
2026-08-20 17:31:13 +0000: Memory Usage (146048K) : Extracting pnpMPA BJT
2026-08-20 17:31:13 +0000: Memory Usage (146048K) : Starting DIODE EXTRACTION
2026-08-20 17:31:13 +0000: Memory Usage (146048K) : Extracting dantenna diode
2026-08-20 17:31:13 +0000: Memory Usage (146048K) : Extracting dpantenna diode
2026-08-20 17:31:13 +0000: Memory Usage (146048K) : Extracting schottky_nbl1 diode
2026-08-20 17:31:13 +0000: Memory Usage (146048K) : Extracting isolbox diode
2026-08-20 17:31:13 +0000: Memory Usage (146048K) : Starting RESISTOR EXTRACTION
2026-08-20 17:31:13 +0000: Memory Usage (146048K) : Extracting rsil resistor
2026-08-20 17:31:13 +0000: Memory Usage (146048K) : Extracting rppd resistor
2026-08-20 17:31:13 +0000: Memory Usage (146048K) : Extracting rhigh resistor
2026-08-20 17:31:13 +0000: Memory Usage (146048K) : Extracting res_metal1 resistor
2026-08-20 17:31:13 +0000: Memory Usage (146048K) : Extracting res_metal2 resistor
2026-08-20 17:31:13 +0000: Memory Usage (146048K) : Extracting res_metal3 resistor
2026-08-20 17:31:13 +0000: Memory Usage (146048K) : Extracting res_metal4 resistor
2026-08-20 17:31:13 +0000: Memory Usage (146048K) : Extracting res_metal5 resistor
2026-08-20 17:31:13 +0000: Memory Usage (146048K) : Extracting res_topmetal1 resistor
2026-08-20 17:31:13 +0000: Memory Usage (146048K) : Extracting res_topmetal2 resistor
2026-08-20 17:31:13 +0000: Memory Usage (146048K) : Starting CAP EXTRACTION
2026-08-20 17:31:13 +0000: Memory Usage (146048K) : Extracting cap_cmim device
2026-08-20 17:31:13 +0000: Memory Usage (146048K) : Extracting rfcmim device
2026-08-20 17:31:13 +0000: Memory Usage (146048K) : Extracting sg13_hv_svaricap varactor
2026-08-20 17:31:13 +0000: Memory Usage (146048K) : Extracting cap_cmomi device
2026-08-20 17:31:13 +0000: Memory Usage (146048K) : Extracting cap_cmomf device
2026-08-20 17:31:13 +0000: Memory Usage (146048K) : Extracting sg13_moscap_n capacitor
2026-08-20 17:31:13 +0000: Memory Usage (146048K) : Extracting sg13_moscap_p capacitor
2026-08-20 17:31:13 +0000: Memory Usage (146048K) : Starting ESD EXTRACTION
2026-08-20 17:31:13 +0000: Memory Usage (146048K) : Extracting diodevdd_2kv ESD device
2026-08-20 17:31:13 +0000: Memory Usage (146048K) : Extracting diodevdd_4kv ESD device
2026-08-20 17:31:13 +0000: Memory Usage (146048K) : Extracting diodevss_2kv ESD device
2026-08-20 17:31:13 +0000: Memory Usage (146176K) : Extracting diodevss_4kv ESD device
2026-08-20 17:31:13 +0000: Memory Usage (146176K) : Extracting idiodevdd_2kv ESD device
2026-08-20 17:31:13 +0000: Memory Usage (146176K) : Extracting idiodevdd_4kv ESD device
2026-08-20 17:31:13 +0000: Memory Usage (146176K) : Extracting idiodevss_2kv ESD device
2026-08-20 17:31:13 +0000: Memory Usage (146176K) : Extracting idiodevss_4kv ESD device
2026-08-20 17:31:13 +0000: Memory Usage (146176K) : Extracting nmoscl_2 ESD device
2026-08-20 17:31:13 +0000: Memory Usage (146176K) : Extracting nmoscl_4 ESD device
2026-08-20 17:31:13 +0000: Memory Usage (146176K) : Starting Inductor EXTRACTION
2026-08-20 17:31:13 +0000: Memory Usage (146176K) : Extracting Inductor2 device
2026-08-20 17:31:13 +0000: Memory Usage (146304K) : Extracting Inductor3 device
2026-08-20 17:31:13 +0000: Memory Usage (146304K) : Starting Taps EXTRACTION
2026-08-20 17:31:13 +0000: Memory Usage (146304K) : DISABLE_TAP_EXTRACTION is enabled: skipping ntap1/ptap1 device extraction.
2026-08-20 17:31:13 +0000: Memory Usage (146304K) : Starting SG13G2 LVS RF MOS Model Mapping
2026-08-20 17:31:13 +0000: Memory Usage (146432K) : [layout_netlist] Apply RF MOS model mapping and rfmode parameter.
2026-08-20 17:31:13 +0000: Memory Usage (146432K) : Starting SG13G2 LVS Options Preparations
2026-08-20 17:31:13 +0000: Memory Usage (146432K) : SG13G2 LVS flow: extraction -> alignment -> option preparation -> comparison.
2026-08-20 17:31:13 +0000: Memory Usage (146432K) : Starting SG13G2 LVS Alignment
2026-08-20 17:31:13 +0000: Memory Usage (146432K) : Starting SG13G2 LVS Simplification
2026-08-20 17:31:13 +0000: Memory Usage (146432K) : [layout_netlist] simplify: ENABLED
2026-08-20 17:31:13 +0000: Memory Usage (146432K) : [layout_netlist] make_top_level_pins: SKIPPED
2026-08-20 17:31:13 +0000: Memory Usage (146432K) : [layout_netlist] combine_devices: SKIPPED
2026-08-20 17:31:13 +0000: Memory Usage (146432K) : [layout_netlist] purge: SKIPPED
2026-08-20 17:31:13 +0000: Memory Usage (146432K) : [layout_netlist] purge_nets: SKIPPED
2026-08-20 17:31:13 +0000: Memory Usage (146432K) : [schematic_netlist] simplify: ENABLED
2026-08-20 17:31:13 +0000: Memory Usage (146432K) : [schematic_netlist] make_top_level_pins: SKIPPED
2026-08-20 17:31:13 +0000: Memory Usage (146432K) : [schematic_netlist] combine_devices: SKIPPED
2026-08-20 17:31:13 +0000: Memory Usage (146432K) : [schematic_netlist] purge: SKIPPED
2026-08-20 17:31:13 +0000: Memory Usage (146432K) : [schematic_netlist] purge_nets: SKIPPED
2026-08-20 17:31:13 +0000: Memory Usage (146432K) : Starting SG13G2 LVS Comparison
2026-08-20 17:31:13 +0000: Memory Usage (146560K) : xxxxxxxxxxxxxxxxxxxxxxxxxxxxxxxxxxxxxxxxxx
2026-08-20 17:31:13 +0000: Memory Usage (146560K) : ERROR : Netlists don't match
2026-08-20 17:31:13 +0000: Memory Usage (146560K) : xxxxxxxxxxxxxxxxxxxxxxxxxxxxxxxxxxxxxxxxxx
2026-08-20 17:31:13 +0000: Memory Usage (146560K) : LVS Total Run time 3.266276 seconds
