$ /home/ubuntu/.local/share/ihp-eda/venv/bin/python /home/ubuntu/.local/share/ihp-eda/IHP-Open-PDK/ihp-sg13g2/libs.tech/klayout/tech/lvs/run_lvs.py --layout=/workspace/layout/blocks/out/driver_stage/bisect_extra3/no_feed/driver_dut.gds --netlist=/workspace/layout/blocks/out/driver_stage/bisect_extra3/no_feed/driver_dut.cdl --run_dir=/workspace/layout/blocks/out/driver_stage/bisect_extra3/no_feed/lvs --run_mode=deep --topcell=driver_dut --implicit_nets=sub,sub! --ignore_top_ports_mismatch --disable_tap_extraction

--- stdout ---
2026-08-20 17:01:41 +0000: Memory Usage (128752K) : Starting running SG13G2 Klayout LVS runset on /workspace/layout/blocks/out/driver_stage/bisect_extra3/no_feed/driver_dut.gds
2026-08-20 17:01:41 +0000: Memory Usage (128752K) : Ruby Version for klayout: 3.2.3
2026-08-20 17:01:41 +0000: Memory Usage (129964K) : Loading database to memory is complete.
2026-08-20 17:01:41 +0000: Memory Usage (129964K) : SG13G2 Klayout LVS runset output at: /workspace/layout/blocks/out/driver_stage/bisect_extra3/no_feed/lvs/driver_dut.lvsdb
2026-08-20 17:01:41 +0000: Memory Usage (129964K) : Evaluate switches.
2026-08-20 17:01:41 +0000: Memory Usage (129964K) : Extracted netlist with net names: true
2026-08-20 17:01:41 +0000: Memory Usage (129964K) : Extracted netlist with comments in details: false
2026-08-20 17:01:41 +0000: Memory Usage (129964K) : Selected NET_ONLY option: false
2026-08-20 17:01:41 +0000: Memory Usage (129964K) : Selected LAYOUT_NETLIST option: (none)
2026-08-20 17:01:41 +0000: Memory Usage (129964K) : Selected IGNORE_TOP_PORTS_MISMATCH option: true
2026-08-20 17:01:41 +0000: Memory Usage (129964K) : Selected IMPLICIT_NETS option: sub,sub!
2026-08-20 17:01:41 +0000: Memory Usage (129964K) : Selected TOP_LVL_PINS option: false
2026-08-20 17:01:41 +0000: Memory Usage (129964K) : Selected COMBINE DEVICES option: false
2026-08-20 17:01:41 +0000: Memory Usage (129964K) : Selected PURGE option: false
2026-08-20 17:01:41 +0000: Memory Usage (129964K) : Selected PURGE_NETS option: false
2026-08-20 17:01:41 +0000: Memory Usage (129964K) : Selected SIMPLIFY option: true
2026-08-20 17:01:41 +0000: Memory Usage (129964K) : Selected SERIES_RES option: true
2026-08-20 17:01:41 +0000: Memory Usage (129964K) : Selected PARALLEL_RES option: true
2026-08-20 17:01:41 +0000: Memory Usage (129964K) : Selected DISABLE_TAP_EXTRACTION option: true
2026-08-20 17:01:41 +0000: Memory Usage (129964K) : deep  mode is enabled.
2026-08-20 17:01:41 +0000: Memory Usage (129964K) : Applying implicit connections (case-sensitive, pattern supported) for nets: sub, sub!
2026-08-20 17:01:41 +0000: Memory Usage (131124K) : Netlist file: /workspace/layout/blocks/out/driver_stage/bisect_extra3/no_feed/driver_dut.cdl
2026-08-20 17:01:41 +0000: Memory Usage (131124K) : LVS extracted netlist at: /workspace/layout/blocks/out/driver_stage/bisect_extra3/no_feed/lvs/driver_dut_extracted.cir
2026-08-20 17:01:41 +0000: Memory Usage (131124K) : Applying SRAM integration support.
2026-08-20 17:01:41 +0000: Memory Usage (131124K) : Starting SG13G2 LVS runset
2026-08-20 17:01:41 +0000: Memory Usage (131124K) : Read in polygons from layers.
2026-08-20 17:01:41 +0000: Memory Usage (132484K) : activ_drw has 899 polygons
2026-08-20 17:01:41 +0000: Memory Usage (132484K) : activ_filler has 0 polygons
2026-08-20 17:01:41 +0000: Memory Usage (132572K) : activ has 899 polygons
2026-08-20 17:01:41 +0000: Memory Usage (133084K) : activ_pin has 0 polygons
2026-08-20 17:01:41 +0000: Memory Usage (133084K) : activ_mask has 4 polygons
2026-08-20 17:01:41 +0000: Memory Usage (133084K) : activ_nofill has 2 polygons
2026-08-20 17:01:41 +0000: Memory Usage (133084K) : activ_OPC has 0 polygons
2026-08-20 17:01:41 +0000: Memory Usage (133084K) : activ_iOPC has 0 polygons
2026-08-20 17:01:41 +0000: Memory Usage (133084K) : activ_noqrc has 0 polygons
2026-08-20 17:01:41 +0000: Memory Usage (133084K) : biwind_drw has 0 polygons
2026-08-20 17:01:41 +0000: Memory Usage (133084K) : biwind_OPC has 0 polygons
2026-08-20 17:01:41 +0000: Memory Usage (133084K) : gatpoly_drw has 140 polygons
2026-08-20 17:01:41 +0000: Memory Usage (133084K) : gatpoly_filler has 0 polygons
2026-08-20 17:01:41 +0000: Memory Usage (133084K) : gatpoly has 140 polygons
2026-08-20 17:01:41 +0000: Memory Usage (133084K) : gatpoly_pin has 119 polygons
2026-08-20 17:01:41 +0000: Memory Usage (133084K) : gatpoly_nofill has 2 polygons
2026-08-20 17:01:41 +0000: Memory Usage (133084K) : gatpoly_OPC has 0 polygons
2026-08-20 17:01:41 +0000: Memory Usage (133084K) : gatpoly_iOPC has 0 polygons
2026-08-20 17:01:41 +0000: Memory Usage (133084K) : gatpoly_noqrc has 0 polygons
2026-08-20 17:01:41 +0000: Memory Usage (133212K) : cont_drw has 14577 polygons
2026-08-20 17:01:41 +0000: Memory Usage (133212K) : cont_OPC has 0 polygons
2026-08-20 17:01:41 +0000: Memory Usage (133212K) : nsd_drw has 0 polygons
2026-08-20 17:01:41 +0000: Memory Usage (133340K) : nsd_block has 4 polygons
2026-08-20 17:01:41 +0000: Memory Usage (133340K) : metal1_drw has 1566 polygons
2026-08-20 17:01:41 +0000: Memory Usage (133340K) : metal1_filler has 0 polygons
2026-08-20 17:01:41 +0000: Memory Usage (133468K) : metal1_slit has 0 polygons
2026-08-20 17:01:41 +0000: Memory Usage (133596K) : metal1 has 1566 polygons
2026-08-20 17:01:41 +0000: Memory Usage (133596K) : metal1_pin has 750 polygons
2026-08-20 17:01:41 +0000: Memory Usage (133724K) : metal1_mask has 0 polygons
2026-08-20 17:01:41 +0000: Memory Usage (133724K) : metal1_nofill has 2 polygons
2026-08-20 17:01:41 +0000: Memory Usage (133980K) : metal1_text has 5 polygons
2026-08-20 17:01:41 +0000: Memory Usage (133980K) : metal1_OPC has 0 polygons
2026-08-20 17:01:41 +0000: Memory Usage (134108K) : metal1_noqrc has 0 polygons
2026-08-20 17:01:41 +0000: Memory Usage (134108K) : metal1_res has 0 polygons
2026-08-20 17:01:41 +0000: Memory Usage (134108K) : metal1_iprobe has 0 polygons
2026-08-20 17:01:41 +0000: Memory Usage (134236K) : metal1_diffprb has 0 polygons
2026-08-20 17:01:41 +0000: Memory Usage (134236K) : passiv_drw has 2 polygons
2026-08-20 17:01:41 +0000: Memory Usage (134364K) : passiv_pin has 0 polygons
2026-08-20 17:01:41 +0000: Memory Usage (134364K) : passiv_sbump has 0 polygons
2026-08-20 17:01:41 +0000: Memory Usage (134364K) : passiv_pillar has 0 polygons
2026-08-20 17:01:41 +0000: Memory Usage (134492K) : passiv_pdl has 0 polygons
2026-08-20 17:01:41 +0000: Memory Usage (134492K) : metal2_drw has 586 polygons
2026-08-20 17:01:41 +0000: Memory Usage (134492K) : metal2_filler has 0 polygons
2026-08-20 17:01:41 +0000: Memory Usage (134492K) : metal2_slit has 0 polygons
2026-08-20 17:01:41 +0000: Memory Usage (134620K) : metal2 has 586 polygons
2026-08-20 17:01:41 +0000: Memory Usage (134620K) : metal2_pin has 10 polygons
2026-08-20 17:01:41 +0000: Memory Usage (134620K) : metal2_mask has 0 polygons
2026-08-20 17:01:41 +0000: Memory Usage (134748K) : metal2_nofill has 2 polygons
2026-08-20 17:01:41 +0000: Memory Usage (134748K) : metal2_text has 3 polygons
2026-08-20 17:01:41 +0000: Memory Usage (134748K) : metal2_OPC has 0 polygons
2026-08-20 17:01:41 +0000: Memory Usage (134748K) : metal2_noqrc has 0 polygons
2026-08-20 17:01:41 +0000: Memory Usage (134876K) : metal2_res has 0 polygons
2026-08-20 17:01:41 +0000: Memory Usage (134876K) : metal2_iprobe has 0 polygons
2026-08-20 17:01:41 +0000: Memory Usage (134876K) : metal2_diffprb has 0 polygons
2026-08-20 17:01:41 +0000: Memory Usage (134876K) : baspoly_drw has 0 polygons
2026-08-20 17:01:41 +0000: Memory Usage (135004K) : baspoly_pin has 0 polygons
2026-08-20 17:01:41 +0000: Memory Usage (135004K) : psd_drw has 515 polygons
2026-08-20 17:01:41 +0000: Memory Usage (135004K) : nldb_drw has 0 polygons
2026-08-20 17:01:41 +0000: Memory Usage (135004K) : digibnd_drw has 0 polygons
2026-08-20 17:01:41 +0000: Memory Usage (135132K) : via1_drw has 7666 polygons
2026-08-20 17:01:41 +0000: Memory Usage (135132K) : backmetal1_drw has 0 polygons
2026-08-20 17:01:41 +0000: Memory Usage (135132K) : backmetal1_pin has 0 polygons
2026-08-20 17:01:41 +0000: Memory Usage (135132K) : backmetal1_mask has 0 polygons
2026-08-20 17:01:41 +0000: Memory Usage (135260K) : backmetal1_filler has 0 polygons
2026-08-20 17:01:41 +0000: Memory Usage (135260K) : backmetal1_nofill has 0 polygons
2026-08-20 17:01:41 +0000: Memory Usage (135260K) : backmetal1_slit has 0 polygons
2026-08-20 17:01:41 +0000: Memory Usage (135260K) : backmetal1_text has 0 polygons
2026-08-20 17:01:41 +0000: Memory Usage (135388K) : backmetal1_OPC has 0 polygons
2026-08-20 17:01:41 +0000: Memory Usage (135388K) : backmetal1_noqrc has 0 polygons
2026-08-20 17:01:41 +0000: Memory Usage (135388K) : backmetal1_res has 0 polygons
2026-08-20 17:01:41 +0000: Memory Usage (135388K) : backmetal1_iprobe has 0 polygons
2026-08-20 17:01:41 +0000: Memory Usage (135516K) : backmetal1_diffprb has 0 polygons
2026-08-20 17:01:41 +0000: Memory Usage (135516K) : backpassiv_drw has 0 polygons
2026-08-20 17:01:41 +0000: Memory Usage (135516K) : res_drw has 2 polygons
2026-08-20 17:01:41 +0000: Memory Usage (135644K) : sram_drw has 0 polygons
2026-08-20 17:01:41 +0000: Memory Usage (135644K) : trans_drw has 2 polygons
2026-08-20 17:01:41 +0000: Memory Usage (135644K) : ind_drw has 2 polygons
2026-08-20 17:01:41 +0000: Memory Usage (135644K) : ind_pin has 4 polygons
2026-08-20 17:01:41 +0000: Memory Usage (135772K) : ind_text has 4 polygons
2026-08-20 17:01:41 +0000: Memory Usage (135772K) : salblock_drw has 12 polygons
2026-08-20 17:01:41 +0000: Memory Usage (135772K) : via2_drw has 853 polygons
2026-08-20 17:01:41 +0000: Memory Usage (135900K) : metal3_drw has 77 polygons
2026-08-20 17:01:41 +0000: Memory Usage (135900K) : metal3_filler has 0 polygons
2026-08-20 17:01:41 +0000: Memory Usage (135900K) : metal3_slit has 0 polygons
2026-08-20 17:01:41 +0000: Memory Usage (135900K) : metal3 has 77 polygons
2026-08-20 17:01:41 +0000: Memory Usage (135900K) : metal3_pin has 2 polygons
2026-08-20 17:01:41 +0000: Memory Usage (135900K) : metal3_mask has 0 polygons
2026-08-20 17:01:41 +0000: Memory Usage (135900K) : metal3_nofill has 2 polygons
2026-08-20 17:01:41 +0000: Memory Usage (135900K) : metal3_text has 0 polygons
2026-08-20 17:01:41 +0000: Memory Usage (135900K) : metal3_OPC has 0 polygons
2026-08-20 17:01:41 +0000: Memory Usage (135900K) : metal3_noqrc has 0 polygons
2026-08-20 17:01:41 +0000: Memory Usage (135900K) : metal3_res has 0 polygons
2026-08-20 17:01:41 +0000: Memory Usage (135900K) : metal3_iprobe has 0 polygons
2026-08-20 17:01:41 +0000: Memory Usage (135900K) : metal3_diffprb has 0 polygons
2026-08-20 17:01:41 +0000: Memory Usage (135900K) : nwell_drw has 14 polygons
2026-08-20 17:01:41 +0000: Memory Usage (135900K) : nwell_pin has 0 polygons
2026-08-20 17:01:41 +0000: Memory Usage (135900K) : nwell_text has 0 polygons
2026-08-20 17:01:41 +0000: Memory Usage (136028K) : nbulay_drw has 1 polygons
2026-08-20 17:01:41 +0000: Memory Usage (136028K) : nbulay_pin has 0 polygons
2026-08-20 17:01:41 +0000: Memory Usage (136028K) : nbulay_block has 0 polygons
2026-08-20 17:01:41 +0000: Memory Usage (136028K) : emwind_drw has 4 polygons
2026-08-20 17:01:41 +0000: Memory Usage (136028K) : emwind_OPC has 0 polygons
2026-08-20 17:01:41 +0000: Memory Usage (136028K) : deepco_drw has 0 polygons
2026-08-20 17:01:41 +0000: Memory Usage (136156K) : mim_drw has 0 polygons
2026-08-20 17:01:41 +0000: Memory Usage (136156K) : edgeseal_drw has 0 polygons
2026-08-20 17:01:41 +0000: Memory Usage (136156K) : substrate_drw has 500 polygons
2026-08-20 17:01:41 +0000: Memory Usage (136156K) : substrate_text has 0 polygons
2026-08-20 17:01:41 +0000: Memory Usage (136156K) : dfpad_drw has 2 polygons
2026-08-20 17:01:41 +0000: Memory Usage (136156K) : dfpad_pillar has 0 polygons
2026-08-20 17:01:41 +0000: Memory Usage (136284K) : dfpad_sbump has 0 polygons
2026-08-20 17:01:41 +0000: Memory Usage (136284K) : thickgateox_drw has 1 polygons
2026-08-20 17:01:41 +0000: Memory Usage (136284K) : pldb_drw has 0 polygons
2026-08-20 17:01:41 +0000: Memory Usage (136284K) : pwell_drw has 0 polygons
2026-08-20 17:01:41 +0000: Memory Usage (136284K) : pwell_pin has 0 polygons
2026-08-20 17:01:42 +0000: Memory Usage (136412K) : pwell_block has 2 polygons
2026-08-20 17:01:42 +0000: Memory Usage (136412K) : ic_drw has 0 polygons
2026-08-20 17:01:42 +0000: Memory Usage (136412K) : via3_drw has 1047 polygons
2026-08-20 17:01:42 +0000: Memory Usage (136412K) : metal4_drw has 32 polygons
2026-08-20 17:01:42 +0000: Memory Usage (136412K) : metal4_filler has 0 polygons
2026-08-20 17:01:42 +0000: Memory Usage (136412K) : metal4_slit has 0 polygons
2026-08-20 17:01:42 +0000: Memory Usage (136540K) : metal4 has 32 polygons
2026-08-20 17:01:42 +0000: Memory Usage (136540K) : metal4_pin has 0 polygons
2026-08-20 17:01:42 +0000: Memory Usage (136540K) : metal4_mask has 0 polygons
2026-08-20 17:01:42 +0000: Memory Usage (136540K) : metal4_nofill has 2 polygons
2026-08-20 17:01:42 +0000: Memory Usage (136540K) : metal4_text has 3 polygons
2026-08-20 17:01:42 +0000: Memory Usage (136668K) : metal4_OPC has 0 polygons
2026-08-20 17:01:42 +0000: Memory Usage (136668K) : metal4_noqrc has 0 polygons
2026-08-20 17:01:42 +0000: Memory Usage (136668K) : metal4_res has 0 polygons
2026-08-20 17:01:42 +0000: Memory Usage (136668K) : metal4_iprobe has 0 polygons
2026-08-20 17:01:42 +0000: Memory Usage (136668K) : metal4_diffprb has 0 polygons
2026-08-20 17:01:42 +0000: Memory Usage (136668K) : heattrans_drw has 123 polygons
2026-08-20 17:01:42 +0000: Memory Usage (136796K) : heatres_drw has 2 polygons
2026-08-20 17:01:42 +0000: Memory Usage (136796K) : fbe_drw has 0 polygons
2026-08-20 17:01:42 +0000: Memory Usage (136796K) : empoly_drw has 0 polygons
2026-08-20 17:01:42 +0000: Memory Usage (136796K) : digisub_drw has 0 polygons
2026-08-20 17:01:42 +0000: Memory Usage (136796K) : text_drw has 655 polygons
2026-08-20 17:01:42 +0000: Memory Usage (136796K) : via4_drw has 1041 polygons
2026-08-20 17:01:42 +0000: Memory Usage (136924K) : metal5_drw has 47 polygons
2026-08-20 17:01:42 +0000: Memory Usage (136924K) : metal5_filler has 0 polygons
2026-08-20 17:01:42 +0000: Memory Usage (136924K) : metal5_slit has 0 polygons
2026-08-20 17:01:42 +0000: Memory Usage (136924K) : metal5 has 47 polygons
2026-08-20 17:01:42 +0000: Memory Usage (136924K) : metal5_pin has 0 polygons
2026-08-20 17:01:42 +0000: Memory Usage (136924K) : metal5_mask has 0 polygons
2026-08-20 17:01:42 +0000: Memory Usage (137052K) : metal5_nofill has 2 polygons
2026-08-20 17:01:42 +0000: Memory Usage (137052K) : metal5_text has 0 polygons
2026-08-20 17:01:42 +0000: Memory Usage (137052K) : metal5_OPC has 0 polygons
2026-08-20 17:01:42 +0000: Memory Usage (137052K) : metal5_noqrc has 0 polygons
2026-08-20 17:01:42 +0000: Memory Usage (137052K) : metal5_res has 0 polygons
2026-08-20 17:01:42 +0000: Memory Usage (137052K) : metal5_iprobe has 0 polygons
2026-08-20 17:01:42 +0000: Memory Usage (137180K) : metal5_diffprb has 0 polygons
2026-08-20 17:01:42 +0000: Memory Usage (137180K) : radhard_drw has 0 polygons
2026-08-20 17:01:42 +0000: Memory Usage (137180K) : memcap_drw has 0 polygons
2026-08-20 17:01:42 +0000: Memory Usage (137180K) : varicap_drw has 0 polygons
2026-08-20 17:01:42 +0000: Memory Usage (137180K) : intbondvia_drw has 0 polygons
2026-08-20 17:01:42 +0000: Memory Usage (137308K) : intbondmet_drw has 0 polygons
2026-08-20 17:01:42 +0000: Memory Usage (137308K) : devbondvia_drw has 0 polygons
2026-08-20 17:01:42 +0000: Memory Usage (137308K) : devbondmet_drw has 0 polygons
2026-08-20 17:01:42 +0000: Memory Usage (137308K) : devtrench_drw has 0 polygons
2026-08-20 17:01:42 +0000: Memory Usage (137436K) : redist_drw has 0 polygons
2026-08-20 17:01:42 +0000: Memory Usage (137436K) : graphbot_drw has 0 polygons
2026-08-20 17:01:42 +0000: Memory Usage (137436K) : graphtop_drw has 0 polygons
2026-08-20 17:01:42 +0000: Memory Usage (137436K) : antvia1_drw has 0 polygons
2026-08-20 17:01:42 +0000: Memory Usage (137436K) : antmetal2_drw has 0 polygons
2026-08-20 17:01:42 +0000: Memory Usage (137436K) : graphcont_drw has 0 polygons
2026-08-20 17:01:42 +0000: Memory Usage (137564K) : siwg_drw has 0 polygons
2026-08-20 17:01:42 +0000: Memory Usage (137564K) : siwg_filler has 0 polygons
2026-08-20 17:01:42 +0000: Memory Usage (137564K) : siwg_nofill has 0 polygons
2026-08-20 17:01:42 +0000: Memory Usage (137564K) : sigrating_drw has 0 polygons
2026-08-20 17:01:42 +0000: Memory Usage (137564K) : singrating_drw has 0 polygons
2026-08-20 17:01:42 +0000: Memory Usage (137692K) : graphpas_drw has 0 polygons
2026-08-20 17:01:42 +0000: Memory Usage (137692K) : emwind3_drw has 0 polygons
2026-08-20 17:01:42 +0000: Memory Usage (137692K) : emwihv3_drw has 0 polygons
2026-08-20 17:01:42 +0000: Memory Usage (137692K) : redbulay_drw has 0 polygons
2026-08-20 17:01:42 +0000: Memory Usage (137692K) : smos_drw has 0 polygons
2026-08-20 17:01:42 +0000: Memory Usage (137692K) : graphpad_drw has 0 polygons
2026-08-20 17:01:42 +0000: Memory Usage (137820K) : polimide_drw has 0 polygons
2026-08-20 17:01:42 +0000: Memory Usage (137820K) : polimide_pin has 0 polygons
2026-08-20 17:01:42 +0000: Memory Usage (137820K) : recog_drw has 1 polygons
2026-08-20 17:01:42 +0000: Memory Usage (137820K) : recog_pin has 0 polygons
2026-08-20 17:01:42 +0000: Memory Usage (137948K) : recog_esd has 5 polygons
2026-08-20 17:01:42 +0000: Memory Usage (137948K) : recog_diode has 0 polygons
2026-08-20 17:01:42 +0000: Memory Usage (137948K) : recog_tsv has 0 polygons
2026-08-20 17:01:42 +0000: Memory Usage (137948K) : recog_iprobe has 0 polygons
2026-08-20 17:01:42 +0000: Memory Usage (138076K) : recog_diffprb has 0 polygons
2026-08-20 17:01:42 +0000: Memory Usage (138076K) : recog_pillar has 0 polygons
2026-08-20 17:01:42 +0000: Memory Usage (138076K) : recog_sbump has 0 polygons
2026-08-20 17:01:42 +0000: Memory Usage (138076K) : recog_otp has 0 polygons
2026-08-20 17:01:42 +0000: Memory Usage (138204K) : recog_pdiode has 0 polygons
2026-08-20 17:01:42 +0000: Memory Usage (138204K) : recog_mom has 0 polygons
2026-08-20 17:01:42 +0000: Memory Usage (138204K) : recog_momf has 0 polygons
2026-08-20 17:01:42 +0000: Memory Usage (138204K) : recog_pcm has 0 polygons
2026-08-20 17:01:42 +0000: Memory Usage (138332K) : colopen_drw has 0 polygons
2026-08-20 17:01:42 +0000: Memory Usage (138332K) : graphmetal1_drw has 0 polygons
2026-08-20 17:01:42 +0000: Memory Usage (138332K) : graphmetal1_filler has 0 polygons
2026-08-20 17:01:42 +0000: Memory Usage (138332K) : graphmetal1_nofill has 0 polygons
2026-08-20 17:01:42 +0000: Memory Usage (138460K) : graphmetal1_slit has 0 polygons
2026-08-20 17:01:42 +0000: Memory Usage (138460K) : graphmetal1_OPC has 0 polygons
2026-08-20 17:01:42 +0000: Memory Usage (138460K) : graphmet1l_drw has 0 polygons
2026-08-20 17:01:42 +0000: Memory Usage (138460K) : graphmet1l_filler has 0 polygons
2026-08-20 17:01:42 +0000: Memory Usage (138588K) : graphmet1l_nofill has 0 polygons
2026-08-20 17:01:42 +0000: Memory Usage (138588K) : graphmet1l_slit has 0 polygons
2026-08-20 17:01:42 +0000: Memory Usage (138588K) : graphmet1l_OPC has 0 polygons
2026-08-20 17:01:42 +0000: Memory Usage (138588K) : extblock_drw has 6 polygons
2026-08-20 17:01:42 +0000: Memory Usage (138588K) : nldd_drw has 0 polygons
2026-08-20 17:01:42 +0000: Memory Usage (138716K) : pldd_drw has 0 polygons
2026-08-20 17:01:42 +0000: Memory Usage (138716K) : next_drw has 0 polygons
2026-08-20 17:01:42 +0000: Memory Usage (138716K) : pext_drw has 0 polygons
2026-08-20 17:01:42 +0000: Memory Usage (138716K) : nexthv_drw has 0 polygons
2026-08-20 17:01:42 +0000: Memory Usage (138716K) : pexthv_drw has 0 polygons
2026-08-20 17:01:42 +0000: Memory Usage (138844K) : graphgate_drw has 0 polygons
2026-08-20 17:01:42 +0000: Memory Usage (138844K) : sinwg_drw has 0 polygons
2026-08-20 17:01:42 +0000: Memory Usage (138844K) : sinwg_filler has 0 polygons
2026-08-20 17:01:42 +0000: Memory Usage (138844K) : sinwg_nofill has 0 polygons
2026-08-20 17:01:42 +0000: Memory Usage (138844K) : mempad_drw has 0 polygons
2026-08-20 17:01:42 +0000: Memory Usage (138844K) : topvia1_drw has 486 polygons
2026-08-20 17:01:42 +0000: Memory Usage (138972K) : topmetal1_drw has 57 polygons
2026-08-20 17:01:42 +0000: Memory Usage (138972K) : topmetal1_filler has 0 polygons
2026-08-20 17:01:42 +0000: Memory Usage (138972K) : topmetal1_slit has 0 polygons
2026-08-20 17:01:42 +0000: Memory Usage (138972K) : topmetal1 has 57 polygons
2026-08-20 17:01:42 +0000: Memory Usage (138972K) : topmetal1_pin has 0 polygons
2026-08-20 17:01:42 +0000: Memory Usage (139100K) : topmetal1_mask has 0 polygons
2026-08-20 17:01:42 +0000: Memory Usage (139100K) : topmetal1_nofill has 2 polygons
2026-08-20 17:01:42 +0000: Memory Usage (139100K) : topmetal1_text has 0 polygons
2026-08-20 17:01:42 +0000: Memory Usage (139100K) : topmetal1_noqrc has 0 polygons
2026-08-20 17:01:42 +0000: Memory Usage (139100K) : topmetal1_res has 0 polygons
2026-08-20 17:01:42 +0000: Memory Usage (139228K) : topmetal1_iprobe has 0 polygons
2026-08-20 17:01:42 +0000: Memory Usage (139228K) : topmetal1_diffprb has 0 polygons
2026-08-20 17:01:42 +0000: Memory Usage (139228K) : inldpwl_drw has 0 polygons
2026-08-20 17:01:42 +0000: Memory Usage (139228K) : polyres_drw has 2 polygons
2026-08-20 17:01:42 +0000: Memory Usage (139356K) : polyres_pin has 0 polygons
2026-08-20 17:01:42 +0000: Memory Usage (139356K) : vmim_drw has 0 polygons
2026-08-20 17:01:42 +0000: Memory Usage (139356K) : nbulaycut_drw has 0 polygons
2026-08-20 17:01:42 +0000: Memory Usage (139356K) : antmetal1_drw has 0 polygons
2026-08-20 17:01:42 +0000: Memory Usage (139484K) : topvia2_drw has 232 polygons
2026-08-20 17:01:42 +0000: Memory Usage (139612K) : topmetal2_drw has 64 polygons
2026-08-20 17:01:42 +0000: Memory Usage (139740K) : topmetal2_filler has 0 polygons
2026-08-20 17:01:42 +0000: Memory Usage (139740K) : topmetal2_slit has 0 polygons
2026-08-20 17:01:42 +0000: Memory Usage (139740K) : topmetal2 has 64 polygons
2026-08-20 17:01:42 +0000: Memory Usage (139868K) : topmetal2_pin has 4 polygons
2026-08-20 17:01:42 +0000: Memory Usage (139868K) : topmetal2_mask has 0 polygons
2026-08-20 17:01:42 +0000: Memory Usage (139868K) : topmetal2_nofill has 2 polygons
2026-08-20 17:01:42 +0000: Memory Usage (139868K) : topmetal2_text has 8 polygons
2026-08-20 17:01:42 +0000: Memory Usage (139868K) : topmetal2_noqrc has 0 polygons
2026-08-20 17:01:42 +0000: Memory Usage (139996K) : topmetal2_res has 0 polygons
2026-08-20 17:01:42 +0000: Memory Usage (139996K) : topmetal2_iprobe has 0 polygons
2026-08-20 17:01:42 +0000: Memory Usage (139996K) : topmetal2_diffprb has 0 polygons
2026-08-20 17:01:42 +0000: Memory Usage (140124K) : snsring_drw has 0 polygons
2026-08-20 17:01:42 +0000: Memory Usage (140124K) : sensor_drw has 0 polygons
2026-08-20 17:01:42 +0000: Memory Usage (140124K) : snsarms_drw has 0 polygons
2026-08-20 17:01:42 +0000: Memory Usage (140124K) : snscmosvia_drw has 0 polygons
2026-08-20 17:01:42 +0000: Memory Usage (140252K) : colwind_drw has 0 polygons
2026-08-20 17:01:42 +0000: Memory Usage (140380K) : flm_drw has 0 polygons
2026-08-20 17:01:42 +0000: Memory Usage (140380K) : hafniumox_drw has 0 polygons
2026-08-20 17:01:42 +0000: Memory Usage (140380K) : memvia_drw has 0 polygons
2026-08-20 17:01:42 +0000: Memory Usage (140380K) : thinfilmres_drw has 0 polygons
2026-08-20 17:01:42 +0000: Memory Usage (140380K) : rfmem_drw has 0 polygons
2026-08-20 17:01:42 +0000: Memory Usage (140380K) : norcx_drw has 2 polygons
2026-08-20 17:01:42 +0000: Memory Usage (140380K) : norcx_m2m3 has 0 polygons
2026-08-20 17:01:42 +0000: Memory Usage (140380K) : norcx_m2m4 has 0 polygons
2026-08-20 17:01:42 +0000: Memory Usage (140380K) : norcx_m2m5 has 0 polygons
2026-08-20 17:01:42 +0000: Memory Usage (140380K) : norcx_m2tm1 has 0 polygons
2026-08-20 17:01:42 +0000: Memory Usage (140380K) : norcx_m2tm2 has 0 polygons
2026-08-20 17:01:42 +0000: Memory Usage (140380K) : norcx_m3m4 has 0 polygons
2026-08-20 17:01:42 +0000: Memory Usage (140380K) : norcx_m3m5 has 0 polygons
2026-08-20 17:01:42 +0000: Memory Usage (140380K) : norcx_m3tm1 has 0 polygons
2026-08-20 17:01:42 +0000: Memory Usage (140380K) : norcx_m3tm2 has 0 polygons
2026-08-20 17:01:42 +0000: Memory Usage (140380K) : norcx_m4m5 has 0 polygons
2026-08-20 17:01:42 +0000: Memory Usage (140380K) : norcx_m4tm1 has 0 polygons
2026-08-20 17:01:42 +0000: Memory Usage (140380K) : norcx_m4tm2 has 0 polygons
2026-08-20 17:01:42 +0000: Memory Usage (140380K) : norcx_m5tm1 has 0 polygons
2026-08-20 17:01:42 +0000: Memory Usage (140380K) : norcx_m5tm2 has 0 polygons
2026-08-20 17:01:42 +0000: Memory Usage (140380K) : norcx_tm1tm2 has 0 polygons
2026-08-20 17:01:42 +0000: Memory Usage (140380K) : norcx_m1sub has 0 polygons
2026-08-20 17:01:42 +0000: Memory Usage (140380K) : norcx_m2sub has 0 polygons
2026-08-20 17:01:42 +0000: Memory Usage (140380K) : norcx_m3sub has 0 polygons
2026-08-20 17:01:42 +0000: Memory Usage (140380K) : norcx_m4sub has 0 polygons
2026-08-20 17:01:42 +0000: Memory Usage (140380K) : norcx_m5sub has 0 polygons
2026-08-20 17:01:42 +0000: Memory Usage (140380K) : norcx_tm1sub has 0 polygons
2026-08-20 17:01:42 +0000: Memory Usage (140380K) : norcx_tm2sub has 0 polygons
2026-08-20 17:01:42 +0000: Memory Usage (140380K) : snsbotvia_drw has 0 polygons
2026-08-20 17:01:42 +0000: Memory Usage (140380K) : snstopvia_drw has 0 polygons
2026-08-20 17:01:42 +0000: Memory Usage (140380K) : deepvia_drw has 0 polygons
2026-08-20 17:01:42 +0000: Memory Usage (140380K) : fgetch_drw has 0 polygons
2026-08-20 17:01:42 +0000: Memory Usage (140380K) : ctrgat_drw has 0 polygons
2026-08-20 17:01:42 +0000: Memory Usage (140380K) : fgimp_drw has 0 polygons
2026-08-20 17:01:42 +0000: Memory Usage (140380K) : emwihv_drw has 0 polygons
2026-08-20 17:01:42 +0000: Memory Usage (140380K) : lbe_drw has 2 polygons
2026-08-20 17:01:42 +0000: Memory Usage (140380K) : alcustop_drw has 0 polygons
2026-08-20 17:01:42 +0000: Memory Usage (140380K) : nometfiller_drw has 0 polygons
2026-08-20 17:01:42 +0000: Memory Usage (140380K) : prboundary_drw has 0 polygons
2026-08-20 17:01:42 +0000: Memory Usage (140380K) : exchange0_drw has 0 polygons
2026-08-20 17:01:42 +0000: Memory Usage (140380K) : exchange0_pin has 0 polygons
2026-08-20 17:01:42 +0000: Memory Usage (140380K) : exchange0_text has 0 polygons
2026-08-20 17:01:42 +0000: Memory Usage (140380K) : exchange1_drw has 0 polygons
2026-08-20 17:01:42 +0000: Memory Usage (140380K) : exchange1_pin has 0 polygons
2026-08-20 17:01:42 +0000: Memory Usage (140380K) : exchange1_text has 0 polygons
2026-08-20 17:01:42 +0000: Memory Usage (140380K) : exchange2_drw has 0 polygons
2026-08-20 17:01:42 +0000: Memory Usage (140380K) : exchange2_pin has 0 polygons
2026-08-20 17:01:42 +0000: Memory Usage (140380K) : exchange2_text has 0 polygons
2026-08-20 17:01:42 +0000: Memory Usage (140380K) : exchange3_drw has 0 polygons
2026-08-20 17:01:42 +0000: Memory Usage (140380K) : exchange3_pin has 0 polygons
2026-08-20 17:01:42 +0000: Memory Usage (140380K) : exchange3_text has 0 polygons
2026-08-20 17:01:42 +0000: Memory Usage (140380K) : exchange4_drw has 0 polygons
2026-08-20 17:01:42 +0000: Memory Usage (140380K) : exchange4_pin has 0 polygons
2026-08-20 17:01:42 +0000: Memory Usage (140380K) : exchange4_text has 0 polygons
2026-08-20 17:01:42 +0000: Memory Usage (140380K) : isonwell_drw has 0 polygons
2026-08-20 17:01:42 +0000: Memory Usage (140380K) : Total no. of polygons in the design is 32165
2026-08-20 17:01:42 +0000: Memory Usage (140380K) : Starting base layers derivations
2026-08-20 17:01:42 +0000: Memory Usage (140380K) : Starting general LVS derivations
2026-08-20 17:01:42 +0000: Memory Usage (144892K) : Starting MOSFET DERIVATIONS
2026-08-20 17:01:42 +0000: Memory Usage (145660K) : Starting NMOS DERIVATIONS
2026-08-20 17:01:42 +0000: Memory Usage (145660K) : Starting PMOS DERIVATIONS
2026-08-20 17:01:42 +0000: Memory Usage (145660K) : Starting RF-MOSFET DERIVATIONS
2026-08-20 17:01:42 +0000: Memory Usage (145660K) : Starting RF-NMOS DERIVATIONS
2026-08-20 17:01:42 +0000: Memory Usage (145660K) : Starting RF-PMOS DERIVATIONS
2026-08-20 17:01:42 +0000: Memory Usage (145660K) : Starting BJT DERIVATIONS
2026-08-20 17:01:42 +0000: Memory Usage (145660K) : Starting NPN-BJT DERIVATIONS
2026-08-20 17:01:42 +0000: Memory Usage (145660K) : Starting PNP-BJT DERIVATIONS
2026-08-20 17:01:42 +0000: Memory Usage (145660K) : Starting DIODE DERIVATIONS
2026-08-20 17:01:42 +0000: Memory Usage (145660K) : Starting RESISTOR DERIVATIONS
2026-08-20 17:01:43 +0000: Memory Usage (145660K) : Starting CAP DERIVATIONS
2026-08-20 17:01:43 +0000: Memory Usage (145660K) : Starting CAP_CMOM DERIVATIONS
2026-08-20 17:01:43 +0000: Memory Usage (145660K) : Starting CAP_CMOMF DERIVATIONS
2026-08-20 17:01:43 +0000: Memory Usage (145660K) : Starting ESD DERIVATIONS
2026-08-20 17:01:44 +0000: Memory Usage (145788K) : Starting Inductor DERIVATIONS
2026-08-20 17:01:44 +0000: Memory Usage (145788K) : Starting Taps DERIVATIONS
2026-08-20 17:01:44 +0000: Memory Usage (145788K) : Starting SG13G2 LVS connectivity setup
2026-08-20 17:01:44 +0000: Memory Usage (145788K) : Starting SG13G2 LVS connectivity setup (Inter-layer)
2026-08-20 17:01:44 +0000: Memory Usage (145916K) : Starting SG13G2 LVS connectivity setup (Global)
2026-08-20 17:01:44 +0000: Memory Usage (145916K) : Starting LVS MOSFET CONNECTIONS
2026-08-20 17:01:44 +0000: Memory Usage (145916K) : Starting LVS RF-MOSFET CONNECTIONS
2026-08-20 17:01:44 +0000: Memory Usage (145916K) : Starting LVS BJT CONNECTIONS
2026-08-20 17:01:44 +0000: Memory Usage (145916K) : Starting LVS DIODE CONNECTIONS
2026-08-20 17:01:44 +0000: Memory Usage (145916K) : Starting RESISTOR CONNECTIONS
2026-08-20 17:01:44 +0000: Memory Usage (145916K) : Starting LVS CAP CONNECTIONS
2026-08-20 17:01:44 +0000: Memory Usage (145916K) : Starting CAP_CMOM CONNECTIONS
2026-08-20 17:01:44 +0000: Memory Usage (145916K) : Starting CAP_CMOMF CONNECTIONS
2026-08-20 17:01:44 +0000: Memory Usage (145916K) : Starting ESD CONNECTIONS
2026-08-20 17:01:44 +0000: Memory Usage (145916K) : Starting Inductor CONNECTIONS
2026-08-20 17:01:44 +0000: Memory Usage (145916K) : Starting LVS Taps CONNECTIONS
2026-08-20 17:01:44 +0000: Memory Usage (145916K) : Starting SG13G2 LVS DEVICES EXTRACTION
2026-08-20 17:01:44 +0000: Memory Usage (145916K) : Starting MOSFET EXTRACTION
2026-08-20 17:01:44 +0000: Memory Usage (145916K) : Starting NMOS EXTRACTION
2026-08-20 17:01:44 +0000: Memory Usage (145916K) : Extraction of NMOS-LV transistor
2026-08-20 17:01:44 +0000: Memory Usage (146044K) : Extraction of NMOS-HV transistor
2026-08-20 17:01:44 +0000: Memory Usage (146044K) : Starting PMOS EXTRACTION
2026-08-20 17:01:44 +0000: Memory Usage (146044K) : Extraction of PMOS-LV transistor
2026-08-20 17:01:44 +0000: Memory Usage (146044K) : Extraction of PMOS-HV transistor
2026-08-20 17:01:44 +0000: Memory Usage (146044K) : Starting RF-MOSFET EXTRACTION
2026-08-20 17:01:44 +0000: Memory Usage (146044K) : Extraction of RF-NMOS-LV transistor
2026-08-20 17:01:44 +0000: Memory Usage (146044K) : Extraction of RF-NMOS-HV transistor
2026-08-20 17:01:44 +0000: Memory Usage (146044K) : Extraction of RF-PMOS-LV transistor
2026-08-20 17:01:44 +0000: Memory Usage (146044K) : Extraction of RF-PMOS-HV transistor
2026-08-20 17:01:44 +0000: Memory Usage (146044K) : Starting BJT EXTRACTION
2026-08-20 17:01:44 +0000: Memory Usage (146044K) : Starting NPN-BJT EXTRACTION
2026-08-20 17:01:44 +0000: Memory Usage (146044K) : Extraction of npn13G2 BJT transistor
2026-08-20 17:01:44 +0000: Memory Usage (146044K) : Extraction of npn13G2L BJT transistor
2026-08-20 17:01:44 +0000: Memory Usage (146044K) : Extraction of npn13G2V BJT transistor
2026-08-20 17:01:44 +0000: Memory Usage (146044K) : Starting PNP-BJT EXTRACTION
2026-08-20 17:01:44 +0000: Memory Usage (146044K) : Extracting pnpMPA BJT
2026-08-20 17:01:44 +0000: Memory Usage (146044K) : Starting DIODE EXTRACTION
2026-08-20 17:01:44 +0000: Memory Usage (146044K) : Extracting dantenna diode
2026-08-20 17:01:44 +0000: Memory Usage (146044K) : Extracting dpantenna diode
2026-08-20 17:01:44 +0000: Memory Usage (146044K) : Extracting schottky_nbl1 diode
2026-08-20 17:01:44 +0000: Memory Usage (146044K) : Extracting isolbox diode
2026-08-20 17:01:44 +0000: Memory Usage (146044K) : Starting RESISTOR EXTRACTION
2026-08-20 17:01:44 +0000: Memory Usage (146044K) : Extracting rsil resistor
2026-08-20 17:01:44 +0000: Memory Usage (146044K) : Extracting rppd resistor
2026-08-20 17:01:44 +0000: Memory Usage (146044K) : Extracting rhigh resistor
2026-08-20 17:01:44 +0000: Memory Usage (146044K) : Extracting res_metal1 resistor
2026-08-20 17:01:44 +0000: Memory Usage (146044K) : Extracting res_metal2 resistor
2026-08-20 17:01:44 +0000: Memory Usage (146044K) : Extracting res_metal3 resistor
2026-08-20 17:01:44 +0000: Memory Usage (146044K) : Extracting res_metal4 resistor
2026-08-20 17:01:44 +0000: Memory Usage (146044K) : Extracting res_metal5 resistor
2026-08-20 17:01:44 +0000: Memory Usage (146044K) : Extracting res_topmetal1 resistor
2026-08-20 17:01:44 +0000: Memory Usage (146044K) : Extracting res_topmetal2 resistor
2026-08-20 17:01:44 +0000: Memory Usage (146044K) : Starting CAP EXTRACTION
2026-08-20 17:01:44 +0000: Memory Usage (146044K) : Extracting cap_cmim device
2026-08-20 17:01:44 +0000: Memory Usage (146044K) : Extracting rfcmim device
2026-08-20 17:01:44 +0000: Memory Usage (146044K) : Extracting sg13_hv_svaricap varactor
2026-08-20 17:01:44 +0000: Memory Usage (146044K) : Extracting cap_cmomi device
2026-08-20 17:01:44 +0000: Memory Usage (146044K) : Extracting cap_cmomf device
2026-08-20 17:01:44 +0000: Memory Usage (146044K) : Extracting sg13_moscap_n capacitor
2026-08-20 17:01:44 +0000: Memory Usage (146044K) : Extracting sg13_moscap_p capacitor
2026-08-20 17:01:44 +0000: Memory Usage (146044K) : Starting ESD EXTRACTION
2026-08-20 17:01:44 +0000: Memory Usage (146044K) : Extracting diodevdd_2kv ESD device
2026-08-20 17:01:45 +0000: Memory Usage (146044K) : Extracting diodevdd_4kv ESD device
2026-08-20 17:01:45 +0000: Memory Usage (146044K) : Extracting diodevss_2kv ESD device
2026-08-20 17:01:45 +0000: Memory Usage (146172K) : Extracting diodevss_4kv ESD device
2026-08-20 17:01:45 +0000: Memory Usage (146172K) : Extracting idiodevdd_2kv ESD device
2026-08-20 17:01:45 +0000: Memory Usage (146172K) : Extracting idiodevdd_4kv ESD device
2026-08-20 17:01:45 +0000: Memory Usage (146172K) : Extracting idiodevss_2kv ESD device
2026-08-20 17:01:45 +0000: Memory Usage (146172K) : Extracting idiodevss_4kv ESD device
2026-08-20 17:01:45 +0000: Memory Usage (146172K) : Extracting nmoscl_2 ESD device
2026-08-20 17:01:45 +0000: Memory Usage (146172K) : Extracting nmoscl_4 ESD device
2026-08-20 17:01:45 +0000: Memory Usage (146172K) : Starting Inductor EXTRACTION
2026-08-20 17:01:45 +0000: Memory Usage (146172K) : Extracting Inductor2 device
2026-08-20 17:01:45 +0000: Memory Usage (146172K) : Extracting Inductor3 device
2026-08-20 17:01:45 +0000: Memory Usage (146172K) : Starting Taps EXTRACTION
2026-08-20 17:01:45 +0000: Memory Usage (146172K) : DISABLE_TAP_EXTRACTION is enabled: skipping ntap1/ptap1 device extraction.
2026-08-20 17:01:45 +0000: Memory Usage (146172K) : Starting SG13G2 LVS RF MOS Model Mapping
2026-08-20 17:01:45 +0000: Memory Usage (146300K) : [layout_netlist] Apply RF MOS model mapping and rfmode parameter.
2026-08-20 17:01:45 +0000: Memory Usage (146300K) : Starting SG13G2 LVS Options Preparations
2026-08-20 17:01:45 +0000: Memory Usage (146300K) : SG13G2 LVS flow: extraction -> alignment -> option preparation -> comparison.
2026-08-20 17:01:45 +0000: Memory Usage (146300K) : Starting SG13G2 LVS Alignment
2026-08-20 17:01:45 +0000: Memory Usage (146300K) : Starting SG13G2 LVS Simplification
2026-08-20 17:01:45 +0000: Memory Usage (146300K) : [layout_netlist] simplify: ENABLED
2026-08-20 17:01:45 +0000: Memory Usage (146300K) : [layout_netlist] make_top_level_pins: SKIPPED
2026-08-20 17:01:45 +0000: Memory Usage (146300K) : [layout_netlist] combine_devices: SKIPPED
2026-08-20 17:01:45 +0000: Memory Usage (146300K) : [layout_netlist] purge: SKIPPED
2026-08-20 17:01:45 +0000: Memory Usage (146300K) : [layout_netlist] purge_nets: SKIPPED
2026-08-20 17:01:45 +0000: Memory Usage (146300K) : [schematic_netlist] simplify: ENABLED
2026-08-20 17:01:45 +0000: Memory Usage (146300K) : [schematic_netlist] make_top_level_pins: SKIPPED
2026-08-20 17:01:45 +0000: Memory Usage (146300K) : [schematic_netlist] combine_devices: SKIPPED
2026-08-20 17:01:45 +0000: Memory Usage (146300K) : [schematic_netlist] purge: SKIPPED
2026-08-20 17:01:45 +0000: Memory Usage (146300K) : [schematic_netlist] purge_nets: SKIPPED
2026-08-20 17:01:45 +0000: Memory Usage (146300K) : Starting SG13G2 LVS Comparison
2026-08-20 17:01:45 +0000: Memory Usage (146428K) : xxxxxxxxxxxxxxxxxxxxxxxxxxxxxxxxxxxxxxxxxx
2026-08-20 17:01:45 +0000: Memory Usage (146428K) : ERROR : Netlists don't match
2026-08-20 17:01:45 +0000: Memory Usage (146428K) : xxxxxxxxxxxxxxxxxxxxxxxxxxxxxxxxxxxxxxxxxx
2026-08-20 17:01:45 +0000: Memory Usage (146428K) : LVS Total Run time 3.224635 seconds

--- stderr ---
20-Aug-2026 17:01:41 | INFO    | Your Klayout version is: KLayout 0.30.5 (required >= 0.30.5)
20-Aug-2026 17:01:41 | INFO    | Running SG13G2 LVS checks on design /workspace/layout/blocks/out/driver_stage/bisect_extra3/no_feed/driver_dut.gds on cell driver_dut
20-Aug-2026 17:01:45 | INFO    | ==============================================================================
20-Aug-2026 17:01:45 | INFO    | Important Summary
20-Aug-2026 17:01:45 | INFO    | +------------------+---------------------------------------------------------------------+
20-Aug-2026 17:01:45 | INFO    | | Status           | FAIL                                                                |
20-Aug-2026 17:01:45 | INFO    | | Mode             | COMPARE                                                             |
20-Aug-2026 17:01:45 | INFO    | | Outcome          | Comparison mode: FAIL (netlists do not match).                      |
20-Aug-2026 17:01:45 | INFO    | | Layout           | driver_dut.gds                                                      |
20-Aug-2026 17:01:45 | INFO    | | Top Cell         | driver_dut                                                          |
20-Aug-2026 17:01:45 | INFO    | | Results Dir      | /workspace/layout/blocks/out/driver_stage/bisect_extra3/no_feed/lvs |
20-Aug-2026 17:01:45 | INFO    | | Warnings         | 0                                                                   |
20-Aug-2026 17:01:45 | INFO    | | Errors           | 1                                                                   |
20-Aug-2026 17:01:45 | INFO    | | Run Time (s)     | 3.565                                                               |
20-Aug-2026 17:01:45 | INFO    | +------------------+---------------------------------------------------------------------+
20-Aug-2026 17:01:45 | ERROR   | Key errors:
20-Aug-2026 17:01:45 | ERROR   |   - 2026-08-20 17:01:45 +0000: Memory Usage (146428K) : ERROR : Netlists don't match
20-Aug-2026 17:01:45 | INFO    | ==============================================================================

