$ /home/ubuntu/.local/share/ihp-eda/venv/bin/python /home/ubuntu/.local/share/ihp-eda/IHP-Open-PDK/ihp-sg13g2/libs.tech/klayout/tech/lvs/run_lvs.py --layout=/workspace/layout/blocks/out/driver_stage/bisect_extra5/full/driver_dut.gds --netlist=/workspace/layout/blocks/out/driver_stage/bisect_extra5/full/driver_dut.cdl --run_dir=/workspace/layout/blocks/out/driver_stage/bisect_extra5/full/lvs --run_mode=deep --topcell=driver_dut --implicit_nets=sub,sub! --ignore_top_ports_mismatch --disable_tap_extraction

--- stdout ---
2026-08-20 17:06:46 +0000: Memory Usage (128844K) : Starting running SG13G2 Klayout LVS runset on /workspace/layout/blocks/out/driver_stage/bisect_extra5/full/driver_dut.gds
2026-08-20 17:06:46 +0000: Memory Usage (128844K) : Ruby Version for klayout: 3.2.3
2026-08-20 17:06:46 +0000: Memory Usage (130056K) : Loading database to memory is complete.
2026-08-20 17:06:46 +0000: Memory Usage (130056K) : SG13G2 Klayout LVS runset output at: /workspace/layout/blocks/out/driver_stage/bisect_extra5/full/lvs/driver_dut.lvsdb
2026-08-20 17:06:46 +0000: Memory Usage (130056K) : Evaluate switches.
2026-08-20 17:06:46 +0000: Memory Usage (130056K) : Extracted netlist with net names: true
2026-08-20 17:06:46 +0000: Memory Usage (130056K) : Extracted netlist with comments in details: false
2026-08-20 17:06:46 +0000: Memory Usage (130056K) : Selected NET_ONLY option: false
2026-08-20 17:06:46 +0000: Memory Usage (130056K) : Selected LAYOUT_NETLIST option: (none)
2026-08-20 17:06:46 +0000: Memory Usage (130056K) : Selected IGNORE_TOP_PORTS_MISMATCH option: true
2026-08-20 17:06:46 +0000: Memory Usage (130056K) : Selected IMPLICIT_NETS option: sub,sub!
2026-08-20 17:06:46 +0000: Memory Usage (130056K) : Selected TOP_LVL_PINS option: false
2026-08-20 17:06:46 +0000: Memory Usage (130056K) : Selected COMBINE DEVICES option: false
2026-08-20 17:06:46 +0000: Memory Usage (130056K) : Selected PURGE option: false
2026-08-20 17:06:46 +0000: Memory Usage (130056K) : Selected PURGE_NETS option: false
2026-08-20 17:06:46 +0000: Memory Usage (130056K) : Selected SIMPLIFY option: true
2026-08-20 17:06:46 +0000: Memory Usage (130056K) : Selected SERIES_RES option: true
2026-08-20 17:06:46 +0000: Memory Usage (130056K) : Selected PARALLEL_RES option: true
2026-08-20 17:06:46 +0000: Memory Usage (130056K) : Selected DISABLE_TAP_EXTRACTION option: true
2026-08-20 17:06:46 +0000: Memory Usage (130056K) : deep  mode is enabled.
2026-08-20 17:06:46 +0000: Memory Usage (130056K) : Applying implicit connections (case-sensitive, pattern supported) for nets: sub, sub!
2026-08-20 17:06:46 +0000: Memory Usage (131088K) : Netlist file: /workspace/layout/blocks/out/driver_stage/bisect_extra5/full/driver_dut.cdl
2026-08-20 17:06:46 +0000: Memory Usage (131088K) : LVS extracted netlist at: /workspace/layout/blocks/out/driver_stage/bisect_extra5/full/lvs/driver_dut_extracted.cir
2026-08-20 17:06:46 +0000: Memory Usage (131088K) : Applying SRAM integration support.
2026-08-20 17:06:46 +0000: Memory Usage (131088K) : Starting SG13G2 LVS runset
2026-08-20 17:06:46 +0000: Memory Usage (131088K) : Read in polygons from layers.
2026-08-20 17:06:46 +0000: Memory Usage (132448K) : activ_drw has 899 polygons
2026-08-20 17:06:46 +0000: Memory Usage (132504K) : activ_filler has 0 polygons
2026-08-20 17:06:46 +0000: Memory Usage (133144K) : activ has 899 polygons
2026-08-20 17:06:46 +0000: Memory Usage (133144K) : activ_pin has 0 polygons
2026-08-20 17:06:46 +0000: Memory Usage (133144K) : activ_mask has 4 polygons
2026-08-20 17:06:46 +0000: Memory Usage (133144K) : activ_nofill has 2 polygons
2026-08-20 17:06:46 +0000: Memory Usage (133144K) : activ_OPC has 0 polygons
2026-08-20 17:06:46 +0000: Memory Usage (133144K) : activ_iOPC has 0 polygons
2026-08-20 17:06:46 +0000: Memory Usage (133144K) : activ_noqrc has 0 polygons
2026-08-20 17:06:46 +0000: Memory Usage (133144K) : biwind_drw has 0 polygons
2026-08-20 17:06:46 +0000: Memory Usage (133144K) : biwind_OPC has 0 polygons
2026-08-20 17:06:46 +0000: Memory Usage (133144K) : gatpoly_drw has 140 polygons
2026-08-20 17:06:46 +0000: Memory Usage (133144K) : gatpoly_filler has 0 polygons
2026-08-20 17:06:46 +0000: Memory Usage (133144K) : gatpoly has 140 polygons
2026-08-20 17:06:46 +0000: Memory Usage (133144K) : gatpoly_pin has 119 polygons
2026-08-20 17:06:46 +0000: Memory Usage (133144K) : gatpoly_nofill has 2 polygons
2026-08-20 17:06:46 +0000: Memory Usage (133144K) : gatpoly_OPC has 0 polygons
2026-08-20 17:06:46 +0000: Memory Usage (133144K) : gatpoly_iOPC has 0 polygons
2026-08-20 17:06:46 +0000: Memory Usage (133144K) : gatpoly_noqrc has 0 polygons
2026-08-20 17:06:46 +0000: Memory Usage (133144K) : cont_drw has 14577 polygons
2026-08-20 17:06:46 +0000: Memory Usage (133272K) : cont_OPC has 0 polygons
2026-08-20 17:06:46 +0000: Memory Usage (133272K) : nsd_drw has 0 polygons
2026-08-20 17:06:46 +0000: Memory Usage (133272K) : nsd_block has 4 polygons
2026-08-20 17:06:46 +0000: Memory Usage (133272K) : metal1_drw has 1566 polygons
2026-08-20 17:06:46 +0000: Memory Usage (133400K) : metal1_filler has 0 polygons
2026-08-20 17:06:46 +0000: Memory Usage (133400K) : metal1_slit has 0 polygons
2026-08-20 17:06:46 +0000: Memory Usage (133528K) : metal1 has 1566 polygons
2026-08-20 17:06:46 +0000: Memory Usage (133528K) : metal1_pin has 750 polygons
2026-08-20 17:06:46 +0000: Memory Usage (133656K) : metal1_mask has 0 polygons
2026-08-20 17:06:46 +0000: Memory Usage (133656K) : metal1_nofill has 2 polygons
2026-08-20 17:06:46 +0000: Memory Usage (134040K) : metal1_text has 5 polygons
2026-08-20 17:06:46 +0000: Memory Usage (134040K) : metal1_OPC has 0 polygons
2026-08-20 17:06:46 +0000: Memory Usage (134040K) : metal1_noqrc has 0 polygons
2026-08-20 17:06:46 +0000: Memory Usage (134168K) : metal1_res has 0 polygons
2026-08-20 17:06:46 +0000: Memory Usage (134168K) : metal1_iprobe has 0 polygons
2026-08-20 17:06:46 +0000: Memory Usage (134168K) : metal1_diffprb has 0 polygons
2026-08-20 17:06:46 +0000: Memory Usage (134296K) : passiv_drw has 2 polygons
2026-08-20 17:06:46 +0000: Memory Usage (134296K) : passiv_pin has 0 polygons
2026-08-20 17:06:46 +0000: Memory Usage (134296K) : passiv_sbump has 0 polygons
2026-08-20 17:06:46 +0000: Memory Usage (134296K) : passiv_pillar has 0 polygons
2026-08-20 17:06:46 +0000: Memory Usage (134424K) : passiv_pdl has 0 polygons
2026-08-20 17:06:46 +0000: Memory Usage (134424K) : metal2_drw has 595 polygons
2026-08-20 17:06:46 +0000: Memory Usage (134424K) : metal2_filler has 0 polygons
2026-08-20 17:06:46 +0000: Memory Usage (134424K) : metal2_slit has 0 polygons
2026-08-20 17:06:46 +0000: Memory Usage (134552K) : metal2 has 595 polygons
2026-08-20 17:06:46 +0000: Memory Usage (134552K) : metal2_pin has 10 polygons
2026-08-20 17:06:46 +0000: Memory Usage (134552K) : metal2_mask has 0 polygons
2026-08-20 17:06:46 +0000: Memory Usage (134552K) : metal2_nofill has 2 polygons
2026-08-20 17:06:46 +0000: Memory Usage (134680K) : metal2_text has 3 polygons
2026-08-20 17:06:46 +0000: Memory Usage (134680K) : metal2_OPC has 0 polygons
2026-08-20 17:06:46 +0000: Memory Usage (134680K) : metal2_noqrc has 0 polygons
2026-08-20 17:06:46 +0000: Memory Usage (134680K) : metal2_res has 0 polygons
2026-08-20 17:06:46 +0000: Memory Usage (134808K) : metal2_iprobe has 0 polygons
2026-08-20 17:06:46 +0000: Memory Usage (134808K) : metal2_diffprb has 0 polygons
2026-08-20 17:06:46 +0000: Memory Usage (134808K) : baspoly_drw has 0 polygons
2026-08-20 17:06:46 +0000: Memory Usage (134808K) : baspoly_pin has 0 polygons
2026-08-20 17:06:46 +0000: Memory Usage (134936K) : psd_drw has 515 polygons
2026-08-20 17:06:46 +0000: Memory Usage (134936K) : nldb_drw has 0 polygons
2026-08-20 17:06:46 +0000: Memory Usage (134936K) : digibnd_drw has 0 polygons
2026-08-20 17:06:46 +0000: Memory Usage (134936K) : via1_drw has 7666 polygons
2026-08-20 17:06:46 +0000: Memory Usage (135064K) : backmetal1_drw has 0 polygons
2026-08-20 17:06:46 +0000: Memory Usage (135064K) : backmetal1_pin has 0 polygons
2026-08-20 17:06:46 +0000: Memory Usage (135064K) : backmetal1_mask has 0 polygons
2026-08-20 17:06:46 +0000: Memory Usage (135192K) : backmetal1_filler has 0 polygons
2026-08-20 17:06:46 +0000: Memory Usage (135192K) : backmetal1_nofill has 0 polygons
2026-08-20 17:06:46 +0000: Memory Usage (135192K) : backmetal1_slit has 0 polygons
2026-08-20 17:06:46 +0000: Memory Usage (135192K) : backmetal1_text has 0 polygons
2026-08-20 17:06:46 +0000: Memory Usage (135192K) : backmetal1_OPC has 0 polygons
2026-08-20 17:06:46 +0000: Memory Usage (135320K) : backmetal1_noqrc has 0 polygons
2026-08-20 17:06:46 +0000: Memory Usage (135320K) : backmetal1_res has 0 polygons
2026-08-20 17:06:46 +0000: Memory Usage (135320K) : backmetal1_iprobe has 0 polygons
2026-08-20 17:06:46 +0000: Memory Usage (135448K) : backmetal1_diffprb has 0 polygons
2026-08-20 17:06:46 +0000: Memory Usage (135448K) : backpassiv_drw has 0 polygons
2026-08-20 17:06:46 +0000: Memory Usage (135448K) : res_drw has 2 polygons
2026-08-20 17:06:46 +0000: Memory Usage (135576K) : sram_drw has 0 polygons
2026-08-20 17:06:46 +0000: Memory Usage (135576K) : trans_drw has 2 polygons
2026-08-20 17:06:46 +0000: Memory Usage (135576K) : ind_drw has 2 polygons
2026-08-20 17:06:46 +0000: Memory Usage (135576K) : ind_pin has 4 polygons
2026-08-20 17:06:46 +0000: Memory Usage (135704K) : ind_text has 4 polygons
2026-08-20 17:06:46 +0000: Memory Usage (135704K) : salblock_drw has 12 polygons
2026-08-20 17:06:46 +0000: Memory Usage (135704K) : via2_drw has 857 polygons
2026-08-20 17:06:46 +0000: Memory Usage (135832K) : metal3_drw has 84 polygons
2026-08-20 17:06:46 +0000: Memory Usage (135832K) : metal3_filler has 0 polygons
2026-08-20 17:06:46 +0000: Memory Usage (135832K) : metal3_slit has 0 polygons
2026-08-20 17:06:46 +0000: Memory Usage (135832K) : metal3 has 84 polygons
2026-08-20 17:06:46 +0000: Memory Usage (135832K) : metal3_pin has 2 polygons
2026-08-20 17:06:46 +0000: Memory Usage (135832K) : metal3_mask has 0 polygons
2026-08-20 17:06:46 +0000: Memory Usage (135832K) : metal3_nofill has 2 polygons
2026-08-20 17:06:46 +0000: Memory Usage (135832K) : metal3_text has 0 polygons
2026-08-20 17:06:46 +0000: Memory Usage (135832K) : metal3_OPC has 0 polygons
2026-08-20 17:06:46 +0000: Memory Usage (135832K) : metal3_noqrc has 0 polygons
2026-08-20 17:06:46 +0000: Memory Usage (135832K) : metal3_res has 0 polygons
2026-08-20 17:06:46 +0000: Memory Usage (135832K) : metal3_iprobe has 0 polygons
2026-08-20 17:06:46 +0000: Memory Usage (135832K) : metal3_diffprb has 0 polygons
2026-08-20 17:06:46 +0000: Memory Usage (135960K) : nwell_drw has 14 polygons
2026-08-20 17:06:46 +0000: Memory Usage (135960K) : nwell_pin has 0 polygons
2026-08-20 17:06:46 +0000: Memory Usage (135960K) : nwell_text has 0 polygons
2026-08-20 17:06:46 +0000: Memory Usage (135960K) : nbulay_drw has 1 polygons
2026-08-20 17:06:46 +0000: Memory Usage (135960K) : nbulay_pin has 0 polygons
2026-08-20 17:06:46 +0000: Memory Usage (135960K) : nbulay_block has 0 polygons
2026-08-20 17:06:46 +0000: Memory Usage (136088K) : emwind_drw has 4 polygons
2026-08-20 17:06:46 +0000: Memory Usage (136088K) : emwind_OPC has 0 polygons
2026-08-20 17:06:46 +0000: Memory Usage (136088K) : deepco_drw has 0 polygons
2026-08-20 17:06:46 +0000: Memory Usage (136088K) : mim_drw has 0 polygons
2026-08-20 17:06:46 +0000: Memory Usage (136088K) : edgeseal_drw has 0 polygons
2026-08-20 17:06:46 +0000: Memory Usage (136216K) : substrate_drw has 500 polygons
2026-08-20 17:06:46 +0000: Memory Usage (136216K) : substrate_text has 0 polygons
2026-08-20 17:06:46 +0000: Memory Usage (136216K) : dfpad_drw has 2 polygons
2026-08-20 17:06:46 +0000: Memory Usage (136216K) : dfpad_pillar has 0 polygons
2026-08-20 17:06:46 +0000: Memory Usage (136216K) : dfpad_sbump has 0 polygons
2026-08-20 17:06:46 +0000: Memory Usage (136216K) : thickgateox_drw has 1 polygons
2026-08-20 17:06:46 +0000: Memory Usage (136344K) : pldb_drw has 0 polygons
2026-08-20 17:06:46 +0000: Memory Usage (136344K) : pwell_drw has 0 polygons
2026-08-20 17:06:46 +0000: Memory Usage (136344K) : pwell_pin has 0 polygons
2026-08-20 17:06:46 +0000: Memory Usage (136344K) : pwell_block has 2 polygons
2026-08-20 17:06:46 +0000: Memory Usage (136344K) : ic_drw has 0 polygons
2026-08-20 17:06:46 +0000: Memory Usage (136344K) : via3_drw has 1039 polygons
2026-08-20 17:06:46 +0000: Memory Usage (136472K) : metal4_drw has 36 polygons
2026-08-20 17:06:46 +0000: Memory Usage (136472K) : metal4_filler has 0 polygons
2026-08-20 17:06:46 +0000: Memory Usage (136472K) : metal4_slit has 0 polygons
2026-08-20 17:06:46 +0000: Memory Usage (136472K) : metal4 has 36 polygons
2026-08-20 17:06:46 +0000: Memory Usage (136600K) : metal4_pin has 0 polygons
2026-08-20 17:06:46 +0000: Memory Usage (136600K) : metal4_mask has 0 polygons
2026-08-20 17:06:46 +0000: Memory Usage (136600K) : metal4_nofill has 2 polygons
2026-08-20 17:06:46 +0000: Memory Usage (136600K) : metal4_text has 3 polygons
2026-08-20 17:06:46 +0000: Memory Usage (136600K) : metal4_OPC has 0 polygons
2026-08-20 17:06:46 +0000: Memory Usage (136600K) : metal4_noqrc has 0 polygons
2026-08-20 17:06:46 +0000: Memory Usage (136728K) : metal4_res has 0 polygons
2026-08-20 17:06:46 +0000: Memory Usage (136728K) : metal4_iprobe has 0 polygons
2026-08-20 17:06:46 +0000: Memory Usage (136728K) : metal4_diffprb has 0 polygons
2026-08-20 17:06:46 +0000: Memory Usage (136728K) : heattrans_drw has 123 polygons
2026-08-20 17:06:46 +0000: Memory Usage (136728K) : heatres_drw has 2 polygons
2026-08-20 17:06:46 +0000: Memory Usage (136728K) : fbe_drw has 0 polygons
2026-08-20 17:06:46 +0000: Memory Usage (136856K) : empoly_drw has 0 polygons
2026-08-20 17:06:46 +0000: Memory Usage (136856K) : digisub_drw has 0 polygons
2026-08-20 17:06:46 +0000: Memory Usage (136856K) : text_drw has 655 polygons
2026-08-20 17:06:46 +0000: Memory Usage (136856K) : via4_drw has 1033 polygons
2026-08-20 17:06:46 +0000: Memory Usage (136856K) : metal5_drw has 66 polygons
2026-08-20 17:06:46 +0000: Memory Usage (136856K) : metal5_filler has 0 polygons
2026-08-20 17:06:46 +0000: Memory Usage (136984K) : metal5_slit has 0 polygons
2026-08-20 17:06:46 +0000: Memory Usage (136984K) : metal5 has 66 polygons
2026-08-20 17:06:46 +0000: Memory Usage (136984K) : metal5_pin has 0 polygons
2026-08-20 17:06:46 +0000: Memory Usage (136984K) : metal5_mask has 0 polygons
2026-08-20 17:06:46 +0000: Memory Usage (136984K) : metal5_nofill has 2 polygons
2026-08-20 17:06:46 +0000: Memory Usage (136984K) : metal5_text has 0 polygons
2026-08-20 17:06:46 +0000: Memory Usage (137112K) : metal5_OPC has 0 polygons
2026-08-20 17:06:46 +0000: Memory Usage (137112K) : metal5_noqrc has 0 polygons
2026-08-20 17:06:46 +0000: Memory Usage (137112K) : metal5_res has 0 polygons
2026-08-20 17:06:46 +0000: Memory Usage (137112K) : metal5_iprobe has 0 polygons
2026-08-20 17:06:46 +0000: Memory Usage (137112K) : metal5_diffprb has 0 polygons
2026-08-20 17:06:46 +0000: Memory Usage (137112K) : radhard_drw has 0 polygons
2026-08-20 17:06:46 +0000: Memory Usage (137240K) : memcap_drw has 0 polygons
2026-08-20 17:06:46 +0000: Memory Usage (137240K) : varicap_drw has 0 polygons
2026-08-20 17:06:46 +0000: Memory Usage (137240K) : intbondvia_drw has 0 polygons
2026-08-20 17:06:46 +0000: Memory Usage (137240K) : intbondmet_drw has 0 polygons
2026-08-20 17:06:46 +0000: Memory Usage (137240K) : devbondvia_drw has 0 polygons
2026-08-20 17:06:46 +0000: Memory Usage (137240K) : devbondmet_drw has 0 polygons
2026-08-20 17:06:46 +0000: Memory Usage (137368K) : devtrench_drw has 0 polygons
2026-08-20 17:06:46 +0000: Memory Usage (137368K) : redist_drw has 0 polygons
2026-08-20 17:06:46 +0000: Memory Usage (137368K) : graphbot_drw has 0 polygons
2026-08-20 17:06:46 +0000: Memory Usage (137368K) : graphtop_drw has 0 polygons
2026-08-20 17:06:46 +0000: Memory Usage (137368K) : antvia1_drw has 0 polygons
2026-08-20 17:06:46 +0000: Memory Usage (137368K) : antmetal2_drw has 0 polygons
2026-08-20 17:06:46 +0000: Memory Usage (137496K) : graphcont_drw has 0 polygons
2026-08-20 17:06:46 +0000: Memory Usage (137496K) : siwg_drw has 0 polygons
2026-08-20 17:06:46 +0000: Memory Usage (137496K) : siwg_filler has 0 polygons
2026-08-20 17:06:46 +0000: Memory Usage (137496K) : siwg_nofill has 0 polygons
2026-08-20 17:06:46 +0000: Memory Usage (137624K) : sigrating_drw has 0 polygons
2026-08-20 17:06:46 +0000: Memory Usage (137624K) : singrating_drw has 0 polygons
2026-08-20 17:06:46 +0000: Memory Usage (137624K) : graphpas_drw has 0 polygons
2026-08-20 17:06:46 +0000: Memory Usage (137624K) : emwind3_drw has 0 polygons
2026-08-20 17:06:46 +0000: Memory Usage (137624K) : emwihv3_drw has 0 polygons
2026-08-20 17:06:46 +0000: Memory Usage (137624K) : redbulay_drw has 0 polygons
2026-08-20 17:06:46 +0000: Memory Usage (137624K) : smos_drw has 0 polygons
2026-08-20 17:06:46 +0000: Memory Usage (137752K) : graphpad_drw has 0 polygons
2026-08-20 17:06:46 +0000: Memory Usage (137752K) : polimide_drw has 0 polygons
2026-08-20 17:06:46 +0000: Memory Usage (137752K) : polimide_pin has 0 polygons
2026-08-20 17:06:46 +0000: Memory Usage (137752K) : recog_drw has 1 polygons
2026-08-20 17:06:46 +0000: Memory Usage (137752K) : recog_pin has 0 polygons
2026-08-20 17:06:46 +0000: Memory Usage (137880K) : recog_esd has 5 polygons
2026-08-20 17:06:46 +0000: Memory Usage (137880K) : recog_diode has 0 polygons
2026-08-20 17:06:46 +0000: Memory Usage (137880K) : recog_tsv has 0 polygons
2026-08-20 17:06:46 +0000: Memory Usage (137880K) : recog_iprobe has 0 polygons
2026-08-20 17:06:46 +0000: Memory Usage (137880K) : recog_diffprb has 0 polygons
2026-08-20 17:06:46 +0000: Memory Usage (137880K) : recog_pillar has 0 polygons
2026-08-20 17:06:46 +0000: Memory Usage (138008K) : recog_sbump has 0 polygons
2026-08-20 17:06:46 +0000: Memory Usage (138008K) : recog_otp has 0 polygons
2026-08-20 17:06:46 +0000: Memory Usage (138008K) : recog_pdiode has 0 polygons
2026-08-20 17:06:46 +0000: Memory Usage (138008K) : recog_mom has 0 polygons
2026-08-20 17:06:46 +0000: Memory Usage (138008K) : recog_momf has 0 polygons
2026-08-20 17:06:46 +0000: Memory Usage (138136K) : recog_pcm has 0 polygons
2026-08-20 17:06:46 +0000: Memory Usage (138136K) : colopen_drw has 0 polygons
2026-08-20 17:06:46 +0000: Memory Usage (138136K) : graphmetal1_drw has 0 polygons
2026-08-20 17:06:46 +0000: Memory Usage (138136K) : graphmetal1_filler has 0 polygons
2026-08-20 17:06:46 +0000: Memory Usage (138264K) : graphmetal1_nofill has 0 polygons
2026-08-20 17:06:46 +0000: Memory Usage (138264K) : graphmetal1_slit has 0 polygons
2026-08-20 17:06:46 +0000: Memory Usage (138264K) : graphmetal1_OPC has 0 polygons
2026-08-20 17:06:46 +0000: Memory Usage (138264K) : graphmet1l_drw has 0 polygons
2026-08-20 17:06:46 +0000: Memory Usage (138392K) : graphmet1l_filler has 0 polygons
2026-08-20 17:06:46 +0000: Memory Usage (138392K) : graphmet1l_nofill has 0 polygons
2026-08-20 17:06:46 +0000: Memory Usage (138392K) : graphmet1l_slit has 0 polygons
2026-08-20 17:06:46 +0000: Memory Usage (138392K) : graphmet1l_OPC has 0 polygons
2026-08-20 17:06:46 +0000: Memory Usage (138520K) : extblock_drw has 6 polygons
2026-08-20 17:06:46 +0000: Memory Usage (138520K) : nldd_drw has 0 polygons
2026-08-20 17:06:46 +0000: Memory Usage (138520K) : pldd_drw has 0 polygons
2026-08-20 17:06:46 +0000: Memory Usage (138520K) : next_drw has 0 polygons
2026-08-20 17:06:46 +0000: Memory Usage (138648K) : pext_drw has 0 polygons
2026-08-20 17:06:46 +0000: Memory Usage (138648K) : nexthv_drw has 0 polygons
2026-08-20 17:06:46 +0000: Memory Usage (138648K) : pexthv_drw has 0 polygons
2026-08-20 17:06:46 +0000: Memory Usage (138776K) : graphgate_drw has 0 polygons
2026-08-20 17:06:46 +0000: Memory Usage (138776K) : sinwg_drw has 0 polygons
2026-08-20 17:06:46 +0000: Memory Usage (138776K) : sinwg_filler has 0 polygons
2026-08-20 17:06:46 +0000: Memory Usage (138776K) : sinwg_nofill has 0 polygons
2026-08-20 17:06:46 +0000: Memory Usage (138904K) : mempad_drw has 0 polygons
2026-08-20 17:06:46 +0000: Memory Usage (138904K) : topvia1_drw has 490 polygons
2026-08-20 17:06:46 +0000: Memory Usage (138904K) : topmetal1_drw has 79 polygons
2026-08-20 17:06:46 +0000: Memory Usage (138904K) : topmetal1_filler has 0 polygons
2026-08-20 17:06:46 +0000: Memory Usage (139032K) : topmetal1_slit has 0 polygons
2026-08-20 17:06:46 +0000: Memory Usage (139032K) : topmetal1 has 79 polygons
2026-08-20 17:06:46 +0000: Memory Usage (139032K) : topmetal1_pin has 0 polygons
2026-08-20 17:06:46 +0000: Memory Usage (139032K) : topmetal1_mask has 0 polygons
2026-08-20 17:06:46 +0000: Memory Usage (139160K) : topmetal1_nofill has 2 polygons
2026-08-20 17:06:46 +0000: Memory Usage (139160K) : topmetal1_text has 0 polygons
2026-08-20 17:06:46 +0000: Memory Usage (139160K) : topmetal1_noqrc has 0 polygons
2026-08-20 17:06:46 +0000: Memory Usage (139160K) : topmetal1_res has 0 polygons
2026-08-20 17:06:46 +0000: Memory Usage (139288K) : topmetal1_iprobe has 0 polygons
2026-08-20 17:06:46 +0000: Memory Usage (139288K) : topmetal1_diffprb has 0 polygons
2026-08-20 17:06:46 +0000: Memory Usage (139288K) : inldpwl_drw has 0 polygons
2026-08-20 17:06:46 +0000: Memory Usage (139288K) : polyres_drw has 2 polygons
2026-08-20 17:06:46 +0000: Memory Usage (139416K) : polyres_pin has 0 polygons
2026-08-20 17:06:46 +0000: Memory Usage (139544K) : vmim_drw has 0 polygons
2026-08-20 17:06:46 +0000: Memory Usage (139544K) : nbulaycut_drw has 0 polygons
2026-08-20 17:06:46 +0000: Memory Usage (139544K) : antmetal1_drw has 0 polygons
2026-08-20 17:06:46 +0000: Memory Usage (139544K) : topvia2_drw has 236 polygons
2026-08-20 17:06:46 +0000: Memory Usage (139800K) : topmetal2_drw has 72 polygons
2026-08-20 17:06:46 +0000: Memory Usage (139800K) : topmetal2_filler has 0 polygons
2026-08-20 17:06:46 +0000: Memory Usage (139800K) : topmetal2_slit has 0 polygons
2026-08-20 17:06:46 +0000: Memory Usage (139928K) : topmetal2 has 72 polygons
2026-08-20 17:06:46 +0000: Memory Usage (139928K) : topmetal2_pin has 4 polygons
2026-08-20 17:06:46 +0000: Memory Usage (139928K) : topmetal2_mask has 0 polygons
2026-08-20 17:06:46 +0000: Memory Usage (140056K) : topmetal2_nofill has 2 polygons
2026-08-20 17:06:46 +0000: Memory Usage (140056K) : topmetal2_text has 8 polygons
2026-08-20 17:06:46 +0000: Memory Usage (140056K) : topmetal2_noqrc has 0 polygons
2026-08-20 17:06:46 +0000: Memory Usage (140056K) : topmetal2_res has 0 polygons
2026-08-20 17:06:46 +0000: Memory Usage (140184K) : topmetal2_iprobe has 0 polygons
2026-08-20 17:06:46 +0000: Memory Usage (140184K) : topmetal2_diffprb has 0 polygons
2026-08-20 17:06:46 +0000: Memory Usage (140184K) : snsring_drw has 0 polygons
2026-08-20 17:06:46 +0000: Memory Usage (140312K) : sensor_drw has 0 polygons
2026-08-20 17:06:46 +0000: Memory Usage (140312K) : snsarms_drw has 0 polygons
2026-08-20 17:06:46 +0000: Memory Usage (140440K) : snscmosvia_drw has 0 polygons
2026-08-20 17:06:46 +0000: Memory Usage (140440K) : colwind_drw has 0 polygons
2026-08-20 17:06:46 +0000: Memory Usage (140440K) : flm_drw has 0 polygons
2026-08-20 17:06:46 +0000: Memory Usage (140440K) : hafniumox_drw has 0 polygons
2026-08-20 17:06:46 +0000: Memory Usage (140440K) : memvia_drw has 0 polygons
2026-08-20 17:06:46 +0000: Memory Usage (140440K) : thinfilmres_drw has 0 polygons
2026-08-20 17:06:46 +0000: Memory Usage (140440K) : rfmem_drw has 0 polygons
2026-08-20 17:06:46 +0000: Memory Usage (140440K) : norcx_drw has 2 polygons
2026-08-20 17:06:46 +0000: Memory Usage (140440K) : norcx_m2m3 has 0 polygons
2026-08-20 17:06:46 +0000: Memory Usage (140440K) : norcx_m2m4 has 0 polygons
2026-08-20 17:06:46 +0000: Memory Usage (140440K) : norcx_m2m5 has 0 polygons
2026-08-20 17:06:46 +0000: Memory Usage (140440K) : norcx_m2tm1 has 0 polygons
2026-08-20 17:06:46 +0000: Memory Usage (140440K) : norcx_m2tm2 has 0 polygons
2026-08-20 17:06:46 +0000: Memory Usage (140440K) : norcx_m3m4 has 0 polygons
2026-08-20 17:06:46 +0000: Memory Usage (140440K) : norcx_m3m5 has 0 polygons
2026-08-20 17:06:46 +0000: Memory Usage (140440K) : norcx_m3tm1 has 0 polygons
2026-08-20 17:06:46 +0000: Memory Usage (140440K) : norcx_m3tm2 has 0 polygons
2026-08-20 17:06:46 +0000: Memory Usage (140440K) : norcx_m4m5 has 0 polygons
2026-08-20 17:06:46 +0000: Memory Usage (140440K) : norcx_m4tm1 has 0 polygons
2026-08-20 17:06:46 +0000: Memory Usage (140440K) : norcx_m4tm2 has 0 polygons
2026-08-20 17:06:46 +0000: Memory Usage (140440K) : norcx_m5tm1 has 0 polygons
2026-08-20 17:06:46 +0000: Memory Usage (140440K) : norcx_m5tm2 has 0 polygons
2026-08-20 17:06:46 +0000: Memory Usage (140440K) : norcx_tm1tm2 has 0 polygons
2026-08-20 17:06:46 +0000: Memory Usage (140440K) : norcx_m1sub has 0 polygons
2026-08-20 17:06:46 +0000: Memory Usage (140440K) : norcx_m2sub has 0 polygons
2026-08-20 17:06:46 +0000: Memory Usage (140440K) : norcx_m3sub has 0 polygons
2026-08-20 17:06:46 +0000: Memory Usage (140440K) : norcx_m4sub has 0 polygons
2026-08-20 17:06:46 +0000: Memory Usage (140440K) : norcx_m5sub has 0 polygons
2026-08-20 17:06:46 +0000: Memory Usage (140440K) : norcx_tm1sub has 0 polygons
2026-08-20 17:06:46 +0000: Memory Usage (140440K) : norcx_tm2sub has 0 polygons
2026-08-20 17:06:46 +0000: Memory Usage (140440K) : snsbotvia_drw has 0 polygons
2026-08-20 17:06:46 +0000: Memory Usage (140440K) : snstopvia_drw has 0 polygons
2026-08-20 17:06:46 +0000: Memory Usage (140440K) : deepvia_drw has 0 polygons
2026-08-20 17:06:46 +0000: Memory Usage (140440K) : fgetch_drw has 0 polygons
2026-08-20 17:06:46 +0000: Memory Usage (140440K) : ctrgat_drw has 0 polygons
2026-08-20 17:06:46 +0000: Memory Usage (140440K) : fgimp_drw has 0 polygons
2026-08-20 17:06:46 +0000: Memory Usage (140440K) : emwihv_drw has 0 polygons
2026-08-20 17:06:46 +0000: Memory Usage (140440K) : lbe_drw has 2 polygons
2026-08-20 17:06:46 +0000: Memory Usage (140440K) : alcustop_drw has 0 polygons
2026-08-20 17:06:46 +0000: Memory Usage (140440K) : nometfiller_drw has 0 polygons
2026-08-20 17:06:46 +0000: Memory Usage (140440K) : prboundary_drw has 0 polygons
2026-08-20 17:06:46 +0000: Memory Usage (140440K) : exchange0_drw has 0 polygons
2026-08-20 17:06:46 +0000: Memory Usage (140440K) : exchange0_pin has 0 polygons
2026-08-20 17:06:46 +0000: Memory Usage (140440K) : exchange0_text has 0 polygons
2026-08-20 17:06:46 +0000: Memory Usage (140440K) : exchange1_drw has 0 polygons
2026-08-20 17:06:46 +0000: Memory Usage (140440K) : exchange1_pin has 0 polygons
2026-08-20 17:06:46 +0000: Memory Usage (140440K) : exchange1_text has 0 polygons
2026-08-20 17:06:46 +0000: Memory Usage (140440K) : exchange2_drw has 0 polygons
2026-08-20 17:06:46 +0000: Memory Usage (140440K) : exchange2_pin has 0 polygons
2026-08-20 17:06:46 +0000: Memory Usage (140440K) : exchange2_text has 0 polygons
2026-08-20 17:06:46 +0000: Memory Usage (140440K) : exchange3_drw has 0 polygons
2026-08-20 17:06:46 +0000: Memory Usage (140440K) : exchange3_pin has 0 polygons
2026-08-20 17:06:46 +0000: Memory Usage (140440K) : exchange3_text has 0 polygons
2026-08-20 17:06:46 +0000: Memory Usage (140440K) : exchange4_drw has 0 polygons
2026-08-20 17:06:46 +0000: Memory Usage (140440K) : exchange4_pin has 0 polygons
2026-08-20 17:06:46 +0000: Memory Usage (140440K) : exchange4_text has 0 polygons
2026-08-20 17:06:46 +0000: Memory Usage (140440K) : isonwell_drw has 0 polygons
2026-08-20 17:06:46 +0000: Memory Usage (140440K) : Total no. of polygons in the design is 32230
2026-08-20 17:06:46 +0000: Memory Usage (140440K) : Starting base layers derivations
2026-08-20 17:06:46 +0000: Memory Usage (140440K) : Starting general LVS derivations
2026-08-20 17:06:46 +0000: Memory Usage (144872K) : Starting MOSFET DERIVATIONS
2026-08-20 17:06:46 +0000: Memory Usage (145640K) : Starting NMOS DERIVATIONS
2026-08-20 17:06:46 +0000: Memory Usage (145640K) : Starting PMOS DERIVATIONS
2026-08-20 17:06:46 +0000: Memory Usage (145640K) : Starting RF-MOSFET DERIVATIONS
2026-08-20 17:06:46 +0000: Memory Usage (145640K) : Starting RF-NMOS DERIVATIONS
2026-08-20 17:06:46 +0000: Memory Usage (145640K) : Starting RF-PMOS DERIVATIONS
2026-08-20 17:06:46 +0000: Memory Usage (145640K) : Starting BJT DERIVATIONS
2026-08-20 17:06:46 +0000: Memory Usage (145640K) : Starting NPN-BJT DERIVATIONS
2026-08-20 17:06:46 +0000: Memory Usage (145640K) : Starting PNP-BJT DERIVATIONS
2026-08-20 17:06:46 +0000: Memory Usage (145640K) : Starting DIODE DERIVATIONS
2026-08-20 17:06:47 +0000: Memory Usage (145768K) : Starting RESISTOR DERIVATIONS
2026-08-20 17:06:47 +0000: Memory Usage (145768K) : Starting CAP DERIVATIONS
2026-08-20 17:06:47 +0000: Memory Usage (145768K) : Starting CAP_CMOM DERIVATIONS
2026-08-20 17:06:47 +0000: Memory Usage (145768K) : Starting CAP_CMOMF DERIVATIONS
2026-08-20 17:06:47 +0000: Memory Usage (145768K) : Starting ESD DERIVATIONS
2026-08-20 17:06:48 +0000: Memory Usage (145896K) : Starting Inductor DERIVATIONS
2026-08-20 17:06:49 +0000: Memory Usage (145896K) : Starting Taps DERIVATIONS
2026-08-20 17:06:49 +0000: Memory Usage (145896K) : Starting SG13G2 LVS connectivity setup
2026-08-20 17:06:49 +0000: Memory Usage (145896K) : Starting SG13G2 LVS connectivity setup (Inter-layer)
2026-08-20 17:06:49 +0000: Memory Usage (146024K) : Starting SG13G2 LVS connectivity setup (Global)
2026-08-20 17:06:49 +0000: Memory Usage (146024K) : Starting LVS MOSFET CONNECTIONS
2026-08-20 17:06:49 +0000: Memory Usage (146024K) : Starting LVS RF-MOSFET CONNECTIONS
2026-08-20 17:06:49 +0000: Memory Usage (146024K) : Starting LVS BJT CONNECTIONS
2026-08-20 17:06:49 +0000: Memory Usage (146024K) : Starting LVS DIODE CONNECTIONS
2026-08-20 17:06:49 +0000: Memory Usage (146024K) : Starting RESISTOR CONNECTIONS
2026-08-20 17:06:49 +0000: Memory Usage (146024K) : Starting LVS CAP CONNECTIONS
2026-08-20 17:06:49 +0000: Memory Usage (146024K) : Starting CAP_CMOM CONNECTIONS
2026-08-20 17:06:49 +0000: Memory Usage (146024K) : Starting CAP_CMOMF CONNECTIONS
2026-08-20 17:06:49 +0000: Memory Usage (146024K) : Starting ESD CONNECTIONS
2026-08-20 17:06:49 +0000: Memory Usage (146024K) : Starting Inductor CONNECTIONS
2026-08-20 17:06:49 +0000: Memory Usage (146024K) : Starting LVS Taps CONNECTIONS
2026-08-20 17:06:49 +0000: Memory Usage (146024K) : Starting SG13G2 LVS DEVICES EXTRACTION
2026-08-20 17:06:49 +0000: Memory Usage (146024K) : Starting MOSFET EXTRACTION
2026-08-20 17:06:49 +0000: Memory Usage (146024K) : Starting NMOS EXTRACTION
2026-08-20 17:06:49 +0000: Memory Usage (146024K) : Extraction of NMOS-LV transistor
2026-08-20 17:06:49 +0000: Memory Usage (146152K) : Extraction of NMOS-HV transistor
2026-08-20 17:06:49 +0000: Memory Usage (146152K) : Starting PMOS EXTRACTION
2026-08-20 17:06:49 +0000: Memory Usage (146152K) : Extraction of PMOS-LV transistor
2026-08-20 17:06:49 +0000: Memory Usage (146152K) : Extraction of PMOS-HV transistor
2026-08-20 17:06:49 +0000: Memory Usage (146152K) : Starting RF-MOSFET EXTRACTION
2026-08-20 17:06:49 +0000: Memory Usage (146152K) : Extraction of RF-NMOS-LV transistor
2026-08-20 17:06:49 +0000: Memory Usage (146152K) : Extraction of RF-NMOS-HV transistor
2026-08-20 17:06:49 +0000: Memory Usage (146152K) : Extraction of RF-PMOS-LV transistor
2026-08-20 17:06:49 +0000: Memory Usage (146152K) : Extraction of RF-PMOS-HV transistor
2026-08-20 17:06:49 +0000: Memory Usage (146152K) : Starting BJT EXTRACTION
2026-08-20 17:06:49 +0000: Memory Usage (146152K) : Starting NPN-BJT EXTRACTION
2026-08-20 17:06:49 +0000: Memory Usage (146152K) : Extraction of npn13G2 BJT transistor
2026-08-20 17:06:49 +0000: Memory Usage (146152K) : Extraction of npn13G2L BJT transistor
2026-08-20 17:06:49 +0000: Memory Usage (146152K) : Extraction of npn13G2V BJT transistor
2026-08-20 17:06:49 +0000: Memory Usage (146152K) : Starting PNP-BJT EXTRACTION
2026-08-20 17:06:49 +0000: Memory Usage (146152K) : Extracting pnpMPA BJT
2026-08-20 17:06:49 +0000: Memory Usage (146152K) : Starting DIODE EXTRACTION
2026-08-20 17:06:49 +0000: Memory Usage (146152K) : Extracting dantenna diode
2026-08-20 17:06:49 +0000: Memory Usage (146152K) : Extracting dpantenna diode
2026-08-20 17:06:49 +0000: Memory Usage (146152K) : Extracting schottky_nbl1 diode
2026-08-20 17:06:49 +0000: Memory Usage (146152K) : Extracting isolbox diode
2026-08-20 17:06:49 +0000: Memory Usage (146152K) : Starting RESISTOR EXTRACTION
2026-08-20 17:06:49 +0000: Memory Usage (146152K) : Extracting rsil resistor
2026-08-20 17:06:49 +0000: Memory Usage (146152K) : Extracting rppd resistor
2026-08-20 17:06:49 +0000: Memory Usage (146152K) : Extracting rhigh resistor
2026-08-20 17:06:49 +0000: Memory Usage (146152K) : Extracting res_metal1 resistor
2026-08-20 17:06:49 +0000: Memory Usage (146280K) : Extracting res_metal2 resistor
2026-08-20 17:06:49 +0000: Memory Usage (146280K) : Extracting res_metal3 resistor
2026-08-20 17:06:49 +0000: Memory Usage (146280K) : Extracting res_metal4 resistor
2026-08-20 17:06:49 +0000: Memory Usage (146280K) : Extracting res_metal5 resistor
2026-08-20 17:06:49 +0000: Memory Usage (146280K) : Extracting res_topmetal1 resistor
2026-08-20 17:06:49 +0000: Memory Usage (146280K) : Extracting res_topmetal2 resistor
2026-08-20 17:06:49 +0000: Memory Usage (146280K) : Starting CAP EXTRACTION
2026-08-20 17:06:49 +0000: Memory Usage (146280K) : Extracting cap_cmim device
2026-08-20 17:06:49 +0000: Memory Usage (146280K) : Extracting rfcmim device
2026-08-20 17:06:49 +0000: Memory Usage (146280K) : Extracting sg13_hv_svaricap varactor
2026-08-20 17:06:49 +0000: Memory Usage (146280K) : Extracting cap_cmomi device
2026-08-20 17:06:49 +0000: Memory Usage (146280K) : Extracting cap_cmomf device
2026-08-20 17:06:49 +0000: Memory Usage (146280K) : Extracting sg13_moscap_n capacitor
2026-08-20 17:06:49 +0000: Memory Usage (146280K) : Extracting sg13_moscap_p capacitor
2026-08-20 17:06:49 +0000: Memory Usage (146280K) : Starting ESD EXTRACTION
2026-08-20 17:06:49 +0000: Memory Usage (146280K) : Extracting diodevdd_2kv ESD device
2026-08-20 17:06:49 +0000: Memory Usage (146280K) : Extracting diodevdd_4kv ESD device
2026-08-20 17:06:49 +0000: Memory Usage (146280K) : Extracting diodevss_2kv ESD device
2026-08-20 17:06:49 +0000: Memory Usage (146280K) : Extracting diodevss_4kv ESD device
2026-08-20 17:06:49 +0000: Memory Usage (146280K) : Extracting idiodevdd_2kv ESD device
2026-08-20 17:06:49 +0000: Memory Usage (146280K) : Extracting idiodevdd_4kv ESD device
2026-08-20 17:06:49 +0000: Memory Usage (146280K) : Extracting idiodevss_2kv ESD device
2026-08-20 17:06:49 +0000: Memory Usage (146280K) : Extracting idiodevss_4kv ESD device
2026-08-20 17:06:49 +0000: Memory Usage (146280K) : Extracting nmoscl_2 ESD device
2026-08-20 17:06:49 +0000: Memory Usage (146280K) : Extracting nmoscl_4 ESD device
2026-08-20 17:06:49 +0000: Memory Usage (146280K) : Starting Inductor EXTRACTION
2026-08-20 17:06:49 +0000: Memory Usage (146280K) : Extracting Inductor2 device
2026-08-20 17:06:49 +0000: Memory Usage (146536K) : Extracting Inductor3 device
2026-08-20 17:06:49 +0000: Memory Usage (146536K) : Starting Taps EXTRACTION
2026-08-20 17:06:49 +0000: Memory Usage (146536K) : DISABLE_TAP_EXTRACTION is enabled: skipping ntap1/ptap1 device extraction.
2026-08-20 17:06:49 +0000: Memory Usage (146536K) : Starting SG13G2 LVS RF MOS Model Mapping
2026-08-20 17:06:49 +0000: Memory Usage (147048K) : [layout_netlist] Apply RF MOS model mapping and rfmode parameter.
2026-08-20 17:06:49 +0000: Memory Usage (147048K) : Starting SG13G2 LVS Options Preparations
2026-08-20 17:06:49 +0000: Memory Usage (147048K) : SG13G2 LVS flow: extraction -> alignment -> option preparation -> comparison.
2026-08-20 17:06:49 +0000: Memory Usage (147048K) : Starting SG13G2 LVS Alignment
2026-08-20 17:06:49 +0000: Memory Usage (147176K) : Starting SG13G2 LVS Simplification
2026-08-20 17:06:49 +0000: Memory Usage (147176K) : [layout_netlist] simplify: ENABLED
2026-08-20 17:06:49 +0000: Memory Usage (147176K) : [layout_netlist] make_top_level_pins: SKIPPED
2026-08-20 17:06:49 +0000: Memory Usage (147176K) : [layout_netlist] combine_devices: SKIPPED
2026-08-20 17:06:49 +0000: Memory Usage (147176K) : [layout_netlist] purge: SKIPPED
2026-08-20 17:06:49 +0000: Memory Usage (147176K) : [layout_netlist] purge_nets: SKIPPED
2026-08-20 17:06:49 +0000: Memory Usage (147176K) : [schematic_netlist] simplify: ENABLED
2026-08-20 17:06:49 +0000: Memory Usage (147176K) : [schematic_netlist] make_top_level_pins: SKIPPED
2026-08-20 17:06:49 +0000: Memory Usage (147176K) : [schematic_netlist] combine_devices: SKIPPED
2026-08-20 17:06:49 +0000: Memory Usage (147176K) : [schematic_netlist] purge: SKIPPED
2026-08-20 17:06:49 +0000: Memory Usage (147176K) : [schematic_netlist] purge_nets: SKIPPED
2026-08-20 17:06:49 +0000: Memory Usage (147176K) : Starting SG13G2 LVS Comparison
2026-08-20 17:06:49 +0000: Memory Usage (147304K) : xxxxxxxxxxxxxxxxxxxxxxxxxxxxxxxxxxxxxxxxxx
2026-08-20 17:06:49 +0000: Memory Usage (147304K) : ERROR : Netlists don't match
2026-08-20 17:06:49 +0000: Memory Usage (147304K) : xxxxxxxxxxxxxxxxxxxxxxxxxxxxxxxxxxxxxxxxxx
2026-08-20 17:06:49 +0000: Memory Usage (147304K) : LVS Total Run time 3.478379 seconds

--- stderr ---
20-Aug-2026 17:06:45 | INFO    | Your Klayout version is: KLayout 0.30.5 (required >= 0.30.5)
20-Aug-2026 17:06:45 | INFO    | Running SG13G2 LVS checks on design /workspace/layout/blocks/out/driver_stage/bisect_extra5/full/driver_dut.gds on cell driver_dut
20-Aug-2026 17:06:49 | INFO    | ==============================================================================
20-Aug-2026 17:06:49 | INFO    | Important Summary
20-Aug-2026 17:06:49 | INFO    | +------------------+------------------------------------------------------------------+
20-Aug-2026 17:06:49 | INFO    | | Status           | FAIL                                                             |
20-Aug-2026 17:06:49 | INFO    | | Mode             | COMPARE                                                          |
20-Aug-2026 17:06:49 | INFO    | | Outcome          | Comparison mode: FAIL (netlists do not match).                   |
20-Aug-2026 17:06:49 | INFO    | | Layout           | driver_dut.gds                                                   |
20-Aug-2026 17:06:49 | INFO    | | Top Cell         | driver_dut                                                       |
20-Aug-2026 17:06:49 | INFO    | | Results Dir      | /workspace/layout/blocks/out/driver_stage/bisect_extra5/full/lvs |
20-Aug-2026 17:06:49 | INFO    | | Warnings         | 0                                                                |
20-Aug-2026 17:06:49 | INFO    | | Errors           | 1                                                                |
20-Aug-2026 17:06:49 | INFO    | | Run Time (s)     | 3.824                                                            |
20-Aug-2026 17:06:49 | INFO    | +------------------+------------------------------------------------------------------+
20-Aug-2026 17:06:49 | ERROR   | Key errors:
20-Aug-2026 17:06:49 | ERROR   |   - 2026-08-20 17:06:49 +0000: Memory Usage (147304K) : ERROR : Netlists don't match
20-Aug-2026 17:06:49 | INFO    | ==============================================================================

