$ /home/ubuntu/.local/share/ihp-eda/venv/bin/python /home/ubuntu/.local/share/ihp-eda/IHP-Open-PDK/ihp-sg13g2/libs.tech/klayout/tech/lvs/run_lvs.py --layout=/workspace/layout/blocks/out/driver_stage/bisect_run/_probe9_vss_only/driver_dut.gds --netlist=/workspace/layout/blocks/out/driver_stage/bisect_run/_probe9_vss_only/driver_dut.cdl --run_dir=/workspace/layout/blocks/out/driver_stage/bisect_run/_probe9_vss_only/lvs --run_mode=deep --topcell=driver_dut --implicit_nets=sub,sub! --ignore_top_ports_mismatch --disable_tap_extraction

--- stdout ---
2026-08-20 19:07:46 +0000: Memory Usage (128684K) : Starting running SG13G2 Klayout LVS runset on /workspace/layout/blocks/out/driver_stage/bisect_run/_probe9_vss_only/driver_dut.gds
2026-08-20 19:07:46 +0000: Memory Usage (128872K) : Ruby Version for klayout: 3.2.3
2026-08-20 19:07:46 +0000: Memory Usage (129956K) : Loading database to memory is complete.
2026-08-20 19:07:46 +0000: Memory Usage (129956K) : SG13G2 Klayout LVS runset output at: /workspace/layout/blocks/out/driver_stage/bisect_run/_probe9_vss_only/lvs/driver_dut.lvsdb
2026-08-20 19:07:46 +0000: Memory Usage (129956K) : Evaluate switches.
2026-08-20 19:07:46 +0000: Memory Usage (129956K) : Extracted netlist with net names: true
2026-08-20 19:07:46 +0000: Memory Usage (129956K) : Extracted netlist with comments in details: false
2026-08-20 19:07:46 +0000: Memory Usage (129956K) : Selected NET_ONLY option: false
2026-08-20 19:07:46 +0000: Memory Usage (129956K) : Selected LAYOUT_NETLIST option: (none)
2026-08-20 19:07:46 +0000: Memory Usage (129956K) : Selected IGNORE_TOP_PORTS_MISMATCH option: true
2026-08-20 19:07:46 +0000: Memory Usage (129956K) : Selected IMPLICIT_NETS option: sub,sub!
2026-08-20 19:07:46 +0000: Memory Usage (129956K) : Selected TOP_LVL_PINS option: false
2026-08-20 19:07:46 +0000: Memory Usage (129956K) : Selected COMBINE DEVICES option: false
2026-08-20 19:07:46 +0000: Memory Usage (129956K) : Selected PURGE option: false
2026-08-20 19:07:46 +0000: Memory Usage (129956K) : Selected PURGE_NETS option: false
2026-08-20 19:07:46 +0000: Memory Usage (129956K) : Selected SIMPLIFY option: true
2026-08-20 19:07:46 +0000: Memory Usage (129956K) : Selected SERIES_RES option: true
2026-08-20 19:07:46 +0000: Memory Usage (129956K) : Selected PARALLEL_RES option: true
2026-08-20 19:07:46 +0000: Memory Usage (129956K) : Selected DISABLE_TAP_EXTRACTION option: true
2026-08-20 19:07:46 +0000: Memory Usage (129956K) : deep  mode is enabled.
2026-08-20 19:07:46 +0000: Memory Usage (129956K) : Applying implicit connections (case-sensitive, pattern supported) for nets: sub, sub!
2026-08-20 19:07:46 +0000: Memory Usage (131260K) : Netlist file: /workspace/layout/blocks/out/driver_stage/bisect_run/_probe9_vss_only/driver_dut.cdl
2026-08-20 19:07:46 +0000: Memory Usage (131260K) : LVS extracted netlist at: /workspace/layout/blocks/out/driver_stage/bisect_run/_probe9_vss_only/lvs/driver_dut_extracted.cir
2026-08-20 19:07:46 +0000: Memory Usage (131260K) : Applying SRAM integration support.
2026-08-20 19:07:46 +0000: Memory Usage (131260K) : Starting SG13G2 LVS runset
2026-08-20 19:07:46 +0000: Memory Usage (131260K) : Read in polygons from layers.
2026-08-20 19:07:46 +0000: Memory Usage (132540K) : activ_drw has 893 polygons
2026-08-20 19:07:46 +0000: Memory Usage (132540K) : activ_filler has 0 polygons
2026-08-20 19:07:46 +0000: Memory Usage (132796K) : activ has 893 polygons
2026-08-20 19:07:46 +0000: Memory Usage (132796K) : activ_pin has 0 polygons
2026-08-20 19:07:46 +0000: Memory Usage (132796K) : activ_mask has 4 polygons
2026-08-20 19:07:46 +0000: Memory Usage (132796K) : activ_nofill has 0 polygons
2026-08-20 19:07:46 +0000: Memory Usage (132796K) : activ_OPC has 0 polygons
2026-08-20 19:07:46 +0000: Memory Usage (132796K) : activ_iOPC has 0 polygons
2026-08-20 19:07:46 +0000: Memory Usage (132796K) : activ_noqrc has 0 polygons
2026-08-20 19:07:46 +0000: Memory Usage (132896K) : biwind_drw has 0 polygons
2026-08-20 19:07:46 +0000: Memory Usage (133408K) : biwind_OPC has 0 polygons
2026-08-20 19:07:46 +0000: Memory Usage (133408K) : gatpoly_drw has 123 polygons
2026-08-20 19:07:46 +0000: Memory Usage (133408K) : gatpoly_filler has 0 polygons
2026-08-20 19:07:46 +0000: Memory Usage (133408K) : gatpoly has 123 polygons
2026-08-20 19:07:46 +0000: Memory Usage (133408K) : gatpoly_pin has 119 polygons
2026-08-20 19:07:46 +0000: Memory Usage (133408K) : gatpoly_nofill has 0 polygons
2026-08-20 19:07:46 +0000: Memory Usage (133408K) : gatpoly_OPC has 0 polygons
2026-08-20 19:07:46 +0000: Memory Usage (133408K) : gatpoly_iOPC has 0 polygons
2026-08-20 19:07:46 +0000: Memory Usage (133408K) : gatpoly_noqrc has 0 polygons
2026-08-20 19:07:46 +0000: Memory Usage (133408K) : cont_drw has 13150 polygons
2026-08-20 19:07:46 +0000: Memory Usage (133408K) : cont_OPC has 0 polygons
2026-08-20 19:07:46 +0000: Memory Usage (133408K) : nsd_drw has 0 polygons
2026-08-20 19:07:46 +0000: Memory Usage (133408K) : nsd_block has 4 polygons
2026-08-20 19:07:46 +0000: Memory Usage (133408K) : metal1_drw has 1515 polygons
2026-08-20 19:07:46 +0000: Memory Usage (133408K) : metal1_filler has 0 polygons
2026-08-20 19:07:46 +0000: Memory Usage (133408K) : metal1_slit has 0 polygons
2026-08-20 19:07:46 +0000: Memory Usage (133536K) : metal1 has 1515 polygons
2026-08-20 19:07:46 +0000: Memory Usage (133536K) : metal1_pin has 746 polygons
2026-08-20 19:07:46 +0000: Memory Usage (133536K) : metal1_mask has 0 polygons
2026-08-20 19:07:46 +0000: Memory Usage (133536K) : metal1_nofill has 0 polygons
2026-08-20 19:07:46 +0000: Memory Usage (133792K) : metal1_text has 3 polygons
2026-08-20 19:07:46 +0000: Memory Usage (133792K) : metal1_OPC has 0 polygons
2026-08-20 19:07:46 +0000: Memory Usage (133920K) : metal1_noqrc has 0 polygons
2026-08-20 19:07:46 +0000: Memory Usage (133920K) : metal1_res has 0 polygons
2026-08-20 19:07:46 +0000: Memory Usage (133920K) : metal1_iprobe has 0 polygons
2026-08-20 19:07:46 +0000: Memory Usage (134048K) : metal1_diffprb has 0 polygons
2026-08-20 19:07:46 +0000: Memory Usage (134048K) : passiv_drw has 2 polygons
2026-08-20 19:07:46 +0000: Memory Usage (134048K) : passiv_pin has 0 polygons
2026-08-20 19:07:46 +0000: Memory Usage (134176K) : passiv_sbump has 0 polygons
2026-08-20 19:07:46 +0000: Memory Usage (134176K) : passiv_pillar has 0 polygons
2026-08-20 19:07:46 +0000: Memory Usage (134176K) : passiv_pdl has 0 polygons
2026-08-20 19:07:46 +0000: Memory Usage (134304K) : metal2_drw has 519 polygons
2026-08-20 19:07:46 +0000: Memory Usage (134304K) : metal2_filler has 0 polygons
2026-08-20 19:07:46 +0000: Memory Usage (134304K) : metal2_slit has 0 polygons
2026-08-20 19:07:46 +0000: Memory Usage (134432K) : metal2 has 519 polygons
2026-08-20 19:07:46 +0000: Memory Usage (134432K) : metal2_pin has 10 polygons
2026-08-20 19:07:46 +0000: Memory Usage (134560K) : metal2_mask has 0 polygons
2026-08-20 19:07:46 +0000: Memory Usage (134560K) : metal2_nofill has 0 polygons
2026-08-20 19:07:46 +0000: Memory Usage (134560K) : metal2_text has 3 polygons
2026-08-20 19:07:46 +0000: Memory Usage (134688K) : metal2_OPC has 0 polygons
2026-08-20 19:07:46 +0000: Memory Usage (134688K) : metal2_noqrc has 0 polygons
2026-08-20 19:07:46 +0000: Memory Usage (134688K) : metal2_res has 0 polygons
2026-08-20 19:07:46 +0000: Memory Usage (134816K) : metal2_iprobe has 0 polygons
2026-08-20 19:07:46 +0000: Memory Usage (134816K) : metal2_diffprb has 0 polygons
2026-08-20 19:07:46 +0000: Memory Usage (134816K) : baspoly_drw has 0 polygons
2026-08-20 19:07:46 +0000: Memory Usage (134816K) : baspoly_pin has 0 polygons
2026-08-20 19:07:46 +0000: Memory Usage (134816K) : psd_drw has 514 polygons
2026-08-20 19:07:46 +0000: Memory Usage (134944K) : nldb_drw has 0 polygons
2026-08-20 19:07:46 +0000: Memory Usage (134944K) : digibnd_drw has 0 polygons
2026-08-20 19:07:46 +0000: Memory Usage (134944K) : via1_drw has 6612 polygons
2026-08-20 19:07:46 +0000: Memory Usage (135072K) : backmetal1_drw has 0 polygons
2026-08-20 19:07:46 +0000: Memory Usage (135072K) : backmetal1_pin has 0 polygons
2026-08-20 19:07:46 +0000: Memory Usage (135072K) : backmetal1_mask has 0 polygons
2026-08-20 19:07:46 +0000: Memory Usage (135072K) : backmetal1_filler has 0 polygons
2026-08-20 19:07:46 +0000: Memory Usage (135200K) : backmetal1_nofill has 0 polygons
2026-08-20 19:07:46 +0000: Memory Usage (135200K) : backmetal1_slit has 0 polygons
2026-08-20 19:07:46 +0000: Memory Usage (135200K) : backmetal1_text has 0 polygons
2026-08-20 19:07:46 +0000: Memory Usage (135200K) : backmetal1_OPC has 0 polygons
2026-08-20 19:07:46 +0000: Memory Usage (135328K) : backmetal1_noqrc has 0 polygons
2026-08-20 19:07:46 +0000: Memory Usage (135328K) : backmetal1_res has 0 polygons
2026-08-20 19:07:46 +0000: Memory Usage (135328K) : backmetal1_iprobe has 0 polygons
2026-08-20 19:07:46 +0000: Memory Usage (135328K) : backmetal1_diffprb has 0 polygons
2026-08-20 19:07:46 +0000: Memory Usage (135456K) : backpassiv_drw has 0 polygons
2026-08-20 19:07:46 +0000: Memory Usage (135456K) : res_drw has 0 polygons
2026-08-20 19:07:46 +0000: Memory Usage (135456K) : sram_drw has 0 polygons
2026-08-20 19:07:46 +0000: Memory Usage (135456K) : trans_drw has 2 polygons
2026-08-20 19:07:46 +0000: Memory Usage (135584K) : ind_drw has 0 polygons
2026-08-20 19:07:46 +0000: Memory Usage (135584K) : ind_pin has 0 polygons
2026-08-20 19:07:46 +0000: Memory Usage (135584K) : ind_text has 0 polygons
2026-08-20 19:07:46 +0000: Memory Usage (135584K) : salblock_drw has 0 polygons
2026-08-20 19:07:46 +0000: Memory Usage (135712K) : via2_drw has 23 polygons
2026-08-20 19:07:46 +0000: Memory Usage (135712K) : metal3_drw has 17 polygons
2026-08-20 19:07:46 +0000: Memory Usage (135712K) : metal3_filler has 0 polygons
2026-08-20 19:07:46 +0000: Memory Usage (135712K) : metal3_slit has 0 polygons
2026-08-20 19:07:46 +0000: Memory Usage (135840K) : metal3 has 17 polygons
2026-08-20 19:07:46 +0000: Memory Usage (135840K) : metal3_pin has 0 polygons
2026-08-20 19:07:46 +0000: Memory Usage (135840K) : metal3_mask has 0 polygons
2026-08-20 19:07:46 +0000: Memory Usage (135968K) : metal3_nofill has 0 polygons
2026-08-20 19:07:46 +0000: Memory Usage (135968K) : metal3_text has 0 polygons
2026-08-20 19:07:46 +0000: Memory Usage (135968K) : metal3_OPC has 0 polygons
2026-08-20 19:07:46 +0000: Memory Usage (135968K) : metal3_noqrc has 0 polygons
2026-08-20 19:07:46 +0000: Memory Usage (136096K) : metal3_res has 0 polygons
2026-08-20 19:07:46 +0000: Memory Usage (136096K) : metal3_iprobe has 0 polygons
2026-08-20 19:07:46 +0000: Memory Usage (136096K) : metal3_diffprb has 0 polygons
2026-08-20 19:07:46 +0000: Memory Usage (136096K) : nwell_drw has 10 polygons
2026-08-20 19:07:46 +0000: Memory Usage (136096K) : nwell_pin has 0 polygons
2026-08-20 19:07:46 +0000: Memory Usage (136096K) : nwell_text has 0 polygons
2026-08-20 19:07:46 +0000: Memory Usage (136096K) : nbulay_drw has 0 polygons
2026-08-20 19:07:46 +0000: Memory Usage (136096K) : nbulay_pin has 0 polygons
2026-08-20 19:07:46 +0000: Memory Usage (136096K) : nbulay_block has 0 polygons
2026-08-20 19:07:46 +0000: Memory Usage (136096K) : emwind_drw has 4 polygons
2026-08-20 19:07:46 +0000: Memory Usage (136096K) : emwind_OPC has 0 polygons
2026-08-20 19:07:46 +0000: Memory Usage (136096K) : deepco_drw has 0 polygons
2026-08-20 19:07:46 +0000: Memory Usage (136096K) : mim_drw has 0 polygons
2026-08-20 19:07:46 +0000: Memory Usage (136096K) : edgeseal_drw has 0 polygons
2026-08-20 19:07:46 +0000: Memory Usage (136096K) : substrate_drw has 500 polygons
2026-08-20 19:07:46 +0000: Memory Usage (136096K) : substrate_text has 0 polygons
2026-08-20 19:07:46 +0000: Memory Usage (136224K) : dfpad_drw has 2 polygons
2026-08-20 19:07:46 +0000: Memory Usage (136224K) : dfpad_pillar has 0 polygons
2026-08-20 19:07:46 +0000: Memory Usage (136224K) : dfpad_sbump has 0 polygons
2026-08-20 19:07:46 +0000: Memory Usage (136224K) : thickgateox_drw has 0 polygons
2026-08-20 19:07:46 +0000: Memory Usage (136224K) : pldb_drw has 0 polygons
2026-08-20 19:07:46 +0000: Memory Usage (136224K) : pwell_drw has 0 polygons
2026-08-20 19:07:46 +0000: Memory Usage (136352K) : pwell_pin has 0 polygons
2026-08-20 19:07:46 +0000: Memory Usage (136352K) : pwell_block has 0 polygons
2026-08-20 19:07:46 +0000: Memory Usage (136352K) : ic_drw has 0 polygons
2026-08-20 19:07:46 +0000: Memory Usage (136352K) : via3_drw has 999 polygons
2026-08-20 19:07:46 +0000: Memory Usage (136352K) : metal4_drw has 17 polygons
2026-08-20 19:07:46 +0000: Memory Usage (136480K) : metal4_filler has 0 polygons
2026-08-20 19:07:46 +0000: Memory Usage (136480K) : metal4_slit has 0 polygons
2026-08-20 19:07:46 +0000: Memory Usage (136480K) : metal4 has 17 polygons
2026-08-20 19:07:46 +0000: Memory Usage (136480K) : metal4_pin has 0 polygons
2026-08-20 19:07:46 +0000: Memory Usage (136480K) : metal4_mask has 0 polygons
2026-08-20 19:07:46 +0000: Memory Usage (136608K) : metal4_nofill has 0 polygons
2026-08-20 19:07:46 +0000: Memory Usage (136608K) : metal4_text has 3 polygons
2026-08-20 19:07:46 +0000: Memory Usage (136608K) : metal4_OPC has 0 polygons
2026-08-20 19:07:46 +0000: Memory Usage (136608K) : metal4_noqrc has 0 polygons
2026-08-20 19:07:46 +0000: Memory Usage (136608K) : metal4_res has 0 polygons
2026-08-20 19:07:46 +0000: Memory Usage (136608K) : metal4_iprobe has 0 polygons
2026-08-20 19:07:46 +0000: Memory Usage (136608K) : metal4_diffprb has 0 polygons
2026-08-20 19:07:46 +0000: Memory Usage (136736K) : heattrans_drw has 123 polygons
2026-08-20 19:07:46 +0000: Memory Usage (136736K) : heatres_drw has 0 polygons
2026-08-20 19:07:46 +0000: Memory Usage (136736K) : fbe_drw has 0 polygons
2026-08-20 19:07:46 +0000: Memory Usage (136736K) : empoly_drw has 0 polygons
2026-08-20 19:07:46 +0000: Memory Usage (136736K) : digisub_drw has 0 polygons
2026-08-20 19:07:46 +0000: Memory Usage (136736K) : text_drw has 645 polygons
2026-08-20 19:07:46 +0000: Memory Usage (136864K) : via4_drw has 993 polygons
2026-08-20 19:07:46 +0000: Memory Usage (136864K) : metal5_drw has 16 polygons
2026-08-20 19:07:46 +0000: Memory Usage (136864K) : metal5_filler has 0 polygons
2026-08-20 19:07:46 +0000: Memory Usage (136864K) : metal5_slit has 0 polygons
2026-08-20 19:07:46 +0000: Memory Usage (136864K) : metal5 has 16 polygons
2026-08-20 19:07:46 +0000: Memory Usage (136864K) : metal5_pin has 0 polygons
2026-08-20 19:07:46 +0000: Memory Usage (136992K) : metal5_mask has 0 polygons
2026-08-20 19:07:46 +0000: Memory Usage (136992K) : metal5_nofill has 0 polygons
2026-08-20 19:07:46 +0000: Memory Usage (136992K) : metal5_text has 0 polygons
2026-08-20 19:07:46 +0000: Memory Usage (136992K) : metal5_OPC has 0 polygons
2026-08-20 19:07:46 +0000: Memory Usage (136992K) : metal5_noqrc has 0 polygons
2026-08-20 19:07:46 +0000: Memory Usage (136992K) : metal5_res has 0 polygons
2026-08-20 19:07:46 +0000: Memory Usage (137120K) : metal5_iprobe has 0 polygons
2026-08-20 19:07:46 +0000: Memory Usage (137120K) : metal5_diffprb has 0 polygons
2026-08-20 19:07:46 +0000: Memory Usage (137120K) : radhard_drw has 0 polygons
2026-08-20 19:07:46 +0000: Memory Usage (137120K) : memcap_drw has 0 polygons
2026-08-20 19:07:46 +0000: Memory Usage (137120K) : varicap_drw has 0 polygons
2026-08-20 19:07:46 +0000: Memory Usage (137120K) : intbondvia_drw has 0 polygons
2026-08-20 19:07:46 +0000: Memory Usage (137248K) : intbondmet_drw has 0 polygons
2026-08-20 19:07:46 +0000: Memory Usage (137248K) : devbondvia_drw has 0 polygons
2026-08-20 19:07:46 +0000: Memory Usage (137248K) : devbondmet_drw has 0 polygons
2026-08-20 19:07:46 +0000: Memory Usage (137248K) : devtrench_drw has 0 polygons
2026-08-20 19:07:46 +0000: Memory Usage (137248K) : redist_drw has 0 polygons
2026-08-20 19:07:46 +0000: Memory Usage (137248K) : graphbot_drw has 0 polygons
2026-08-20 19:07:46 +0000: Memory Usage (137376K) : graphtop_drw has 0 polygons
2026-08-20 19:07:46 +0000: Memory Usage (137376K) : antvia1_drw has 0 polygons
2026-08-20 19:07:46 +0000: Memory Usage (137376K) : antmetal2_drw has 0 polygons
2026-08-20 19:07:46 +0000: Memory Usage (137376K) : graphcont_drw has 0 polygons
2026-08-20 19:07:46 +0000: Memory Usage (137376K) : siwg_drw has 0 polygons
2026-08-20 19:07:46 +0000: Memory Usage (137376K) : siwg_filler has 0 polygons
2026-08-20 19:07:46 +0000: Memory Usage (137504K) : siwg_nofill has 0 polygons
2026-08-20 19:07:46 +0000: Memory Usage (137504K) : sigrating_drw has 0 polygons
2026-08-20 19:07:46 +0000: Memory Usage (137504K) : singrating_drw has 0 polygons
2026-08-20 19:07:46 +0000: Memory Usage (137504K) : graphpas_drw has 0 polygons
2026-08-20 19:07:46 +0000: Memory Usage (137504K) : emwind3_drw has 0 polygons
2026-08-20 19:07:46 +0000: Memory Usage (137632K) : emwihv3_drw has 0 polygons
2026-08-20 19:07:46 +0000: Memory Usage (137632K) : redbulay_drw has 0 polygons
2026-08-20 19:07:47 +0000: Memory Usage (137632K) : smos_drw has 0 polygons
2026-08-20 19:07:47 +0000: Memory Usage (137632K) : graphpad_drw has 0 polygons
2026-08-20 19:07:47 +0000: Memory Usage (137632K) : polimide_drw has 0 polygons
2026-08-20 19:07:47 +0000: Memory Usage (137632K) : polimide_pin has 0 polygons
2026-08-20 19:07:47 +0000: Memory Usage (137760K) : recog_drw has 0 polygons
2026-08-20 19:07:47 +0000: Memory Usage (137760K) : recog_pin has 0 polygons
2026-08-20 19:07:47 +0000: Memory Usage (137760K) : recog_esd has 4 polygons
2026-08-20 19:07:47 +0000: Memory Usage (137760K) : recog_diode has 0 polygons
2026-08-20 19:07:47 +0000: Memory Usage (137760K) : recog_tsv has 0 polygons
2026-08-20 19:07:47 +0000: Memory Usage (137760K) : recog_iprobe has 0 polygons
2026-08-20 19:07:47 +0000: Memory Usage (137888K) : recog_diffprb has 0 polygons
2026-08-20 19:07:47 +0000: Memory Usage (137888K) : recog_pillar has 0 polygons
2026-08-20 19:07:47 +0000: Memory Usage (137888K) : recog_sbump has 0 polygons
2026-08-20 19:07:47 +0000: Memory Usage (137888K) : recog_otp has 0 polygons
2026-08-20 19:07:47 +0000: Memory Usage (137888K) : recog_pdiode has 0 polygons
2026-08-20 19:07:47 +0000: Memory Usage (137888K) : recog_mom has 0 polygons
2026-08-20 19:07:47 +0000: Memory Usage (138016K) : recog_momf has 0 polygons
2026-08-20 19:07:47 +0000: Memory Usage (138016K) : recog_pcm has 0 polygons
2026-08-20 19:07:47 +0000: Memory Usage (138016K) : colopen_drw has 0 polygons
2026-08-20 19:07:47 +0000: Memory Usage (138016K) : graphmetal1_drw has 0 polygons
2026-08-20 19:07:47 +0000: Memory Usage (138016K) : graphmetal1_filler has 0 polygons
2026-08-20 19:07:47 +0000: Memory Usage (138144K) : graphmetal1_nofill has 0 polygons
2026-08-20 19:07:47 +0000: Memory Usage (138144K) : graphmetal1_slit has 0 polygons
2026-08-20 19:07:47 +0000: Memory Usage (138144K) : graphmetal1_OPC has 0 polygons
2026-08-20 19:07:47 +0000: Memory Usage (138144K) : graphmet1l_drw has 0 polygons
2026-08-20 19:07:47 +0000: Memory Usage (138144K) : graphmet1l_filler has 0 polygons
2026-08-20 19:07:47 +0000: Memory Usage (138144K) : graphmet1l_nofill has 0 polygons
2026-08-20 19:07:47 +0000: Memory Usage (138272K) : graphmet1l_slit has 0 polygons
2026-08-20 19:07:47 +0000: Memory Usage (138272K) : graphmet1l_OPC has 0 polygons
2026-08-20 19:07:47 +0000: Memory Usage (138272K) : extblock_drw has 0 polygons
2026-08-20 19:07:47 +0000: Memory Usage (138272K) : nldd_drw has 0 polygons
2026-08-20 19:07:47 +0000: Memory Usage (138272K) : pldd_drw has 0 polygons
2026-08-20 19:07:47 +0000: Memory Usage (138272K) : next_drw has 0 polygons
2026-08-20 19:07:47 +0000: Memory Usage (138400K) : pext_drw has 0 polygons
2026-08-20 19:07:47 +0000: Memory Usage (138400K) : nexthv_drw has 0 polygons
2026-08-20 19:07:47 +0000: Memory Usage (138400K) : pexthv_drw has 0 polygons
2026-08-20 19:07:47 +0000: Memory Usage (138400K) : graphgate_drw has 0 polygons
2026-08-20 19:07:47 +0000: Memory Usage (138528K) : sinwg_drw has 0 polygons
2026-08-20 19:07:47 +0000: Memory Usage (138528K) : sinwg_filler has 0 polygons
2026-08-20 19:07:47 +0000: Memory Usage (138528K) : sinwg_nofill has 0 polygons
2026-08-20 19:07:47 +0000: Memory Usage (138528K) : mempad_drw has 0 polygons
2026-08-20 19:07:47 +0000: Memory Usage (138528K) : topvia1_drw has 475 polygons
2026-08-20 19:07:47 +0000: Memory Usage (138656K) : topmetal1_drw has 46 polygons
2026-08-20 19:07:47 +0000: Memory Usage (138656K) : topmetal1_filler has 0 polygons
2026-08-20 19:07:47 +0000: Memory Usage (138656K) : topmetal1_slit has 0 polygons
2026-08-20 19:07:47 +0000: Memory Usage (138656K) : topmetal1 has 46 polygons
2026-08-20 19:07:47 +0000: Memory Usage (138656K) : topmetal1_pin has 0 polygons
2026-08-20 19:07:47 +0000: Memory Usage (138784K) : topmetal1_mask has 0 polygons
2026-08-20 19:07:47 +0000: Memory Usage (138784K) : topmetal1_nofill has 0 polygons
2026-08-20 19:07:47 +0000: Memory Usage (138784K) : topmetal1_text has 0 polygons
2026-08-20 19:07:47 +0000: Memory Usage (138784K) : topmetal1_noqrc has 0 polygons
2026-08-20 19:07:47 +0000: Memory Usage (138784K) : topmetal1_res has 0 polygons
2026-08-20 19:07:47 +0000: Memory Usage (138784K) : topmetal1_iprobe has 0 polygons
2026-08-20 19:07:47 +0000: Memory Usage (138912K) : topmetal1_diffprb has 0 polygons
2026-08-20 19:07:47 +0000: Memory Usage (138912K) : inldpwl_drw has 0 polygons
2026-08-20 19:07:47 +0000: Memory Usage (138912K) : polyres_drw has 0 polygons
2026-08-20 19:07:47 +0000: Memory Usage (138912K) : polyres_pin has 0 polygons
2026-08-20 19:07:47 +0000: Memory Usage (138912K) : vmim_drw has 0 polygons
2026-08-20 19:07:47 +0000: Memory Usage (139040K) : nbulaycut_drw has 0 polygons
2026-08-20 19:07:47 +0000: Memory Usage (139040K) : antmetal1_drw has 0 polygons
2026-08-20 19:07:47 +0000: Memory Usage (139040K) : topvia2_drw has 227 polygons
2026-08-20 19:07:47 +0000: Memory Usage (139040K) : topmetal2_drw has 43 polygons
2026-08-20 19:07:47 +0000: Memory Usage (139168K) : topmetal2_filler has 0 polygons
2026-08-20 19:07:47 +0000: Memory Usage (139168K) : topmetal2_slit has 0 polygons
2026-08-20 19:07:47 +0000: Memory Usage (139168K) : topmetal2 has 43 polygons
2026-08-20 19:07:47 +0000: Memory Usage (139168K) : topmetal2_pin has 0 polygons
2026-08-20 19:07:47 +0000: Memory Usage (139296K) : topmetal2_mask has 0 polygons
2026-08-20 19:07:47 +0000: Memory Usage (139296K) : topmetal2_nofill has 0 polygons
2026-08-20 19:07:47 +0000: Memory Usage (139296K) : topmetal2_text has 6 polygons
2026-08-20 19:07:47 +0000: Memory Usage (139424K) : topmetal2_noqrc has 0 polygons
2026-08-20 19:07:47 +0000: Memory Usage (139424K) : topmetal2_res has 0 polygons
2026-08-20 19:07:47 +0000: Memory Usage (139424K) : topmetal2_iprobe has 0 polygons
2026-08-20 19:07:47 +0000: Memory Usage (139424K) : topmetal2_diffprb has 0 polygons
2026-08-20 19:07:47 +0000: Memory Usage (139552K) : snsring_drw has 0 polygons
2026-08-20 19:07:47 +0000: Memory Usage (139552K) : sensor_drw has 0 polygons
2026-08-20 19:07:47 +0000: Memory Usage (139552K) : snsarms_drw has 0 polygons
2026-08-20 19:07:47 +0000: Memory Usage (139552K) : snscmosvia_drw has 0 polygons
2026-08-20 19:07:47 +0000: Memory Usage (139680K) : colwind_drw has 0 polygons
2026-08-20 19:07:47 +0000: Memory Usage (139680K) : flm_drw has 0 polygons
2026-08-20 19:07:47 +0000: Memory Usage (139680K) : hafniumox_drw has 0 polygons
2026-08-20 19:07:47 +0000: Memory Usage (139808K) : memvia_drw has 0 polygons
2026-08-20 19:07:47 +0000: Memory Usage (139808K) : thinfilmres_drw has 0 polygons
2026-08-20 19:07:47 +0000: Memory Usage (139808K) : rfmem_drw has 0 polygons
2026-08-20 19:07:47 +0000: Memory Usage (139808K) : norcx_drw has 0 polygons
2026-08-20 19:07:47 +0000: Memory Usage (139936K) : norcx_m2m3 has 0 polygons
2026-08-20 19:07:47 +0000: Memory Usage (139936K) : norcx_m2m4 has 0 polygons
2026-08-20 19:07:47 +0000: Memory Usage (139936K) : norcx_m2m5 has 0 polygons
2026-08-20 19:07:47 +0000: Memory Usage (140064K) : norcx_m2tm1 has 0 polygons
2026-08-20 19:07:47 +0000: Memory Usage (140064K) : norcx_m2tm2 has 0 polygons
2026-08-20 19:07:47 +0000: Memory Usage (140064K) : norcx_m3m4 has 0 polygons
2026-08-20 19:07:47 +0000: Memory Usage (140192K) : norcx_m3m5 has 0 polygons
2026-08-20 19:07:47 +0000: Memory Usage (140192K) : norcx_m3tm1 has 0 polygons
2026-08-20 19:07:47 +0000: Memory Usage (140192K) : norcx_m3tm2 has 0 polygons
2026-08-20 19:07:47 +0000: Memory Usage (140192K) : norcx_m4m5 has 0 polygons
2026-08-20 19:07:47 +0000: Memory Usage (140192K) : norcx_m4tm1 has 0 polygons
2026-08-20 19:07:47 +0000: Memory Usage (140192K) : norcx_m4tm2 has 0 polygons
2026-08-20 19:07:47 +0000: Memory Usage (140192K) : norcx_m5tm1 has 0 polygons
2026-08-20 19:07:47 +0000: Memory Usage (140192K) : norcx_m5tm2 has 0 polygons
2026-08-20 19:07:47 +0000: Memory Usage (140192K) : norcx_tm1tm2 has 0 polygons
2026-08-20 19:07:47 +0000: Memory Usage (140192K) : norcx_m1sub has 0 polygons
2026-08-20 19:07:47 +0000: Memory Usage (140192K) : norcx_m2sub has 0 polygons
2026-08-20 19:07:47 +0000: Memory Usage (140192K) : norcx_m3sub has 0 polygons
2026-08-20 19:07:47 +0000: Memory Usage (140192K) : norcx_m4sub has 0 polygons
2026-08-20 19:07:47 +0000: Memory Usage (140192K) : norcx_m5sub has 0 polygons
2026-08-20 19:07:47 +0000: Memory Usage (140192K) : norcx_tm1sub has 0 polygons
2026-08-20 19:07:47 +0000: Memory Usage (140192K) : norcx_tm2sub has 0 polygons
2026-08-20 19:07:47 +0000: Memory Usage (140192K) : snsbotvia_drw has 0 polygons
2026-08-20 19:07:47 +0000: Memory Usage (140192K) : snstopvia_drw has 0 polygons
2026-08-20 19:07:47 +0000: Memory Usage (140192K) : deepvia_drw has 0 polygons
2026-08-20 19:07:47 +0000: Memory Usage (140192K) : fgetch_drw has 0 polygons
2026-08-20 19:07:47 +0000: Memory Usage (140192K) : ctrgat_drw has 0 polygons
2026-08-20 19:07:47 +0000: Memory Usage (140192K) : fgimp_drw has 0 polygons
2026-08-20 19:07:47 +0000: Memory Usage (140192K) : emwihv_drw has 0 polygons
2026-08-20 19:07:47 +0000: Memory Usage (140192K) : lbe_drw has 0 polygons
2026-08-20 19:07:47 +0000: Memory Usage (140192K) : alcustop_drw has 0 polygons
2026-08-20 19:07:47 +0000: Memory Usage (140192K) : nometfiller_drw has 0 polygons
2026-08-20 19:07:47 +0000: Memory Usage (140192K) : prboundary_drw has 0 polygons
2026-08-20 19:07:47 +0000: Memory Usage (140192K) : exchange0_drw has 0 polygons
2026-08-20 19:07:47 +0000: Memory Usage (140192K) : exchange0_pin has 0 polygons
2026-08-20 19:07:47 +0000: Memory Usage (140192K) : exchange0_text has 0 polygons
2026-08-20 19:07:47 +0000: Memory Usage (140192K) : exchange1_drw has 0 polygons
2026-08-20 19:07:47 +0000: Memory Usage (140192K) : exchange1_pin has 0 polygons
2026-08-20 19:07:47 +0000: Memory Usage (140192K) : exchange1_text has 0 polygons
2026-08-20 19:07:47 +0000: Memory Usage (140192K) : exchange2_drw has 0 polygons
2026-08-20 19:07:47 +0000: Memory Usage (140192K) : exchange2_pin has 0 polygons
2026-08-20 19:07:47 +0000: Memory Usage (140192K) : exchange2_text has 0 polygons
2026-08-20 19:07:47 +0000: Memory Usage (140192K) : exchange3_drw has 0 polygons
2026-08-20 19:07:47 +0000: Memory Usage (140192K) : exchange3_pin has 0 polygons
2026-08-20 19:07:47 +0000: Memory Usage (140192K) : exchange3_text has 0 polygons
2026-08-20 19:07:47 +0000: Memory Usage (140192K) : exchange4_drw has 0 polygons
2026-08-20 19:07:47 +0000: Memory Usage (140192K) : exchange4_pin has 0 polygons
2026-08-20 19:07:47 +0000: Memory Usage (140192K) : exchange4_text has 0 polygons
2026-08-20 19:07:47 +0000: Memory Usage (140192K) : isonwell_drw has 0 polygons
2026-08-20 19:07:47 +0000: Memory Usage (140192K) : Total no. of polygons in the design is 28372
2026-08-20 19:07:47 +0000: Memory Usage (140192K) : Starting base layers derivations
2026-08-20 19:07:47 +0000: Memory Usage (140192K) : Starting general LVS derivations
2026-08-20 19:07:47 +0000: Memory Usage (144356K) : Starting MOSFET DERIVATIONS
2026-08-20 19:07:47 +0000: Memory Usage (144996K) : Starting NMOS DERIVATIONS
2026-08-20 19:07:47 +0000: Memory Usage (144996K) : Starting PMOS DERIVATIONS
2026-08-20 19:07:47 +0000: Memory Usage (144996K) : Starting RF-MOSFET DERIVATIONS
2026-08-20 19:07:47 +0000: Memory Usage (144996K) : Starting RF-NMOS DERIVATIONS
2026-08-20 19:07:47 +0000: Memory Usage (144996K) : Starting RF-PMOS DERIVATIONS
2026-08-20 19:07:47 +0000: Memory Usage (144996K) : Starting BJT DERIVATIONS
2026-08-20 19:07:47 +0000: Memory Usage (144996K) : Starting NPN-BJT DERIVATIONS
2026-08-20 19:07:47 +0000: Memory Usage (144996K) : Starting PNP-BJT DERIVATIONS
2026-08-20 19:07:47 +0000: Memory Usage (144996K) : Starting DIODE DERIVATIONS
2026-08-20 19:07:47 +0000: Memory Usage (144996K) : Starting RESISTOR DERIVATIONS
2026-08-20 19:07:47 +0000: Memory Usage (144996K) : Starting CAP DERIVATIONS
2026-08-20 19:07:47 +0000: Memory Usage (144996K) : Starting CAP_CMOM DERIVATIONS
2026-08-20 19:07:47 +0000: Memory Usage (144996K) : Starting CAP_CMOMF DERIVATIONS
2026-08-20 19:07:47 +0000: Memory Usage (144996K) : Starting ESD DERIVATIONS
2026-08-20 19:07:47 +0000: Memory Usage (145508K) : Starting Inductor DERIVATIONS
2026-08-20 19:07:48 +0000: Memory Usage (145508K) : Starting Taps DERIVATIONS
2026-08-20 19:07:48 +0000: Memory Usage (145508K) : Starting SG13G2 LVS connectivity setup
2026-08-20 19:07:48 +0000: Memory Usage (145508K) : Starting SG13G2 LVS connectivity setup (Inter-layer)
2026-08-20 19:07:48 +0000: Memory Usage (145636K) : Starting SG13G2 LVS connectivity setup (Global)
2026-08-20 19:07:48 +0000: Memory Usage (145636K) : Starting LVS MOSFET CONNECTIONS
2026-08-20 19:07:48 +0000: Memory Usage (145636K) : Starting LVS RF-MOSFET CONNECTIONS
2026-08-20 19:07:48 +0000: Memory Usage (145636K) : Starting LVS BJT CONNECTIONS
2026-08-20 19:07:48 +0000: Memory Usage (145636K) : Starting LVS DIODE CONNECTIONS
2026-08-20 19:07:48 +0000: Memory Usage (145636K) : Starting RESISTOR CONNECTIONS
2026-08-20 19:07:48 +0000: Memory Usage (145636K) : Starting LVS CAP CONNECTIONS
2026-08-20 19:07:48 +0000: Memory Usage (145636K) : Starting CAP_CMOM CONNECTIONS
2026-08-20 19:07:48 +0000: Memory Usage (145636K) : Starting CAP_CMOMF CONNECTIONS
2026-08-20 19:07:48 +0000: Memory Usage (145636K) : Starting ESD CONNECTIONS
2026-08-20 19:07:48 +0000: Memory Usage (145636K) : Starting Inductor CONNECTIONS
2026-08-20 19:07:48 +0000: Memory Usage (145636K) : Starting LVS Taps CONNECTIONS
2026-08-20 19:07:48 +0000: Memory Usage (145636K) : Starting SG13G2 LVS DEVICES EXTRACTION
2026-08-20 19:07:48 +0000: Memory Usage (145636K) : Starting MOSFET EXTRACTION
2026-08-20 19:07:48 +0000: Memory Usage (145636K) : Starting NMOS EXTRACTION
2026-08-20 19:07:48 +0000: Memory Usage (145636K) : Extraction of NMOS-LV transistor
2026-08-20 19:07:48 +0000: Memory Usage (145764K) : Extraction of NMOS-HV transistor
2026-08-20 19:07:48 +0000: Memory Usage (145764K) : Starting PMOS EXTRACTION
2026-08-20 19:07:48 +0000: Memory Usage (145764K) : Extraction of PMOS-LV transistor
2026-08-20 19:07:48 +0000: Memory Usage (145764K) : Extraction of PMOS-HV transistor
2026-08-20 19:07:48 +0000: Memory Usage (145764K) : Starting RF-MOSFET EXTRACTION
2026-08-20 19:07:48 +0000: Memory Usage (145764K) : Extraction of RF-NMOS-LV transistor
2026-08-20 19:07:48 +0000: Memory Usage (145764K) : Extraction of RF-NMOS-HV transistor
2026-08-20 19:07:48 +0000: Memory Usage (145764K) : Extraction of RF-PMOS-LV transistor
2026-08-20 19:07:48 +0000: Memory Usage (145764K) : Extraction of RF-PMOS-HV transistor
2026-08-20 19:07:48 +0000: Memory Usage (145764K) : Starting BJT EXTRACTION
2026-08-20 19:07:48 +0000: Memory Usage (145764K) : Starting NPN-BJT EXTRACTION
2026-08-20 19:07:48 +0000: Memory Usage (145764K) : Extraction of npn13G2 BJT transistor
2026-08-20 19:07:48 +0000: Memory Usage (145764K) : Extraction of npn13G2L BJT transistor
2026-08-20 19:07:48 +0000: Memory Usage (145764K) : Extraction of npn13G2V BJT transistor
2026-08-20 19:07:48 +0000: Memory Usage (145764K) : Starting PNP-BJT EXTRACTION
2026-08-20 19:07:48 +0000: Memory Usage (145764K) : Extracting pnpMPA BJT
2026-08-20 19:07:48 +0000: Memory Usage (145764K) : Starting DIODE EXTRACTION
2026-08-20 19:07:48 +0000: Memory Usage (145764K) : Extracting dantenna diode
2026-08-20 19:07:48 +0000: Memory Usage (145764K) : Extracting dpantenna diode
2026-08-20 19:07:48 +0000: Memory Usage (145764K) : Extracting schottky_nbl1 diode
2026-08-20 19:07:48 +0000: Memory Usage (145764K) : Extracting isolbox diode
2026-08-20 19:07:48 +0000: Memory Usage (145764K) : Starting RESISTOR EXTRACTION
2026-08-20 19:07:48 +0000: Memory Usage (145764K) : Extracting rsil resistor
2026-08-20 19:07:48 +0000: Memory Usage (145764K) : Extracting rppd resistor
2026-08-20 19:07:48 +0000: Memory Usage (145764K) : Extracting rhigh resistor
2026-08-20 19:07:48 +0000: Memory Usage (145764K) : Extracting res_metal1 resistor
2026-08-20 19:07:48 +0000: Memory Usage (145764K) : Extracting res_metal2 resistor
2026-08-20 19:07:48 +0000: Memory Usage (145764K) : Extracting res_metal3 resistor
2026-08-20 19:07:48 +0000: Memory Usage (145764K) : Extracting res_metal4 resistor
2026-08-20 19:07:48 +0000: Memory Usage (145764K) : Extracting res_metal5 resistor
2026-08-20 19:07:48 +0000: Memory Usage (145764K) : Extracting res_topmetal1 resistor
2026-08-20 19:07:48 +0000: Memory Usage (145764K) : Extracting res_topmetal2 resistor
2026-08-20 19:07:48 +0000: Memory Usage (145764K) : Starting CAP EXTRACTION
2026-08-20 19:07:48 +0000: Memory Usage (145764K) : Extracting cap_cmim device
2026-08-20 19:07:48 +0000: Memory Usage (145764K) : Extracting rfcmim device
2026-08-20 19:07:48 +0000: Memory Usage (145764K) : Extracting sg13_hv_svaricap varactor
2026-08-20 19:07:48 +0000: Memory Usage (145764K) : Extracting cap_cmomi device
2026-08-20 19:07:48 +0000: Memory Usage (145764K) : Extracting cap_cmomf device
2026-08-20 19:07:48 +0000: Memory Usage (145764K) : Extracting sg13_moscap_n capacitor
2026-08-20 19:07:48 +0000: Memory Usage (145764K) : Extracting sg13_moscap_p capacitor
2026-08-20 19:07:48 +0000: Memory Usage (145764K) : Starting ESD EXTRACTION
2026-08-20 19:07:48 +0000: Memory Usage (145764K) : Extracting diodevdd_2kv ESD device
2026-08-20 19:07:48 +0000: Memory Usage (145764K) : Extracting diodevdd_4kv ESD device
2026-08-20 19:07:48 +0000: Memory Usage (145764K) : Extracting diodevss_2kv ESD device
2026-08-20 19:07:48 +0000: Memory Usage (145764K) : Extracting diodevss_4kv ESD device
2026-08-20 19:07:48 +0000: Memory Usage (145764K) : Extracting idiodevdd_2kv ESD device
2026-08-20 19:07:48 +0000: Memory Usage (145764K) : Extracting idiodevdd_4kv ESD device
2026-08-20 19:07:48 +0000: Memory Usage (145764K) : Extracting idiodevss_2kv ESD device
2026-08-20 19:07:48 +0000: Memory Usage (145764K) : Extracting idiodevss_4kv ESD device
2026-08-20 19:07:48 +0000: Memory Usage (145764K) : Extracting nmoscl_2 ESD device
2026-08-20 19:07:48 +0000: Memory Usage (145764K) : Extracting nmoscl_4 ESD device
2026-08-20 19:07:48 +0000: Memory Usage (145764K) : Starting Inductor EXTRACTION
2026-08-20 19:07:48 +0000: Memory Usage (145764K) : Extracting Inductor2 device
2026-08-20 19:07:48 +0000: Memory Usage (145764K) : Extracting Inductor3 device
2026-08-20 19:07:48 +0000: Memory Usage (145764K) : Starting Taps EXTRACTION
2026-08-20 19:07:48 +0000: Memory Usage (145764K) : DISABLE_TAP_EXTRACTION is enabled: skipping ntap1/ptap1 device extraction.
2026-08-20 19:07:48 +0000: Memory Usage (145764K) : Starting SG13G2 LVS RF MOS Model Mapping
2026-08-20 19:07:48 +0000: Memory Usage (145892K) : [layout_netlist] Apply RF MOS model mapping and rfmode parameter.
2026-08-20 19:07:48 +0000: Memory Usage (145892K) : Starting SG13G2 LVS Options Preparations
2026-08-20 19:07:48 +0000: Memory Usage (145892K) : SG13G2 LVS flow: extraction -> alignment -> option preparation -> comparison.
2026-08-20 19:07:48 +0000: Memory Usage (145892K) : Starting SG13G2 LVS Alignment
2026-08-20 19:07:48 +0000: Memory Usage (146020K) : Starting SG13G2 LVS Simplification
2026-08-20 19:07:48 +0000: Memory Usage (146020K) : [layout_netlist] simplify: ENABLED
2026-08-20 19:07:48 +0000: Memory Usage (146020K) : [layout_netlist] make_top_level_pins: SKIPPED
2026-08-20 19:07:48 +0000: Memory Usage (146020K) : [layout_netlist] combine_devices: SKIPPED
2026-08-20 19:07:48 +0000: Memory Usage (146020K) : [layout_netlist] purge: SKIPPED
2026-08-20 19:07:48 +0000: Memory Usage (146020K) : [layout_netlist] purge_nets: SKIPPED
2026-08-20 19:07:48 +0000: Memory Usage (146020K) : [schematic_netlist] simplify: ENABLED
2026-08-20 19:07:48 +0000: Memory Usage (146020K) : [schematic_netlist] make_top_level_pins: SKIPPED
2026-08-20 19:07:48 +0000: Memory Usage (146020K) : [schematic_netlist] combine_devices: SKIPPED
2026-08-20 19:07:48 +0000: Memory Usage (146020K) : [schematic_netlist] purge: SKIPPED
2026-08-20 19:07:48 +0000: Memory Usage (146020K) : [schematic_netlist] purge_nets: SKIPPED
2026-08-20 19:07:48 +0000: Memory Usage (146020K) : Starting SG13G2 LVS Comparison
2026-08-20 19:07:48 +0000: Memory Usage (146148K) : xxxxxxxxxxxxxxxxxxxxxxxxxxxxxxxxxxxxxxxxxx
2026-08-20 19:07:48 +0000: Memory Usage (146148K) : ERROR : Netlists don't match
2026-08-20 19:07:48 +0000: Memory Usage (146148K) : xxxxxxxxxxxxxxxxxxxxxxxxxxxxxxxxxxxxxxxxxx
2026-08-20 19:07:48 +0000: Memory Usage (146148K) : LVS Total Run time 1.305103 seconds

--- stderr ---
20-Aug-2026 19:07:46 | INFO    | Your Klayout version is: KLayout 0.30.5 (required >= 0.30.5)
20-Aug-2026 19:07:46 | INFO    | Running SG13G2 LVS checks on design /workspace/layout/blocks/out/driver_stage/bisect_run/_probe9_vss_only/driver_dut.gds on cell driver_dut
20-Aug-2026 19:07:48 | INFO    | ==============================================================================
20-Aug-2026 19:07:48 | INFO    | Important Summary
20-Aug-2026 19:07:48 | INFO    | +------------------+---------------------------------------------------------------------------+
20-Aug-2026 19:07:48 | INFO    | | Status           | FAIL                                                                      |
20-Aug-2026 19:07:48 | INFO    | | Mode             | COMPARE                                                                   |
20-Aug-2026 19:07:48 | INFO    | | Outcome          | Comparison mode: FAIL (netlists do not match).                            |
20-Aug-2026 19:07:48 | INFO    | | Layout           | driver_dut.gds                                                            |
20-Aug-2026 19:07:48 | INFO    | | Top Cell         | driver_dut                                                                |
20-Aug-2026 19:07:48 | INFO    | | Results Dir      | /workspace/layout/blocks/out/driver_stage/bisect_run/_probe9_vss_only/lvs |
20-Aug-2026 19:07:48 | INFO    | | Warnings         | 0                                                                         |
20-Aug-2026 19:07:48 | INFO    | | Errors           | 1                                                                         |
20-Aug-2026 19:07:48 | INFO    | | Run Time (s)     | 1.645                                                                     |
20-Aug-2026 19:07:48 | INFO    | +------------------+---------------------------------------------------------------------------+
20-Aug-2026 19:07:48 | ERROR   | Key errors:
20-Aug-2026 19:07:48 | ERROR   |   - 2026-08-20 19:07:48 +0000: Memory Usage (146148K) : ERROR : Netlists don't match
20-Aug-2026 19:07:48 | INFO    | ==============================================================================

