# Logfile created on 2026-08-20 09:49:05 +0000 by logger.rb/v1.5.3
2026-08-20 09:49:05 +0000: Memory Usage (128692K) : Starting running SG13G2 Klayout LVS runset on /workspace/layout/blocks/out/driver_stage/bisect_run/pads_esd_feed/driver_dut.gds
2026-08-20 09:49:05 +0000: Memory Usage (128692K) : Ruby Version for klayout: 3.2.3
2026-08-20 09:49:05 +0000: Memory Usage (130032K) : Loading database to memory is complete.
2026-08-20 09:49:05 +0000: Memory Usage (130032K) : SG13G2 Klayout LVS runset output at: /workspace/layout/blocks/out/driver_stage/bisect_run/pads_esd_feed/lvs/driver_dut.lvsdb
2026-08-20 09:49:05 +0000: Memory Usage (130032K) : Evaluate switches.
2026-08-20 09:49:05 +0000: Memory Usage (130032K) : Extracted netlist with net names: true
2026-08-20 09:49:05 +0000: Memory Usage (130032K) : Extracted netlist with comments in details: false
2026-08-20 09:49:05 +0000: Memory Usage (130032K) : Selected NET_ONLY option: false
2026-08-20 09:49:05 +0000: Memory Usage (130032K) : Selected LAYOUT_NETLIST option: (none)
2026-08-20 09:49:05 +0000: Memory Usage (130032K) : Selected IGNORE_TOP_PORTS_MISMATCH option: true
2026-08-20 09:49:05 +0000: Memory Usage (130032K) : Selected IMPLICIT_NETS option: sub,sub!
2026-08-20 09:49:05 +0000: Memory Usage (130032K) : Selected TOP_LVL_PINS option: false
2026-08-20 09:49:05 +0000: Memory Usage (130032K) : Selected COMBINE DEVICES option: false
2026-08-20 09:49:05 +0000: Memory Usage (130032K) : Selected PURGE option: false
2026-08-20 09:49:05 +0000: Memory Usage (130032K) : Selected PURGE_NETS option: false
2026-08-20 09:49:05 +0000: Memory Usage (130032K) : Selected SIMPLIFY option: true
2026-08-20 09:49:05 +0000: Memory Usage (130032K) : Selected SERIES_RES option: true
2026-08-20 09:49:05 +0000: Memory Usage (130032K) : Selected PARALLEL_RES option: true
2026-08-20 09:49:05 +0000: Memory Usage (130032K) : Selected DISABLE_TAP_EXTRACTION option: true
2026-08-20 09:49:05 +0000: Memory Usage (130032K) : deep  mode is enabled.
2026-08-20 09:49:05 +0000: Memory Usage (130032K) : Applying implicit connections (case-sensitive, pattern supported) for nets: sub, sub!
2026-08-20 09:49:05 +0000: Memory Usage (131288K) : Netlist file: /workspace/layout/blocks/out/driver_stage/bisect_run/pads_esd_feed/d.cdl
2026-08-20 09:49:05 +0000: Memory Usage (131288K) : LVS extracted netlist at: /workspace/layout/blocks/out/driver_stage/bisect_run/pads_esd_feed/lvs/driver_dut_extracted.cir
2026-08-20 09:49:05 +0000: Memory Usage (131288K) : Applying SRAM integration support.
2026-08-20 09:49:05 +0000: Memory Usage (131288K) : Starting SG13G2 LVS runset
2026-08-20 09:49:05 +0000: Memory Usage (131288K) : Read in polygons from layers.
2026-08-20 09:49:05 +0000: Memory Usage (132396K) : activ_drw has 899 polygons
2026-08-20 09:49:05 +0000: Memory Usage (132908K) : activ_filler has 0 polygons
2026-08-20 09:49:05 +0000: Memory Usage (133036K) : activ has 899 polygons
2026-08-20 09:49:06 +0000: Memory Usage (133036K) : activ_pin has 0 polygons
2026-08-20 09:49:06 +0000: Memory Usage (133036K) : activ_mask has 4 polygons
2026-08-20 09:49:06 +0000: Memory Usage (133036K) : activ_nofill has 2 polygons
2026-08-20 09:49:06 +0000: Memory Usage (133036K) : activ_OPC has 0 polygons
2026-08-20 09:49:06 +0000: Memory Usage (133036K) : activ_iOPC has 0 polygons
2026-08-20 09:49:06 +0000: Memory Usage (133036K) : activ_noqrc has 0 polygons
2026-08-20 09:49:06 +0000: Memory Usage (133036K) : biwind_drw has 0 polygons
2026-08-20 09:49:06 +0000: Memory Usage (133036K) : biwind_OPC has 0 polygons
2026-08-20 09:49:06 +0000: Memory Usage (133036K) : gatpoly_drw has 139 polygons
2026-08-20 09:49:06 +0000: Memory Usage (133036K) : gatpoly_filler has 0 polygons
2026-08-20 09:49:06 +0000: Memory Usage (133036K) : gatpoly has 139 polygons
2026-08-20 09:49:06 +0000: Memory Usage (133036K) : gatpoly_pin has 119 polygons
2026-08-20 09:49:06 +0000: Memory Usage (133036K) : gatpoly_nofill has 2 polygons
2026-08-20 09:49:06 +0000: Memory Usage (133036K) : gatpoly_OPC has 0 polygons
2026-08-20 09:49:06 +0000: Memory Usage (133036K) : gatpoly_iOPC has 0 polygons
2026-08-20 09:49:06 +0000: Memory Usage (133036K) : gatpoly_noqrc has 0 polygons
2026-08-20 09:49:06 +0000: Memory Usage (133036K) : cont_drw has 14577 polygons
2026-08-20 09:49:06 +0000: Memory Usage (133036K) : cont_OPC has 0 polygons
2026-08-20 09:49:06 +0000: Memory Usage (133036K) : nsd_drw has 0 polygons
2026-08-20 09:49:06 +0000: Memory Usage (133164K) : nsd_block has 4 polygons
2026-08-20 09:49:06 +0000: Memory Usage (133164K) : metal1_drw has 1550 polygons
2026-08-20 09:49:06 +0000: Memory Usage (133164K) : metal1_filler has 0 polygons
2026-08-20 09:49:06 +0000: Memory Usage (133292K) : metal1_slit has 0 polygons
2026-08-20 09:49:06 +0000: Memory Usage (133420K) : metal1 has 1550 polygons
2026-08-20 09:49:06 +0000: Memory Usage (133548K) : metal1_pin has 750 polygons
2026-08-20 09:49:06 +0000: Memory Usage (133548K) : metal1_mask has 0 polygons
2026-08-20 09:49:06 +0000: Memory Usage (133676K) : metal1_nofill has 2 polygons
2026-08-20 09:49:06 +0000: Memory Usage (133804K) : metal1_text has 3 polygons
2026-08-20 09:49:06 +0000: Memory Usage (133804K) : metal1_OPC has 0 polygons
2026-08-20 09:49:06 +0000: Memory Usage (133932K) : metal1_noqrc has 0 polygons
2026-08-20 09:49:06 +0000: Memory Usage (133932K) : metal1_res has 0 polygons
2026-08-20 09:49:06 +0000: Memory Usage (133932K) : metal1_iprobe has 0 polygons
2026-08-20 09:49:06 +0000: Memory Usage (134060K) : metal1_diffprb has 0 polygons
2026-08-20 09:49:06 +0000: Memory Usage (134060K) : passiv_drw has 2 polygons
2026-08-20 09:49:06 +0000: Memory Usage (134060K) : passiv_pin has 0 polygons
2026-08-20 09:49:06 +0000: Memory Usage (134060K) : passiv_sbump has 0 polygons
2026-08-20 09:49:06 +0000: Memory Usage (134060K) : passiv_pillar has 0 polygons
2026-08-20 09:49:06 +0000: Memory Usage (134188K) : passiv_pdl has 0 polygons
2026-08-20 09:49:06 +0000: Memory Usage (134188K) : metal2_drw has 569 polygons
2026-08-20 09:49:06 +0000: Memory Usage (134188K) : metal2_filler has 0 polygons
2026-08-20 09:49:06 +0000: Memory Usage (134188K) : metal2_slit has 0 polygons
2026-08-20 09:49:06 +0000: Memory Usage (134316K) : metal2 has 569 polygons
2026-08-20 09:49:06 +0000: Memory Usage (134316K) : metal2_pin has 10 polygons
2026-08-20 09:49:06 +0000: Memory Usage (134316K) : metal2_mask has 0 polygons
2026-08-20 09:49:06 +0000: Memory Usage (134444K) : metal2_nofill has 2 polygons
2026-08-20 09:49:06 +0000: Memory Usage (134444K) : metal2_text has 3 polygons
2026-08-20 09:49:06 +0000: Memory Usage (134444K) : metal2_OPC has 0 polygons
2026-08-20 09:49:06 +0000: Memory Usage (134444K) : metal2_noqrc has 0 polygons
2026-08-20 09:49:06 +0000: Memory Usage (134572K) : metal2_res has 0 polygons
2026-08-20 09:49:06 +0000: Memory Usage (134572K) : metal2_iprobe has 0 polygons
2026-08-20 09:49:06 +0000: Memory Usage (134572K) : metal2_diffprb has 0 polygons
2026-08-20 09:49:06 +0000: Memory Usage (134572K) : baspoly_drw has 0 polygons
2026-08-20 09:49:06 +0000: Memory Usage (134700K) : baspoly_pin has 0 polygons
2026-08-20 09:49:06 +0000: Memory Usage (134700K) : psd_drw has 515 polygons
2026-08-20 09:49:06 +0000: Memory Usage (134700K) : nldb_drw has 0 polygons
2026-08-20 09:49:06 +0000: Memory Usage (134700K) : digibnd_drw has 0 polygons
2026-08-20 09:49:06 +0000: Memory Usage (134828K) : via1_drw has 7634 polygons
2026-08-20 09:49:06 +0000: Memory Usage (134828K) : backmetal1_drw has 0 polygons
2026-08-20 09:49:06 +0000: Memory Usage (134828K) : backmetal1_pin has 0 polygons
2026-08-20 09:49:06 +0000: Memory Usage (134956K) : backmetal1_mask has 0 polygons
2026-08-20 09:49:06 +0000: Memory Usage (134956K) : backmetal1_filler has 0 polygons
2026-08-20 09:49:06 +0000: Memory Usage (134956K) : backmetal1_nofill has 0 polygons
2026-08-20 09:49:06 +0000: Memory Usage (134956K) : backmetal1_slit has 0 polygons
2026-08-20 09:49:06 +0000: Memory Usage (134956K) : backmetal1_text has 0 polygons
2026-08-20 09:49:06 +0000: Memory Usage (135084K) : backmetal1_OPC has 0 polygons
2026-08-20 09:49:06 +0000: Memory Usage (135084K) : backmetal1_noqrc has 0 polygons
2026-08-20 09:49:06 +0000: Memory Usage (135084K) : backmetal1_res has 0 polygons
2026-08-20 09:49:06 +0000: Memory Usage (135212K) : backmetal1_iprobe has 0 polygons
2026-08-20 09:49:06 +0000: Memory Usage (135212K) : backmetal1_diffprb has 0 polygons
2026-08-20 09:49:06 +0000: Memory Usage (135212K) : backpassiv_drw has 0 polygons
2026-08-20 09:49:06 +0000: Memory Usage (135340K) : res_drw has 2 polygons
2026-08-20 09:49:06 +0000: Memory Usage (135340K) : sram_drw has 0 polygons
2026-08-20 09:49:06 +0000: Memory Usage (135340K) : trans_drw has 2 polygons
2026-08-20 09:49:06 +0000: Memory Usage (135340K) : ind_drw has 2 polygons
2026-08-20 09:49:06 +0000: Memory Usage (135468K) : ind_pin has 4 polygons
2026-08-20 09:49:06 +0000: Memory Usage (135468K) : ind_text has 4 polygons
2026-08-20 09:49:06 +0000: Memory Usage (135468K) : salblock_drw has 12 polygons
2026-08-20 09:49:06 +0000: Memory Usage (135468K) : via2_drw has 853 polygons
2026-08-20 09:49:06 +0000: Memory Usage (135468K) : metal3_drw has 64 polygons
2026-08-20 09:49:06 +0000: Memory Usage (135468K) : metal3_filler has 0 polygons
2026-08-20 09:49:06 +0000: Memory Usage (135468K) : metal3_slit has 0 polygons
2026-08-20 09:49:06 +0000: Memory Usage (135468K) : metal3 has 64 polygons
2026-08-20 09:49:06 +0000: Memory Usage (135468K) : metal3_pin has 2 polygons
2026-08-20 09:49:06 +0000: Memory Usage (135596K) : metal3_mask has 0 polygons
2026-08-20 09:49:06 +0000: Memory Usage (135596K) : metal3_nofill has 2 polygons
2026-08-20 09:49:06 +0000: Memory Usage (135596K) : metal3_text has 2 polygons
2026-08-20 09:49:06 +0000: Memory Usage (135596K) : metal3_OPC has 0 polygons
2026-08-20 09:49:06 +0000: Memory Usage (135596K) : metal3_noqrc has 0 polygons
2026-08-20 09:49:06 +0000: Memory Usage (135724K) : metal3_res has 0 polygons
2026-08-20 09:49:06 +0000: Memory Usage (135724K) : metal3_iprobe has 0 polygons
2026-08-20 09:49:06 +0000: Memory Usage (135724K) : metal3_diffprb has 0 polygons
2026-08-20 09:49:06 +0000: Memory Usage (135724K) : nwell_drw has 14 polygons
2026-08-20 09:49:06 +0000: Memory Usage (135724K) : nwell_pin has 0 polygons
2026-08-20 09:49:06 +0000: Memory Usage (135724K) : nwell_text has 0 polygons
2026-08-20 09:49:06 +0000: Memory Usage (135852K) : nbulay_drw has 1 polygons
2026-08-20 09:49:06 +0000: Memory Usage (135852K) : nbulay_pin has 0 polygons
2026-08-20 09:49:06 +0000: Memory Usage (135852K) : nbulay_block has 0 polygons
2026-08-20 09:49:06 +0000: Memory Usage (135852K) : emwind_drw has 4 polygons
2026-08-20 09:49:06 +0000: Memory Usage (135852K) : emwind_OPC has 0 polygons
2026-08-20 09:49:06 +0000: Memory Usage (135852K) : deepco_drw has 0 polygons
2026-08-20 09:49:06 +0000: Memory Usage (135980K) : mim_drw has 0 polygons
2026-08-20 09:49:06 +0000: Memory Usage (135980K) : edgeseal_drw has 0 polygons
2026-08-20 09:49:06 +0000: Memory Usage (135980K) : substrate_drw has 500 polygons
2026-08-20 09:49:06 +0000: Memory Usage (135980K) : substrate_text has 0 polygons
2026-08-20 09:49:06 +0000: Memory Usage (135980K) : dfpad_drw has 2 polygons
2026-08-20 09:49:06 +0000: Memory Usage (135980K) : dfpad_pillar has 0 polygons
2026-08-20 09:49:06 +0000: Memory Usage (136108K) : dfpad_sbump has 0 polygons
2026-08-20 09:49:06 +0000: Memory Usage (136108K) : thickgateox_drw has 1 polygons
2026-08-20 09:49:06 +0000: Memory Usage (136108K) : pldb_drw has 0 polygons
2026-08-20 09:49:06 +0000: Memory Usage (136108K) : pwell_drw has 0 polygons
2026-08-20 09:49:06 +0000: Memory Usage (136108K) : pwell_pin has 0 polygons
2026-08-20 09:49:06 +0000: Memory Usage (136236K) : pwell_block has 2 polygons
2026-08-20 09:49:06 +0000: Memory Usage (136236K) : ic_drw has 0 polygons
2026-08-20 09:49:06 +0000: Memory Usage (136236K) : via3_drw has 1055 polygons
2026-08-20 09:49:06 +0000: Memory Usage (136236K) : metal4_drw has 29 polygons
2026-08-20 09:49:06 +0000: Memory Usage (136364K) : metal4_filler has 0 polygons
2026-08-20 09:49:06 +0000: Memory Usage (136364K) : metal4_slit has 0 polygons
2026-08-20 09:49:06 +0000: Memory Usage (136364K) : metal4 has 29 polygons
2026-08-20 09:49:06 +0000: Memory Usage (136364K) : metal4_pin has 0 polygons
2026-08-20 09:49:06 +0000: Memory Usage (136364K) : metal4_mask has 0 polygons
2026-08-20 09:49:06 +0000: Memory Usage (136364K) : metal4_nofill has 2 polygons
2026-08-20 09:49:06 +0000: Memory Usage (136364K) : metal4_text has 1 polygons
2026-08-20 09:49:06 +0000: Memory Usage (136492K) : metal4_OPC has 0 polygons
2026-08-20 09:49:06 +0000: Memory Usage (136492K) : metal4_noqrc has 0 polygons
2026-08-20 09:49:06 +0000: Memory Usage (136492K) : metal4_res has 0 polygons
2026-08-20 09:49:06 +0000: Memory Usage (136492K) : metal4_iprobe has 0 polygons
2026-08-20 09:49:06 +0000: Memory Usage (136492K) : metal4_diffprb has 0 polygons
2026-08-20 09:49:06 +0000: Memory Usage (136492K) : heattrans_drw has 123 polygons
2026-08-20 09:49:06 +0000: Memory Usage (136620K) : heatres_drw has 2 polygons
2026-08-20 09:49:06 +0000: Memory Usage (136620K) : fbe_drw has 0 polygons
2026-08-20 09:49:06 +0000: Memory Usage (136620K) : empoly_drw has 0 polygons
2026-08-20 09:49:06 +0000: Memory Usage (136620K) : digisub_drw has 0 polygons
2026-08-20 09:49:06 +0000: Memory Usage (136620K) : text_drw has 655 polygons
2026-08-20 09:49:06 +0000: Memory Usage (136620K) : via4_drw has 1051 polygons
2026-08-20 09:49:06 +0000: Memory Usage (136748K) : metal5_drw has 56 polygons
2026-08-20 09:49:06 +0000: Memory Usage (136748K) : metal5_filler has 0 polygons
2026-08-20 09:49:06 +0000: Memory Usage (136748K) : metal5_slit has 0 polygons
2026-08-20 09:49:06 +0000: Memory Usage (136748K) : metal5 has 56 polygons
2026-08-20 09:49:06 +0000: Memory Usage (136748K) : metal5_pin has 0 polygons
2026-08-20 09:49:06 +0000: Memory Usage (136876K) : metal5_mask has 0 polygons
2026-08-20 09:49:06 +0000: Memory Usage (136876K) : metal5_nofill has 2 polygons
2026-08-20 09:49:06 +0000: Memory Usage (136876K) : metal5_text has 0 polygons
2026-08-20 09:49:06 +0000: Memory Usage (136876K) : metal5_OPC has 0 polygons
2026-08-20 09:49:06 +0000: Memory Usage (136876K) : metal5_noqrc has 0 polygons
2026-08-20 09:49:06 +0000: Memory Usage (136876K) : metal5_res has 0 polygons
2026-08-20 09:49:06 +0000: Memory Usage (136876K) : metal5_iprobe has 0 polygons
2026-08-20 09:49:06 +0000: Memory Usage (137004K) : metal5_diffprb has 0 polygons
2026-08-20 09:49:06 +0000: Memory Usage (137004K) : radhard_drw has 0 polygons
2026-08-20 09:49:06 +0000: Memory Usage (137004K) : memcap_drw has 0 polygons
2026-08-20 09:49:06 +0000: Memory Usage (137004K) : varicap_drw has 0 polygons
2026-08-20 09:49:06 +0000: Memory Usage (137004K) : intbondvia_drw has 0 polygons
2026-08-20 09:49:06 +0000: Memory Usage (137132K) : intbondmet_drw has 0 polygons
2026-08-20 09:49:06 +0000: Memory Usage (137132K) : devbondvia_drw has 0 polygons
2026-08-20 09:49:06 +0000: Memory Usage (137132K) : devbondmet_drw has 0 polygons
2026-08-20 09:49:06 +0000: Memory Usage (137132K) : devtrench_drw has 0 polygons
2026-08-20 09:49:06 +0000: Memory Usage (137260K) : redist_drw has 0 polygons
2026-08-20 09:49:06 +0000: Memory Usage (137260K) : graphbot_drw has 0 polygons
2026-08-20 09:49:06 +0000: Memory Usage (137260K) : graphtop_drw has 0 polygons
2026-08-20 09:49:06 +0000: Memory Usage (137260K) : antvia1_drw has 0 polygons
2026-08-20 09:49:06 +0000: Memory Usage (137388K) : antmetal2_drw has 0 polygons
2026-08-20 09:49:06 +0000: Memory Usage (137388K) : graphcont_drw has 0 polygons
2026-08-20 09:49:06 +0000: Memory Usage (137388K) : siwg_drw has 0 polygons
2026-08-20 09:49:06 +0000: Memory Usage (137388K) : siwg_filler has 0 polygons
2026-08-20 09:49:06 +0000: Memory Usage (137388K) : siwg_nofill has 0 polygons
2026-08-20 09:49:06 +0000: Memory Usage (137388K) : sigrating_drw has 0 polygons
2026-08-20 09:49:06 +0000: Memory Usage (137516K) : singrating_drw has 0 polygons
2026-08-20 09:49:06 +0000: Memory Usage (137516K) : graphpas_drw has 0 polygons
2026-08-20 09:49:06 +0000: Memory Usage (137516K) : emwind3_drw has 0 polygons
2026-08-20 09:49:06 +0000: Memory Usage (137516K) : emwihv3_drw has 0 polygons
2026-08-20 09:49:06 +0000: Memory Usage (137516K) : redbulay_drw has 0 polygons
2026-08-20 09:49:06 +0000: Memory Usage (137516K) : smos_drw has 0 polygons
2026-08-20 09:49:06 +0000: Memory Usage (137644K) : graphpad_drw has 0 polygons
2026-08-20 09:49:06 +0000: Memory Usage (137644K) : polimide_drw has 0 polygons
2026-08-20 09:49:06 +0000: Memory Usage (137644K) : polimide_pin has 0 polygons
2026-08-20 09:49:06 +0000: Memory Usage (137644K) : recog_drw has 1 polygons
2026-08-20 09:49:06 +0000: Memory Usage (137644K) : recog_pin has 0 polygons
2026-08-20 09:49:06 +0000: Memory Usage (137644K) : recog_esd has 5 polygons
2026-08-20 09:49:06 +0000: Memory Usage (137772K) : recog_diode has 0 polygons
2026-08-20 09:49:06 +0000: Memory Usage (137772K) : recog_tsv has 0 polygons
2026-08-20 09:49:06 +0000: Memory Usage (137772K) : recog_iprobe has 0 polygons
2026-08-20 09:49:06 +0000: Memory Usage (137772K) : recog_diffprb has 0 polygons
2026-08-20 09:49:06 +0000: Memory Usage (137772K) : recog_pillar has 0 polygons
2026-08-20 09:49:06 +0000: Memory Usage (137900K) : recog_sbump has 0 polygons
2026-08-20 09:49:06 +0000: Memory Usage (137900K) : recog_otp has 0 polygons
2026-08-20 09:49:06 +0000: Memory Usage (137900K) : recog_pdiode has 0 polygons
2026-08-20 09:49:06 +0000: Memory Usage (137900K) : recog_mom has 0 polygons
2026-08-20 09:49:06 +0000: Memory Usage (138028K) : recog_momf has 0 polygons
2026-08-20 09:49:06 +0000: Memory Usage (138028K) : recog_pcm has 0 polygons
2026-08-20 09:49:06 +0000: Memory Usage (138028K) : colopen_drw has 0 polygons
2026-08-20 09:49:06 +0000: Memory Usage (138028K) : graphmetal1_drw has 0 polygons
2026-08-20 09:49:06 +0000: Memory Usage (138156K) : graphmetal1_filler has 0 polygons
2026-08-20 09:49:06 +0000: Memory Usage (138156K) : graphmetal1_nofill has 0 polygons
2026-08-20 09:49:06 +0000: Memory Usage (138156K) : graphmetal1_slit has 0 polygons
2026-08-20 09:49:06 +0000: Memory Usage (138156K) : graphmetal1_OPC has 0 polygons
2026-08-20 09:49:06 +0000: Memory Usage (138284K) : graphmet1l_drw has 0 polygons
2026-08-20 09:49:06 +0000: Memory Usage (138284K) : graphmet1l_filler has 0 polygons
2026-08-20 09:49:06 +0000: Memory Usage (138284K) : graphmet1l_nofill has 0 polygons
2026-08-20 09:49:06 +0000: Memory Usage (138284K) : graphmet1l_slit has 0 polygons
2026-08-20 09:49:06 +0000: Memory Usage (138412K) : graphmet1l_OPC has 0 polygons
2026-08-20 09:49:06 +0000: Memory Usage (138412K) : extblock_drw has 6 polygons
2026-08-20 09:49:06 +0000: Memory Usage (138412K) : nldd_drw has 0 polygons
2026-08-20 09:49:06 +0000: Memory Usage (138412K) : pldd_drw has 0 polygons
2026-08-20 09:49:06 +0000: Memory Usage (138540K) : next_drw has 0 polygons
2026-08-20 09:49:06 +0000: Memory Usage (138540K) : pext_drw has 0 polygons
2026-08-20 09:49:06 +0000: Memory Usage (138540K) : nexthv_drw has 0 polygons
2026-08-20 09:49:06 +0000: Memory Usage (138540K) : pexthv_drw has 0 polygons
2026-08-20 09:49:06 +0000: Memory Usage (138668K) : graphgate_drw has 0 polygons
2026-08-20 09:49:06 +0000: Memory Usage (138668K) : sinwg_drw has 0 polygons
2026-08-20 09:49:06 +0000: Memory Usage (138668K) : sinwg_filler has 0 polygons
2026-08-20 09:49:06 +0000: Memory Usage (138668K) : sinwg_nofill has 0 polygons
2026-08-20 09:49:06 +0000: Memory Usage (138796K) : mempad_drw has 0 polygons
2026-08-20 09:49:06 +0000: Memory Usage (138796K) : topvia1_drw has 485 polygons
2026-08-20 09:49:06 +0000: Memory Usage (138796K) : topmetal1_drw has 58 polygons
2026-08-20 09:49:06 +0000: Memory Usage (138796K) : topmetal1_filler has 0 polygons
2026-08-20 09:49:06 +0000: Memory Usage (138924K) : topmetal1_slit has 0 polygons
2026-08-20 09:49:06 +0000: Memory Usage (138924K) : topmetal1 has 58 polygons
2026-08-20 09:49:06 +0000: Memory Usage (138924K) : topmetal1_pin has 0 polygons
2026-08-20 09:49:06 +0000: Memory Usage (139052K) : topmetal1_mask has 0 polygons
2026-08-20 09:49:06 +0000: Memory Usage (139052K) : topmetal1_nofill has 2 polygons
2026-08-20 09:49:06 +0000: Memory Usage (139052K) : topmetal1_text has 0 polygons
2026-08-20 09:49:06 +0000: Memory Usage (139052K) : topmetal1_noqrc has 0 polygons
2026-08-20 09:49:06 +0000: Memory Usage (139180K) : topmetal1_res has 0 polygons
2026-08-20 09:49:06 +0000: Memory Usage (139180K) : topmetal1_iprobe has 0 polygons
2026-08-20 09:49:06 +0000: Memory Usage (139308K) : topmetal1_diffprb has 0 polygons
2026-08-20 09:49:06 +0000: Memory Usage (139308K) : inldpwl_drw has 0 polygons
2026-08-20 09:49:06 +0000: Memory Usage (139308K) : polyres_drw has 2 polygons
2026-08-20 09:49:06 +0000: Memory Usage (139436K) : polyres_pin has 0 polygons
2026-08-20 09:49:06 +0000: Memory Usage (139436K) : vmim_drw has 0 polygons
2026-08-20 09:49:06 +0000: Memory Usage (139436K) : nbulaycut_drw has 0 polygons
2026-08-20 09:49:06 +0000: Memory Usage (139436K) : antmetal1_drw has 0 polygons
2026-08-20 09:49:06 +0000: Memory Usage (139564K) : topvia2_drw has 233 polygons
2026-08-20 09:49:06 +0000: Memory Usage (139564K) : topmetal2_drw has 67 polygons
2026-08-20 09:49:06 +0000: Memory Usage (139564K) : topmetal2_filler has 0 polygons
2026-08-20 09:49:06 +0000: Memory Usage (139692K) : topmetal2_slit has 0 polygons
2026-08-20 09:49:06 +0000: Memory Usage (139692K) : topmetal2 has 67 polygons
2026-08-20 09:49:06 +0000: Memory Usage (139692K) : topmetal2_pin has 4 polygons
2026-08-20 09:49:06 +0000: Memory Usage (139820K) : topmetal2_mask has 0 polygons
2026-08-20 09:49:06 +0000: Memory Usage (139820K) : topmetal2_nofill has 2 polygons
2026-08-20 09:49:06 +0000: Memory Usage (139820K) : topmetal2_text has 8 polygons
2026-08-20 09:49:06 +0000: Memory Usage (139820K) : topmetal2_noqrc has 0 polygons
2026-08-20 09:49:06 +0000: Memory Usage (139948K) : topmetal2_res has 0 polygons
2026-08-20 09:49:06 +0000: Memory Usage (140076K) : topmetal2_iprobe has 0 polygons
2026-08-20 09:49:06 +0000: Memory Usage (140076K) : topmetal2_diffprb has 0 polygons
2026-08-20 09:49:06 +0000: Memory Usage (140076K) : snsring_drw has 0 polygons
2026-08-20 09:49:06 +0000: Memory Usage (140076K) : sensor_drw has 0 polygons
2026-08-20 09:49:06 +0000: Memory Usage (140204K) : snsarms_drw has 0 polygons
2026-08-20 09:49:06 +0000: Memory Usage (140204K) : snscmosvia_drw has 0 polygons
2026-08-20 09:49:06 +0000: Memory Usage (140204K) : colwind_drw has 0 polygons
2026-08-20 09:49:06 +0000: Memory Usage (140204K) : flm_drw has 0 polygons
2026-08-20 09:49:06 +0000: Memory Usage (140204K) : hafniumox_drw has 0 polygons
2026-08-20 09:49:06 +0000: Memory Usage (140204K) : memvia_drw has 0 polygons
2026-08-20 09:49:06 +0000: Memory Usage (140204K) : thinfilmres_drw has 0 polygons
2026-08-20 09:49:06 +0000: Memory Usage (140204K) : rfmem_drw has 0 polygons
2026-08-20 09:49:06 +0000: Memory Usage (140204K) : norcx_drw has 2 polygons
2026-08-20 09:49:06 +0000: Memory Usage (140204K) : norcx_m2m3 has 0 polygons
2026-08-20 09:49:06 +0000: Memory Usage (140204K) : norcx_m2m4 has 0 polygons
2026-08-20 09:49:06 +0000: Memory Usage (140204K) : norcx_m2m5 has 0 polygons
2026-08-20 09:49:06 +0000: Memory Usage (140204K) : norcx_m2tm1 has 0 polygons
2026-08-20 09:49:06 +0000: Memory Usage (140204K) : norcx_m2tm2 has 0 polygons
2026-08-20 09:49:06 +0000: Memory Usage (140204K) : norcx_m3m4 has 0 polygons
2026-08-20 09:49:06 +0000: Memory Usage (140204K) : norcx_m3m5 has 0 polygons
2026-08-20 09:49:06 +0000: Memory Usage (140204K) : norcx_m3tm1 has 0 polygons
2026-08-20 09:49:06 +0000: Memory Usage (140204K) : norcx_m3tm2 has 0 polygons
2026-08-20 09:49:06 +0000: Memory Usage (140204K) : norcx_m4m5 has 0 polygons
2026-08-20 09:49:06 +0000: Memory Usage (140204K) : norcx_m4tm1 has 0 polygons
2026-08-20 09:49:06 +0000: Memory Usage (140204K) : norcx_m4tm2 has 0 polygons
2026-08-20 09:49:06 +0000: Memory Usage (140204K) : norcx_m5tm1 has 0 polygons
2026-08-20 09:49:06 +0000: Memory Usage (140204K) : norcx_m5tm2 has 0 polygons
2026-08-20 09:49:06 +0000: Memory Usage (140204K) : norcx_tm1tm2 has 0 polygons
2026-08-20 09:49:06 +0000: Memory Usage (140204K) : norcx_m1sub has 0 polygons
2026-08-20 09:49:06 +0000: Memory Usage (140204K) : norcx_m2sub has 0 polygons
2026-08-20 09:49:06 +0000: Memory Usage (140204K) : norcx_m3sub has 0 polygons
2026-08-20 09:49:06 +0000: Memory Usage (140204K) : norcx_m4sub has 0 polygons
2026-08-20 09:49:06 +0000: Memory Usage (140204K) : norcx_m5sub has 0 polygons
2026-08-20 09:49:06 +0000: Memory Usage (140204K) : norcx_tm1sub has 0 polygons
2026-08-20 09:49:06 +0000: Memory Usage (140204K) : norcx_tm2sub has 0 polygons
2026-08-20 09:49:06 +0000: Memory Usage (140204K) : snsbotvia_drw has 0 polygons
2026-08-20 09:49:06 +0000: Memory Usage (140204K) : snstopvia_drw has 0 polygons
2026-08-20 09:49:06 +0000: Memory Usage (140204K) : deepvia_drw has 0 polygons
2026-08-20 09:49:06 +0000: Memory Usage (140204K) : fgetch_drw has 0 polygons
2026-08-20 09:49:06 +0000: Memory Usage (140204K) : ctrgat_drw has 0 polygons
2026-08-20 09:49:06 +0000: Memory Usage (140204K) : fgimp_drw has 0 polygons
2026-08-20 09:49:06 +0000: Memory Usage (140204K) : emwihv_drw has 0 polygons
2026-08-20 09:49:06 +0000: Memory Usage (140204K) : lbe_drw has 2 polygons
2026-08-20 09:49:06 +0000: Memory Usage (140204K) : alcustop_drw has 0 polygons
2026-08-20 09:49:06 +0000: Memory Usage (140204K) : nometfiller_drw has 0 polygons
2026-08-20 09:49:06 +0000: Memory Usage (140204K) : prboundary_drw has 0 polygons
2026-08-20 09:49:06 +0000: Memory Usage (140204K) : exchange0_drw has 0 polygons
2026-08-20 09:49:06 +0000: Memory Usage (140204K) : exchange0_pin has 0 polygons
2026-08-20 09:49:06 +0000: Memory Usage (140204K) : exchange0_text has 0 polygons
2026-08-20 09:49:06 +0000: Memory Usage (140204K) : exchange1_drw has 0 polygons
2026-08-20 09:49:06 +0000: Memory Usage (140204K) : exchange1_pin has 0 polygons
2026-08-20 09:49:06 +0000: Memory Usage (140204K) : exchange1_text has 0 polygons
2026-08-20 09:49:06 +0000: Memory Usage (140204K) : exchange2_drw has 0 polygons
2026-08-20 09:49:06 +0000: Memory Usage (140204K) : exchange2_pin has 0 polygons
2026-08-20 09:49:06 +0000: Memory Usage (140204K) : exchange2_text has 0 polygons
2026-08-20 09:49:06 +0000: Memory Usage (140204K) : exchange3_drw has 0 polygons
2026-08-20 09:49:06 +0000: Memory Usage (140204K) : exchange3_pin has 0 polygons
2026-08-20 09:49:06 +0000: Memory Usage (140204K) : exchange3_text has 0 polygons
2026-08-20 09:49:06 +0000: Memory Usage (140204K) : exchange4_drw has 0 polygons
2026-08-20 09:49:06 +0000: Memory Usage (140204K) : exchange4_pin has 0 polygons
2026-08-20 09:49:06 +0000: Memory Usage (140204K) : exchange4_text has 0 polygons
2026-08-20 09:49:06 +0000: Memory Usage (140204K) : isonwell_drw has 0 polygons
2026-08-20 09:49:06 +0000: Memory Usage (140204K) : Total no. of polygons in the design is 32112
2026-08-20 09:49:06 +0000: Memory Usage (140204K) : Starting base layers derivations
2026-08-20 09:49:06 +0000: Memory Usage (140204K) : Starting general LVS derivations
2026-08-20 09:49:06 +0000: Memory Usage (144432K) : Starting MOSFET DERIVATIONS
2026-08-20 09:49:06 +0000: Memory Usage (145200K) : Starting NMOS DERIVATIONS
2026-08-20 09:49:06 +0000: Memory Usage (145200K) : Starting PMOS DERIVATIONS
2026-08-20 09:49:06 +0000: Memory Usage (145200K) : Starting RF-MOSFET DERIVATIONS
2026-08-20 09:49:06 +0000: Memory Usage (145200K) : Starting RF-NMOS DERIVATIONS
2026-08-20 09:49:06 +0000: Memory Usage (145200K) : Starting RF-PMOS DERIVATIONS
2026-08-20 09:49:06 +0000: Memory Usage (145200K) : Starting BJT DERIVATIONS
2026-08-20 09:49:06 +0000: Memory Usage (145200K) : Starting NPN-BJT DERIVATIONS
2026-08-20 09:49:06 +0000: Memory Usage (145328K) : Starting PNP-BJT DERIVATIONS
2026-08-20 09:49:06 +0000: Memory Usage (145328K) : Starting DIODE DERIVATIONS
2026-08-20 09:49:06 +0000: Memory Usage (145328K) : Starting RESISTOR DERIVATIONS
2026-08-20 09:49:07 +0000: Memory Usage (145456K) : Starting CAP DERIVATIONS
2026-08-20 09:49:07 +0000: Memory Usage (145456K) : Starting CAP_CMOM DERIVATIONS
2026-08-20 09:49:07 +0000: Memory Usage (145456K) : Starting CAP_CMOMF DERIVATIONS
2026-08-20 09:49:07 +0000: Memory Usage (145456K) : Starting ESD DERIVATIONS
2026-08-20 09:49:08 +0000: Memory Usage (145456K) : Starting Inductor DERIVATIONS
2026-08-20 09:49:08 +0000: Memory Usage (145456K) : Starting Taps DERIVATIONS
2026-08-20 09:49:08 +0000: Memory Usage (145456K) : Starting SG13G2 LVS connectivity setup
2026-08-20 09:49:08 +0000: Memory Usage (145456K) : Starting SG13G2 LVS connectivity setup (Inter-layer)
2026-08-20 09:49:08 +0000: Memory Usage (145584K) : Starting SG13G2 LVS connectivity setup (Global)
2026-08-20 09:49:08 +0000: Memory Usage (145584K) : Starting LVS MOSFET CONNECTIONS
2026-08-20 09:49:08 +0000: Memory Usage (145584K) : Starting LVS RF-MOSFET CONNECTIONS
2026-08-20 09:49:08 +0000: Memory Usage (145584K) : Starting LVS BJT CONNECTIONS
2026-08-20 09:49:08 +0000: Memory Usage (145584K) : Starting LVS DIODE CONNECTIONS
2026-08-20 09:49:08 +0000: Memory Usage (145584K) : Starting RESISTOR CONNECTIONS
2026-08-20 09:49:08 +0000: Memory Usage (145584K) : Starting LVS CAP CONNECTIONS
2026-08-20 09:49:08 +0000: Memory Usage (145584K) : Starting CAP_CMOM CONNECTIONS
2026-08-20 09:49:08 +0000: Memory Usage (145584K) : Starting CAP_CMOMF CONNECTIONS
2026-08-20 09:49:08 +0000: Memory Usage (145584K) : Starting ESD CONNECTIONS
2026-08-20 09:49:08 +0000: Memory Usage (145584K) : Starting Inductor CONNECTIONS
2026-08-20 09:49:08 +0000: Memory Usage (145584K) : Starting LVS Taps CONNECTIONS
2026-08-20 09:49:08 +0000: Memory Usage (145584K) : Starting SG13G2 LVS DEVICES EXTRACTION
2026-08-20 09:49:08 +0000: Memory Usage (145584K) : Starting MOSFET EXTRACTION
2026-08-20 09:49:08 +0000: Memory Usage (145584K) : Starting NMOS EXTRACTION
2026-08-20 09:49:08 +0000: Memory Usage (145584K) : Extraction of NMOS-LV transistor
2026-08-20 09:49:08 +0000: Memory Usage (145584K) : Extraction of NMOS-HV transistor
2026-08-20 09:49:08 +0000: Memory Usage (145584K) : Starting PMOS EXTRACTION
2026-08-20 09:49:08 +0000: Memory Usage (145584K) : Extraction of PMOS-LV transistor
2026-08-20 09:49:08 +0000: Memory Usage (145584K) : Extraction of PMOS-HV transistor
2026-08-20 09:49:08 +0000: Memory Usage (145584K) : Starting RF-MOSFET EXTRACTION
2026-08-20 09:49:08 +0000: Memory Usage (145584K) : Extraction of RF-NMOS-LV transistor
2026-08-20 09:49:08 +0000: Memory Usage (145584K) : Extraction of RF-NMOS-HV transistor
2026-08-20 09:49:08 +0000: Memory Usage (145584K) : Extraction of RF-PMOS-LV transistor
2026-08-20 09:49:08 +0000: Memory Usage (145584K) : Extraction of RF-PMOS-HV transistor
2026-08-20 09:49:08 +0000: Memory Usage (145584K) : Starting BJT EXTRACTION
2026-08-20 09:49:08 +0000: Memory Usage (145584K) : Starting NPN-BJT EXTRACTION
2026-08-20 09:49:08 +0000: Memory Usage (145584K) : Extraction of npn13G2 BJT transistor
2026-08-20 09:49:08 +0000: Memory Usage (145584K) : Extraction of npn13G2L BJT transistor
2026-08-20 09:49:08 +0000: Memory Usage (145584K) : Extraction of npn13G2V BJT transistor
2026-08-20 09:49:08 +0000: Memory Usage (145584K) : Starting PNP-BJT EXTRACTION
2026-08-20 09:49:08 +0000: Memory Usage (145584K) : Extracting pnpMPA BJT
2026-08-20 09:49:08 +0000: Memory Usage (145584K) : Starting DIODE EXTRACTION
2026-08-20 09:49:08 +0000: Memory Usage (145584K) : Extracting dantenna diode
2026-08-20 09:49:08 +0000: Memory Usage (145584K) : Extracting dpantenna diode
2026-08-20 09:49:08 +0000: Memory Usage (145584K) : Extracting schottky_nbl1 diode
2026-08-20 09:49:08 +0000: Memory Usage (145584K) : Extracting isolbox diode
2026-08-20 09:49:08 +0000: Memory Usage (145584K) : Starting RESISTOR EXTRACTION
2026-08-20 09:49:08 +0000: Memory Usage (145584K) : Extracting rsil resistor
2026-08-20 09:49:08 +0000: Memory Usage (145584K) : Extracting rppd resistor
2026-08-20 09:49:08 +0000: Memory Usage (145584K) : Extracting rhigh resistor
2026-08-20 09:49:08 +0000: Memory Usage (145584K) : Extracting res_metal1 resistor
2026-08-20 09:49:08 +0000: Memory Usage (145584K) : Extracting res_metal2 resistor
2026-08-20 09:49:08 +0000: Memory Usage (145584K) : Extracting res_metal3 resistor
2026-08-20 09:49:08 +0000: Memory Usage (145584K) : Extracting res_metal4 resistor
2026-08-20 09:49:08 +0000: Memory Usage (145584K) : Extracting res_metal5 resistor
2026-08-20 09:49:08 +0000: Memory Usage (145584K) : Extracting res_topmetal1 resistor
2026-08-20 09:49:08 +0000: Memory Usage (145584K) : Extracting res_topmetal2 resistor
2026-08-20 09:49:08 +0000: Memory Usage (145584K) : Starting CAP EXTRACTION
2026-08-20 09:49:08 +0000: Memory Usage (145584K) : Extracting cap_cmim device
2026-08-20 09:49:08 +0000: Memory Usage (145584K) : Extracting rfcmim device
2026-08-20 09:49:08 +0000: Memory Usage (145584K) : Extracting sg13_hv_svaricap varactor
2026-08-20 09:49:08 +0000: Memory Usage (145584K) : Extracting cap_cmomi device
2026-08-20 09:49:08 +0000: Memory Usage (145584K) : Extracting cap_cmomf device
2026-08-20 09:49:08 +0000: Memory Usage (145584K) : Extracting sg13_moscap_n capacitor
2026-08-20 09:49:08 +0000: Memory Usage (145584K) : Extracting sg13_moscap_p capacitor
2026-08-20 09:49:08 +0000: Memory Usage (145584K) : Starting ESD EXTRACTION
2026-08-20 09:49:08 +0000: Memory Usage (145584K) : Extracting diodevdd_2kv ESD device
2026-08-20 09:49:08 +0000: Memory Usage (145584K) : Extracting diodevdd_4kv ESD device
2026-08-20 09:49:08 +0000: Memory Usage (145584K) : Extracting diodevss_2kv ESD device
2026-08-20 09:49:08 +0000: Memory Usage (145584K) : Extracting diodevss_4kv ESD device
2026-08-20 09:49:08 +0000: Memory Usage (145584K) : Extracting idiodevdd_2kv ESD device
2026-08-20 09:49:08 +0000: Memory Usage (145584K) : Extracting idiodevdd_4kv ESD device
2026-08-20 09:49:08 +0000: Memory Usage (145584K) : Extracting idiodevss_2kv ESD device
2026-08-20 09:49:08 +0000: Memory Usage (145584K) : Extracting idiodevss_4kv ESD device
2026-08-20 09:49:08 +0000: Memory Usage (145584K) : Extracting nmoscl_2 ESD device
2026-08-20 09:49:08 +0000: Memory Usage (145584K) : Extracting nmoscl_4 ESD device
2026-08-20 09:49:08 +0000: Memory Usage (145584K) : Starting Inductor EXTRACTION
2026-08-20 09:49:08 +0000: Memory Usage (145584K) : Extracting Inductor2 device
2026-08-20 09:49:08 +0000: Memory Usage (145840K) : Extracting Inductor3 device
2026-08-20 09:49:08 +0000: Memory Usage (145840K) : Starting Taps EXTRACTION
2026-08-20 09:49:08 +0000: Memory Usage (145840K) : DISABLE_TAP_EXTRACTION is enabled: skipping ntap1/ptap1 device extraction.
2026-08-20 09:49:08 +0000: Memory Usage (145840K) : Starting SG13G2 LVS RF MOS Model Mapping
2026-08-20 09:49:08 +0000: Memory Usage (145840K) : [layout_netlist] Apply RF MOS model mapping and rfmode parameter.
2026-08-20 09:49:08 +0000: Memory Usage (145840K) : Starting SG13G2 LVS Options Preparations
2026-08-20 09:49:08 +0000: Memory Usage (145840K) : SG13G2 LVS flow: extraction -> alignment -> option preparation -> comparison.
2026-08-20 09:49:08 +0000: Memory Usage (145840K) : Starting SG13G2 LVS Alignment
2026-08-20 09:49:08 +0000: Memory Usage (145968K) : Starting SG13G2 LVS Simplification
2026-08-20 09:49:08 +0000: Memory Usage (145968K) : [layout_netlist] simplify: ENABLED
2026-08-20 09:49:08 +0000: Memory Usage (145968K) : [layout_netlist] make_top_level_pins: SKIPPED
2026-08-20 09:49:08 +0000: Memory Usage (145968K) : [layout_netlist] combine_devices: SKIPPED
2026-08-20 09:49:08 +0000: Memory Usage (145968K) : [layout_netlist] purge: SKIPPED
2026-08-20 09:49:08 +0000: Memory Usage (145968K) : [layout_netlist] purge_nets: SKIPPED
2026-08-20 09:49:08 +0000: Memory Usage (145968K) : [schematic_netlist] simplify: ENABLED
2026-08-20 09:49:08 +0000: Memory Usage (145968K) : [schematic_netlist] make_top_level_pins: SKIPPED
2026-08-20 09:49:08 +0000: Memory Usage (145968K) : [schematic_netlist] combine_devices: SKIPPED
2026-08-20 09:49:08 +0000: Memory Usage (145968K) : [schematic_netlist] purge: SKIPPED
2026-08-20 09:49:08 +0000: Memory Usage (145968K) : [schematic_netlist] purge_nets: SKIPPED
2026-08-20 09:49:08 +0000: Memory Usage (145968K) : Starting SG13G2 LVS Comparison
2026-08-20 09:49:08 +0000: Memory Usage (146096K) : xxxxxxxxxxxxxxxxxxxxxxxxxxxxxxxxxxxxxxxxxx
2026-08-20 09:49:08 +0000: Memory Usage (146096K) : ERROR : Netlists don't match
2026-08-20 09:49:08 +0000: Memory Usage (146096K) : xxxxxxxxxxxxxxxxxxxxxxxxxxxxxxxxxxxxxxxxxx
2026-08-20 09:49:08 +0000: Memory Usage (146096K) : LVS Total Run time 2.673203 seconds
