$ /home/ubuntu/.local/share/ihp-eda/venv/bin/python /home/ubuntu/.local/share/ihp-eda/IHP-Open-PDK/ihp-sg13g2/libs.tech/klayout/tech/lvs/run_lvs.py --layout=/workspace/layout/blocks/out/driver_stage/bisect_extra8/clamp_only/driver_dut.gds --netlist=/workspace/layout/blocks/out/driver_stage/bisect_extra8/clamp_only/x.cdl --run_dir=/workspace/layout/blocks/out/driver_stage/bisect_extra8/clamp_only/lvs --run_mode=deep --topcell=driver_dut --implicit_nets=sub,sub! --ignore_top_ports_mismatch --disable_tap_extraction

--- stdout ---
2026-08-20 17:10:10 +0000: Memory Usage (129120K) : Starting running SG13G2 Klayout LVS runset on /workspace/layout/blocks/out/driver_stage/bisect_extra8/clamp_only/driver_dut.gds
2026-08-20 17:10:10 +0000: Memory Usage (129308K) : Ruby Version for klayout: 3.2.3
2026-08-20 17:10:10 +0000: Memory Usage (130648K) : Loading database to memory is complete.
2026-08-20 17:10:10 +0000: Memory Usage (130648K) : SG13G2 Klayout LVS runset output at: /workspace/layout/blocks/out/driver_stage/bisect_extra8/clamp_only/lvs/driver_dut.lvsdb
2026-08-20 17:10:10 +0000: Memory Usage (130648K) : Evaluate switches.
2026-08-20 17:10:10 +0000: Memory Usage (130648K) : Extracted netlist with net names: true
2026-08-20 17:10:10 +0000: Memory Usage (130648K) : Extracted netlist with comments in details: false
2026-08-20 17:10:10 +0000: Memory Usage (130648K) : Selected NET_ONLY option: false
2026-08-20 17:10:10 +0000: Memory Usage (130648K) : Selected LAYOUT_NETLIST option: (none)
2026-08-20 17:10:10 +0000: Memory Usage (130648K) : Selected IGNORE_TOP_PORTS_MISMATCH option: true
2026-08-20 17:10:10 +0000: Memory Usage (130648K) : Selected IMPLICIT_NETS option: sub,sub!
2026-08-20 17:10:10 +0000: Memory Usage (130648K) : Selected TOP_LVL_PINS option: false
2026-08-20 17:10:10 +0000: Memory Usage (130648K) : Selected COMBINE DEVICES option: false
2026-08-20 17:10:10 +0000: Memory Usage (130648K) : Selected PURGE option: false
2026-08-20 17:10:10 +0000: Memory Usage (130648K) : Selected PURGE_NETS option: false
2026-08-20 17:10:10 +0000: Memory Usage (130648K) : Selected SIMPLIFY option: true
2026-08-20 17:10:10 +0000: Memory Usage (130648K) : Selected SERIES_RES option: true
2026-08-20 17:10:10 +0000: Memory Usage (130648K) : Selected PARALLEL_RES option: true
2026-08-20 17:10:10 +0000: Memory Usage (130648K) : Selected DISABLE_TAP_EXTRACTION option: true
2026-08-20 17:10:10 +0000: Memory Usage (130648K) : deep  mode is enabled.
2026-08-20 17:10:10 +0000: Memory Usage (130648K) : Applying implicit connections (case-sensitive, pattern supported) for nets: sub, sub!
2026-08-20 17:10:10 +0000: Memory Usage (131936K) : Netlist file: /workspace/layout/blocks/out/driver_stage/bisect_extra8/clamp_only/x.cdl
2026-08-20 17:10:10 +0000: Memory Usage (131936K) : LVS extracted netlist at: /workspace/layout/blocks/out/driver_stage/bisect_extra8/clamp_only/lvs/driver_dut_extracted.cir
2026-08-20 17:10:10 +0000: Memory Usage (131936K) : Applying SRAM integration support.
2026-08-20 17:10:10 +0000: Memory Usage (131936K) : Starting SG13G2 LVS runset
2026-08-20 17:10:10 +0000: Memory Usage (131936K) : Read in polygons from layers.
2026-08-20 17:10:10 +0000: Memory Usage (133088K) : activ_drw has 899 polygons
2026-08-20 17:10:10 +0000: Memory Usage (133088K) : activ_filler has 0 polygons
2026-08-20 17:10:10 +0000: Memory Usage (133216K) : activ has 899 polygons
2026-08-20 17:10:10 +0000: Memory Usage (133216K) : activ_pin has 0 polygons
2026-08-20 17:10:10 +0000: Memory Usage (133380K) : activ_mask has 4 polygons
2026-08-20 17:10:10 +0000: Memory Usage (133764K) : activ_nofill has 2 polygons
2026-08-20 17:10:10 +0000: Memory Usage (133764K) : activ_OPC has 0 polygons
2026-08-20 17:10:10 +0000: Memory Usage (133764K) : activ_iOPC has 0 polygons
2026-08-20 17:10:10 +0000: Memory Usage (133764K) : activ_noqrc has 0 polygons
2026-08-20 17:10:10 +0000: Memory Usage (133764K) : biwind_drw has 0 polygons
2026-08-20 17:10:10 +0000: Memory Usage (133764K) : biwind_OPC has 0 polygons
2026-08-20 17:10:10 +0000: Memory Usage (133764K) : gatpoly_drw has 140 polygons
2026-08-20 17:10:10 +0000: Memory Usage (133764K) : gatpoly_filler has 0 polygons
2026-08-20 17:10:10 +0000: Memory Usage (133764K) : gatpoly has 140 polygons
2026-08-20 17:10:10 +0000: Memory Usage (133764K) : gatpoly_pin has 119 polygons
2026-08-20 17:10:10 +0000: Memory Usage (133764K) : gatpoly_nofill has 2 polygons
2026-08-20 17:10:10 +0000: Memory Usage (133764K) : gatpoly_OPC has 0 polygons
2026-08-20 17:10:10 +0000: Memory Usage (133764K) : gatpoly_iOPC has 0 polygons
2026-08-20 17:10:10 +0000: Memory Usage (133764K) : gatpoly_noqrc has 0 polygons
2026-08-20 17:10:10 +0000: Memory Usage (133764K) : cont_drw has 14577 polygons
2026-08-20 17:10:10 +0000: Memory Usage (133764K) : cont_OPC has 0 polygons
2026-08-20 17:10:10 +0000: Memory Usage (133764K) : nsd_drw has 0 polygons
2026-08-20 17:10:10 +0000: Memory Usage (133764K) : nsd_block has 4 polygons
2026-08-20 17:10:10 +0000: Memory Usage (133892K) : metal1_drw has 1550 polygons
2026-08-20 17:10:10 +0000: Memory Usage (133892K) : metal1_filler has 0 polygons
2026-08-20 17:10:10 +0000: Memory Usage (134020K) : metal1_slit has 0 polygons
2026-08-20 17:10:10 +0000: Memory Usage (134148K) : metal1 has 1550 polygons
2026-08-20 17:10:10 +0000: Memory Usage (134276K) : metal1_pin has 750 polygons
2026-08-20 17:10:10 +0000: Memory Usage (134276K) : metal1_mask has 0 polygons
2026-08-20 17:10:10 +0000: Memory Usage (134276K) : metal1_nofill has 2 polygons
2026-08-20 17:10:10 +0000: Memory Usage (134532K) : metal1_text has 5 polygons
2026-08-20 17:10:10 +0000: Memory Usage (134532K) : metal1_OPC has 0 polygons
2026-08-20 17:10:10 +0000: Memory Usage (134532K) : metal1_noqrc has 0 polygons
2026-08-20 17:10:10 +0000: Memory Usage (134660K) : metal1_res has 0 polygons
2026-08-20 17:10:10 +0000: Memory Usage (134660K) : metal1_iprobe has 0 polygons
2026-08-20 17:10:10 +0000: Memory Usage (134660K) : metal1_diffprb has 0 polygons
2026-08-20 17:10:10 +0000: Memory Usage (134788K) : passiv_drw has 2 polygons
2026-08-20 17:10:10 +0000: Memory Usage (134788K) : passiv_pin has 0 polygons
2026-08-20 17:10:10 +0000: Memory Usage (134788K) : passiv_sbump has 0 polygons
2026-08-20 17:10:10 +0000: Memory Usage (134916K) : passiv_pillar has 0 polygons
2026-08-20 17:10:10 +0000: Memory Usage (134916K) : passiv_pdl has 0 polygons
2026-08-20 17:10:10 +0000: Memory Usage (134916K) : metal2_drw has 543 polygons
2026-08-20 17:10:10 +0000: Memory Usage (135044K) : metal2_filler has 0 polygons
2026-08-20 17:10:10 +0000: Memory Usage (135044K) : metal2_slit has 0 polygons
2026-08-20 17:10:10 +0000: Memory Usage (135044K) : metal2 has 543 polygons
2026-08-20 17:10:10 +0000: Memory Usage (135044K) : metal2_pin has 10 polygons
2026-08-20 17:10:10 +0000: Memory Usage (135172K) : metal2_mask has 0 polygons
2026-08-20 17:10:10 +0000: Memory Usage (135172K) : metal2_nofill has 2 polygons
2026-08-20 17:10:10 +0000: Memory Usage (135172K) : metal2_text has 3 polygons
2026-08-20 17:10:10 +0000: Memory Usage (135172K) : metal2_OPC has 0 polygons
2026-08-20 17:10:10 +0000: Memory Usage (135300K) : metal2_noqrc has 0 polygons
2026-08-20 17:10:10 +0000: Memory Usage (135300K) : metal2_res has 0 polygons
2026-08-20 17:10:10 +0000: Memory Usage (135300K) : metal2_iprobe has 0 polygons
2026-08-20 17:10:10 +0000: Memory Usage (135428K) : metal2_diffprb has 0 polygons
2026-08-20 17:10:10 +0000: Memory Usage (135428K) : baspoly_drw has 0 polygons
2026-08-20 17:10:10 +0000: Memory Usage (135428K) : baspoly_pin has 0 polygons
2026-08-20 17:10:10 +0000: Memory Usage (135428K) : psd_drw has 515 polygons
2026-08-20 17:10:10 +0000: Memory Usage (135556K) : nldb_drw has 0 polygons
2026-08-20 17:10:10 +0000: Memory Usage (135556K) : digibnd_drw has 0 polygons
2026-08-20 17:10:10 +0000: Memory Usage (135556K) : via1_drw has 7634 polygons
2026-08-20 17:10:10 +0000: Memory Usage (135556K) : backmetal1_drw has 0 polygons
2026-08-20 17:10:10 +0000: Memory Usage (135684K) : backmetal1_pin has 0 polygons
2026-08-20 17:10:10 +0000: Memory Usage (135684K) : backmetal1_mask has 0 polygons
2026-08-20 17:10:10 +0000: Memory Usage (135684K) : backmetal1_filler has 0 polygons
2026-08-20 17:10:10 +0000: Memory Usage (135684K) : backmetal1_nofill has 0 polygons
2026-08-20 17:10:10 +0000: Memory Usage (135812K) : backmetal1_slit has 0 polygons
2026-08-20 17:10:10 +0000: Memory Usage (135812K) : backmetal1_text has 0 polygons
2026-08-20 17:10:10 +0000: Memory Usage (135812K) : backmetal1_OPC has 0 polygons
2026-08-20 17:10:10 +0000: Memory Usage (135812K) : backmetal1_noqrc has 0 polygons
2026-08-20 17:10:10 +0000: Memory Usage (135940K) : backmetal1_res has 0 polygons
2026-08-20 17:10:10 +0000: Memory Usage (135940K) : backmetal1_iprobe has 0 polygons
2026-08-20 17:10:10 +0000: Memory Usage (135940K) : backmetal1_diffprb has 0 polygons
2026-08-20 17:10:10 +0000: Memory Usage (135940K) : backpassiv_drw has 0 polygons
2026-08-20 17:10:10 +0000: Memory Usage (136068K) : res_drw has 2 polygons
2026-08-20 17:10:10 +0000: Memory Usage (136068K) : sram_drw has 0 polygons
2026-08-20 17:10:10 +0000: Memory Usage (136068K) : trans_drw has 2 polygons
2026-08-20 17:10:10 +0000: Memory Usage (136196K) : ind_drw has 2 polygons
2026-08-20 17:10:10 +0000: Memory Usage (136196K) : ind_pin has 4 polygons
2026-08-20 17:10:10 +0000: Memory Usage (136196K) : ind_text has 4 polygons
2026-08-20 17:10:10 +0000: Memory Usage (136196K) : salblock_drw has 12 polygons
2026-08-20 17:10:10 +0000: Memory Usage (136324K) : via2_drw has 805 polygons
2026-08-20 17:10:10 +0000: Memory Usage (136324K) : metal3_drw has 44 polygons
2026-08-20 17:10:10 +0000: Memory Usage (136324K) : metal3_filler has 0 polygons
2026-08-20 17:10:10 +0000: Memory Usage (136324K) : metal3_slit has 0 polygons
2026-08-20 17:10:10 +0000: Memory Usage (136324K) : metal3 has 44 polygons
2026-08-20 17:10:10 +0000: Memory Usage (136324K) : metal3_pin has 2 polygons
2026-08-20 17:10:10 +0000: Memory Usage (136324K) : metal3_mask has 0 polygons
2026-08-20 17:10:10 +0000: Memory Usage (136324K) : metal3_nofill has 2 polygons
2026-08-20 17:10:10 +0000: Memory Usage (136324K) : metal3_text has 0 polygons
2026-08-20 17:10:10 +0000: Memory Usage (136324K) : metal3_OPC has 0 polygons
2026-08-20 17:10:10 +0000: Memory Usage (136324K) : metal3_noqrc has 0 polygons
2026-08-20 17:10:10 +0000: Memory Usage (136324K) : metal3_res has 0 polygons
2026-08-20 17:10:10 +0000: Memory Usage (136324K) : metal3_iprobe has 0 polygons
2026-08-20 17:10:10 +0000: Memory Usage (136324K) : metal3_diffprb has 0 polygons
2026-08-20 17:10:10 +0000: Memory Usage (136452K) : nwell_drw has 14 polygons
2026-08-20 17:10:10 +0000: Memory Usage (136452K) : nwell_pin has 0 polygons
2026-08-20 17:10:10 +0000: Memory Usage (136452K) : nwell_text has 0 polygons
2026-08-20 17:10:10 +0000: Memory Usage (136452K) : nbulay_drw has 1 polygons
2026-08-20 17:10:10 +0000: Memory Usage (136452K) : nbulay_pin has 0 polygons
2026-08-20 17:10:10 +0000: Memory Usage (136452K) : nbulay_block has 0 polygons
2026-08-20 17:10:10 +0000: Memory Usage (136580K) : emwind_drw has 4 polygons
2026-08-20 17:10:10 +0000: Memory Usage (136580K) : emwind_OPC has 0 polygons
2026-08-20 17:10:10 +0000: Memory Usage (136580K) : deepco_drw has 0 polygons
2026-08-20 17:10:10 +0000: Memory Usage (136580K) : mim_drw has 0 polygons
2026-08-20 17:10:10 +0000: Memory Usage (136580K) : edgeseal_drw has 0 polygons
2026-08-20 17:10:10 +0000: Memory Usage (136708K) : substrate_drw has 500 polygons
2026-08-20 17:10:10 +0000: Memory Usage (136708K) : substrate_text has 0 polygons
2026-08-20 17:10:10 +0000: Memory Usage (136708K) : dfpad_drw has 2 polygons
2026-08-20 17:10:10 +0000: Memory Usage (136708K) : dfpad_pillar has 0 polygons
2026-08-20 17:10:10 +0000: Memory Usage (136708K) : dfpad_sbump has 0 polygons
2026-08-20 17:10:10 +0000: Memory Usage (136708K) : thickgateox_drw has 1 polygons
2026-08-20 17:10:10 +0000: Memory Usage (136836K) : pldb_drw has 0 polygons
2026-08-20 17:10:10 +0000: Memory Usage (136836K) : pwell_drw has 0 polygons
2026-08-20 17:10:10 +0000: Memory Usage (136836K) : pwell_pin has 0 polygons
2026-08-20 17:10:10 +0000: Memory Usage (136836K) : pwell_block has 2 polygons
2026-08-20 17:10:10 +0000: Memory Usage (136836K) : ic_drw has 0 polygons
2026-08-20 17:10:10 +0000: Memory Usage (136836K) : via3_drw has 1015 polygons
2026-08-20 17:10:10 +0000: Memory Usage (136964K) : metal4_drw has 24 polygons
2026-08-20 17:10:10 +0000: Memory Usage (136964K) : metal4_filler has 0 polygons
2026-08-20 17:10:10 +0000: Memory Usage (136964K) : metal4_slit has 0 polygons
2026-08-20 17:10:10 +0000: Memory Usage (136964K) : metal4 has 24 polygons
2026-08-20 17:10:10 +0000: Memory Usage (136964K) : metal4_pin has 0 polygons
2026-08-20 17:10:10 +0000: Memory Usage (137092K) : metal4_mask has 0 polygons
2026-08-20 17:10:10 +0000: Memory Usage (137092K) : metal4_nofill has 2 polygons
2026-08-20 17:10:10 +0000: Memory Usage (137092K) : metal4_text has 3 polygons
2026-08-20 17:10:10 +0000: Memory Usage (137092K) : metal4_OPC has 0 polygons
2026-08-20 17:10:10 +0000: Memory Usage (137092K) : metal4_noqrc has 0 polygons
2026-08-20 17:10:10 +0000: Memory Usage (137220K) : metal4_res has 0 polygons
2026-08-20 17:10:10 +0000: Memory Usage (137220K) : metal4_iprobe has 0 polygons
2026-08-20 17:10:10 +0000: Memory Usage (137220K) : metal4_diffprb has 0 polygons
2026-08-20 17:10:10 +0000: Memory Usage (137220K) : heattrans_drw has 123 polygons
2026-08-20 17:10:10 +0000: Memory Usage (137220K) : heatres_drw has 2 polygons
2026-08-20 17:10:10 +0000: Memory Usage (137220K) : fbe_drw has 0 polygons
2026-08-20 17:10:10 +0000: Memory Usage (137220K) : empoly_drw has 0 polygons
2026-08-20 17:10:10 +0000: Memory Usage (137348K) : digisub_drw has 0 polygons
2026-08-20 17:10:10 +0000: Memory Usage (137348K) : text_drw has 655 polygons
2026-08-20 17:10:10 +0000: Memory Usage (137348K) : via4_drw has 1009 polygons
2026-08-20 17:10:10 +0000: Memory Usage (137348K) : metal5_drw has 31 polygons
2026-08-20 17:10:10 +0000: Memory Usage (137348K) : metal5_filler has 0 polygons
2026-08-20 17:10:10 +0000: Memory Usage (137348K) : metal5_slit has 0 polygons
2026-08-20 17:10:10 +0000: Memory Usage (137476K) : metal5 has 31 polygons
2026-08-20 17:10:10 +0000: Memory Usage (137476K) : metal5_pin has 0 polygons
2026-08-20 17:10:10 +0000: Memory Usage (137476K) : metal5_mask has 0 polygons
2026-08-20 17:10:10 +0000: Memory Usage (137476K) : metal5_nofill has 2 polygons
2026-08-20 17:10:10 +0000: Memory Usage (137476K) : metal5_text has 0 polygons
2026-08-20 17:10:10 +0000: Memory Usage (137476K) : metal5_OPC has 0 polygons
2026-08-20 17:10:10 +0000: Memory Usage (137604K) : metal5_noqrc has 0 polygons
2026-08-20 17:10:10 +0000: Memory Usage (137604K) : metal5_res has 0 polygons
2026-08-20 17:10:10 +0000: Memory Usage (137604K) : metal5_iprobe has 0 polygons
2026-08-20 17:10:10 +0000: Memory Usage (137604K) : metal5_diffprb has 0 polygons
2026-08-20 17:10:10 +0000: Memory Usage (137604K) : radhard_drw has 0 polygons
2026-08-20 17:10:10 +0000: Memory Usage (137732K) : memcap_drw has 0 polygons
2026-08-20 17:10:10 +0000: Memory Usage (137732K) : varicap_drw has 0 polygons
2026-08-20 17:10:10 +0000: Memory Usage (137732K) : intbondvia_drw has 0 polygons
2026-08-20 17:10:10 +0000: Memory Usage (137732K) : intbondmet_drw has 0 polygons
2026-08-20 17:10:10 +0000: Memory Usage (137732K) : devbondvia_drw has 0 polygons
2026-08-20 17:10:10 +0000: Memory Usage (137860K) : devbondmet_drw has 0 polygons
2026-08-20 17:10:10 +0000: Memory Usage (137860K) : devtrench_drw has 0 polygons
2026-08-20 17:10:10 +0000: Memory Usage (137860K) : redist_drw has 0 polygons
2026-08-20 17:10:10 +0000: Memory Usage (137860K) : graphbot_drw has 0 polygons
2026-08-20 17:10:10 +0000: Memory Usage (137988K) : graphtop_drw has 0 polygons
2026-08-20 17:10:10 +0000: Memory Usage (137988K) : antvia1_drw has 0 polygons
2026-08-20 17:10:10 +0000: Memory Usage (137988K) : antmetal2_drw has 0 polygons
2026-08-20 17:10:10 +0000: Memory Usage (137988K) : graphcont_drw has 0 polygons
2026-08-20 17:10:10 +0000: Memory Usage (137988K) : siwg_drw has 0 polygons
2026-08-20 17:10:10 +0000: Memory Usage (137988K) : siwg_filler has 0 polygons
2026-08-20 17:10:10 +0000: Memory Usage (138116K) : siwg_nofill has 0 polygons
2026-08-20 17:10:10 +0000: Memory Usage (138116K) : sigrating_drw has 0 polygons
2026-08-20 17:10:10 +0000: Memory Usage (138116K) : singrating_drw has 0 polygons
2026-08-20 17:10:10 +0000: Memory Usage (138116K) : graphpas_drw has 0 polygons
2026-08-20 17:10:10 +0000: Memory Usage (138116K) : emwind3_drw has 0 polygons
2026-08-20 17:10:10 +0000: Memory Usage (138244K) : emwihv3_drw has 0 polygons
2026-08-20 17:10:10 +0000: Memory Usage (138244K) : redbulay_drw has 0 polygons
2026-08-20 17:10:10 +0000: Memory Usage (138244K) : smos_drw has 0 polygons
2026-08-20 17:10:10 +0000: Memory Usage (138244K) : graphpad_drw has 0 polygons
2026-08-20 17:10:10 +0000: Memory Usage (138244K) : polimide_drw has 0 polygons
2026-08-20 17:10:10 +0000: Memory Usage (138244K) : polimide_pin has 0 polygons
2026-08-20 17:10:10 +0000: Memory Usage (138372K) : recog_drw has 1 polygons
2026-08-20 17:10:10 +0000: Memory Usage (138372K) : recog_pin has 0 polygons
2026-08-20 17:10:10 +0000: Memory Usage (138372K) : recog_esd has 5 polygons
2026-08-20 17:10:10 +0000: Memory Usage (138372K) : recog_diode has 0 polygons
2026-08-20 17:10:10 +0000: Memory Usage (138500K) : recog_tsv has 0 polygons
2026-08-20 17:10:10 +0000: Memory Usage (138500K) : recog_iprobe has 0 polygons
2026-08-20 17:10:10 +0000: Memory Usage (138500K) : recog_diffprb has 0 polygons
2026-08-20 17:10:10 +0000: Memory Usage (138500K) : recog_pillar has 0 polygons
2026-08-20 17:10:10 +0000: Memory Usage (138628K) : recog_sbump has 0 polygons
2026-08-20 17:10:10 +0000: Memory Usage (138628K) : recog_otp has 0 polygons
2026-08-20 17:10:10 +0000: Memory Usage (138628K) : recog_pdiode has 0 polygons
2026-08-20 17:10:10 +0000: Memory Usage (138628K) : recog_mom has 0 polygons
2026-08-20 17:10:10 +0000: Memory Usage (138756K) : recog_momf has 0 polygons
2026-08-20 17:10:10 +0000: Memory Usage (138756K) : recog_pcm has 0 polygons
2026-08-20 17:10:10 +0000: Memory Usage (138756K) : colopen_drw has 0 polygons
2026-08-20 17:10:10 +0000: Memory Usage (138756K) : graphmetal1_drw has 0 polygons
2026-08-20 17:10:10 +0000: Memory Usage (138884K) : graphmetal1_filler has 0 polygons
2026-08-20 17:10:10 +0000: Memory Usage (138884K) : graphmetal1_nofill has 0 polygons
2026-08-20 17:10:10 +0000: Memory Usage (138884K) : graphmetal1_slit has 0 polygons
2026-08-20 17:10:10 +0000: Memory Usage (138884K) : graphmetal1_OPC has 0 polygons
2026-08-20 17:10:10 +0000: Memory Usage (139012K) : graphmet1l_drw has 0 polygons
2026-08-20 17:10:10 +0000: Memory Usage (139012K) : graphmet1l_filler has 0 polygons
2026-08-20 17:10:10 +0000: Memory Usage (139012K) : graphmet1l_nofill has 0 polygons
2026-08-20 17:10:10 +0000: Memory Usage (139012K) : graphmet1l_slit has 0 polygons
2026-08-20 17:10:10 +0000: Memory Usage (139140K) : graphmet1l_OPC has 0 polygons
2026-08-20 17:10:10 +0000: Memory Usage (139140K) : extblock_drw has 6 polygons
2026-08-20 17:10:10 +0000: Memory Usage (139140K) : nldd_drw has 0 polygons
2026-08-20 17:10:10 +0000: Memory Usage (139140K) : pldd_drw has 0 polygons
2026-08-20 17:10:10 +0000: Memory Usage (139140K) : next_drw has 0 polygons
2026-08-20 17:10:10 +0000: Memory Usage (139268K) : pext_drw has 0 polygons
2026-08-20 17:10:10 +0000: Memory Usage (139268K) : nexthv_drw has 0 polygons
2026-08-20 17:10:10 +0000: Memory Usage (139268K) : pexthv_drw has 0 polygons
2026-08-20 17:10:10 +0000: Memory Usage (139268K) : graphgate_drw has 0 polygons
2026-08-20 17:10:10 +0000: Memory Usage (139268K) : sinwg_drw has 0 polygons
2026-08-20 17:10:10 +0000: Memory Usage (139396K) : sinwg_filler has 0 polygons
2026-08-20 17:10:10 +0000: Memory Usage (139396K) : sinwg_nofill has 0 polygons
2026-08-20 17:10:10 +0000: Memory Usage (139396K) : mempad_drw has 0 polygons
2026-08-20 17:10:10 +0000: Memory Usage (139396K) : topvia1_drw has 476 polygons
2026-08-20 17:10:10 +0000: Memory Usage (139396K) : topmetal1_drw has 47 polygons
2026-08-20 17:10:10 +0000: Memory Usage (139396K) : topmetal1_filler has 0 polygons
2026-08-20 17:10:10 +0000: Memory Usage (139524K) : topmetal1_slit has 0 polygons
2026-08-20 17:10:10 +0000: Memory Usage (139524K) : topmetal1 has 47 polygons
2026-08-20 17:10:10 +0000: Memory Usage (139524K) : topmetal1_pin has 0 polygons
2026-08-20 17:10:10 +0000: Memory Usage (139524K) : topmetal1_mask has 0 polygons
2026-08-20 17:10:10 +0000: Memory Usage (139652K) : topmetal1_nofill has 2 polygons
2026-08-20 17:10:10 +0000: Memory Usage (139652K) : topmetal1_text has 0 polygons
2026-08-20 17:10:10 +0000: Memory Usage (139652K) : topmetal1_noqrc has 0 polygons
2026-08-20 17:10:10 +0000: Memory Usage (139652K) : topmetal1_res has 0 polygons
2026-08-20 17:10:10 +0000: Memory Usage (139652K) : topmetal1_iprobe has 0 polygons
2026-08-20 17:10:10 +0000: Memory Usage (139780K) : topmetal1_diffprb has 0 polygons
2026-08-20 17:10:10 +0000: Memory Usage (139780K) : inldpwl_drw has 0 polygons
2026-08-20 17:10:10 +0000: Memory Usage (139780K) : polyres_drw has 2 polygons
2026-08-20 17:10:10 +0000: Memory Usage (139780K) : polyres_pin has 0 polygons
2026-08-20 17:10:10 +0000: Memory Usage (139908K) : vmim_drw has 0 polygons
2026-08-20 17:10:10 +0000: Memory Usage (139908K) : nbulaycut_drw has 0 polygons
2026-08-20 17:10:10 +0000: Memory Usage (139908K) : antmetal1_drw has 0 polygons
2026-08-20 17:10:10 +0000: Memory Usage (140036K) : topvia2_drw has 230 polygons
2026-08-20 17:10:10 +0000: Memory Usage (140164K) : topmetal2_drw has 61 polygons
2026-08-20 17:10:10 +0000: Memory Usage (140164K) : topmetal2_filler has 0 polygons
2026-08-20 17:10:10 +0000: Memory Usage (140292K) : topmetal2_slit has 0 polygons
2026-08-20 17:10:10 +0000: Memory Usage (140292K) : topmetal2 has 61 polygons
2026-08-20 17:10:10 +0000: Memory Usage (140292K) : topmetal2_pin has 4 polygons
2026-08-20 17:10:10 +0000: Memory Usage (140420K) : topmetal2_mask has 0 polygons
2026-08-20 17:10:10 +0000: Memory Usage (140420K) : topmetal2_nofill has 2 polygons
2026-08-20 17:10:10 +0000: Memory Usage (140420K) : topmetal2_text has 8 polygons
2026-08-20 17:10:10 +0000: Memory Usage (140420K) : topmetal2_noqrc has 0 polygons
2026-08-20 17:10:10 +0000: Memory Usage (140420K) : topmetal2_res has 0 polygons
2026-08-20 17:10:10 +0000: Memory Usage (140548K) : topmetal2_iprobe has 0 polygons
2026-08-20 17:10:10 +0000: Memory Usage (140548K) : topmetal2_diffprb has 0 polygons
2026-08-20 17:10:10 +0000: Memory Usage (140548K) : snsring_drw has 0 polygons
2026-08-20 17:10:10 +0000: Memory Usage (140676K) : sensor_drw has 0 polygons
2026-08-20 17:10:10 +0000: Memory Usage (140676K) : snsarms_drw has 0 polygons
2026-08-20 17:10:10 +0000: Memory Usage (140676K) : snscmosvia_drw has 0 polygons
2026-08-20 17:10:10 +0000: Memory Usage (140676K) : colwind_drw has 0 polygons
2026-08-20 17:10:10 +0000: Memory Usage (140804K) : flm_drw has 0 polygons
2026-08-20 17:10:10 +0000: Memory Usage (140932K) : hafniumox_drw has 0 polygons
2026-08-20 17:10:10 +0000: Memory Usage (140932K) : memvia_drw has 0 polygons
2026-08-20 17:10:10 +0000: Memory Usage (140932K) : thinfilmres_drw has 0 polygons
2026-08-20 17:10:10 +0000: Memory Usage (140932K) : rfmem_drw has 0 polygons
2026-08-20 17:10:10 +0000: Memory Usage (140932K) : norcx_drw has 2 polygons
2026-08-20 17:10:10 +0000: Memory Usage (140932K) : norcx_m2m3 has 0 polygons
2026-08-20 17:10:10 +0000: Memory Usage (140932K) : norcx_m2m4 has 0 polygons
2026-08-20 17:10:10 +0000: Memory Usage (140932K) : norcx_m2m5 has 0 polygons
2026-08-20 17:10:10 +0000: Memory Usage (140932K) : norcx_m2tm1 has 0 polygons
2026-08-20 17:10:10 +0000: Memory Usage (140932K) : norcx_m2tm2 has 0 polygons
2026-08-20 17:10:10 +0000: Memory Usage (140932K) : norcx_m3m4 has 0 polygons
2026-08-20 17:10:10 +0000: Memory Usage (140932K) : norcx_m3m5 has 0 polygons
2026-08-20 17:10:10 +0000: Memory Usage (140932K) : norcx_m3tm1 has 0 polygons
2026-08-20 17:10:10 +0000: Memory Usage (140932K) : norcx_m3tm2 has 0 polygons
2026-08-20 17:10:10 +0000: Memory Usage (140932K) : norcx_m4m5 has 0 polygons
2026-08-20 17:10:10 +0000: Memory Usage (140932K) : norcx_m4tm1 has 0 polygons
2026-08-20 17:10:10 +0000: Memory Usage (140932K) : norcx_m4tm2 has 0 polygons
2026-08-20 17:10:10 +0000: Memory Usage (140932K) : norcx_m5tm1 has 0 polygons
2026-08-20 17:10:10 +0000: Memory Usage (140932K) : norcx_m5tm2 has 0 polygons
2026-08-20 17:10:10 +0000: Memory Usage (140932K) : norcx_tm1tm2 has 0 polygons
2026-08-20 17:10:10 +0000: Memory Usage (140932K) : norcx_m1sub has 0 polygons
2026-08-20 17:10:10 +0000: Memory Usage (140932K) : norcx_m2sub has 0 polygons
2026-08-20 17:10:10 +0000: Memory Usage (140932K) : norcx_m3sub has 0 polygons
2026-08-20 17:10:10 +0000: Memory Usage (140932K) : norcx_m4sub has 0 polygons
2026-08-20 17:10:10 +0000: Memory Usage (140932K) : norcx_m5sub has 0 polygons
2026-08-20 17:10:10 +0000: Memory Usage (140932K) : norcx_tm1sub has 0 polygons
2026-08-20 17:10:10 +0000: Memory Usage (140932K) : norcx_tm2sub has 0 polygons
2026-08-20 17:10:10 +0000: Memory Usage (140932K) : snsbotvia_drw has 0 polygons
2026-08-20 17:10:10 +0000: Memory Usage (140932K) : snstopvia_drw has 0 polygons
2026-08-20 17:10:10 +0000: Memory Usage (140932K) : deepvia_drw has 0 polygons
2026-08-20 17:10:10 +0000: Memory Usage (140932K) : fgetch_drw has 0 polygons
2026-08-20 17:10:10 +0000: Memory Usage (140932K) : ctrgat_drw has 0 polygons
2026-08-20 17:10:10 +0000: Memory Usage (140932K) : fgimp_drw has 0 polygons
2026-08-20 17:10:10 +0000: Memory Usage (140932K) : emwihv_drw has 0 polygons
2026-08-20 17:10:10 +0000: Memory Usage (140932K) : lbe_drw has 2 polygons
2026-08-20 17:10:10 +0000: Memory Usage (140932K) : alcustop_drw has 0 polygons
2026-08-20 17:10:10 +0000: Memory Usage (140932K) : nometfiller_drw has 0 polygons
2026-08-20 17:10:10 +0000: Memory Usage (140932K) : prboundary_drw has 0 polygons
2026-08-20 17:10:10 +0000: Memory Usage (140932K) : exchange0_drw has 0 polygons
2026-08-20 17:10:10 +0000: Memory Usage (140932K) : exchange0_pin has 0 polygons
2026-08-20 17:10:10 +0000: Memory Usage (140932K) : exchange0_text has 0 polygons
2026-08-20 17:10:10 +0000: Memory Usage (140932K) : exchange1_drw has 0 polygons
2026-08-20 17:10:10 +0000: Memory Usage (140932K) : exchange1_pin has 0 polygons
2026-08-20 17:10:10 +0000: Memory Usage (140932K) : exchange1_text has 0 polygons
2026-08-20 17:10:10 +0000: Memory Usage (140932K) : exchange2_drw has 0 polygons
2026-08-20 17:10:10 +0000: Memory Usage (140932K) : exchange2_pin has 0 polygons
2026-08-20 17:10:10 +0000: Memory Usage (140932K) : exchange2_text has 0 polygons
2026-08-20 17:10:10 +0000: Memory Usage (140932K) : exchange3_drw has 0 polygons
2026-08-20 17:10:10 +0000: Memory Usage (140932K) : exchange3_pin has 0 polygons
2026-08-20 17:10:10 +0000: Memory Usage (140932K) : exchange3_text has 0 polygons
2026-08-20 17:10:10 +0000: Memory Usage (140932K) : exchange4_drw has 0 polygons
2026-08-20 17:10:10 +0000: Memory Usage (140932K) : exchange4_pin has 0 polygons
2026-08-20 17:10:10 +0000: Memory Usage (140932K) : exchange4_text has 0 polygons
2026-08-20 17:10:10 +0000: Memory Usage (140932K) : isonwell_drw has 0 polygons
2026-08-20 17:10:10 +0000: Memory Usage (140932K) : Total no. of polygons in the design is 31880
2026-08-20 17:10:10 +0000: Memory Usage (140932K) : Starting base layers derivations
2026-08-20 17:10:10 +0000: Memory Usage (140932K) : Starting general LVS derivations
2026-08-20 17:10:10 +0000: Memory Usage (145468K) : Starting MOSFET DERIVATIONS
2026-08-20 17:10:10 +0000: Memory Usage (146236K) : Starting NMOS DERIVATIONS
2026-08-20 17:10:10 +0000: Memory Usage (146236K) : Starting PMOS DERIVATIONS
2026-08-20 17:10:10 +0000: Memory Usage (146236K) : Starting RF-MOSFET DERIVATIONS
2026-08-20 17:10:10 +0000: Memory Usage (146236K) : Starting RF-NMOS DERIVATIONS
2026-08-20 17:10:10 +0000: Memory Usage (146236K) : Starting RF-PMOS DERIVATIONS
2026-08-20 17:10:10 +0000: Memory Usage (146236K) : Starting BJT DERIVATIONS
2026-08-20 17:10:10 +0000: Memory Usage (146236K) : Starting NPN-BJT DERIVATIONS
2026-08-20 17:10:11 +0000: Memory Usage (146236K) : Starting PNP-BJT DERIVATIONS
2026-08-20 17:10:11 +0000: Memory Usage (146236K) : Starting DIODE DERIVATIONS
2026-08-20 17:10:11 +0000: Memory Usage (146364K) : Starting RESISTOR DERIVATIONS
2026-08-20 17:10:11 +0000: Memory Usage (146364K) : Starting CAP DERIVATIONS
2026-08-20 17:10:11 +0000: Memory Usage (147388K) : Starting CAP_CMOM DERIVATIONS
2026-08-20 17:10:11 +0000: Memory Usage (147388K) : Starting CAP_CMOMF DERIVATIONS
2026-08-20 17:10:11 +0000: Memory Usage (147388K) : Starting ESD DERIVATIONS
2026-08-20 17:10:12 +0000: Memory Usage (147388K) : Starting Inductor DERIVATIONS
2026-08-20 17:10:12 +0000: Memory Usage (147388K) : Starting Taps DERIVATIONS
2026-08-20 17:10:12 +0000: Memory Usage (147388K) : Starting SG13G2 LVS connectivity setup
2026-08-20 17:10:12 +0000: Memory Usage (147388K) : Starting SG13G2 LVS connectivity setup (Inter-layer)
2026-08-20 17:10:12 +0000: Memory Usage (147516K) : Starting SG13G2 LVS connectivity setup (Global)
2026-08-20 17:10:12 +0000: Memory Usage (147516K) : Starting LVS MOSFET CONNECTIONS
2026-08-20 17:10:12 +0000: Memory Usage (147516K) : Starting LVS RF-MOSFET CONNECTIONS
2026-08-20 17:10:12 +0000: Memory Usage (147516K) : Starting LVS BJT CONNECTIONS
2026-08-20 17:10:12 +0000: Memory Usage (147516K) : Starting LVS DIODE CONNECTIONS
2026-08-20 17:10:12 +0000: Memory Usage (147516K) : Starting RESISTOR CONNECTIONS
2026-08-20 17:10:12 +0000: Memory Usage (147516K) : Starting LVS CAP CONNECTIONS
2026-08-20 17:10:12 +0000: Memory Usage (147516K) : Starting CAP_CMOM CONNECTIONS
2026-08-20 17:10:12 +0000: Memory Usage (147516K) : Starting CAP_CMOMF CONNECTIONS
2026-08-20 17:10:12 +0000: Memory Usage (147516K) : Starting ESD CONNECTIONS
2026-08-20 17:10:12 +0000: Memory Usage (147516K) : Starting Inductor CONNECTIONS
2026-08-20 17:10:12 +0000: Memory Usage (147516K) : Starting LVS Taps CONNECTIONS
2026-08-20 17:10:12 +0000: Memory Usage (147516K) : Starting SG13G2 LVS DEVICES EXTRACTION
2026-08-20 17:10:12 +0000: Memory Usage (147516K) : Starting MOSFET EXTRACTION
2026-08-20 17:10:12 +0000: Memory Usage (147516K) : Starting NMOS EXTRACTION
2026-08-20 17:10:12 +0000: Memory Usage (147516K) : Extraction of NMOS-LV transistor
2026-08-20 17:10:12 +0000: Memory Usage (147644K) : Extraction of NMOS-HV transistor
2026-08-20 17:10:12 +0000: Memory Usage (147644K) : Starting PMOS EXTRACTION
2026-08-20 17:10:12 +0000: Memory Usage (147644K) : Extraction of PMOS-LV transistor
2026-08-20 17:10:12 +0000: Memory Usage (147644K) : Extraction of PMOS-HV transistor
2026-08-20 17:10:12 +0000: Memory Usage (147644K) : Starting RF-MOSFET EXTRACTION
2026-08-20 17:10:12 +0000: Memory Usage (147644K) : Extraction of RF-NMOS-LV transistor
2026-08-20 17:10:12 +0000: Memory Usage (147644K) : Extraction of RF-NMOS-HV transistor
2026-08-20 17:10:12 +0000: Memory Usage (147644K) : Extraction of RF-PMOS-LV transistor
2026-08-20 17:10:12 +0000: Memory Usage (147644K) : Extraction of RF-PMOS-HV transistor
2026-08-20 17:10:12 +0000: Memory Usage (147644K) : Starting BJT EXTRACTION
2026-08-20 17:10:12 +0000: Memory Usage (147644K) : Starting NPN-BJT EXTRACTION
2026-08-20 17:10:12 +0000: Memory Usage (147644K) : Extraction of npn13G2 BJT transistor
2026-08-20 17:10:12 +0000: Memory Usage (147644K) : Extraction of npn13G2L BJT transistor
2026-08-20 17:10:12 +0000: Memory Usage (147644K) : Extraction of npn13G2V BJT transistor
2026-08-20 17:10:12 +0000: Memory Usage (147644K) : Starting PNP-BJT EXTRACTION
2026-08-20 17:10:12 +0000: Memory Usage (147644K) : Extracting pnpMPA BJT
2026-08-20 17:10:12 +0000: Memory Usage (147644K) : Starting DIODE EXTRACTION
2026-08-20 17:10:12 +0000: Memory Usage (147644K) : Extracting dantenna diode
2026-08-20 17:10:12 +0000: Memory Usage (147644K) : Extracting dpantenna diode
2026-08-20 17:10:12 +0000: Memory Usage (147644K) : Extracting schottky_nbl1 diode
2026-08-20 17:10:12 +0000: Memory Usage (147644K) : Extracting isolbox diode
2026-08-20 17:10:12 +0000: Memory Usage (147644K) : Starting RESISTOR EXTRACTION
2026-08-20 17:10:12 +0000: Memory Usage (147644K) : Extracting rsil resistor
2026-08-20 17:10:12 +0000: Memory Usage (147644K) : Extracting rppd resistor
2026-08-20 17:10:12 +0000: Memory Usage (147644K) : Extracting rhigh resistor
2026-08-20 17:10:12 +0000: Memory Usage (147644K) : Extracting res_metal1 resistor
2026-08-20 17:10:12 +0000: Memory Usage (147772K) : Extracting res_metal2 resistor
2026-08-20 17:10:12 +0000: Memory Usage (147772K) : Extracting res_metal3 resistor
2026-08-20 17:10:12 +0000: Memory Usage (147772K) : Extracting res_metal4 resistor
2026-08-20 17:10:12 +0000: Memory Usage (147772K) : Extracting res_metal5 resistor
2026-08-20 17:10:12 +0000: Memory Usage (147772K) : Extracting res_topmetal1 resistor
2026-08-20 17:10:12 +0000: Memory Usage (147772K) : Extracting res_topmetal2 resistor
2026-08-20 17:10:12 +0000: Memory Usage (147772K) : Starting CAP EXTRACTION
2026-08-20 17:10:12 +0000: Memory Usage (147772K) : Extracting cap_cmim device
2026-08-20 17:10:12 +0000: Memory Usage (147772K) : Extracting rfcmim device
2026-08-20 17:10:12 +0000: Memory Usage (147772K) : Extracting sg13_hv_svaricap varactor
2026-08-20 17:10:12 +0000: Memory Usage (147772K) : Extracting cap_cmomi device
2026-08-20 17:10:12 +0000: Memory Usage (147772K) : Extracting cap_cmomf device
2026-08-20 17:10:12 +0000: Memory Usage (147772K) : Extracting sg13_moscap_n capacitor
2026-08-20 17:10:12 +0000: Memory Usage (147772K) : Extracting sg13_moscap_p capacitor
2026-08-20 17:10:12 +0000: Memory Usage (147772K) : Starting ESD EXTRACTION
2026-08-20 17:10:12 +0000: Memory Usage (147772K) : Extracting diodevdd_2kv ESD device
2026-08-20 17:10:12 +0000: Memory Usage (147772K) : Extracting diodevdd_4kv ESD device
2026-08-20 17:10:12 +0000: Memory Usage (147772K) : Extracting diodevss_2kv ESD device
2026-08-20 17:10:12 +0000: Memory Usage (147772K) : Extracting diodevss_4kv ESD device
2026-08-20 17:10:12 +0000: Memory Usage (147772K) : Extracting idiodevdd_2kv ESD device
2026-08-20 17:10:12 +0000: Memory Usage (147772K) : Extracting idiodevdd_4kv ESD device
2026-08-20 17:10:12 +0000: Memory Usage (147772K) : Extracting idiodevss_2kv ESD device
2026-08-20 17:10:12 +0000: Memory Usage (147772K) : Extracting idiodevss_4kv ESD device
2026-08-20 17:10:12 +0000: Memory Usage (147772K) : Extracting nmoscl_2 ESD device
2026-08-20 17:10:12 +0000: Memory Usage (147772K) : Extracting nmoscl_4 ESD device
2026-08-20 17:10:12 +0000: Memory Usage (147772K) : Starting Inductor EXTRACTION
2026-08-20 17:10:12 +0000: Memory Usage (147772K) : Extracting Inductor2 device
2026-08-20 17:10:12 +0000: Memory Usage (147772K) : Extracting Inductor3 device
2026-08-20 17:10:12 +0000: Memory Usage (147772K) : Starting Taps EXTRACTION
2026-08-20 17:10:12 +0000: Memory Usage (147772K) : DISABLE_TAP_EXTRACTION is enabled: skipping ntap1/ptap1 device extraction.
2026-08-20 17:10:12 +0000: Memory Usage (147772K) : Starting SG13G2 LVS RF MOS Model Mapping
2026-08-20 17:10:12 +0000: Memory Usage (147772K) : [layout_netlist] Apply RF MOS model mapping and rfmode parameter.
2026-08-20 17:10:12 +0000: Memory Usage (147772K) : Starting SG13G2 LVS Options Preparations
2026-08-20 17:10:12 +0000: Memory Usage (147772K) : SG13G2 LVS flow: extraction -> alignment -> option preparation -> comparison.
2026-08-20 17:10:12 +0000: Memory Usage (147772K) : Starting SG13G2 LVS Alignment
2026-08-20 17:10:12 +0000: Memory Usage (147900K) : Starting SG13G2 LVS Simplification
2026-08-20 17:10:12 +0000: Memory Usage (147900K) : [layout_netlist] simplify: ENABLED
2026-08-20 17:10:12 +0000: Memory Usage (147900K) : [layout_netlist] make_top_level_pins: SKIPPED
2026-08-20 17:10:12 +0000: Memory Usage (147900K) : [layout_netlist] combine_devices: SKIPPED
2026-08-20 17:10:12 +0000: Memory Usage (147900K) : [layout_netlist] purge: SKIPPED
2026-08-20 17:10:12 +0000: Memory Usage (147900K) : [layout_netlist] purge_nets: SKIPPED
2026-08-20 17:10:12 +0000: Memory Usage (147900K) : [schematic_netlist] simplify: ENABLED
2026-08-20 17:10:12 +0000: Memory Usage (147900K) : [schematic_netlist] make_top_level_pins: SKIPPED
2026-08-20 17:10:12 +0000: Memory Usage (147900K) : [schematic_netlist] combine_devices: SKIPPED
2026-08-20 17:10:12 +0000: Memory Usage (147900K) : [schematic_netlist] purge: SKIPPED
2026-08-20 17:10:12 +0000: Memory Usage (147900K) : [schematic_netlist] purge_nets: SKIPPED
2026-08-20 17:10:12 +0000: Memory Usage (147900K) : Starting SG13G2 LVS Comparison
2026-08-20 17:10:12 +0000: Memory Usage (148028K) : xxxxxxxxxxxxxxxxxxxxxxxxxxxxxxxxxxxxxxxxxx
2026-08-20 17:10:12 +0000: Memory Usage (148028K) : ERROR : Netlists don't match
2026-08-20 17:10:12 +0000: Memory Usage (148028K) : xxxxxxxxxxxxxxxxxxxxxxxxxxxxxxxxxxxxxxxxxx
2026-08-20 17:10:12 +0000: Memory Usage (148028K) : LVS Total Run time 2.434074 seconds

--- stderr ---
20-Aug-2026 17:10:10 | INFO    | Your Klayout version is: KLayout 0.30.5 (required >= 0.30.5)
20-Aug-2026 17:10:10 | INFO    | Running SG13G2 LVS checks on design /workspace/layout/blocks/out/driver_stage/bisect_extra8/clamp_only/driver_dut.gds on cell driver_dut
20-Aug-2026 17:10:13 | INFO    | ==============================================================================
20-Aug-2026 17:10:13 | INFO    | Important Summary
20-Aug-2026 17:10:13 | INFO    | +------------------+------------------------------------------------------------------------+
20-Aug-2026 17:10:13 | INFO    | | Status           | FAIL                                                                   |
20-Aug-2026 17:10:13 | INFO    | | Mode             | COMPARE                                                                |
20-Aug-2026 17:10:13 | INFO    | | Outcome          | Comparison mode: FAIL (netlists do not match).                         |
20-Aug-2026 17:10:13 | INFO    | | Layout           | driver_dut.gds                                                         |
20-Aug-2026 17:10:13 | INFO    | | Top Cell         | driver_dut                                                             |
20-Aug-2026 17:10:13 | INFO    | | Results Dir      | /workspace/layout/blocks/out/driver_stage/bisect_extra8/clamp_only/lvs |
20-Aug-2026 17:10:13 | INFO    | | Warnings         | 0                                                                      |
20-Aug-2026 17:10:13 | INFO    | | Errors           | 1                                                                      |
20-Aug-2026 17:10:13 | INFO    | | Run Time (s)     | 2.771                                                                  |
20-Aug-2026 17:10:13 | INFO    | +------------------+------------------------------------------------------------------------+
20-Aug-2026 17:10:13 | ERROR   | Key errors:
20-Aug-2026 17:10:13 | ERROR   |   - 2026-08-20 17:10:12 +0000: Memory Usage (148028K) : ERROR : Netlists don't match
20-Aug-2026 17:10:13 | INFO    | ==============================================================================

