# Logfile created on 2026-08-20 10:24:13 +0000 by logger.rb/v1.5.3
2026-08-20 10:24:13 +0000: Memory Usage (128768K) : Starting running SG13G2 Klayout LVS runset on /workspace/layout/blocks/out/driver_stage/lvs_final3/driver_dut.gds
2026-08-20 10:24:13 +0000: Memory Usage (128768K) : Ruby Version for klayout: 3.2.3
2026-08-20 10:24:13 +0000: Memory Usage (130116K) : Loading database to memory is complete.
2026-08-20 10:24:13 +0000: Memory Usage (130116K) : SG13G2 Klayout LVS runset output at: /workspace/layout/blocks/out/driver_stage/lvs_final3/lvs/driver_dut.lvsdb
2026-08-20 10:24:13 +0000: Memory Usage (130116K) : Evaluate switches.
2026-08-20 10:24:13 +0000: Memory Usage (130116K) : Extracted netlist with net names: true
2026-08-20 10:24:13 +0000: Memory Usage (130116K) : Extracted netlist with comments in details: false
2026-08-20 10:24:13 +0000: Memory Usage (130116K) : Selected NET_ONLY option: false
2026-08-20 10:24:13 +0000: Memory Usage (130116K) : Selected LAYOUT_NETLIST option: (none)
2026-08-20 10:24:13 +0000: Memory Usage (130116K) : Selected IGNORE_TOP_PORTS_MISMATCH option: true
2026-08-20 10:24:13 +0000: Memory Usage (130116K) : Selected IMPLICIT_NETS option: sub,sub!
2026-08-20 10:24:13 +0000: Memory Usage (130116K) : Selected TOP_LVL_PINS option: false
2026-08-20 10:24:13 +0000: Memory Usage (130116K) : Selected COMBINE DEVICES option: false
2026-08-20 10:24:13 +0000: Memory Usage (130116K) : Selected PURGE option: false
2026-08-20 10:24:13 +0000: Memory Usage (130116K) : Selected PURGE_NETS option: false
2026-08-20 10:24:13 +0000: Memory Usage (130116K) : Selected SIMPLIFY option: true
2026-08-20 10:24:13 +0000: Memory Usage (130116K) : Selected SERIES_RES option: true
2026-08-20 10:24:13 +0000: Memory Usage (130116K) : Selected PARALLEL_RES option: true
2026-08-20 10:24:13 +0000: Memory Usage (130116K) : Selected DISABLE_TAP_EXTRACTION option: true
2026-08-20 10:24:13 +0000: Memory Usage (130116K) : deep  mode is enabled.
2026-08-20 10:24:13 +0000: Memory Usage (130116K) : Applying implicit connections (case-sensitive, pattern supported) for nets: sub, sub!
2026-08-20 10:24:13 +0000: Memory Usage (131344K) : Netlist file: /workspace/layout/blocks/out/driver_stage/lvs_final3/x.cdl
2026-08-20 10:24:13 +0000: Memory Usage (131344K) : LVS extracted netlist at: /workspace/layout/blocks/out/driver_stage/lvs_final3/lvs/driver_dut_extracted.cir
2026-08-20 10:24:13 +0000: Memory Usage (131344K) : Applying SRAM integration support.
2026-08-20 10:24:13 +0000: Memory Usage (131344K) : Starting SG13G2 LVS runset
2026-08-20 10:24:13 +0000: Memory Usage (131344K) : Read in polygons from layers.
2026-08-20 10:24:13 +0000: Memory Usage (132652K) : activ_drw has 899 polygons
2026-08-20 10:24:13 +0000: Memory Usage (132652K) : activ_filler has 0 polygons
2026-08-20 10:24:13 +0000: Memory Usage (132868K) : activ has 899 polygons
2026-08-20 10:24:13 +0000: Memory Usage (133380K) : activ_pin has 0 polygons
2026-08-20 10:24:13 +0000: Memory Usage (133380K) : activ_mask has 4 polygons
2026-08-20 10:24:13 +0000: Memory Usage (133380K) : activ_nofill has 2 polygons
2026-08-20 10:24:13 +0000: Memory Usage (133380K) : activ_OPC has 0 polygons
2026-08-20 10:24:13 +0000: Memory Usage (133380K) : activ_iOPC has 0 polygons
2026-08-20 10:24:13 +0000: Memory Usage (133380K) : activ_noqrc has 0 polygons
2026-08-20 10:24:13 +0000: Memory Usage (133380K) : biwind_drw has 0 polygons
2026-08-20 10:24:13 +0000: Memory Usage (133380K) : biwind_OPC has 0 polygons
2026-08-20 10:24:13 +0000: Memory Usage (133380K) : gatpoly_drw has 140 polygons
2026-08-20 10:24:13 +0000: Memory Usage (133380K) : gatpoly_filler has 0 polygons
2026-08-20 10:24:13 +0000: Memory Usage (133380K) : gatpoly has 140 polygons
2026-08-20 10:24:13 +0000: Memory Usage (133380K) : gatpoly_pin has 119 polygons
2026-08-20 10:24:13 +0000: Memory Usage (133380K) : gatpoly_nofill has 2 polygons
2026-08-20 10:24:13 +0000: Memory Usage (133380K) : gatpoly_OPC has 0 polygons
2026-08-20 10:24:13 +0000: Memory Usage (133380K) : gatpoly_iOPC has 0 polygons
2026-08-20 10:24:13 +0000: Memory Usage (133380K) : gatpoly_noqrc has 0 polygons
2026-08-20 10:24:13 +0000: Memory Usage (133508K) : cont_drw has 14577 polygons
2026-08-20 10:24:13 +0000: Memory Usage (133508K) : cont_OPC has 0 polygons
2026-08-20 10:24:13 +0000: Memory Usage (133508K) : nsd_drw has 0 polygons
2026-08-20 10:24:13 +0000: Memory Usage (133636K) : nsd_block has 4 polygons
2026-08-20 10:24:13 +0000: Memory Usage (133636K) : metal1_drw has 1558 polygons
2026-08-20 10:24:13 +0000: Memory Usage (133636K) : metal1_filler has 0 polygons
2026-08-20 10:24:13 +0000: Memory Usage (133764K) : metal1_slit has 0 polygons
2026-08-20 10:24:13 +0000: Memory Usage (133764K) : metal1 has 1558 polygons
2026-08-20 10:24:13 +0000: Memory Usage (133892K) : metal1_pin has 750 polygons
2026-08-20 10:24:13 +0000: Memory Usage (133892K) : metal1_mask has 0 polygons
2026-08-20 10:24:13 +0000: Memory Usage (134020K) : metal1_nofill has 2 polygons
2026-08-20 10:24:13 +0000: Memory Usage (134276K) : metal1_text has 5 polygons
2026-08-20 10:24:13 +0000: Memory Usage (134276K) : metal1_OPC has 0 polygons
2026-08-20 10:24:13 +0000: Memory Usage (134404K) : metal1_noqrc has 0 polygons
2026-08-20 10:24:13 +0000: Memory Usage (134404K) : metal1_res has 0 polygons
2026-08-20 10:24:13 +0000: Memory Usage (134404K) : metal1_iprobe has 0 polygons
2026-08-20 10:24:13 +0000: Memory Usage (134532K) : metal1_diffprb has 0 polygons
2026-08-20 10:24:13 +0000: Memory Usage (134532K) : passiv_drw has 2 polygons
2026-08-20 10:24:13 +0000: Memory Usage (134532K) : passiv_pin has 0 polygons
2026-08-20 10:24:13 +0000: Memory Usage (134660K) : passiv_sbump has 0 polygons
2026-08-20 10:24:13 +0000: Memory Usage (134660K) : passiv_pillar has 0 polygons
2026-08-20 10:24:13 +0000: Memory Usage (134660K) : passiv_pdl has 0 polygons
2026-08-20 10:24:13 +0000: Memory Usage (134788K) : metal2_drw has 583 polygons
2026-08-20 10:24:13 +0000: Memory Usage (134788K) : metal2_filler has 0 polygons
2026-08-20 10:24:13 +0000: Memory Usage (134788K) : metal2_slit has 0 polygons
2026-08-20 10:24:13 +0000: Memory Usage (134916K) : metal2 has 583 polygons
2026-08-20 10:24:13 +0000: Memory Usage (134916K) : metal2_pin has 10 polygons
2026-08-20 10:24:13 +0000: Memory Usage (134916K) : metal2_mask has 0 polygons
2026-08-20 10:24:13 +0000: Memory Usage (134916K) : metal2_nofill has 2 polygons
2026-08-20 10:24:13 +0000: Memory Usage (135044K) : metal2_text has 3 polygons
2026-08-20 10:24:13 +0000: Memory Usage (135044K) : metal2_OPC has 0 polygons
2026-08-20 10:24:13 +0000: Memory Usage (135044K) : metal2_noqrc has 0 polygons
2026-08-20 10:24:13 +0000: Memory Usage (135044K) : metal2_res has 0 polygons
2026-08-20 10:24:13 +0000: Memory Usage (135172K) : metal2_iprobe has 0 polygons
2026-08-20 10:24:13 +0000: Memory Usage (135172K) : metal2_diffprb has 0 polygons
2026-08-20 10:24:13 +0000: Memory Usage (135172K) : baspoly_drw has 0 polygons
2026-08-20 10:24:13 +0000: Memory Usage (135172K) : baspoly_pin has 0 polygons
2026-08-20 10:24:13 +0000: Memory Usage (135300K) : psd_drw has 515 polygons
2026-08-20 10:24:13 +0000: Memory Usage (135300K) : nldb_drw has 0 polygons
2026-08-20 10:24:13 +0000: Memory Usage (135300K) : digibnd_drw has 0 polygons
2026-08-20 10:24:13 +0000: Memory Usage (135300K) : via1_drw has 7650 polygons
2026-08-20 10:24:13 +0000: Memory Usage (135428K) : backmetal1_drw has 0 polygons
2026-08-20 10:24:13 +0000: Memory Usage (135428K) : backmetal1_pin has 0 polygons
2026-08-20 10:24:13 +0000: Memory Usage (135428K) : backmetal1_mask has 0 polygons
2026-08-20 10:24:13 +0000: Memory Usage (135556K) : backmetal1_filler has 0 polygons
2026-08-20 10:24:13 +0000: Memory Usage (135556K) : backmetal1_nofill has 0 polygons
2026-08-20 10:24:13 +0000: Memory Usage (135556K) : backmetal1_slit has 0 polygons
2026-08-20 10:24:13 +0000: Memory Usage (135556K) : backmetal1_text has 0 polygons
2026-08-20 10:24:13 +0000: Memory Usage (135684K) : backmetal1_OPC has 0 polygons
2026-08-20 10:24:13 +0000: Memory Usage (135684K) : backmetal1_noqrc has 0 polygons
2026-08-20 10:24:13 +0000: Memory Usage (135684K) : backmetal1_res has 0 polygons
2026-08-20 10:24:13 +0000: Memory Usage (135684K) : backmetal1_iprobe has 0 polygons
2026-08-20 10:24:13 +0000: Memory Usage (135812K) : backmetal1_diffprb has 0 polygons
2026-08-20 10:24:13 +0000: Memory Usage (135812K) : backpassiv_drw has 0 polygons
2026-08-20 10:24:13 +0000: Memory Usage (135812K) : res_drw has 2 polygons
2026-08-20 10:24:13 +0000: Memory Usage (135940K) : sram_drw has 0 polygons
2026-08-20 10:24:13 +0000: Memory Usage (135940K) : trans_drw has 2 polygons
2026-08-20 10:24:13 +0000: Memory Usage (135940K) : ind_drw has 2 polygons
2026-08-20 10:24:13 +0000: Memory Usage (135940K) : ind_pin has 4 polygons
2026-08-20 10:24:13 +0000: Memory Usage (136068K) : ind_text has 4 polygons
2026-08-20 10:24:13 +0000: Memory Usage (136068K) : salblock_drw has 12 polygons
2026-08-20 10:24:13 +0000: Memory Usage (136068K) : via2_drw has 855 polygons
2026-08-20 10:24:13 +0000: Memory Usage (136196K) : metal3_drw has 72 polygons
2026-08-20 10:24:13 +0000: Memory Usage (136196K) : metal3_filler has 0 polygons
2026-08-20 10:24:13 +0000: Memory Usage (136196K) : metal3_slit has 0 polygons
2026-08-20 10:24:13 +0000: Memory Usage (136196K) : metal3 has 72 polygons
2026-08-20 10:24:13 +0000: Memory Usage (136196K) : metal3_pin has 2 polygons
2026-08-20 10:24:13 +0000: Memory Usage (136196K) : metal3_mask has 0 polygons
2026-08-20 10:24:13 +0000: Memory Usage (136196K) : metal3_nofill has 2 polygons
2026-08-20 10:24:13 +0000: Memory Usage (136196K) : metal3_text has 2 polygons
2026-08-20 10:24:13 +0000: Memory Usage (136196K) : metal3_OPC has 0 polygons
2026-08-20 10:24:13 +0000: Memory Usage (136196K) : metal3_noqrc has 0 polygons
2026-08-20 10:24:13 +0000: Memory Usage (136196K) : metal3_res has 0 polygons
2026-08-20 10:24:13 +0000: Memory Usage (136196K) : metal3_iprobe has 0 polygons
2026-08-20 10:24:13 +0000: Memory Usage (136196K) : metal3_diffprb has 0 polygons
2026-08-20 10:24:13 +0000: Memory Usage (136196K) : nwell_drw has 14 polygons
2026-08-20 10:24:13 +0000: Memory Usage (136196K) : nwell_pin has 0 polygons
2026-08-20 10:24:13 +0000: Memory Usage (136196K) : nwell_text has 0 polygons
2026-08-20 10:24:13 +0000: Memory Usage (136324K) : nbulay_drw has 1 polygons
2026-08-20 10:24:13 +0000: Memory Usage (136324K) : nbulay_pin has 0 polygons
2026-08-20 10:24:13 +0000: Memory Usage (136324K) : nbulay_block has 0 polygons
2026-08-20 10:24:13 +0000: Memory Usage (136324K) : emwind_drw has 4 polygons
2026-08-20 10:24:13 +0000: Memory Usage (136324K) : emwind_OPC has 0 polygons
2026-08-20 10:24:13 +0000: Memory Usage (136452K) : deepco_drw has 0 polygons
2026-08-20 10:24:13 +0000: Memory Usage (136452K) : mim_drw has 0 polygons
2026-08-20 10:24:13 +0000: Memory Usage (136452K) : edgeseal_drw has 0 polygons
2026-08-20 10:24:13 +0000: Memory Usage (136452K) : substrate_drw has 500 polygons
2026-08-20 10:24:13 +0000: Memory Usage (136452K) : substrate_text has 0 polygons
2026-08-20 10:24:13 +0000: Memory Usage (136452K) : dfpad_drw has 2 polygons
2026-08-20 10:24:13 +0000: Memory Usage (136580K) : dfpad_pillar has 0 polygons
2026-08-20 10:24:13 +0000: Memory Usage (136580K) : dfpad_sbump has 0 polygons
2026-08-20 10:24:13 +0000: Memory Usage (136580K) : thickgateox_drw has 1 polygons
2026-08-20 10:24:13 +0000: Memory Usage (136580K) : pldb_drw has 0 polygons
2026-08-20 10:24:13 +0000: Memory Usage (136580K) : pwell_drw has 0 polygons
2026-08-20 10:24:13 +0000: Memory Usage (136708K) : pwell_pin has 0 polygons
2026-08-20 10:24:13 +0000: Memory Usage (136708K) : pwell_block has 2 polygons
2026-08-20 10:24:13 +0000: Memory Usage (136708K) : ic_drw has 0 polygons
2026-08-20 10:24:13 +0000: Memory Usage (136708K) : via3_drw has 1035 polygons
2026-08-20 10:24:13 +0000: Memory Usage (136708K) : metal4_drw has 28 polygons
2026-08-20 10:24:13 +0000: Memory Usage (136708K) : metal4_filler has 0 polygons
2026-08-20 10:24:13 +0000: Memory Usage (136836K) : metal4_slit has 0 polygons
2026-08-20 10:24:13 +0000: Memory Usage (136836K) : metal4 has 28 polygons
2026-08-20 10:24:13 +0000: Memory Usage (136836K) : metal4_pin has 0 polygons
2026-08-20 10:24:13 +0000: Memory Usage (136836K) : metal4_mask has 0 polygons
2026-08-20 10:24:13 +0000: Memory Usage (136836K) : metal4_nofill has 2 polygons
2026-08-20 10:24:13 +0000: Memory Usage (136836K) : metal4_text has 1 polygons
2026-08-20 10:24:13 +0000: Memory Usage (136964K) : metal4_OPC has 0 polygons
2026-08-20 10:24:13 +0000: Memory Usage (136964K) : metal4_noqrc has 0 polygons
2026-08-20 10:24:13 +0000: Memory Usage (136964K) : metal4_res has 0 polygons
2026-08-20 10:24:13 +0000: Memory Usage (136964K) : metal4_iprobe has 0 polygons
2026-08-20 10:24:13 +0000: Memory Usage (136964K) : metal4_diffprb has 0 polygons
2026-08-20 10:24:13 +0000: Memory Usage (136964K) : heattrans_drw has 123 polygons
2026-08-20 10:24:13 +0000: Memory Usage (136964K) : heatres_drw has 2 polygons
2026-08-20 10:24:13 +0000: Memory Usage (137092K) : fbe_drw has 0 polygons
2026-08-20 10:24:13 +0000: Memory Usage (137092K) : empoly_drw has 0 polygons
2026-08-20 10:24:13 +0000: Memory Usage (137092K) : digisub_drw has 0 polygons
2026-08-20 10:24:13 +0000: Memory Usage (137092K) : text_drw has 655 polygons
2026-08-20 10:24:13 +0000: Memory Usage (137092K) : via4_drw has 1031 polygons
2026-08-20 10:24:13 +0000: Memory Usage (137092K) : metal5_drw has 55 polygons
2026-08-20 10:24:13 +0000: Memory Usage (137220K) : metal5_filler has 0 polygons
2026-08-20 10:24:13 +0000: Memory Usage (137220K) : metal5_slit has 0 polygons
2026-08-20 10:24:13 +0000: Memory Usage (137220K) : metal5 has 55 polygons
2026-08-20 10:24:13 +0000: Memory Usage (137220K) : metal5_pin has 0 polygons
2026-08-20 10:24:13 +0000: Memory Usage (137220K) : metal5_mask has 0 polygons
2026-08-20 10:24:13 +0000: Memory Usage (137348K) : metal5_nofill has 2 polygons
2026-08-20 10:24:13 +0000: Memory Usage (137348K) : metal5_text has 0 polygons
2026-08-20 10:24:13 +0000: Memory Usage (137348K) : metal5_OPC has 0 polygons
2026-08-20 10:24:13 +0000: Memory Usage (137348K) : metal5_noqrc has 0 polygons
2026-08-20 10:24:13 +0000: Memory Usage (137348K) : metal5_res has 0 polygons
2026-08-20 10:24:13 +0000: Memory Usage (137348K) : metal5_iprobe has 0 polygons
2026-08-20 10:24:13 +0000: Memory Usage (137348K) : metal5_diffprb has 0 polygons
2026-08-20 10:24:13 +0000: Memory Usage (137476K) : radhard_drw has 0 polygons
2026-08-20 10:24:13 +0000: Memory Usage (137476K) : memcap_drw has 0 polygons
2026-08-20 10:24:13 +0000: Memory Usage (137476K) : varicap_drw has 0 polygons
2026-08-20 10:24:13 +0000: Memory Usage (137476K) : intbondvia_drw has 0 polygons
2026-08-20 10:24:13 +0000: Memory Usage (137604K) : intbondmet_drw has 0 polygons
2026-08-20 10:24:13 +0000: Memory Usage (137604K) : devbondvia_drw has 0 polygons
2026-08-20 10:24:13 +0000: Memory Usage (137604K) : devbondmet_drw has 0 polygons
2026-08-20 10:24:13 +0000: Memory Usage (137604K) : devtrench_drw has 0 polygons
2026-08-20 10:24:13 +0000: Memory Usage (137732K) : redist_drw has 0 polygons
2026-08-20 10:24:13 +0000: Memory Usage (137732K) : graphbot_drw has 0 polygons
2026-08-20 10:24:13 +0000: Memory Usage (137732K) : graphtop_drw has 0 polygons
2026-08-20 10:24:13 +0000: Memory Usage (137732K) : antvia1_drw has 0 polygons
2026-08-20 10:24:13 +0000: Memory Usage (137732K) : antmetal2_drw has 0 polygons
2026-08-20 10:24:13 +0000: Memory Usage (137732K) : graphcont_drw has 0 polygons
2026-08-20 10:24:13 +0000: Memory Usage (137860K) : siwg_drw has 0 polygons
2026-08-20 10:24:13 +0000: Memory Usage (137860K) : siwg_filler has 0 polygons
2026-08-20 10:24:13 +0000: Memory Usage (137860K) : siwg_nofill has 0 polygons
2026-08-20 10:24:13 +0000: Memory Usage (137860K) : sigrating_drw has 0 polygons
2026-08-20 10:24:13 +0000: Memory Usage (137860K) : singrating_drw has 0 polygons
2026-08-20 10:24:13 +0000: Memory Usage (137988K) : graphpas_drw has 0 polygons
2026-08-20 10:24:13 +0000: Memory Usage (137988K) : emwind3_drw has 0 polygons
2026-08-20 10:24:13 +0000: Memory Usage (137988K) : emwihv3_drw has 0 polygons
2026-08-20 10:24:13 +0000: Memory Usage (137988K) : redbulay_drw has 0 polygons
2026-08-20 10:24:13 +0000: Memory Usage (137988K) : smos_drw has 0 polygons
2026-08-20 10:24:13 +0000: Memory Usage (137988K) : graphpad_drw has 0 polygons
2026-08-20 10:24:13 +0000: Memory Usage (138116K) : polimide_drw has 0 polygons
2026-08-20 10:24:13 +0000: Memory Usage (138116K) : polimide_pin has 0 polygons
2026-08-20 10:24:13 +0000: Memory Usage (138116K) : recog_drw has 1 polygons
2026-08-20 10:24:13 +0000: Memory Usage (138116K) : recog_pin has 0 polygons
2026-08-20 10:24:13 +0000: Memory Usage (138244K) : recog_esd has 5 polygons
2026-08-20 10:24:13 +0000: Memory Usage (138244K) : recog_diode has 0 polygons
2026-08-20 10:24:13 +0000: Memory Usage (138244K) : recog_tsv has 0 polygons
2026-08-20 10:24:13 +0000: Memory Usage (138244K) : recog_iprobe has 0 polygons
2026-08-20 10:24:13 +0000: Memory Usage (138372K) : recog_diffprb has 0 polygons
2026-08-20 10:24:13 +0000: Memory Usage (138372K) : recog_pillar has 0 polygons
2026-08-20 10:24:13 +0000: Memory Usage (138372K) : recog_sbump has 0 polygons
2026-08-20 10:24:13 +0000: Memory Usage (138372K) : recog_otp has 0 polygons
2026-08-20 10:24:13 +0000: Memory Usage (138500K) : recog_pdiode has 0 polygons
2026-08-20 10:24:13 +0000: Memory Usage (138500K) : recog_mom has 0 polygons
2026-08-20 10:24:13 +0000: Memory Usage (138500K) : recog_momf has 0 polygons
2026-08-20 10:24:13 +0000: Memory Usage (138500K) : recog_pcm has 0 polygons
2026-08-20 10:24:13 +0000: Memory Usage (138628K) : colopen_drw has 0 polygons
2026-08-20 10:24:13 +0000: Memory Usage (138628K) : graphmetal1_drw has 0 polygons
2026-08-20 10:24:13 +0000: Memory Usage (138628K) : graphmetal1_filler has 0 polygons
2026-08-20 10:24:13 +0000: Memory Usage (138628K) : graphmetal1_nofill has 0 polygons
2026-08-20 10:24:13 +0000: Memory Usage (138756K) : graphmetal1_slit has 0 polygons
2026-08-20 10:24:13 +0000: Memory Usage (138756K) : graphmetal1_OPC has 0 polygons
2026-08-20 10:24:13 +0000: Memory Usage (138756K) : graphmet1l_drw has 0 polygons
2026-08-20 10:24:13 +0000: Memory Usage (138756K) : graphmet1l_filler has 0 polygons
2026-08-20 10:24:13 +0000: Memory Usage (138884K) : graphmet1l_nofill has 0 polygons
2026-08-20 10:24:13 +0000: Memory Usage (138884K) : graphmet1l_slit has 0 polygons
2026-08-20 10:24:13 +0000: Memory Usage (138884K) : graphmet1l_OPC has 0 polygons
2026-08-20 10:24:13 +0000: Memory Usage (138884K) : extblock_drw has 6 polygons
2026-08-20 10:24:13 +0000: Memory Usage (139012K) : nldd_drw has 0 polygons
2026-08-20 10:24:13 +0000: Memory Usage (139012K) : pldd_drw has 0 polygons
2026-08-20 10:24:13 +0000: Memory Usage (139012K) : next_drw has 0 polygons
2026-08-20 10:24:13 +0000: Memory Usage (139012K) : pext_drw has 0 polygons
2026-08-20 10:24:13 +0000: Memory Usage (139012K) : nexthv_drw has 0 polygons
2026-08-20 10:24:13 +0000: Memory Usage (139012K) : pexthv_drw has 0 polygons
2026-08-20 10:24:13 +0000: Memory Usage (139140K) : graphgate_drw has 0 polygons
2026-08-20 10:24:13 +0000: Memory Usage (139140K) : sinwg_drw has 0 polygons
2026-08-20 10:24:13 +0000: Memory Usage (139140K) : sinwg_filler has 0 polygons
2026-08-20 10:24:13 +0000: Memory Usage (139140K) : sinwg_nofill has 0 polygons
2026-08-20 10:24:13 +0000: Memory Usage (139140K) : mempad_drw has 0 polygons
2026-08-20 10:24:13 +0000: Memory Usage (139268K) : topvia1_drw has 483 polygons
2026-08-20 10:24:13 +0000: Memory Usage (139268K) : topmetal1_drw has 61 polygons
2026-08-20 10:24:13 +0000: Memory Usage (139268K) : topmetal1_filler has 0 polygons
2026-08-20 10:24:13 +0000: Memory Usage (139268K) : topmetal1_slit has 0 polygons
2026-08-20 10:24:13 +0000: Memory Usage (139268K) : topmetal1 has 61 polygons
2026-08-20 10:24:13 +0000: Memory Usage (139268K) : topmetal1_pin has 0 polygons
2026-08-20 10:24:13 +0000: Memory Usage (139396K) : topmetal1_mask has 0 polygons
2026-08-20 10:24:13 +0000: Memory Usage (139396K) : topmetal1_nofill has 2 polygons
2026-08-20 10:24:13 +0000: Memory Usage (139396K) : topmetal1_text has 0 polygons
2026-08-20 10:24:13 +0000: Memory Usage (139396K) : topmetal1_noqrc has 0 polygons
2026-08-20 10:24:13 +0000: Memory Usage (139524K) : topmetal1_res has 0 polygons
2026-08-20 10:24:13 +0000: Memory Usage (139524K) : topmetal1_iprobe has 0 polygons
2026-08-20 10:24:13 +0000: Memory Usage (139524K) : topmetal1_diffprb has 0 polygons
2026-08-20 10:24:13 +0000: Memory Usage (139524K) : inldpwl_drw has 0 polygons
2026-08-20 10:24:13 +0000: Memory Usage (139652K) : polyres_drw has 2 polygons
2026-08-20 10:24:13 +0000: Memory Usage (139652K) : polyres_pin has 0 polygons
2026-08-20 10:24:13 +0000: Memory Usage (139652K) : vmim_drw has 0 polygons
2026-08-20 10:24:13 +0000: Memory Usage (139652K) : nbulaycut_drw has 0 polygons
2026-08-20 10:24:13 +0000: Memory Usage (139652K) : antmetal1_drw has 0 polygons
2026-08-20 10:24:13 +0000: Memory Usage (139780K) : topvia2_drw has 233 polygons
2026-08-20 10:24:13 +0000: Memory Usage (139908K) : topmetal2_drw has 68 polygons
2026-08-20 10:24:13 +0000: Memory Usage (139908K) : topmetal2_filler has 0 polygons
2026-08-20 10:24:13 +0000: Memory Usage (139908K) : topmetal2_slit has 0 polygons
2026-08-20 10:24:13 +0000: Memory Usage (139908K) : topmetal2 has 68 polygons
2026-08-20 10:24:13 +0000: Memory Usage (140036K) : topmetal2_pin has 4 polygons
2026-08-20 10:24:13 +0000: Memory Usage (140036K) : topmetal2_mask has 0 polygons
2026-08-20 10:24:13 +0000: Memory Usage (140036K) : topmetal2_nofill has 2 polygons
2026-08-20 10:24:13 +0000: Memory Usage (140036K) : topmetal2_text has 8 polygons
2026-08-20 10:24:13 +0000: Memory Usage (140164K) : topmetal2_noqrc has 0 polygons
2026-08-20 10:24:13 +0000: Memory Usage (140164K) : topmetal2_res has 0 polygons
2026-08-20 10:24:13 +0000: Memory Usage (140164K) : topmetal2_iprobe has 0 polygons
2026-08-20 10:24:13 +0000: Memory Usage (140164K) : topmetal2_diffprb has 0 polygons
2026-08-20 10:24:13 +0000: Memory Usage (140292K) : snsring_drw has 0 polygons
2026-08-20 10:24:13 +0000: Memory Usage (140292K) : sensor_drw has 0 polygons
2026-08-20 10:24:13 +0000: Memory Usage (140292K) : snsarms_drw has 0 polygons
2026-08-20 10:24:13 +0000: Memory Usage (140420K) : snscmosvia_drw has 0 polygons
2026-08-20 10:24:13 +0000: Memory Usage (140420K) : colwind_drw has 0 polygons
2026-08-20 10:24:13 +0000: Memory Usage (140548K) : flm_drw has 0 polygons
2026-08-20 10:24:13 +0000: Memory Usage (140548K) : hafniumox_drw has 0 polygons
2026-08-20 10:24:13 +0000: Memory Usage (140548K) : memvia_drw has 0 polygons
2026-08-20 10:24:13 +0000: Memory Usage (140676K) : thinfilmres_drw has 0 polygons
2026-08-20 10:24:13 +0000: Memory Usage (140676K) : rfmem_drw has 0 polygons
2026-08-20 10:24:13 +0000: Memory Usage (140676K) : norcx_drw has 2 polygons
2026-08-20 10:24:13 +0000: Memory Usage (140676K) : norcx_m2m3 has 0 polygons
2026-08-20 10:24:13 +0000: Memory Usage (140676K) : norcx_m2m4 has 0 polygons
2026-08-20 10:24:13 +0000: Memory Usage (140676K) : norcx_m2m5 has 0 polygons
2026-08-20 10:24:13 +0000: Memory Usage (140676K) : norcx_m2tm1 has 0 polygons
2026-08-20 10:24:13 +0000: Memory Usage (140676K) : norcx_m2tm2 has 0 polygons
2026-08-20 10:24:13 +0000: Memory Usage (140676K) : norcx_m3m4 has 0 polygons
2026-08-20 10:24:13 +0000: Memory Usage (140676K) : norcx_m3m5 has 0 polygons
2026-08-20 10:24:13 +0000: Memory Usage (140676K) : norcx_m3tm1 has 0 polygons
2026-08-20 10:24:13 +0000: Memory Usage (140676K) : norcx_m3tm2 has 0 polygons
2026-08-20 10:24:13 +0000: Memory Usage (140676K) : norcx_m4m5 has 0 polygons
2026-08-20 10:24:13 +0000: Memory Usage (140676K) : norcx_m4tm1 has 0 polygons
2026-08-20 10:24:13 +0000: Memory Usage (140676K) : norcx_m4tm2 has 0 polygons
2026-08-20 10:24:13 +0000: Memory Usage (140676K) : norcx_m5tm1 has 0 polygons
2026-08-20 10:24:13 +0000: Memory Usage (140676K) : norcx_m5tm2 has 0 polygons
2026-08-20 10:24:13 +0000: Memory Usage (140676K) : norcx_tm1tm2 has 0 polygons
2026-08-20 10:24:13 +0000: Memory Usage (140676K) : norcx_m1sub has 0 polygons
2026-08-20 10:24:13 +0000: Memory Usage (140676K) : norcx_m2sub has 0 polygons
2026-08-20 10:24:13 +0000: Memory Usage (140676K) : norcx_m3sub has 0 polygons
2026-08-20 10:24:13 +0000: Memory Usage (140676K) : norcx_m4sub has 0 polygons
2026-08-20 10:24:13 +0000: Memory Usage (140676K) : norcx_m5sub has 0 polygons
2026-08-20 10:24:13 +0000: Memory Usage (140676K) : norcx_tm1sub has 0 polygons
2026-08-20 10:24:13 +0000: Memory Usage (140676K) : norcx_tm2sub has 0 polygons
2026-08-20 10:24:13 +0000: Memory Usage (140676K) : snsbotvia_drw has 0 polygons
2026-08-20 10:24:13 +0000: Memory Usage (140676K) : snstopvia_drw has 0 polygons
2026-08-20 10:24:13 +0000: Memory Usage (140676K) : deepvia_drw has 0 polygons
2026-08-20 10:24:13 +0000: Memory Usage (140676K) : fgetch_drw has 0 polygons
2026-08-20 10:24:13 +0000: Memory Usage (140676K) : ctrgat_drw has 0 polygons
2026-08-20 10:24:13 +0000: Memory Usage (140676K) : fgimp_drw has 0 polygons
2026-08-20 10:24:13 +0000: Memory Usage (140676K) : emwihv_drw has 0 polygons
2026-08-20 10:24:13 +0000: Memory Usage (140676K) : lbe_drw has 2 polygons
2026-08-20 10:24:13 +0000: Memory Usage (140676K) : alcustop_drw has 0 polygons
2026-08-20 10:24:13 +0000: Memory Usage (140676K) : nometfiller_drw has 0 polygons
2026-08-20 10:24:13 +0000: Memory Usage (140676K) : prboundary_drw has 0 polygons
2026-08-20 10:24:13 +0000: Memory Usage (140676K) : exchange0_drw has 0 polygons
2026-08-20 10:24:13 +0000: Memory Usage (140676K) : exchange0_pin has 0 polygons
2026-08-20 10:24:13 +0000: Memory Usage (140676K) : exchange0_text has 0 polygons
2026-08-20 10:24:13 +0000: Memory Usage (140676K) : exchange1_drw has 0 polygons
2026-08-20 10:24:13 +0000: Memory Usage (140676K) : exchange1_pin has 0 polygons
2026-08-20 10:24:13 +0000: Memory Usage (140676K) : exchange1_text has 0 polygons
2026-08-20 10:24:13 +0000: Memory Usage (140676K) : exchange2_drw has 0 polygons
2026-08-20 10:24:13 +0000: Memory Usage (140676K) : exchange2_pin has 0 polygons
2026-08-20 10:24:13 +0000: Memory Usage (140676K) : exchange2_text has 0 polygons
2026-08-20 10:24:13 +0000: Memory Usage (140676K) : exchange3_drw has 0 polygons
2026-08-20 10:24:13 +0000: Memory Usage (140676K) : exchange3_pin has 0 polygons
2026-08-20 10:24:13 +0000: Memory Usage (140676K) : exchange3_text has 0 polygons
2026-08-20 10:24:13 +0000: Memory Usage (140676K) : exchange4_drw has 0 polygons
2026-08-20 10:24:13 +0000: Memory Usage (140676K) : exchange4_pin has 0 polygons
2026-08-20 10:24:13 +0000: Memory Usage (140676K) : exchange4_text has 0 polygons
2026-08-20 10:24:13 +0000: Memory Usage (140676K) : isonwell_drw has 0 polygons
2026-08-20 10:24:13 +0000: Memory Usage (140676K) : Total no. of polygons in the design is 32123
2026-08-20 10:24:13 +0000: Memory Usage (140676K) : Starting base layers derivations
2026-08-20 10:24:13 +0000: Memory Usage (140676K) : Starting general LVS derivations
2026-08-20 10:24:13 +0000: Memory Usage (145300K) : Starting MOSFET DERIVATIONS
2026-08-20 10:24:13 +0000: Memory Usage (145812K) : Starting NMOS DERIVATIONS
2026-08-20 10:24:13 +0000: Memory Usage (145812K) : Starting PMOS DERIVATIONS
2026-08-20 10:24:13 +0000: Memory Usage (145812K) : Starting RF-MOSFET DERIVATIONS
2026-08-20 10:24:13 +0000: Memory Usage (145812K) : Starting RF-NMOS DERIVATIONS
2026-08-20 10:24:13 +0000: Memory Usage (145812K) : Starting RF-PMOS DERIVATIONS
2026-08-20 10:24:13 +0000: Memory Usage (145812K) : Starting BJT DERIVATIONS
2026-08-20 10:24:13 +0000: Memory Usage (145812K) : Starting NPN-BJT DERIVATIONS
2026-08-20 10:24:14 +0000: Memory Usage (145940K) : Starting PNP-BJT DERIVATIONS
2026-08-20 10:24:14 +0000: Memory Usage (145940K) : Starting DIODE DERIVATIONS
2026-08-20 10:24:14 +0000: Memory Usage (146068K) : Starting RESISTOR DERIVATIONS
2026-08-20 10:24:14 +0000: Memory Usage (146452K) : Starting CAP DERIVATIONS
2026-08-20 10:24:14 +0000: Memory Usage (146452K) : Starting CAP_CMOM DERIVATIONS
2026-08-20 10:24:14 +0000: Memory Usage (146452K) : Starting CAP_CMOMF DERIVATIONS
2026-08-20 10:24:14 +0000: Memory Usage (146452K) : Starting ESD DERIVATIONS
2026-08-20 10:24:15 +0000: Memory Usage (146580K) : Starting Inductor DERIVATIONS
2026-08-20 10:24:15 +0000: Memory Usage (146580K) : Starting Taps DERIVATIONS
2026-08-20 10:24:16 +0000: Memory Usage (146580K) : Starting SG13G2 LVS connectivity setup
2026-08-20 10:24:16 +0000: Memory Usage (146580K) : Starting SG13G2 LVS connectivity setup (Inter-layer)
2026-08-20 10:24:16 +0000: Memory Usage (146708K) : Starting SG13G2 LVS connectivity setup (Global)
2026-08-20 10:24:16 +0000: Memory Usage (146708K) : Starting LVS MOSFET CONNECTIONS
2026-08-20 10:24:16 +0000: Memory Usage (146708K) : Starting LVS RF-MOSFET CONNECTIONS
2026-08-20 10:24:16 +0000: Memory Usage (146708K) : Starting LVS BJT CONNECTIONS
2026-08-20 10:24:16 +0000: Memory Usage (146708K) : Starting LVS DIODE CONNECTIONS
2026-08-20 10:24:16 +0000: Memory Usage (146708K) : Starting RESISTOR CONNECTIONS
2026-08-20 10:24:16 +0000: Memory Usage (146708K) : Starting LVS CAP CONNECTIONS
2026-08-20 10:24:16 +0000: Memory Usage (146708K) : Starting CAP_CMOM CONNECTIONS
2026-08-20 10:24:16 +0000: Memory Usage (146708K) : Starting CAP_CMOMF CONNECTIONS
2026-08-20 10:24:16 +0000: Memory Usage (146708K) : Starting ESD CONNECTIONS
2026-08-20 10:24:16 +0000: Memory Usage (146708K) : Starting Inductor CONNECTIONS
2026-08-20 10:24:16 +0000: Memory Usage (146708K) : Starting LVS Taps CONNECTIONS
2026-08-20 10:24:16 +0000: Memory Usage (146708K) : Starting SG13G2 LVS DEVICES EXTRACTION
2026-08-20 10:24:16 +0000: Memory Usage (146708K) : Starting MOSFET EXTRACTION
2026-08-20 10:24:16 +0000: Memory Usage (146708K) : Starting NMOS EXTRACTION
2026-08-20 10:24:16 +0000: Memory Usage (146708K) : Extraction of NMOS-LV transistor
2026-08-20 10:24:16 +0000: Memory Usage (146708K) : Extraction of NMOS-HV transistor
2026-08-20 10:24:16 +0000: Memory Usage (146708K) : Starting PMOS EXTRACTION
2026-08-20 10:24:16 +0000: Memory Usage (146708K) : Extraction of PMOS-LV transistor
2026-08-20 10:24:16 +0000: Memory Usage (146708K) : Extraction of PMOS-HV transistor
2026-08-20 10:24:16 +0000: Memory Usage (146708K) : Starting RF-MOSFET EXTRACTION
2026-08-20 10:24:16 +0000: Memory Usage (146708K) : Extraction of RF-NMOS-LV transistor
2026-08-20 10:24:16 +0000: Memory Usage (146708K) : Extraction of RF-NMOS-HV transistor
2026-08-20 10:24:16 +0000: Memory Usage (146708K) : Extraction of RF-PMOS-LV transistor
2026-08-20 10:24:16 +0000: Memory Usage (146708K) : Extraction of RF-PMOS-HV transistor
2026-08-20 10:24:16 +0000: Memory Usage (146708K) : Starting BJT EXTRACTION
2026-08-20 10:24:16 +0000: Memory Usage (146708K) : Starting NPN-BJT EXTRACTION
2026-08-20 10:24:16 +0000: Memory Usage (146708K) : Extraction of npn13G2 BJT transistor
2026-08-20 10:24:16 +0000: Memory Usage (146708K) : Extraction of npn13G2L BJT transistor
2026-08-20 10:24:16 +0000: Memory Usage (146708K) : Extraction of npn13G2V BJT transistor
2026-08-20 10:24:16 +0000: Memory Usage (146708K) : Starting PNP-BJT EXTRACTION
2026-08-20 10:24:16 +0000: Memory Usage (146708K) : Extracting pnpMPA BJT
2026-08-20 10:24:16 +0000: Memory Usage (146708K) : Starting DIODE EXTRACTION
2026-08-20 10:24:16 +0000: Memory Usage (146708K) : Extracting dantenna diode
2026-08-20 10:24:16 +0000: Memory Usage (146708K) : Extracting dpantenna diode
2026-08-20 10:24:16 +0000: Memory Usage (146708K) : Extracting schottky_nbl1 diode
2026-08-20 10:24:16 +0000: Memory Usage (146708K) : Extracting isolbox diode
2026-08-20 10:24:16 +0000: Memory Usage (146708K) : Starting RESISTOR EXTRACTION
2026-08-20 10:24:16 +0000: Memory Usage (146708K) : Extracting rsil resistor
2026-08-20 10:24:16 +0000: Memory Usage (146836K) : Extracting rppd resistor
2026-08-20 10:24:16 +0000: Memory Usage (146836K) : Extracting rhigh resistor
2026-08-20 10:24:16 +0000: Memory Usage (146836K) : Extracting res_metal1 resistor
2026-08-20 10:24:16 +0000: Memory Usage (146836K) : Extracting res_metal2 resistor
2026-08-20 10:24:16 +0000: Memory Usage (146836K) : Extracting res_metal3 resistor
2026-08-20 10:24:16 +0000: Memory Usage (146836K) : Extracting res_metal4 resistor
2026-08-20 10:24:16 +0000: Memory Usage (146836K) : Extracting res_metal5 resistor
2026-08-20 10:24:16 +0000: Memory Usage (146836K) : Extracting res_topmetal1 resistor
2026-08-20 10:24:16 +0000: Memory Usage (146836K) : Extracting res_topmetal2 resistor
2026-08-20 10:24:16 +0000: Memory Usage (146836K) : Starting CAP EXTRACTION
2026-08-20 10:24:16 +0000: Memory Usage (146836K) : Extracting cap_cmim device
2026-08-20 10:24:16 +0000: Memory Usage (146836K) : Extracting rfcmim device
2026-08-20 10:24:16 +0000: Memory Usage (146836K) : Extracting sg13_hv_svaricap varactor
2026-08-20 10:24:16 +0000: Memory Usage (146836K) : Extracting cap_cmomi device
2026-08-20 10:24:16 +0000: Memory Usage (146836K) : Extracting cap_cmomf device
2026-08-20 10:24:16 +0000: Memory Usage (146836K) : Extracting sg13_moscap_n capacitor
2026-08-20 10:24:16 +0000: Memory Usage (146836K) : Extracting sg13_moscap_p capacitor
2026-08-20 10:24:16 +0000: Memory Usage (146836K) : Starting ESD EXTRACTION
2026-08-20 10:24:16 +0000: Memory Usage (146836K) : Extracting diodevdd_2kv ESD device
2026-08-20 10:24:16 +0000: Memory Usage (146836K) : Extracting diodevdd_4kv ESD device
2026-08-20 10:24:16 +0000: Memory Usage (146836K) : Extracting diodevss_2kv ESD device
2026-08-20 10:24:16 +0000: Memory Usage (146836K) : Extracting diodevss_4kv ESD device
2026-08-20 10:24:16 +0000: Memory Usage (146836K) : Extracting idiodevdd_2kv ESD device
2026-08-20 10:24:16 +0000: Memory Usage (146836K) : Extracting idiodevdd_4kv ESD device
2026-08-20 10:24:16 +0000: Memory Usage (146836K) : Extracting idiodevss_2kv ESD device
2026-08-20 10:24:16 +0000: Memory Usage (146836K) : Extracting idiodevss_4kv ESD device
2026-08-20 10:24:16 +0000: Memory Usage (146836K) : Extracting nmoscl_2 ESD device
2026-08-20 10:24:16 +0000: Memory Usage (146836K) : Extracting nmoscl_4 ESD device
2026-08-20 10:24:16 +0000: Memory Usage (146836K) : Starting Inductor EXTRACTION
2026-08-20 10:24:16 +0000: Memory Usage (146836K) : Extracting Inductor2 device
2026-08-20 10:24:16 +0000: Memory Usage (146964K) : Extracting Inductor3 device
2026-08-20 10:24:16 +0000: Memory Usage (146964K) : Starting Taps EXTRACTION
2026-08-20 10:24:16 +0000: Memory Usage (146964K) : DISABLE_TAP_EXTRACTION is enabled: skipping ntap1/ptap1 device extraction.
2026-08-20 10:24:16 +0000: Memory Usage (146964K) : Starting SG13G2 LVS RF MOS Model Mapping
2026-08-20 10:24:16 +0000: Memory Usage (146964K) : [layout_netlist] Apply RF MOS model mapping and rfmode parameter.
2026-08-20 10:24:16 +0000: Memory Usage (146964K) : Starting SG13G2 LVS Options Preparations
2026-08-20 10:24:16 +0000: Memory Usage (146964K) : SG13G2 LVS flow: extraction -> alignment -> option preparation -> comparison.
2026-08-20 10:24:16 +0000: Memory Usage (146964K) : Starting SG13G2 LVS Alignment
2026-08-20 10:24:16 +0000: Memory Usage (146964K) : Starting SG13G2 LVS Simplification
2026-08-20 10:24:16 +0000: Memory Usage (146964K) : [layout_netlist] simplify: ENABLED
2026-08-20 10:24:16 +0000: Memory Usage (146964K) : [layout_netlist] make_top_level_pins: SKIPPED
2026-08-20 10:24:16 +0000: Memory Usage (146964K) : [layout_netlist] combine_devices: SKIPPED
2026-08-20 10:24:16 +0000: Memory Usage (146964K) : [layout_netlist] purge: SKIPPED
2026-08-20 10:24:16 +0000: Memory Usage (146964K) : [layout_netlist] purge_nets: SKIPPED
2026-08-20 10:24:16 +0000: Memory Usage (146964K) : [schematic_netlist] simplify: ENABLED
2026-08-20 10:24:16 +0000: Memory Usage (146964K) : [schematic_netlist] make_top_level_pins: SKIPPED
2026-08-20 10:24:16 +0000: Memory Usage (146964K) : [schematic_netlist] combine_devices: SKIPPED
2026-08-20 10:24:16 +0000: Memory Usage (146964K) : [schematic_netlist] purge: SKIPPED
2026-08-20 10:24:16 +0000: Memory Usage (146964K) : [schematic_netlist] purge_nets: SKIPPED
2026-08-20 10:24:16 +0000: Memory Usage (146964K) : Starting SG13G2 LVS Comparison
2026-08-20 10:24:16 +0000: Memory Usage (147092K) : ==========================================
2026-08-20 10:24:16 +0000: Memory Usage (147092K) : INFO : Congratulations! Netlists match.
2026-08-20 10:24:16 +0000: Memory Usage (147092K) : ==========================================
2026-08-20 10:24:16 +0000: Memory Usage (147092K) : LVS Total Run time 2.813333 seconds
