$ /home/ubuntu/.local/share/ihp-eda/venv/bin/python /home/ubuntu/.local/share/ihp-eda/IHP-Open-PDK/ihp-sg13g2/libs.tech/klayout/tech/lvs/run_lvs.py --layout=/workspace/layout/blocks/out/driver_stage/probe7/esd_place/driver_dut.gds --netlist=/workspace/layout/blocks/out/driver_stage/probe7/esd_place/t.cdl --run_dir=/workspace/layout/blocks/out/driver_stage/probe7/esd_place/lvs --run_mode=deep --topcell=driver_dut --implicit_nets=sub,sub! --ignore_top_ports_mismatch --disable_tap_extraction

--- stdout ---
2026-08-20 16:47:59 +0000: Memory Usage (128708K) : Starting running SG13G2 Klayout LVS runset on /workspace/layout/blocks/out/driver_stage/probe7/esd_place/driver_dut.gds
2026-08-20 16:47:59 +0000: Memory Usage (128708K) : Ruby Version for klayout: 3.2.3
2026-08-20 16:47:59 +0000: Memory Usage (130100K) : Loading database to memory is complete.
2026-08-20 16:47:59 +0000: Memory Usage (130100K) : SG13G2 Klayout LVS runset output at: /workspace/layout/blocks/out/driver_stage/probe7/esd_place/lvs/driver_dut.lvsdb
2026-08-20 16:47:59 +0000: Memory Usage (130100K) : Evaluate switches.
2026-08-20 16:47:59 +0000: Memory Usage (130100K) : Extracted netlist with net names: true
2026-08-20 16:47:59 +0000: Memory Usage (130100K) : Extracted netlist with comments in details: false
2026-08-20 16:47:59 +0000: Memory Usage (130100K) : Selected NET_ONLY option: false
2026-08-20 16:47:59 +0000: Memory Usage (130100K) : Selected LAYOUT_NETLIST option: (none)
2026-08-20 16:47:59 +0000: Memory Usage (130100K) : Selected IGNORE_TOP_PORTS_MISMATCH option: true
2026-08-20 16:47:59 +0000: Memory Usage (130100K) : Selected IMPLICIT_NETS option: sub,sub!
2026-08-20 16:47:59 +0000: Memory Usage (130100K) : Selected TOP_LVL_PINS option: false
2026-08-20 16:47:59 +0000: Memory Usage (130100K) : Selected COMBINE DEVICES option: false
2026-08-20 16:47:59 +0000: Memory Usage (130100K) : Selected PURGE option: false
2026-08-20 16:47:59 +0000: Memory Usage (130100K) : Selected PURGE_NETS option: false
2026-08-20 16:47:59 +0000: Memory Usage (130100K) : Selected SIMPLIFY option: true
2026-08-20 16:47:59 +0000: Memory Usage (130100K) : Selected SERIES_RES option: true
2026-08-20 16:47:59 +0000: Memory Usage (130100K) : Selected PARALLEL_RES option: true
2026-08-20 16:47:59 +0000: Memory Usage (130100K) : Selected DISABLE_TAP_EXTRACTION option: true
2026-08-20 16:47:59 +0000: Memory Usage (130100K) : deep  mode is enabled.
2026-08-20 16:47:59 +0000: Memory Usage (130100K) : Applying implicit connections (case-sensitive, pattern supported) for nets: sub, sub!
2026-08-20 16:47:59 +0000: Memory Usage (131344K) : Netlist file: /workspace/layout/blocks/out/driver_stage/probe7/esd_place/t.cdl
2026-08-20 16:47:59 +0000: Memory Usage (131344K) : LVS extracted netlist at: /workspace/layout/blocks/out/driver_stage/probe7/esd_place/lvs/driver_dut_extracted.cir
2026-08-20 16:47:59 +0000: Memory Usage (131344K) : Applying SRAM integration support.
2026-08-20 16:47:59 +0000: Memory Usage (131344K) : Starting SG13G2 LVS runset
2026-08-20 16:47:59 +0000: Memory Usage (131344K) : Read in polygons from layers.
2026-08-20 16:47:59 +0000: Memory Usage (132496K) : activ_drw has 899 polygons
2026-08-20 16:47:59 +0000: Memory Usage (132496K) : activ_filler has 0 polygons
2026-08-20 16:47:59 +0000: Memory Usage (132716K) : activ has 899 polygons
2026-08-20 16:47:59 +0000: Memory Usage (133228K) : activ_pin has 0 polygons
2026-08-20 16:47:59 +0000: Memory Usage (133228K) : activ_mask has 4 polygons
2026-08-20 16:47:59 +0000: Memory Usage (133228K) : activ_nofill has 2 polygons
2026-08-20 16:47:59 +0000: Memory Usage (133228K) : activ_OPC has 0 polygons
2026-08-20 16:47:59 +0000: Memory Usage (133228K) : activ_iOPC has 0 polygons
2026-08-20 16:47:59 +0000: Memory Usage (133228K) : activ_noqrc has 0 polygons
2026-08-20 16:47:59 +0000: Memory Usage (133228K) : biwind_drw has 0 polygons
2026-08-20 16:47:59 +0000: Memory Usage (133228K) : biwind_OPC has 0 polygons
2026-08-20 16:47:59 +0000: Memory Usage (133228K) : gatpoly_drw has 140 polygons
2026-08-20 16:47:59 +0000: Memory Usage (133228K) : gatpoly_filler has 0 polygons
2026-08-20 16:47:59 +0000: Memory Usage (133228K) : gatpoly has 140 polygons
2026-08-20 16:47:59 +0000: Memory Usage (133228K) : gatpoly_pin has 119 polygons
2026-08-20 16:47:59 +0000: Memory Usage (133228K) : gatpoly_nofill has 2 polygons
2026-08-20 16:47:59 +0000: Memory Usage (133228K) : gatpoly_OPC has 0 polygons
2026-08-20 16:47:59 +0000: Memory Usage (133228K) : gatpoly_iOPC has 0 polygons
2026-08-20 16:47:59 +0000: Memory Usage (133228K) : gatpoly_noqrc has 0 polygons
2026-08-20 16:47:59 +0000: Memory Usage (133228K) : cont_drw has 14577 polygons
2026-08-20 16:47:59 +0000: Memory Usage (133228K) : cont_OPC has 0 polygons
2026-08-20 16:47:59 +0000: Memory Usage (133228K) : nsd_drw has 0 polygons
2026-08-20 16:47:59 +0000: Memory Usage (133356K) : nsd_block has 4 polygons
2026-08-20 16:47:59 +0000: Memory Usage (133356K) : metal1_drw has 1566 polygons
2026-08-20 16:47:59 +0000: Memory Usage (133356K) : metal1_filler has 0 polygons
2026-08-20 16:47:59 +0000: Memory Usage (133484K) : metal1_slit has 0 polygons
2026-08-20 16:47:59 +0000: Memory Usage (133612K) : metal1 has 1566 polygons
2026-08-20 16:47:59 +0000: Memory Usage (133612K) : metal1_pin has 750 polygons
2026-08-20 16:47:59 +0000: Memory Usage (133740K) : metal1_mask has 0 polygons
2026-08-20 16:47:59 +0000: Memory Usage (133740K) : metal1_nofill has 2 polygons
2026-08-20 16:47:59 +0000: Memory Usage (133996K) : metal1_text has 5 polygons
2026-08-20 16:47:59 +0000: Memory Usage (133996K) : metal1_OPC has 0 polygons
2026-08-20 16:47:59 +0000: Memory Usage (134124K) : metal1_noqrc has 0 polygons
2026-08-20 16:47:59 +0000: Memory Usage (134124K) : metal1_res has 0 polygons
2026-08-20 16:47:59 +0000: Memory Usage (134124K) : metal1_iprobe has 0 polygons
2026-08-20 16:47:59 +0000: Memory Usage (134252K) : metal1_diffprb has 0 polygons
2026-08-20 16:47:59 +0000: Memory Usage (134252K) : passiv_drw has 2 polygons
2026-08-20 16:47:59 +0000: Memory Usage (134380K) : passiv_pin has 0 polygons
2026-08-20 16:47:59 +0000: Memory Usage (134380K) : passiv_sbump has 0 polygons
2026-08-20 16:47:59 +0000: Memory Usage (134380K) : passiv_pillar has 0 polygons
2026-08-20 16:47:59 +0000: Memory Usage (134508K) : passiv_pdl has 0 polygons
2026-08-20 16:47:59 +0000: Memory Usage (134508K) : metal2_drw has 588 polygons
2026-08-20 16:47:59 +0000: Memory Usage (134508K) : metal2_filler has 0 polygons
2026-08-20 16:47:59 +0000: Memory Usage (134508K) : metal2_slit has 0 polygons
2026-08-20 16:47:59 +0000: Memory Usage (134636K) : metal2 has 588 polygons
2026-08-20 16:47:59 +0000: Memory Usage (134636K) : metal2_pin has 10 polygons
2026-08-20 16:47:59 +0000: Memory Usage (134636K) : metal2_mask has 0 polygons
2026-08-20 16:47:59 +0000: Memory Usage (134764K) : metal2_nofill has 2 polygons
2026-08-20 16:47:59 +0000: Memory Usage (134764K) : metal2_text has 3 polygons
2026-08-20 16:47:59 +0000: Memory Usage (134764K) : metal2_OPC has 0 polygons
2026-08-20 16:47:59 +0000: Memory Usage (134764K) : metal2_noqrc has 0 polygons
2026-08-20 16:47:59 +0000: Memory Usage (134764K) : metal2_res has 0 polygons
2026-08-20 16:47:59 +0000: Memory Usage (134892K) : metal2_iprobe has 0 polygons
2026-08-20 16:47:59 +0000: Memory Usage (134892K) : metal2_diffprb has 0 polygons
2026-08-20 16:47:59 +0000: Memory Usage (134892K) : baspoly_drw has 0 polygons
2026-08-20 16:47:59 +0000: Memory Usage (135020K) : baspoly_pin has 0 polygons
2026-08-20 16:47:59 +0000: Memory Usage (135020K) : psd_drw has 515 polygons
2026-08-20 16:47:59 +0000: Memory Usage (135020K) : nldb_drw has 0 polygons
2026-08-20 16:47:59 +0000: Memory Usage (135020K) : digibnd_drw has 0 polygons
2026-08-20 16:47:59 +0000: Memory Usage (135148K) : via1_drw has 7666 polygons
2026-08-20 16:47:59 +0000: Memory Usage (135148K) : backmetal1_drw has 0 polygons
2026-08-20 16:47:59 +0000: Memory Usage (135148K) : backmetal1_pin has 0 polygons
2026-08-20 16:47:59 +0000: Memory Usage (135148K) : backmetal1_mask has 0 polygons
2026-08-20 16:47:59 +0000: Memory Usage (135276K) : backmetal1_filler has 0 polygons
2026-08-20 16:47:59 +0000: Memory Usage (135276K) : backmetal1_nofill has 0 polygons
2026-08-20 16:47:59 +0000: Memory Usage (135276K) : backmetal1_slit has 0 polygons
2026-08-20 16:47:59 +0000: Memory Usage (135276K) : backmetal1_text has 0 polygons
2026-08-20 16:47:59 +0000: Memory Usage (135404K) : backmetal1_OPC has 0 polygons
2026-08-20 16:47:59 +0000: Memory Usage (135404K) : backmetal1_noqrc has 0 polygons
2026-08-20 16:47:59 +0000: Memory Usage (135404K) : backmetal1_res has 0 polygons
2026-08-20 16:47:59 +0000: Memory Usage (135404K) : backmetal1_iprobe has 0 polygons
2026-08-20 16:47:59 +0000: Memory Usage (135532K) : backmetal1_diffprb has 0 polygons
2026-08-20 16:47:59 +0000: Memory Usage (135532K) : backpassiv_drw has 0 polygons
2026-08-20 16:47:59 +0000: Memory Usage (135532K) : res_drw has 2 polygons
2026-08-20 16:47:59 +0000: Memory Usage (135660K) : sram_drw has 0 polygons
2026-08-20 16:47:59 +0000: Memory Usage (135660K) : trans_drw has 2 polygons
2026-08-20 16:47:59 +0000: Memory Usage (135660K) : ind_drw has 2 polygons
2026-08-20 16:47:59 +0000: Memory Usage (135660K) : ind_pin has 4 polygons
2026-08-20 16:47:59 +0000: Memory Usage (135660K) : ind_text has 4 polygons
2026-08-20 16:47:59 +0000: Memory Usage (135788K) : salblock_drw has 12 polygons
2026-08-20 16:47:59 +0000: Memory Usage (135788K) : via2_drw has 853 polygons
2026-08-20 16:47:59 +0000: Memory Usage (135788K) : metal3_drw has 79 polygons
2026-08-20 16:47:59 +0000: Memory Usage (135916K) : metal3_filler has 0 polygons
2026-08-20 16:47:59 +0000: Memory Usage (135916K) : metal3_slit has 0 polygons
2026-08-20 16:47:59 +0000: Memory Usage (135916K) : metal3 has 79 polygons
2026-08-20 16:47:59 +0000: Memory Usage (135916K) : metal3_pin has 2 polygons
2026-08-20 16:47:59 +0000: Memory Usage (135916K) : metal3_mask has 0 polygons
2026-08-20 16:47:59 +0000: Memory Usage (135916K) : metal3_nofill has 2 polygons
2026-08-20 16:47:59 +0000: Memory Usage (135916K) : metal3_text has 0 polygons
2026-08-20 16:47:59 +0000: Memory Usage (135916K) : metal3_OPC has 0 polygons
2026-08-20 16:47:59 +0000: Memory Usage (135916K) : metal3_noqrc has 0 polygons
2026-08-20 16:47:59 +0000: Memory Usage (135916K) : metal3_res has 0 polygons
2026-08-20 16:47:59 +0000: Memory Usage (135916K) : metal3_iprobe has 0 polygons
2026-08-20 16:47:59 +0000: Memory Usage (135916K) : metal3_diffprb has 0 polygons
2026-08-20 16:47:59 +0000: Memory Usage (135916K) : nwell_drw has 14 polygons
2026-08-20 16:47:59 +0000: Memory Usage (135916K) : nwell_pin has 0 polygons
2026-08-20 16:47:59 +0000: Memory Usage (135916K) : nwell_text has 0 polygons
2026-08-20 16:47:59 +0000: Memory Usage (136044K) : nbulay_drw has 1 polygons
2026-08-20 16:47:59 +0000: Memory Usage (136044K) : nbulay_pin has 0 polygons
2026-08-20 16:47:59 +0000: Memory Usage (136044K) : nbulay_block has 0 polygons
2026-08-20 16:47:59 +0000: Memory Usage (136044K) : emwind_drw has 4 polygons
2026-08-20 16:47:59 +0000: Memory Usage (136044K) : emwind_OPC has 0 polygons
2026-08-20 16:47:59 +0000: Memory Usage (136172K) : deepco_drw has 0 polygons
2026-08-20 16:47:59 +0000: Memory Usage (136172K) : mim_drw has 0 polygons
2026-08-20 16:47:59 +0000: Memory Usage (136172K) : edgeseal_drw has 0 polygons
2026-08-20 16:47:59 +0000: Memory Usage (136172K) : substrate_drw has 500 polygons
2026-08-20 16:47:59 +0000: Memory Usage (136172K) : substrate_text has 0 polygons
2026-08-20 16:47:59 +0000: Memory Usage (136172K) : dfpad_drw has 2 polygons
2026-08-20 16:47:59 +0000: Memory Usage (136300K) : dfpad_pillar has 0 polygons
2026-08-20 16:47:59 +0000: Memory Usage (136300K) : dfpad_sbump has 0 polygons
2026-08-20 16:47:59 +0000: Memory Usage (136300K) : thickgateox_drw has 1 polygons
2026-08-20 16:47:59 +0000: Memory Usage (136300K) : pldb_drw has 0 polygons
2026-08-20 16:47:59 +0000: Memory Usage (136300K) : pwell_drw has 0 polygons
2026-08-20 16:47:59 +0000: Memory Usage (136428K) : pwell_pin has 0 polygons
2026-08-20 16:47:59 +0000: Memory Usage (136428K) : pwell_block has 2 polygons
2026-08-20 16:47:59 +0000: Memory Usage (136428K) : ic_drw has 0 polygons
2026-08-20 16:47:59 +0000: Memory Usage (136428K) : via3_drw has 1047 polygons
2026-08-20 16:47:59 +0000: Memory Usage (136428K) : metal4_drw has 32 polygons
2026-08-20 16:47:59 +0000: Memory Usage (136428K) : metal4_filler has 0 polygons
2026-08-20 16:47:59 +0000: Memory Usage (136556K) : metal4_slit has 0 polygons
2026-08-20 16:47:59 +0000: Memory Usage (136556K) : metal4 has 32 polygons
2026-08-20 16:47:59 +0000: Memory Usage (136556K) : metal4_pin has 0 polygons
2026-08-20 16:47:59 +0000: Memory Usage (136556K) : metal4_mask has 0 polygons
2026-08-20 16:47:59 +0000: Memory Usage (136556K) : metal4_nofill has 2 polygons
2026-08-20 16:47:59 +0000: Memory Usage (136556K) : metal4_text has 3 polygons
2026-08-20 16:47:59 +0000: Memory Usage (136684K) : metal4_OPC has 0 polygons
2026-08-20 16:47:59 +0000: Memory Usage (136684K) : metal4_noqrc has 0 polygons
2026-08-20 16:47:59 +0000: Memory Usage (136684K) : metal4_res has 0 polygons
2026-08-20 16:47:59 +0000: Memory Usage (136684K) : metal4_iprobe has 0 polygons
2026-08-20 16:47:59 +0000: Memory Usage (136684K) : metal4_diffprb has 0 polygons
2026-08-20 16:47:59 +0000: Memory Usage (136684K) : heattrans_drw has 123 polygons
2026-08-20 16:47:59 +0000: Memory Usage (136812K) : heatres_drw has 2 polygons
2026-08-20 16:47:59 +0000: Memory Usage (136812K) : fbe_drw has 0 polygons
2026-08-20 16:47:59 +0000: Memory Usage (136812K) : empoly_drw has 0 polygons
2026-08-20 16:47:59 +0000: Memory Usage (136812K) : digisub_drw has 0 polygons
2026-08-20 16:47:59 +0000: Memory Usage (136812K) : text_drw has 655 polygons
2026-08-20 16:47:59 +0000: Memory Usage (136812K) : via4_drw has 1041 polygons
2026-08-20 16:47:59 +0000: Memory Usage (136940K) : metal5_drw has 43 polygons
2026-08-20 16:47:59 +0000: Memory Usage (136940K) : metal5_filler has 0 polygons
2026-08-20 16:47:59 +0000: Memory Usage (136940K) : metal5_slit has 0 polygons
2026-08-20 16:47:59 +0000: Memory Usage (136940K) : metal5 has 43 polygons
2026-08-20 16:47:59 +0000: Memory Usage (136940K) : metal5_pin has 0 polygons
2026-08-20 16:47:59 +0000: Memory Usage (136940K) : metal5_mask has 0 polygons
2026-08-20 16:47:59 +0000: Memory Usage (137068K) : metal5_nofill has 2 polygons
2026-08-20 16:47:59 +0000: Memory Usage (137068K) : metal5_text has 0 polygons
2026-08-20 16:47:59 +0000: Memory Usage (137068K) : metal5_OPC has 0 polygons
2026-08-20 16:47:59 +0000: Memory Usage (137068K) : metal5_noqrc has 0 polygons
2026-08-20 16:47:59 +0000: Memory Usage (137068K) : metal5_res has 0 polygons
2026-08-20 16:47:59 +0000: Memory Usage (137068K) : metal5_iprobe has 0 polygons
2026-08-20 16:47:59 +0000: Memory Usage (137068K) : metal5_diffprb has 0 polygons
2026-08-20 16:47:59 +0000: Memory Usage (137196K) : radhard_drw has 0 polygons
2026-08-20 16:47:59 +0000: Memory Usage (137196K) : memcap_drw has 0 polygons
2026-08-20 16:47:59 +0000: Memory Usage (137196K) : varicap_drw has 0 polygons
2026-08-20 16:47:59 +0000: Memory Usage (137196K) : intbondvia_drw has 0 polygons
2026-08-20 16:47:59 +0000: Memory Usage (137324K) : intbondmet_drw has 0 polygons
2026-08-20 16:47:59 +0000: Memory Usage (137324K) : devbondvia_drw has 0 polygons
2026-08-20 16:47:59 +0000: Memory Usage (137324K) : devbondmet_drw has 0 polygons
2026-08-20 16:47:59 +0000: Memory Usage (137324K) : devtrench_drw has 0 polygons
2026-08-20 16:47:59 +0000: Memory Usage (137452K) : redist_drw has 0 polygons
2026-08-20 16:47:59 +0000: Memory Usage (137452K) : graphbot_drw has 0 polygons
2026-08-20 16:47:59 +0000: Memory Usage (137452K) : graphtop_drw has 0 polygons
2026-08-20 16:47:59 +0000: Memory Usage (137452K) : antvia1_drw has 0 polygons
2026-08-20 16:47:59 +0000: Memory Usage (137452K) : antmetal2_drw has 0 polygons
2026-08-20 16:47:59 +0000: Memory Usage (137452K) : graphcont_drw has 0 polygons
2026-08-20 16:47:59 +0000: Memory Usage (137580K) : siwg_drw has 0 polygons
2026-08-20 16:47:59 +0000: Memory Usage (137580K) : siwg_filler has 0 polygons
2026-08-20 16:47:59 +0000: Memory Usage (137580K) : siwg_nofill has 0 polygons
2026-08-20 16:47:59 +0000: Memory Usage (137580K) : sigrating_drw has 0 polygons
2026-08-20 16:47:59 +0000: Memory Usage (137580K) : singrating_drw has 0 polygons
2026-08-20 16:47:59 +0000: Memory Usage (137708K) : graphpas_drw has 0 polygons
2026-08-20 16:47:59 +0000: Memory Usage (137708K) : emwind3_drw has 0 polygons
2026-08-20 16:47:59 +0000: Memory Usage (137708K) : emwihv3_drw has 0 polygons
2026-08-20 16:47:59 +0000: Memory Usage (137708K) : redbulay_drw has 0 polygons
2026-08-20 16:47:59 +0000: Memory Usage (137708K) : smos_drw has 0 polygons
2026-08-20 16:47:59 +0000: Memory Usage (137708K) : graphpad_drw has 0 polygons
2026-08-20 16:47:59 +0000: Memory Usage (137836K) : polimide_drw has 0 polygons
2026-08-20 16:47:59 +0000: Memory Usage (137836K) : polimide_pin has 0 polygons
2026-08-20 16:47:59 +0000: Memory Usage (137836K) : recog_drw has 1 polygons
2026-08-20 16:47:59 +0000: Memory Usage (137836K) : recog_pin has 0 polygons
2026-08-20 16:47:59 +0000: Memory Usage (137964K) : recog_esd has 5 polygons
2026-08-20 16:47:59 +0000: Memory Usage (137964K) : recog_diode has 0 polygons
2026-08-20 16:47:59 +0000: Memory Usage (137964K) : recog_tsv has 0 polygons
2026-08-20 16:47:59 +0000: Memory Usage (137964K) : recog_iprobe has 0 polygons
2026-08-20 16:47:59 +0000: Memory Usage (138092K) : recog_diffprb has 0 polygons
2026-08-20 16:47:59 +0000: Memory Usage (138092K) : recog_pillar has 0 polygons
2026-08-20 16:47:59 +0000: Memory Usage (138092K) : recog_sbump has 0 polygons
2026-08-20 16:47:59 +0000: Memory Usage (138092K) : recog_otp has 0 polygons
2026-08-20 16:47:59 +0000: Memory Usage (138220K) : recog_pdiode has 0 polygons
2026-08-20 16:47:59 +0000: Memory Usage (138220K) : recog_mom has 0 polygons
2026-08-20 16:47:59 +0000: Memory Usage (138220K) : recog_momf has 0 polygons
2026-08-20 16:47:59 +0000: Memory Usage (138220K) : recog_pcm has 0 polygons
2026-08-20 16:47:59 +0000: Memory Usage (138348K) : colopen_drw has 0 polygons
2026-08-20 16:47:59 +0000: Memory Usage (138348K) : graphmetal1_drw has 0 polygons
2026-08-20 16:47:59 +0000: Memory Usage (138348K) : graphmetal1_filler has 0 polygons
2026-08-20 16:47:59 +0000: Memory Usage (138348K) : graphmetal1_nofill has 0 polygons
2026-08-20 16:47:59 +0000: Memory Usage (138476K) : graphmetal1_slit has 0 polygons
2026-08-20 16:47:59 +0000: Memory Usage (138476K) : graphmetal1_OPC has 0 polygons
2026-08-20 16:47:59 +0000: Memory Usage (138476K) : graphmet1l_drw has 0 polygons
2026-08-20 16:47:59 +0000: Memory Usage (138476K) : graphmet1l_filler has 0 polygons
2026-08-20 16:47:59 +0000: Memory Usage (138604K) : graphmet1l_nofill has 0 polygons
2026-08-20 16:47:59 +0000: Memory Usage (138604K) : graphmet1l_slit has 0 polygons
2026-08-20 16:47:59 +0000: Memory Usage (138604K) : graphmet1l_OPC has 0 polygons
2026-08-20 16:47:59 +0000: Memory Usage (138604K) : extblock_drw has 6 polygons
2026-08-20 16:47:59 +0000: Memory Usage (138604K) : nldd_drw has 0 polygons
2026-08-20 16:47:59 +0000: Memory Usage (138732K) : pldd_drw has 0 polygons
2026-08-20 16:47:59 +0000: Memory Usage (138732K) : next_drw has 0 polygons
2026-08-20 16:47:59 +0000: Memory Usage (138732K) : pext_drw has 0 polygons
2026-08-20 16:47:59 +0000: Memory Usage (138732K) : nexthv_drw has 0 polygons
2026-08-20 16:47:59 +0000: Memory Usage (138732K) : pexthv_drw has 0 polygons
2026-08-20 16:47:59 +0000: Memory Usage (138860K) : graphgate_drw has 0 polygons
2026-08-20 16:47:59 +0000: Memory Usage (138860K) : sinwg_drw has 0 polygons
2026-08-20 16:47:59 +0000: Memory Usage (138860K) : sinwg_filler has 0 polygons
2026-08-20 16:47:59 +0000: Memory Usage (138860K) : sinwg_nofill has 0 polygons
2026-08-20 16:47:59 +0000: Memory Usage (138860K) : mempad_drw has 0 polygons
2026-08-20 16:47:59 +0000: Memory Usage (138860K) : topvia1_drw has 486 polygons
2026-08-20 16:47:59 +0000: Memory Usage (138988K) : topmetal1_drw has 57 polygons
2026-08-20 16:47:59 +0000: Memory Usage (138988K) : topmetal1_filler has 0 polygons
2026-08-20 16:47:59 +0000: Memory Usage (138988K) : topmetal1_slit has 0 polygons
2026-08-20 16:47:59 +0000: Memory Usage (138988K) : topmetal1 has 57 polygons
2026-08-20 16:47:59 +0000: Memory Usage (138988K) : topmetal1_pin has 0 polygons
2026-08-20 16:47:59 +0000: Memory Usage (139116K) : topmetal1_mask has 0 polygons
2026-08-20 16:47:59 +0000: Memory Usage (139116K) : topmetal1_nofill has 2 polygons
2026-08-20 16:47:59 +0000: Memory Usage (139116K) : topmetal1_text has 0 polygons
2026-08-20 16:47:59 +0000: Memory Usage (139116K) : topmetal1_noqrc has 0 polygons
2026-08-20 16:47:59 +0000: Memory Usage (139244K) : topmetal1_res has 0 polygons
2026-08-20 16:47:59 +0000: Memory Usage (139244K) : topmetal1_iprobe has 0 polygons
2026-08-20 16:47:59 +0000: Memory Usage (139244K) : topmetal1_diffprb has 0 polygons
2026-08-20 16:47:59 +0000: Memory Usage (139244K) : inldpwl_drw has 0 polygons
2026-08-20 16:47:59 +0000: Memory Usage (139372K) : polyres_drw has 2 polygons
2026-08-20 16:47:59 +0000: Memory Usage (139372K) : polyres_pin has 0 polygons
2026-08-20 16:47:59 +0000: Memory Usage (139372K) : vmim_drw has 0 polygons
2026-08-20 16:47:59 +0000: Memory Usage (139372K) : nbulaycut_drw has 0 polygons
2026-08-20 16:47:59 +0000: Memory Usage (139372K) : antmetal1_drw has 0 polygons
2026-08-20 16:47:59 +0000: Memory Usage (139500K) : topvia2_drw has 232 polygons
2026-08-20 16:47:59 +0000: Memory Usage (139628K) : topmetal2_drw has 64 polygons
2026-08-20 16:47:59 +0000: Memory Usage (139756K) : topmetal2_filler has 0 polygons
2026-08-20 16:47:59 +0000: Memory Usage (139756K) : topmetal2_slit has 0 polygons
2026-08-20 16:47:59 +0000: Memory Usage (139756K) : topmetal2 has 64 polygons
2026-08-20 16:47:59 +0000: Memory Usage (139884K) : topmetal2_pin has 4 polygons
2026-08-20 16:47:59 +0000: Memory Usage (139884K) : topmetal2_mask has 0 polygons
2026-08-20 16:47:59 +0000: Memory Usage (139884K) : topmetal2_nofill has 2 polygons
2026-08-20 16:47:59 +0000: Memory Usage (139884K) : topmetal2_text has 8 polygons
2026-08-20 16:47:59 +0000: Memory Usage (140012K) : topmetal2_noqrc has 0 polygons
2026-08-20 16:47:59 +0000: Memory Usage (140012K) : topmetal2_res has 0 polygons
2026-08-20 16:47:59 +0000: Memory Usage (140012K) : topmetal2_iprobe has 0 polygons
2026-08-20 16:47:59 +0000: Memory Usage (140012K) : topmetal2_diffprb has 0 polygons
2026-08-20 16:47:59 +0000: Memory Usage (140140K) : snsring_drw has 0 polygons
2026-08-20 16:47:59 +0000: Memory Usage (140140K) : sensor_drw has 0 polygons
2026-08-20 16:47:59 +0000: Memory Usage (140140K) : snsarms_drw has 0 polygons
2026-08-20 16:47:59 +0000: Memory Usage (140140K) : snscmosvia_drw has 0 polygons
2026-08-20 16:47:59 +0000: Memory Usage (140268K) : colwind_drw has 0 polygons
2026-08-20 16:47:59 +0000: Memory Usage (140396K) : flm_drw has 0 polygons
2026-08-20 16:47:59 +0000: Memory Usage (140396K) : hafniumox_drw has 0 polygons
2026-08-20 16:47:59 +0000: Memory Usage (140396K) : memvia_drw has 0 polygons
2026-08-20 16:47:59 +0000: Memory Usage (140396K) : thinfilmres_drw has 0 polygons
2026-08-20 16:47:59 +0000: Memory Usage (140396K) : rfmem_drw has 0 polygons
2026-08-20 16:47:59 +0000: Memory Usage (140396K) : norcx_drw has 2 polygons
2026-08-20 16:47:59 +0000: Memory Usage (140396K) : norcx_m2m3 has 0 polygons
2026-08-20 16:47:59 +0000: Memory Usage (140396K) : norcx_m2m4 has 0 polygons
2026-08-20 16:47:59 +0000: Memory Usage (140396K) : norcx_m2m5 has 0 polygons
2026-08-20 16:47:59 +0000: Memory Usage (140396K) : norcx_m2tm1 has 0 polygons
2026-08-20 16:47:59 +0000: Memory Usage (140396K) : norcx_m2tm2 has 0 polygons
2026-08-20 16:47:59 +0000: Memory Usage (140396K) : norcx_m3m4 has 0 polygons
2026-08-20 16:47:59 +0000: Memory Usage (140396K) : norcx_m3m5 has 0 polygons
2026-08-20 16:47:59 +0000: Memory Usage (140396K) : norcx_m3tm1 has 0 polygons
2026-08-20 16:47:59 +0000: Memory Usage (140396K) : norcx_m3tm2 has 0 polygons
2026-08-20 16:47:59 +0000: Memory Usage (140396K) : norcx_m4m5 has 0 polygons
2026-08-20 16:47:59 +0000: Memory Usage (140396K) : norcx_m4tm1 has 0 polygons
2026-08-20 16:47:59 +0000: Memory Usage (140396K) : norcx_m4tm2 has 0 polygons
2026-08-20 16:47:59 +0000: Memory Usage (140396K) : norcx_m5tm1 has 0 polygons
2026-08-20 16:47:59 +0000: Memory Usage (140396K) : norcx_m5tm2 has 0 polygons
2026-08-20 16:47:59 +0000: Memory Usage (140396K) : norcx_tm1tm2 has 0 polygons
2026-08-20 16:47:59 +0000: Memory Usage (140396K) : norcx_m1sub has 0 polygons
2026-08-20 16:47:59 +0000: Memory Usage (140396K) : norcx_m2sub has 0 polygons
2026-08-20 16:47:59 +0000: Memory Usage (140396K) : norcx_m3sub has 0 polygons
2026-08-20 16:47:59 +0000: Memory Usage (140396K) : norcx_m4sub has 0 polygons
2026-08-20 16:47:59 +0000: Memory Usage (140396K) : norcx_m5sub has 0 polygons
2026-08-20 16:47:59 +0000: Memory Usage (140396K) : norcx_tm1sub has 0 polygons
2026-08-20 16:47:59 +0000: Memory Usage (140396K) : norcx_tm2sub has 0 polygons
2026-08-20 16:47:59 +0000: Memory Usage (140396K) : snsbotvia_drw has 0 polygons
2026-08-20 16:47:59 +0000: Memory Usage (140396K) : snstopvia_drw has 0 polygons
2026-08-20 16:47:59 +0000: Memory Usage (140396K) : deepvia_drw has 0 polygons
2026-08-20 16:47:59 +0000: Memory Usage (140396K) : fgetch_drw has 0 polygons
2026-08-20 16:47:59 +0000: Memory Usage (140396K) : ctrgat_drw has 0 polygons
2026-08-20 16:47:59 +0000: Memory Usage (140396K) : fgimp_drw has 0 polygons
2026-08-20 16:47:59 +0000: Memory Usage (140396K) : emwihv_drw has 0 polygons
2026-08-20 16:47:59 +0000: Memory Usage (140396K) : lbe_drw has 2 polygons
2026-08-20 16:47:59 +0000: Memory Usage (140396K) : alcustop_drw has 0 polygons
2026-08-20 16:47:59 +0000: Memory Usage (140396K) : nometfiller_drw has 0 polygons
2026-08-20 16:47:59 +0000: Memory Usage (140396K) : prboundary_drw has 0 polygons
2026-08-20 16:47:59 +0000: Memory Usage (140396K) : exchange0_drw has 0 polygons
2026-08-20 16:47:59 +0000: Memory Usage (140396K) : exchange0_pin has 0 polygons
2026-08-20 16:47:59 +0000: Memory Usage (140396K) : exchange0_text has 0 polygons
2026-08-20 16:47:59 +0000: Memory Usage (140396K) : exchange1_drw has 0 polygons
2026-08-20 16:47:59 +0000: Memory Usage (140396K) : exchange1_pin has 0 polygons
2026-08-20 16:47:59 +0000: Memory Usage (140396K) : exchange1_text has 0 polygons
2026-08-20 16:47:59 +0000: Memory Usage (140396K) : exchange2_drw has 0 polygons
2026-08-20 16:47:59 +0000: Memory Usage (140396K) : exchange2_pin has 0 polygons
2026-08-20 16:47:59 +0000: Memory Usage (140396K) : exchange2_text has 0 polygons
2026-08-20 16:47:59 +0000: Memory Usage (140396K) : exchange3_drw has 0 polygons
2026-08-20 16:47:59 +0000: Memory Usage (140396K) : exchange3_pin has 0 polygons
2026-08-20 16:47:59 +0000: Memory Usage (140396K) : exchange3_text has 0 polygons
2026-08-20 16:47:59 +0000: Memory Usage (140396K) : exchange4_drw has 0 polygons
2026-08-20 16:47:59 +0000: Memory Usage (140396K) : exchange4_pin has 0 polygons
2026-08-20 16:47:59 +0000: Memory Usage (140396K) : exchange4_text has 0 polygons
2026-08-20 16:47:59 +0000: Memory Usage (140396K) : isonwell_drw has 0 polygons
2026-08-20 16:47:59 +0000: Memory Usage (140396K) : Total no. of polygons in the design is 32165
2026-08-20 16:47:59 +0000: Memory Usage (140396K) : Starting base layers derivations
2026-08-20 16:47:59 +0000: Memory Usage (140396K) : Starting general LVS derivations
2026-08-20 16:47:59 +0000: Memory Usage (145056K) : Starting MOSFET DERIVATIONS
2026-08-20 16:47:59 +0000: Memory Usage (145824K) : Starting NMOS DERIVATIONS
2026-08-20 16:47:59 +0000: Memory Usage (145824K) : Starting PMOS DERIVATIONS
2026-08-20 16:47:59 +0000: Memory Usage (145824K) : Starting RF-MOSFET DERIVATIONS
2026-08-20 16:47:59 +0000: Memory Usage (145824K) : Starting RF-NMOS DERIVATIONS
2026-08-20 16:47:59 +0000: Memory Usage (145824K) : Starting RF-PMOS DERIVATIONS
2026-08-20 16:47:59 +0000: Memory Usage (145824K) : Starting BJT DERIVATIONS
2026-08-20 16:47:59 +0000: Memory Usage (145824K) : Starting NPN-BJT DERIVATIONS
2026-08-20 16:47:59 +0000: Memory Usage (145824K) : Starting PNP-BJT DERIVATIONS
2026-08-20 16:47:59 +0000: Memory Usage (145824K) : Starting DIODE DERIVATIONS
2026-08-20 16:47:59 +0000: Memory Usage (145824K) : Starting RESISTOR DERIVATIONS
2026-08-20 16:48:00 +0000: Memory Usage (145824K) : Starting CAP DERIVATIONS
2026-08-20 16:48:00 +0000: Memory Usage (145824K) : Starting CAP_CMOM DERIVATIONS
2026-08-20 16:48:00 +0000: Memory Usage (145824K) : Starting CAP_CMOMF DERIVATIONS
2026-08-20 16:48:00 +0000: Memory Usage (145824K) : Starting ESD DERIVATIONS
2026-08-20 16:48:01 +0000: Memory Usage (145952K) : Starting Inductor DERIVATIONS
2026-08-20 16:48:01 +0000: Memory Usage (145952K) : Starting Taps DERIVATIONS
2026-08-20 16:48:01 +0000: Memory Usage (145952K) : Starting SG13G2 LVS connectivity setup
2026-08-20 16:48:01 +0000: Memory Usage (145952K) : Starting SG13G2 LVS connectivity setup (Inter-layer)
2026-08-20 16:48:01 +0000: Memory Usage (145952K) : Starting SG13G2 LVS connectivity setup (Global)
2026-08-20 16:48:01 +0000: Memory Usage (145952K) : Starting LVS MOSFET CONNECTIONS
2026-08-20 16:48:01 +0000: Memory Usage (145952K) : Starting LVS RF-MOSFET CONNECTIONS
2026-08-20 16:48:01 +0000: Memory Usage (145952K) : Starting LVS BJT CONNECTIONS
2026-08-20 16:48:01 +0000: Memory Usage (145952K) : Starting LVS DIODE CONNECTIONS
2026-08-20 16:48:01 +0000: Memory Usage (145952K) : Starting RESISTOR CONNECTIONS
2026-08-20 16:48:01 +0000: Memory Usage (145952K) : Starting LVS CAP CONNECTIONS
2026-08-20 16:48:01 +0000: Memory Usage (145952K) : Starting CAP_CMOM CONNECTIONS
2026-08-20 16:48:01 +0000: Memory Usage (145952K) : Starting CAP_CMOMF CONNECTIONS
2026-08-20 16:48:01 +0000: Memory Usage (145952K) : Starting ESD CONNECTIONS
2026-08-20 16:48:01 +0000: Memory Usage (145952K) : Starting Inductor CONNECTIONS
2026-08-20 16:48:01 +0000: Memory Usage (145952K) : Starting LVS Taps CONNECTIONS
2026-08-20 16:48:01 +0000: Memory Usage (145952K) : Starting SG13G2 LVS DEVICES EXTRACTION
2026-08-20 16:48:01 +0000: Memory Usage (145952K) : Starting MOSFET EXTRACTION
2026-08-20 16:48:01 +0000: Memory Usage (145952K) : Starting NMOS EXTRACTION
2026-08-20 16:48:01 +0000: Memory Usage (145952K) : Extraction of NMOS-LV transistor
2026-08-20 16:48:01 +0000: Memory Usage (146208K) : Extraction of NMOS-HV transistor
2026-08-20 16:48:01 +0000: Memory Usage (146208K) : Starting PMOS EXTRACTION
2026-08-20 16:48:01 +0000: Memory Usage (146208K) : Extraction of PMOS-LV transistor
2026-08-20 16:48:01 +0000: Memory Usage (146208K) : Extraction of PMOS-HV transistor
2026-08-20 16:48:01 +0000: Memory Usage (146208K) : Starting RF-MOSFET EXTRACTION
2026-08-20 16:48:01 +0000: Memory Usage (146208K) : Extraction of RF-NMOS-LV transistor
2026-08-20 16:48:01 +0000: Memory Usage (146208K) : Extraction of RF-NMOS-HV transistor
2026-08-20 16:48:01 +0000: Memory Usage (146208K) : Extraction of RF-PMOS-LV transistor
2026-08-20 16:48:01 +0000: Memory Usage (146208K) : Extraction of RF-PMOS-HV transistor
2026-08-20 16:48:01 +0000: Memory Usage (146208K) : Starting BJT EXTRACTION
2026-08-20 16:48:01 +0000: Memory Usage (146208K) : Starting NPN-BJT EXTRACTION
2026-08-20 16:48:01 +0000: Memory Usage (146208K) : Extraction of npn13G2 BJT transistor
2026-08-20 16:48:01 +0000: Memory Usage (146208K) : Extraction of npn13G2L BJT transistor
2026-08-20 16:48:01 +0000: Memory Usage (146208K) : Extraction of npn13G2V BJT transistor
2026-08-20 16:48:01 +0000: Memory Usage (146208K) : Starting PNP-BJT EXTRACTION
2026-08-20 16:48:01 +0000: Memory Usage (146208K) : Extracting pnpMPA BJT
2026-08-20 16:48:01 +0000: Memory Usage (146208K) : Starting DIODE EXTRACTION
2026-08-20 16:48:01 +0000: Memory Usage (146208K) : Extracting dantenna diode
2026-08-20 16:48:01 +0000: Memory Usage (146208K) : Extracting dpantenna diode
2026-08-20 16:48:01 +0000: Memory Usage (146208K) : Extracting schottky_nbl1 diode
2026-08-20 16:48:01 +0000: Memory Usage (146208K) : Extracting isolbox diode
2026-08-20 16:48:01 +0000: Memory Usage (146208K) : Starting RESISTOR EXTRACTION
2026-08-20 16:48:01 +0000: Memory Usage (146208K) : Extracting rsil resistor
2026-08-20 16:48:02 +0000: Memory Usage (146208K) : Extracting rppd resistor
2026-08-20 16:48:02 +0000: Memory Usage (146208K) : Extracting rhigh resistor
2026-08-20 16:48:02 +0000: Memory Usage (146208K) : Extracting res_metal1 resistor
2026-08-20 16:48:02 +0000: Memory Usage (146364K) : Extracting res_metal2 resistor
2026-08-20 16:48:02 +0000: Memory Usage (146364K) : Extracting res_metal3 resistor
2026-08-20 16:48:02 +0000: Memory Usage (146364K) : Extracting res_metal4 resistor
2026-08-20 16:48:02 +0000: Memory Usage (146364K) : Extracting res_metal5 resistor
2026-08-20 16:48:02 +0000: Memory Usage (146364K) : Extracting res_topmetal1 resistor
2026-08-20 16:48:02 +0000: Memory Usage (146364K) : Extracting res_topmetal2 resistor
2026-08-20 16:48:02 +0000: Memory Usage (146364K) : Starting CAP EXTRACTION
2026-08-20 16:48:02 +0000: Memory Usage (146364K) : Extracting cap_cmim device
2026-08-20 16:48:02 +0000: Memory Usage (146364K) : Extracting rfcmim device
2026-08-20 16:48:02 +0000: Memory Usage (146364K) : Extracting sg13_hv_svaricap varactor
2026-08-20 16:48:02 +0000: Memory Usage (146364K) : Extracting cap_cmomi device
2026-08-20 16:48:02 +0000: Memory Usage (146364K) : Extracting cap_cmomf device
2026-08-20 16:48:02 +0000: Memory Usage (146364K) : Extracting sg13_moscap_n capacitor
2026-08-20 16:48:02 +0000: Memory Usage (146364K) : Extracting sg13_moscap_p capacitor
2026-08-20 16:48:02 +0000: Memory Usage (146364K) : Starting ESD EXTRACTION
2026-08-20 16:48:02 +0000: Memory Usage (146364K) : Extracting diodevdd_2kv ESD device
2026-08-20 16:48:02 +0000: Memory Usage (146364K) : Extracting diodevdd_4kv ESD device
2026-08-20 16:48:02 +0000: Memory Usage (146364K) : Extracting diodevss_2kv ESD device
2026-08-20 16:48:02 +0000: Memory Usage (146364K) : Extracting diodevss_4kv ESD device
2026-08-20 16:48:02 +0000: Memory Usage (146364K) : Extracting idiodevdd_2kv ESD device
2026-08-20 16:48:02 +0000: Memory Usage (146364K) : Extracting idiodevdd_4kv ESD device
2026-08-20 16:48:02 +0000: Memory Usage (146364K) : Extracting idiodevss_2kv ESD device
2026-08-20 16:48:02 +0000: Memory Usage (146364K) : Extracting idiodevss_4kv ESD device
2026-08-20 16:48:02 +0000: Memory Usage (146364K) : Extracting nmoscl_2 ESD device
2026-08-20 16:48:02 +0000: Memory Usage (146364K) : Extracting nmoscl_4 ESD device
2026-08-20 16:48:02 +0000: Memory Usage (146364K) : Starting Inductor EXTRACTION
2026-08-20 16:48:02 +0000: Memory Usage (146364K) : Extracting Inductor2 device
2026-08-20 16:48:02 +0000: Memory Usage (146492K) : Extracting Inductor3 device
2026-08-20 16:48:02 +0000: Memory Usage (146492K) : Starting Taps EXTRACTION
2026-08-20 16:48:02 +0000: Memory Usage (146492K) : DISABLE_TAP_EXTRACTION is enabled: skipping ntap1/ptap1 device extraction.
2026-08-20 16:48:02 +0000: Memory Usage (146492K) : Starting SG13G2 LVS RF MOS Model Mapping
2026-08-20 16:48:02 +0000: Memory Usage (146620K) : [layout_netlist] Apply RF MOS model mapping and rfmode parameter.
2026-08-20 16:48:02 +0000: Memory Usage (146620K) : Starting SG13G2 LVS Options Preparations
2026-08-20 16:48:02 +0000: Memory Usage (146620K) : SG13G2 LVS flow: extraction -> alignment -> option preparation -> comparison.
2026-08-20 16:48:02 +0000: Memory Usage (146620K) : Starting SG13G2 LVS Alignment
2026-08-20 16:48:02 +0000: Memory Usage (146620K) : Starting SG13G2 LVS Simplification
2026-08-20 16:48:02 +0000: Memory Usage (146620K) : [layout_netlist] simplify: ENABLED
2026-08-20 16:48:02 +0000: Memory Usage (146620K) : [layout_netlist] make_top_level_pins: SKIPPED
2026-08-20 16:48:02 +0000: Memory Usage (146620K) : [layout_netlist] combine_devices: SKIPPED
2026-08-20 16:48:02 +0000: Memory Usage (146620K) : [layout_netlist] purge: SKIPPED
2026-08-20 16:48:02 +0000: Memory Usage (146620K) : [layout_netlist] purge_nets: SKIPPED
2026-08-20 16:48:02 +0000: Memory Usage (146620K) : [schematic_netlist] simplify: ENABLED
2026-08-20 16:48:02 +0000: Memory Usage (146620K) : [schematic_netlist] make_top_level_pins: SKIPPED
2026-08-20 16:48:02 +0000: Memory Usage (146620K) : [schematic_netlist] combine_devices: SKIPPED
2026-08-20 16:48:02 +0000: Memory Usage (146620K) : [schematic_netlist] purge: SKIPPED
2026-08-20 16:48:02 +0000: Memory Usage (146620K) : [schematic_netlist] purge_nets: SKIPPED
2026-08-20 16:48:02 +0000: Memory Usage (146620K) : Starting SG13G2 LVS Comparison
2026-08-20 16:48:02 +0000: Memory Usage (146620K) : xxxxxxxxxxxxxxxxxxxxxxxxxxxxxxxxxxxxxxxxxx
2026-08-20 16:48:02 +0000: Memory Usage (146620K) : ERROR : Netlists don't match
2026-08-20 16:48:02 +0000: Memory Usage (146620K) : xxxxxxxxxxxxxxxxxxxxxxxxxxxxxxxxxxxxxxxxxx
2026-08-20 16:48:02 +0000: Memory Usage (146620K) : LVS Total Run time 3.194541 seconds

--- stderr ---
20-Aug-2026 16:47:58 | INFO    | Your Klayout version is: KLayout 0.30.5 (required >= 0.30.5)
20-Aug-2026 16:47:58 | INFO    | Running SG13G2 LVS checks on design /workspace/layout/blocks/out/driver_stage/probe7/esd_place/driver_dut.gds on cell driver_dut
20-Aug-2026 16:48:02 | INFO    | ==============================================================================
20-Aug-2026 16:48:02 | INFO    | Important Summary
20-Aug-2026 16:48:02 | INFO    | +------------------+----------------------------------------------------------------+
20-Aug-2026 16:48:02 | INFO    | | Status           | FAIL                                                           |
20-Aug-2026 16:48:02 | INFO    | | Mode             | COMPARE                                                        |
20-Aug-2026 16:48:02 | INFO    | | Outcome          | Comparison mode: FAIL (netlists do not match).                 |
20-Aug-2026 16:48:02 | INFO    | | Layout           | driver_dut.gds                                                 |
20-Aug-2026 16:48:02 | INFO    | | Top Cell         | driver_dut                                                     |
20-Aug-2026 16:48:02 | INFO    | | Results Dir      | /workspace/layout/blocks/out/driver_stage/probe7/esd_place/lvs |
20-Aug-2026 16:48:02 | INFO    | | Warnings         | 0                                                              |
20-Aug-2026 16:48:02 | INFO    | | Errors           | 1                                                              |
20-Aug-2026 16:48:02 | INFO    | | Run Time (s)     | 3.529                                                          |
20-Aug-2026 16:48:02 | INFO    | +------------------+----------------------------------------------------------------+
20-Aug-2026 16:48:02 | ERROR   | Key errors:
20-Aug-2026 16:48:02 | ERROR   |   - 2026-08-20 16:48:02 +0000: Memory Usage (146620K) : ERROR : Netlists don't match
20-Aug-2026 16:48:02 | INFO    | ==============================================================================

