# Logfile created on 2026-08-20 17:22:38 +0000 by logger.rb/v1.5.3
2026-08-20 17:22:38 +0000: Memory Usage (129028K) : Starting running SG13G2 Klayout LVS runset on /workspace/layout/blocks/out/driver_stage/granular2/pads_no_esd_no_feed/driver_dut.gds
2026-08-20 17:22:38 +0000: Memory Usage (129028K) : Ruby Version for klayout: 3.2.3
2026-08-20 17:22:38 +0000: Memory Usage (130556K) : Loading database to memory is complete.
2026-08-20 17:22:38 +0000: Memory Usage (130556K) : SG13G2 Klayout LVS runset output at: /workspace/layout/blocks/out/driver_stage/granular2/pads_no_esd_no_feed/lvs/driver_dut.lvsdb
2026-08-20 17:22:38 +0000: Memory Usage (130556K) : Evaluate switches.
2026-08-20 17:22:38 +0000: Memory Usage (130556K) : Extracted netlist with net names: true
2026-08-20 17:22:38 +0000: Memory Usage (130556K) : Extracted netlist with comments in details: false
2026-08-20 17:22:38 +0000: Memory Usage (130556K) : Selected NET_ONLY option: false
2026-08-20 17:22:38 +0000: Memory Usage (130556K) : Selected LAYOUT_NETLIST option: (none)
2026-08-20 17:22:38 +0000: Memory Usage (130556K) : Selected IGNORE_TOP_PORTS_MISMATCH option: true
2026-08-20 17:22:38 +0000: Memory Usage (130556K) : Selected IMPLICIT_NETS option: sub,sub!
2026-08-20 17:22:38 +0000: Memory Usage (130556K) : Selected TOP_LVL_PINS option: false
2026-08-20 17:22:38 +0000: Memory Usage (130556K) : Selected COMBINE DEVICES option: false
2026-08-20 17:22:38 +0000: Memory Usage (130556K) : Selected PURGE option: false
2026-08-20 17:22:38 +0000: Memory Usage (130556K) : Selected PURGE_NETS option: false
2026-08-20 17:22:38 +0000: Memory Usage (130556K) : Selected SIMPLIFY option: true
2026-08-20 17:22:38 +0000: Memory Usage (130556K) : Selected SERIES_RES option: true
2026-08-20 17:22:38 +0000: Memory Usage (130556K) : Selected PARALLEL_RES option: true
2026-08-20 17:22:38 +0000: Memory Usage (130556K) : Selected DISABLE_TAP_EXTRACTION option: true
2026-08-20 17:22:38 +0000: Memory Usage (130556K) : deep  mode is enabled.
2026-08-20 17:22:38 +0000: Memory Usage (130556K) : Applying implicit connections (case-sensitive, pattern supported) for nets: sub, sub!
2026-08-20 17:22:38 +0000: Memory Usage (131788K) : Netlist file: /workspace/layout/blocks/out/driver_stage/granular2/pads_no_esd_no_feed/driver_dut.cdl
2026-08-20 17:22:38 +0000: Memory Usage (131788K) : LVS extracted netlist at: /workspace/layout/blocks/out/driver_stage/granular2/pads_no_esd_no_feed/lvs/driver_dut_extracted.cir
2026-08-20 17:22:38 +0000: Memory Usage (131788K) : Applying SRAM integration support.
2026-08-20 17:22:38 +0000: Memory Usage (131788K) : Starting SG13G2 LVS runset
2026-08-20 17:22:38 +0000: Memory Usage (131788K) : Read in polygons from layers.
2026-08-20 17:22:38 +0000: Memory Usage (132940K) : activ_drw has 875 polygons
2026-08-20 17:22:38 +0000: Memory Usage (132940K) : activ_filler has 0 polygons
2026-08-20 17:22:38 +0000: Memory Usage (133068K) : activ has 875 polygons
2026-08-20 17:22:38 +0000: Memory Usage (133068K) : activ_pin has 0 polygons
2026-08-20 17:22:38 +0000: Memory Usage (133068K) : activ_mask has 4 polygons
2026-08-20 17:22:38 +0000: Memory Usage (133068K) : activ_nofill has 2 polygons
2026-08-20 17:22:38 +0000: Memory Usage (133068K) : activ_OPC has 0 polygons
2026-08-20 17:22:38 +0000: Memory Usage (133068K) : activ_iOPC has 0 polygons
2026-08-20 17:22:38 +0000: Memory Usage (133068K) : activ_noqrc has 0 polygons
2026-08-20 17:22:38 +0000: Memory Usage (133128K) : biwind_drw has 0 polygons
2026-08-20 17:22:38 +0000: Memory Usage (133640K) : biwind_OPC has 0 polygons
2026-08-20 17:22:38 +0000: Memory Usage (133640K) : gatpoly_drw has 140 polygons
2026-08-20 17:22:38 +0000: Memory Usage (133640K) : gatpoly_filler has 0 polygons
2026-08-20 17:22:38 +0000: Memory Usage (133640K) : gatpoly has 140 polygons
2026-08-20 17:22:38 +0000: Memory Usage (133640K) : gatpoly_pin has 119 polygons
2026-08-20 17:22:38 +0000: Memory Usage (133640K) : gatpoly_nofill has 2 polygons
2026-08-20 17:22:38 +0000: Memory Usage (133640K) : gatpoly_OPC has 0 polygons
2026-08-20 17:22:38 +0000: Memory Usage (133640K) : gatpoly_iOPC has 0 polygons
2026-08-20 17:22:38 +0000: Memory Usage (133640K) : gatpoly_noqrc has 0 polygons
2026-08-20 17:22:38 +0000: Memory Usage (133768K) : cont_drw has 10261 polygons
2026-08-20 17:22:38 +0000: Memory Usage (133768K) : cont_OPC has 0 polygons
2026-08-20 17:22:38 +0000: Memory Usage (133768K) : nsd_drw has 0 polygons
2026-08-20 17:22:38 +0000: Memory Usage (133768K) : nsd_block has 4 polygons
2026-08-20 17:22:38 +0000: Memory Usage (133768K) : metal1_drw has 1526 polygons
2026-08-20 17:22:38 +0000: Memory Usage (133768K) : metal1_filler has 0 polygons
2026-08-20 17:22:38 +0000: Memory Usage (133768K) : metal1_slit has 0 polygons
2026-08-20 17:22:38 +0000: Memory Usage (133768K) : metal1 has 1526 polygons
2026-08-20 17:22:38 +0000: Memory Usage (133768K) : metal1_pin has 746 polygons
2026-08-20 17:22:38 +0000: Memory Usage (133768K) : metal1_mask has 0 polygons
2026-08-20 17:22:38 +0000: Memory Usage (133768K) : metal1_nofill has 2 polygons
2026-08-20 17:22:38 +0000: Memory Usage (133896K) : metal1_text has 5 polygons
2026-08-20 17:22:38 +0000: Memory Usage (133896K) : metal1_OPC has 0 polygons
2026-08-20 17:22:38 +0000: Memory Usage (134024K) : metal1_noqrc has 0 polygons
2026-08-20 17:22:38 +0000: Memory Usage (134024K) : metal1_res has 0 polygons
2026-08-20 17:22:38 +0000: Memory Usage (134152K) : metal1_iprobe has 0 polygons
2026-08-20 17:22:38 +0000: Memory Usage (134152K) : metal1_diffprb has 0 polygons
2026-08-20 17:22:38 +0000: Memory Usage (134152K) : passiv_drw has 2 polygons
2026-08-20 17:22:38 +0000: Memory Usage (134280K) : passiv_pin has 0 polygons
2026-08-20 17:22:38 +0000: Memory Usage (134280K) : passiv_sbump has 0 polygons
2026-08-20 17:22:38 +0000: Memory Usage (134280K) : passiv_pillar has 0 polygons
2026-08-20 17:22:38 +0000: Memory Usage (134408K) : passiv_pdl has 0 polygons
2026-08-20 17:22:38 +0000: Memory Usage (134408K) : metal2_drw has 529 polygons
2026-08-20 17:22:38 +0000: Memory Usage (134408K) : metal2_filler has 0 polygons
2026-08-20 17:22:38 +0000: Memory Usage (134536K) : metal2_slit has 0 polygons
2026-08-20 17:22:38 +0000: Memory Usage (134536K) : metal2 has 529 polygons
2026-08-20 17:22:38 +0000: Memory Usage (134536K) : metal2_pin has 2 polygons
2026-08-20 17:22:38 +0000: Memory Usage (134664K) : metal2_mask has 0 polygons
2026-08-20 17:22:38 +0000: Memory Usage (134664K) : metal2_nofill has 2 polygons
2026-08-20 17:22:38 +0000: Memory Usage (134664K) : metal2_text has 3 polygons
2026-08-20 17:22:38 +0000: Memory Usage (134664K) : metal2_OPC has 0 polygons
2026-08-20 17:22:38 +0000: Memory Usage (134792K) : metal2_noqrc has 0 polygons
2026-08-20 17:22:38 +0000: Memory Usage (134792K) : metal2_res has 0 polygons
2026-08-20 17:22:38 +0000: Memory Usage (134792K) : metal2_iprobe has 0 polygons
2026-08-20 17:22:38 +0000: Memory Usage (134792K) : metal2_diffprb has 0 polygons
2026-08-20 17:22:38 +0000: Memory Usage (134920K) : baspoly_drw has 0 polygons
2026-08-20 17:22:38 +0000: Memory Usage (134920K) : baspoly_pin has 0 polygons
2026-08-20 17:22:38 +0000: Memory Usage (134920K) : psd_drw has 503 polygons
2026-08-20 17:22:38 +0000: Memory Usage (134920K) : nldb_drw has 0 polygons
2026-08-20 17:22:38 +0000: Memory Usage (135048K) : digibnd_drw has 0 polygons
2026-08-20 17:22:38 +0000: Memory Usage (135048K) : via1_drw has 6770 polygons
2026-08-20 17:22:38 +0000: Memory Usage (135048K) : backmetal1_drw has 0 polygons
2026-08-20 17:22:38 +0000: Memory Usage (135176K) : backmetal1_pin has 0 polygons
2026-08-20 17:22:38 +0000: Memory Usage (135176K) : backmetal1_mask has 0 polygons
2026-08-20 17:22:38 +0000: Memory Usage (135176K) : backmetal1_filler has 0 polygons
2026-08-20 17:22:38 +0000: Memory Usage (135176K) : backmetal1_nofill has 0 polygons
2026-08-20 17:22:38 +0000: Memory Usage (135304K) : backmetal1_slit has 0 polygons
2026-08-20 17:22:38 +0000: Memory Usage (135304K) : backmetal1_text has 0 polygons
2026-08-20 17:22:38 +0000: Memory Usage (135304K) : backmetal1_OPC has 0 polygons
2026-08-20 17:22:38 +0000: Memory Usage (135304K) : backmetal1_noqrc has 0 polygons
2026-08-20 17:22:38 +0000: Memory Usage (135432K) : backmetal1_res has 0 polygons
2026-08-20 17:22:38 +0000: Memory Usage (135432K) : backmetal1_iprobe has 0 polygons
2026-08-20 17:22:38 +0000: Memory Usage (135432K) : backmetal1_diffprb has 0 polygons
2026-08-20 17:22:38 +0000: Memory Usage (135432K) : backpassiv_drw has 0 polygons
2026-08-20 17:22:38 +0000: Memory Usage (135560K) : res_drw has 2 polygons
2026-08-20 17:22:38 +0000: Memory Usage (135560K) : sram_drw has 0 polygons
2026-08-20 17:22:38 +0000: Memory Usage (135560K) : trans_drw has 2 polygons
2026-08-20 17:22:38 +0000: Memory Usage (135560K) : ind_drw has 2 polygons
2026-08-20 17:22:38 +0000: Memory Usage (135688K) : ind_pin has 4 polygons
2026-08-20 17:22:38 +0000: Memory Usage (135688K) : ind_text has 4 polygons
2026-08-20 17:22:38 +0000: Memory Usage (135688K) : salblock_drw has 12 polygons
2026-08-20 17:22:38 +0000: Memory Usage (135688K) : via2_drw has 804 polygons
2026-08-20 17:22:38 +0000: Memory Usage (135816K) : metal3_drw has 45 polygons
2026-08-20 17:22:38 +0000: Memory Usage (135816K) : metal3_filler has 0 polygons
2026-08-20 17:22:38 +0000: Memory Usage (135816K) : metal3_slit has 0 polygons
2026-08-20 17:22:38 +0000: Memory Usage (135944K) : metal3 has 45 polygons
2026-08-20 17:22:38 +0000: Memory Usage (135944K) : metal3_pin has 2 polygons
2026-08-20 17:22:38 +0000: Memory Usage (135944K) : metal3_mask has 0 polygons
2026-08-20 17:22:38 +0000: Memory Usage (135944K) : metal3_nofill has 2 polygons
2026-08-20 17:22:38 +0000: Memory Usage (135944K) : metal3_text has 0 polygons
2026-08-20 17:22:38 +0000: Memory Usage (135944K) : metal3_OPC has 0 polygons
2026-08-20 17:22:38 +0000: Memory Usage (135944K) : metal3_noqrc has 0 polygons
2026-08-20 17:22:38 +0000: Memory Usage (135944K) : metal3_res has 0 polygons
2026-08-20 17:22:38 +0000: Memory Usage (135944K) : metal3_iprobe has 0 polygons
2026-08-20 17:22:38 +0000: Memory Usage (135944K) : metal3_diffprb has 0 polygons
2026-08-20 17:22:38 +0000: Memory Usage (135944K) : nwell_drw has 4 polygons
2026-08-20 17:22:38 +0000: Memory Usage (135944K) : nwell_pin has 0 polygons
2026-08-20 17:22:38 +0000: Memory Usage (135944K) : nwell_text has 0 polygons
2026-08-20 17:22:38 +0000: Memory Usage (136072K) : nbulay_drw has 1 polygons
2026-08-20 17:22:38 +0000: Memory Usage (136072K) : nbulay_pin has 0 polygons
2026-08-20 17:22:38 +0000: Memory Usage (136072K) : nbulay_block has 0 polygons
2026-08-20 17:22:38 +0000: Memory Usage (136072K) : emwind_drw has 4 polygons
2026-08-20 17:22:38 +0000: Memory Usage (136072K) : emwind_OPC has 0 polygons
2026-08-20 17:22:38 +0000: Memory Usage (136072K) : deepco_drw has 0 polygons
2026-08-20 17:22:38 +0000: Memory Usage (136200K) : mim_drw has 0 polygons
2026-08-20 17:22:38 +0000: Memory Usage (136200K) : edgeseal_drw has 0 polygons
2026-08-20 17:22:38 +0000: Memory Usage (136200K) : substrate_drw has 500 polygons
2026-08-20 17:22:38 +0000: Memory Usage (136200K) : substrate_text has 0 polygons
2026-08-20 17:22:38 +0000: Memory Usage (136200K) : dfpad_drw has 2 polygons
2026-08-20 17:22:38 +0000: Memory Usage (136200K) : dfpad_pillar has 0 polygons
2026-08-20 17:22:38 +0000: Memory Usage (136328K) : dfpad_sbump has 0 polygons
2026-08-20 17:22:38 +0000: Memory Usage (136328K) : thickgateox_drw has 1 polygons
2026-08-20 17:22:38 +0000: Memory Usage (136328K) : pldb_drw has 0 polygons
2026-08-20 17:22:38 +0000: Memory Usage (136328K) : pwell_drw has 0 polygons
2026-08-20 17:22:38 +0000: Memory Usage (136328K) : pwell_pin has 0 polygons
2026-08-20 17:22:38 +0000: Memory Usage (136456K) : pwell_block has 2 polygons
2026-08-20 17:22:38 +0000: Memory Usage (136456K) : ic_drw has 0 polygons
2026-08-20 17:22:38 +0000: Memory Usage (136456K) : via3_drw has 1018 polygons
2026-08-20 17:22:38 +0000: Memory Usage (136456K) : metal4_drw has 24 polygons
2026-08-20 17:22:38 +0000: Memory Usage (136456K) : metal4_filler has 0 polygons
2026-08-20 17:22:38 +0000: Memory Usage (136456K) : metal4_slit has 0 polygons
2026-08-20 17:22:38 +0000: Memory Usage (136584K) : metal4 has 24 polygons
2026-08-20 17:22:38 +0000: Memory Usage (136584K) : metal4_pin has 0 polygons
2026-08-20 17:22:38 +0000: Memory Usage (136584K) : metal4_mask has 0 polygons
2026-08-20 17:22:38 +0000: Memory Usage (136584K) : metal4_nofill has 2 polygons
2026-08-20 17:22:38 +0000: Memory Usage (136584K) : metal4_text has 3 polygons
2026-08-20 17:22:38 +0000: Memory Usage (136584K) : metal4_OPC has 0 polygons
2026-08-20 17:22:38 +0000: Memory Usage (136712K) : metal4_noqrc has 0 polygons
2026-08-20 17:22:38 +0000: Memory Usage (136712K) : metal4_res has 0 polygons
2026-08-20 17:22:38 +0000: Memory Usage (136712K) : metal4_iprobe has 0 polygons
2026-08-20 17:22:38 +0000: Memory Usage (136712K) : metal4_diffprb has 0 polygons
2026-08-20 17:22:38 +0000: Memory Usage (136712K) : heattrans_drw has 123 polygons
2026-08-20 17:22:38 +0000: Memory Usage (136712K) : heatres_drw has 2 polygons
2026-08-20 17:22:38 +0000: Memory Usage (136712K) : fbe_drw has 0 polygons
2026-08-20 17:22:38 +0000: Memory Usage (136840K) : empoly_drw has 0 polygons
2026-08-20 17:22:38 +0000: Memory Usage (136840K) : digisub_drw has 0 polygons
2026-08-20 17:22:38 +0000: Memory Usage (136840K) : text_drw has 639 polygons
2026-08-20 17:22:38 +0000: Memory Usage (136840K) : via4_drw has 1012 polygons
2026-08-20 17:22:38 +0000: Memory Usage (136840K) : metal5_drw has 33 polygons
2026-08-20 17:22:38 +0000: Memory Usage (136840K) : metal5_filler has 0 polygons
2026-08-20 17:22:38 +0000: Memory Usage (136840K) : metal5_slit has 0 polygons
2026-08-20 17:22:38 +0000: Memory Usage (136968K) : metal5 has 33 polygons
2026-08-20 17:22:38 +0000: Memory Usage (136968K) : metal5_pin has 0 polygons
2026-08-20 17:22:38 +0000: Memory Usage (136968K) : metal5_mask has 0 polygons
2026-08-20 17:22:38 +0000: Memory Usage (136968K) : metal5_nofill has 2 polygons
2026-08-20 17:22:38 +0000: Memory Usage (136968K) : metal5_text has 0 polygons
2026-08-20 17:22:38 +0000: Memory Usage (136968K) : metal5_OPC has 0 polygons
2026-08-20 17:22:38 +0000: Memory Usage (137096K) : metal5_noqrc has 0 polygons
2026-08-20 17:22:38 +0000: Memory Usage (137096K) : metal5_res has 0 polygons
2026-08-20 17:22:38 +0000: Memory Usage (137096K) : metal5_iprobe has 0 polygons
2026-08-20 17:22:38 +0000: Memory Usage (137096K) : metal5_diffprb has 0 polygons
2026-08-20 17:22:38 +0000: Memory Usage (137096K) : radhard_drw has 0 polygons
2026-08-20 17:22:38 +0000: Memory Usage (137096K) : memcap_drw has 0 polygons
2026-08-20 17:22:38 +0000: Memory Usage (137224K) : varicap_drw has 0 polygons
2026-08-20 17:22:38 +0000: Memory Usage (137224K) : intbondvia_drw has 0 polygons
2026-08-20 17:22:38 +0000: Memory Usage (137224K) : intbondmet_drw has 0 polygons
2026-08-20 17:22:38 +0000: Memory Usage (137224K) : devbondvia_drw has 0 polygons
2026-08-20 17:22:38 +0000: Memory Usage (137224K) : devbondmet_drw has 0 polygons
2026-08-20 17:22:38 +0000: Memory Usage (137352K) : devtrench_drw has 0 polygons
2026-08-20 17:22:38 +0000: Memory Usage (137352K) : redist_drw has 0 polygons
2026-08-20 17:22:38 +0000: Memory Usage (137352K) : graphbot_drw has 0 polygons
2026-08-20 17:22:38 +0000: Memory Usage (137352K) : graphtop_drw has 0 polygons
2026-08-20 17:22:38 +0000: Memory Usage (137352K) : antvia1_drw has 0 polygons
2026-08-20 17:22:38 +0000: Memory Usage (137352K) : antmetal2_drw has 0 polygons
2026-08-20 17:22:38 +0000: Memory Usage (137480K) : graphcont_drw has 0 polygons
2026-08-20 17:22:38 +0000: Memory Usage (137480K) : siwg_drw has 0 polygons
2026-08-20 17:22:38 +0000: Memory Usage (137480K) : siwg_filler has 0 polygons
2026-08-20 17:22:38 +0000: Memory Usage (137480K) : siwg_nofill has 0 polygons
2026-08-20 17:22:38 +0000: Memory Usage (137608K) : sigrating_drw has 0 polygons
2026-08-20 17:22:38 +0000: Memory Usage (137608K) : singrating_drw has 0 polygons
2026-08-20 17:22:38 +0000: Memory Usage (137608K) : graphpas_drw has 0 polygons
2026-08-20 17:22:38 +0000: Memory Usage (137608K) : emwind3_drw has 0 polygons
2026-08-20 17:22:38 +0000: Memory Usage (137736K) : emwihv3_drw has 0 polygons
2026-08-20 17:22:38 +0000: Memory Usage (137736K) : redbulay_drw has 0 polygons
2026-08-20 17:22:38 +0000: Memory Usage (137736K) : smos_drw has 0 polygons
2026-08-20 17:22:38 +0000: Memory Usage (137736K) : graphpad_drw has 0 polygons
2026-08-20 17:22:38 +0000: Memory Usage (137736K) : polimide_drw has 0 polygons
2026-08-20 17:22:38 +0000: Memory Usage (137736K) : polimide_pin has 0 polygons
2026-08-20 17:22:38 +0000: Memory Usage (137864K) : recog_drw has 1 polygons
2026-08-20 17:22:38 +0000: Memory Usage (137864K) : recog_pin has 0 polygons
2026-08-20 17:22:38 +0000: Memory Usage (137864K) : recog_esd has 1 polygons
2026-08-20 17:22:38 +0000: Memory Usage (137864K) : recog_diode has 0 polygons
2026-08-20 17:22:38 +0000: Memory Usage (137864K) : recog_tsv has 0 polygons
2026-08-20 17:22:38 +0000: Memory Usage (137864K) : recog_iprobe has 0 polygons
2026-08-20 17:22:38 +0000: Memory Usage (137992K) : recog_diffprb has 0 polygons
2026-08-20 17:22:38 +0000: Memory Usage (137992K) : recog_pillar has 0 polygons
2026-08-20 17:22:38 +0000: Memory Usage (137992K) : recog_sbump has 0 polygons
2026-08-20 17:22:38 +0000: Memory Usage (137992K) : recog_otp has 0 polygons
2026-08-20 17:22:38 +0000: Memory Usage (137992K) : recog_pdiode has 0 polygons
2026-08-20 17:22:38 +0000: Memory Usage (138120K) : recog_mom has 0 polygons
2026-08-20 17:22:38 +0000: Memory Usage (138120K) : recog_momf has 0 polygons
2026-08-20 17:22:38 +0000: Memory Usage (138120K) : recog_pcm has 0 polygons
2026-08-20 17:22:38 +0000: Memory Usage (138120K) : colopen_drw has 0 polygons
2026-08-20 17:22:38 +0000: Memory Usage (138120K) : graphmetal1_drw has 0 polygons
2026-08-20 17:22:38 +0000: Memory Usage (138120K) : graphmetal1_filler has 0 polygons
2026-08-20 17:22:38 +0000: Memory Usage (138248K) : graphmetal1_nofill has 0 polygons
2026-08-20 17:22:38 +0000: Memory Usage (138248K) : graphmetal1_slit has 0 polygons
2026-08-20 17:22:38 +0000: Memory Usage (138248K) : graphmetal1_OPC has 0 polygons
2026-08-20 17:22:38 +0000: Memory Usage (138248K) : graphmet1l_drw has 0 polygons
2026-08-20 17:22:38 +0000: Memory Usage (138248K) : graphmet1l_filler has 0 polygons
2026-08-20 17:22:38 +0000: Memory Usage (138248K) : graphmet1l_nofill has 0 polygons
2026-08-20 17:22:38 +0000: Memory Usage (138376K) : graphmet1l_slit has 0 polygons
2026-08-20 17:22:38 +0000: Memory Usage (138376K) : graphmet1l_OPC has 0 polygons
2026-08-20 17:22:38 +0000: Memory Usage (138376K) : extblock_drw has 6 polygons
2026-08-20 17:22:38 +0000: Memory Usage (138376K) : nldd_drw has 0 polygons
2026-08-20 17:22:38 +0000: Memory Usage (138504K) : pldd_drw has 0 polygons
2026-08-20 17:22:38 +0000: Memory Usage (138504K) : next_drw has 0 polygons
2026-08-20 17:22:38 +0000: Memory Usage (138504K) : pext_drw has 0 polygons
2026-08-20 17:22:38 +0000: Memory Usage (138504K) : nexthv_drw has 0 polygons
2026-08-20 17:22:38 +0000: Memory Usage (138632K) : pexthv_drw has 0 polygons
2026-08-20 17:22:38 +0000: Memory Usage (138632K) : graphgate_drw has 0 polygons
2026-08-20 17:22:38 +0000: Memory Usage (138632K) : sinwg_drw has 0 polygons
2026-08-20 17:22:38 +0000: Memory Usage (138632K) : sinwg_filler has 0 polygons
2026-08-20 17:22:38 +0000: Memory Usage (138760K) : sinwg_nofill has 0 polygons
2026-08-20 17:22:38 +0000: Memory Usage (138760K) : mempad_drw has 0 polygons
2026-08-20 17:22:38 +0000: Memory Usage (138760K) : topvia1_drw has 476 polygons
2026-08-20 17:22:38 +0000: Memory Usage (138760K) : topmetal1_drw has 47 polygons
2026-08-20 17:22:38 +0000: Memory Usage (138888K) : topmetal1_filler has 0 polygons
2026-08-20 17:22:38 +0000: Memory Usage (138888K) : topmetal1_slit has 0 polygons
2026-08-20 17:22:38 +0000: Memory Usage (138888K) : topmetal1 has 47 polygons
2026-08-20 17:22:38 +0000: Memory Usage (139016K) : topmetal1_pin has 0 polygons
2026-08-20 17:22:38 +0000: Memory Usage (139016K) : topmetal1_mask has 0 polygons
2026-08-20 17:22:38 +0000: Memory Usage (139016K) : topmetal1_nofill has 2 polygons
2026-08-20 17:22:38 +0000: Memory Usage (139016K) : topmetal1_text has 0 polygons
2026-08-20 17:22:38 +0000: Memory Usage (139144K) : topmetal1_noqrc has 0 polygons
2026-08-20 17:22:38 +0000: Memory Usage (139144K) : topmetal1_res has 0 polygons
2026-08-20 17:22:38 +0000: Memory Usage (139144K) : topmetal1_iprobe has 0 polygons
2026-08-20 17:22:38 +0000: Memory Usage (139144K) : topmetal1_diffprb has 0 polygons
2026-08-20 17:22:38 +0000: Memory Usage (139272K) : inldpwl_drw has 0 polygons
2026-08-20 17:22:38 +0000: Memory Usage (139272K) : polyres_drw has 2 polygons
2026-08-20 17:22:38 +0000: Memory Usage (139272K) : polyres_pin has 0 polygons
2026-08-20 17:22:38 +0000: Memory Usage (139272K) : vmim_drw has 0 polygons
2026-08-20 17:22:38 +0000: Memory Usage (139400K) : nbulaycut_drw has 0 polygons
2026-08-20 17:22:38 +0000: Memory Usage (139400K) : antmetal1_drw has 0 polygons
2026-08-20 17:22:38 +0000: Memory Usage (139400K) : topvia2_drw has 230 polygons
2026-08-20 17:22:38 +0000: Memory Usage (139528K) : topmetal2_drw has 62 polygons
2026-08-20 17:22:38 +0000: Memory Usage (139656K) : topmetal2_filler has 0 polygons
2026-08-20 17:22:38 +0000: Memory Usage (139656K) : topmetal2_slit has 0 polygons
2026-08-20 17:22:38 +0000: Memory Usage (139784K) : topmetal2 has 62 polygons
2026-08-20 17:22:38 +0000: Memory Usage (139784K) : topmetal2_pin has 4 polygons
2026-08-20 17:22:38 +0000: Memory Usage (139784K) : topmetal2_mask has 0 polygons
2026-08-20 17:22:38 +0000: Memory Usage (139784K) : topmetal2_nofill has 2 polygons
2026-08-20 17:22:38 +0000: Memory Usage (139912K) : topmetal2_text has 8 polygons
2026-08-20 17:22:38 +0000: Memory Usage (139912K) : topmetal2_noqrc has 0 polygons
2026-08-20 17:22:38 +0000: Memory Usage (139912K) : topmetal2_res has 0 polygons
2026-08-20 17:22:38 +0000: Memory Usage (139912K) : topmetal2_iprobe has 0 polygons
2026-08-20 17:22:38 +0000: Memory Usage (140040K) : topmetal2_diffprb has 0 polygons
2026-08-20 17:22:38 +0000: Memory Usage (140040K) : snsring_drw has 0 polygons
2026-08-20 17:22:38 +0000: Memory Usage (140040K) : sensor_drw has 0 polygons
2026-08-20 17:22:38 +0000: Memory Usage (140040K) : snsarms_drw has 0 polygons
2026-08-20 17:22:38 +0000: Memory Usage (140168K) : snscmosvia_drw has 0 polygons
2026-08-20 17:22:38 +0000: Memory Usage (140168K) : colwind_drw has 0 polygons
2026-08-20 17:22:38 +0000: Memory Usage (140168K) : flm_drw has 0 polygons
2026-08-20 17:22:38 +0000: Memory Usage (140296K) : hafniumox_drw has 0 polygons
2026-08-20 17:22:38 +0000: Memory Usage (140296K) : memvia_drw has 0 polygons
2026-08-20 17:22:38 +0000: Memory Usage (140424K) : thinfilmres_drw has 0 polygons
2026-08-20 17:22:38 +0000: Memory Usage (140424K) : rfmem_drw has 0 polygons
2026-08-20 17:22:38 +0000: Memory Usage (140424K) : norcx_drw has 2 polygons
2026-08-20 17:22:38 +0000: Memory Usage (140424K) : norcx_m2m3 has 0 polygons
2026-08-20 17:22:38 +0000: Memory Usage (140424K) : norcx_m2m4 has 0 polygons
2026-08-20 17:22:38 +0000: Memory Usage (140424K) : norcx_m2m5 has 0 polygons
2026-08-20 17:22:38 +0000: Memory Usage (140424K) : norcx_m2tm1 has 0 polygons
2026-08-20 17:22:38 +0000: Memory Usage (140424K) : norcx_m2tm2 has 0 polygons
2026-08-20 17:22:38 +0000: Memory Usage (140424K) : norcx_m3m4 has 0 polygons
2026-08-20 17:22:38 +0000: Memory Usage (140424K) : norcx_m3m5 has 0 polygons
2026-08-20 17:22:38 +0000: Memory Usage (140424K) : norcx_m3tm1 has 0 polygons
2026-08-20 17:22:38 +0000: Memory Usage (140424K) : norcx_m3tm2 has 0 polygons
2026-08-20 17:22:38 +0000: Memory Usage (140424K) : norcx_m4m5 has 0 polygons
2026-08-20 17:22:38 +0000: Memory Usage (140424K) : norcx_m4tm1 has 0 polygons
2026-08-20 17:22:38 +0000: Memory Usage (140424K) : norcx_m4tm2 has 0 polygons
2026-08-20 17:22:38 +0000: Memory Usage (140424K) : norcx_m5tm1 has 0 polygons
2026-08-20 17:22:38 +0000: Memory Usage (140424K) : norcx_m5tm2 has 0 polygons
2026-08-20 17:22:38 +0000: Memory Usage (140424K) : norcx_tm1tm2 has 0 polygons
2026-08-20 17:22:38 +0000: Memory Usage (140424K) : norcx_m1sub has 0 polygons
2026-08-20 17:22:38 +0000: Memory Usage (140424K) : norcx_m2sub has 0 polygons
2026-08-20 17:22:38 +0000: Memory Usage (140424K) : norcx_m3sub has 0 polygons
2026-08-20 17:22:38 +0000: Memory Usage (140424K) : norcx_m4sub has 0 polygons
2026-08-20 17:22:38 +0000: Memory Usage (140424K) : norcx_m5sub has 0 polygons
2026-08-20 17:22:38 +0000: Memory Usage (140424K) : norcx_tm1sub has 0 polygons
2026-08-20 17:22:38 +0000: Memory Usage (140424K) : norcx_tm2sub has 0 polygons
2026-08-20 17:22:38 +0000: Memory Usage (140424K) : snsbotvia_drw has 0 polygons
2026-08-20 17:22:38 +0000: Memory Usage (140424K) : snstopvia_drw has 0 polygons
2026-08-20 17:22:38 +0000: Memory Usage (140424K) : deepvia_drw has 0 polygons
2026-08-20 17:22:38 +0000: Memory Usage (140424K) : fgetch_drw has 0 polygons
2026-08-20 17:22:38 +0000: Memory Usage (140424K) : ctrgat_drw has 0 polygons
2026-08-20 17:22:38 +0000: Memory Usage (140424K) : fgimp_drw has 0 polygons
2026-08-20 17:22:38 +0000: Memory Usage (140424K) : emwihv_drw has 0 polygons
2026-08-20 17:22:38 +0000: Memory Usage (140424K) : lbe_drw has 2 polygons
2026-08-20 17:22:38 +0000: Memory Usage (140424K) : alcustop_drw has 0 polygons
2026-08-20 17:22:38 +0000: Memory Usage (140424K) : nometfiller_drw has 0 polygons
2026-08-20 17:22:38 +0000: Memory Usage (140424K) : prboundary_drw has 0 polygons
2026-08-20 17:22:38 +0000: Memory Usage (140424K) : exchange0_drw has 0 polygons
2026-08-20 17:22:38 +0000: Memory Usage (140424K) : exchange0_pin has 0 polygons
2026-08-20 17:22:38 +0000: Memory Usage (140424K) : exchange0_text has 0 polygons
2026-08-20 17:22:38 +0000: Memory Usage (140424K) : exchange1_drw has 0 polygons
2026-08-20 17:22:38 +0000: Memory Usage (140424K) : exchange1_pin has 0 polygons
2026-08-20 17:22:38 +0000: Memory Usage (140424K) : exchange1_text has 0 polygons
2026-08-20 17:22:38 +0000: Memory Usage (140424K) : exchange2_drw has 0 polygons
2026-08-20 17:22:38 +0000: Memory Usage (140424K) : exchange2_pin has 0 polygons
2026-08-20 17:22:38 +0000: Memory Usage (140424K) : exchange2_text has 0 polygons
2026-08-20 17:22:38 +0000: Memory Usage (140424K) : exchange3_drw has 0 polygons
2026-08-20 17:22:38 +0000: Memory Usage (140424K) : exchange3_pin has 0 polygons
2026-08-20 17:22:38 +0000: Memory Usage (140424K) : exchange3_text has 0 polygons
2026-08-20 17:22:38 +0000: Memory Usage (140424K) : exchange4_drw has 0 polygons
2026-08-20 17:22:38 +0000: Memory Usage (140424K) : exchange4_pin has 0 polygons
2026-08-20 17:22:38 +0000: Memory Usage (140424K) : exchange4_text has 0 polygons
2026-08-20 17:22:38 +0000: Memory Usage (140424K) : isonwell_drw has 0 polygons
2026-08-20 17:22:38 +0000: Memory Usage (140424K) : Total no. of polygons in the design is 26593
2026-08-20 17:22:38 +0000: Memory Usage (140424K) : Starting base layers derivations
2026-08-20 17:22:38 +0000: Memory Usage (140424K) : Starting general LVS derivations
2026-08-20 17:22:38 +0000: Memory Usage (144584K) : Starting MOSFET DERIVATIONS
2026-08-20 17:22:38 +0000: Memory Usage (145352K) : Starting NMOS DERIVATIONS
2026-08-20 17:22:38 +0000: Memory Usage (145352K) : Starting PMOS DERIVATIONS
2026-08-20 17:22:38 +0000: Memory Usage (145352K) : Starting RF-MOSFET DERIVATIONS
2026-08-20 17:22:38 +0000: Memory Usage (145352K) : Starting RF-NMOS DERIVATIONS
2026-08-20 17:22:38 +0000: Memory Usage (145352K) : Starting RF-PMOS DERIVATIONS
2026-08-20 17:22:38 +0000: Memory Usage (145352K) : Starting BJT DERIVATIONS
2026-08-20 17:22:38 +0000: Memory Usage (145352K) : Starting NPN-BJT DERIVATIONS
2026-08-20 17:22:38 +0000: Memory Usage (145352K) : Starting PNP-BJT DERIVATIONS
2026-08-20 17:22:38 +0000: Memory Usage (145352K) : Starting DIODE DERIVATIONS
2026-08-20 17:22:39 +0000: Memory Usage (145352K) : Starting RESISTOR DERIVATIONS
2026-08-20 17:22:39 +0000: Memory Usage (145608K) : Starting CAP DERIVATIONS
2026-08-20 17:22:39 +0000: Memory Usage (146120K) : Starting CAP_CMOM DERIVATIONS
2026-08-20 17:22:39 +0000: Memory Usage (146120K) : Starting CAP_CMOMF DERIVATIONS
2026-08-20 17:22:39 +0000: Memory Usage (146120K) : Starting ESD DERIVATIONS
2026-08-20 17:22:39 +0000: Memory Usage (146120K) : Starting Inductor DERIVATIONS
2026-08-20 17:22:39 +0000: Memory Usage (146120K) : Starting Taps DERIVATIONS
2026-08-20 17:22:40 +0000: Memory Usage (146120K) : Starting SG13G2 LVS connectivity setup
2026-08-20 17:22:40 +0000: Memory Usage (146120K) : Starting SG13G2 LVS connectivity setup (Inter-layer)
2026-08-20 17:22:40 +0000: Memory Usage (146248K) : Starting SG13G2 LVS connectivity setup (Global)
2026-08-20 17:22:40 +0000: Memory Usage (146248K) : Starting LVS MOSFET CONNECTIONS
2026-08-20 17:22:40 +0000: Memory Usage (146248K) : Starting LVS RF-MOSFET CONNECTIONS
2026-08-20 17:22:40 +0000: Memory Usage (146248K) : Starting LVS BJT CONNECTIONS
2026-08-20 17:22:40 +0000: Memory Usage (146248K) : Starting LVS DIODE CONNECTIONS
2026-08-20 17:22:40 +0000: Memory Usage (146248K) : Starting RESISTOR CONNECTIONS
2026-08-20 17:22:40 +0000: Memory Usage (146248K) : Starting LVS CAP CONNECTIONS
2026-08-20 17:22:40 +0000: Memory Usage (146248K) : Starting CAP_CMOM CONNECTIONS
2026-08-20 17:22:40 +0000: Memory Usage (146248K) : Starting CAP_CMOMF CONNECTIONS
2026-08-20 17:22:40 +0000: Memory Usage (146248K) : Starting ESD CONNECTIONS
2026-08-20 17:22:40 +0000: Memory Usage (146248K) : Starting Inductor CONNECTIONS
2026-08-20 17:22:40 +0000: Memory Usage (146248K) : Starting LVS Taps CONNECTIONS
2026-08-20 17:22:40 +0000: Memory Usage (146248K) : Starting SG13G2 LVS DEVICES EXTRACTION
2026-08-20 17:22:40 +0000: Memory Usage (146248K) : Starting MOSFET EXTRACTION
2026-08-20 17:22:40 +0000: Memory Usage (146248K) : Starting NMOS EXTRACTION
2026-08-20 17:22:40 +0000: Memory Usage (146248K) : Extraction of NMOS-LV transistor
2026-08-20 17:22:40 +0000: Memory Usage (146376K) : Extraction of NMOS-HV transistor
2026-08-20 17:22:40 +0000: Memory Usage (146376K) : Starting PMOS EXTRACTION
2026-08-20 17:22:40 +0000: Memory Usage (146376K) : Extraction of PMOS-LV transistor
2026-08-20 17:22:40 +0000: Memory Usage (146376K) : Extraction of PMOS-HV transistor
2026-08-20 17:22:40 +0000: Memory Usage (146376K) : Starting RF-MOSFET EXTRACTION
2026-08-20 17:22:40 +0000: Memory Usage (146376K) : Extraction of RF-NMOS-LV transistor
2026-08-20 17:22:40 +0000: Memory Usage (146376K) : Extraction of RF-NMOS-HV transistor
2026-08-20 17:22:40 +0000: Memory Usage (146376K) : Extraction of RF-PMOS-LV transistor
2026-08-20 17:22:40 +0000: Memory Usage (146376K) : Extraction of RF-PMOS-HV transistor
2026-08-20 17:22:40 +0000: Memory Usage (146376K) : Starting BJT EXTRACTION
2026-08-20 17:22:40 +0000: Memory Usage (146376K) : Starting NPN-BJT EXTRACTION
2026-08-20 17:22:40 +0000: Memory Usage (146376K) : Extraction of npn13G2 BJT transistor
2026-08-20 17:22:40 +0000: Memory Usage (146376K) : Extraction of npn13G2L BJT transistor
2026-08-20 17:22:40 +0000: Memory Usage (146376K) : Extraction of npn13G2V BJT transistor
2026-08-20 17:22:40 +0000: Memory Usage (146376K) : Starting PNP-BJT EXTRACTION
2026-08-20 17:22:40 +0000: Memory Usage (146376K) : Extracting pnpMPA BJT
2026-08-20 17:22:40 +0000: Memory Usage (146376K) : Starting DIODE EXTRACTION
2026-08-20 17:22:40 +0000: Memory Usage (146376K) : Extracting dantenna diode
2026-08-20 17:22:40 +0000: Memory Usage (146376K) : Extracting dpantenna diode
2026-08-20 17:22:40 +0000: Memory Usage (146376K) : Extracting schottky_nbl1 diode
2026-08-20 17:22:40 +0000: Memory Usage (146376K) : Extracting isolbox diode
2026-08-20 17:22:40 +0000: Memory Usage (146376K) : Starting RESISTOR EXTRACTION
2026-08-20 17:22:40 +0000: Memory Usage (146376K) : Extracting rsil resistor
2026-08-20 17:22:40 +0000: Memory Usage (146376K) : Extracting rppd resistor
2026-08-20 17:22:40 +0000: Memory Usage (146376K) : Extracting rhigh resistor
2026-08-20 17:22:40 +0000: Memory Usage (146376K) : Extracting res_metal1 resistor
2026-08-20 17:22:40 +0000: Memory Usage (146504K) : Extracting res_metal2 resistor
2026-08-20 17:22:40 +0000: Memory Usage (146504K) : Extracting res_metal3 resistor
2026-08-20 17:22:40 +0000: Memory Usage (146504K) : Extracting res_metal4 resistor
2026-08-20 17:22:40 +0000: Memory Usage (146504K) : Extracting res_metal5 resistor
2026-08-20 17:22:40 +0000: Memory Usage (146504K) : Extracting res_topmetal1 resistor
2026-08-20 17:22:40 +0000: Memory Usage (146504K) : Extracting res_topmetal2 resistor
2026-08-20 17:22:40 +0000: Memory Usage (146504K) : Starting CAP EXTRACTION
2026-08-20 17:22:40 +0000: Memory Usage (146504K) : Extracting cap_cmim device
2026-08-20 17:22:40 +0000: Memory Usage (146504K) : Extracting rfcmim device
2026-08-20 17:22:40 +0000: Memory Usage (146504K) : Extracting sg13_hv_svaricap varactor
2026-08-20 17:22:40 +0000: Memory Usage (146504K) : Extracting cap_cmomi device
2026-08-20 17:22:40 +0000: Memory Usage (146504K) : Extracting cap_cmomf device
2026-08-20 17:22:40 +0000: Memory Usage (146504K) : Extracting sg13_moscap_n capacitor
2026-08-20 17:22:40 +0000: Memory Usage (146504K) : Extracting sg13_moscap_p capacitor
2026-08-20 17:22:40 +0000: Memory Usage (146504K) : Starting ESD EXTRACTION
2026-08-20 17:22:40 +0000: Memory Usage (146504K) : Extracting diodevdd_2kv ESD device
2026-08-20 17:22:40 +0000: Memory Usage (146504K) : Extracting diodevdd_4kv ESD device
2026-08-20 17:22:40 +0000: Memory Usage (146504K) : Extracting diodevss_2kv ESD device
2026-08-20 17:22:40 +0000: Memory Usage (146504K) : Extracting diodevss_4kv ESD device
2026-08-20 17:22:40 +0000: Memory Usage (146504K) : Extracting idiodevdd_2kv ESD device
2026-08-20 17:22:40 +0000: Memory Usage (146504K) : Extracting idiodevdd_4kv ESD device
2026-08-20 17:22:40 +0000: Memory Usage (146504K) : Extracting idiodevss_2kv ESD device
2026-08-20 17:22:40 +0000: Memory Usage (146504K) : Extracting idiodevss_4kv ESD device
2026-08-20 17:22:40 +0000: Memory Usage (146504K) : Extracting nmoscl_2 ESD device
2026-08-20 17:22:40 +0000: Memory Usage (146504K) : Extracting nmoscl_4 ESD device
2026-08-20 17:22:40 +0000: Memory Usage (146504K) : Starting Inductor EXTRACTION
2026-08-20 17:22:40 +0000: Memory Usage (146504K) : Extracting Inductor2 device
2026-08-20 17:22:40 +0000: Memory Usage (146504K) : Extracting Inductor3 device
2026-08-20 17:22:40 +0000: Memory Usage (146504K) : Starting Taps EXTRACTION
2026-08-20 17:22:40 +0000: Memory Usage (146504K) : DISABLE_TAP_EXTRACTION is enabled: skipping ntap1/ptap1 device extraction.
2026-08-20 17:22:40 +0000: Memory Usage (146504K) : Starting SG13G2 LVS RF MOS Model Mapping
2026-08-20 17:22:40 +0000: Memory Usage (146504K) : [layout_netlist] Apply RF MOS model mapping and rfmode parameter.
2026-08-20 17:22:40 +0000: Memory Usage (146504K) : Starting SG13G2 LVS Options Preparations
2026-08-20 17:22:40 +0000: Memory Usage (146504K) : SG13G2 LVS flow: extraction -> alignment -> option preparation -> comparison.
2026-08-20 17:22:40 +0000: Memory Usage (146504K) : Starting SG13G2 LVS Alignment
2026-08-20 17:22:40 +0000: Memory Usage (146632K) : Starting SG13G2 LVS Simplification
2026-08-20 17:22:40 +0000: Memory Usage (146632K) : [layout_netlist] simplify: ENABLED
2026-08-20 17:22:40 +0000: Memory Usage (146632K) : [layout_netlist] make_top_level_pins: SKIPPED
2026-08-20 17:22:40 +0000: Memory Usage (146632K) : [layout_netlist] combine_devices: SKIPPED
2026-08-20 17:22:40 +0000: Memory Usage (146632K) : [layout_netlist] purge: SKIPPED
2026-08-20 17:22:40 +0000: Memory Usage (146632K) : [layout_netlist] purge_nets: SKIPPED
2026-08-20 17:22:40 +0000: Memory Usage (146632K) : [schematic_netlist] simplify: ENABLED
2026-08-20 17:22:40 +0000: Memory Usage (146632K) : [schematic_netlist] make_top_level_pins: SKIPPED
2026-08-20 17:22:40 +0000: Memory Usage (146632K) : [schematic_netlist] combine_devices: SKIPPED
2026-08-20 17:22:40 +0000: Memory Usage (146632K) : [schematic_netlist] purge: SKIPPED
2026-08-20 17:22:40 +0000: Memory Usage (146632K) : [schematic_netlist] purge_nets: SKIPPED
2026-08-20 17:22:40 +0000: Memory Usage (146632K) : Starting SG13G2 LVS Comparison
2026-08-20 17:22:40 +0000: Memory Usage (146760K) : xxxxxxxxxxxxxxxxxxxxxxxxxxxxxxxxxxxxxxxxxx
2026-08-20 17:22:40 +0000: Memory Usage (146760K) : ERROR : Netlists don't match
2026-08-20 17:22:40 +0000: Memory Usage (146760K) : xxxxxxxxxxxxxxxxxxxxxxxxxxxxxxxxxxxxxxxxxx
2026-08-20 17:22:40 +0000: Memory Usage (146760K) : LVS Total Run time 1.806424 seconds
