# Logfile created on 2026-08-20 10:22:24 +0000 by logger.rb/v1.5.3
2026-08-20 10:22:24 +0000: Memory Usage (128752K) : Starting running SG13G2 Klayout LVS runset on /workspace/layout/blocks/out/driver_stage/lvs_step2/clamp_esd_feed/driver_dut.gds
2026-08-20 10:22:24 +0000: Memory Usage (128752K) : Ruby Version for klayout: 3.2.3
2026-08-20 10:22:24 +0000: Memory Usage (129964K) : Loading database to memory is complete.
2026-08-20 10:22:24 +0000: Memory Usage (129964K) : SG13G2 Klayout LVS runset output at: /workspace/layout/blocks/out/driver_stage/lvs_step2/clamp_esd_feed/lvs/driver_dut.lvsdb
2026-08-20 10:22:24 +0000: Memory Usage (129964K) : Evaluate switches.
2026-08-20 10:22:24 +0000: Memory Usage (129964K) : Extracted netlist with net names: true
2026-08-20 10:22:24 +0000: Memory Usage (129964K) : Extracted netlist with comments in details: false
2026-08-20 10:22:24 +0000: Memory Usage (129964K) : Selected NET_ONLY option: false
2026-08-20 10:22:24 +0000: Memory Usage (129964K) : Selected LAYOUT_NETLIST option: (none)
2026-08-20 10:22:24 +0000: Memory Usage (129964K) : Selected IGNORE_TOP_PORTS_MISMATCH option: true
2026-08-20 10:22:24 +0000: Memory Usage (129964K) : Selected IMPLICIT_NETS option: sub,sub!
2026-08-20 10:22:24 +0000: Memory Usage (129964K) : Selected TOP_LVL_PINS option: false
2026-08-20 10:22:24 +0000: Memory Usage (129964K) : Selected COMBINE DEVICES option: false
2026-08-20 10:22:24 +0000: Memory Usage (129964K) : Selected PURGE option: false
2026-08-20 10:22:24 +0000: Memory Usage (129964K) : Selected PURGE_NETS option: false
2026-08-20 10:22:24 +0000: Memory Usage (129964K) : Selected SIMPLIFY option: true
2026-08-20 10:22:24 +0000: Memory Usage (129964K) : Selected SERIES_RES option: true
2026-08-20 10:22:24 +0000: Memory Usage (129964K) : Selected PARALLEL_RES option: true
2026-08-20 10:22:24 +0000: Memory Usage (129964K) : Selected DISABLE_TAP_EXTRACTION option: true
2026-08-20 10:22:24 +0000: Memory Usage (129964K) : deep  mode is enabled.
2026-08-20 10:22:24 +0000: Memory Usage (129964K) : Applying implicit connections (case-sensitive, pattern supported) for nets: sub, sub!
2026-08-20 10:22:24 +0000: Memory Usage (131124K) : Netlist file: /workspace/layout/blocks/out/driver_stage/lvs_step2/clamp_esd_feed/x.cdl
2026-08-20 10:22:24 +0000: Memory Usage (131124K) : LVS extracted netlist at: /workspace/layout/blocks/out/driver_stage/lvs_step2/clamp_esd_feed/lvs/driver_dut_extracted.cir
2026-08-20 10:22:24 +0000: Memory Usage (131124K) : Applying SRAM integration support.
2026-08-20 10:22:24 +0000: Memory Usage (131124K) : Starting SG13G2 LVS runset
2026-08-20 10:22:24 +0000: Memory Usage (131124K) : Read in polygons from layers.
2026-08-20 10:22:24 +0000: Memory Usage (132540K) : activ_drw has 899 polygons
2026-08-20 10:22:24 +0000: Memory Usage (133052K) : activ_filler has 0 polygons
2026-08-20 10:22:24 +0000: Memory Usage (133052K) : activ has 899 polygons
2026-08-20 10:22:24 +0000: Memory Usage (133052K) : activ_pin has 0 polygons
2026-08-20 10:22:24 +0000: Memory Usage (133052K) : activ_mask has 4 polygons
2026-08-20 10:22:24 +0000: Memory Usage (133052K) : activ_nofill has 2 polygons
2026-08-20 10:22:24 +0000: Memory Usage (133052K) : activ_OPC has 0 polygons
2026-08-20 10:22:24 +0000: Memory Usage (133052K) : activ_iOPC has 0 polygons
2026-08-20 10:22:24 +0000: Memory Usage (133052K) : activ_noqrc has 0 polygons
2026-08-20 10:22:24 +0000: Memory Usage (133052K) : biwind_drw has 0 polygons
2026-08-20 10:22:24 +0000: Memory Usage (133052K) : biwind_OPC has 0 polygons
2026-08-20 10:22:24 +0000: Memory Usage (133052K) : gatpoly_drw has 140 polygons
2026-08-20 10:22:24 +0000: Memory Usage (133052K) : gatpoly_filler has 0 polygons
2026-08-20 10:22:24 +0000: Memory Usage (133052K) : gatpoly has 140 polygons
2026-08-20 10:22:24 +0000: Memory Usage (133052K) : gatpoly_pin has 119 polygons
2026-08-20 10:22:24 +0000: Memory Usage (133052K) : gatpoly_nofill has 2 polygons
2026-08-20 10:22:24 +0000: Memory Usage (133052K) : gatpoly_OPC has 0 polygons
2026-08-20 10:22:24 +0000: Memory Usage (133052K) : gatpoly_iOPC has 0 polygons
2026-08-20 10:22:24 +0000: Memory Usage (133052K) : gatpoly_noqrc has 0 polygons
2026-08-20 10:22:24 +0000: Memory Usage (133180K) : cont_drw has 14577 polygons
2026-08-20 10:22:24 +0000: Memory Usage (133180K) : cont_OPC has 0 polygons
2026-08-20 10:22:24 +0000: Memory Usage (133180K) : nsd_drw has 0 polygons
2026-08-20 10:22:24 +0000: Memory Usage (133308K) : nsd_block has 4 polygons
2026-08-20 10:22:24 +0000: Memory Usage (133308K) : metal1_drw has 1558 polygons
2026-08-20 10:22:24 +0000: Memory Usage (133436K) : metal1_filler has 0 polygons
2026-08-20 10:22:24 +0000: Memory Usage (133436K) : metal1_slit has 0 polygons
2026-08-20 10:22:24 +0000: Memory Usage (133564K) : metal1 has 1558 polygons
2026-08-20 10:22:24 +0000: Memory Usage (133564K) : metal1_pin has 750 polygons
2026-08-20 10:22:24 +0000: Memory Usage (133692K) : metal1_mask has 0 polygons
2026-08-20 10:22:24 +0000: Memory Usage (133692K) : metal1_nofill has 2 polygons
2026-08-20 10:22:24 +0000: Memory Usage (133948K) : metal1_text has 5 polygons
2026-08-20 10:22:24 +0000: Memory Usage (134076K) : metal1_OPC has 0 polygons
2026-08-20 10:22:24 +0000: Memory Usage (134076K) : metal1_noqrc has 0 polygons
2026-08-20 10:22:24 +0000: Memory Usage (134076K) : metal1_res has 0 polygons
2026-08-20 10:22:24 +0000: Memory Usage (134204K) : metal1_iprobe has 0 polygons
2026-08-20 10:22:24 +0000: Memory Usage (134204K) : metal1_diffprb has 0 polygons
2026-08-20 10:22:24 +0000: Memory Usage (134204K) : passiv_drw has 2 polygons
2026-08-20 10:22:24 +0000: Memory Usage (134204K) : passiv_pin has 0 polygons
2026-08-20 10:22:24 +0000: Memory Usage (134204K) : passiv_sbump has 0 polygons
2026-08-20 10:22:24 +0000: Memory Usage (134332K) : passiv_pillar has 0 polygons
2026-08-20 10:22:24 +0000: Memory Usage (134332K) : passiv_pdl has 0 polygons
2026-08-20 10:22:24 +0000: Memory Usage (134332K) : metal2_drw has 583 polygons
2026-08-20 10:22:24 +0000: Memory Usage (134460K) : metal2_filler has 0 polygons
2026-08-20 10:22:24 +0000: Memory Usage (134460K) : metal2_slit has 0 polygons
2026-08-20 10:22:24 +0000: Memory Usage (134460K) : metal2 has 583 polygons
2026-08-20 10:22:24 +0000: Memory Usage (134460K) : metal2_pin has 10 polygons
2026-08-20 10:22:24 +0000: Memory Usage (134588K) : metal2_mask has 0 polygons
2026-08-20 10:22:24 +0000: Memory Usage (134588K) : metal2_nofill has 2 polygons
2026-08-20 10:22:24 +0000: Memory Usage (134588K) : metal2_text has 3 polygons
2026-08-20 10:22:24 +0000: Memory Usage (134588K) : metal2_OPC has 0 polygons
2026-08-20 10:22:24 +0000: Memory Usage (134716K) : metal2_noqrc has 0 polygons
2026-08-20 10:22:24 +0000: Memory Usage (134716K) : metal2_res has 0 polygons
2026-08-20 10:22:24 +0000: Memory Usage (134716K) : metal2_iprobe has 0 polygons
2026-08-20 10:22:24 +0000: Memory Usage (134716K) : metal2_diffprb has 0 polygons
2026-08-20 10:22:24 +0000: Memory Usage (134844K) : baspoly_drw has 0 polygons
2026-08-20 10:22:24 +0000: Memory Usage (134844K) : baspoly_pin has 0 polygons
2026-08-20 10:22:24 +0000: Memory Usage (134844K) : psd_drw has 515 polygons
2026-08-20 10:22:24 +0000: Memory Usage (134844K) : nldb_drw has 0 polygons
2026-08-20 10:22:24 +0000: Memory Usage (134972K) : digibnd_drw has 0 polygons
2026-08-20 10:22:24 +0000: Memory Usage (134972K) : via1_drw has 7650 polygons
2026-08-20 10:22:24 +0000: Memory Usage (134972K) : backmetal1_drw has 0 polygons
2026-08-20 10:22:24 +0000: Memory Usage (135100K) : backmetal1_pin has 0 polygons
2026-08-20 10:22:24 +0000: Memory Usage (135100K) : backmetal1_mask has 0 polygons
2026-08-20 10:22:24 +0000: Memory Usage (135100K) : backmetal1_filler has 0 polygons
2026-08-20 10:22:24 +0000: Memory Usage (135100K) : backmetal1_nofill has 0 polygons
2026-08-20 10:22:24 +0000: Memory Usage (135228K) : backmetal1_slit has 0 polygons
2026-08-20 10:22:24 +0000: Memory Usage (135228K) : backmetal1_text has 0 polygons
2026-08-20 10:22:24 +0000: Memory Usage (135228K) : backmetal1_OPC has 0 polygons
2026-08-20 10:22:24 +0000: Memory Usage (135228K) : backmetal1_noqrc has 0 polygons
2026-08-20 10:22:24 +0000: Memory Usage (135356K) : backmetal1_res has 0 polygons
2026-08-20 10:22:24 +0000: Memory Usage (135356K) : backmetal1_iprobe has 0 polygons
2026-08-20 10:22:24 +0000: Memory Usage (135356K) : backmetal1_diffprb has 0 polygons
2026-08-20 10:22:24 +0000: Memory Usage (135484K) : backpassiv_drw has 0 polygons
2026-08-20 10:22:24 +0000: Memory Usage (135484K) : res_drw has 2 polygons
2026-08-20 10:22:24 +0000: Memory Usage (135484K) : sram_drw has 0 polygons
2026-08-20 10:22:24 +0000: Memory Usage (135484K) : trans_drw has 2 polygons
2026-08-20 10:22:24 +0000: Memory Usage (135612K) : ind_drw has 2 polygons
2026-08-20 10:22:24 +0000: Memory Usage (135612K) : ind_pin has 4 polygons
2026-08-20 10:22:24 +0000: Memory Usage (135612K) : ind_text has 4 polygons
2026-08-20 10:22:24 +0000: Memory Usage (135612K) : salblock_drw has 12 polygons
2026-08-20 10:22:24 +0000: Memory Usage (135612K) : via2_drw has 849 polygons
2026-08-20 10:22:24 +0000: Memory Usage (135612K) : metal3_drw has 76 polygons
2026-08-20 10:22:24 +0000: Memory Usage (135612K) : metal3_filler has 0 polygons
2026-08-20 10:22:24 +0000: Memory Usage (135740K) : metal3_slit has 0 polygons
2026-08-20 10:22:24 +0000: Memory Usage (135740K) : metal3 has 76 polygons
2026-08-20 10:22:24 +0000: Memory Usage (135740K) : metal3_pin has 2 polygons
2026-08-20 10:22:24 +0000: Memory Usage (135740K) : metal3_mask has 0 polygons
2026-08-20 10:22:24 +0000: Memory Usage (135740K) : metal3_nofill has 2 polygons
2026-08-20 10:22:24 +0000: Memory Usage (135740K) : metal3_text has 2 polygons
2026-08-20 10:22:24 +0000: Memory Usage (135868K) : metal3_OPC has 0 polygons
2026-08-20 10:22:24 +0000: Memory Usage (135868K) : metal3_noqrc has 0 polygons
2026-08-20 10:22:24 +0000: Memory Usage (135868K) : metal3_res has 0 polygons
2026-08-20 10:22:24 +0000: Memory Usage (135868K) : metal3_iprobe has 0 polygons
2026-08-20 10:22:24 +0000: Memory Usage (135868K) : metal3_diffprb has 0 polygons
2026-08-20 10:22:24 +0000: Memory Usage (135996K) : nwell_drw has 14 polygons
2026-08-20 10:22:24 +0000: Memory Usage (135996K) : nwell_pin has 0 polygons
2026-08-20 10:22:24 +0000: Memory Usage (135996K) : nwell_text has 0 polygons
2026-08-20 10:22:24 +0000: Memory Usage (135996K) : nbulay_drw has 1 polygons
2026-08-20 10:22:24 +0000: Memory Usage (135996K) : nbulay_pin has 0 polygons
2026-08-20 10:22:24 +0000: Memory Usage (135996K) : nbulay_block has 0 polygons
2026-08-20 10:22:24 +0000: Memory Usage (136124K) : emwind_drw has 4 polygons
2026-08-20 10:22:24 +0000: Memory Usage (136124K) : emwind_OPC has 0 polygons
2026-08-20 10:22:24 +0000: Memory Usage (136124K) : deepco_drw has 0 polygons
2026-08-20 10:22:24 +0000: Memory Usage (136124K) : mim_drw has 0 polygons
2026-08-20 10:22:24 +0000: Memory Usage (136124K) : edgeseal_drw has 0 polygons
2026-08-20 10:22:24 +0000: Memory Usage (136124K) : substrate_drw has 500 polygons
2026-08-20 10:22:24 +0000: Memory Usage (136252K) : substrate_text has 0 polygons
2026-08-20 10:22:24 +0000: Memory Usage (136252K) : dfpad_drw has 2 polygons
2026-08-20 10:22:24 +0000: Memory Usage (136252K) : dfpad_pillar has 0 polygons
2026-08-20 10:22:24 +0000: Memory Usage (136252K) : dfpad_sbump has 0 polygons
2026-08-20 10:22:24 +0000: Memory Usage (136252K) : thickgateox_drw has 1 polygons
2026-08-20 10:22:24 +0000: Memory Usage (136252K) : pldb_drw has 0 polygons
2026-08-20 10:22:24 +0000: Memory Usage (136380K) : pwell_drw has 0 polygons
2026-08-20 10:22:24 +0000: Memory Usage (136380K) : pwell_pin has 0 polygons
2026-08-20 10:22:24 +0000: Memory Usage (136380K) : pwell_block has 2 polygons
2026-08-20 10:22:24 +0000: Memory Usage (136380K) : ic_drw has 0 polygons
2026-08-20 10:22:24 +0000: Memory Usage (136508K) : via3_drw has 1039 polygons
2026-08-20 10:22:24 +0000: Memory Usage (136508K) : metal4_drw has 32 polygons
2026-08-20 10:22:24 +0000: Memory Usage (136508K) : metal4_filler has 0 polygons
2026-08-20 10:22:24 +0000: Memory Usage (136508K) : metal4_slit has 0 polygons
2026-08-20 10:22:24 +0000: Memory Usage (136508K) : metal4 has 32 polygons
2026-08-20 10:22:24 +0000: Memory Usage (136636K) : metal4_pin has 0 polygons
2026-08-20 10:22:24 +0000: Memory Usage (136636K) : metal4_mask has 0 polygons
2026-08-20 10:22:24 +0000: Memory Usage (136636K) : metal4_nofill has 2 polygons
2026-08-20 10:22:24 +0000: Memory Usage (136636K) : metal4_text has 1 polygons
2026-08-20 10:22:24 +0000: Memory Usage (136636K) : metal4_OPC has 0 polygons
2026-08-20 10:22:24 +0000: Memory Usage (136636K) : metal4_noqrc has 0 polygons
2026-08-20 10:22:24 +0000: Memory Usage (136764K) : metal4_res has 0 polygons
2026-08-20 10:22:24 +0000: Memory Usage (136764K) : metal4_iprobe has 0 polygons
2026-08-20 10:22:24 +0000: Memory Usage (136764K) : metal4_diffprb has 0 polygons
2026-08-20 10:22:24 +0000: Memory Usage (136764K) : heattrans_drw has 123 polygons
2026-08-20 10:22:24 +0000: Memory Usage (136764K) : heatres_drw has 2 polygons
2026-08-20 10:22:24 +0000: Memory Usage (136764K) : fbe_drw has 0 polygons
2026-08-20 10:22:24 +0000: Memory Usage (136892K) : empoly_drw has 0 polygons
2026-08-20 10:22:24 +0000: Memory Usage (136892K) : digisub_drw has 0 polygons
2026-08-20 10:22:24 +0000: Memory Usage (136892K) : text_drw has 655 polygons
2026-08-20 10:22:24 +0000: Memory Usage (136892K) : via4_drw has 1035 polygons
2026-08-20 10:22:24 +0000: Memory Usage (136892K) : metal5_drw has 59 polygons
2026-08-20 10:22:24 +0000: Memory Usage (136892K) : metal5_filler has 0 polygons
2026-08-20 10:22:24 +0000: Memory Usage (137020K) : metal5_slit has 0 polygons
2026-08-20 10:22:24 +0000: Memory Usage (137020K) : metal5 has 59 polygons
2026-08-20 10:22:24 +0000: Memory Usage (137020K) : metal5_pin has 0 polygons
2026-08-20 10:22:24 +0000: Memory Usage (137020K) : metal5_mask has 0 polygons
2026-08-20 10:22:24 +0000: Memory Usage (137020K) : metal5_nofill has 2 polygons
2026-08-20 10:22:24 +0000: Memory Usage (137020K) : metal5_text has 0 polygons
2026-08-20 10:22:24 +0000: Memory Usage (137148K) : metal5_OPC has 0 polygons
2026-08-20 10:22:24 +0000: Memory Usage (137148K) : metal5_noqrc has 0 polygons
2026-08-20 10:22:24 +0000: Memory Usage (137148K) : metal5_res has 0 polygons
2026-08-20 10:22:24 +0000: Memory Usage (137148K) : metal5_iprobe has 0 polygons
2026-08-20 10:22:24 +0000: Memory Usage (137148K) : metal5_diffprb has 0 polygons
2026-08-20 10:22:24 +0000: Memory Usage (137148K) : radhard_drw has 0 polygons
2026-08-20 10:22:24 +0000: Memory Usage (137276K) : memcap_drw has 0 polygons
2026-08-20 10:22:24 +0000: Memory Usage (137276K) : varicap_drw has 0 polygons
2026-08-20 10:22:24 +0000: Memory Usage (137276K) : intbondvia_drw has 0 polygons
2026-08-20 10:22:24 +0000: Memory Usage (137276K) : intbondmet_drw has 0 polygons
2026-08-20 10:22:24 +0000: Memory Usage (137276K) : devbondvia_drw has 0 polygons
2026-08-20 10:22:24 +0000: Memory Usage (137404K) : devbondmet_drw has 0 polygons
2026-08-20 10:22:24 +0000: Memory Usage (137404K) : devtrench_drw has 0 polygons
2026-08-20 10:22:24 +0000: Memory Usage (137404K) : redist_drw has 0 polygons
2026-08-20 10:22:24 +0000: Memory Usage (137404K) : graphbot_drw has 0 polygons
2026-08-20 10:22:24 +0000: Memory Usage (137532K) : graphtop_drw has 0 polygons
2026-08-20 10:22:24 +0000: Memory Usage (137532K) : antvia1_drw has 0 polygons
2026-08-20 10:22:24 +0000: Memory Usage (137532K) : antmetal2_drw has 0 polygons
2026-08-20 10:22:24 +0000: Memory Usage (137532K) : graphcont_drw has 0 polygons
2026-08-20 10:22:24 +0000: Memory Usage (137532K) : siwg_drw has 0 polygons
2026-08-20 10:22:24 +0000: Memory Usage (137532K) : siwg_filler has 0 polygons
2026-08-20 10:22:24 +0000: Memory Usage (137660K) : siwg_nofill has 0 polygons
2026-08-20 10:22:24 +0000: Memory Usage (137660K) : sigrating_drw has 0 polygons
2026-08-20 10:22:24 +0000: Memory Usage (137660K) : singrating_drw has 0 polygons
2026-08-20 10:22:24 +0000: Memory Usage (137660K) : graphpas_drw has 0 polygons
2026-08-20 10:22:24 +0000: Memory Usage (137660K) : emwind3_drw has 0 polygons
2026-08-20 10:22:24 +0000: Memory Usage (137660K) : emwihv3_drw has 0 polygons
2026-08-20 10:22:24 +0000: Memory Usage (137788K) : redbulay_drw has 0 polygons
2026-08-20 10:22:24 +0000: Memory Usage (137788K) : smos_drw has 0 polygons
2026-08-20 10:22:24 +0000: Memory Usage (137788K) : graphpad_drw has 0 polygons
2026-08-20 10:22:24 +0000: Memory Usage (137788K) : polimide_drw has 0 polygons
2026-08-20 10:22:24 +0000: Memory Usage (137788K) : polimide_pin has 0 polygons
2026-08-20 10:22:24 +0000: Memory Usage (137916K) : recog_drw has 1 polygons
2026-08-20 10:22:24 +0000: Memory Usage (137916K) : recog_pin has 0 polygons
2026-08-20 10:22:24 +0000: Memory Usage (137916K) : recog_esd has 5 polygons
2026-08-20 10:22:24 +0000: Memory Usage (137916K) : recog_diode has 0 polygons
2026-08-20 10:22:24 +0000: Memory Usage (137916K) : recog_tsv has 0 polygons
2026-08-20 10:22:24 +0000: Memory Usage (138044K) : recog_iprobe has 0 polygons
2026-08-20 10:22:24 +0000: Memory Usage (138044K) : recog_diffprb has 0 polygons
2026-08-20 10:22:24 +0000: Memory Usage (138044K) : recog_pillar has 0 polygons
2026-08-20 10:22:24 +0000: Memory Usage (138044K) : recog_sbump has 0 polygons
2026-08-20 10:22:24 +0000: Memory Usage (138044K) : recog_otp has 0 polygons
2026-08-20 10:22:24 +0000: Memory Usage (138172K) : recog_pdiode has 0 polygons
2026-08-20 10:22:24 +0000: Memory Usage (138172K) : recog_mom has 0 polygons
2026-08-20 10:22:24 +0000: Memory Usage (138172K) : recog_momf has 0 polygons
2026-08-20 10:22:24 +0000: Memory Usage (138172K) : recog_pcm has 0 polygons
2026-08-20 10:22:24 +0000: Memory Usage (138300K) : colopen_drw has 0 polygons
2026-08-20 10:22:24 +0000: Memory Usage (138300K) : graphmetal1_drw has 0 polygons
2026-08-20 10:22:24 +0000: Memory Usage (138300K) : graphmetal1_filler has 0 polygons
2026-08-20 10:22:24 +0000: Memory Usage (138300K) : graphmetal1_nofill has 0 polygons
2026-08-20 10:22:24 +0000: Memory Usage (138428K) : graphmetal1_slit has 0 polygons
2026-08-20 10:22:24 +0000: Memory Usage (138428K) : graphmetal1_OPC has 0 polygons
2026-08-20 10:22:24 +0000: Memory Usage (138428K) : graphmet1l_drw has 0 polygons
2026-08-20 10:22:24 +0000: Memory Usage (138428K) : graphmet1l_filler has 0 polygons
2026-08-20 10:22:24 +0000: Memory Usage (138556K) : graphmet1l_nofill has 0 polygons
2026-08-20 10:22:24 +0000: Memory Usage (138556K) : graphmet1l_slit has 0 polygons
2026-08-20 10:22:24 +0000: Memory Usage (138556K) : graphmet1l_OPC has 0 polygons
2026-08-20 10:22:24 +0000: Memory Usage (138684K) : extblock_drw has 6 polygons
2026-08-20 10:22:24 +0000: Memory Usage (138684K) : nldd_drw has 0 polygons
2026-08-20 10:22:24 +0000: Memory Usage (138684K) : pldd_drw has 0 polygons
2026-08-20 10:22:24 +0000: Memory Usage (138684K) : next_drw has 0 polygons
2026-08-20 10:22:24 +0000: Memory Usage (138812K) : pext_drw has 0 polygons
2026-08-20 10:22:24 +0000: Memory Usage (138812K) : nexthv_drw has 0 polygons
2026-08-20 10:22:24 +0000: Memory Usage (138812K) : pexthv_drw has 0 polygons
2026-08-20 10:22:24 +0000: Memory Usage (138812K) : graphgate_drw has 0 polygons
2026-08-20 10:22:24 +0000: Memory Usage (138940K) : sinwg_drw has 0 polygons
2026-08-20 10:22:24 +0000: Memory Usage (138940K) : sinwg_filler has 0 polygons
2026-08-20 10:22:24 +0000: Memory Usage (138940K) : sinwg_nofill has 0 polygons
2026-08-20 10:22:24 +0000: Memory Usage (138940K) : mempad_drw has 0 polygons
2026-08-20 10:22:24 +0000: Memory Usage (139068K) : topvia1_drw has 487 polygons
2026-08-20 10:22:24 +0000: Memory Usage (139068K) : topmetal1_drw has 69 polygons
2026-08-20 10:22:24 +0000: Memory Usage (139068K) : topmetal1_filler has 0 polygons
2026-08-20 10:22:24 +0000: Memory Usage (139068K) : topmetal1_slit has 0 polygons
2026-08-20 10:22:24 +0000: Memory Usage (139196K) : topmetal1 has 69 polygons
2026-08-20 10:22:24 +0000: Memory Usage (139196K) : topmetal1_pin has 0 polygons
2026-08-20 10:22:24 +0000: Memory Usage (139196K) : topmetal1_mask has 0 polygons
2026-08-20 10:22:24 +0000: Memory Usage (139324K) : topmetal1_nofill has 2 polygons
2026-08-20 10:22:24 +0000: Memory Usage (139324K) : topmetal1_text has 0 polygons
2026-08-20 10:22:24 +0000: Memory Usage (139324K) : topmetal1_noqrc has 0 polygons
2026-08-20 10:22:24 +0000: Memory Usage (139324K) : topmetal1_res has 0 polygons
2026-08-20 10:22:24 +0000: Memory Usage (139324K) : topmetal1_iprobe has 0 polygons
2026-08-20 10:22:24 +0000: Memory Usage (139452K) : topmetal1_diffprb has 0 polygons
2026-08-20 10:22:24 +0000: Memory Usage (139580K) : inldpwl_drw has 0 polygons
2026-08-20 10:22:24 +0000: Memory Usage (139580K) : polyres_drw has 2 polygons
2026-08-20 10:22:24 +0000: Memory Usage (139580K) : polyres_pin has 0 polygons
2026-08-20 10:22:24 +0000: Memory Usage (139580K) : vmim_drw has 0 polygons
2026-08-20 10:22:24 +0000: Memory Usage (139708K) : nbulaycut_drw has 0 polygons
2026-08-20 10:22:24 +0000: Memory Usage (139708K) : antmetal1_drw has 0 polygons
2026-08-20 10:22:24 +0000: Memory Usage (139708K) : topvia2_drw has 233 polygons
2026-08-20 10:22:24 +0000: Memory Usage (139836K) : topmetal2_drw has 68 polygons
2026-08-20 10:22:24 +0000: Memory Usage (139964K) : topmetal2_filler has 0 polygons
2026-08-20 10:22:24 +0000: Memory Usage (139964K) : topmetal2_slit has 0 polygons
2026-08-20 10:22:24 +0000: Memory Usage (140092K) : topmetal2 has 68 polygons
2026-08-20 10:22:24 +0000: Memory Usage (140092K) : topmetal2_pin has 4 polygons
2026-08-20 10:22:24 +0000: Memory Usage (140092K) : topmetal2_mask has 0 polygons
2026-08-20 10:22:24 +0000: Memory Usage (140092K) : topmetal2_nofill has 2 polygons
2026-08-20 10:22:24 +0000: Memory Usage (140220K) : topmetal2_text has 8 polygons
2026-08-20 10:22:24 +0000: Memory Usage (140220K) : topmetal2_noqrc has 0 polygons
2026-08-20 10:22:24 +0000: Memory Usage (140348K) : topmetal2_res has 0 polygons
2026-08-20 10:22:24 +0000: Memory Usage (140348K) : topmetal2_iprobe has 0 polygons
2026-08-20 10:22:24 +0000: Memory Usage (140348K) : topmetal2_diffprb has 0 polygons
2026-08-20 10:22:24 +0000: Memory Usage (140476K) : snsring_drw has 0 polygons
2026-08-20 10:22:24 +0000: Memory Usage (140476K) : sensor_drw has 0 polygons
2026-08-20 10:22:24 +0000: Memory Usage (140476K) : snsarms_drw has 0 polygons
2026-08-20 10:22:24 +0000: Memory Usage (140476K) : snscmosvia_drw has 0 polygons
2026-08-20 10:22:24 +0000: Memory Usage (140476K) : colwind_drw has 0 polygons
2026-08-20 10:22:24 +0000: Memory Usage (140476K) : flm_drw has 0 polygons
2026-08-20 10:22:24 +0000: Memory Usage (140476K) : hafniumox_drw has 0 polygons
2026-08-20 10:22:24 +0000: Memory Usage (140476K) : memvia_drw has 0 polygons
2026-08-20 10:22:24 +0000: Memory Usage (140476K) : thinfilmres_drw has 0 polygons
2026-08-20 10:22:24 +0000: Memory Usage (140476K) : rfmem_drw has 0 polygons
2026-08-20 10:22:24 +0000: Memory Usage (140476K) : norcx_drw has 2 polygons
2026-08-20 10:22:24 +0000: Memory Usage (140476K) : norcx_m2m3 has 0 polygons
2026-08-20 10:22:24 +0000: Memory Usage (140476K) : norcx_m2m4 has 0 polygons
2026-08-20 10:22:24 +0000: Memory Usage (140476K) : norcx_m2m5 has 0 polygons
2026-08-20 10:22:24 +0000: Memory Usage (140476K) : norcx_m2tm1 has 0 polygons
2026-08-20 10:22:24 +0000: Memory Usage (140476K) : norcx_m2tm2 has 0 polygons
2026-08-20 10:22:24 +0000: Memory Usage (140476K) : norcx_m3m4 has 0 polygons
2026-08-20 10:22:24 +0000: Memory Usage (140476K) : norcx_m3m5 has 0 polygons
2026-08-20 10:22:24 +0000: Memory Usage (140476K) : norcx_m3tm1 has 0 polygons
2026-08-20 10:22:24 +0000: Memory Usage (140476K) : norcx_m3tm2 has 0 polygons
2026-08-20 10:22:24 +0000: Memory Usage (140476K) : norcx_m4m5 has 0 polygons
2026-08-20 10:22:24 +0000: Memory Usage (140476K) : norcx_m4tm1 has 0 polygons
2026-08-20 10:22:24 +0000: Memory Usage (140476K) : norcx_m4tm2 has 0 polygons
2026-08-20 10:22:24 +0000: Memory Usage (140476K) : norcx_m5tm1 has 0 polygons
2026-08-20 10:22:24 +0000: Memory Usage (140476K) : norcx_m5tm2 has 0 polygons
2026-08-20 10:22:24 +0000: Memory Usage (140476K) : norcx_tm1tm2 has 0 polygons
2026-08-20 10:22:24 +0000: Memory Usage (140476K) : norcx_m1sub has 0 polygons
2026-08-20 10:22:24 +0000: Memory Usage (140476K) : norcx_m2sub has 0 polygons
2026-08-20 10:22:24 +0000: Memory Usage (140476K) : norcx_m3sub has 0 polygons
2026-08-20 10:22:24 +0000: Memory Usage (140476K) : norcx_m4sub has 0 polygons
2026-08-20 10:22:24 +0000: Memory Usage (140476K) : norcx_m5sub has 0 polygons
2026-08-20 10:22:24 +0000: Memory Usage (140476K) : norcx_tm1sub has 0 polygons
2026-08-20 10:22:24 +0000: Memory Usage (140476K) : norcx_tm2sub has 0 polygons
2026-08-20 10:22:24 +0000: Memory Usage (140476K) : snsbotvia_drw has 0 polygons
2026-08-20 10:22:24 +0000: Memory Usage (140476K) : snstopvia_drw has 0 polygons
2026-08-20 10:22:24 +0000: Memory Usage (140476K) : deepvia_drw has 0 polygons
2026-08-20 10:22:24 +0000: Memory Usage (140476K) : fgetch_drw has 0 polygons
2026-08-20 10:22:24 +0000: Memory Usage (140476K) : ctrgat_drw has 0 polygons
2026-08-20 10:22:24 +0000: Memory Usage (140476K) : fgimp_drw has 0 polygons
2026-08-20 10:22:24 +0000: Memory Usage (140476K) : emwihv_drw has 0 polygons
2026-08-20 10:22:24 +0000: Memory Usage (140476K) : lbe_drw has 2 polygons
2026-08-20 10:22:24 +0000: Memory Usage (140476K) : alcustop_drw has 0 polygons
2026-08-20 10:22:24 +0000: Memory Usage (140476K) : nometfiller_drw has 0 polygons
2026-08-20 10:22:24 +0000: Memory Usage (140476K) : prboundary_drw has 0 polygons
2026-08-20 10:22:24 +0000: Memory Usage (140476K) : exchange0_drw has 0 polygons
2026-08-20 10:22:24 +0000: Memory Usage (140476K) : exchange0_pin has 0 polygons
2026-08-20 10:22:24 +0000: Memory Usage (140476K) : exchange0_text has 0 polygons
2026-08-20 10:22:24 +0000: Memory Usage (140476K) : exchange1_drw has 0 polygons
2026-08-20 10:22:24 +0000: Memory Usage (140476K) : exchange1_pin has 0 polygons
2026-08-20 10:22:24 +0000: Memory Usage (140476K) : exchange1_text has 0 polygons
2026-08-20 10:22:24 +0000: Memory Usage (140476K) : exchange2_drw has 0 polygons
2026-08-20 10:22:24 +0000: Memory Usage (140476K) : exchange2_pin has 0 polygons
2026-08-20 10:22:24 +0000: Memory Usage (140476K) : exchange2_text has 0 polygons
2026-08-20 10:22:24 +0000: Memory Usage (140476K) : exchange3_drw has 0 polygons
2026-08-20 10:22:24 +0000: Memory Usage (140476K) : exchange3_pin has 0 polygons
2026-08-20 10:22:24 +0000: Memory Usage (140476K) : exchange3_text has 0 polygons
2026-08-20 10:22:24 +0000: Memory Usage (140476K) : exchange4_drw has 0 polygons
2026-08-20 10:22:24 +0000: Memory Usage (140476K) : exchange4_pin has 0 polygons
2026-08-20 10:22:24 +0000: Memory Usage (140476K) : exchange4_text has 0 polygons
2026-08-20 10:22:24 +0000: Memory Usage (140476K) : isonwell_drw has 0 polygons
2026-08-20 10:22:24 +0000: Memory Usage (140476K) : Total no. of polygons in the design is 32149
2026-08-20 10:22:24 +0000: Memory Usage (140476K) : Starting base layers derivations
2026-08-20 10:22:24 +0000: Memory Usage (140476K) : Starting general LVS derivations
2026-08-20 10:22:25 +0000: Memory Usage (144732K) : Starting MOSFET DERIVATIONS
2026-08-20 10:22:25 +0000: Memory Usage (145372K) : Starting NMOS DERIVATIONS
2026-08-20 10:22:25 +0000: Memory Usage (145372K) : Starting PMOS DERIVATIONS
2026-08-20 10:22:25 +0000: Memory Usage (145372K) : Starting RF-MOSFET DERIVATIONS
2026-08-20 10:22:25 +0000: Memory Usage (145372K) : Starting RF-NMOS DERIVATIONS
2026-08-20 10:22:25 +0000: Memory Usage (145372K) : Starting RF-PMOS DERIVATIONS
2026-08-20 10:22:25 +0000: Memory Usage (145372K) : Starting BJT DERIVATIONS
2026-08-20 10:22:25 +0000: Memory Usage (145372K) : Starting NPN-BJT DERIVATIONS
2026-08-20 10:22:25 +0000: Memory Usage (145372K) : Starting PNP-BJT DERIVATIONS
2026-08-20 10:22:25 +0000: Memory Usage (145372K) : Starting DIODE DERIVATIONS
2026-08-20 10:22:25 +0000: Memory Usage (145372K) : Starting RESISTOR DERIVATIONS
2026-08-20 10:22:25 +0000: Memory Usage (145500K) : Starting CAP DERIVATIONS
2026-08-20 10:22:26 +0000: Memory Usage (145500K) : Starting CAP_CMOM DERIVATIONS
2026-08-20 10:22:26 +0000: Memory Usage (145500K) : Starting CAP_CMOMF DERIVATIONS
2026-08-20 10:22:26 +0000: Memory Usage (145500K) : Starting ESD DERIVATIONS
2026-08-20 10:22:27 +0000: Memory Usage (145500K) : Starting Inductor DERIVATIONS
2026-08-20 10:22:27 +0000: Memory Usage (145500K) : Starting Taps DERIVATIONS
2026-08-20 10:22:27 +0000: Memory Usage (145500K) : Starting SG13G2 LVS connectivity setup
2026-08-20 10:22:27 +0000: Memory Usage (145500K) : Starting SG13G2 LVS connectivity setup (Inter-layer)
2026-08-20 10:22:27 +0000: Memory Usage (145628K) : Starting SG13G2 LVS connectivity setup (Global)
2026-08-20 10:22:27 +0000: Memory Usage (145628K) : Starting LVS MOSFET CONNECTIONS
2026-08-20 10:22:27 +0000: Memory Usage (145628K) : Starting LVS RF-MOSFET CONNECTIONS
2026-08-20 10:22:27 +0000: Memory Usage (145628K) : Starting LVS BJT CONNECTIONS
2026-08-20 10:22:27 +0000: Memory Usage (145628K) : Starting LVS DIODE CONNECTIONS
2026-08-20 10:22:27 +0000: Memory Usage (145628K) : Starting RESISTOR CONNECTIONS
2026-08-20 10:22:27 +0000: Memory Usage (145628K) : Starting LVS CAP CONNECTIONS
2026-08-20 10:22:27 +0000: Memory Usage (145628K) : Starting CAP_CMOM CONNECTIONS
2026-08-20 10:22:27 +0000: Memory Usage (145628K) : Starting CAP_CMOMF CONNECTIONS
2026-08-20 10:22:27 +0000: Memory Usage (145628K) : Starting ESD CONNECTIONS
2026-08-20 10:22:27 +0000: Memory Usage (145628K) : Starting Inductor CONNECTIONS
2026-08-20 10:22:27 +0000: Memory Usage (145628K) : Starting LVS Taps CONNECTIONS
2026-08-20 10:22:27 +0000: Memory Usage (145628K) : Starting SG13G2 LVS DEVICES EXTRACTION
2026-08-20 10:22:27 +0000: Memory Usage (145628K) : Starting MOSFET EXTRACTION
2026-08-20 10:22:27 +0000: Memory Usage (145628K) : Starting NMOS EXTRACTION
2026-08-20 10:22:27 +0000: Memory Usage (145628K) : Extraction of NMOS-LV transistor
2026-08-20 10:22:27 +0000: Memory Usage (145756K) : Extraction of NMOS-HV transistor
2026-08-20 10:22:27 +0000: Memory Usage (145756K) : Starting PMOS EXTRACTION
2026-08-20 10:22:27 +0000: Memory Usage (145756K) : Extraction of PMOS-LV transistor
2026-08-20 10:22:27 +0000: Memory Usage (145756K) : Extraction of PMOS-HV transistor
2026-08-20 10:22:27 +0000: Memory Usage (145756K) : Starting RF-MOSFET EXTRACTION
2026-08-20 10:22:27 +0000: Memory Usage (145756K) : Extraction of RF-NMOS-LV transistor
2026-08-20 10:22:27 +0000: Memory Usage (145756K) : Extraction of RF-NMOS-HV transistor
2026-08-20 10:22:27 +0000: Memory Usage (145756K) : Extraction of RF-PMOS-LV transistor
2026-08-20 10:22:27 +0000: Memory Usage (145756K) : Extraction of RF-PMOS-HV transistor
2026-08-20 10:22:27 +0000: Memory Usage (145756K) : Starting BJT EXTRACTION
2026-08-20 10:22:27 +0000: Memory Usage (145756K) : Starting NPN-BJT EXTRACTION
2026-08-20 10:22:27 +0000: Memory Usage (145756K) : Extraction of npn13G2 BJT transistor
2026-08-20 10:22:27 +0000: Memory Usage (145756K) : Extraction of npn13G2L BJT transistor
2026-08-20 10:22:27 +0000: Memory Usage (145756K) : Extraction of npn13G2V BJT transistor
2026-08-20 10:22:27 +0000: Memory Usage (145756K) : Starting PNP-BJT EXTRACTION
2026-08-20 10:22:27 +0000: Memory Usage (145756K) : Extracting pnpMPA BJT
2026-08-20 10:22:27 +0000: Memory Usage (145756K) : Starting DIODE EXTRACTION
2026-08-20 10:22:27 +0000: Memory Usage (145756K) : Extracting dantenna diode
2026-08-20 10:22:27 +0000: Memory Usage (145756K) : Extracting dpantenna diode
2026-08-20 10:22:27 +0000: Memory Usage (145756K) : Extracting schottky_nbl1 diode
2026-08-20 10:22:27 +0000: Memory Usage (145756K) : Extracting isolbox diode
2026-08-20 10:22:27 +0000: Memory Usage (145756K) : Starting RESISTOR EXTRACTION
2026-08-20 10:22:27 +0000: Memory Usage (145756K) : Extracting rsil resistor
2026-08-20 10:22:27 +0000: Memory Usage (145756K) : Extracting rppd resistor
2026-08-20 10:22:27 +0000: Memory Usage (145756K) : Extracting rhigh resistor
2026-08-20 10:22:27 +0000: Memory Usage (145756K) : Extracting res_metal1 resistor
2026-08-20 10:22:27 +0000: Memory Usage (145884K) : Extracting res_metal2 resistor
2026-08-20 10:22:27 +0000: Memory Usage (145884K) : Extracting res_metal3 resistor
2026-08-20 10:22:27 +0000: Memory Usage (145884K) : Extracting res_metal4 resistor
2026-08-20 10:22:27 +0000: Memory Usage (145884K) : Extracting res_metal5 resistor
2026-08-20 10:22:27 +0000: Memory Usage (145884K) : Extracting res_topmetal1 resistor
2026-08-20 10:22:27 +0000: Memory Usage (145884K) : Extracting res_topmetal2 resistor
2026-08-20 10:22:27 +0000: Memory Usage (145884K) : Starting CAP EXTRACTION
2026-08-20 10:22:27 +0000: Memory Usage (145884K) : Extracting cap_cmim device
2026-08-20 10:22:27 +0000: Memory Usage (145884K) : Extracting rfcmim device
2026-08-20 10:22:27 +0000: Memory Usage (145884K) : Extracting sg13_hv_svaricap varactor
2026-08-20 10:22:27 +0000: Memory Usage (145884K) : Extracting cap_cmomi device
2026-08-20 10:22:27 +0000: Memory Usage (145884K) : Extracting cap_cmomf device
2026-08-20 10:22:27 +0000: Memory Usage (145884K) : Extracting sg13_moscap_n capacitor
2026-08-20 10:22:27 +0000: Memory Usage (145884K) : Extracting sg13_moscap_p capacitor
2026-08-20 10:22:27 +0000: Memory Usage (145884K) : Starting ESD EXTRACTION
2026-08-20 10:22:27 +0000: Memory Usage (145884K) : Extracting diodevdd_2kv ESD device
2026-08-20 10:22:27 +0000: Memory Usage (145884K) : Extracting diodevdd_4kv ESD device
2026-08-20 10:22:27 +0000: Memory Usage (145884K) : Extracting diodevss_2kv ESD device
2026-08-20 10:22:27 +0000: Memory Usage (145884K) : Extracting diodevss_4kv ESD device
2026-08-20 10:22:27 +0000: Memory Usage (145884K) : Extracting idiodevdd_2kv ESD device
2026-08-20 10:22:27 +0000: Memory Usage (145884K) : Extracting idiodevdd_4kv ESD device
2026-08-20 10:22:27 +0000: Memory Usage (145884K) : Extracting idiodevss_2kv ESD device
2026-08-20 10:22:27 +0000: Memory Usage (145884K) : Extracting idiodevss_4kv ESD device
2026-08-20 10:22:27 +0000: Memory Usage (145884K) : Extracting nmoscl_2 ESD device
2026-08-20 10:22:27 +0000: Memory Usage (145884K) : Extracting nmoscl_4 ESD device
2026-08-20 10:22:27 +0000: Memory Usage (145884K) : Starting Inductor EXTRACTION
2026-08-20 10:22:27 +0000: Memory Usage (145884K) : Extracting Inductor2 device
2026-08-20 10:22:27 +0000: Memory Usage (146012K) : Extracting Inductor3 device
2026-08-20 10:22:27 +0000: Memory Usage (146012K) : Starting Taps EXTRACTION
2026-08-20 10:22:27 +0000: Memory Usage (146012K) : DISABLE_TAP_EXTRACTION is enabled: skipping ntap1/ptap1 device extraction.
2026-08-20 10:22:27 +0000: Memory Usage (146012K) : Starting SG13G2 LVS RF MOS Model Mapping
2026-08-20 10:22:27 +0000: Memory Usage (146012K) : [layout_netlist] Apply RF MOS model mapping and rfmode parameter.
2026-08-20 10:22:27 +0000: Memory Usage (146012K) : Starting SG13G2 LVS Options Preparations
2026-08-20 10:22:27 +0000: Memory Usage (146012K) : SG13G2 LVS flow: extraction -> alignment -> option preparation -> comparison.
2026-08-20 10:22:27 +0000: Memory Usage (146012K) : Starting SG13G2 LVS Alignment
2026-08-20 10:22:27 +0000: Memory Usage (146140K) : Starting SG13G2 LVS Simplification
2026-08-20 10:22:27 +0000: Memory Usage (146140K) : [layout_netlist] simplify: ENABLED
2026-08-20 10:22:27 +0000: Memory Usage (146140K) : [layout_netlist] make_top_level_pins: SKIPPED
2026-08-20 10:22:27 +0000: Memory Usage (146140K) : [layout_netlist] combine_devices: SKIPPED
2026-08-20 10:22:27 +0000: Memory Usage (146140K) : [layout_netlist] purge: SKIPPED
2026-08-20 10:22:27 +0000: Memory Usage (146140K) : [layout_netlist] purge_nets: SKIPPED
2026-08-20 10:22:27 +0000: Memory Usage (146140K) : [schematic_netlist] simplify: ENABLED
2026-08-20 10:22:27 +0000: Memory Usage (146140K) : [schematic_netlist] make_top_level_pins: SKIPPED
2026-08-20 10:22:27 +0000: Memory Usage (146140K) : [schematic_netlist] combine_devices: SKIPPED
2026-08-20 10:22:27 +0000: Memory Usage (146140K) : [schematic_netlist] purge: SKIPPED
2026-08-20 10:22:27 +0000: Memory Usage (146140K) : [schematic_netlist] purge_nets: SKIPPED
2026-08-20 10:22:27 +0000: Memory Usage (146140K) : Starting SG13G2 LVS Comparison
2026-08-20 10:22:27 +0000: Memory Usage (146268K) : xxxxxxxxxxxxxxxxxxxxxxxxxxxxxxxxxxxxxxxxxx
2026-08-20 10:22:27 +0000: Memory Usage (146268K) : ERROR : Netlists don't match
2026-08-20 10:22:27 +0000: Memory Usage (146268K) : xxxxxxxxxxxxxxxxxxxxxxxxxxxxxxxxxxxxxxxxxx
2026-08-20 10:22:27 +0000: Memory Usage (146268K) : LVS Total Run time 2.893507 seconds
