$ python3 /home/ubuntu/.local/share/ihp-eda/IHP-Open-PDK/ihp-sg13g2/libs.tech/klayout/tech/lvs/run_lvs.py --layout=/workspace/layout/blocks/out/term_stage/_cmim_probe/div_m3_viaup.gds --netlist=/workspace/layout/blocks/out/term_stage/_cmim_probe/probe.cdl --run_dir=/workspace/layout/blocks/out/term_stage/_cmim_probe/lvs_m3_viaup --run_mode=deep --topcell=probe --implicit_nets=sub,sub! --ignore_top_ports_mismatch

--- stdout ---
2026-08-20 11:11:59 +0000: Memory Usage (129108K) : Starting running SG13G2 Klayout LVS runset on /workspace/layout/blocks/out/term_stage/_cmim_probe/div_m3_viaup.gds
2026-08-20 11:11:59 +0000: Memory Usage (129108K) : Ruby Version for klayout: 3.2.3
2026-08-20 11:11:59 +0000: Memory Usage (130252K) : Loading database to memory is complete.
2026-08-20 11:11:59 +0000: Memory Usage (130252K) : SG13G2 Klayout LVS runset output at: /workspace/layout/blocks/out/term_stage/_cmim_probe/lvs_m3_viaup/div_m3_viaup.lvsdb
2026-08-20 11:11:59 +0000: Memory Usage (130252K) : Evaluate switches.
2026-08-20 11:11:59 +0000: Memory Usage (130252K) : Extracted netlist with net names: true
2026-08-20 11:11:59 +0000: Memory Usage (130252K) : Extracted netlist with comments in details: false
2026-08-20 11:11:59 +0000: Memory Usage (130252K) : Selected NET_ONLY option: false
2026-08-20 11:11:59 +0000: Memory Usage (130252K) : Selected LAYOUT_NETLIST option: (none)
2026-08-20 11:11:59 +0000: Memory Usage (130252K) : Selected IGNORE_TOP_PORTS_MISMATCH option: true
2026-08-20 11:11:59 +0000: Memory Usage (130252K) : Selected IMPLICIT_NETS option: sub,sub!
2026-08-20 11:11:59 +0000: Memory Usage (130252K) : Selected TOP_LVL_PINS option: false
2026-08-20 11:11:59 +0000: Memory Usage (130252K) : Selected COMBINE DEVICES option: false
2026-08-20 11:11:59 +0000: Memory Usage (130252K) : Selected PURGE option: false
2026-08-20 11:11:59 +0000: Memory Usage (130252K) : Selected PURGE_NETS option: false
2026-08-20 11:11:59 +0000: Memory Usage (130252K) : Selected SIMPLIFY option: true
2026-08-20 11:11:59 +0000: Memory Usage (130252K) : Selected SERIES_RES option: true
2026-08-20 11:11:59 +0000: Memory Usage (130252K) : Selected PARALLEL_RES option: true
2026-08-20 11:11:59 +0000: Memory Usage (130252K) : Selected DISABLE_TAP_EXTRACTION option: false
2026-08-20 11:11:59 +0000: Memory Usage (130252K) : deep  mode is enabled.
2026-08-20 11:11:59 +0000: Memory Usage (130252K) : Applying implicit connections (case-sensitive, pattern supported) for nets: sub, sub!
2026-08-20 11:11:59 +0000: Memory Usage (131372K) : Netlist file: /workspace/layout/blocks/out/term_stage/_cmim_probe/probe.cdl
2026-08-20 11:11:59 +0000: Memory Usage (131372K) : LVS extracted netlist at: /workspace/layout/blocks/out/term_stage/_cmim_probe/lvs_m3_viaup/div_m3_viaup_extracted.cir
2026-08-20 11:11:59 +0000: Memory Usage (131372K) : Applying SRAM integration support.
2026-08-20 11:11:59 +0000: Memory Usage (131372K) : Starting SG13G2 LVS runset
2026-08-20 11:11:59 +0000: Memory Usage (131372K) : Read in polygons from layers.
2026-08-20 11:11:59 +0000: Memory Usage (132044K) : activ_drw has 0 polygons
2026-08-20 11:11:59 +0000: Memory Usage (132044K) : activ_filler has 0 polygons
2026-08-20 11:11:59 +0000: Memory Usage (132172K) : activ has 0 polygons
2026-08-20 11:11:59 +0000: Memory Usage (132172K) : activ_pin has 0 polygons
2026-08-20 11:11:59 +0000: Memory Usage (132172K) : activ_mask has 0 polygons
2026-08-20 11:11:59 +0000: Memory Usage (132172K) : activ_nofill has 0 polygons
2026-08-20 11:11:59 +0000: Memory Usage (132172K) : activ_OPC has 0 polygons
2026-08-20 11:11:59 +0000: Memory Usage (132172K) : activ_iOPC has 0 polygons
2026-08-20 11:11:59 +0000: Memory Usage (132172K) : activ_noqrc has 0 polygons
2026-08-20 11:11:59 +0000: Memory Usage (132172K) : biwind_drw has 0 polygons
2026-08-20 11:11:59 +0000: Memory Usage (132172K) : biwind_OPC has 0 polygons
2026-08-20 11:11:59 +0000: Memory Usage (132684K) : gatpoly_drw has 8 polygons
2026-08-20 11:11:59 +0000: Memory Usage (132684K) : gatpoly_filler has 0 polygons
2026-08-20 11:11:59 +0000: Memory Usage (132812K) : gatpoly has 8 polygons
2026-08-20 11:11:59 +0000: Memory Usage (132812K) : gatpoly_pin has 0 polygons
2026-08-20 11:11:59 +0000: Memory Usage (132812K) : gatpoly_nofill has 0 polygons
2026-08-20 11:11:59 +0000: Memory Usage (132812K) : gatpoly_OPC has 0 polygons
2026-08-20 11:11:59 +0000: Memory Usage (132812K) : gatpoly_iOPC has 0 polygons
2026-08-20 11:11:59 +0000: Memory Usage (132812K) : gatpoly_noqrc has 0 polygons
2026-08-20 11:11:59 +0000: Memory Usage (132812K) : cont_drw has 4 polygons
2026-08-20 11:11:59 +0000: Memory Usage (132812K) : cont_OPC has 0 polygons
2026-08-20 11:11:59 +0000: Memory Usage (132868K) : nsd_drw has 0 polygons
2026-08-20 11:11:59 +0000: Memory Usage (133380K) : nsd_block has 0 polygons
2026-08-20 11:11:59 +0000: Memory Usage (133380K) : metal1_drw has 8 polygons
2026-08-20 11:11:59 +0000: Memory Usage (133380K) : metal1_filler has 0 polygons
2026-08-20 11:11:59 +0000: Memory Usage (133380K) : metal1_slit has 0 polygons
2026-08-20 11:11:59 +0000: Memory Usage (133508K) : metal1 has 8 polygons
2026-08-20 11:11:59 +0000: Memory Usage (133508K) : metal1_pin has 4 polygons
2026-08-20 11:11:59 +0000: Memory Usage (133508K) : metal1_mask has 0 polygons
2026-08-20 11:11:59 +0000: Memory Usage (133508K) : metal1_nofill has 0 polygons
2026-08-20 11:11:59 +0000: Memory Usage (133636K) : metal1_text has 0 polygons
2026-08-20 11:11:59 +0000: Memory Usage (133636K) : metal1_OPC has 0 polygons
2026-08-20 11:11:59 +0000: Memory Usage (133636K) : metal1_noqrc has 0 polygons
2026-08-20 11:11:59 +0000: Memory Usage (133636K) : metal1_res has 0 polygons
2026-08-20 11:11:59 +0000: Memory Usage (133636K) : metal1_iprobe has 0 polygons
2026-08-20 11:11:59 +0000: Memory Usage (133636K) : metal1_diffprb has 0 polygons
2026-08-20 11:11:59 +0000: Memory Usage (133636K) : passiv_drw has 0 polygons
2026-08-20 11:11:59 +0000: Memory Usage (133636K) : passiv_pin has 0 polygons
2026-08-20 11:11:59 +0000: Memory Usage (133636K) : passiv_sbump has 0 polygons
2026-08-20 11:11:59 +0000: Memory Usage (133636K) : passiv_pillar has 0 polygons
2026-08-20 11:11:59 +0000: Memory Usage (133636K) : passiv_pdl has 0 polygons
2026-08-20 11:11:59 +0000: Memory Usage (133636K) : metal2_drw has 4 polygons
2026-08-20 11:11:59 +0000: Memory Usage (133636K) : metal2_filler has 0 polygons
2026-08-20 11:11:59 +0000: Memory Usage (133636K) : metal2_slit has 0 polygons
2026-08-20 11:11:59 +0000: Memory Usage (133636K) : metal2 has 4 polygons
2026-08-20 11:11:59 +0000: Memory Usage (133764K) : metal2_pin has 0 polygons
2026-08-20 11:11:59 +0000: Memory Usage (133764K) : metal2_mask has 0 polygons
2026-08-20 11:11:59 +0000: Memory Usage (133892K) : metal2_nofill has 0 polygons
2026-08-20 11:11:59 +0000: Memory Usage (133892K) : metal2_text has 0 polygons
2026-08-20 11:11:59 +0000: Memory Usage (133892K) : metal2_OPC has 0 polygons
2026-08-20 11:11:59 +0000: Memory Usage (133892K) : metal2_noqrc has 0 polygons
2026-08-20 11:11:59 +0000: Memory Usage (134020K) : metal2_res has 0 polygons
2026-08-20 11:11:59 +0000: Memory Usage (134020K) : metal2_iprobe has 0 polygons
2026-08-20 11:11:59 +0000: Memory Usage (134020K) : metal2_diffprb has 0 polygons
2026-08-20 11:11:59 +0000: Memory Usage (134020K) : baspoly_drw has 0 polygons
2026-08-20 11:11:59 +0000: Memory Usage (134148K) : baspoly_pin has 0 polygons
2026-08-20 11:11:59 +0000: Memory Usage (134148K) : psd_drw has 6 polygons
2026-08-20 11:11:59 +0000: Memory Usage (134148K) : nldb_drw has 0 polygons
2026-08-20 11:11:59 +0000: Memory Usage (134148K) : digibnd_drw has 0 polygons
2026-08-20 11:11:59 +0000: Memory Usage (134276K) : via1_drw has 8 polygons
2026-08-20 11:11:59 +0000: Memory Usage (134276K) : backmetal1_drw has 0 polygons
2026-08-20 11:11:59 +0000: Memory Usage (134276K) : backmetal1_pin has 0 polygons
2026-08-20 11:11:59 +0000: Memory Usage (134276K) : backmetal1_mask has 0 polygons
2026-08-20 11:11:59 +0000: Memory Usage (134404K) : backmetal1_filler has 0 polygons
2026-08-20 11:11:59 +0000: Memory Usage (134404K) : backmetal1_nofill has 0 polygons
2026-08-20 11:11:59 +0000: Memory Usage (134404K) : backmetal1_slit has 0 polygons
2026-08-20 11:11:59 +0000: Memory Usage (134404K) : backmetal1_text has 0 polygons
2026-08-20 11:11:59 +0000: Memory Usage (134532K) : backmetal1_OPC has 0 polygons
2026-08-20 11:11:59 +0000: Memory Usage (134532K) : backmetal1_noqrc has 0 polygons
2026-08-20 11:11:59 +0000: Memory Usage (134532K) : backmetal1_res has 0 polygons
2026-08-20 11:11:59 +0000: Memory Usage (134532K) : backmetal1_iprobe has 0 polygons
2026-08-20 11:11:59 +0000: Memory Usage (134660K) : backmetal1_diffprb has 0 polygons
2026-08-20 11:11:59 +0000: Memory Usage (134660K) : backpassiv_drw has 0 polygons
2026-08-20 11:11:59 +0000: Memory Usage (134660K) : res_drw has 0 polygons
2026-08-20 11:11:59 +0000: Memory Usage (134660K) : sram_drw has 0 polygons
2026-08-20 11:11:59 +0000: Memory Usage (134788K) : trans_drw has 0 polygons
2026-08-20 11:11:59 +0000: Memory Usage (134788K) : ind_drw has 0 polygons
2026-08-20 11:11:59 +0000: Memory Usage (134788K) : ind_pin has 0 polygons
2026-08-20 11:11:59 +0000: Memory Usage (134788K) : ind_text has 0 polygons
2026-08-20 11:11:59 +0000: Memory Usage (134916K) : salblock_drw has 2 polygons
2026-08-20 11:11:59 +0000: Memory Usage (134916K) : via2_drw has 4 polygons
2026-08-20 11:11:59 +0000: Memory Usage (134916K) : metal3_drw has 5 polygons
2026-08-20 11:11:59 +0000: Memory Usage (134916K) : metal3_filler has 0 polygons
2026-08-20 11:11:59 +0000: Memory Usage (135044K) : metal3_slit has 0 polygons
2026-08-20 11:11:59 +0000: Memory Usage (135044K) : metal3 has 5 polygons
2026-08-20 11:11:59 +0000: Memory Usage (135044K) : metal3_pin has 0 polygons
2026-08-20 11:11:59 +0000: Memory Usage (135172K) : metal3_mask has 0 polygons
2026-08-20 11:11:59 +0000: Memory Usage (135172K) : metal3_nofill has 0 polygons
2026-08-20 11:11:59 +0000: Memory Usage (135172K) : metal3_text has 0 polygons
2026-08-20 11:11:59 +0000: Memory Usage (135172K) : metal3_OPC has 0 polygons
2026-08-20 11:11:59 +0000: Memory Usage (135300K) : metal3_noqrc has 0 polygons
2026-08-20 11:11:59 +0000: Memory Usage (135300K) : metal3_res has 0 polygons
2026-08-20 11:11:59 +0000: Memory Usage (135300K) : metal3_iprobe has 0 polygons
2026-08-20 11:11:59 +0000: Memory Usage (135300K) : metal3_diffprb has 0 polygons
2026-08-20 11:11:59 +0000: Memory Usage (135300K) : nwell_drw has 0 polygons
2026-08-20 11:11:59 +0000: Memory Usage (135300K) : nwell_pin has 0 polygons
2026-08-20 11:11:59 +0000: Memory Usage (135300K) : nwell_text has 0 polygons
2026-08-20 11:11:59 +0000: Memory Usage (135300K) : nbulay_drw has 0 polygons
2026-08-20 11:11:59 +0000: Memory Usage (135300K) : nbulay_pin has 0 polygons
2026-08-20 11:11:59 +0000: Memory Usage (135300K) : nbulay_block has 0 polygons
2026-08-20 11:11:59 +0000: Memory Usage (135300K) : emwind_drw has 0 polygons
2026-08-20 11:11:59 +0000: Memory Usage (135300K) : emwind_OPC has 0 polygons
2026-08-20 11:11:59 +0000: Memory Usage (135428K) : deepco_drw has 0 polygons
2026-08-20 11:11:59 +0000: Memory Usage (135428K) : mim_drw has 1 polygons
2026-08-20 11:11:59 +0000: Memory Usage (135428K) : edgeseal_drw has 0 polygons
2026-08-20 11:11:59 +0000: Memory Usage (135428K) : substrate_drw has 0 polygons
2026-08-20 11:11:59 +0000: Memory Usage (135428K) : substrate_text has 0 polygons
2026-08-20 11:11:59 +0000: Memory Usage (135428K) : dfpad_drw has 0 polygons
2026-08-20 11:11:59 +0000: Memory Usage (135556K) : dfpad_pillar has 0 polygons
2026-08-20 11:11:59 +0000: Memory Usage (135556K) : dfpad_sbump has 0 polygons
2026-08-20 11:11:59 +0000: Memory Usage (135556K) : thickgateox_drw has 0 polygons
2026-08-20 11:11:59 +0000: Memory Usage (135556K) : pldb_drw has 0 polygons
2026-08-20 11:11:59 +0000: Memory Usage (135556K) : pwell_drw has 0 polygons
2026-08-20 11:11:59 +0000: Memory Usage (135684K) : pwell_pin has 0 polygons
2026-08-20 11:11:59 +0000: Memory Usage (135684K) : pwell_block has 0 polygons
2026-08-20 11:11:59 +0000: Memory Usage (135684K) : ic_drw has 0 polygons
2026-08-20 11:11:59 +0000: Memory Usage (135684K) : via3_drw has 0 polygons
2026-08-20 11:11:59 +0000: Memory Usage (135684K) : metal4_drw has 0 polygons
2026-08-20 11:11:59 +0000: Memory Usage (135684K) : metal4_filler has 0 polygons
2026-08-20 11:11:59 +0000: Memory Usage (135812K) : metal4_slit has 0 polygons
2026-08-20 11:11:59 +0000: Memory Usage (135812K) : metal4 has 0 polygons
2026-08-20 11:11:59 +0000: Memory Usage (135812K) : metal4_pin has 0 polygons
2026-08-20 11:11:59 +0000: Memory Usage (135812K) : metal4_mask has 0 polygons
2026-08-20 11:11:59 +0000: Memory Usage (135812K) : metal4_nofill has 0 polygons
2026-08-20 11:11:59 +0000: Memory Usage (135812K) : metal4_text has 0 polygons
2026-08-20 11:11:59 +0000: Memory Usage (135940K) : metal4_OPC has 0 polygons
2026-08-20 11:11:59 +0000: Memory Usage (135940K) : metal4_noqrc has 0 polygons
2026-08-20 11:11:59 +0000: Memory Usage (135940K) : metal4_res has 0 polygons
2026-08-20 11:11:59 +0000: Memory Usage (135940K) : metal4_iprobe has 0 polygons
2026-08-20 11:11:59 +0000: Memory Usage (135940K) : metal4_diffprb has 0 polygons
2026-08-20 11:11:59 +0000: Memory Usage (135940K) : heattrans_drw has 0 polygons
2026-08-20 11:11:59 +0000: Memory Usage (136068K) : heatres_drw has 2 polygons
2026-08-20 11:11:59 +0000: Memory Usage (136068K) : fbe_drw has 0 polygons
2026-08-20 11:11:59 +0000: Memory Usage (136068K) : empoly_drw has 0 polygons
2026-08-20 11:11:59 +0000: Memory Usage (136068K) : digisub_drw has 0 polygons
2026-08-20 11:11:59 +0000: Memory Usage (136068K) : text_drw has 4 polygons
2026-08-20 11:11:59 +0000: Memory Usage (136068K) : via4_drw has 0 polygons
2026-08-20 11:11:59 +0000: Memory Usage (136068K) : metal5_drw has 12 polygons
2026-08-20 11:11:59 +0000: Memory Usage (136196K) : metal5_filler has 0 polygons
2026-08-20 11:11:59 +0000: Memory Usage (136196K) : metal5_slit has 0 polygons
2026-08-20 11:11:59 +0000: Memory Usage (136196K) : metal5 has 12 polygons
2026-08-20 11:11:59 +0000: Memory Usage (136196K) : metal5_pin has 0 polygons
2026-08-20 11:11:59 +0000: Memory Usage (136196K) : metal5_mask has 0 polygons
2026-08-20 11:11:59 +0000: Memory Usage (136324K) : metal5_nofill has 0 polygons
2026-08-20 11:11:59 +0000: Memory Usage (136324K) : metal5_text has 0 polygons
2026-08-20 11:11:59 +0000: Memory Usage (136324K) : metal5_OPC has 0 polygons
2026-08-20 11:11:59 +0000: Memory Usage (136324K) : metal5_noqrc has 0 polygons
2026-08-20 11:11:59 +0000: Memory Usage (136324K) : metal5_res has 0 polygons
2026-08-20 11:11:59 +0000: Memory Usage (136324K) : metal5_iprobe has 0 polygons
2026-08-20 11:11:59 +0000: Memory Usage (136452K) : metal5_diffprb has 0 polygons
2026-08-20 11:11:59 +0000: Memory Usage (136452K) : radhard_drw has 0 polygons
2026-08-20 11:11:59 +0000: Memory Usage (136452K) : memcap_drw has 0 polygons
2026-08-20 11:11:59 +0000: Memory Usage (136452K) : varicap_drw has 0 polygons
2026-08-20 11:11:59 +0000: Memory Usage (136452K) : intbondvia_drw has 0 polygons
2026-08-20 11:11:59 +0000: Memory Usage (136452K) : intbondmet_drw has 0 polygons
2026-08-20 11:11:59 +0000: Memory Usage (136580K) : devbondvia_drw has 0 polygons
2026-08-20 11:11:59 +0000: Memory Usage (136580K) : devbondmet_drw has 0 polygons
2026-08-20 11:11:59 +0000: Memory Usage (136580K) : devtrench_drw has 0 polygons
2026-08-20 11:11:59 +0000: Memory Usage (136580K) : redist_drw has 0 polygons
2026-08-20 11:11:59 +0000: Memory Usage (136580K) : graphbot_drw has 0 polygons
2026-08-20 11:11:59 +0000: Memory Usage (136580K) : graphtop_drw has 0 polygons
2026-08-20 11:11:59 +0000: Memory Usage (136708K) : antvia1_drw has 0 polygons
2026-08-20 11:11:59 +0000: Memory Usage (136708K) : antmetal2_drw has 0 polygons
2026-08-20 11:11:59 +0000: Memory Usage (136708K) : graphcont_drw has 0 polygons
2026-08-20 11:11:59 +0000: Memory Usage (136708K) : siwg_drw has 0 polygons
2026-08-20 11:11:59 +0000: Memory Usage (136708K) : siwg_filler has 0 polygons
2026-08-20 11:11:59 +0000: Memory Usage (136708K) : siwg_nofill has 0 polygons
2026-08-20 11:11:59 +0000: Memory Usage (136836K) : sigrating_drw has 0 polygons
2026-08-20 11:11:59 +0000: Memory Usage (136836K) : singrating_drw has 0 polygons
2026-08-20 11:11:59 +0000: Memory Usage (136836K) : graphpas_drw has 0 polygons
2026-08-20 11:11:59 +0000: Memory Usage (136836K) : emwind3_drw has 0 polygons
2026-08-20 11:11:59 +0000: Memory Usage (136836K) : emwihv3_drw has 0 polygons
2026-08-20 11:11:59 +0000: Memory Usage (136836K) : redbulay_drw has 0 polygons
2026-08-20 11:11:59 +0000: Memory Usage (136964K) : smos_drw has 0 polygons
2026-08-20 11:11:59 +0000: Memory Usage (136964K) : graphpad_drw has 0 polygons
2026-08-20 11:11:59 +0000: Memory Usage (136964K) : polimide_drw has 0 polygons
2026-08-20 11:11:59 +0000: Memory Usage (136964K) : polimide_pin has 0 polygons
2026-08-20 11:11:59 +0000: Memory Usage (136964K) : recog_drw has 0 polygons
2026-08-20 11:11:59 +0000: Memory Usage (137092K) : recog_pin has 0 polygons
2026-08-20 11:11:59 +0000: Memory Usage (137092K) : recog_esd has 0 polygons
2026-08-20 11:11:59 +0000: Memory Usage (137092K) : recog_diode has 0 polygons
2026-08-20 11:11:59 +0000: Memory Usage (137092K) : recog_tsv has 0 polygons
2026-08-20 11:11:59 +0000: Memory Usage (137092K) : recog_iprobe has 0 polygons
2026-08-20 11:11:59 +0000: Memory Usage (137092K) : recog_diffprb has 0 polygons
2026-08-20 11:11:59 +0000: Memory Usage (137092K) : recog_pillar has 0 polygons
2026-08-20 11:11:59 +0000: Memory Usage (137092K) : recog_sbump has 0 polygons
2026-08-20 11:11:59 +0000: Memory Usage (137220K) : recog_otp has 0 polygons
2026-08-20 11:11:59 +0000: Memory Usage (137220K) : recog_pdiode has 0 polygons
2026-08-20 11:11:59 +0000: Memory Usage (137220K) : recog_mom has 0 polygons
2026-08-20 11:11:59 +0000: Memory Usage (137220K) : recog_momf has 0 polygons
2026-08-20 11:11:59 +0000: Memory Usage (137220K) : recog_pcm has 0 polygons
2026-08-20 11:11:59 +0000: Memory Usage (137220K) : colopen_drw has 0 polygons
2026-08-20 11:11:59 +0000: Memory Usage (137348K) : graphmetal1_drw has 0 polygons
2026-08-20 11:11:59 +0000: Memory Usage (137348K) : graphmetal1_filler has 0 polygons
2026-08-20 11:11:59 +0000: Memory Usage (137348K) : graphmetal1_nofill has 0 polygons
2026-08-20 11:11:59 +0000: Memory Usage (137348K) : graphmetal1_slit has 0 polygons
2026-08-20 11:11:59 +0000: Memory Usage (137348K) : graphmetal1_OPC has 0 polygons
2026-08-20 11:11:59 +0000: Memory Usage (137348K) : graphmet1l_drw has 0 polygons
2026-08-20 11:11:59 +0000: Memory Usage (137476K) : graphmet1l_filler has 0 polygons
2026-08-20 11:11:59 +0000: Memory Usage (137476K) : graphmet1l_nofill has 0 polygons
2026-08-20 11:11:59 +0000: Memory Usage (137476K) : graphmet1l_slit has 0 polygons
2026-08-20 11:11:59 +0000: Memory Usage (137476K) : graphmet1l_OPC has 0 polygons
2026-08-20 11:11:59 +0000: Memory Usage (137476K) : extblock_drw has 6 polygons
2026-08-20 11:11:59 +0000: Memory Usage (137604K) : nldd_drw has 0 polygons
2026-08-20 11:11:59 +0000: Memory Usage (137604K) : pldd_drw has 0 polygons
2026-08-20 11:11:59 +0000: Memory Usage (137604K) : next_drw has 0 polygons
2026-08-20 11:11:59 +0000: Memory Usage (137604K) : pext_drw has 0 polygons
2026-08-20 11:11:59 +0000: Memory Usage (137604K) : nexthv_drw has 0 polygons
2026-08-20 11:11:59 +0000: Memory Usage (137604K) : pexthv_drw has 0 polygons
2026-08-20 11:11:59 +0000: Memory Usage (137732K) : graphgate_drw has 0 polygons
2026-08-20 11:11:59 +0000: Memory Usage (137732K) : sinwg_drw has 0 polygons
2026-08-20 11:11:59 +0000: Memory Usage (137732K) : sinwg_filler has 0 polygons
2026-08-20 11:11:59 +0000: Memory Usage (137732K) : sinwg_nofill has 0 polygons
2026-08-20 11:11:59 +0000: Memory Usage (137732K) : mempad_drw has 0 polygons
2026-08-20 11:11:59 +0000: Memory Usage (137732K) : topvia1_drw has 1 polygons
2026-08-20 11:11:59 +0000: Memory Usage (137860K) : topmetal1_drw has 2 polygons
2026-08-20 11:11:59 +0000: Memory Usage (137860K) : topmetal1_filler has 0 polygons
2026-08-20 11:11:59 +0000: Memory Usage (137860K) : topmetal1_slit has 0 polygons
2026-08-20 11:11:59 +0000: Memory Usage (137860K) : topmetal1 has 2 polygons
2026-08-20 11:11:59 +0000: Memory Usage (137860K) : topmetal1_pin has 0 polygons
2026-08-20 11:11:59 +0000: Memory Usage (137988K) : topmetal1_mask has 0 polygons
2026-08-20 11:11:59 +0000: Memory Usage (137988K) : topmetal1_nofill has 0 polygons
2026-08-20 11:11:59 +0000: Memory Usage (137988K) : topmetal1_text has 0 polygons
2026-08-20 11:11:59 +0000: Memory Usage (137988K) : topmetal1_noqrc has 0 polygons
2026-08-20 11:11:59 +0000: Memory Usage (138116K) : topmetal1_res has 0 polygons
2026-08-20 11:11:59 +0000: Memory Usage (138116K) : topmetal1_iprobe has 0 polygons
2026-08-20 11:11:59 +0000: Memory Usage (138116K) : topmetal1_diffprb has 0 polygons
2026-08-20 11:11:59 +0000: Memory Usage (138116K) : inldpwl_drw has 0 polygons
2026-08-20 11:11:59 +0000: Memory Usage (138244K) : polyres_drw has 2 polygons
2026-08-20 11:11:59 +0000: Memory Usage (138244K) : polyres_pin has 0 polygons
2026-08-20 11:11:59 +0000: Memory Usage (138372K) : vmim_drw has 225 polygons
2026-08-20 11:11:59 +0000: Memory Usage (138372K) : nbulaycut_drw has 0 polygons
2026-08-20 11:11:59 +0000: Memory Usage (138500K) : antmetal1_drw has 0 polygons
2026-08-20 11:11:59 +0000: Memory Usage (138500K) : topvia2_drw has 1 polygons
2026-08-20 11:11:59 +0000: Memory Usage (138500K) : topmetal2_drw has 1 polygons
2026-08-20 11:11:59 +0000: Memory Usage (138500K) : topmetal2_filler has 0 polygons
2026-08-20 11:11:59 +0000: Memory Usage (138628K) : topmetal2_slit has 0 polygons
2026-08-20 11:11:59 +0000: Memory Usage (138628K) : topmetal2 has 1 polygons
2026-08-20 11:11:59 +0000: Memory Usage (138628K) : topmetal2_pin has 0 polygons
2026-08-20 11:11:59 +0000: Memory Usage (138628K) : topmetal2_mask has 0 polygons
2026-08-20 11:12:00 +0000: Memory Usage (138756K) : topmetal2_nofill has 0 polygons
2026-08-20 11:12:00 +0000: Memory Usage (138756K) : topmetal2_text has 0 polygons
2026-08-20 11:12:00 +0000: Memory Usage (138884K) : topmetal2_noqrc has 0 polygons
2026-08-20 11:12:00 +0000: Memory Usage (138884K) : topmetal2_res has 0 polygons
2026-08-20 11:12:00 +0000: Memory Usage (138884K) : topmetal2_iprobe has 0 polygons
2026-08-20 11:12:00 +0000: Memory Usage (138884K) : topmetal2_diffprb has 0 polygons
2026-08-20 11:12:00 +0000: Memory Usage (139012K) : snsring_drw has 0 polygons
2026-08-20 11:12:00 +0000: Memory Usage (139012K) : sensor_drw has 0 polygons
2026-08-20 11:12:00 +0000: Memory Usage (139012K) : snsarms_drw has 0 polygons
2026-08-20 11:12:00 +0000: Memory Usage (139140K) : snscmosvia_drw has 0 polygons
2026-08-20 11:12:00 +0000: Memory Usage (139140K) : colwind_drw has 0 polygons
2026-08-20 11:12:00 +0000: Memory Usage (139140K) : flm_drw has 0 polygons
2026-08-20 11:12:00 +0000: Memory Usage (139140K) : hafniumox_drw has 0 polygons
2026-08-20 11:12:00 +0000: Memory Usage (139268K) : memvia_drw has 0 polygons
2026-08-20 11:12:00 +0000: Memory Usage (139268K) : thinfilmres_drw has 0 polygons
2026-08-20 11:12:00 +0000: Memory Usage (139268K) : rfmem_drw has 0 polygons
2026-08-20 11:12:00 +0000: Memory Usage (139268K) : norcx_drw has 0 polygons
2026-08-20 11:12:00 +0000: Memory Usage (139396K) : norcx_m2m3 has 0 polygons
2026-08-20 11:12:00 +0000: Memory Usage (139396K) : norcx_m2m4 has 0 polygons
2026-08-20 11:12:00 +0000: Memory Usage (139524K) : norcx_m2m5 has 0 polygons
2026-08-20 11:12:00 +0000: Memory Usage (139524K) : norcx_m2tm1 has 0 polygons
2026-08-20 11:12:00 +0000: Memory Usage (139524K) : norcx_m2tm2 has 0 polygons
2026-08-20 11:12:00 +0000: Memory Usage (139524K) : norcx_m3m4 has 0 polygons
2026-08-20 11:12:00 +0000: Memory Usage (139652K) : norcx_m3m5 has 0 polygons
2026-08-20 11:12:00 +0000: Memory Usage (139652K) : norcx_m3tm1 has 0 polygons
2026-08-20 11:12:00 +0000: Memory Usage (139652K) : norcx_m3tm2 has 0 polygons
2026-08-20 11:12:00 +0000: Memory Usage (139652K) : norcx_m4m5 has 0 polygons
2026-08-20 11:12:00 +0000: Memory Usage (139652K) : norcx_m4tm1 has 0 polygons
2026-08-20 11:12:00 +0000: Memory Usage (139652K) : norcx_m4tm2 has 0 polygons
2026-08-20 11:12:00 +0000: Memory Usage (139652K) : norcx_m5tm1 has 0 polygons
2026-08-20 11:12:00 +0000: Memory Usage (139652K) : norcx_m5tm2 has 0 polygons
2026-08-20 11:12:00 +0000: Memory Usage (139652K) : norcx_tm1tm2 has 0 polygons
2026-08-20 11:12:00 +0000: Memory Usage (139652K) : norcx_m1sub has 0 polygons
2026-08-20 11:12:00 +0000: Memory Usage (139652K) : norcx_m2sub has 0 polygons
2026-08-20 11:12:00 +0000: Memory Usage (139652K) : norcx_m3sub has 0 polygons
2026-08-20 11:12:00 +0000: Memory Usage (139652K) : norcx_m4sub has 0 polygons
2026-08-20 11:12:00 +0000: Memory Usage (139652K) : norcx_m5sub has 0 polygons
2026-08-20 11:12:00 +0000: Memory Usage (139652K) : norcx_tm1sub has 0 polygons
2026-08-20 11:12:00 +0000: Memory Usage (139652K) : norcx_tm2sub has 0 polygons
2026-08-20 11:12:00 +0000: Memory Usage (139652K) : snsbotvia_drw has 0 polygons
2026-08-20 11:12:00 +0000: Memory Usage (139652K) : snstopvia_drw has 0 polygons
2026-08-20 11:12:00 +0000: Memory Usage (139652K) : deepvia_drw has 0 polygons
2026-08-20 11:12:00 +0000: Memory Usage (139652K) : fgetch_drw has 0 polygons
2026-08-20 11:12:00 +0000: Memory Usage (139652K) : ctrgat_drw has 0 polygons
2026-08-20 11:12:00 +0000: Memory Usage (139652K) : fgimp_drw has 0 polygons
2026-08-20 11:12:00 +0000: Memory Usage (139652K) : emwihv_drw has 0 polygons
2026-08-20 11:12:00 +0000: Memory Usage (139652K) : lbe_drw has 0 polygons
2026-08-20 11:12:00 +0000: Memory Usage (139652K) : alcustop_drw has 0 polygons
2026-08-20 11:12:00 +0000: Memory Usage (139652K) : nometfiller_drw has 0 polygons
2026-08-20 11:12:00 +0000: Memory Usage (139652K) : prboundary_drw has 0 polygons
2026-08-20 11:12:00 +0000: Memory Usage (139652K) : exchange0_drw has 0 polygons
2026-08-20 11:12:00 +0000: Memory Usage (139652K) : exchange0_pin has 0 polygons
2026-08-20 11:12:00 +0000: Memory Usage (139652K) : exchange0_text has 0 polygons
2026-08-20 11:12:00 +0000: Memory Usage (139652K) : exchange1_drw has 0 polygons
2026-08-20 11:12:00 +0000: Memory Usage (139652K) : exchange1_pin has 0 polygons
2026-08-20 11:12:00 +0000: Memory Usage (139652K) : exchange1_text has 0 polygons
2026-08-20 11:12:00 +0000: Memory Usage (139652K) : exchange2_drw has 0 polygons
2026-08-20 11:12:00 +0000: Memory Usage (139652K) : exchange2_pin has 0 polygons
2026-08-20 11:12:00 +0000: Memory Usage (139652K) : exchange2_text has 0 polygons
2026-08-20 11:12:00 +0000: Memory Usage (139652K) : exchange3_drw has 0 polygons
2026-08-20 11:12:00 +0000: Memory Usage (139652K) : exchange3_pin has 0 polygons
2026-08-20 11:12:00 +0000: Memory Usage (139652K) : exchange3_text has 0 polygons
2026-08-20 11:12:00 +0000: Memory Usage (139652K) : exchange4_drw has 0 polygons
2026-08-20 11:12:00 +0000: Memory Usage (139652K) : exchange4_pin has 0 polygons
2026-08-20 11:12:00 +0000: Memory Usage (139652K) : exchange4_text has 0 polygons
2026-08-20 11:12:00 +0000: Memory Usage (139652K) : isonwell_drw has 0 polygons
2026-08-20 11:12:00 +0000: Memory Usage (139652K) : Total no. of polygons in the design is 310
2026-08-20 11:12:00 +0000: Memory Usage (139652K) : Starting base layers derivations
2026-08-20 11:12:00 +0000: Memory Usage (139652K) : Starting general LVS derivations
2026-08-20 11:12:00 +0000: Memory Usage (142000K) : Starting MOSFET DERIVATIONS
2026-08-20 11:12:00 +0000: Memory Usage (142128K) : Starting NMOS DERIVATIONS
2026-08-20 11:12:00 +0000: Memory Usage (142128K) : Starting PMOS DERIVATIONS
2026-08-20 11:12:00 +0000: Memory Usage (142128K) : Starting RF-MOSFET DERIVATIONS
2026-08-20 11:12:00 +0000: Memory Usage (142128K) : Starting RF-NMOS DERIVATIONS
2026-08-20 11:12:00 +0000: Memory Usage (142128K) : Starting RF-PMOS DERIVATIONS
2026-08-20 11:12:00 +0000: Memory Usage (142128K) : Starting BJT DERIVATIONS
2026-08-20 11:12:00 +0000: Memory Usage (142128K) : Starting NPN-BJT DERIVATIONS
2026-08-20 11:12:00 +0000: Memory Usage (142128K) : Starting PNP-BJT DERIVATIONS
2026-08-20 11:12:00 +0000: Memory Usage (142128K) : Starting DIODE DERIVATIONS
2026-08-20 11:12:00 +0000: Memory Usage (142128K) : Starting RESISTOR DERIVATIONS
2026-08-20 11:12:00 +0000: Memory Usage (143152K) : Starting CAP DERIVATIONS
2026-08-20 11:12:00 +0000: Memory Usage (143152K) : Starting CAP_CMOM DERIVATIONS
2026-08-20 11:12:00 +0000: Memory Usage (143152K) : Starting CAP_CMOMF DERIVATIONS
2026-08-20 11:12:00 +0000: Memory Usage (143152K) : Starting ESD DERIVATIONS
2026-08-20 11:12:00 +0000: Memory Usage (143152K) : Starting Inductor DERIVATIONS
2026-08-20 11:12:00 +0000: Memory Usage (143152K) : Starting Taps DERIVATIONS
2026-08-20 11:12:00 +0000: Memory Usage (143152K) : Starting SG13G2 LVS connectivity setup
2026-08-20 11:12:00 +0000: Memory Usage (143152K) : Starting SG13G2 LVS connectivity setup (Inter-layer)
2026-08-20 11:12:00 +0000: Memory Usage (143280K) : Starting SG13G2 LVS connectivity setup (Global)
2026-08-20 11:12:00 +0000: Memory Usage (143280K) : Starting LVS MOSFET CONNECTIONS
2026-08-20 11:12:00 +0000: Memory Usage (143280K) : Starting LVS RF-MOSFET CONNECTIONS
2026-08-20 11:12:00 +0000: Memory Usage (143280K) : Starting LVS BJT CONNECTIONS
2026-08-20 11:12:00 +0000: Memory Usage (143280K) : Starting LVS DIODE CONNECTIONS
2026-08-20 11:12:00 +0000: Memory Usage (143280K) : Starting RESISTOR CONNECTIONS
2026-08-20 11:12:00 +0000: Memory Usage (143280K) : Starting LVS CAP CONNECTIONS
2026-08-20 11:12:00 +0000: Memory Usage (143280K) : Starting CAP_CMOM CONNECTIONS
2026-08-20 11:12:00 +0000: Memory Usage (143280K) : Starting CAP_CMOMF CONNECTIONS
2026-08-20 11:12:00 +0000: Memory Usage (143280K) : Starting ESD CONNECTIONS
2026-08-20 11:12:00 +0000: Memory Usage (143280K) : Starting Inductor CONNECTIONS
2026-08-20 11:12:00 +0000: Memory Usage (143280K) : Starting LVS Taps CONNECTIONS
2026-08-20 11:12:00 +0000: Memory Usage (143280K) : Starting SG13G2 LVS DEVICES EXTRACTION
2026-08-20 11:12:00 +0000: Memory Usage (143280K) : Starting MOSFET EXTRACTION
2026-08-20 11:12:00 +0000: Memory Usage (143280K) : Starting NMOS EXTRACTION
2026-08-20 11:12:00 +0000: Memory Usage (143280K) : Extraction of NMOS-LV transistor
2026-08-20 11:12:00 +0000: Memory Usage (143280K) : Extraction of NMOS-HV transistor
2026-08-20 11:12:00 +0000: Memory Usage (143280K) : Starting PMOS EXTRACTION
2026-08-20 11:12:00 +0000: Memory Usage (143280K) : Extraction of PMOS-LV transistor
2026-08-20 11:12:00 +0000: Memory Usage (143280K) : Extraction of PMOS-HV transistor
2026-08-20 11:12:00 +0000: Memory Usage (143280K) : Starting RF-MOSFET EXTRACTION
2026-08-20 11:12:00 +0000: Memory Usage (143280K) : Extraction of RF-NMOS-LV transistor
2026-08-20 11:12:00 +0000: Memory Usage (143280K) : Extraction of RF-NMOS-HV transistor
2026-08-20 11:12:00 +0000: Memory Usage (143280K) : Extraction of RF-PMOS-LV transistor
2026-08-20 11:12:00 +0000: Memory Usage (143280K) : Extraction of RF-PMOS-HV transistor
2026-08-20 11:12:00 +0000: Memory Usage (143280K) : Starting BJT EXTRACTION
2026-08-20 11:12:00 +0000: Memory Usage (143280K) : Starting NPN-BJT EXTRACTION
2026-08-20 11:12:00 +0000: Memory Usage (143280K) : Extraction of npn13G2 BJT transistor
2026-08-20 11:12:00 +0000: Memory Usage (143280K) : Extraction of npn13G2L BJT transistor
2026-08-20 11:12:00 +0000: Memory Usage (143280K) : Extraction of npn13G2V BJT transistor
2026-08-20 11:12:00 +0000: Memory Usage (143280K) : Starting PNP-BJT EXTRACTION
2026-08-20 11:12:00 +0000: Memory Usage (143280K) : Extracting pnpMPA BJT
2026-08-20 11:12:00 +0000: Memory Usage (143280K) : Starting DIODE EXTRACTION
2026-08-20 11:12:00 +0000: Memory Usage (143280K) : Extracting dantenna diode
2026-08-20 11:12:00 +0000: Memory Usage (143280K) : Extracting dpantenna diode
2026-08-20 11:12:00 +0000: Memory Usage (143280K) : Extracting schottky_nbl1 diode
2026-08-20 11:12:00 +0000: Memory Usage (143280K) : Extracting isolbox diode
2026-08-20 11:12:00 +0000: Memory Usage (143280K) : Starting RESISTOR EXTRACTION
2026-08-20 11:12:00 +0000: Memory Usage (143280K) : Extracting rsil resistor
2026-08-20 11:12:00 +0000: Memory Usage (143408K) : Extracting rppd resistor
2026-08-20 11:12:00 +0000: Memory Usage (143664K) : Extracting rhigh resistor
2026-08-20 11:12:00 +0000: Memory Usage (143664K) : Extracting res_metal1 resistor
2026-08-20 11:12:00 +0000: Memory Usage (143792K) : Extracting res_metal2 resistor
2026-08-20 11:12:00 +0000: Memory Usage (143792K) : Extracting res_metal3 resistor
2026-08-20 11:12:00 +0000: Memory Usage (143792K) : Extracting res_metal4 resistor
2026-08-20 11:12:00 +0000: Memory Usage (143792K) : Extracting res_metal5 resistor
2026-08-20 11:12:00 +0000: Memory Usage (143792K) : Extracting res_topmetal1 resistor
2026-08-20 11:12:00 +0000: Memory Usage (143792K) : Extracting res_topmetal2 resistor
2026-08-20 11:12:00 +0000: Memory Usage (143792K) : Starting CAP EXTRACTION
2026-08-20 11:12:00 +0000: Memory Usage (143792K) : Extracting cap_cmim device
2026-08-20 11:12:00 +0000: Memory Usage (143792K) : Extracting rfcmim device
2026-08-20 11:12:00 +0000: Memory Usage (143792K) : Extracting sg13_hv_svaricap varactor
2026-08-20 11:12:00 +0000: Memory Usage (143792K) : Extracting cap_cmomi device
2026-08-20 11:12:00 +0000: Memory Usage (143792K) : Extracting cap_cmomf device
2026-08-20 11:12:00 +0000: Memory Usage (143792K) : Extracting sg13_moscap_n capacitor
2026-08-20 11:12:00 +0000: Memory Usage (143792K) : Extracting sg13_moscap_p capacitor
2026-08-20 11:12:00 +0000: Memory Usage (143792K) : Starting ESD EXTRACTION
2026-08-20 11:12:00 +0000: Memory Usage (143792K) : Extracting diodevdd_2kv ESD device
2026-08-20 11:12:00 +0000: Memory Usage (143792K) : Extracting diodevdd_4kv ESD device
2026-08-20 11:12:00 +0000: Memory Usage (143792K) : Extracting diodevss_2kv ESD device
2026-08-20 11:12:00 +0000: Memory Usage (143792K) : Extracting diodevss_4kv ESD device
2026-08-20 11:12:00 +0000: Memory Usage (143792K) : Extracting idiodevdd_2kv ESD device
2026-08-20 11:12:00 +0000: Memory Usage (143792K) : Extracting idiodevdd_4kv ESD device
2026-08-20 11:12:00 +0000: Memory Usage (143792K) : Extracting idiodevss_2kv ESD device
2026-08-20 11:12:00 +0000: Memory Usage (143792K) : Extracting idiodevss_4kv ESD device
2026-08-20 11:12:00 +0000: Memory Usage (143792K) : Extracting nmoscl_2 ESD device
2026-08-20 11:12:00 +0000: Memory Usage (143792K) : Extracting nmoscl_4 ESD device
2026-08-20 11:12:00 +0000: Memory Usage (143792K) : Starting Inductor EXTRACTION
2026-08-20 11:12:00 +0000: Memory Usage (143792K) : Extracting Inductor2 device
2026-08-20 11:12:00 +0000: Memory Usage (143792K) : Extracting Inductor3 device
2026-08-20 11:12:00 +0000: Memory Usage (143792K) : Starting Taps EXTRACTION
2026-08-20 11:12:00 +0000: Memory Usage (143792K) : Extracting ntap1 device
2026-08-20 11:12:00 +0000: Memory Usage (143792K) : Extracting ptap1 device
2026-08-20 11:12:00 +0000: Memory Usage (143792K) : Starting SG13G2 LVS RF MOS Model Mapping
2026-08-20 11:12:00 +0000: Memory Usage (143792K) : [layout_netlist] Apply RF MOS model mapping and rfmode parameter.
2026-08-20 11:12:00 +0000: Memory Usage (143792K) : Starting SG13G2 LVS Options Preparations
2026-08-20 11:12:00 +0000: Memory Usage (143792K) : SG13G2 LVS flow: extraction -> alignment -> option preparation -> comparison.
2026-08-20 11:12:00 +0000: Memory Usage (143792K) : Starting SG13G2 LVS Alignment
2026-08-20 11:12:00 +0000: Memory Usage (143792K) : Starting SG13G2 LVS Simplification
2026-08-20 11:12:00 +0000: Memory Usage (143792K) : [layout_netlist] simplify: ENABLED
2026-08-20 11:12:00 +0000: Memory Usage (143792K) : [layout_netlist] make_top_level_pins: SKIPPED
2026-08-20 11:12:00 +0000: Memory Usage (143792K) : [layout_netlist] combine_devices: SKIPPED
2026-08-20 11:12:00 +0000: Memory Usage (143792K) : [layout_netlist] purge: SKIPPED
2026-08-20 11:12:00 +0000: Memory Usage (143792K) : [layout_netlist] purge_nets: SKIPPED
2026-08-20 11:12:00 +0000: Memory Usage (143792K) : [schematic_netlist] simplify: ENABLED
2026-08-20 11:12:00 +0000: Memory Usage (143792K) : [schematic_netlist] make_top_level_pins: SKIPPED
2026-08-20 11:12:00 +0000: Memory Usage (143792K) : [schematic_netlist] combine_devices: SKIPPED
2026-08-20 11:12:00 +0000: Memory Usage (143792K) : [schematic_netlist] purge: SKIPPED
2026-08-20 11:12:00 +0000: Memory Usage (143792K) : [schematic_netlist] purge_nets: SKIPPED
2026-08-20 11:12:00 +0000: Memory Usage (143792K) : Starting SG13G2 LVS Comparison
2026-08-20 11:12:00 +0000: Memory Usage (143920K) : xxxxxxxxxxxxxxxxxxxxxxxxxxxxxxxxxxxxxxxxxx
2026-08-20 11:12:00 +0000: Memory Usage (143920K) : ERROR : Netlists don't match
2026-08-20 11:12:00 +0000: Memory Usage (143920K) : xxxxxxxxxxxxxxxxxxxxxxxxxxxxxxxxxxxxxxxxxx
2026-08-20 11:12:00 +0000: Memory Usage (143920K) : LVS Total Run time 0.391284 seconds

--- stderr ---
20-Aug-2026 11:11:59 | INFO    | Your Klayout version is: KLayout 0.30.5 (required >= 0.30.5)
20-Aug-2026 11:11:59 | INFO    | Running SG13G2 LVS checks on design /workspace/layout/blocks/out/term_stage/_cmim_probe/div_m3_viaup.gds on cell probe
20-Aug-2026 11:12:00 | INFO    | ==============================================================================
20-Aug-2026 11:12:00 | INFO    | Important Summary
20-Aug-2026 11:12:00 | INFO    | +------------------+------------------------------------------------------------------+
20-Aug-2026 11:12:00 | INFO    | | Status           | FAIL                                                             |
20-Aug-2026 11:12:00 | INFO    | | Mode             | COMPARE                                                          |
20-Aug-2026 11:12:00 | INFO    | | Outcome          | Comparison mode: FAIL (netlists do not match).                   |
20-Aug-2026 11:12:00 | INFO    | | Layout           | div_m3_viaup.gds                                                 |
20-Aug-2026 11:12:00 | INFO    | | Top Cell         | probe                                                            |
20-Aug-2026 11:12:00 | INFO    | | Results Dir      | /workspace/layout/blocks/out/term_stage/_cmim_probe/lvs_m3_viaup |
20-Aug-2026 11:12:00 | INFO    | | Warnings         | 0                                                                |
20-Aug-2026 11:12:00 | INFO    | | Errors           | 1                                                                |
20-Aug-2026 11:12:00 | INFO    | | Run Time (s)     | 0.686                                                            |
20-Aug-2026 11:12:00 | INFO    | +------------------+------------------------------------------------------------------+
20-Aug-2026 11:12:00 | ERROR   | Key errors:
20-Aug-2026 11:12:00 | ERROR   |   - 2026-08-20 11:12:00 +0000: Memory Usage (143920K) : ERROR : Netlists don't match
20-Aug-2026 11:12:00 | INFO    | ==============================================================================

