# Logfile created on 2026-08-20 10:15:31 +0000 by logger.rb/v1.5.3
2026-08-20 10:15:31 +0000: Memory Usage (128856K) : Starting running SG13G2 Klayout LVS runset on /workspace/layout/blocks/out/driver_stage/lvs_cmp/old/driver_dut.gds
2026-08-20 10:15:31 +0000: Memory Usage (128856K) : Ruby Version for klayout: 3.2.3
2026-08-20 10:15:31 +0000: Memory Usage (130068K) : Loading database to memory is complete.
2026-08-20 10:15:31 +0000: Memory Usage (130068K) : SG13G2 Klayout LVS runset output at: /workspace/layout/blocks/out/driver_stage/lvs_cmp/old/lvs/driver_dut.lvsdb
2026-08-20 10:15:31 +0000: Memory Usage (130068K) : Evaluate switches.
2026-08-20 10:15:31 +0000: Memory Usage (130068K) : Extracted netlist with net names: true
2026-08-20 10:15:31 +0000: Memory Usage (130068K) : Extracted netlist with comments in details: false
2026-08-20 10:15:31 +0000: Memory Usage (130068K) : Selected NET_ONLY option: false
2026-08-20 10:15:31 +0000: Memory Usage (130068K) : Selected LAYOUT_NETLIST option: (none)
2026-08-20 10:15:31 +0000: Memory Usage (130068K) : Selected IGNORE_TOP_PORTS_MISMATCH option: true
2026-08-20 10:15:31 +0000: Memory Usage (130068K) : Selected IMPLICIT_NETS option: sub,sub!
2026-08-20 10:15:31 +0000: Memory Usage (130068K) : Selected TOP_LVL_PINS option: false
2026-08-20 10:15:31 +0000: Memory Usage (130068K) : Selected COMBINE DEVICES option: false
2026-08-20 10:15:31 +0000: Memory Usage (130068K) : Selected PURGE option: false
2026-08-20 10:15:31 +0000: Memory Usage (130068K) : Selected PURGE_NETS option: false
2026-08-20 10:15:31 +0000: Memory Usage (130068K) : Selected SIMPLIFY option: true
2026-08-20 10:15:31 +0000: Memory Usage (130068K) : Selected SERIES_RES option: true
2026-08-20 10:15:31 +0000: Memory Usage (130068K) : Selected PARALLEL_RES option: true
2026-08-20 10:15:31 +0000: Memory Usage (130068K) : Selected DISABLE_TAP_EXTRACTION option: true
2026-08-20 10:15:31 +0000: Memory Usage (130068K) : deep  mode is enabled.
2026-08-20 10:15:31 +0000: Memory Usage (130068K) : Applying implicit connections (case-sensitive, pattern supported) for nets: sub, sub!
2026-08-20 10:15:31 +0000: Memory Usage (131188K) : Netlist file: /workspace/layout/blocks/out/driver_stage/lvs_cmp/old/x.cdl
2026-08-20 10:15:31 +0000: Memory Usage (131188K) : LVS extracted netlist at: /workspace/layout/blocks/out/driver_stage/lvs_cmp/old/lvs/driver_dut_extracted.cir
2026-08-20 10:15:31 +0000: Memory Usage (131188K) : Applying SRAM integration support.
2026-08-20 10:15:31 +0000: Memory Usage (131188K) : Starting SG13G2 LVS runset
2026-08-20 10:15:31 +0000: Memory Usage (131188K) : Read in polygons from layers.
2026-08-20 10:15:31 +0000: Memory Usage (132628K) : activ_drw has 875 polygons
2026-08-20 10:15:31 +0000: Memory Usage (132628K) : activ_filler has 0 polygons
2026-08-20 10:15:31 +0000: Memory Usage (132884K) : activ has 875 polygons
2026-08-20 10:15:31 +0000: Memory Usage (132884K) : activ_pin has 0 polygons
2026-08-20 10:15:31 +0000: Memory Usage (132884K) : activ_mask has 4 polygons
2026-08-20 10:15:31 +0000: Memory Usage (132884K) : activ_nofill has 2 polygons
2026-08-20 10:15:31 +0000: Memory Usage (132884K) : activ_OPC has 0 polygons
2026-08-20 10:15:31 +0000: Memory Usage (132884K) : activ_iOPC has 0 polygons
2026-08-20 10:15:31 +0000: Memory Usage (132884K) : activ_noqrc has 0 polygons
2026-08-20 10:15:31 +0000: Memory Usage (132884K) : biwind_drw has 0 polygons
2026-08-20 10:15:31 +0000: Memory Usage (132884K) : biwind_OPC has 0 polygons
2026-08-20 10:15:31 +0000: Memory Usage (132972K) : gatpoly_drw has 139 polygons
2026-08-20 10:15:31 +0000: Memory Usage (133484K) : gatpoly_filler has 0 polygons
2026-08-20 10:15:31 +0000: Memory Usage (133484K) : gatpoly has 139 polygons
2026-08-20 10:15:31 +0000: Memory Usage (133484K) : gatpoly_pin has 119 polygons
2026-08-20 10:15:31 +0000: Memory Usage (133484K) : gatpoly_nofill has 2 polygons
2026-08-20 10:15:31 +0000: Memory Usage (133484K) : gatpoly_OPC has 0 polygons
2026-08-20 10:15:31 +0000: Memory Usage (133484K) : gatpoly_iOPC has 0 polygons
2026-08-20 10:15:31 +0000: Memory Usage (133484K) : gatpoly_noqrc has 0 polygons
2026-08-20 10:15:31 +0000: Memory Usage (133484K) : cont_drw has 10261 polygons
2026-08-20 10:15:31 +0000: Memory Usage (133484K) : cont_OPC has 0 polygons
2026-08-20 10:15:31 +0000: Memory Usage (133484K) : nsd_drw has 0 polygons
2026-08-20 10:15:31 +0000: Memory Usage (133484K) : nsd_block has 4 polygons
2026-08-20 10:15:31 +0000: Memory Usage (133484K) : metal1_drw has 1526 polygons
2026-08-20 10:15:31 +0000: Memory Usage (133484K) : metal1_filler has 0 polygons
2026-08-20 10:15:31 +0000: Memory Usage (133484K) : metal1_slit has 0 polygons
2026-08-20 10:15:31 +0000: Memory Usage (133612K) : metal1 has 1526 polygons
2026-08-20 10:15:31 +0000: Memory Usage (133612K) : metal1_pin has 746 polygons
2026-08-20 10:15:31 +0000: Memory Usage (133612K) : metal1_mask has 0 polygons
2026-08-20 10:15:31 +0000: Memory Usage (133612K) : metal1_nofill has 2 polygons
2026-08-20 10:15:31 +0000: Memory Usage (133740K) : metal1_text has 3 polygons
2026-08-20 10:15:31 +0000: Memory Usage (133740K) : metal1_OPC has 0 polygons
2026-08-20 10:15:31 +0000: Memory Usage (133740K) : metal1_noqrc has 0 polygons
2026-08-20 10:15:31 +0000: Memory Usage (133868K) : metal1_res has 0 polygons
2026-08-20 10:15:31 +0000: Memory Usage (133868K) : metal1_iprobe has 0 polygons
2026-08-20 10:15:31 +0000: Memory Usage (133868K) : metal1_diffprb has 0 polygons
2026-08-20 10:15:31 +0000: Memory Usage (133996K) : passiv_drw has 0 polygons
2026-08-20 10:15:31 +0000: Memory Usage (133996K) : passiv_pin has 0 polygons
2026-08-20 10:15:31 +0000: Memory Usage (133996K) : passiv_sbump has 0 polygons
2026-08-20 10:15:31 +0000: Memory Usage (134124K) : passiv_pillar has 0 polygons
2026-08-20 10:15:31 +0000: Memory Usage (134124K) : passiv_pdl has 0 polygons
2026-08-20 10:15:31 +0000: Memory Usage (134124K) : metal2_drw has 535 polygons
2026-08-20 10:15:31 +0000: Memory Usage (134252K) : metal2_filler has 0 polygons
2026-08-20 10:15:31 +0000: Memory Usage (134252K) : metal2_slit has 0 polygons
2026-08-20 10:15:31 +0000: Memory Usage (134380K) : metal2 has 535 polygons
2026-08-20 10:15:31 +0000: Memory Usage (134380K) : metal2_pin has 2 polygons
2026-08-20 10:15:31 +0000: Memory Usage (134380K) : metal2_mask has 0 polygons
2026-08-20 10:15:31 +0000: Memory Usage (134380K) : metal2_nofill has 2 polygons
2026-08-20 10:15:31 +0000: Memory Usage (134380K) : metal2_text has 3 polygons
2026-08-20 10:15:31 +0000: Memory Usage (134508K) : metal2_OPC has 0 polygons
2026-08-20 10:15:31 +0000: Memory Usage (134508K) : metal2_noqrc has 0 polygons
2026-08-20 10:15:31 +0000: Memory Usage (134508K) : metal2_res has 0 polygons
2026-08-20 10:15:31 +0000: Memory Usage (134636K) : metal2_iprobe has 0 polygons
2026-08-20 10:15:31 +0000: Memory Usage (134636K) : metal2_diffprb has 0 polygons
2026-08-20 10:15:31 +0000: Memory Usage (134636K) : baspoly_drw has 0 polygons
2026-08-20 10:15:31 +0000: Memory Usage (134636K) : baspoly_pin has 0 polygons
2026-08-20 10:15:31 +0000: Memory Usage (134764K) : psd_drw has 503 polygons
2026-08-20 10:15:31 +0000: Memory Usage (134764K) : nldb_drw has 0 polygons
2026-08-20 10:15:31 +0000: Memory Usage (134764K) : digibnd_drw has 0 polygons
2026-08-20 10:15:31 +0000: Memory Usage (134764K) : via1_drw has 6770 polygons
2026-08-20 10:15:31 +0000: Memory Usage (134892K) : backmetal1_drw has 0 polygons
2026-08-20 10:15:31 +0000: Memory Usage (134892K) : backmetal1_pin has 0 polygons
2026-08-20 10:15:31 +0000: Memory Usage (134892K) : backmetal1_mask has 0 polygons
2026-08-20 10:15:31 +0000: Memory Usage (134892K) : backmetal1_filler has 0 polygons
2026-08-20 10:15:31 +0000: Memory Usage (135020K) : backmetal1_nofill has 0 polygons
2026-08-20 10:15:31 +0000: Memory Usage (135020K) : backmetal1_slit has 0 polygons
2026-08-20 10:15:31 +0000: Memory Usage (135020K) : backmetal1_text has 0 polygons
2026-08-20 10:15:31 +0000: Memory Usage (135020K) : backmetal1_OPC has 0 polygons
2026-08-20 10:15:31 +0000: Memory Usage (135148K) : backmetal1_noqrc has 0 polygons
2026-08-20 10:15:31 +0000: Memory Usage (135148K) : backmetal1_res has 0 polygons
2026-08-20 10:15:31 +0000: Memory Usage (135148K) : backmetal1_iprobe has 0 polygons
2026-08-20 10:15:31 +0000: Memory Usage (135148K) : backmetal1_diffprb has 0 polygons
2026-08-20 10:15:31 +0000: Memory Usage (135276K) : backpassiv_drw has 0 polygons
2026-08-20 10:15:31 +0000: Memory Usage (135276K) : res_drw has 2 polygons
2026-08-20 10:15:31 +0000: Memory Usage (135276K) : sram_drw has 0 polygons
2026-08-20 10:15:31 +0000: Memory Usage (135404K) : trans_drw has 2 polygons
2026-08-20 10:15:31 +0000: Memory Usage (135404K) : ind_drw has 2 polygons
2026-08-20 10:15:31 +0000: Memory Usage (135404K) : ind_pin has 4 polygons
2026-08-20 10:15:31 +0000: Memory Usage (135404K) : ind_text has 4 polygons
2026-08-20 10:15:31 +0000: Memory Usage (135404K) : salblock_drw has 12 polygons
2026-08-20 10:15:31 +0000: Memory Usage (135532K) : via2_drw has 821 polygons
2026-08-20 10:15:31 +0000: Memory Usage (135532K) : metal3_drw has 42 polygons
2026-08-20 10:15:31 +0000: Memory Usage (135532K) : metal3_filler has 0 polygons
2026-08-20 10:15:31 +0000: Memory Usage (135660K) : metal3_slit has 0 polygons
2026-08-20 10:15:31 +0000: Memory Usage (135660K) : metal3 has 42 polygons
2026-08-20 10:15:31 +0000: Memory Usage (135660K) : metal3_pin has 2 polygons
2026-08-20 10:15:31 +0000: Memory Usage (135660K) : metal3_mask has 0 polygons
2026-08-20 10:15:31 +0000: Memory Usage (135660K) : metal3_nofill has 2 polygons
2026-08-20 10:15:31 +0000: Memory Usage (135660K) : metal3_text has 2 polygons
2026-08-20 10:15:31 +0000: Memory Usage (135660K) : metal3_OPC has 0 polygons
2026-08-20 10:15:31 +0000: Memory Usage (135660K) : metal3_noqrc has 0 polygons
2026-08-20 10:15:31 +0000: Memory Usage (135660K) : metal3_res has 0 polygons
2026-08-20 10:15:31 +0000: Memory Usage (135660K) : metal3_iprobe has 0 polygons
2026-08-20 10:15:31 +0000: Memory Usage (135660K) : metal3_diffprb has 0 polygons
2026-08-20 10:15:31 +0000: Memory Usage (135660K) : nwell_drw has 4 polygons
2026-08-20 10:15:31 +0000: Memory Usage (135660K) : nwell_pin has 0 polygons
2026-08-20 10:15:31 +0000: Memory Usage (135660K) : nwell_text has 0 polygons
2026-08-20 10:15:31 +0000: Memory Usage (135788K) : nbulay_drw has 1 polygons
2026-08-20 10:15:31 +0000: Memory Usage (135788K) : nbulay_pin has 0 polygons
2026-08-20 10:15:31 +0000: Memory Usage (135788K) : nbulay_block has 0 polygons
2026-08-20 10:15:31 +0000: Memory Usage (135788K) : emwind_drw has 4 polygons
2026-08-20 10:15:31 +0000: Memory Usage (135788K) : emwind_OPC has 0 polygons
2026-08-20 10:15:31 +0000: Memory Usage (135916K) : deepco_drw has 0 polygons
2026-08-20 10:15:31 +0000: Memory Usage (135916K) : mim_drw has 0 polygons
2026-08-20 10:15:31 +0000: Memory Usage (135916K) : edgeseal_drw has 0 polygons
2026-08-20 10:15:31 +0000: Memory Usage (135916K) : substrate_drw has 500 polygons
2026-08-20 10:15:31 +0000: Memory Usage (135916K) : substrate_text has 0 polygons
2026-08-20 10:15:31 +0000: Memory Usage (135916K) : dfpad_drw has 0 polygons
2026-08-20 10:15:31 +0000: Memory Usage (136044K) : dfpad_pillar has 0 polygons
2026-08-20 10:15:31 +0000: Memory Usage (136044K) : dfpad_sbump has 0 polygons
2026-08-20 10:15:31 +0000: Memory Usage (136044K) : thickgateox_drw has 1 polygons
2026-08-20 10:15:31 +0000: Memory Usage (136044K) : pldb_drw has 0 polygons
2026-08-20 10:15:31 +0000: Memory Usage (136044K) : pwell_drw has 0 polygons
2026-08-20 10:15:31 +0000: Memory Usage (136172K) : pwell_pin has 0 polygons
2026-08-20 10:15:31 +0000: Memory Usage (136172K) : pwell_block has 2 polygons
2026-08-20 10:15:31 +0000: Memory Usage (136172K) : ic_drw has 0 polygons
2026-08-20 10:15:31 +0000: Memory Usage (136172K) : via3_drw has 47 polygons
2026-08-20 10:15:31 +0000: Memory Usage (136172K) : metal4_drw has 17 polygons
2026-08-20 10:15:31 +0000: Memory Usage (136172K) : metal4_filler has 0 polygons
2026-08-20 10:15:31 +0000: Memory Usage (136172K) : metal4_slit has 0 polygons
2026-08-20 10:15:31 +0000: Memory Usage (136300K) : metal4 has 17 polygons
2026-08-20 10:15:31 +0000: Memory Usage (136300K) : metal4_pin has 0 polygons
2026-08-20 10:15:31 +0000: Memory Usage (136300K) : metal4_mask has 0 polygons
2026-08-20 10:15:31 +0000: Memory Usage (136300K) : metal4_nofill has 2 polygons
2026-08-20 10:15:31 +0000: Memory Usage (136300K) : metal4_text has 3 polygons
2026-08-20 10:15:31 +0000: Memory Usage (136300K) : metal4_OPC has 0 polygons
2026-08-20 10:15:31 +0000: Memory Usage (136428K) : metal4_noqrc has 0 polygons
2026-08-20 10:15:31 +0000: Memory Usage (136428K) : metal4_res has 0 polygons
2026-08-20 10:15:31 +0000: Memory Usage (136428K) : metal4_iprobe has 0 polygons
2026-08-20 10:15:31 +0000: Memory Usage (136428K) : metal4_diffprb has 0 polygons
2026-08-20 10:15:31 +0000: Memory Usage (136556K) : heattrans_drw has 123 polygons
2026-08-20 10:15:31 +0000: Memory Usage (136556K) : heatres_drw has 2 polygons
2026-08-20 10:15:31 +0000: Memory Usage (136556K) : fbe_drw has 0 polygons
2026-08-20 10:15:31 +0000: Memory Usage (136556K) : empoly_drw has 0 polygons
2026-08-20 10:15:31 +0000: Memory Usage (136556K) : digisub_drw has 0 polygons
2026-08-20 10:15:31 +0000: Memory Usage (136556K) : text_drw has 639 polygons
2026-08-20 10:15:31 +0000: Memory Usage (136556K) : via4_drw has 43 polygons
2026-08-20 10:15:31 +0000: Memory Usage (136556K) : metal5_drw has 26 polygons
2026-08-20 10:15:31 +0000: Memory Usage (136684K) : metal5_filler has 0 polygons
2026-08-20 10:15:31 +0000: Memory Usage (136684K) : metal5_slit has 0 polygons
2026-08-20 10:15:31 +0000: Memory Usage (136684K) : metal5 has 26 polygons
2026-08-20 10:15:31 +0000: Memory Usage (136684K) : metal5_pin has 0 polygons
2026-08-20 10:15:31 +0000: Memory Usage (136684K) : metal5_mask has 0 polygons
2026-08-20 10:15:31 +0000: Memory Usage (136684K) : metal5_nofill has 2 polygons
2026-08-20 10:15:31 +0000: Memory Usage (136812K) : metal5_text has 0 polygons
2026-08-20 10:15:31 +0000: Memory Usage (136812K) : metal5_OPC has 0 polygons
2026-08-20 10:15:31 +0000: Memory Usage (136812K) : metal5_noqrc has 0 polygons
2026-08-20 10:15:31 +0000: Memory Usage (136812K) : metal5_res has 0 polygons
2026-08-20 10:15:31 +0000: Memory Usage (136812K) : metal5_iprobe has 0 polygons
2026-08-20 10:15:31 +0000: Memory Usage (136812K) : metal5_diffprb has 0 polygons
2026-08-20 10:15:31 +0000: Memory Usage (136940K) : radhard_drw has 0 polygons
2026-08-20 10:15:31 +0000: Memory Usage (136940K) : memcap_drw has 0 polygons
2026-08-20 10:15:31 +0000: Memory Usage (136940K) : varicap_drw has 0 polygons
2026-08-20 10:15:31 +0000: Memory Usage (136940K) : intbondvia_drw has 0 polygons
2026-08-20 10:15:31 +0000: Memory Usage (137068K) : intbondmet_drw has 0 polygons
2026-08-20 10:15:31 +0000: Memory Usage (137068K) : devbondvia_drw has 0 polygons
2026-08-20 10:15:31 +0000: Memory Usage (137068K) : devbondmet_drw has 0 polygons
2026-08-20 10:15:31 +0000: Memory Usage (137068K) : devtrench_drw has 0 polygons
2026-08-20 10:15:31 +0000: Memory Usage (137196K) : redist_drw has 0 polygons
2026-08-20 10:15:31 +0000: Memory Usage (137196K) : graphbot_drw has 0 polygons
2026-08-20 10:15:31 +0000: Memory Usage (137196K) : graphtop_drw has 0 polygons
2026-08-20 10:15:31 +0000: Memory Usage (137196K) : antvia1_drw has 0 polygons
2026-08-20 10:15:31 +0000: Memory Usage (137324K) : antmetal2_drw has 0 polygons
2026-08-20 10:15:31 +0000: Memory Usage (137324K) : graphcont_drw has 0 polygons
2026-08-20 10:15:31 +0000: Memory Usage (137324K) : siwg_drw has 0 polygons
2026-08-20 10:15:31 +0000: Memory Usage (137324K) : siwg_filler has 0 polygons
2026-08-20 10:15:31 +0000: Memory Usage (137324K) : siwg_nofill has 0 polygons
2026-08-20 10:15:31 +0000: Memory Usage (137324K) : sigrating_drw has 0 polygons
2026-08-20 10:15:31 +0000: Memory Usage (137452K) : singrating_drw has 0 polygons
2026-08-20 10:15:31 +0000: Memory Usage (137452K) : graphpas_drw has 0 polygons
2026-08-20 10:15:31 +0000: Memory Usage (137452K) : emwind3_drw has 0 polygons
2026-08-20 10:15:31 +0000: Memory Usage (137452K) : emwihv3_drw has 0 polygons
2026-08-20 10:15:31 +0000: Memory Usage (137452K) : redbulay_drw has 0 polygons
2026-08-20 10:15:31 +0000: Memory Usage (137580K) : smos_drw has 0 polygons
2026-08-20 10:15:31 +0000: Memory Usage (137580K) : graphpad_drw has 0 polygons
2026-08-20 10:15:31 +0000: Memory Usage (137580K) : polimide_drw has 0 polygons
2026-08-20 10:15:31 +0000: Memory Usage (137580K) : polimide_pin has 0 polygons
2026-08-20 10:15:31 +0000: Memory Usage (137580K) : recog_drw has 1 polygons
2026-08-20 10:15:31 +0000: Memory Usage (137580K) : recog_pin has 0 polygons
2026-08-20 10:15:31 +0000: Memory Usage (137708K) : recog_esd has 1 polygons
2026-08-20 10:15:31 +0000: Memory Usage (137708K) : recog_diode has 0 polygons
2026-08-20 10:15:31 +0000: Memory Usage (137708K) : recog_tsv has 0 polygons
2026-08-20 10:15:31 +0000: Memory Usage (137708K) : recog_iprobe has 0 polygons
2026-08-20 10:15:31 +0000: Memory Usage (137708K) : recog_diffprb has 0 polygons
2026-08-20 10:15:31 +0000: Memory Usage (137836K) : recog_pillar has 0 polygons
2026-08-20 10:15:31 +0000: Memory Usage (137836K) : recog_sbump has 0 polygons
2026-08-20 10:15:31 +0000: Memory Usage (137836K) : recog_otp has 0 polygons
2026-08-20 10:15:31 +0000: Memory Usage (137836K) : recog_pdiode has 0 polygons
2026-08-20 10:15:31 +0000: Memory Usage (137836K) : recog_mom has 0 polygons
2026-08-20 10:15:31 +0000: Memory Usage (137836K) : recog_momf has 0 polygons
2026-08-20 10:15:31 +0000: Memory Usage (137964K) : recog_pcm has 0 polygons
2026-08-20 10:15:31 +0000: Memory Usage (137964K) : colopen_drw has 0 polygons
2026-08-20 10:15:31 +0000: Memory Usage (137964K) : graphmetal1_drw has 0 polygons
2026-08-20 10:15:31 +0000: Memory Usage (137964K) : graphmetal1_filler has 0 polygons
2026-08-20 10:15:31 +0000: Memory Usage (138092K) : graphmetal1_nofill has 0 polygons
2026-08-20 10:15:31 +0000: Memory Usage (138092K) : graphmetal1_slit has 0 polygons
2026-08-20 10:15:31 +0000: Memory Usage (138092K) : graphmetal1_OPC has 0 polygons
2026-08-20 10:15:31 +0000: Memory Usage (138092K) : graphmet1l_drw has 0 polygons
2026-08-20 10:15:31 +0000: Memory Usage (138220K) : graphmet1l_filler has 0 polygons
2026-08-20 10:15:31 +0000: Memory Usage (138220K) : graphmet1l_nofill has 0 polygons
2026-08-20 10:15:31 +0000: Memory Usage (138220K) : graphmet1l_slit has 0 polygons
2026-08-20 10:15:31 +0000: Memory Usage (138220K) : graphmet1l_OPC has 0 polygons
2026-08-20 10:15:31 +0000: Memory Usage (138348K) : extblock_drw has 6 polygons
2026-08-20 10:15:31 +0000: Memory Usage (138348K) : nldd_drw has 0 polygons
2026-08-20 10:15:31 +0000: Memory Usage (138348K) : pldd_drw has 0 polygons
2026-08-20 10:15:31 +0000: Memory Usage (138348K) : next_drw has 0 polygons
2026-08-20 10:15:31 +0000: Memory Usage (138476K) : pext_drw has 0 polygons
2026-08-20 10:15:31 +0000: Memory Usage (138476K) : nexthv_drw has 0 polygons
2026-08-20 10:15:31 +0000: Memory Usage (138476K) : pexthv_drw has 0 polygons
2026-08-20 10:15:31 +0000: Memory Usage (138476K) : graphgate_drw has 0 polygons
2026-08-20 10:15:31 +0000: Memory Usage (138476K) : sinwg_drw has 0 polygons
2026-08-20 10:15:31 +0000: Memory Usage (138476K) : sinwg_filler has 0 polygons
2026-08-20 10:15:31 +0000: Memory Usage (138604K) : sinwg_nofill has 0 polygons
2026-08-20 10:15:31 +0000: Memory Usage (138604K) : mempad_drw has 0 polygons
2026-08-20 10:15:31 +0000: Memory Usage (138604K) : topvia1_drw has 7 polygons
2026-08-20 10:15:31 +0000: Memory Usage (138604K) : topmetal1_drw has 46 polygons
2026-08-20 10:15:31 +0000: Memory Usage (138604K) : topmetal1_filler has 0 polygons
2026-08-20 10:15:31 +0000: Memory Usage (138732K) : topmetal1_slit has 0 polygons
2026-08-20 10:15:31 +0000: Memory Usage (138732K) : topmetal1 has 46 polygons
2026-08-20 10:15:31 +0000: Memory Usage (138732K) : topmetal1_pin has 0 polygons
2026-08-20 10:15:31 +0000: Memory Usage (138732K) : topmetal1_mask has 0 polygons
2026-08-20 10:15:31 +0000: Memory Usage (138732K) : topmetal1_nofill has 2 polygons
2026-08-20 10:15:31 +0000: Memory Usage (138732K) : topmetal1_text has 0 polygons
2026-08-20 10:15:31 +0000: Memory Usage (138860K) : topmetal1_noqrc has 0 polygons
2026-08-20 10:15:31 +0000: Memory Usage (138860K) : topmetal1_res has 0 polygons
2026-08-20 10:15:31 +0000: Memory Usage (138860K) : topmetal1_iprobe has 0 polygons
2026-08-20 10:15:31 +0000: Memory Usage (138860K) : topmetal1_diffprb has 0 polygons
2026-08-20 10:15:31 +0000: Memory Usage (138988K) : inldpwl_drw has 0 polygons
2026-08-20 10:15:31 +0000: Memory Usage (138988K) : polyres_drw has 2 polygons
2026-08-20 10:15:31 +0000: Memory Usage (138988K) : polyres_pin has 0 polygons
2026-08-20 10:15:31 +0000: Memory Usage (138988K) : vmim_drw has 0 polygons
2026-08-20 10:15:31 +0000: Memory Usage (139116K) : nbulaycut_drw has 0 polygons
2026-08-20 10:15:31 +0000: Memory Usage (139116K) : antmetal1_drw has 0 polygons
2026-08-20 10:15:31 +0000: Memory Usage (139116K) : topvia2_drw has 39 polygons
2026-08-20 10:15:31 +0000: Memory Usage (139244K) : topmetal2_drw has 59 polygons
2026-08-20 10:15:31 +0000: Memory Usage (139372K) : topmetal2_filler has 0 polygons
2026-08-20 10:15:31 +0000: Memory Usage (139372K) : topmetal2_slit has 0 polygons
2026-08-20 10:15:31 +0000: Memory Usage (139500K) : topmetal2 has 59 polygons
2026-08-20 10:15:31 +0000: Memory Usage (139500K) : topmetal2_pin has 4 polygons
2026-08-20 10:15:31 +0000: Memory Usage (139500K) : topmetal2_mask has 0 polygons
2026-08-20 10:15:31 +0000: Memory Usage (139500K) : topmetal2_nofill has 2 polygons
2026-08-20 10:15:31 +0000: Memory Usage (139628K) : topmetal2_text has 4 polygons
2026-08-20 10:15:31 +0000: Memory Usage (139628K) : topmetal2_noqrc has 0 polygons
2026-08-20 10:15:31 +0000: Memory Usage (139628K) : topmetal2_res has 0 polygons
2026-08-20 10:15:31 +0000: Memory Usage (139628K) : topmetal2_iprobe has 0 polygons
2026-08-20 10:15:31 +0000: Memory Usage (139756K) : topmetal2_diffprb has 0 polygons
2026-08-20 10:15:31 +0000: Memory Usage (139756K) : snsring_drw has 0 polygons
2026-08-20 10:15:31 +0000: Memory Usage (139756K) : sensor_drw has 0 polygons
2026-08-20 10:15:31 +0000: Memory Usage (139756K) : snsarms_drw has 0 polygons
2026-08-20 10:15:31 +0000: Memory Usage (139884K) : snscmosvia_drw has 0 polygons
2026-08-20 10:15:31 +0000: Memory Usage (139884K) : colwind_drw has 0 polygons
2026-08-20 10:15:31 +0000: Memory Usage (139884K) : flm_drw has 0 polygons
2026-08-20 10:15:31 +0000: Memory Usage (140012K) : hafniumox_drw has 0 polygons
2026-08-20 10:15:31 +0000: Memory Usage (140012K) : memvia_drw has 0 polygons
2026-08-20 10:15:31 +0000: Memory Usage (140140K) : thinfilmres_drw has 0 polygons
2026-08-20 10:15:31 +0000: Memory Usage (140140K) : rfmem_drw has 0 polygons
2026-08-20 10:15:31 +0000: Memory Usage (140140K) : norcx_drw has 2 polygons
2026-08-20 10:15:31 +0000: Memory Usage (140140K) : norcx_m2m3 has 0 polygons
2026-08-20 10:15:31 +0000: Memory Usage (140140K) : norcx_m2m4 has 0 polygons
2026-08-20 10:15:31 +0000: Memory Usage (140140K) : norcx_m2m5 has 0 polygons
2026-08-20 10:15:31 +0000: Memory Usage (140140K) : norcx_m2tm1 has 0 polygons
2026-08-20 10:15:31 +0000: Memory Usage (140140K) : norcx_m2tm2 has 0 polygons
2026-08-20 10:15:31 +0000: Memory Usage (140140K) : norcx_m3m4 has 0 polygons
2026-08-20 10:15:31 +0000: Memory Usage (140140K) : norcx_m3m5 has 0 polygons
2026-08-20 10:15:31 +0000: Memory Usage (140140K) : norcx_m3tm1 has 0 polygons
2026-08-20 10:15:31 +0000: Memory Usage (140140K) : norcx_m3tm2 has 0 polygons
2026-08-20 10:15:31 +0000: Memory Usage (140140K) : norcx_m4m5 has 0 polygons
2026-08-20 10:15:31 +0000: Memory Usage (140140K) : norcx_m4tm1 has 0 polygons
2026-08-20 10:15:31 +0000: Memory Usage (140140K) : norcx_m4tm2 has 0 polygons
2026-08-20 10:15:31 +0000: Memory Usage (140140K) : norcx_m5tm1 has 0 polygons
2026-08-20 10:15:31 +0000: Memory Usage (140140K) : norcx_m5tm2 has 0 polygons
2026-08-20 10:15:31 +0000: Memory Usage (140140K) : norcx_tm1tm2 has 0 polygons
2026-08-20 10:15:31 +0000: Memory Usage (140140K) : norcx_m1sub has 0 polygons
2026-08-20 10:15:31 +0000: Memory Usage (140140K) : norcx_m2sub has 0 polygons
2026-08-20 10:15:31 +0000: Memory Usage (140140K) : norcx_m3sub has 0 polygons
2026-08-20 10:15:31 +0000: Memory Usage (140140K) : norcx_m4sub has 0 polygons
2026-08-20 10:15:31 +0000: Memory Usage (140140K) : norcx_m5sub has 0 polygons
2026-08-20 10:15:31 +0000: Memory Usage (140140K) : norcx_tm1sub has 0 polygons
2026-08-20 10:15:31 +0000: Memory Usage (140140K) : norcx_tm2sub has 0 polygons
2026-08-20 10:15:31 +0000: Memory Usage (140140K) : snsbotvia_drw has 0 polygons
2026-08-20 10:15:31 +0000: Memory Usage (140140K) : snstopvia_drw has 0 polygons
2026-08-20 10:15:31 +0000: Memory Usage (140140K) : deepvia_drw has 0 polygons
2026-08-20 10:15:31 +0000: Memory Usage (140140K) : fgetch_drw has 0 polygons
2026-08-20 10:15:31 +0000: Memory Usage (140140K) : ctrgat_drw has 0 polygons
2026-08-20 10:15:31 +0000: Memory Usage (140140K) : fgimp_drw has 0 polygons
2026-08-20 10:15:31 +0000: Memory Usage (140140K) : emwihv_drw has 0 polygons
2026-08-20 10:15:31 +0000: Memory Usage (140140K) : lbe_drw has 2 polygons
2026-08-20 10:15:31 +0000: Memory Usage (140140K) : alcustop_drw has 0 polygons
2026-08-20 10:15:31 +0000: Memory Usage (140140K) : nometfiller_drw has 0 polygons
2026-08-20 10:15:31 +0000: Memory Usage (140140K) : prboundary_drw has 0 polygons
2026-08-20 10:15:31 +0000: Memory Usage (140140K) : exchange0_drw has 0 polygons
2026-08-20 10:15:31 +0000: Memory Usage (140140K) : exchange0_pin has 0 polygons
2026-08-20 10:15:31 +0000: Memory Usage (140140K) : exchange0_text has 0 polygons
2026-08-20 10:15:31 +0000: Memory Usage (140140K) : exchange1_drw has 0 polygons
2026-08-20 10:15:31 +0000: Memory Usage (140140K) : exchange1_pin has 0 polygons
2026-08-20 10:15:31 +0000: Memory Usage (140140K) : exchange1_text has 0 polygons
2026-08-20 10:15:31 +0000: Memory Usage (140140K) : exchange2_drw has 0 polygons
2026-08-20 10:15:31 +0000: Memory Usage (140140K) : exchange2_pin has 0 polygons
2026-08-20 10:15:31 +0000: Memory Usage (140140K) : exchange2_text has 0 polygons
2026-08-20 10:15:31 +0000: Memory Usage (140140K) : exchange3_drw has 0 polygons
2026-08-20 10:15:31 +0000: Memory Usage (140140K) : exchange3_pin has 0 polygons
2026-08-20 10:15:31 +0000: Memory Usage (140140K) : exchange3_text has 0 polygons
2026-08-20 10:15:31 +0000: Memory Usage (140140K) : exchange4_drw has 0 polygons
2026-08-20 10:15:31 +0000: Memory Usage (140140K) : exchange4_pin has 0 polygons
2026-08-20 10:15:31 +0000: Memory Usage (140140K) : exchange4_text has 0 polygons
2026-08-20 10:15:31 +0000: Memory Usage (140140K) : isonwell_drw has 0 polygons
2026-08-20 10:15:31 +0000: Memory Usage (140140K) : Total no. of polygons in the design is 23986
2026-08-20 10:15:31 +0000: Memory Usage (140140K) : Starting base layers derivations
2026-08-20 10:15:31 +0000: Memory Usage (140140K) : Starting general LVS derivations
2026-08-20 10:15:31 +0000: Memory Usage (144152K) : Starting MOSFET DERIVATIONS
2026-08-20 10:15:32 +0000: Memory Usage (144920K) : Starting NMOS DERIVATIONS
2026-08-20 10:15:32 +0000: Memory Usage (144920K) : Starting PMOS DERIVATIONS
2026-08-20 10:15:32 +0000: Memory Usage (144920K) : Starting RF-MOSFET DERIVATIONS
2026-08-20 10:15:32 +0000: Memory Usage (144920K) : Starting RF-NMOS DERIVATIONS
2026-08-20 10:15:32 +0000: Memory Usage (144920K) : Starting RF-PMOS DERIVATIONS
2026-08-20 10:15:32 +0000: Memory Usage (144920K) : Starting BJT DERIVATIONS
2026-08-20 10:15:32 +0000: Memory Usage (144920K) : Starting NPN-BJT DERIVATIONS
2026-08-20 10:15:32 +0000: Memory Usage (145048K) : Starting PNP-BJT DERIVATIONS
2026-08-20 10:15:32 +0000: Memory Usage (145048K) : Starting DIODE DERIVATIONS
2026-08-20 10:15:32 +0000: Memory Usage (145048K) : Starting RESISTOR DERIVATIONS
2026-08-20 10:15:32 +0000: Memory Usage (145176K) : Starting CAP DERIVATIONS
2026-08-20 10:15:32 +0000: Memory Usage (145688K) : Starting CAP_CMOM DERIVATIONS
2026-08-20 10:15:32 +0000: Memory Usage (145688K) : Starting CAP_CMOMF DERIVATIONS
2026-08-20 10:15:32 +0000: Memory Usage (145688K) : Starting ESD DERIVATIONS
2026-08-20 10:15:33 +0000: Memory Usage (145944K) : Starting Inductor DERIVATIONS
2026-08-20 10:15:33 +0000: Memory Usage (145944K) : Starting Taps DERIVATIONS
2026-08-20 10:15:33 +0000: Memory Usage (145944K) : Starting SG13G2 LVS connectivity setup
2026-08-20 10:15:33 +0000: Memory Usage (145944K) : Starting SG13G2 LVS connectivity setup (Inter-layer)
2026-08-20 10:15:33 +0000: Memory Usage (146072K) : Starting SG13G2 LVS connectivity setup (Global)
2026-08-20 10:15:33 +0000: Memory Usage (146072K) : Starting LVS MOSFET CONNECTIONS
2026-08-20 10:15:33 +0000: Memory Usage (146072K) : Starting LVS RF-MOSFET CONNECTIONS
2026-08-20 10:15:33 +0000: Memory Usage (146072K) : Starting LVS BJT CONNECTIONS
2026-08-20 10:15:33 +0000: Memory Usage (146072K) : Starting LVS DIODE CONNECTIONS
2026-08-20 10:15:33 +0000: Memory Usage (146072K) : Starting RESISTOR CONNECTIONS
2026-08-20 10:15:33 +0000: Memory Usage (146072K) : Starting LVS CAP CONNECTIONS
2026-08-20 10:15:33 +0000: Memory Usage (146072K) : Starting CAP_CMOM CONNECTIONS
2026-08-20 10:15:33 +0000: Memory Usage (146072K) : Starting CAP_CMOMF CONNECTIONS
2026-08-20 10:15:33 +0000: Memory Usage (146072K) : Starting ESD CONNECTIONS
2026-08-20 10:15:33 +0000: Memory Usage (146072K) : Starting Inductor CONNECTIONS
2026-08-20 10:15:33 +0000: Memory Usage (146072K) : Starting LVS Taps CONNECTIONS
2026-08-20 10:15:33 +0000: Memory Usage (146072K) : Starting SG13G2 LVS DEVICES EXTRACTION
2026-08-20 10:15:33 +0000: Memory Usage (146072K) : Starting MOSFET EXTRACTION
2026-08-20 10:15:33 +0000: Memory Usage (146072K) : Starting NMOS EXTRACTION
2026-08-20 10:15:33 +0000: Memory Usage (146072K) : Extraction of NMOS-LV transistor
2026-08-20 10:15:33 +0000: Memory Usage (146200K) : Extraction of NMOS-HV transistor
2026-08-20 10:15:33 +0000: Memory Usage (146200K) : Starting PMOS EXTRACTION
2026-08-20 10:15:33 +0000: Memory Usage (146200K) : Extraction of PMOS-LV transistor
2026-08-20 10:15:33 +0000: Memory Usage (146200K) : Extraction of PMOS-HV transistor
2026-08-20 10:15:33 +0000: Memory Usage (146200K) : Starting RF-MOSFET EXTRACTION
2026-08-20 10:15:33 +0000: Memory Usage (146200K) : Extraction of RF-NMOS-LV transistor
2026-08-20 10:15:33 +0000: Memory Usage (146200K) : Extraction of RF-NMOS-HV transistor
2026-08-20 10:15:33 +0000: Memory Usage (146200K) : Extraction of RF-PMOS-LV transistor
2026-08-20 10:15:33 +0000: Memory Usage (146200K) : Extraction of RF-PMOS-HV transistor
2026-08-20 10:15:33 +0000: Memory Usage (146200K) : Starting BJT EXTRACTION
2026-08-20 10:15:33 +0000: Memory Usage (146200K) : Starting NPN-BJT EXTRACTION
2026-08-20 10:15:33 +0000: Memory Usage (146200K) : Extraction of npn13G2 BJT transistor
2026-08-20 10:15:33 +0000: Memory Usage (146200K) : Extraction of npn13G2L BJT transistor
2026-08-20 10:15:33 +0000: Memory Usage (146200K) : Extraction of npn13G2V BJT transistor
2026-08-20 10:15:33 +0000: Memory Usage (146200K) : Starting PNP-BJT EXTRACTION
2026-08-20 10:15:33 +0000: Memory Usage (146200K) : Extracting pnpMPA BJT
2026-08-20 10:15:33 +0000: Memory Usage (146200K) : Starting DIODE EXTRACTION
2026-08-20 10:15:33 +0000: Memory Usage (146200K) : Extracting dantenna diode
2026-08-20 10:15:33 +0000: Memory Usage (146200K) : Extracting dpantenna diode
2026-08-20 10:15:33 +0000: Memory Usage (146200K) : Extracting schottky_nbl1 diode
2026-08-20 10:15:33 +0000: Memory Usage (146200K) : Extracting isolbox diode
2026-08-20 10:15:33 +0000: Memory Usage (146200K) : Starting RESISTOR EXTRACTION
2026-08-20 10:15:33 +0000: Memory Usage (146200K) : Extracting rsil resistor
2026-08-20 10:15:33 +0000: Memory Usage (146200K) : Extracting rppd resistor
2026-08-20 10:15:33 +0000: Memory Usage (146200K) : Extracting rhigh resistor
2026-08-20 10:15:33 +0000: Memory Usage (146200K) : Extracting res_metal1 resistor
2026-08-20 10:15:33 +0000: Memory Usage (146328K) : Extracting res_metal2 resistor
2026-08-20 10:15:33 +0000: Memory Usage (146328K) : Extracting res_metal3 resistor
2026-08-20 10:15:33 +0000: Memory Usage (146328K) : Extracting res_metal4 resistor
2026-08-20 10:15:33 +0000: Memory Usage (146328K) : Extracting res_metal5 resistor
2026-08-20 10:15:33 +0000: Memory Usage (146328K) : Extracting res_topmetal1 resistor
2026-08-20 10:15:33 +0000: Memory Usage (146328K) : Extracting res_topmetal2 resistor
2026-08-20 10:15:33 +0000: Memory Usage (146328K) : Starting CAP EXTRACTION
2026-08-20 10:15:33 +0000: Memory Usage (146328K) : Extracting cap_cmim device
2026-08-20 10:15:33 +0000: Memory Usage (146328K) : Extracting rfcmim device
2026-08-20 10:15:33 +0000: Memory Usage (146328K) : Extracting sg13_hv_svaricap varactor
2026-08-20 10:15:33 +0000: Memory Usage (146328K) : Extracting cap_cmomi device
2026-08-20 10:15:33 +0000: Memory Usage (146328K) : Extracting cap_cmomf device
2026-08-20 10:15:33 +0000: Memory Usage (146328K) : Extracting sg13_moscap_n capacitor
2026-08-20 10:15:33 +0000: Memory Usage (146328K) : Extracting sg13_moscap_p capacitor
2026-08-20 10:15:33 +0000: Memory Usage (146328K) : Starting ESD EXTRACTION
2026-08-20 10:15:33 +0000: Memory Usage (146328K) : Extracting diodevdd_2kv ESD device
2026-08-20 10:15:33 +0000: Memory Usage (146328K) : Extracting diodevdd_4kv ESD device
2026-08-20 10:15:33 +0000: Memory Usage (146328K) : Extracting diodevss_2kv ESD device
2026-08-20 10:15:33 +0000: Memory Usage (146328K) : Extracting diodevss_4kv ESD device
2026-08-20 10:15:33 +0000: Memory Usage (146328K) : Extracting idiodevdd_2kv ESD device
2026-08-20 10:15:33 +0000: Memory Usage (146328K) : Extracting idiodevdd_4kv ESD device
2026-08-20 10:15:33 +0000: Memory Usage (146328K) : Extracting idiodevss_2kv ESD device
2026-08-20 10:15:33 +0000: Memory Usage (146328K) : Extracting idiodevss_4kv ESD device
2026-08-20 10:15:33 +0000: Memory Usage (146328K) : Extracting nmoscl_2 ESD device
2026-08-20 10:15:33 +0000: Memory Usage (146328K) : Extracting nmoscl_4 ESD device
2026-08-20 10:15:33 +0000: Memory Usage (146328K) : Starting Inductor EXTRACTION
2026-08-20 10:15:33 +0000: Memory Usage (146328K) : Extracting Inductor2 device
2026-08-20 10:15:33 +0000: Memory Usage (146328K) : Extracting Inductor3 device
2026-08-20 10:15:33 +0000: Memory Usage (146328K) : Starting Taps EXTRACTION
2026-08-20 10:15:33 +0000: Memory Usage (146328K) : DISABLE_TAP_EXTRACTION is enabled: skipping ntap1/ptap1 device extraction.
2026-08-20 10:15:33 +0000: Memory Usage (146328K) : Starting SG13G2 LVS RF MOS Model Mapping
2026-08-20 10:15:33 +0000: Memory Usage (146328K) : [layout_netlist] Apply RF MOS model mapping and rfmode parameter.
2026-08-20 10:15:33 +0000: Memory Usage (146328K) : Starting SG13G2 LVS Options Preparations
2026-08-20 10:15:33 +0000: Memory Usage (146328K) : SG13G2 LVS flow: extraction -> alignment -> option preparation -> comparison.
2026-08-20 10:15:33 +0000: Memory Usage (146328K) : Starting SG13G2 LVS Alignment
2026-08-20 10:15:33 +0000: Memory Usage (146328K) : Starting SG13G2 LVS Simplification
2026-08-20 10:15:33 +0000: Memory Usage (146328K) : [layout_netlist] simplify: ENABLED
2026-08-20 10:15:33 +0000: Memory Usage (146328K) : [layout_netlist] make_top_level_pins: SKIPPED
2026-08-20 10:15:33 +0000: Memory Usage (146328K) : [layout_netlist] combine_devices: SKIPPED
2026-08-20 10:15:33 +0000: Memory Usage (146328K) : [layout_netlist] purge: SKIPPED
2026-08-20 10:15:33 +0000: Memory Usage (146328K) : [layout_netlist] purge_nets: SKIPPED
2026-08-20 10:15:33 +0000: Memory Usage (146328K) : [schematic_netlist] simplify: ENABLED
2026-08-20 10:15:33 +0000: Memory Usage (146328K) : [schematic_netlist] make_top_level_pins: SKIPPED
2026-08-20 10:15:33 +0000: Memory Usage (146328K) : [schematic_netlist] combine_devices: SKIPPED
2026-08-20 10:15:33 +0000: Memory Usage (146328K) : [schematic_netlist] purge: SKIPPED
2026-08-20 10:15:33 +0000: Memory Usage (146328K) : [schematic_netlist] purge_nets: SKIPPED
2026-08-20 10:15:33 +0000: Memory Usage (146328K) : Starting SG13G2 LVS Comparison
2026-08-20 10:15:33 +0000: Memory Usage (146584K) : xxxxxxxxxxxxxxxxxxxxxxxxxxxxxxxxxxxxxxxxxx
2026-08-20 10:15:33 +0000: Memory Usage (146584K) : ERROR : Netlists don't match
2026-08-20 10:15:33 +0000: Memory Usage (146584K) : xxxxxxxxxxxxxxxxxxxxxxxxxxxxxxxxxxxxxxxxxx
2026-08-20 10:15:33 +0000: Memory Usage (146584K) : LVS Total Run time 1.739093 seconds
