$ magic -dnull -noconsole -rcfile /home/ubuntu/.local/share/ihp-eda/IHP-Open-PDK/ihp-sg13g2/libs.tech/magic/ihp-sg13g2.magicrc /workspace/layout/blocks/out/ctle_stage/pex_run_nores/extract.tcl

--- stdout ---

Magic 8.3 revision 617 - Compiled on Wed Aug 19 02:55:39 PM UTC 2026.
Starting magic under Tcl interpreter
Using the terminal as the console.
WARNING: RLIMIT_NOFILE is above 1024 and Tcl_Version<9 this may cause runtime issues [rlim_cur=524288]
Using NULL graphics device.
Processing system .magicrc file
Switching to WIRING tool.
Switching to NETLIST tool.
Switching to PICK tool.
Switching to BOX tool.
Sourcing design .magicrc for technology ihp-sg13g2 ...
2 Magic internal units = 1 Lambda
Input style sg13g2(): scaleFactor=2, multiplier=2
The following types are not handled by extraction and will be treated as non-electrical types:
    pblock sealcont difffill nemitter hvnemitter hvisodiffres sealvia1 sealvia2 sealvia3 sealvia4 sealvia5 sealvia6 pillar solder seal glass thruvia inductor 
Scaled tech values by 2 / 1 to match internal grid scaling
Loading ihp-sg13g2 Device Generator Menu ...
Loading "/workspace/layout/blocks/out/ctle_stage/pex_run_nores/extract.tcl" from command line.
Warning: Calma reading is not undoable!  I hope that's OK.
Library written using GDS-II Release 6.0
Library name: LIB
Reading "tail2_via".
Reading "tail2_unitcell".
Reading "tail1_via".
Reading "tail1_unitcell".
Reading "ptap1".
Moving label "sub!" from space to psubdiff in cell ptap1.
Reading "via_metal1_metal3_72.4_56.18".
Reading "via_metal1_metal3_75.75_49.81".
Reading "via_metal1_metal3_56.4_56.18".
Reading "via_metal1_metal3_53.05_49.81".
Reading "via_metal1_metal3_56.17_23.15".
Reading "via_metal2_metal3_98.6_14.4".
Reading "via_metal2_metal3_75.75_44.67".
Reading "via_metal1_metal3_61.57_19.15".
Reading "via_metal2_metal3_28.2_14.4".
Reading "via_metal2_metal3_53.05_44.67".
Reading "via_metal1_topmetal2_72.4_62.14".
Reading "via_metal1_topmetal2_56.4_62.14".
Reading "l2_R270".
Reading "l1_M135".
Reading "rd2_M90".
Reading "rd1_R0".
Reading "q2_M90".
Reading "q1_R0".
Reading "via_m1_metal5_MINUS".
Reading "via_m1_metal4_PLUS".
Reading "cdeg_R0".
Reading "rdeg_R90".
Reading "tail2_cell".
Reading "tail1_cell".
Reading "ctle_stage".
Extracting ptap1 into ptap1.ext:
Extracting tail1_via into tail1_via.ext:
Extracting tail1_unitcell into tail1_unitcell.ext:
Extracting tail1_cell into tail1_cell.ext:
Extracting via_metal2_metal3_28.2_14.4 into via_metal2_metal3_28.2_14.4.ext:
Extracting q1_R0 into q1_R0.ext:
Extracting l1_M135 into l1_M135.ext:
Extracting tail2_via into tail2_via.ext:
Extracting tail2_unitcell into tail2_unitcell.ext:
Extracting tail2_cell into tail2_cell.ext:
Extracting via_m1_metal5_MINUS into via_m1_metal5_MINUS.ext:
Extracting rdeg_R90 into rdeg_R90.ext:
Extracting via_m1_metal4_PLUS into via_m1_metal4_PLUS.ext:
Extracting via_metal1_metal3_61.57_19.15 into via_metal1_metal3_61.57_19.15.ext:
Extracting via_metal2_metal3_98.6_14.4 into via_metal2_metal3_98.6_14.4.ext:
Extracting via_metal1_metal3_56.17_23.15 into via_metal1_metal3_56.17_23.15.ext:
Extracting cdeg_R0 into cdeg_R0.ext:
Extracting via_metal2_metal3_53.05_44.67 into via_metal2_metal3_53.05_44.67.ext:
Extracting via_metal1_metal3_53.05_49.81 into via_metal1_metal3_53.05_49.81.ext:
Extracting via_metal2_metal3_75.75_44.67 into via_metal2_metal3_75.75_44.67.ext:
Extracting q2_M90 into q2_M90.ext:
Extracting via_metal1_metal3_75.75_49.81 into via_metal1_metal3_75.75_49.81.ext:
Extracting via_metal1_metal3_56.4_56.18 into via_metal1_metal3_56.4_56.18.ext:
Extracting via_metal1_metal3_72.4_56.18 into via_metal1_metal3_72.4_56.18.ext:
Extracting rd1_R0 into rd1_R0.ext:
Extracting via_metal1_topmetal2_56.4_62.14 into via_metal1_topmetal2_56.4_62.14.ext:
Extracting rd2_M90 into rd2_M90.ext:
Extracting via_metal1_topmetal2_72.4_62.14 into via_metal1_topmetal2_72.4_62.14.ext:
Extracting l2_R270 into l2_R270.ext:
Extracting ctle_stage into ctle_stage.ext:
ctle_stage: 136 errors
exttospice finished.

--- stderr ---
/home/ubuntu/.local/share/ihp-eda/IHP-Open-PDK/ihp-sg13g2/libs.tech/magic/ihp-sg13g2-cifin.tech: line 91: section cifinput:
	Unknown statement "tagged".
/home/ubuntu/.local/share/ihp-eda/IHP-Open-PDK/ihp-sg13g2/libs.tech/magic/ihp-sg13g2-cifin.tech: line 459: section cifinput:
	Unknown statement "tagged".
/home/ubuntu/.local/share/ihp-eda/IHP-Open-PDK/ihp-sg13g2/libs.tech/magic/ihp-sg13g2-cifin.tech: line 484: section cifinput:
	Unknown statement "tagged".
/home/ubuntu/.local/share/ihp-eda/IHP-Open-PDK/ihp-sg13g2/libs.tech/magic/ihp-sg13g2-cifin.tech: line 529: section cifinput:
	Unknown statement "tagged".
/home/ubuntu/.local/share/ihp-eda/IHP-Open-PDK/ihp-sg13g2/libs.tech/magic/ihp-sg13g2-cifin.tech: line 553: section cifinput:
	Unknown statement "tagged".
CIF file read warning: CIF style sg13g2(): units rescaled by factor of 5 / 1
Error while reading cell "l2_R270" (byte position 22124): Unknown layer/datatype in boundary, layer=157 type=0
Error while reading cell "l1_M135" (byte position 24404): Unknown layer/datatype in boundary, layer=157 type=0
Device has multiple lengths:  scaling all widths to length 238
Device has multiple lengths:  scaling all widths to length 238
Total of 136 errors (check feedback entries).

