$ python3 /home/ubuntu/.local/share/ihp-eda/IHP-Open-PDK/ihp-sg13g2/libs.tech/klayout/tech/lvs/run_lvs.py --layout=/workspace/layout/blocks/out/term_stage/_cmim_probe/probe_ctle_flat.gds --netlist=/workspace/layout/blocks/out/term_stage/_cmim_probe/probe_ctle.cdl --run_dir=/workspace/layout/blocks/out/term_stage/_cmim_probe/lvs_ctle_flat --run_mode=deep --topcell=probe --implicit_nets=sub,sub! --ignore_top_ports_mismatch

--- stdout ---
2026-08-20 11:08:31 +0000: Memory Usage (128964K) : Starting running SG13G2 Klayout LVS runset on /workspace/layout/blocks/out/term_stage/_cmim_probe/probe_ctle_flat.gds
2026-08-20 11:08:31 +0000: Memory Usage (128964K) : Ruby Version for klayout: 3.2.3
2026-08-20 11:08:31 +0000: Memory Usage (129920K) : Loading database to memory is complete.
2026-08-20 11:08:31 +0000: Memory Usage (129920K) : SG13G2 Klayout LVS runset output at: /workspace/layout/blocks/out/term_stage/_cmim_probe/lvs_ctle_flat/probe_ctle_flat.lvsdb
2026-08-20 11:08:31 +0000: Memory Usage (129920K) : Evaluate switches.
2026-08-20 11:08:31 +0000: Memory Usage (129920K) : Extracted netlist with net names: true
2026-08-20 11:08:31 +0000: Memory Usage (129920K) : Extracted netlist with comments in details: false
2026-08-20 11:08:31 +0000: Memory Usage (129920K) : Selected NET_ONLY option: false
2026-08-20 11:08:31 +0000: Memory Usage (129920K) : Selected LAYOUT_NETLIST option: (none)
2026-08-20 11:08:31 +0000: Memory Usage (129920K) : Selected IGNORE_TOP_PORTS_MISMATCH option: true
2026-08-20 11:08:31 +0000: Memory Usage (129920K) : Selected IMPLICIT_NETS option: sub,sub!
2026-08-20 11:08:31 +0000: Memory Usage (129920K) : Selected TOP_LVL_PINS option: false
2026-08-20 11:08:31 +0000: Memory Usage (129920K) : Selected COMBINE DEVICES option: false
2026-08-20 11:08:31 +0000: Memory Usage (129920K) : Selected PURGE option: false
2026-08-20 11:08:31 +0000: Memory Usage (129920K) : Selected PURGE_NETS option: false
2026-08-20 11:08:31 +0000: Memory Usage (129920K) : Selected SIMPLIFY option: true
2026-08-20 11:08:31 +0000: Memory Usage (129920K) : Selected SERIES_RES option: true
2026-08-20 11:08:31 +0000: Memory Usage (129920K) : Selected PARALLEL_RES option: true
2026-08-20 11:08:31 +0000: Memory Usage (129920K) : Selected DISABLE_TAP_EXTRACTION option: false
2026-08-20 11:08:31 +0000: Memory Usage (129920K) : deep  mode is enabled.
2026-08-20 11:08:31 +0000: Memory Usage (129920K) : Applying implicit connections (case-sensitive, pattern supported) for nets: sub, sub!
2026-08-20 11:08:31 +0000: Memory Usage (130952K) : Netlist file: /workspace/layout/blocks/out/term_stage/_cmim_probe/probe_ctle.cdl
2026-08-20 11:08:31 +0000: Memory Usage (130952K) : LVS extracted netlist at: /workspace/layout/blocks/out/term_stage/_cmim_probe/lvs_ctle_flat/probe_ctle_flat_extracted.cir
2026-08-20 11:08:31 +0000: Memory Usage (130952K) : Applying SRAM integration support.
2026-08-20 11:08:31 +0000: Memory Usage (130952K) : Starting SG13G2 LVS runset
2026-08-20 11:08:31 +0000: Memory Usage (130952K) : Read in polygons from layers.
2026-08-20 11:08:31 +0000: Memory Usage (131504K) : activ_drw has 0 polygons
2026-08-20 11:08:31 +0000: Memory Usage (131504K) : activ_filler has 0 polygons
2026-08-20 11:08:31 +0000: Memory Usage (131504K) : activ has 0 polygons
2026-08-20 11:08:31 +0000: Memory Usage (131504K) : activ_pin has 0 polygons
2026-08-20 11:08:31 +0000: Memory Usage (131504K) : activ_mask has 0 polygons
2026-08-20 11:08:31 +0000: Memory Usage (131504K) : activ_nofill has 0 polygons
2026-08-20 11:08:31 +0000: Memory Usage (131504K) : activ_OPC has 0 polygons
2026-08-20 11:08:31 +0000: Memory Usage (131504K) : activ_iOPC has 0 polygons
2026-08-20 11:08:31 +0000: Memory Usage (131504K) : activ_noqrc has 0 polygons
2026-08-20 11:08:31 +0000: Memory Usage (131504K) : biwind_drw has 0 polygons
2026-08-20 11:08:31 +0000: Memory Usage (131504K) : biwind_OPC has 0 polygons
2026-08-20 11:08:31 +0000: Memory Usage (132056K) : gatpoly_drw has 4 polygons
2026-08-20 11:08:31 +0000: Memory Usage (132056K) : gatpoly_filler has 0 polygons
2026-08-20 11:08:31 +0000: Memory Usage (132184K) : gatpoly has 4 polygons
2026-08-20 11:08:31 +0000: Memory Usage (132184K) : gatpoly_pin has 0 polygons
2026-08-20 11:08:31 +0000: Memory Usage (132184K) : gatpoly_nofill has 0 polygons
2026-08-20 11:08:31 +0000: Memory Usage (132184K) : gatpoly_OPC has 0 polygons
2026-08-20 11:08:31 +0000: Memory Usage (132184K) : gatpoly_iOPC has 0 polygons
2026-08-20 11:08:31 +0000: Memory Usage (132184K) : gatpoly_noqrc has 0 polygons
2026-08-20 11:08:31 +0000: Memory Usage (132184K) : cont_drw has 2 polygons
2026-08-20 11:08:31 +0000: Memory Usage (132184K) : cont_OPC has 0 polygons
2026-08-20 11:08:31 +0000: Memory Usage (132276K) : nsd_drw has 0 polygons
2026-08-20 11:08:31 +0000: Memory Usage (132788K) : nsd_block has 0 polygons
2026-08-20 11:08:31 +0000: Memory Usage (132788K) : metal1_drw has 4 polygons
2026-08-20 11:08:31 +0000: Memory Usage (132788K) : metal1_filler has 0 polygons
2026-08-20 11:08:31 +0000: Memory Usage (132788K) : metal1_slit has 0 polygons
2026-08-20 11:08:31 +0000: Memory Usage (132788K) : metal1 has 4 polygons
2026-08-20 11:08:31 +0000: Memory Usage (132788K) : metal1_pin has 2 polygons
2026-08-20 11:08:31 +0000: Memory Usage (132788K) : metal1_mask has 0 polygons
2026-08-20 11:08:31 +0000: Memory Usage (132788K) : metal1_nofill has 0 polygons
2026-08-20 11:08:31 +0000: Memory Usage (132916K) : metal1_text has 0 polygons
2026-08-20 11:08:31 +0000: Memory Usage (132916K) : metal1_OPC has 0 polygons
2026-08-20 11:08:31 +0000: Memory Usage (132916K) : metal1_noqrc has 0 polygons
2026-08-20 11:08:31 +0000: Memory Usage (132916K) : metal1_res has 0 polygons
2026-08-20 11:08:31 +0000: Memory Usage (132916K) : metal1_iprobe has 0 polygons
2026-08-20 11:08:31 +0000: Memory Usage (132916K) : metal1_diffprb has 0 polygons
2026-08-20 11:08:31 +0000: Memory Usage (132916K) : passiv_drw has 0 polygons
2026-08-20 11:08:31 +0000: Memory Usage (132916K) : passiv_pin has 0 polygons
2026-08-20 11:08:31 +0000: Memory Usage (132916K) : passiv_sbump has 0 polygons
2026-08-20 11:08:31 +0000: Memory Usage (132916K) : passiv_pillar has 0 polygons
2026-08-20 11:08:31 +0000: Memory Usage (132916K) : passiv_pdl has 0 polygons
2026-08-20 11:08:31 +0000: Memory Usage (132916K) : metal2_drw has 1 polygons
2026-08-20 11:08:31 +0000: Memory Usage (132916K) : metal2_filler has 0 polygons
2026-08-20 11:08:31 +0000: Memory Usage (132916K) : metal2_slit has 0 polygons
2026-08-20 11:08:31 +0000: Memory Usage (132916K) : metal2 has 1 polygons
2026-08-20 11:08:31 +0000: Memory Usage (133044K) : metal2_pin has 0 polygons
2026-08-20 11:08:31 +0000: Memory Usage (133044K) : metal2_mask has 0 polygons
2026-08-20 11:08:31 +0000: Memory Usage (133044K) : metal2_nofill has 0 polygons
2026-08-20 11:08:31 +0000: Memory Usage (133172K) : metal2_text has 0 polygons
2026-08-20 11:08:31 +0000: Memory Usage (133172K) : metal2_OPC has 0 polygons
2026-08-20 11:08:31 +0000: Memory Usage (133172K) : metal2_noqrc has 0 polygons
2026-08-20 11:08:31 +0000: Memory Usage (133300K) : metal2_res has 0 polygons
2026-08-20 11:08:31 +0000: Memory Usage (133300K) : metal2_iprobe has 0 polygons
2026-08-20 11:08:31 +0000: Memory Usage (133300K) : metal2_diffprb has 0 polygons
2026-08-20 11:08:31 +0000: Memory Usage (133300K) : baspoly_drw has 0 polygons
2026-08-20 11:08:31 +0000: Memory Usage (133428K) : baspoly_pin has 0 polygons
2026-08-20 11:08:31 +0000: Memory Usage (133428K) : psd_drw has 3 polygons
2026-08-20 11:08:31 +0000: Memory Usage (133428K) : nldb_drw has 0 polygons
2026-08-20 11:08:31 +0000: Memory Usage (133428K) : digibnd_drw has 0 polygons
2026-08-20 11:08:31 +0000: Memory Usage (133556K) : via1_drw has 4 polygons
2026-08-20 11:08:31 +0000: Memory Usage (133556K) : backmetal1_drw has 0 polygons
2026-08-20 11:08:31 +0000: Memory Usage (133556K) : backmetal1_pin has 0 polygons
2026-08-20 11:08:31 +0000: Memory Usage (133684K) : backmetal1_mask has 0 polygons
2026-08-20 11:08:31 +0000: Memory Usage (133684K) : backmetal1_filler has 0 polygons
2026-08-20 11:08:31 +0000: Memory Usage (133684K) : backmetal1_nofill has 0 polygons
2026-08-20 11:08:31 +0000: Memory Usage (133684K) : backmetal1_slit has 0 polygons
2026-08-20 11:08:31 +0000: Memory Usage (133684K) : backmetal1_text has 0 polygons
2026-08-20 11:08:31 +0000: Memory Usage (133812K) : backmetal1_OPC has 0 polygons
2026-08-20 11:08:31 +0000: Memory Usage (133812K) : backmetal1_noqrc has 0 polygons
2026-08-20 11:08:31 +0000: Memory Usage (133812K) : backmetal1_res has 0 polygons
2026-08-20 11:08:31 +0000: Memory Usage (133940K) : backmetal1_iprobe has 0 polygons
2026-08-20 11:08:31 +0000: Memory Usage (133940K) : backmetal1_diffprb has 0 polygons
2026-08-20 11:08:31 +0000: Memory Usage (133940K) : backpassiv_drw has 0 polygons
2026-08-20 11:08:31 +0000: Memory Usage (133940K) : res_drw has 0 polygons
2026-08-20 11:08:31 +0000: Memory Usage (134068K) : sram_drw has 0 polygons
2026-08-20 11:08:31 +0000: Memory Usage (134068K) : trans_drw has 0 polygons
2026-08-20 11:08:31 +0000: Memory Usage (134068K) : ind_drw has 0 polygons
2026-08-20 11:08:31 +0000: Memory Usage (134068K) : ind_pin has 0 polygons
2026-08-20 11:08:31 +0000: Memory Usage (134068K) : ind_text has 0 polygons
2026-08-20 11:08:31 +0000: Memory Usage (134196K) : salblock_drw has 1 polygons
2026-08-20 11:08:31 +0000: Memory Usage (134196K) : via2_drw has 4 polygons
2026-08-20 11:08:31 +0000: Memory Usage (134196K) : metal3_drw has 3 polygons
2026-08-20 11:08:31 +0000: Memory Usage (134324K) : metal3_filler has 0 polygons
2026-08-20 11:08:31 +0000: Memory Usage (134324K) : metal3_slit has 0 polygons
2026-08-20 11:08:31 +0000: Memory Usage (134324K) : metal3 has 3 polygons
2026-08-20 11:08:31 +0000: Memory Usage (134324K) : metal3_pin has 0 polygons
2026-08-20 11:08:31 +0000: Memory Usage (134452K) : metal3_mask has 0 polygons
2026-08-20 11:08:31 +0000: Memory Usage (134452K) : metal3_nofill has 0 polygons
2026-08-20 11:08:31 +0000: Memory Usage (134452K) : metal3_text has 0 polygons
2026-08-20 11:08:31 +0000: Memory Usage (134452K) : metal3_OPC has 0 polygons
2026-08-20 11:08:31 +0000: Memory Usage (134580K) : metal3_noqrc has 0 polygons
2026-08-20 11:08:31 +0000: Memory Usage (134580K) : metal3_res has 0 polygons
2026-08-20 11:08:31 +0000: Memory Usage (134580K) : metal3_iprobe has 0 polygons
2026-08-20 11:08:31 +0000: Memory Usage (134580K) : metal3_diffprb has 0 polygons
2026-08-20 11:08:31 +0000: Memory Usage (134580K) : nwell_drw has 0 polygons
2026-08-20 11:08:31 +0000: Memory Usage (134580K) : nwell_pin has 0 polygons
2026-08-20 11:08:31 +0000: Memory Usage (134580K) : nwell_text has 0 polygons
2026-08-20 11:08:31 +0000: Memory Usage (134580K) : nbulay_drw has 0 polygons
2026-08-20 11:08:31 +0000: Memory Usage (134580K) : nbulay_pin has 0 polygons
2026-08-20 11:08:31 +0000: Memory Usage (134580K) : nbulay_block has 0 polygons
2026-08-20 11:08:31 +0000: Memory Usage (134580K) : emwind_drw has 0 polygons
2026-08-20 11:08:31 +0000: Memory Usage (134580K) : emwind_OPC has 0 polygons
2026-08-20 11:08:31 +0000: Memory Usage (134708K) : deepco_drw has 0 polygons
2026-08-20 11:08:31 +0000: Memory Usage (134708K) : mim_drw has 1 polygons
2026-08-20 11:08:31 +0000: Memory Usage (134708K) : edgeseal_drw has 0 polygons
2026-08-20 11:08:31 +0000: Memory Usage (134708K) : substrate_drw has 0 polygons
2026-08-20 11:08:31 +0000: Memory Usage (134708K) : substrate_text has 0 polygons
2026-08-20 11:08:31 +0000: Memory Usage (134708K) : dfpad_drw has 0 polygons
2026-08-20 11:08:31 +0000: Memory Usage (134836K) : dfpad_pillar has 0 polygons
2026-08-20 11:08:31 +0000: Memory Usage (134836K) : dfpad_sbump has 0 polygons
2026-08-20 11:08:31 +0000: Memory Usage (134836K) : thickgateox_drw has 0 polygons
2026-08-20 11:08:31 +0000: Memory Usage (134836K) : pldb_drw has 0 polygons
2026-08-20 11:08:31 +0000: Memory Usage (134836K) : pwell_drw has 0 polygons
2026-08-20 11:08:31 +0000: Memory Usage (134836K) : pwell_pin has 0 polygons
2026-08-20 11:08:31 +0000: Memory Usage (134964K) : pwell_block has 0 polygons
2026-08-20 11:08:31 +0000: Memory Usage (134964K) : ic_drw has 0 polygons
2026-08-20 11:08:31 +0000: Memory Usage (134964K) : via3_drw has 0 polygons
2026-08-20 11:08:31 +0000: Memory Usage (134964K) : metal4_drw has 1 polygons
2026-08-20 11:08:31 +0000: Memory Usage (134964K) : metal4_filler has 0 polygons
2026-08-20 11:08:31 +0000: Memory Usage (135092K) : metal4_slit has 0 polygons
2026-08-20 11:08:31 +0000: Memory Usage (135092K) : metal4 has 1 polygons
2026-08-20 11:08:31 +0000: Memory Usage (135092K) : metal4_pin has 0 polygons
2026-08-20 11:08:31 +0000: Memory Usage (135092K) : metal4_mask has 0 polygons
2026-08-20 11:08:31 +0000: Memory Usage (135092K) : metal4_nofill has 0 polygons
2026-08-20 11:08:31 +0000: Memory Usage (135092K) : metal4_text has 0 polygons
2026-08-20 11:08:31 +0000: Memory Usage (135220K) : metal4_OPC has 0 polygons
2026-08-20 11:08:31 +0000: Memory Usage (135220K) : metal4_noqrc has 0 polygons
2026-08-20 11:08:31 +0000: Memory Usage (135220K) : metal4_res has 0 polygons
2026-08-20 11:08:31 +0000: Memory Usage (135220K) : metal4_iprobe has 0 polygons
2026-08-20 11:08:31 +0000: Memory Usage (135220K) : metal4_diffprb has 0 polygons
2026-08-20 11:08:31 +0000: Memory Usage (135220K) : heattrans_drw has 0 polygons
2026-08-20 11:08:31 +0000: Memory Usage (135348K) : heatres_drw has 1 polygons
2026-08-20 11:08:31 +0000: Memory Usage (135348K) : fbe_drw has 0 polygons
2026-08-20 11:08:31 +0000: Memory Usage (135348K) : empoly_drw has 0 polygons
2026-08-20 11:08:31 +0000: Memory Usage (135348K) : digisub_drw has 0 polygons
2026-08-20 11:08:31 +0000: Memory Usage (135476K) : text_drw has 3 polygons
2026-08-20 11:08:31 +0000: Memory Usage (135476K) : via4_drw has 4 polygons
2026-08-20 11:08:31 +0000: Memory Usage (135476K) : metal5_drw has 5 polygons
2026-08-20 11:08:31 +0000: Memory Usage (135604K) : metal5_filler has 0 polygons
2026-08-20 11:08:31 +0000: Memory Usage (135604K) : metal5_slit has 0 polygons
2026-08-20 11:08:31 +0000: Memory Usage (135604K) : metal5 has 5 polygons
2026-08-20 11:08:31 +0000: Memory Usage (135604K) : metal5_pin has 0 polygons
2026-08-20 11:08:31 +0000: Memory Usage (135604K) : metal5_mask has 0 polygons
2026-08-20 11:08:31 +0000: Memory Usage (135732K) : metal5_nofill has 0 polygons
2026-08-20 11:08:31 +0000: Memory Usage (135732K) : metal5_text has 0 polygons
2026-08-20 11:08:31 +0000: Memory Usage (135732K) : metal5_OPC has 0 polygons
2026-08-20 11:08:31 +0000: Memory Usage (135732K) : metal5_noqrc has 0 polygons
2026-08-20 11:08:31 +0000: Memory Usage (135732K) : metal5_res has 0 polygons
2026-08-20 11:08:31 +0000: Memory Usage (135732K) : metal5_iprobe has 0 polygons
2026-08-20 11:08:31 +0000: Memory Usage (135860K) : metal5_diffprb has 0 polygons
2026-08-20 11:08:31 +0000: Memory Usage (135860K) : radhard_drw has 0 polygons
2026-08-20 11:08:31 +0000: Memory Usage (135860K) : memcap_drw has 0 polygons
2026-08-20 11:08:31 +0000: Memory Usage (135860K) : varicap_drw has 0 polygons
2026-08-20 11:08:31 +0000: Memory Usage (135860K) : intbondvia_drw has 0 polygons
2026-08-20 11:08:31 +0000: Memory Usage (135860K) : intbondmet_drw has 0 polygons
2026-08-20 11:08:31 +0000: Memory Usage (135988K) : devbondvia_drw has 0 polygons
2026-08-20 11:08:31 +0000: Memory Usage (135988K) : devbondmet_drw has 0 polygons
2026-08-20 11:08:31 +0000: Memory Usage (135988K) : devtrench_drw has 0 polygons
2026-08-20 11:08:31 +0000: Memory Usage (135988K) : redist_drw has 0 polygons
2026-08-20 11:08:31 +0000: Memory Usage (135988K) : graphbot_drw has 0 polygons
2026-08-20 11:08:31 +0000: Memory Usage (135988K) : graphtop_drw has 0 polygons
2026-08-20 11:08:31 +0000: Memory Usage (135988K) : antvia1_drw has 0 polygons
2026-08-20 11:08:31 +0000: Memory Usage (136116K) : antmetal2_drw has 0 polygons
2026-08-20 11:08:31 +0000: Memory Usage (136116K) : graphcont_drw has 0 polygons
2026-08-20 11:08:31 +0000: Memory Usage (136116K) : siwg_drw has 0 polygons
2026-08-20 11:08:31 +0000: Memory Usage (136116K) : siwg_filler has 0 polygons
2026-08-20 11:08:31 +0000: Memory Usage (136116K) : siwg_nofill has 0 polygons
2026-08-20 11:08:31 +0000: Memory Usage (136244K) : sigrating_drw has 0 polygons
2026-08-20 11:08:31 +0000: Memory Usage (136244K) : singrating_drw has 0 polygons
2026-08-20 11:08:31 +0000: Memory Usage (136244K) : graphpas_drw has 0 polygons
2026-08-20 11:08:32 +0000: Memory Usage (136244K) : emwind3_drw has 0 polygons
2026-08-20 11:08:32 +0000: Memory Usage (136244K) : emwihv3_drw has 0 polygons
2026-08-20 11:08:32 +0000: Memory Usage (136244K) : redbulay_drw has 0 polygons
2026-08-20 11:08:32 +0000: Memory Usage (136372K) : smos_drw has 0 polygons
2026-08-20 11:08:32 +0000: Memory Usage (136372K) : graphpad_drw has 0 polygons
2026-08-20 11:08:32 +0000: Memory Usage (136372K) : polimide_drw has 0 polygons
2026-08-20 11:08:32 +0000: Memory Usage (136372K) : polimide_pin has 0 polygons
2026-08-20 11:08:32 +0000: Memory Usage (136372K) : recog_drw has 0 polygons
2026-08-20 11:08:32 +0000: Memory Usage (136500K) : recog_pin has 0 polygons
2026-08-20 11:08:32 +0000: Memory Usage (136500K) : recog_esd has 0 polygons
2026-08-20 11:08:32 +0000: Memory Usage (136500K) : recog_diode has 0 polygons
2026-08-20 11:08:32 +0000: Memory Usage (136500K) : recog_tsv has 0 polygons
2026-08-20 11:08:32 +0000: Memory Usage (136500K) : recog_iprobe has 0 polygons
2026-08-20 11:08:32 +0000: Memory Usage (136500K) : recog_diffprb has 0 polygons
2026-08-20 11:08:32 +0000: Memory Usage (136628K) : recog_pillar has 0 polygons
2026-08-20 11:08:32 +0000: Memory Usage (136628K) : recog_sbump has 0 polygons
2026-08-20 11:08:32 +0000: Memory Usage (136628K) : recog_otp has 0 polygons
2026-08-20 11:08:32 +0000: Memory Usage (136628K) : recog_pdiode has 0 polygons
2026-08-20 11:08:32 +0000: Memory Usage (136628K) : recog_mom has 0 polygons
2026-08-20 11:08:32 +0000: Memory Usage (136628K) : recog_momf has 0 polygons
2026-08-20 11:08:32 +0000: Memory Usage (136756K) : recog_pcm has 0 polygons
2026-08-20 11:08:32 +0000: Memory Usage (136756K) : colopen_drw has 0 polygons
2026-08-20 11:08:32 +0000: Memory Usage (136756K) : graphmetal1_drw has 0 polygons
2026-08-20 11:08:32 +0000: Memory Usage (136756K) : graphmetal1_filler has 0 polygons
2026-08-20 11:08:32 +0000: Memory Usage (136756K) : graphmetal1_nofill has 0 polygons
2026-08-20 11:08:32 +0000: Memory Usage (136756K) : graphmetal1_slit has 0 polygons
2026-08-20 11:08:32 +0000: Memory Usage (136884K) : graphmetal1_OPC has 0 polygons
2026-08-20 11:08:32 +0000: Memory Usage (136884K) : graphmet1l_drw has 0 polygons
2026-08-20 11:08:32 +0000: Memory Usage (136884K) : graphmet1l_filler has 0 polygons
2026-08-20 11:08:32 +0000: Memory Usage (136884K) : graphmet1l_nofill has 0 polygons
2026-08-20 11:08:32 +0000: Memory Usage (136884K) : graphmet1l_slit has 0 polygons
2026-08-20 11:08:32 +0000: Memory Usage (136884K) : graphmet1l_OPC has 0 polygons
2026-08-20 11:08:32 +0000: Memory Usage (137012K) : extblock_drw has 3 polygons
2026-08-20 11:08:32 +0000: Memory Usage (137012K) : nldd_drw has 0 polygons
2026-08-20 11:08:32 +0000: Memory Usage (137012K) : pldd_drw has 0 polygons
2026-08-20 11:08:32 +0000: Memory Usage (137012K) : next_drw has 0 polygons
2026-08-20 11:08:32 +0000: Memory Usage (137012K) : pext_drw has 0 polygons
2026-08-20 11:08:32 +0000: Memory Usage (137140K) : nexthv_drw has 0 polygons
2026-08-20 11:08:32 +0000: Memory Usage (137140K) : pexthv_drw has 0 polygons
2026-08-20 11:08:32 +0000: Memory Usage (137140K) : graphgate_drw has 0 polygons
2026-08-20 11:08:32 +0000: Memory Usage (137140K) : sinwg_drw has 0 polygons
2026-08-20 11:08:32 +0000: Memory Usage (137140K) : sinwg_filler has 0 polygons
2026-08-20 11:08:32 +0000: Memory Usage (137140K) : sinwg_nofill has 0 polygons
2026-08-20 11:08:32 +0000: Memory Usage (137140K) : mempad_drw has 0 polygons
2026-08-20 11:08:32 +0000: Memory Usage (137268K) : topvia1_drw has 2 polygons
2026-08-20 11:08:32 +0000: Memory Usage (137268K) : topmetal1_drw has 3 polygons
2026-08-20 11:08:32 +0000: Memory Usage (137268K) : topmetal1_filler has 0 polygons
2026-08-20 11:08:32 +0000: Memory Usage (137268K) : topmetal1_slit has 0 polygons
2026-08-20 11:08:32 +0000: Memory Usage (137268K) : topmetal1 has 3 polygons
2026-08-20 11:08:32 +0000: Memory Usage (137268K) : topmetal1_pin has 0 polygons
2026-08-20 11:08:32 +0000: Memory Usage (137396K) : topmetal1_mask has 0 polygons
2026-08-20 11:08:32 +0000: Memory Usage (137396K) : topmetal1_nofill has 0 polygons
2026-08-20 11:08:32 +0000: Memory Usage (137396K) : topmetal1_text has 0 polygons
2026-08-20 11:08:32 +0000: Memory Usage (137396K) : topmetal1_noqrc has 0 polygons
2026-08-20 11:08:32 +0000: Memory Usage (137396K) : topmetal1_res has 0 polygons
2026-08-20 11:08:32 +0000: Memory Usage (137396K) : topmetal1_iprobe has 0 polygons
2026-08-20 11:08:32 +0000: Memory Usage (137524K) : topmetal1_diffprb has 0 polygons
2026-08-20 11:08:32 +0000: Memory Usage (137524K) : inldpwl_drw has 0 polygons
2026-08-20 11:08:32 +0000: Memory Usage (137524K) : polyres_drw has 1 polygons
2026-08-20 11:08:32 +0000: Memory Usage (137524K) : polyres_pin has 0 polygons
2026-08-20 11:08:32 +0000: Memory Usage (137524K) : vmim_drw has 225 polygons
2026-08-20 11:08:32 +0000: Memory Usage (137652K) : nbulaycut_drw has 0 polygons
2026-08-20 11:08:32 +0000: Memory Usage (137652K) : antmetal1_drw has 0 polygons
2026-08-20 11:08:32 +0000: Memory Usage (137652K) : topvia2_drw has 2 polygons
2026-08-20 11:08:32 +0000: Memory Usage (137652K) : topmetal2_drw has 2 polygons
2026-08-20 11:08:32 +0000: Memory Usage (137780K) : topmetal2_filler has 0 polygons
2026-08-20 11:08:32 +0000: Memory Usage (137780K) : topmetal2_slit has 0 polygons
2026-08-20 11:08:32 +0000: Memory Usage (137780K) : topmetal2 has 2 polygons
2026-08-20 11:08:32 +0000: Memory Usage (137780K) : topmetal2_pin has 0 polygons
2026-08-20 11:08:32 +0000: Memory Usage (137908K) : topmetal2_mask has 0 polygons
2026-08-20 11:08:32 +0000: Memory Usage (137908K) : topmetal2_nofill has 0 polygons
2026-08-20 11:08:32 +0000: Memory Usage (137908K) : topmetal2_text has 0 polygons
2026-08-20 11:08:32 +0000: Memory Usage (137908K) : topmetal2_noqrc has 0 polygons
2026-08-20 11:08:32 +0000: Memory Usage (138036K) : topmetal2_res has 0 polygons
2026-08-20 11:08:32 +0000: Memory Usage (138036K) : topmetal2_iprobe has 0 polygons
2026-08-20 11:08:32 +0000: Memory Usage (138036K) : topmetal2_diffprb has 0 polygons
2026-08-20 11:08:32 +0000: Memory Usage (138164K) : snsring_drw has 0 polygons
2026-08-20 11:08:32 +0000: Memory Usage (138164K) : sensor_drw has 0 polygons
2026-08-20 11:08:32 +0000: Memory Usage (138164K) : snsarms_drw has 0 polygons
2026-08-20 11:08:32 +0000: Memory Usage (138292K) : snscmosvia_drw has 0 polygons
2026-08-20 11:08:32 +0000: Memory Usage (138292K) : colwind_drw has 0 polygons
2026-08-20 11:08:32 +0000: Memory Usage (138292K) : flm_drw has 0 polygons
2026-08-20 11:08:32 +0000: Memory Usage (138292K) : hafniumox_drw has 0 polygons
2026-08-20 11:08:32 +0000: Memory Usage (138420K) : memvia_drw has 0 polygons
2026-08-20 11:08:32 +0000: Memory Usage (138420K) : thinfilmres_drw has 0 polygons
2026-08-20 11:08:32 +0000: Memory Usage (138420K) : rfmem_drw has 0 polygons
2026-08-20 11:08:32 +0000: Memory Usage (138420K) : norcx_drw has 0 polygons
2026-08-20 11:08:32 +0000: Memory Usage (138548K) : norcx_m2m3 has 0 polygons
2026-08-20 11:08:32 +0000: Memory Usage (138548K) : norcx_m2m4 has 0 polygons
2026-08-20 11:08:32 +0000: Memory Usage (138548K) : norcx_m2m5 has 0 polygons
2026-08-20 11:08:32 +0000: Memory Usage (138548K) : norcx_m2tm1 has 0 polygons
2026-08-20 11:08:32 +0000: Memory Usage (138676K) : norcx_m2tm2 has 0 polygons
2026-08-20 11:08:32 +0000: Memory Usage (138676K) : norcx_m3m4 has 0 polygons
2026-08-20 11:08:32 +0000: Memory Usage (138804K) : norcx_m3m5 has 0 polygons
2026-08-20 11:08:32 +0000: Memory Usage (138804K) : norcx_m3tm1 has 0 polygons
2026-08-20 11:08:32 +0000: Memory Usage (138804K) : norcx_m3tm2 has 0 polygons
2026-08-20 11:08:32 +0000: Memory Usage (138804K) : norcx_m4m5 has 0 polygons
2026-08-20 11:08:32 +0000: Memory Usage (138804K) : norcx_m4tm1 has 0 polygons
2026-08-20 11:08:32 +0000: Memory Usage (138804K) : norcx_m4tm2 has 0 polygons
2026-08-20 11:08:32 +0000: Memory Usage (138804K) : norcx_m5tm1 has 0 polygons
2026-08-20 11:08:32 +0000: Memory Usage (138804K) : norcx_m5tm2 has 0 polygons
2026-08-20 11:08:32 +0000: Memory Usage (138804K) : norcx_tm1tm2 has 0 polygons
2026-08-20 11:08:32 +0000: Memory Usage (138804K) : norcx_m1sub has 0 polygons
2026-08-20 11:08:32 +0000: Memory Usage (138804K) : norcx_m2sub has 0 polygons
2026-08-20 11:08:32 +0000: Memory Usage (138804K) : norcx_m3sub has 0 polygons
2026-08-20 11:08:32 +0000: Memory Usage (138804K) : norcx_m4sub has 0 polygons
2026-08-20 11:08:32 +0000: Memory Usage (138804K) : norcx_m5sub has 0 polygons
2026-08-20 11:08:32 +0000: Memory Usage (138804K) : norcx_tm1sub has 0 polygons
2026-08-20 11:08:32 +0000: Memory Usage (138804K) : norcx_tm2sub has 0 polygons
2026-08-20 11:08:32 +0000: Memory Usage (138804K) : snsbotvia_drw has 0 polygons
2026-08-20 11:08:32 +0000: Memory Usage (138804K) : snstopvia_drw has 0 polygons
2026-08-20 11:08:32 +0000: Memory Usage (138804K) : deepvia_drw has 0 polygons
2026-08-20 11:08:32 +0000: Memory Usage (138804K) : fgetch_drw has 0 polygons
2026-08-20 11:08:32 +0000: Memory Usage (138804K) : ctrgat_drw has 0 polygons
2026-08-20 11:08:32 +0000: Memory Usage (138804K) : fgimp_drw has 0 polygons
2026-08-20 11:08:32 +0000: Memory Usage (138804K) : emwihv_drw has 0 polygons
2026-08-20 11:08:32 +0000: Memory Usage (138804K) : lbe_drw has 0 polygons
2026-08-20 11:08:32 +0000: Memory Usage (138804K) : alcustop_drw has 0 polygons
2026-08-20 11:08:32 +0000: Memory Usage (138804K) : nometfiller_drw has 0 polygons
2026-08-20 11:08:32 +0000: Memory Usage (138804K) : prboundary_drw has 0 polygons
2026-08-20 11:08:32 +0000: Memory Usage (138804K) : exchange0_drw has 0 polygons
2026-08-20 11:08:32 +0000: Memory Usage (138804K) : exchange0_pin has 0 polygons
2026-08-20 11:08:32 +0000: Memory Usage (138804K) : exchange0_text has 0 polygons
2026-08-20 11:08:32 +0000: Memory Usage (138804K) : exchange1_drw has 0 polygons
2026-08-20 11:08:32 +0000: Memory Usage (138804K) : exchange1_pin has 0 polygons
2026-08-20 11:08:32 +0000: Memory Usage (138804K) : exchange1_text has 0 polygons
2026-08-20 11:08:32 +0000: Memory Usage (138804K) : exchange2_drw has 0 polygons
2026-08-20 11:08:32 +0000: Memory Usage (138804K) : exchange2_pin has 0 polygons
2026-08-20 11:08:32 +0000: Memory Usage (138804K) : exchange2_text has 0 polygons
2026-08-20 11:08:32 +0000: Memory Usage (138804K) : exchange3_drw has 0 polygons
2026-08-20 11:08:32 +0000: Memory Usage (138804K) : exchange3_pin has 0 polygons
2026-08-20 11:08:32 +0000: Memory Usage (138804K) : exchange3_text has 0 polygons
2026-08-20 11:08:32 +0000: Memory Usage (138804K) : exchange4_drw has 0 polygons
2026-08-20 11:08:32 +0000: Memory Usage (138804K) : exchange4_pin has 0 polygons
2026-08-20 11:08:32 +0000: Memory Usage (138804K) : exchange4_text has 0 polygons
2026-08-20 11:08:32 +0000: Memory Usage (138804K) : isonwell_drw has 0 polygons
2026-08-20 11:08:32 +0000: Memory Usage (138804K) : Total no. of polygons in the design is 281
2026-08-20 11:08:32 +0000: Memory Usage (138804K) : Starting base layers derivations
2026-08-20 11:08:32 +0000: Memory Usage (138804K) : Starting general LVS derivations
2026-08-20 11:08:32 +0000: Memory Usage (141252K) : Starting MOSFET DERIVATIONS
2026-08-20 11:08:32 +0000: Memory Usage (141380K) : Starting NMOS DERIVATIONS
2026-08-20 11:08:32 +0000: Memory Usage (141380K) : Starting PMOS DERIVATIONS
2026-08-20 11:08:32 +0000: Memory Usage (141380K) : Starting RF-MOSFET DERIVATIONS
2026-08-20 11:08:32 +0000: Memory Usage (141380K) : Starting RF-NMOS DERIVATIONS
2026-08-20 11:08:32 +0000: Memory Usage (141380K) : Starting RF-PMOS DERIVATIONS
2026-08-20 11:08:32 +0000: Memory Usage (141380K) : Starting BJT DERIVATIONS
2026-08-20 11:08:32 +0000: Memory Usage (141380K) : Starting NPN-BJT DERIVATIONS
2026-08-20 11:08:32 +0000: Memory Usage (141380K) : Starting PNP-BJT DERIVATIONS
2026-08-20 11:08:32 +0000: Memory Usage (141380K) : Starting DIODE DERIVATIONS
2026-08-20 11:08:32 +0000: Memory Usage (141380K) : Starting RESISTOR DERIVATIONS
2026-08-20 11:08:32 +0000: Memory Usage (142276K) : Starting CAP DERIVATIONS
2026-08-20 11:08:32 +0000: Memory Usage (142404K) : Starting CAP_CMOM DERIVATIONS
2026-08-20 11:08:32 +0000: Memory Usage (142404K) : Starting CAP_CMOMF DERIVATIONS
2026-08-20 11:08:32 +0000: Memory Usage (142404K) : Starting ESD DERIVATIONS
2026-08-20 11:08:32 +0000: Memory Usage (142404K) : Starting Inductor DERIVATIONS
2026-08-20 11:08:32 +0000: Memory Usage (142404K) : Starting Taps DERIVATIONS
2026-08-20 11:08:32 +0000: Memory Usage (142404K) : Starting SG13G2 LVS connectivity setup
2026-08-20 11:08:32 +0000: Memory Usage (142404K) : Starting SG13G2 LVS connectivity setup (Inter-layer)
2026-08-20 11:08:32 +0000: Memory Usage (142532K) : Starting SG13G2 LVS connectivity setup (Global)
2026-08-20 11:08:32 +0000: Memory Usage (142532K) : Starting LVS MOSFET CONNECTIONS
2026-08-20 11:08:32 +0000: Memory Usage (142532K) : Starting LVS RF-MOSFET CONNECTIONS
2026-08-20 11:08:32 +0000: Memory Usage (142532K) : Starting LVS BJT CONNECTIONS
2026-08-20 11:08:32 +0000: Memory Usage (142532K) : Starting LVS DIODE CONNECTIONS
2026-08-20 11:08:32 +0000: Memory Usage (142532K) : Starting RESISTOR CONNECTIONS
2026-08-20 11:08:32 +0000: Memory Usage (142532K) : Starting LVS CAP CONNECTIONS
2026-08-20 11:08:32 +0000: Memory Usage (142532K) : Starting CAP_CMOM CONNECTIONS
2026-08-20 11:08:32 +0000: Memory Usage (142532K) : Starting CAP_CMOMF CONNECTIONS
2026-08-20 11:08:32 +0000: Memory Usage (142532K) : Starting ESD CONNECTIONS
2026-08-20 11:08:32 +0000: Memory Usage (142532K) : Starting Inductor CONNECTIONS
2026-08-20 11:08:32 +0000: Memory Usage (142532K) : Starting LVS Taps CONNECTIONS
2026-08-20 11:08:32 +0000: Memory Usage (142532K) : Starting SG13G2 LVS DEVICES EXTRACTION
2026-08-20 11:08:32 +0000: Memory Usage (142532K) : Starting MOSFET EXTRACTION
2026-08-20 11:08:32 +0000: Memory Usage (142532K) : Starting NMOS EXTRACTION
2026-08-20 11:08:32 +0000: Memory Usage (142532K) : Extraction of NMOS-LV transistor
2026-08-20 11:08:32 +0000: Memory Usage (142660K) : Extraction of NMOS-HV transistor
2026-08-20 11:08:32 +0000: Memory Usage (142660K) : Starting PMOS EXTRACTION
2026-08-20 11:08:32 +0000: Memory Usage (142660K) : Extraction of PMOS-LV transistor
2026-08-20 11:08:32 +0000: Memory Usage (142660K) : Extraction of PMOS-HV transistor
2026-08-20 11:08:32 +0000: Memory Usage (142660K) : Starting RF-MOSFET EXTRACTION
2026-08-20 11:08:32 +0000: Memory Usage (142660K) : Extraction of RF-NMOS-LV transistor
2026-08-20 11:08:32 +0000: Memory Usage (142660K) : Extraction of RF-NMOS-HV transistor
2026-08-20 11:08:32 +0000: Memory Usage (142660K) : Extraction of RF-PMOS-LV transistor
2026-08-20 11:08:32 +0000: Memory Usage (142660K) : Extraction of RF-PMOS-HV transistor
2026-08-20 11:08:32 +0000: Memory Usage (142660K) : Starting BJT EXTRACTION
2026-08-20 11:08:32 +0000: Memory Usage (142660K) : Starting NPN-BJT EXTRACTION
2026-08-20 11:08:32 +0000: Memory Usage (142660K) : Extraction of npn13G2 BJT transistor
2026-08-20 11:08:32 +0000: Memory Usage (142660K) : Extraction of npn13G2L BJT transistor
2026-08-20 11:08:32 +0000: Memory Usage (142660K) : Extraction of npn13G2V BJT transistor
2026-08-20 11:08:32 +0000: Memory Usage (142660K) : Starting PNP-BJT EXTRACTION
2026-08-20 11:08:32 +0000: Memory Usage (142660K) : Extracting pnpMPA BJT
2026-08-20 11:08:32 +0000: Memory Usage (142660K) : Starting DIODE EXTRACTION
2026-08-20 11:08:32 +0000: Memory Usage (142660K) : Extracting dantenna diode
2026-08-20 11:08:32 +0000: Memory Usage (142660K) : Extracting dpantenna diode
2026-08-20 11:08:32 +0000: Memory Usage (142660K) : Extracting schottky_nbl1 diode
2026-08-20 11:08:32 +0000: Memory Usage (142660K) : Extracting isolbox diode
2026-08-20 11:08:32 +0000: Memory Usage (142660K) : Starting RESISTOR EXTRACTION
2026-08-20 11:08:32 +0000: Memory Usage (142660K) : Extracting rsil resistor
2026-08-20 11:08:32 +0000: Memory Usage (142660K) : Extracting rppd resistor
2026-08-20 11:08:32 +0000: Memory Usage (142916K) : Extracting rhigh resistor
2026-08-20 11:08:32 +0000: Memory Usage (142916K) : Extracting res_metal1 resistor
2026-08-20 11:08:32 +0000: Memory Usage (143044K) : Extracting res_metal2 resistor
2026-08-20 11:08:32 +0000: Memory Usage (143044K) : Extracting res_metal3 resistor
2026-08-20 11:08:32 +0000: Memory Usage (143044K) : Extracting res_metal4 resistor
2026-08-20 11:08:32 +0000: Memory Usage (143044K) : Extracting res_metal5 resistor
2026-08-20 11:08:32 +0000: Memory Usage (143044K) : Extracting res_topmetal1 resistor
2026-08-20 11:08:32 +0000: Memory Usage (143044K) : Extracting res_topmetal2 resistor
2026-08-20 11:08:32 +0000: Memory Usage (143044K) : Starting CAP EXTRACTION
2026-08-20 11:08:32 +0000: Memory Usage (143044K) : Extracting cap_cmim device
2026-08-20 11:08:32 +0000: Memory Usage (143044K) : Extracting rfcmim device
2026-08-20 11:08:32 +0000: Memory Usage (143044K) : Extracting sg13_hv_svaricap varactor
2026-08-20 11:08:32 +0000: Memory Usage (143044K) : Extracting cap_cmomi device
2026-08-20 11:08:32 +0000: Memory Usage (143044K) : Extracting cap_cmomf device
2026-08-20 11:08:32 +0000: Memory Usage (143044K) : Extracting sg13_moscap_n capacitor
2026-08-20 11:08:32 +0000: Memory Usage (143044K) : Extracting sg13_moscap_p capacitor
2026-08-20 11:08:32 +0000: Memory Usage (143044K) : Starting ESD EXTRACTION
2026-08-20 11:08:32 +0000: Memory Usage (143044K) : Extracting diodevdd_2kv ESD device
2026-08-20 11:08:32 +0000: Memory Usage (143044K) : Extracting diodevdd_4kv ESD device
2026-08-20 11:08:32 +0000: Memory Usage (143044K) : Extracting diodevss_2kv ESD device
2026-08-20 11:08:32 +0000: Memory Usage (143044K) : Extracting diodevss_4kv ESD device
2026-08-20 11:08:32 +0000: Memory Usage (143044K) : Extracting idiodevdd_2kv ESD device
2026-08-20 11:08:32 +0000: Memory Usage (143044K) : Extracting idiodevdd_4kv ESD device
2026-08-20 11:08:32 +0000: Memory Usage (143044K) : Extracting idiodevss_2kv ESD device
2026-08-20 11:08:32 +0000: Memory Usage (143044K) : Extracting idiodevss_4kv ESD device
2026-08-20 11:08:32 +0000: Memory Usage (143044K) : Extracting nmoscl_2 ESD device
2026-08-20 11:08:32 +0000: Memory Usage (143044K) : Extracting nmoscl_4 ESD device
2026-08-20 11:08:32 +0000: Memory Usage (143044K) : Starting Inductor EXTRACTION
2026-08-20 11:08:32 +0000: Memory Usage (143044K) : Extracting Inductor2 device
2026-08-20 11:08:32 +0000: Memory Usage (143044K) : Extracting Inductor3 device
2026-08-20 11:08:32 +0000: Memory Usage (143044K) : Starting Taps EXTRACTION
2026-08-20 11:08:32 +0000: Memory Usage (143044K) : Extracting ntap1 device
2026-08-20 11:08:32 +0000: Memory Usage (143044K) : Extracting ptap1 device
2026-08-20 11:08:32 +0000: Memory Usage (143044K) : Starting SG13G2 LVS RF MOS Model Mapping
2026-08-20 11:08:32 +0000: Memory Usage (143044K) : [layout_netlist] Apply RF MOS model mapping and rfmode parameter.
2026-08-20 11:08:32 +0000: Memory Usage (143044K) : Starting SG13G2 LVS Options Preparations
2026-08-20 11:08:32 +0000: Memory Usage (143044K) : SG13G2 LVS flow: extraction -> alignment -> option preparation -> comparison.
2026-08-20 11:08:32 +0000: Memory Usage (143044K) : Starting SG13G2 LVS Alignment
2026-08-20 11:08:32 +0000: Memory Usage (143044K) : Starting SG13G2 LVS Simplification
2026-08-20 11:08:32 +0000: Memory Usage (143044K) : [layout_netlist] simplify: ENABLED
2026-08-20 11:08:32 +0000: Memory Usage (143044K) : [layout_netlist] make_top_level_pins: SKIPPED
2026-08-20 11:08:32 +0000: Memory Usage (143044K) : [layout_netlist] combine_devices: SKIPPED
2026-08-20 11:08:32 +0000: Memory Usage (143044K) : [layout_netlist] purge: SKIPPED
2026-08-20 11:08:32 +0000: Memory Usage (143044K) : [layout_netlist] purge_nets: SKIPPED
2026-08-20 11:08:32 +0000: Memory Usage (143044K) : [schematic_netlist] simplify: ENABLED
2026-08-20 11:08:32 +0000: Memory Usage (143044K) : [schematic_netlist] make_top_level_pins: SKIPPED
2026-08-20 11:08:32 +0000: Memory Usage (143044K) : [schematic_netlist] combine_devices: SKIPPED
2026-08-20 11:08:32 +0000: Memory Usage (143044K) : [schematic_netlist] purge: SKIPPED
2026-08-20 11:08:32 +0000: Memory Usage (143044K) : [schematic_netlist] purge_nets: SKIPPED
2026-08-20 11:08:32 +0000: Memory Usage (143044K) : Starting SG13G2 LVS Comparison
2026-08-20 11:08:32 +0000: Memory Usage (143172K) : xxxxxxxxxxxxxxxxxxxxxxxxxxxxxxxxxxxxxxxxxx
2026-08-20 11:08:32 +0000: Memory Usage (143172K) : ERROR : Netlists don't match
2026-08-20 11:08:32 +0000: Memory Usage (143172K) : xxxxxxxxxxxxxxxxxxxxxxxxxxxxxxxxxxxxxxxxxx
2026-08-20 11:08:32 +0000: Memory Usage (143172K) : LVS Total Run time 0.331146 seconds

--- stderr ---
20-Aug-2026 11:08:31 | INFO    | Your Klayout version is: KLayout 0.30.5 (required >= 0.30.5)
20-Aug-2026 11:08:31 | INFO    | Running SG13G2 LVS checks on design /workspace/layout/blocks/out/term_stage/_cmim_probe/probe_ctle_flat.gds on cell probe
20-Aug-2026 11:08:32 | INFO    | ==============================================================================
20-Aug-2026 11:08:32 | INFO    | Important Summary
20-Aug-2026 11:08:32 | INFO    | +------------------+-------------------------------------------------------------------+
20-Aug-2026 11:08:32 | INFO    | | Status           | FAIL                                                              |
20-Aug-2026 11:08:32 | INFO    | | Mode             | COMPARE                                                           |
20-Aug-2026 11:08:32 | INFO    | | Outcome          | Comparison mode: FAIL (netlists do not match).                    |
20-Aug-2026 11:08:32 | INFO    | | Layout           | probe_ctle_flat.gds                                               |
20-Aug-2026 11:08:32 | INFO    | | Top Cell         | probe                                                             |
20-Aug-2026 11:08:32 | INFO    | | Results Dir      | /workspace/layout/blocks/out/term_stage/_cmim_probe/lvs_ctle_flat |
20-Aug-2026 11:08:32 | INFO    | | Warnings         | 0                                                                 |
20-Aug-2026 11:08:32 | INFO    | | Errors           | 1                                                                 |
20-Aug-2026 11:08:32 | INFO    | | Run Time (s)     | 0.621                                                             |
20-Aug-2026 11:08:32 | INFO    | +------------------+-------------------------------------------------------------------+
20-Aug-2026 11:08:32 | ERROR   | Key errors:
20-Aug-2026 11:08:32 | ERROR   |   - 2026-08-20 11:08:32 +0000: Memory Usage (143172K) : ERROR : Netlists don't match
20-Aug-2026 11:08:32 | INFO    | ==============================================================================

