20-Aug-2026 09:00:15 | INFO    | Your Klayout version is: KLayout 0.30.5 (required >= 0.30.5)
20-Aug-2026 09:00:15 | INFO    | Running SG13G2 LVS checks on design /workspace/layout/blocks/out/term_stage/_bisect/pads_esd.gds on cell term_dut
20-Aug-2026 09:00:16 | INFO    | ==============================================================================
20-Aug-2026 09:00:16 | INFO    | Important Summary
20-Aug-2026 09:00:16 | INFO    | +------------------+--------------------------------------------------------------+
20-Aug-2026 09:00:16 | INFO    | | Status           | FAIL                                                         |
20-Aug-2026 09:00:16 | INFO    | | Mode             | COMPARE                                                      |
20-Aug-2026 09:00:16 | INFO    | | Outcome          | Comparison mode: FAIL (netlists do not match).               |
20-Aug-2026 09:00:16 | INFO    | | Layout           | pads_esd.gds                                                 |
20-Aug-2026 09:00:16 | INFO    | | Top Cell         | term_dut                                                     |
20-Aug-2026 09:00:16 | INFO    | | Results Dir      | /workspace/layout/blocks/out/term_stage/_bisect/pads_esd     |
20-Aug-2026 09:00:16 | INFO    | | Warnings         | 0                                                            |
20-Aug-2026 09:00:16 | INFO    | | Errors           | 3                                                            |
20-Aug-2026 09:00:16 | INFO    | | Run Time (s)     | 1.002                                                        |
20-Aug-2026 09:00:16 | INFO    | +------------------+--------------------------------------------------------------+
20-Aug-2026 09:00:16 | ERROR   | Key errors:
20-Aug-2026 09:00:16 | ERROR   |   - 2026-08-20 08:55:15 +0000: Memory Usage (145800K) : ERROR : Netlists don't match
20-Aug-2026 09:00:16 | ERROR   |   - 2026-08-20 08:55:33 +0000: Memory Usage (145240K) : ERROR : Netlists don't match
20-Aug-2026 09:00:16 | ERROR   |   - 2026-08-20 09:00:16 +0000: Memory Usage (144996K) : ERROR : Netlists don't match
20-Aug-2026 09:00:16 | INFO    | ==============================================================================
