# Logfile created on 2026-08-20 17:11:42 +0000 by logger.rb/v1.5.3
2026-08-20 17:11:42 +0000: Memory Usage (128744K) : Starting running SG13G2 Klayout LVS runset on /workspace/layout/blocks/out/driver_stage/bisect_extra11/ties/driver_dut.gds
2026-08-20 17:11:42 +0000: Memory Usage (128744K) : Ruby Version for klayout: 3.2.3
2026-08-20 17:11:42 +0000: Memory Usage (130084K) : Loading database to memory is complete.
2026-08-20 17:11:42 +0000: Memory Usage (130084K) : SG13G2 Klayout LVS runset output at: /workspace/layout/blocks/out/driver_stage/bisect_extra11/ties/lvs/driver_dut.lvsdb
2026-08-20 17:11:42 +0000: Memory Usage (130084K) : Evaluate switches.
2026-08-20 17:11:42 +0000: Memory Usage (130084K) : Extracted netlist with net names: true
2026-08-20 17:11:42 +0000: Memory Usage (130084K) : Extracted netlist with comments in details: false
2026-08-20 17:11:42 +0000: Memory Usage (130084K) : Selected NET_ONLY option: false
2026-08-20 17:11:42 +0000: Memory Usage (130084K) : Selected LAYOUT_NETLIST option: (none)
2026-08-20 17:11:42 +0000: Memory Usage (130084K) : Selected IGNORE_TOP_PORTS_MISMATCH option: true
2026-08-20 17:11:42 +0000: Memory Usage (130084K) : Selected IMPLICIT_NETS option: sub,sub!
2026-08-20 17:11:42 +0000: Memory Usage (130084K) : Selected TOP_LVL_PINS option: false
2026-08-20 17:11:42 +0000: Memory Usage (130084K) : Selected COMBINE DEVICES option: false
2026-08-20 17:11:42 +0000: Memory Usage (130084K) : Selected PURGE option: false
2026-08-20 17:11:42 +0000: Memory Usage (130084K) : Selected PURGE_NETS option: false
2026-08-20 17:11:42 +0000: Memory Usage (130084K) : Selected SIMPLIFY option: true
2026-08-20 17:11:42 +0000: Memory Usage (130084K) : Selected SERIES_RES option: true
2026-08-20 17:11:42 +0000: Memory Usage (130084K) : Selected PARALLEL_RES option: true
2026-08-20 17:11:42 +0000: Memory Usage (130084K) : Selected DISABLE_TAP_EXTRACTION option: true
2026-08-20 17:11:42 +0000: Memory Usage (130084K) : deep  mode is enabled.
2026-08-20 17:11:42 +0000: Memory Usage (130084K) : Applying implicit connections (case-sensitive, pattern supported) for nets: sub, sub!
2026-08-20 17:11:42 +0000: Memory Usage (131340K) : Netlist file: /workspace/layout/blocks/out/driver_stage/bisect_extra11/ties/x.cdl
2026-08-20 17:11:42 +0000: Memory Usage (131340K) : LVS extracted netlist at: /workspace/layout/blocks/out/driver_stage/bisect_extra11/ties/lvs/driver_dut_extracted.cir
2026-08-20 17:11:42 +0000: Memory Usage (131340K) : Applying SRAM integration support.
2026-08-20 17:11:42 +0000: Memory Usage (131340K) : Starting SG13G2 LVS runset
2026-08-20 17:11:42 +0000: Memory Usage (131340K) : Read in polygons from layers.
2026-08-20 17:11:42 +0000: Memory Usage (132392K) : activ_drw has 899 polygons
2026-08-20 17:11:42 +0000: Memory Usage (132392K) : activ_filler has 0 polygons
2026-08-20 17:11:42 +0000: Memory Usage (132520K) : activ has 899 polygons
2026-08-20 17:11:42 +0000: Memory Usage (132608K) : activ_pin has 0 polygons
2026-08-20 17:11:42 +0000: Memory Usage (133120K) : activ_mask has 4 polygons
2026-08-20 17:11:42 +0000: Memory Usage (133120K) : activ_nofill has 2 polygons
2026-08-20 17:11:42 +0000: Memory Usage (133120K) : activ_OPC has 0 polygons
2026-08-20 17:11:42 +0000: Memory Usage (133120K) : activ_iOPC has 0 polygons
2026-08-20 17:11:42 +0000: Memory Usage (133120K) : activ_noqrc has 0 polygons
2026-08-20 17:11:42 +0000: Memory Usage (133120K) : biwind_drw has 0 polygons
2026-08-20 17:11:42 +0000: Memory Usage (133120K) : biwind_OPC has 0 polygons
2026-08-20 17:11:42 +0000: Memory Usage (133120K) : gatpoly_drw has 140 polygons
2026-08-20 17:11:42 +0000: Memory Usage (133120K) : gatpoly_filler has 0 polygons
2026-08-20 17:11:42 +0000: Memory Usage (133120K) : gatpoly has 140 polygons
2026-08-20 17:11:42 +0000: Memory Usage (133120K) : gatpoly_pin has 119 polygons
2026-08-20 17:11:42 +0000: Memory Usage (133120K) : gatpoly_nofill has 2 polygons
2026-08-20 17:11:42 +0000: Memory Usage (133120K) : gatpoly_OPC has 0 polygons
2026-08-20 17:11:42 +0000: Memory Usage (133120K) : gatpoly_iOPC has 0 polygons
2026-08-20 17:11:42 +0000: Memory Usage (133120K) : gatpoly_noqrc has 0 polygons
2026-08-20 17:11:42 +0000: Memory Usage (133120K) : cont_drw has 14577 polygons
2026-08-20 17:11:42 +0000: Memory Usage (133120K) : cont_OPC has 0 polygons
2026-08-20 17:11:42 +0000: Memory Usage (133120K) : nsd_drw has 0 polygons
2026-08-20 17:11:42 +0000: Memory Usage (133248K) : nsd_block has 4 polygons
2026-08-20 17:11:42 +0000: Memory Usage (133248K) : metal1_drw has 1558 polygons
2026-08-20 17:11:42 +0000: Memory Usage (133248K) : metal1_filler has 0 polygons
2026-08-20 17:11:42 +0000: Memory Usage (133376K) : metal1_slit has 0 polygons
2026-08-20 17:11:42 +0000: Memory Usage (133504K) : metal1 has 1558 polygons
2026-08-20 17:11:42 +0000: Memory Usage (133632K) : metal1_pin has 750 polygons
2026-08-20 17:11:42 +0000: Memory Usage (133632K) : metal1_mask has 0 polygons
2026-08-20 17:11:42 +0000: Memory Usage (133760K) : metal1_nofill has 2 polygons
2026-08-20 17:11:42 +0000: Memory Usage (133888K) : metal1_text has 5 polygons
2026-08-20 17:11:42 +0000: Memory Usage (133888K) : metal1_OPC has 0 polygons
2026-08-20 17:11:42 +0000: Memory Usage (134016K) : metal1_noqrc has 0 polygons
2026-08-20 17:11:42 +0000: Memory Usage (134016K) : metal1_res has 0 polygons
2026-08-20 17:11:42 +0000: Memory Usage (134016K) : metal1_iprobe has 0 polygons
2026-08-20 17:11:42 +0000: Memory Usage (134144K) : metal1_diffprb has 0 polygons
2026-08-20 17:11:42 +0000: Memory Usage (134144K) : passiv_drw has 2 polygons
2026-08-20 17:11:42 +0000: Memory Usage (134144K) : passiv_pin has 0 polygons
2026-08-20 17:11:42 +0000: Memory Usage (134272K) : passiv_sbump has 0 polygons
2026-08-20 17:11:42 +0000: Memory Usage (134272K) : passiv_pillar has 0 polygons
2026-08-20 17:11:42 +0000: Memory Usage (134272K) : passiv_pdl has 0 polygons
2026-08-20 17:11:42 +0000: Memory Usage (134400K) : metal2_drw has 569 polygons
2026-08-20 17:11:42 +0000: Memory Usage (134400K) : metal2_filler has 0 polygons
2026-08-20 17:11:42 +0000: Memory Usage (134400K) : metal2_slit has 0 polygons
2026-08-20 17:11:42 +0000: Memory Usage (134400K) : metal2 has 569 polygons
2026-08-20 17:11:42 +0000: Memory Usage (134528K) : metal2_pin has 10 polygons
2026-08-20 17:11:42 +0000: Memory Usage (134528K) : metal2_mask has 0 polygons
2026-08-20 17:11:42 +0000: Memory Usage (134528K) : metal2_nofill has 2 polygons
2026-08-20 17:11:42 +0000: Memory Usage (134528K) : metal2_text has 3 polygons
2026-08-20 17:11:42 +0000: Memory Usage (134656K) : metal2_OPC has 0 polygons
2026-08-20 17:11:42 +0000: Memory Usage (134656K) : metal2_noqrc has 0 polygons
2026-08-20 17:11:42 +0000: Memory Usage (134656K) : metal2_res has 0 polygons
2026-08-20 17:11:42 +0000: Memory Usage (134656K) : metal2_iprobe has 0 polygons
2026-08-20 17:11:42 +0000: Memory Usage (134784K) : metal2_diffprb has 0 polygons
2026-08-20 17:11:42 +0000: Memory Usage (134784K) : baspoly_drw has 0 polygons
2026-08-20 17:11:42 +0000: Memory Usage (134784K) : baspoly_pin has 0 polygons
2026-08-20 17:11:42 +0000: Memory Usage (134912K) : psd_drw has 515 polygons
2026-08-20 17:11:42 +0000: Memory Usage (134912K) : nldb_drw has 0 polygons
2026-08-20 17:11:42 +0000: Memory Usage (134912K) : digibnd_drw has 0 polygons
2026-08-20 17:11:42 +0000: Memory Usage (134912K) : via1_drw has 7650 polygons
2026-08-20 17:11:42 +0000: Memory Usage (135040K) : backmetal1_drw has 0 polygons
2026-08-20 17:11:42 +0000: Memory Usage (135040K) : backmetal1_pin has 0 polygons
2026-08-20 17:11:42 +0000: Memory Usage (135040K) : backmetal1_mask has 0 polygons
2026-08-20 17:11:42 +0000: Memory Usage (135040K) : backmetal1_filler has 0 polygons
2026-08-20 17:11:42 +0000: Memory Usage (135168K) : backmetal1_nofill has 0 polygons
2026-08-20 17:11:42 +0000: Memory Usage (135168K) : backmetal1_slit has 0 polygons
2026-08-20 17:11:42 +0000: Memory Usage (135168K) : backmetal1_text has 0 polygons
2026-08-20 17:11:42 +0000: Memory Usage (135168K) : backmetal1_OPC has 0 polygons
2026-08-20 17:11:42 +0000: Memory Usage (135296K) : backmetal1_noqrc has 0 polygons
2026-08-20 17:11:42 +0000: Memory Usage (135296K) : backmetal1_res has 0 polygons
2026-08-20 17:11:42 +0000: Memory Usage (135296K) : backmetal1_iprobe has 0 polygons
2026-08-20 17:11:42 +0000: Memory Usage (135296K) : backmetal1_diffprb has 0 polygons
2026-08-20 17:11:42 +0000: Memory Usage (135424K) : backpassiv_drw has 0 polygons
2026-08-20 17:11:42 +0000: Memory Usage (135424K) : res_drw has 2 polygons
2026-08-20 17:11:42 +0000: Memory Usage (135424K) : sram_drw has 0 polygons
2026-08-20 17:11:42 +0000: Memory Usage (135552K) : trans_drw has 2 polygons
2026-08-20 17:11:42 +0000: Memory Usage (135552K) : ind_drw has 2 polygons
2026-08-20 17:11:42 +0000: Memory Usage (135552K) : ind_pin has 4 polygons
2026-08-20 17:11:42 +0000: Memory Usage (135552K) : ind_text has 4 polygons
2026-08-20 17:11:42 +0000: Memory Usage (135680K) : salblock_drw has 12 polygons
2026-08-20 17:11:42 +0000: Memory Usage (135680K) : via2_drw has 824 polygons
2026-08-20 17:11:42 +0000: Memory Usage (135680K) : metal3_drw has 68 polygons
2026-08-20 17:11:42 +0000: Memory Usage (135808K) : metal3_filler has 0 polygons
2026-08-20 17:11:42 +0000: Memory Usage (135808K) : metal3_slit has 0 polygons
2026-08-20 17:11:42 +0000: Memory Usage (135808K) : metal3 has 68 polygons
2026-08-20 17:11:42 +0000: Memory Usage (135808K) : metal3_pin has 2 polygons
2026-08-20 17:11:42 +0000: Memory Usage (135808K) : metal3_mask has 0 polygons
2026-08-20 17:11:42 +0000: Memory Usage (135808K) : metal3_nofill has 2 polygons
2026-08-20 17:11:42 +0000: Memory Usage (135808K) : metal3_text has 0 polygons
2026-08-20 17:11:42 +0000: Memory Usage (135808K) : metal3_OPC has 0 polygons
2026-08-20 17:11:42 +0000: Memory Usage (135808K) : metal3_noqrc has 0 polygons
2026-08-20 17:11:42 +0000: Memory Usage (135808K) : metal3_res has 0 polygons
2026-08-20 17:11:42 +0000: Memory Usage (135808K) : metal3_iprobe has 0 polygons
2026-08-20 17:11:42 +0000: Memory Usage (135808K) : metal3_diffprb has 0 polygons
2026-08-20 17:11:42 +0000: Memory Usage (135808K) : nwell_drw has 14 polygons
2026-08-20 17:11:42 +0000: Memory Usage (135808K) : nwell_pin has 0 polygons
2026-08-20 17:11:42 +0000: Memory Usage (135808K) : nwell_text has 0 polygons
2026-08-20 17:11:42 +0000: Memory Usage (135808K) : nbulay_drw has 1 polygons
2026-08-20 17:11:42 +0000: Memory Usage (135936K) : nbulay_pin has 0 polygons
2026-08-20 17:11:42 +0000: Memory Usage (135936K) : nbulay_block has 0 polygons
2026-08-20 17:11:42 +0000: Memory Usage (135936K) : emwind_drw has 4 polygons
2026-08-20 17:11:42 +0000: Memory Usage (135936K) : emwind_OPC has 0 polygons
2026-08-20 17:11:42 +0000: Memory Usage (135936K) : deepco_drw has 0 polygons
2026-08-20 17:11:42 +0000: Memory Usage (135936K) : mim_drw has 0 polygons
2026-08-20 17:11:42 +0000: Memory Usage (136064K) : edgeseal_drw has 0 polygons
2026-08-20 17:11:42 +0000: Memory Usage (136064K) : substrate_drw has 500 polygons
2026-08-20 17:11:42 +0000: Memory Usage (136064K) : substrate_text has 0 polygons
2026-08-20 17:11:42 +0000: Memory Usage (136064K) : dfpad_drw has 2 polygons
2026-08-20 17:11:42 +0000: Memory Usage (136064K) : dfpad_pillar has 0 polygons
2026-08-20 17:11:42 +0000: Memory Usage (136192K) : dfpad_sbump has 0 polygons
2026-08-20 17:11:42 +0000: Memory Usage (136192K) : thickgateox_drw has 1 polygons
2026-08-20 17:11:42 +0000: Memory Usage (136192K) : pldb_drw has 0 polygons
2026-08-20 17:11:42 +0000: Memory Usage (136192K) : pwell_drw has 0 polygons
2026-08-20 17:11:42 +0000: Memory Usage (136192K) : pwell_pin has 0 polygons
2026-08-20 17:11:42 +0000: Memory Usage (136192K) : pwell_block has 2 polygons
2026-08-20 17:11:42 +0000: Memory Usage (136320K) : ic_drw has 0 polygons
2026-08-20 17:11:42 +0000: Memory Usage (136320K) : via3_drw has 1025 polygons
2026-08-20 17:11:42 +0000: Memory Usage (136320K) : metal4_drw has 31 polygons
2026-08-20 17:11:42 +0000: Memory Usage (136320K) : metal4_filler has 0 polygons
2026-08-20 17:11:42 +0000: Memory Usage (136320K) : metal4_slit has 0 polygons
2026-08-20 17:11:42 +0000: Memory Usage (136320K) : metal4 has 31 polygons
2026-08-20 17:11:42 +0000: Memory Usage (136448K) : metal4_pin has 0 polygons
2026-08-20 17:11:42 +0000: Memory Usage (136448K) : metal4_mask has 0 polygons
2026-08-20 17:11:42 +0000: Memory Usage (136448K) : metal4_nofill has 2 polygons
2026-08-20 17:11:42 +0000: Memory Usage (136448K) : metal4_text has 3 polygons
2026-08-20 17:11:42 +0000: Memory Usage (136448K) : metal4_OPC has 0 polygons
2026-08-20 17:11:42 +0000: Memory Usage (136576K) : metal4_noqrc has 0 polygons
2026-08-20 17:11:42 +0000: Memory Usage (136576K) : metal4_res has 0 polygons
2026-08-20 17:11:42 +0000: Memory Usage (136576K) : metal4_iprobe has 0 polygons
2026-08-20 17:11:42 +0000: Memory Usage (136576K) : metal4_diffprb has 0 polygons
2026-08-20 17:11:42 +0000: Memory Usage (136576K) : heattrans_drw has 123 polygons
2026-08-20 17:11:42 +0000: Memory Usage (136704K) : heatres_drw has 2 polygons
2026-08-20 17:11:42 +0000: Memory Usage (136704K) : fbe_drw has 0 polygons
2026-08-20 17:11:42 +0000: Memory Usage (136704K) : empoly_drw has 0 polygons
2026-08-20 17:11:42 +0000: Memory Usage (136704K) : digisub_drw has 0 polygons
2026-08-20 17:11:42 +0000: Memory Usage (136704K) : text_drw has 655 polygons
2026-08-20 17:11:42 +0000: Memory Usage (136704K) : via4_drw has 1019 polygons
2026-08-20 17:11:42 +0000: Memory Usage (136832K) : metal5_drw has 43 polygons
2026-08-20 17:11:42 +0000: Memory Usage (136832K) : metal5_filler has 0 polygons
2026-08-20 17:11:42 +0000: Memory Usage (136832K) : metal5_slit has 0 polygons
2026-08-20 17:11:42 +0000: Memory Usage (136832K) : metal5 has 43 polygons
2026-08-20 17:11:42 +0000: Memory Usage (136832K) : metal5_pin has 0 polygons
2026-08-20 17:11:42 +0000: Memory Usage (136832K) : metal5_mask has 0 polygons
2026-08-20 17:11:42 +0000: Memory Usage (136960K) : metal5_nofill has 2 polygons
2026-08-20 17:11:42 +0000: Memory Usage (136960K) : metal5_text has 0 polygons
2026-08-20 17:11:42 +0000: Memory Usage (136960K) : metal5_OPC has 0 polygons
2026-08-20 17:11:42 +0000: Memory Usage (136960K) : metal5_noqrc has 0 polygons
2026-08-20 17:11:42 +0000: Memory Usage (136960K) : metal5_res has 0 polygons
2026-08-20 17:11:42 +0000: Memory Usage (136960K) : metal5_iprobe has 0 polygons
2026-08-20 17:11:42 +0000: Memory Usage (137088K) : metal5_diffprb has 0 polygons
2026-08-20 17:11:42 +0000: Memory Usage (137088K) : radhard_drw has 0 polygons
2026-08-20 17:11:42 +0000: Memory Usage (137088K) : memcap_drw has 0 polygons
2026-08-20 17:11:42 +0000: Memory Usage (137088K) : varicap_drw has 0 polygons
2026-08-20 17:11:42 +0000: Memory Usage (137088K) : intbondvia_drw has 0 polygons
2026-08-20 17:11:42 +0000: Memory Usage (137216K) : intbondmet_drw has 0 polygons
2026-08-20 17:11:42 +0000: Memory Usage (137216K) : devbondvia_drw has 0 polygons
2026-08-20 17:11:42 +0000: Memory Usage (137216K) : devbondmet_drw has 0 polygons
2026-08-20 17:11:42 +0000: Memory Usage (137216K) : devtrench_drw has 0 polygons
2026-08-20 17:11:42 +0000: Memory Usage (137344K) : redist_drw has 0 polygons
2026-08-20 17:11:42 +0000: Memory Usage (137344K) : graphbot_drw has 0 polygons
2026-08-20 17:11:42 +0000: Memory Usage (137344K) : graphtop_drw has 0 polygons
2026-08-20 17:11:42 +0000: Memory Usage (137344K) : antvia1_drw has 0 polygons
2026-08-20 17:11:42 +0000: Memory Usage (137344K) : antmetal2_drw has 0 polygons
2026-08-20 17:11:42 +0000: Memory Usage (137344K) : graphcont_drw has 0 polygons
2026-08-20 17:11:42 +0000: Memory Usage (137472K) : siwg_drw has 0 polygons
2026-08-20 17:11:42 +0000: Memory Usage (137472K) : siwg_filler has 0 polygons
2026-08-20 17:11:42 +0000: Memory Usage (137472K) : siwg_nofill has 0 polygons
2026-08-20 17:11:42 +0000: Memory Usage (137472K) : sigrating_drw has 0 polygons
2026-08-20 17:11:42 +0000: Memory Usage (137472K) : singrating_drw has 0 polygons
2026-08-20 17:11:42 +0000: Memory Usage (137472K) : graphpas_drw has 0 polygons
2026-08-20 17:11:42 +0000: Memory Usage (137600K) : emwind3_drw has 0 polygons
2026-08-20 17:11:42 +0000: Memory Usage (137600K) : emwihv3_drw has 0 polygons
2026-08-20 17:11:42 +0000: Memory Usage (137600K) : redbulay_drw has 0 polygons
2026-08-20 17:11:42 +0000: Memory Usage (137600K) : smos_drw has 0 polygons
2026-08-20 17:11:42 +0000: Memory Usage (137600K) : graphpad_drw has 0 polygons
2026-08-20 17:11:42 +0000: Memory Usage (137728K) : polimide_drw has 0 polygons
2026-08-20 17:11:42 +0000: Memory Usage (137728K) : polimide_pin has 0 polygons
2026-08-20 17:11:42 +0000: Memory Usage (137728K) : recog_drw has 1 polygons
2026-08-20 17:11:42 +0000: Memory Usage (137728K) : recog_pin has 0 polygons
2026-08-20 17:11:42 +0000: Memory Usage (137856K) : recog_esd has 5 polygons
2026-08-20 17:11:42 +0000: Memory Usage (137856K) : recog_diode has 0 polygons
2026-08-20 17:11:42 +0000: Memory Usage (137856K) : recog_tsv has 0 polygons
2026-08-20 17:11:42 +0000: Memory Usage (137856K) : recog_iprobe has 0 polygons
2026-08-20 17:11:42 +0000: Memory Usage (137856K) : recog_diffprb has 0 polygons
2026-08-20 17:11:42 +0000: Memory Usage (137984K) : recog_pillar has 0 polygons
2026-08-20 17:11:42 +0000: Memory Usage (137984K) : recog_sbump has 0 polygons
2026-08-20 17:11:42 +0000: Memory Usage (137984K) : recog_otp has 0 polygons
2026-08-20 17:11:42 +0000: Memory Usage (137984K) : recog_pdiode has 0 polygons
2026-08-20 17:11:42 +0000: Memory Usage (138112K) : recog_mom has 0 polygons
2026-08-20 17:11:42 +0000: Memory Usage (138112K) : recog_momf has 0 polygons
2026-08-20 17:11:42 +0000: Memory Usage (138112K) : recog_pcm has 0 polygons
2026-08-20 17:11:42 +0000: Memory Usage (138240K) : colopen_drw has 0 polygons
2026-08-20 17:11:42 +0000: Memory Usage (138240K) : graphmetal1_drw has 0 polygons
2026-08-20 17:11:42 +0000: Memory Usage (138240K) : graphmetal1_filler has 0 polygons
2026-08-20 17:11:42 +0000: Memory Usage (138240K) : graphmetal1_nofill has 0 polygons
2026-08-20 17:11:42 +0000: Memory Usage (138368K) : graphmetal1_slit has 0 polygons
2026-08-20 17:11:42 +0000: Memory Usage (138368K) : graphmetal1_OPC has 0 polygons
2026-08-20 17:11:42 +0000: Memory Usage (138368K) : graphmet1l_drw has 0 polygons
2026-08-20 17:11:42 +0000: Memory Usage (138368K) : graphmet1l_filler has 0 polygons
2026-08-20 17:11:42 +0000: Memory Usage (138496K) : graphmet1l_nofill has 0 polygons
2026-08-20 17:11:42 +0000: Memory Usage (138496K) : graphmet1l_slit has 0 polygons
2026-08-20 17:11:42 +0000: Memory Usage (138496K) : graphmet1l_OPC has 0 polygons
2026-08-20 17:11:42 +0000: Memory Usage (138496K) : extblock_drw has 6 polygons
2026-08-20 17:11:42 +0000: Memory Usage (138496K) : nldd_drw has 0 polygons
2026-08-20 17:11:42 +0000: Memory Usage (138624K) : pldd_drw has 0 polygons
2026-08-20 17:11:42 +0000: Memory Usage (138624K) : next_drw has 0 polygons
2026-08-20 17:11:42 +0000: Memory Usage (138624K) : pext_drw has 0 polygons
2026-08-20 17:11:42 +0000: Memory Usage (138624K) : nexthv_drw has 0 polygons
2026-08-20 17:11:42 +0000: Memory Usage (138624K) : pexthv_drw has 0 polygons
2026-08-20 17:11:42 +0000: Memory Usage (138752K) : graphgate_drw has 0 polygons
2026-08-20 17:11:42 +0000: Memory Usage (138752K) : sinwg_drw has 0 polygons
2026-08-20 17:11:42 +0000: Memory Usage (138752K) : sinwg_filler has 0 polygons
2026-08-20 17:11:42 +0000: Memory Usage (138752K) : sinwg_nofill has 0 polygons
2026-08-20 17:11:42 +0000: Memory Usage (138752K) : mempad_drw has 0 polygons
2026-08-20 17:11:42 +0000: Memory Usage (138752K) : topvia1_drw has 485 polygons
2026-08-20 17:11:42 +0000: Memory Usage (138880K) : topmetal1_drw has 72 polygons
2026-08-20 17:11:42 +0000: Memory Usage (138880K) : topmetal1_filler has 0 polygons
2026-08-20 17:11:42 +0000: Memory Usage (138880K) : topmetal1_slit has 0 polygons
2026-08-20 17:11:42 +0000: Memory Usage (138880K) : topmetal1 has 72 polygons
2026-08-20 17:11:42 +0000: Memory Usage (138880K) : topmetal1_pin has 0 polygons
2026-08-20 17:11:42 +0000: Memory Usage (139008K) : topmetal1_mask has 0 polygons
2026-08-20 17:11:42 +0000: Memory Usage (139008K) : topmetal1_nofill has 2 polygons
2026-08-20 17:11:42 +0000: Memory Usage (139008K) : topmetal1_text has 0 polygons
2026-08-20 17:11:42 +0000: Memory Usage (139008K) : topmetal1_noqrc has 0 polygons
2026-08-20 17:11:42 +0000: Memory Usage (139008K) : topmetal1_res has 0 polygons
2026-08-20 17:11:42 +0000: Memory Usage (139136K) : topmetal1_iprobe has 0 polygons
2026-08-20 17:11:42 +0000: Memory Usage (139136K) : topmetal1_diffprb has 0 polygons
2026-08-20 17:11:42 +0000: Memory Usage (139136K) : inldpwl_drw has 0 polygons
2026-08-20 17:11:42 +0000: Memory Usage (139136K) : polyres_drw has 2 polygons
2026-08-20 17:11:42 +0000: Memory Usage (139264K) : polyres_pin has 0 polygons
2026-08-20 17:11:42 +0000: Memory Usage (139264K) : vmim_drw has 0 polygons
2026-08-20 17:11:42 +0000: Memory Usage (139264K) : nbulaycut_drw has 0 polygons
2026-08-20 17:11:42 +0000: Memory Usage (139264K) : antmetal1_drw has 0 polygons
2026-08-20 17:11:42 +0000: Memory Usage (139392K) : topvia2_drw has 231 polygons
2026-08-20 17:11:42 +0000: Memory Usage (139392K) : topmetal2_drw has 63 polygons
2026-08-20 17:11:42 +0000: Memory Usage (139520K) : topmetal2_filler has 0 polygons
2026-08-20 17:11:42 +0000: Memory Usage (139520K) : topmetal2_slit has 0 polygons
2026-08-20 17:11:42 +0000: Memory Usage (139520K) : topmetal2 has 63 polygons
2026-08-20 17:11:42 +0000: Memory Usage (139648K) : topmetal2_pin has 4 polygons
2026-08-20 17:11:42 +0000: Memory Usage (139648K) : topmetal2_mask has 0 polygons
2026-08-20 17:11:42 +0000: Memory Usage (139648K) : topmetal2_nofill has 2 polygons
2026-08-20 17:11:42 +0000: Memory Usage (139648K) : topmetal2_text has 8 polygons
2026-08-20 17:11:42 +0000: Memory Usage (139648K) : topmetal2_noqrc has 0 polygons
2026-08-20 17:11:42 +0000: Memory Usage (139776K) : topmetal2_res has 0 polygons
2026-08-20 17:11:42 +0000: Memory Usage (139776K) : topmetal2_iprobe has 0 polygons
2026-08-20 17:11:42 +0000: Memory Usage (139776K) : topmetal2_diffprb has 0 polygons
2026-08-20 17:11:42 +0000: Memory Usage (139776K) : snsring_drw has 0 polygons
2026-08-20 17:11:42 +0000: Memory Usage (139904K) : sensor_drw has 0 polygons
2026-08-20 17:11:42 +0000: Memory Usage (139904K) : snsarms_drw has 0 polygons
2026-08-20 17:11:42 +0000: Memory Usage (139904K) : snscmosvia_drw has 0 polygons
2026-08-20 17:11:42 +0000: Memory Usage (140032K) : colwind_drw has 0 polygons
2026-08-20 17:11:42 +0000: Memory Usage (140160K) : flm_drw has 0 polygons
2026-08-20 17:11:42 +0000: Memory Usage (140160K) : hafniumox_drw has 0 polygons
2026-08-20 17:11:42 +0000: Memory Usage (140160K) : memvia_drw has 0 polygons
2026-08-20 17:11:42 +0000: Memory Usage (140160K) : thinfilmres_drw has 0 polygons
2026-08-20 17:11:42 +0000: Memory Usage (140160K) : rfmem_drw has 0 polygons
2026-08-20 17:11:42 +0000: Memory Usage (140160K) : norcx_drw has 2 polygons
2026-08-20 17:11:42 +0000: Memory Usage (140160K) : norcx_m2m3 has 0 polygons
2026-08-20 17:11:42 +0000: Memory Usage (140160K) : norcx_m2m4 has 0 polygons
2026-08-20 17:11:42 +0000: Memory Usage (140160K) : norcx_m2m5 has 0 polygons
2026-08-20 17:11:42 +0000: Memory Usage (140160K) : norcx_m2tm1 has 0 polygons
2026-08-20 17:11:42 +0000: Memory Usage (140160K) : norcx_m2tm2 has 0 polygons
2026-08-20 17:11:42 +0000: Memory Usage (140160K) : norcx_m3m4 has 0 polygons
2026-08-20 17:11:42 +0000: Memory Usage (140160K) : norcx_m3m5 has 0 polygons
2026-08-20 17:11:42 +0000: Memory Usage (140160K) : norcx_m3tm1 has 0 polygons
2026-08-20 17:11:42 +0000: Memory Usage (140160K) : norcx_m3tm2 has 0 polygons
2026-08-20 17:11:42 +0000: Memory Usage (140160K) : norcx_m4m5 has 0 polygons
2026-08-20 17:11:42 +0000: Memory Usage (140160K) : norcx_m4tm1 has 0 polygons
2026-08-20 17:11:42 +0000: Memory Usage (140160K) : norcx_m4tm2 has 0 polygons
2026-08-20 17:11:42 +0000: Memory Usage (140160K) : norcx_m5tm1 has 0 polygons
2026-08-20 17:11:42 +0000: Memory Usage (140160K) : norcx_m5tm2 has 0 polygons
2026-08-20 17:11:42 +0000: Memory Usage (140160K) : norcx_tm1tm2 has 0 polygons
2026-08-20 17:11:42 +0000: Memory Usage (140160K) : norcx_m1sub has 0 polygons
2026-08-20 17:11:42 +0000: Memory Usage (140160K) : norcx_m2sub has 0 polygons
2026-08-20 17:11:42 +0000: Memory Usage (140160K) : norcx_m3sub has 0 polygons
2026-08-20 17:11:42 +0000: Memory Usage (140160K) : norcx_m4sub has 0 polygons
2026-08-20 17:11:42 +0000: Memory Usage (140160K) : norcx_m5sub has 0 polygons
2026-08-20 17:11:42 +0000: Memory Usage (140160K) : norcx_tm1sub has 0 polygons
2026-08-20 17:11:42 +0000: Memory Usage (140160K) : norcx_tm2sub has 0 polygons
2026-08-20 17:11:42 +0000: Memory Usage (140160K) : snsbotvia_drw has 0 polygons
2026-08-20 17:11:42 +0000: Memory Usage (140160K) : snstopvia_drw has 0 polygons
2026-08-20 17:11:42 +0000: Memory Usage (140160K) : deepvia_drw has 0 polygons
2026-08-20 17:11:42 +0000: Memory Usage (140160K) : fgetch_drw has 0 polygons
2026-08-20 17:11:42 +0000: Memory Usage (140160K) : ctrgat_drw has 0 polygons
2026-08-20 17:11:42 +0000: Memory Usage (140160K) : fgimp_drw has 0 polygons
2026-08-20 17:11:42 +0000: Memory Usage (140160K) : emwihv_drw has 0 polygons
2026-08-20 17:11:42 +0000: Memory Usage (140160K) : lbe_drw has 2 polygons
2026-08-20 17:11:42 +0000: Memory Usage (140160K) : alcustop_drw has 0 polygons
2026-08-20 17:11:42 +0000: Memory Usage (140160K) : nometfiller_drw has 0 polygons
2026-08-20 17:11:42 +0000: Memory Usage (140160K) : prboundary_drw has 0 polygons
2026-08-20 17:11:42 +0000: Memory Usage (140160K) : exchange0_drw has 0 polygons
2026-08-20 17:11:42 +0000: Memory Usage (140160K) : exchange0_pin has 0 polygons
2026-08-20 17:11:42 +0000: Memory Usage (140160K) : exchange0_text has 0 polygons
2026-08-20 17:11:42 +0000: Memory Usage (140160K) : exchange1_drw has 0 polygons
2026-08-20 17:11:42 +0000: Memory Usage (140160K) : exchange1_pin has 0 polygons
2026-08-20 17:11:42 +0000: Memory Usage (140160K) : exchange1_text has 0 polygons
2026-08-20 17:11:42 +0000: Memory Usage (140160K) : exchange2_drw has 0 polygons
2026-08-20 17:11:42 +0000: Memory Usage (140160K) : exchange2_pin has 0 polygons
2026-08-20 17:11:42 +0000: Memory Usage (140160K) : exchange2_text has 0 polygons
2026-08-20 17:11:42 +0000: Memory Usage (140160K) : exchange3_drw has 0 polygons
2026-08-20 17:11:42 +0000: Memory Usage (140160K) : exchange3_pin has 0 polygons
2026-08-20 17:11:42 +0000: Memory Usage (140160K) : exchange3_text has 0 polygons
2026-08-20 17:11:42 +0000: Memory Usage (140160K) : exchange4_drw has 0 polygons
2026-08-20 17:11:42 +0000: Memory Usage (140160K) : exchange4_pin has 0 polygons
2026-08-20 17:11:42 +0000: Memory Usage (140160K) : exchange4_text has 0 polygons
2026-08-20 17:11:42 +0000: Memory Usage (140160K) : isonwell_drw has 0 polygons
2026-08-20 17:11:42 +0000: Memory Usage (140160K) : Total no. of polygons in the design is 32049
2026-08-20 17:11:42 +0000: Memory Usage (140160K) : Starting base layers derivations
2026-08-20 17:11:42 +0000: Memory Usage (140160K) : Starting general LVS derivations
2026-08-20 17:11:42 +0000: Memory Usage (144900K) : Starting MOSFET DERIVATIONS
2026-08-20 17:11:43 +0000: Memory Usage (145668K) : Starting NMOS DERIVATIONS
2026-08-20 17:11:43 +0000: Memory Usage (145668K) : Starting PMOS DERIVATIONS
2026-08-20 17:11:43 +0000: Memory Usage (145668K) : Starting RF-MOSFET DERIVATIONS
2026-08-20 17:11:43 +0000: Memory Usage (145668K) : Starting RF-NMOS DERIVATIONS
2026-08-20 17:11:43 +0000: Memory Usage (145668K) : Starting RF-PMOS DERIVATIONS
2026-08-20 17:11:43 +0000: Memory Usage (145668K) : Starting BJT DERIVATIONS
2026-08-20 17:11:43 +0000: Memory Usage (145668K) : Starting NPN-BJT DERIVATIONS
2026-08-20 17:11:43 +0000: Memory Usage (145668K) : Starting PNP-BJT DERIVATIONS
2026-08-20 17:11:43 +0000: Memory Usage (145668K) : Starting DIODE DERIVATIONS
2026-08-20 17:11:43 +0000: Memory Usage (145668K) : Starting RESISTOR DERIVATIONS
2026-08-20 17:11:43 +0000: Memory Usage (145924K) : Starting CAP DERIVATIONS
2026-08-20 17:11:44 +0000: Memory Usage (145924K) : Starting CAP_CMOM DERIVATIONS
2026-08-20 17:11:44 +0000: Memory Usage (145924K) : Starting CAP_CMOMF DERIVATIONS
2026-08-20 17:11:44 +0000: Memory Usage (145924K) : Starting ESD DERIVATIONS
2026-08-20 17:11:44 +0000: Memory Usage (145924K) : Starting Inductor DERIVATIONS
2026-08-20 17:11:45 +0000: Memory Usage (145924K) : Starting Taps DERIVATIONS
2026-08-20 17:11:45 +0000: Memory Usage (145924K) : Starting SG13G2 LVS connectivity setup
2026-08-20 17:11:45 +0000: Memory Usage (145924K) : Starting SG13G2 LVS connectivity setup (Inter-layer)
2026-08-20 17:11:45 +0000: Memory Usage (146052K) : Starting SG13G2 LVS connectivity setup (Global)
2026-08-20 17:11:45 +0000: Memory Usage (146052K) : Starting LVS MOSFET CONNECTIONS
2026-08-20 17:11:45 +0000: Memory Usage (146052K) : Starting LVS RF-MOSFET CONNECTIONS
2026-08-20 17:11:45 +0000: Memory Usage (146052K) : Starting LVS BJT CONNECTIONS
2026-08-20 17:11:45 +0000: Memory Usage (146052K) : Starting LVS DIODE CONNECTIONS
2026-08-20 17:11:45 +0000: Memory Usage (146052K) : Starting RESISTOR CONNECTIONS
2026-08-20 17:11:45 +0000: Memory Usage (146052K) : Starting LVS CAP CONNECTIONS
2026-08-20 17:11:45 +0000: Memory Usage (146052K) : Starting CAP_CMOM CONNECTIONS
2026-08-20 17:11:45 +0000: Memory Usage (146052K) : Starting CAP_CMOMF CONNECTIONS
2026-08-20 17:11:45 +0000: Memory Usage (146052K) : Starting ESD CONNECTIONS
2026-08-20 17:11:45 +0000: Memory Usage (146052K) : Starting Inductor CONNECTIONS
2026-08-20 17:11:45 +0000: Memory Usage (146052K) : Starting LVS Taps CONNECTIONS
2026-08-20 17:11:45 +0000: Memory Usage (146052K) : Starting SG13G2 LVS DEVICES EXTRACTION
2026-08-20 17:11:45 +0000: Memory Usage (146052K) : Starting MOSFET EXTRACTION
2026-08-20 17:11:45 +0000: Memory Usage (146052K) : Starting NMOS EXTRACTION
2026-08-20 17:11:45 +0000: Memory Usage (146052K) : Extraction of NMOS-LV transistor
2026-08-20 17:11:45 +0000: Memory Usage (146052K) : Extraction of NMOS-HV transistor
2026-08-20 17:11:45 +0000: Memory Usage (146052K) : Starting PMOS EXTRACTION
2026-08-20 17:11:45 +0000: Memory Usage (146052K) : Extraction of PMOS-LV transistor
2026-08-20 17:11:45 +0000: Memory Usage (146052K) : Extraction of PMOS-HV transistor
2026-08-20 17:11:45 +0000: Memory Usage (146052K) : Starting RF-MOSFET EXTRACTION
2026-08-20 17:11:45 +0000: Memory Usage (146052K) : Extraction of RF-NMOS-LV transistor
2026-08-20 17:11:45 +0000: Memory Usage (146052K) : Extraction of RF-NMOS-HV transistor
2026-08-20 17:11:45 +0000: Memory Usage (146052K) : Extraction of RF-PMOS-LV transistor
2026-08-20 17:11:45 +0000: Memory Usage (146052K) : Extraction of RF-PMOS-HV transistor
2026-08-20 17:11:45 +0000: Memory Usage (146052K) : Starting BJT EXTRACTION
2026-08-20 17:11:45 +0000: Memory Usage (146052K) : Starting NPN-BJT EXTRACTION
2026-08-20 17:11:45 +0000: Memory Usage (146052K) : Extraction of npn13G2 BJT transistor
2026-08-20 17:11:45 +0000: Memory Usage (146052K) : Extraction of npn13G2L BJT transistor
2026-08-20 17:11:45 +0000: Memory Usage (146052K) : Extraction of npn13G2V BJT transistor
2026-08-20 17:11:45 +0000: Memory Usage (146052K) : Starting PNP-BJT EXTRACTION
2026-08-20 17:11:45 +0000: Memory Usage (146052K) : Extracting pnpMPA BJT
2026-08-20 17:11:45 +0000: Memory Usage (146052K) : Starting DIODE EXTRACTION
2026-08-20 17:11:45 +0000: Memory Usage (146052K) : Extracting dantenna diode
2026-08-20 17:11:45 +0000: Memory Usage (146052K) : Extracting dpantenna diode
2026-08-20 17:11:45 +0000: Memory Usage (146052K) : Extracting schottky_nbl1 diode
2026-08-20 17:11:45 +0000: Memory Usage (146052K) : Extracting isolbox diode
2026-08-20 17:11:45 +0000: Memory Usage (146052K) : Starting RESISTOR EXTRACTION
2026-08-20 17:11:45 +0000: Memory Usage (146052K) : Extracting rsil resistor
2026-08-20 17:11:45 +0000: Memory Usage (146052K) : Extracting rppd resistor
2026-08-20 17:11:45 +0000: Memory Usage (146052K) : Extracting rhigh resistor
2026-08-20 17:11:45 +0000: Memory Usage (146052K) : Extracting res_metal1 resistor
2026-08-20 17:11:45 +0000: Memory Usage (146180K) : Extracting res_metal2 resistor
2026-08-20 17:11:45 +0000: Memory Usage (146180K) : Extracting res_metal3 resistor
2026-08-20 17:11:45 +0000: Memory Usage (146180K) : Extracting res_metal4 resistor
2026-08-20 17:11:45 +0000: Memory Usage (146180K) : Extracting res_metal5 resistor
2026-08-20 17:11:45 +0000: Memory Usage (146180K) : Extracting res_topmetal1 resistor
2026-08-20 17:11:45 +0000: Memory Usage (146180K) : Extracting res_topmetal2 resistor
2026-08-20 17:11:45 +0000: Memory Usage (146180K) : Starting CAP EXTRACTION
2026-08-20 17:11:45 +0000: Memory Usage (146180K) : Extracting cap_cmim device
2026-08-20 17:11:45 +0000: Memory Usage (146180K) : Extracting rfcmim device
2026-08-20 17:11:45 +0000: Memory Usage (146180K) : Extracting sg13_hv_svaricap varactor
2026-08-20 17:11:45 +0000: Memory Usage (146180K) : Extracting cap_cmomi device
2026-08-20 17:11:45 +0000: Memory Usage (146180K) : Extracting cap_cmomf device
2026-08-20 17:11:45 +0000: Memory Usage (146180K) : Extracting sg13_moscap_n capacitor
2026-08-20 17:11:45 +0000: Memory Usage (146180K) : Extracting sg13_moscap_p capacitor
2026-08-20 17:11:45 +0000: Memory Usage (146180K) : Starting ESD EXTRACTION
2026-08-20 17:11:45 +0000: Memory Usage (146180K) : Extracting diodevdd_2kv ESD device
2026-08-20 17:11:45 +0000: Memory Usage (146180K) : Extracting diodevdd_4kv ESD device
2026-08-20 17:11:45 +0000: Memory Usage (146180K) : Extracting diodevss_2kv ESD device
2026-08-20 17:11:45 +0000: Memory Usage (146180K) : Extracting diodevss_4kv ESD device
2026-08-20 17:11:45 +0000: Memory Usage (146180K) : Extracting idiodevdd_2kv ESD device
2026-08-20 17:11:45 +0000: Memory Usage (146180K) : Extracting idiodevdd_4kv ESD device
2026-08-20 17:11:45 +0000: Memory Usage (146180K) : Extracting idiodevss_2kv ESD device
2026-08-20 17:11:45 +0000: Memory Usage (146180K) : Extracting idiodevss_4kv ESD device
2026-08-20 17:11:45 +0000: Memory Usage (146180K) : Extracting nmoscl_2 ESD device
2026-08-20 17:11:45 +0000: Memory Usage (146180K) : Extracting nmoscl_4 ESD device
2026-08-20 17:11:45 +0000: Memory Usage (146180K) : Starting Inductor EXTRACTION
2026-08-20 17:11:45 +0000: Memory Usage (146180K) : Extracting Inductor2 device
2026-08-20 17:11:45 +0000: Memory Usage (146436K) : Extracting Inductor3 device
2026-08-20 17:11:45 +0000: Memory Usage (146436K) : Starting Taps EXTRACTION
2026-08-20 17:11:45 +0000: Memory Usage (146436K) : DISABLE_TAP_EXTRACTION is enabled: skipping ntap1/ptap1 device extraction.
2026-08-20 17:11:45 +0000: Memory Usage (146436K) : Starting SG13G2 LVS RF MOS Model Mapping
2026-08-20 17:11:45 +0000: Memory Usage (146436K) : [layout_netlist] Apply RF MOS model mapping and rfmode parameter.
2026-08-20 17:11:45 +0000: Memory Usage (146436K) : Starting SG13G2 LVS Options Preparations
2026-08-20 17:11:45 +0000: Memory Usage (146436K) : SG13G2 LVS flow: extraction -> alignment -> option preparation -> comparison.
2026-08-20 17:11:45 +0000: Memory Usage (146436K) : Starting SG13G2 LVS Alignment
2026-08-20 17:11:45 +0000: Memory Usage (146564K) : Starting SG13G2 LVS Simplification
2026-08-20 17:11:45 +0000: Memory Usage (146564K) : [layout_netlist] simplify: ENABLED
2026-08-20 17:11:45 +0000: Memory Usage (146564K) : [layout_netlist] make_top_level_pins: SKIPPED
2026-08-20 17:11:45 +0000: Memory Usage (146564K) : [layout_netlist] combine_devices: SKIPPED
2026-08-20 17:11:45 +0000: Memory Usage (146564K) : [layout_netlist] purge: SKIPPED
2026-08-20 17:11:45 +0000: Memory Usage (146564K) : [layout_netlist] purge_nets: SKIPPED
2026-08-20 17:11:45 +0000: Memory Usage (146564K) : [schematic_netlist] simplify: ENABLED
2026-08-20 17:11:45 +0000: Memory Usage (146564K) : [schematic_netlist] make_top_level_pins: SKIPPED
2026-08-20 17:11:45 +0000: Memory Usage (146564K) : [schematic_netlist] combine_devices: SKIPPED
2026-08-20 17:11:45 +0000: Memory Usage (146564K) : [schematic_netlist] purge: SKIPPED
2026-08-20 17:11:45 +0000: Memory Usage (146564K) : [schematic_netlist] purge_nets: SKIPPED
2026-08-20 17:11:45 +0000: Memory Usage (146564K) : Starting SG13G2 LVS Comparison
2026-08-20 17:11:45 +0000: Memory Usage (146692K) : xxxxxxxxxxxxxxxxxxxxxxxxxxxxxxxxxxxxxxxxxx
2026-08-20 17:11:45 +0000: Memory Usage (146692K) : ERROR : Netlists don't match
2026-08-20 17:11:45 +0000: Memory Usage (146692K) : xxxxxxxxxxxxxxxxxxxxxxxxxxxxxxxxxxxxxxxxxx
2026-08-20 17:11:45 +0000: Memory Usage (146692K) : LVS Total Run time 2.896867 seconds
