# Logfile created on 2026-08-20 11:08:32 +0000 by logger.rb/v1.5.3
2026-08-20 11:08:32 +0000: Memory Usage (129168K) : Starting running SG13G2 Klayout LVS runset on /workspace/layout/blocks/out/term_stage/_cmim_probe/probe_viaup.gds
2026-08-20 11:08:32 +0000: Memory Usage (129168K) : Ruby Version for klayout: 3.2.3
2026-08-20 11:08:32 +0000: Memory Usage (130440K) : Loading database to memory is complete.
2026-08-20 11:08:32 +0000: Memory Usage (130440K) : SG13G2 Klayout LVS runset output at: /workspace/layout/blocks/out/term_stage/_cmim_probe/lvs_viaup/probe_viaup.lvsdb
2026-08-20 11:08:32 +0000: Memory Usage (130440K) : Evaluate switches.
2026-08-20 11:08:32 +0000: Memory Usage (130440K) : Extracted netlist with net names: true
2026-08-20 11:08:32 +0000: Memory Usage (130440K) : Extracted netlist with comments in details: false
2026-08-20 11:08:32 +0000: Memory Usage (130440K) : Selected NET_ONLY option: false
2026-08-20 11:08:32 +0000: Memory Usage (130440K) : Selected LAYOUT_NETLIST option: (none)
2026-08-20 11:08:32 +0000: Memory Usage (130440K) : Selected IGNORE_TOP_PORTS_MISMATCH option: true
2026-08-20 11:08:32 +0000: Memory Usage (130440K) : Selected IMPLICIT_NETS option: sub,sub!
2026-08-20 11:08:32 +0000: Memory Usage (130440K) : Selected TOP_LVL_PINS option: false
2026-08-20 11:08:32 +0000: Memory Usage (130440K) : Selected COMBINE DEVICES option: false
2026-08-20 11:08:32 +0000: Memory Usage (130440K) : Selected PURGE option: false
2026-08-20 11:08:32 +0000: Memory Usage (130440K) : Selected PURGE_NETS option: false
2026-08-20 11:08:32 +0000: Memory Usage (130440K) : Selected SIMPLIFY option: true
2026-08-20 11:08:32 +0000: Memory Usage (130440K) : Selected SERIES_RES option: true
2026-08-20 11:08:32 +0000: Memory Usage (130440K) : Selected PARALLEL_RES option: true
2026-08-20 11:08:32 +0000: Memory Usage (130440K) : Selected DISABLE_TAP_EXTRACTION option: false
2026-08-20 11:08:32 +0000: Memory Usage (130440K) : deep  mode is enabled.
2026-08-20 11:08:32 +0000: Memory Usage (130440K) : Applying implicit connections (case-sensitive, pattern supported) for nets: sub, sub!
2026-08-20 11:08:32 +0000: Memory Usage (131664K) : Netlist file: /workspace/layout/blocks/out/term_stage/_cmim_probe/probe_viaup.cdl
2026-08-20 11:08:32 +0000: Memory Usage (131664K) : LVS extracted netlist at: /workspace/layout/blocks/out/term_stage/_cmim_probe/lvs_viaup/probe_viaup_extracted.cir
2026-08-20 11:08:32 +0000: Memory Usage (131664K) : Applying SRAM integration support.
2026-08-20 11:08:32 +0000: Memory Usage (131664K) : Starting SG13G2 LVS runset
2026-08-20 11:08:32 +0000: Memory Usage (131664K) : Read in polygons from layers.
2026-08-20 11:08:32 +0000: Memory Usage (132048K) : activ_drw has 0 polygons
2026-08-20 11:08:32 +0000: Memory Usage (132176K) : activ_filler has 0 polygons
2026-08-20 11:08:32 +0000: Memory Usage (132176K) : activ has 0 polygons
2026-08-20 11:08:32 +0000: Memory Usage (132176K) : activ_pin has 0 polygons
2026-08-20 11:08:32 +0000: Memory Usage (132176K) : activ_mask has 0 polygons
2026-08-20 11:08:32 +0000: Memory Usage (132176K) : activ_nofill has 0 polygons
2026-08-20 11:08:32 +0000: Memory Usage (132176K) : activ_OPC has 0 polygons
2026-08-20 11:08:32 +0000: Memory Usage (132176K) : activ_iOPC has 0 polygons
2026-08-20 11:08:32 +0000: Memory Usage (132176K) : activ_noqrc has 0 polygons
2026-08-20 11:08:32 +0000: Memory Usage (132176K) : biwind_drw has 0 polygons
2026-08-20 11:08:32 +0000: Memory Usage (132176K) : biwind_OPC has 0 polygons
2026-08-20 11:08:32 +0000: Memory Usage (132560K) : gatpoly_drw has 4 polygons
2026-08-20 11:08:32 +0000: Memory Usage (132560K) : gatpoly_filler has 0 polygons
2026-08-20 11:08:32 +0000: Memory Usage (132688K) : gatpoly has 4 polygons
2026-08-20 11:08:32 +0000: Memory Usage (132688K) : gatpoly_pin has 0 polygons
2026-08-20 11:08:32 +0000: Memory Usage (132688K) : gatpoly_nofill has 0 polygons
2026-08-20 11:08:32 +0000: Memory Usage (132688K) : gatpoly_OPC has 0 polygons
2026-08-20 11:08:32 +0000: Memory Usage (132688K) : gatpoly_iOPC has 0 polygons
2026-08-20 11:08:32 +0000: Memory Usage (132688K) : gatpoly_noqrc has 0 polygons
2026-08-20 11:08:32 +0000: Memory Usage (132688K) : cont_drw has 2 polygons
2026-08-20 11:08:32 +0000: Memory Usage (132688K) : cont_OPC has 0 polygons
2026-08-20 11:08:32 +0000: Memory Usage (132780K) : nsd_drw has 0 polygons
2026-08-20 11:08:32 +0000: Memory Usage (133292K) : nsd_block has 0 polygons
2026-08-20 11:08:32 +0000: Memory Usage (133292K) : metal1_drw has 4 polygons
2026-08-20 11:08:32 +0000: Memory Usage (133292K) : metal1_filler has 0 polygons
2026-08-20 11:08:32 +0000: Memory Usage (133292K) : metal1_slit has 0 polygons
2026-08-20 11:08:32 +0000: Memory Usage (133420K) : metal1 has 4 polygons
2026-08-20 11:08:32 +0000: Memory Usage (133420K) : metal1_pin has 2 polygons
2026-08-20 11:08:32 +0000: Memory Usage (133420K) : metal1_mask has 0 polygons
2026-08-20 11:08:32 +0000: Memory Usage (133420K) : metal1_nofill has 0 polygons
2026-08-20 11:08:32 +0000: Memory Usage (133420K) : metal1_text has 0 polygons
2026-08-20 11:08:32 +0000: Memory Usage (133420K) : metal1_OPC has 0 polygons
2026-08-20 11:08:32 +0000: Memory Usage (133420K) : metal1_noqrc has 0 polygons
2026-08-20 11:08:32 +0000: Memory Usage (133420K) : metal1_res has 0 polygons
2026-08-20 11:08:32 +0000: Memory Usage (133420K) : metal1_iprobe has 0 polygons
2026-08-20 11:08:32 +0000: Memory Usage (133420K) : metal1_diffprb has 0 polygons
2026-08-20 11:08:32 +0000: Memory Usage (133420K) : passiv_drw has 0 polygons
2026-08-20 11:08:32 +0000: Memory Usage (133420K) : passiv_pin has 0 polygons
2026-08-20 11:08:32 +0000: Memory Usage (133420K) : passiv_sbump has 0 polygons
2026-08-20 11:08:32 +0000: Memory Usage (133420K) : passiv_pillar has 0 polygons
2026-08-20 11:08:32 +0000: Memory Usage (133420K) : passiv_pdl has 0 polygons
2026-08-20 11:08:32 +0000: Memory Usage (133420K) : metal2_drw has 1 polygons
2026-08-20 11:08:32 +0000: Memory Usage (133420K) : metal2_filler has 0 polygons
2026-08-20 11:08:32 +0000: Memory Usage (133420K) : metal2_slit has 0 polygons
2026-08-20 11:08:32 +0000: Memory Usage (133420K) : metal2 has 1 polygons
2026-08-20 11:08:32 +0000: Memory Usage (133548K) : metal2_pin has 0 polygons
2026-08-20 11:08:32 +0000: Memory Usage (133548K) : metal2_mask has 0 polygons
2026-08-20 11:08:32 +0000: Memory Usage (133548K) : metal2_nofill has 0 polygons
2026-08-20 11:08:32 +0000: Memory Usage (133676K) : metal2_text has 0 polygons
2026-08-20 11:08:32 +0000: Memory Usage (133676K) : metal2_OPC has 0 polygons
2026-08-20 11:08:32 +0000: Memory Usage (133676K) : metal2_noqrc has 0 polygons
2026-08-20 11:08:32 +0000: Memory Usage (133804K) : metal2_res has 0 polygons
2026-08-20 11:08:32 +0000: Memory Usage (133804K) : metal2_iprobe has 0 polygons
2026-08-20 11:08:32 +0000: Memory Usage (133804K) : metal2_diffprb has 0 polygons
2026-08-20 11:08:32 +0000: Memory Usage (133804K) : baspoly_drw has 0 polygons
2026-08-20 11:08:32 +0000: Memory Usage (133932K) : baspoly_pin has 0 polygons
2026-08-20 11:08:32 +0000: Memory Usage (133932K) : psd_drw has 3 polygons
2026-08-20 11:08:32 +0000: Memory Usage (133932K) : nldb_drw has 0 polygons
2026-08-20 11:08:32 +0000: Memory Usage (133932K) : digibnd_drw has 0 polygons
2026-08-20 11:08:32 +0000: Memory Usage (134060K) : via1_drw has 4 polygons
2026-08-20 11:08:32 +0000: Memory Usage (134060K) : backmetal1_drw has 0 polygons
2026-08-20 11:08:32 +0000: Memory Usage (134060K) : backmetal1_pin has 0 polygons
2026-08-20 11:08:32 +0000: Memory Usage (134060K) : backmetal1_mask has 0 polygons
2026-08-20 11:08:32 +0000: Memory Usage (134188K) : backmetal1_filler has 0 polygons
2026-08-20 11:08:32 +0000: Memory Usage (134188K) : backmetal1_nofill has 0 polygons
2026-08-20 11:08:32 +0000: Memory Usage (134188K) : backmetal1_slit has 0 polygons
2026-08-20 11:08:32 +0000: Memory Usage (134188K) : backmetal1_text has 0 polygons
2026-08-20 11:08:32 +0000: Memory Usage (134316K) : backmetal1_OPC has 0 polygons
2026-08-20 11:08:32 +0000: Memory Usage (134316K) : backmetal1_noqrc has 0 polygons
2026-08-20 11:08:32 +0000: Memory Usage (134316K) : backmetal1_res has 0 polygons
2026-08-20 11:08:32 +0000: Memory Usage (134316K) : backmetal1_iprobe has 0 polygons
2026-08-20 11:08:32 +0000: Memory Usage (134444K) : backmetal1_diffprb has 0 polygons
2026-08-20 11:08:32 +0000: Memory Usage (134444K) : backpassiv_drw has 0 polygons
2026-08-20 11:08:32 +0000: Memory Usage (134444K) : res_drw has 0 polygons
2026-08-20 11:08:32 +0000: Memory Usage (134444K) : sram_drw has 0 polygons
2026-08-20 11:08:32 +0000: Memory Usage (134572K) : trans_drw has 0 polygons
2026-08-20 11:08:32 +0000: Memory Usage (134572K) : ind_drw has 0 polygons
2026-08-20 11:08:32 +0000: Memory Usage (134572K) : ind_pin has 0 polygons
2026-08-20 11:08:32 +0000: Memory Usage (134572K) : ind_text has 0 polygons
2026-08-20 11:08:32 +0000: Memory Usage (134700K) : salblock_drw has 1 polygons
2026-08-20 11:08:32 +0000: Memory Usage (134700K) : via2_drw has 4 polygons
2026-08-20 11:08:32 +0000: Memory Usage (134700K) : metal3_drw has 5 polygons
2026-08-20 11:08:32 +0000: Memory Usage (134700K) : metal3_filler has 0 polygons
2026-08-20 11:08:32 +0000: Memory Usage (134828K) : metal3_slit has 0 polygons
2026-08-20 11:08:32 +0000: Memory Usage (134828K) : metal3 has 5 polygons
2026-08-20 11:08:32 +0000: Memory Usage (134828K) : metal3_pin has 0 polygons
2026-08-20 11:08:32 +0000: Memory Usage (134956K) : metal3_mask has 0 polygons
2026-08-20 11:08:32 +0000: Memory Usage (134956K) : metal3_nofill has 0 polygons
2026-08-20 11:08:32 +0000: Memory Usage (134956K) : metal3_text has 0 polygons
2026-08-20 11:08:32 +0000: Memory Usage (134956K) : metal3_OPC has 0 polygons
2026-08-20 11:08:32 +0000: Memory Usage (135084K) : metal3_noqrc has 0 polygons
2026-08-20 11:08:32 +0000: Memory Usage (135084K) : metal3_res has 0 polygons
2026-08-20 11:08:32 +0000: Memory Usage (135084K) : metal3_iprobe has 0 polygons
2026-08-20 11:08:32 +0000: Memory Usage (135084K) : metal3_diffprb has 0 polygons
2026-08-20 11:08:32 +0000: Memory Usage (135084K) : nwell_drw has 0 polygons
2026-08-20 11:08:32 +0000: Memory Usage (135084K) : nwell_pin has 0 polygons
2026-08-20 11:08:32 +0000: Memory Usage (135084K) : nwell_text has 0 polygons
2026-08-20 11:08:32 +0000: Memory Usage (135084K) : nbulay_drw has 0 polygons
2026-08-20 11:08:32 +0000: Memory Usage (135084K) : nbulay_pin has 0 polygons
2026-08-20 11:08:32 +0000: Memory Usage (135084K) : nbulay_block has 0 polygons
2026-08-20 11:08:32 +0000: Memory Usage (135084K) : emwind_drw has 0 polygons
2026-08-20 11:08:32 +0000: Memory Usage (135212K) : emwind_OPC has 0 polygons
2026-08-20 11:08:32 +0000: Memory Usage (135212K) : deepco_drw has 0 polygons
2026-08-20 11:08:32 +0000: Memory Usage (135212K) : mim_drw has 1 polygons
2026-08-20 11:08:32 +0000: Memory Usage (135212K) : edgeseal_drw has 0 polygons
2026-08-20 11:08:32 +0000: Memory Usage (135212K) : substrate_drw has 0 polygons
2026-08-20 11:08:32 +0000: Memory Usage (135212K) : substrate_text has 0 polygons
2026-08-20 11:08:32 +0000: Memory Usage (135340K) : dfpad_drw has 0 polygons
2026-08-20 11:08:32 +0000: Memory Usage (135340K) : dfpad_pillar has 0 polygons
2026-08-20 11:08:32 +0000: Memory Usage (135340K) : dfpad_sbump has 0 polygons
2026-08-20 11:08:32 +0000: Memory Usage (135340K) : thickgateox_drw has 0 polygons
2026-08-20 11:08:32 +0000: Memory Usage (135340K) : pldb_drw has 0 polygons
2026-08-20 11:08:32 +0000: Memory Usage (135340K) : pwell_drw has 0 polygons
2026-08-20 11:08:32 +0000: Memory Usage (135468K) : pwell_pin has 0 polygons
2026-08-20 11:08:32 +0000: Memory Usage (135468K) : pwell_block has 0 polygons
2026-08-20 11:08:32 +0000: Memory Usage (135468K) : ic_drw has 0 polygons
2026-08-20 11:08:32 +0000: Memory Usage (135468K) : via3_drw has 0 polygons
2026-08-20 11:08:32 +0000: Memory Usage (135468K) : metal4_drw has 0 polygons
2026-08-20 11:08:32 +0000: Memory Usage (135596K) : metal4_filler has 0 polygons
2026-08-20 11:08:32 +0000: Memory Usage (135596K) : metal4_slit has 0 polygons
2026-08-20 11:08:32 +0000: Memory Usage (135596K) : metal4 has 0 polygons
2026-08-20 11:08:32 +0000: Memory Usage (135596K) : metal4_pin has 0 polygons
2026-08-20 11:08:32 +0000: Memory Usage (135596K) : metal4_mask has 0 polygons
2026-08-20 11:08:32 +0000: Memory Usage (135596K) : metal4_nofill has 0 polygons
2026-08-20 11:08:32 +0000: Memory Usage (135724K) : metal4_text has 0 polygons
2026-08-20 11:08:32 +0000: Memory Usage (135724K) : metal4_OPC has 0 polygons
2026-08-20 11:08:32 +0000: Memory Usage (135724K) : metal4_noqrc has 0 polygons
2026-08-20 11:08:32 +0000: Memory Usage (135724K) : metal4_res has 0 polygons
2026-08-20 11:08:32 +0000: Memory Usage (135724K) : metal4_iprobe has 0 polygons
2026-08-20 11:08:32 +0000: Memory Usage (135724K) : metal4_diffprb has 0 polygons
2026-08-20 11:08:32 +0000: Memory Usage (135852K) : heattrans_drw has 0 polygons
2026-08-20 11:08:32 +0000: Memory Usage (135852K) : heatres_drw has 1 polygons
2026-08-20 11:08:32 +0000: Memory Usage (135852K) : fbe_drw has 0 polygons
2026-08-20 11:08:32 +0000: Memory Usage (135852K) : empoly_drw has 0 polygons
2026-08-20 11:08:32 +0000: Memory Usage (135852K) : digisub_drw has 0 polygons
2026-08-20 11:08:32 +0000: Memory Usage (135980K) : text_drw has 3 polygons
2026-08-20 11:08:32 +0000: Memory Usage (135980K) : via4_drw has 0 polygons
2026-08-20 11:08:32 +0000: Memory Usage (136108K) : metal5_drw has 3 polygons
2026-08-20 11:08:32 +0000: Memory Usage (136108K) : metal5_filler has 0 polygons
2026-08-20 11:08:32 +0000: Memory Usage (136108K) : metal5_slit has 0 polygons
2026-08-20 11:08:32 +0000: Memory Usage (136108K) : metal5 has 3 polygons
2026-08-20 11:08:32 +0000: Memory Usage (136108K) : metal5_pin has 0 polygons
2026-08-20 11:08:32 +0000: Memory Usage (136108K) : metal5_mask has 0 polygons
2026-08-20 11:08:32 +0000: Memory Usage (136236K) : metal5_nofill has 0 polygons
2026-08-20 11:08:32 +0000: Memory Usage (136236K) : metal5_text has 0 polygons
2026-08-20 11:08:32 +0000: Memory Usage (136236K) : metal5_OPC has 0 polygons
2026-08-20 11:08:32 +0000: Memory Usage (136236K) : metal5_noqrc has 0 polygons
2026-08-20 11:08:32 +0000: Memory Usage (136236K) : metal5_res has 0 polygons
2026-08-20 11:08:32 +0000: Memory Usage (136236K) : metal5_iprobe has 0 polygons
2026-08-20 11:08:32 +0000: Memory Usage (136364K) : metal5_diffprb has 0 polygons
2026-08-20 11:08:32 +0000: Memory Usage (136364K) : radhard_drw has 0 polygons
2026-08-20 11:08:32 +0000: Memory Usage (136364K) : memcap_drw has 0 polygons
2026-08-20 11:08:32 +0000: Memory Usage (136364K) : varicap_drw has 0 polygons
2026-08-20 11:08:32 +0000: Memory Usage (136364K) : intbondvia_drw has 0 polygons
2026-08-20 11:08:32 +0000: Memory Usage (136364K) : intbondmet_drw has 0 polygons
2026-08-20 11:08:32 +0000: Memory Usage (136492K) : devbondvia_drw has 0 polygons
2026-08-20 11:08:32 +0000: Memory Usage (136492K) : devbondmet_drw has 0 polygons
2026-08-20 11:08:32 +0000: Memory Usage (136492K) : devtrench_drw has 0 polygons
2026-08-20 11:08:32 +0000: Memory Usage (136492K) : redist_drw has 0 polygons
2026-08-20 11:08:32 +0000: Memory Usage (136492K) : graphbot_drw has 0 polygons
2026-08-20 11:08:32 +0000: Memory Usage (136492K) : graphtop_drw has 0 polygons
2026-08-20 11:08:32 +0000: Memory Usage (136620K) : antvia1_drw has 0 polygons
2026-08-20 11:08:32 +0000: Memory Usage (136620K) : antmetal2_drw has 0 polygons
2026-08-20 11:08:32 +0000: Memory Usage (136620K) : graphcont_drw has 0 polygons
2026-08-20 11:08:32 +0000: Memory Usage (136620K) : siwg_drw has 0 polygons
2026-08-20 11:08:32 +0000: Memory Usage (136620K) : siwg_filler has 0 polygons
2026-08-20 11:08:32 +0000: Memory Usage (136620K) : siwg_nofill has 0 polygons
2026-08-20 11:08:32 +0000: Memory Usage (136748K) : sigrating_drw has 0 polygons
2026-08-20 11:08:32 +0000: Memory Usage (136748K) : singrating_drw has 0 polygons
2026-08-20 11:08:32 +0000: Memory Usage (136748K) : graphpas_drw has 0 polygons
2026-08-20 11:08:32 +0000: Memory Usage (136748K) : emwind3_drw has 0 polygons
2026-08-20 11:08:32 +0000: Memory Usage (136748K) : emwihv3_drw has 0 polygons
2026-08-20 11:08:32 +0000: Memory Usage (136748K) : redbulay_drw has 0 polygons
2026-08-20 11:08:32 +0000: Memory Usage (136876K) : smos_drw has 0 polygons
2026-08-20 11:08:32 +0000: Memory Usage (136876K) : graphpad_drw has 0 polygons
2026-08-20 11:08:32 +0000: Memory Usage (136876K) : polimide_drw has 0 polygons
2026-08-20 11:08:32 +0000: Memory Usage (136876K) : polimide_pin has 0 polygons
2026-08-20 11:08:32 +0000: Memory Usage (136876K) : recog_drw has 0 polygons
2026-08-20 11:08:32 +0000: Memory Usage (136876K) : recog_pin has 0 polygons
2026-08-20 11:08:32 +0000: Memory Usage (137004K) : recog_esd has 0 polygons
2026-08-20 11:08:32 +0000: Memory Usage (137004K) : recog_diode has 0 polygons
2026-08-20 11:08:32 +0000: Memory Usage (137004K) : recog_tsv has 0 polygons
2026-08-20 11:08:32 +0000: Memory Usage (137004K) : recog_iprobe has 0 polygons
2026-08-20 11:08:32 +0000: Memory Usage (137004K) : recog_diffprb has 0 polygons
2026-08-20 11:08:32 +0000: Memory Usage (137004K) : recog_pillar has 0 polygons
2026-08-20 11:08:32 +0000: Memory Usage (137132K) : recog_sbump has 0 polygons
2026-08-20 11:08:32 +0000: Memory Usage (137132K) : recog_otp has 0 polygons
2026-08-20 11:08:32 +0000: Memory Usage (137132K) : recog_pdiode has 0 polygons
2026-08-20 11:08:32 +0000: Memory Usage (137132K) : recog_mom has 0 polygons
2026-08-20 11:08:32 +0000: Memory Usage (137132K) : recog_momf has 0 polygons
2026-08-20 11:08:32 +0000: Memory Usage (137132K) : recog_pcm has 0 polygons
2026-08-20 11:08:32 +0000: Memory Usage (137260K) : colopen_drw has 0 polygons
2026-08-20 11:08:32 +0000: Memory Usage (137260K) : graphmetal1_drw has 0 polygons
2026-08-20 11:08:32 +0000: Memory Usage (137260K) : graphmetal1_filler has 0 polygons
2026-08-20 11:08:32 +0000: Memory Usage (137260K) : graphmetal1_nofill has 0 polygons
2026-08-20 11:08:32 +0000: Memory Usage (137260K) : graphmetal1_slit has 0 polygons
2026-08-20 11:08:32 +0000: Memory Usage (137260K) : graphmetal1_OPC has 0 polygons
2026-08-20 11:08:32 +0000: Memory Usage (137388K) : graphmet1l_drw has 0 polygons
2026-08-20 11:08:32 +0000: Memory Usage (137388K) : graphmet1l_filler has 0 polygons
2026-08-20 11:08:32 +0000: Memory Usage (137388K) : graphmet1l_nofill has 0 polygons
2026-08-20 11:08:32 +0000: Memory Usage (137388K) : graphmet1l_slit has 0 polygons
2026-08-20 11:08:32 +0000: Memory Usage (137388K) : graphmet1l_OPC has 0 polygons
2026-08-20 11:08:32 +0000: Memory Usage (137516K) : extblock_drw has 3 polygons
2026-08-20 11:08:32 +0000: Memory Usage (137516K) : nldd_drw has 0 polygons
2026-08-20 11:08:32 +0000: Memory Usage (137516K) : pldd_drw has 0 polygons
2026-08-20 11:08:32 +0000: Memory Usage (137516K) : next_drw has 0 polygons
2026-08-20 11:08:32 +0000: Memory Usage (137516K) : pext_drw has 0 polygons
2026-08-20 11:08:32 +0000: Memory Usage (137516K) : nexthv_drw has 0 polygons
2026-08-20 11:08:32 +0000: Memory Usage (137644K) : pexthv_drw has 0 polygons
2026-08-20 11:08:32 +0000: Memory Usage (137644K) : graphgate_drw has 0 polygons
2026-08-20 11:08:32 +0000: Memory Usage (137644K) : sinwg_drw has 0 polygons
2026-08-20 11:08:32 +0000: Memory Usage (137644K) : sinwg_filler has 0 polygons
2026-08-20 11:08:32 +0000: Memory Usage (137644K) : sinwg_nofill has 0 polygons
2026-08-20 11:08:32 +0000: Memory Usage (137644K) : mempad_drw has 0 polygons
2026-08-20 11:08:32 +0000: Memory Usage (137644K) : topvia1_drw has 1 polygons
2026-08-20 11:08:32 +0000: Memory Usage (137772K) : topmetal1_drw has 2 polygons
2026-08-20 11:08:32 +0000: Memory Usage (137772K) : topmetal1_filler has 0 polygons
2026-08-20 11:08:32 +0000: Memory Usage (137772K) : topmetal1_slit has 0 polygons
2026-08-20 11:08:32 +0000: Memory Usage (137772K) : topmetal1 has 2 polygons
2026-08-20 11:08:32 +0000: Memory Usage (137772K) : topmetal1_pin has 0 polygons
2026-08-20 11:08:32 +0000: Memory Usage (137772K) : topmetal1_mask has 0 polygons
2026-08-20 11:08:32 +0000: Memory Usage (137900K) : topmetal1_nofill has 0 polygons
2026-08-20 11:08:32 +0000: Memory Usage (137900K) : topmetal1_text has 0 polygons
2026-08-20 11:08:32 +0000: Memory Usage (137900K) : topmetal1_noqrc has 0 polygons
2026-08-20 11:08:32 +0000: Memory Usage (137900K) : topmetal1_res has 0 polygons
2026-08-20 11:08:32 +0000: Memory Usage (137900K) : topmetal1_iprobe has 0 polygons
2026-08-20 11:08:32 +0000: Memory Usage (137900K) : topmetal1_diffprb has 0 polygons
2026-08-20 11:08:32 +0000: Memory Usage (138028K) : inldpwl_drw has 0 polygons
2026-08-20 11:08:32 +0000: Memory Usage (138028K) : polyres_drw has 1 polygons
2026-08-20 11:08:32 +0000: Memory Usage (138028K) : polyres_pin has 0 polygons
2026-08-20 11:08:32 +0000: Memory Usage (138028K) : vmim_drw has 225 polygons
2026-08-20 11:08:32 +0000: Memory Usage (138028K) : nbulaycut_drw has 0 polygons
2026-08-20 11:08:32 +0000: Memory Usage (138156K) : antmetal1_drw has 0 polygons
2026-08-20 11:08:32 +0000: Memory Usage (138156K) : topvia2_drw has 1 polygons
2026-08-20 11:08:32 +0000: Memory Usage (138156K) : topmetal2_drw has 1 polygons
2026-08-20 11:08:32 +0000: Memory Usage (138156K) : topmetal2_filler has 0 polygons
2026-08-20 11:08:32 +0000: Memory Usage (138284K) : topmetal2_slit has 0 polygons
2026-08-20 11:08:32 +0000: Memory Usage (138284K) : topmetal2 has 1 polygons
2026-08-20 11:08:32 +0000: Memory Usage (138284K) : topmetal2_pin has 0 polygons
2026-08-20 11:08:32 +0000: Memory Usage (138284K) : topmetal2_mask has 0 polygons
2026-08-20 11:08:32 +0000: Memory Usage (138412K) : topmetal2_nofill has 0 polygons
2026-08-20 11:08:32 +0000: Memory Usage (138412K) : topmetal2_text has 0 polygons
2026-08-20 11:08:32 +0000: Memory Usage (138412K) : topmetal2_noqrc has 0 polygons
2026-08-20 11:08:32 +0000: Memory Usage (138540K) : topmetal2_res has 0 polygons
2026-08-20 11:08:32 +0000: Memory Usage (138540K) : topmetal2_iprobe has 0 polygons
2026-08-20 11:08:32 +0000: Memory Usage (138540K) : topmetal2_diffprb has 0 polygons
2026-08-20 11:08:32 +0000: Memory Usage (138668K) : snsring_drw has 0 polygons
2026-08-20 11:08:32 +0000: Memory Usage (138668K) : sensor_drw has 0 polygons
2026-08-20 11:08:32 +0000: Memory Usage (138668K) : snsarms_drw has 0 polygons
2026-08-20 11:08:32 +0000: Memory Usage (138668K) : snscmosvia_drw has 0 polygons
2026-08-20 11:08:32 +0000: Memory Usage (138796K) : colwind_drw has 0 polygons
2026-08-20 11:08:32 +0000: Memory Usage (138796K) : flm_drw has 0 polygons
2026-08-20 11:08:32 +0000: Memory Usage (138796K) : hafniumox_drw has 0 polygons
2026-08-20 11:08:32 +0000: Memory Usage (138924K) : memvia_drw has 0 polygons
2026-08-20 11:08:32 +0000: Memory Usage (138924K) : thinfilmres_drw has 0 polygons
2026-08-20 11:08:32 +0000: Memory Usage (138924K) : rfmem_drw has 0 polygons
2026-08-20 11:08:32 +0000: Memory Usage (138924K) : norcx_drw has 0 polygons
2026-08-20 11:08:32 +0000: Memory Usage (139052K) : norcx_m2m3 has 0 polygons
2026-08-20 11:08:32 +0000: Memory Usage (139052K) : norcx_m2m4 has 0 polygons
2026-08-20 11:08:32 +0000: Memory Usage (139052K) : norcx_m2m5 has 0 polygons
2026-08-20 11:08:32 +0000: Memory Usage (139180K) : norcx_m2tm1 has 0 polygons
2026-08-20 11:08:32 +0000: Memory Usage (139180K) : norcx_m2tm2 has 0 polygons
2026-08-20 11:08:32 +0000: Memory Usage (139180K) : norcx_m3m4 has 0 polygons
2026-08-20 11:08:32 +0000: Memory Usage (139308K) : norcx_m3m5 has 0 polygons
2026-08-20 11:08:32 +0000: Memory Usage (139308K) : norcx_m3tm1 has 0 polygons
2026-08-20 11:08:32 +0000: Memory Usage (139308K) : norcx_m3tm2 has 0 polygons
2026-08-20 11:08:32 +0000: Memory Usage (139308K) : norcx_m4m5 has 0 polygons
2026-08-20 11:08:32 +0000: Memory Usage (139308K) : norcx_m4tm1 has 0 polygons
2026-08-20 11:08:32 +0000: Memory Usage (139308K) : norcx_m4tm2 has 0 polygons
2026-08-20 11:08:32 +0000: Memory Usage (139308K) : norcx_m5tm1 has 0 polygons
2026-08-20 11:08:32 +0000: Memory Usage (139308K) : norcx_m5tm2 has 0 polygons
2026-08-20 11:08:32 +0000: Memory Usage (139308K) : norcx_tm1tm2 has 0 polygons
2026-08-20 11:08:32 +0000: Memory Usage (139308K) : norcx_m1sub has 0 polygons
2026-08-20 11:08:32 +0000: Memory Usage (139308K) : norcx_m2sub has 0 polygons
2026-08-20 11:08:32 +0000: Memory Usage (139308K) : norcx_m3sub has 0 polygons
2026-08-20 11:08:32 +0000: Memory Usage (139308K) : norcx_m4sub has 0 polygons
2026-08-20 11:08:32 +0000: Memory Usage (139308K) : norcx_m5sub has 0 polygons
2026-08-20 11:08:32 +0000: Memory Usage (139308K) : norcx_tm1sub has 0 polygons
2026-08-20 11:08:32 +0000: Memory Usage (139308K) : norcx_tm2sub has 0 polygons
2026-08-20 11:08:32 +0000: Memory Usage (139308K) : snsbotvia_drw has 0 polygons
2026-08-20 11:08:32 +0000: Memory Usage (139308K) : snstopvia_drw has 0 polygons
2026-08-20 11:08:32 +0000: Memory Usage (139308K) : deepvia_drw has 0 polygons
2026-08-20 11:08:32 +0000: Memory Usage (139308K) : fgetch_drw has 0 polygons
2026-08-20 11:08:32 +0000: Memory Usage (139308K) : ctrgat_drw has 0 polygons
2026-08-20 11:08:32 +0000: Memory Usage (139308K) : fgimp_drw has 0 polygons
2026-08-20 11:08:32 +0000: Memory Usage (139308K) : emwihv_drw has 0 polygons
2026-08-20 11:08:32 +0000: Memory Usage (139308K) : lbe_drw has 0 polygons
2026-08-20 11:08:32 +0000: Memory Usage (139308K) : alcustop_drw has 0 polygons
2026-08-20 11:08:32 +0000: Memory Usage (139308K) : nometfiller_drw has 0 polygons
2026-08-20 11:08:32 +0000: Memory Usage (139308K) : prboundary_drw has 0 polygons
2026-08-20 11:08:32 +0000: Memory Usage (139308K) : exchange0_drw has 0 polygons
2026-08-20 11:08:32 +0000: Memory Usage (139308K) : exchange0_pin has 0 polygons
2026-08-20 11:08:32 +0000: Memory Usage (139308K) : exchange0_text has 0 polygons
2026-08-20 11:08:32 +0000: Memory Usage (139308K) : exchange1_drw has 0 polygons
2026-08-20 11:08:32 +0000: Memory Usage (139308K) : exchange1_pin has 0 polygons
2026-08-20 11:08:32 +0000: Memory Usage (139308K) : exchange1_text has 0 polygons
2026-08-20 11:08:32 +0000: Memory Usage (139308K) : exchange2_drw has 0 polygons
2026-08-20 11:08:32 +0000: Memory Usage (139308K) : exchange2_pin has 0 polygons
2026-08-20 11:08:32 +0000: Memory Usage (139308K) : exchange2_text has 0 polygons
2026-08-20 11:08:32 +0000: Memory Usage (139308K) : exchange3_drw has 0 polygons
2026-08-20 11:08:32 +0000: Memory Usage (139308K) : exchange3_pin has 0 polygons
2026-08-20 11:08:32 +0000: Memory Usage (139308K) : exchange3_text has 0 polygons
2026-08-20 11:08:32 +0000: Memory Usage (139308K) : exchange4_drw has 0 polygons
2026-08-20 11:08:32 +0000: Memory Usage (139308K) : exchange4_pin has 0 polygons
2026-08-20 11:08:32 +0000: Memory Usage (139308K) : exchange4_text has 0 polygons
2026-08-20 11:08:32 +0000: Memory Usage (139308K) : isonwell_drw has 0 polygons
2026-08-20 11:08:32 +0000: Memory Usage (139308K) : Total no. of polygons in the design is 272
2026-08-20 11:08:32 +0000: Memory Usage (139308K) : Starting base layers derivations
2026-08-20 11:08:32 +0000: Memory Usage (139308K) : Starting general LVS derivations
2026-08-20 11:08:32 +0000: Memory Usage (141540K) : Starting MOSFET DERIVATIONS
2026-08-20 11:08:32 +0000: Memory Usage (141924K) : Starting NMOS DERIVATIONS
2026-08-20 11:08:32 +0000: Memory Usage (141924K) : Starting PMOS DERIVATIONS
2026-08-20 11:08:32 +0000: Memory Usage (141924K) : Starting RF-MOSFET DERIVATIONS
2026-08-20 11:08:32 +0000: Memory Usage (141924K) : Starting RF-NMOS DERIVATIONS
2026-08-20 11:08:32 +0000: Memory Usage (141924K) : Starting RF-PMOS DERIVATIONS
2026-08-20 11:08:32 +0000: Memory Usage (141924K) : Starting BJT DERIVATIONS
2026-08-20 11:08:32 +0000: Memory Usage (141924K) : Starting NPN-BJT DERIVATIONS
2026-08-20 11:08:32 +0000: Memory Usage (141924K) : Starting PNP-BJT DERIVATIONS
2026-08-20 11:08:32 +0000: Memory Usage (141924K) : Starting DIODE DERIVATIONS
2026-08-20 11:08:32 +0000: Memory Usage (141924K) : Starting RESISTOR DERIVATIONS
2026-08-20 11:08:32 +0000: Memory Usage (142948K) : Starting CAP DERIVATIONS
2026-08-20 11:08:33 +0000: Memory Usage (143076K) : Starting CAP_CMOM DERIVATIONS
2026-08-20 11:08:33 +0000: Memory Usage (143076K) : Starting CAP_CMOMF DERIVATIONS
2026-08-20 11:08:33 +0000: Memory Usage (143076K) : Starting ESD DERIVATIONS
2026-08-20 11:08:33 +0000: Memory Usage (143076K) : Starting Inductor DERIVATIONS
2026-08-20 11:08:33 +0000: Memory Usage (143076K) : Starting Taps DERIVATIONS
2026-08-20 11:08:33 +0000: Memory Usage (143076K) : Starting SG13G2 LVS connectivity setup
2026-08-20 11:08:33 +0000: Memory Usage (143076K) : Starting SG13G2 LVS connectivity setup (Inter-layer)
2026-08-20 11:08:33 +0000: Memory Usage (143204K) : Starting SG13G2 LVS connectivity setup (Global)
2026-08-20 11:08:33 +0000: Memory Usage (143204K) : Starting LVS MOSFET CONNECTIONS
2026-08-20 11:08:33 +0000: Memory Usage (143204K) : Starting LVS RF-MOSFET CONNECTIONS
2026-08-20 11:08:33 +0000: Memory Usage (143204K) : Starting LVS BJT CONNECTIONS
2026-08-20 11:08:33 +0000: Memory Usage (143204K) : Starting LVS DIODE CONNECTIONS
2026-08-20 11:08:33 +0000: Memory Usage (143204K) : Starting RESISTOR CONNECTIONS
2026-08-20 11:08:33 +0000: Memory Usage (143204K) : Starting LVS CAP CONNECTIONS
2026-08-20 11:08:33 +0000: Memory Usage (143204K) : Starting CAP_CMOM CONNECTIONS
2026-08-20 11:08:33 +0000: Memory Usage (143204K) : Starting CAP_CMOMF CONNECTIONS
2026-08-20 11:08:33 +0000: Memory Usage (143204K) : Starting ESD CONNECTIONS
2026-08-20 11:08:33 +0000: Memory Usage (143204K) : Starting Inductor CONNECTIONS
2026-08-20 11:08:33 +0000: Memory Usage (143204K) : Starting LVS Taps CONNECTIONS
2026-08-20 11:08:33 +0000: Memory Usage (143204K) : Starting SG13G2 LVS DEVICES EXTRACTION
2026-08-20 11:08:33 +0000: Memory Usage (143204K) : Starting MOSFET EXTRACTION
2026-08-20 11:08:33 +0000: Memory Usage (143204K) : Starting NMOS EXTRACTION
2026-08-20 11:08:33 +0000: Memory Usage (143204K) : Extraction of NMOS-LV transistor
2026-08-20 11:08:33 +0000: Memory Usage (143204K) : Extraction of NMOS-HV transistor
2026-08-20 11:08:33 +0000: Memory Usage (143204K) : Starting PMOS EXTRACTION
2026-08-20 11:08:33 +0000: Memory Usage (143204K) : Extraction of PMOS-LV transistor
2026-08-20 11:08:33 +0000: Memory Usage (143204K) : Extraction of PMOS-HV transistor
2026-08-20 11:08:33 +0000: Memory Usage (143204K) : Starting RF-MOSFET EXTRACTION
2026-08-20 11:08:33 +0000: Memory Usage (143204K) : Extraction of RF-NMOS-LV transistor
2026-08-20 11:08:33 +0000: Memory Usage (143204K) : Extraction of RF-NMOS-HV transistor
2026-08-20 11:08:33 +0000: Memory Usage (143204K) : Extraction of RF-PMOS-LV transistor
2026-08-20 11:08:33 +0000: Memory Usage (143204K) : Extraction of RF-PMOS-HV transistor
2026-08-20 11:08:33 +0000: Memory Usage (143204K) : Starting BJT EXTRACTION
2026-08-20 11:08:33 +0000: Memory Usage (143204K) : Starting NPN-BJT EXTRACTION
2026-08-20 11:08:33 +0000: Memory Usage (143204K) : Extraction of npn13G2 BJT transistor
2026-08-20 11:08:33 +0000: Memory Usage (143204K) : Extraction of npn13G2L BJT transistor
2026-08-20 11:08:33 +0000: Memory Usage (143204K) : Extraction of npn13G2V BJT transistor
2026-08-20 11:08:33 +0000: Memory Usage (143204K) : Starting PNP-BJT EXTRACTION
2026-08-20 11:08:33 +0000: Memory Usage (143204K) : Extracting pnpMPA BJT
2026-08-20 11:08:33 +0000: Memory Usage (143204K) : Starting DIODE EXTRACTION
2026-08-20 11:08:33 +0000: Memory Usage (143204K) : Extracting dantenna diode
2026-08-20 11:08:33 +0000: Memory Usage (143204K) : Extracting dpantenna diode
2026-08-20 11:08:33 +0000: Memory Usage (143204K) : Extracting schottky_nbl1 diode
2026-08-20 11:08:33 +0000: Memory Usage (143204K) : Extracting isolbox diode
2026-08-20 11:08:33 +0000: Memory Usage (143204K) : Starting RESISTOR EXTRACTION
2026-08-20 11:08:33 +0000: Memory Usage (143204K) : Extracting rsil resistor
2026-08-20 11:08:33 +0000: Memory Usage (143204K) : Extracting rppd resistor
2026-08-20 11:08:33 +0000: Memory Usage (143716K) : Extracting rhigh resistor
2026-08-20 11:08:33 +0000: Memory Usage (143716K) : Extracting res_metal1 resistor
2026-08-20 11:08:33 +0000: Memory Usage (143716K) : Extracting res_metal2 resistor
2026-08-20 11:08:33 +0000: Memory Usage (143716K) : Extracting res_metal3 resistor
2026-08-20 11:08:33 +0000: Memory Usage (143716K) : Extracting res_metal4 resistor
2026-08-20 11:08:33 +0000: Memory Usage (143716K) : Extracting res_metal5 resistor
2026-08-20 11:08:33 +0000: Memory Usage (143716K) : Extracting res_topmetal1 resistor
2026-08-20 11:08:33 +0000: Memory Usage (143716K) : Extracting res_topmetal2 resistor
2026-08-20 11:08:33 +0000: Memory Usage (143716K) : Starting CAP EXTRACTION
2026-08-20 11:08:33 +0000: Memory Usage (143716K) : Extracting cap_cmim device
2026-08-20 11:08:33 +0000: Memory Usage (143716K) : Extracting rfcmim device
2026-08-20 11:08:33 +0000: Memory Usage (143716K) : Extracting sg13_hv_svaricap varactor
2026-08-20 11:08:33 +0000: Memory Usage (143716K) : Extracting cap_cmomi device
2026-08-20 11:08:33 +0000: Memory Usage (143716K) : Extracting cap_cmomf device
2026-08-20 11:08:33 +0000: Memory Usage (143716K) : Extracting sg13_moscap_n capacitor
2026-08-20 11:08:33 +0000: Memory Usage (143716K) : Extracting sg13_moscap_p capacitor
2026-08-20 11:08:33 +0000: Memory Usage (143716K) : Starting ESD EXTRACTION
2026-08-20 11:08:33 +0000: Memory Usage (143716K) : Extracting diodevdd_2kv ESD device
2026-08-20 11:08:33 +0000: Memory Usage (143716K) : Extracting diodevdd_4kv ESD device
2026-08-20 11:08:33 +0000: Memory Usage (143716K) : Extracting diodevss_2kv ESD device
2026-08-20 11:08:33 +0000: Memory Usage (143716K) : Extracting diodevss_4kv ESD device
2026-08-20 11:08:33 +0000: Memory Usage (143716K) : Extracting idiodevdd_2kv ESD device
2026-08-20 11:08:33 +0000: Memory Usage (143716K) : Extracting idiodevdd_4kv ESD device
2026-08-20 11:08:33 +0000: Memory Usage (143716K) : Extracting idiodevss_2kv ESD device
2026-08-20 11:08:33 +0000: Memory Usage (143716K) : Extracting idiodevss_4kv ESD device
2026-08-20 11:08:33 +0000: Memory Usage (143716K) : Extracting nmoscl_2 ESD device
2026-08-20 11:08:33 +0000: Memory Usage (143716K) : Extracting nmoscl_4 ESD device
2026-08-20 11:08:33 +0000: Memory Usage (143716K) : Starting Inductor EXTRACTION
2026-08-20 11:08:33 +0000: Memory Usage (143716K) : Extracting Inductor2 device
2026-08-20 11:08:33 +0000: Memory Usage (143716K) : Extracting Inductor3 device
2026-08-20 11:08:33 +0000: Memory Usage (143716K) : Starting Taps EXTRACTION
2026-08-20 11:08:33 +0000: Memory Usage (143716K) : Extracting ntap1 device
2026-08-20 11:08:33 +0000: Memory Usage (143716K) : Extracting ptap1 device
2026-08-20 11:08:33 +0000: Memory Usage (143716K) : Starting SG13G2 LVS RF MOS Model Mapping
2026-08-20 11:08:33 +0000: Memory Usage (143716K) : [layout_netlist] Apply RF MOS model mapping and rfmode parameter.
2026-08-20 11:08:33 +0000: Memory Usage (143716K) : Starting SG13G2 LVS Options Preparations
2026-08-20 11:08:33 +0000: Memory Usage (143716K) : SG13G2 LVS flow: extraction -> alignment -> option preparation -> comparison.
2026-08-20 11:08:33 +0000: Memory Usage (143716K) : Starting SG13G2 LVS Alignment
2026-08-20 11:08:33 +0000: Memory Usage (143844K) : Starting SG13G2 LVS Simplification
2026-08-20 11:08:33 +0000: Memory Usage (143844K) : [layout_netlist] simplify: ENABLED
2026-08-20 11:08:33 +0000: Memory Usage (143844K) : [layout_netlist] make_top_level_pins: SKIPPED
2026-08-20 11:08:33 +0000: Memory Usage (143844K) : [layout_netlist] combine_devices: SKIPPED
2026-08-20 11:08:33 +0000: Memory Usage (143844K) : [layout_netlist] purge: SKIPPED
2026-08-20 11:08:33 +0000: Memory Usage (143844K) : [layout_netlist] purge_nets: SKIPPED
2026-08-20 11:08:33 +0000: Memory Usage (143844K) : [schematic_netlist] simplify: ENABLED
2026-08-20 11:08:33 +0000: Memory Usage (143844K) : [schematic_netlist] make_top_level_pins: SKIPPED
2026-08-20 11:08:33 +0000: Memory Usage (143844K) : [schematic_netlist] combine_devices: SKIPPED
2026-08-20 11:08:33 +0000: Memory Usage (143844K) : [schematic_netlist] purge: SKIPPED
2026-08-20 11:08:33 +0000: Memory Usage (143844K) : [schematic_netlist] purge_nets: SKIPPED
2026-08-20 11:08:33 +0000: Memory Usage (143844K) : Starting SG13G2 LVS Comparison
2026-08-20 11:08:33 +0000: Memory Usage (143972K) : xxxxxxxxxxxxxxxxxxxxxxxxxxxxxxxxxxxxxxxxxx
2026-08-20 11:08:33 +0000: Memory Usage (143972K) : ERROR : Netlists don't match
2026-08-20 11:08:33 +0000: Memory Usage (143972K) : xxxxxxxxxxxxxxxxxxxxxxxxxxxxxxxxxxxxxxxxxx
2026-08-20 11:08:33 +0000: Memory Usage (143972K) : LVS Total Run time 0.380085 seconds
