# Logfile created on 2026-08-20 17:10:16 +0000 by logger.rb/v1.5.3
2026-08-20 17:10:16 +0000: Memory Usage (129028K) : Starting running SG13G2 Klayout LVS runset on /workspace/layout/blocks/out/driver_stage/bisect_extra8/both/driver_dut.gds
2026-08-20 17:10:16 +0000: Memory Usage (129028K) : Ruby Version for klayout: 3.2.3
2026-08-20 17:10:16 +0000: Memory Usage (130556K) : Loading database to memory is complete.
2026-08-20 17:10:16 +0000: Memory Usage (130556K) : SG13G2 Klayout LVS runset output at: /workspace/layout/blocks/out/driver_stage/bisect_extra8/both/lvs/driver_dut.lvsdb
2026-08-20 17:10:16 +0000: Memory Usage (130556K) : Evaluate switches.
2026-08-20 17:10:16 +0000: Memory Usage (130556K) : Extracted netlist with net names: true
2026-08-20 17:10:16 +0000: Memory Usage (130556K) : Extracted netlist with comments in details: false
2026-08-20 17:10:16 +0000: Memory Usage (130556K) : Selected NET_ONLY option: false
2026-08-20 17:10:16 +0000: Memory Usage (130556K) : Selected LAYOUT_NETLIST option: (none)
2026-08-20 17:10:16 +0000: Memory Usage (130556K) : Selected IGNORE_TOP_PORTS_MISMATCH option: true
2026-08-20 17:10:16 +0000: Memory Usage (130556K) : Selected IMPLICIT_NETS option: sub,sub!
2026-08-20 17:10:16 +0000: Memory Usage (130556K) : Selected TOP_LVL_PINS option: false
2026-08-20 17:10:16 +0000: Memory Usage (130556K) : Selected COMBINE DEVICES option: false
2026-08-20 17:10:16 +0000: Memory Usage (130556K) : Selected PURGE option: false
2026-08-20 17:10:16 +0000: Memory Usage (130556K) : Selected PURGE_NETS option: false
2026-08-20 17:10:16 +0000: Memory Usage (130556K) : Selected SIMPLIFY option: true
2026-08-20 17:10:16 +0000: Memory Usage (130556K) : Selected SERIES_RES option: true
2026-08-20 17:10:16 +0000: Memory Usage (130556K) : Selected PARALLEL_RES option: true
2026-08-20 17:10:16 +0000: Memory Usage (130556K) : Selected DISABLE_TAP_EXTRACTION option: true
2026-08-20 17:10:16 +0000: Memory Usage (130556K) : deep  mode is enabled.
2026-08-20 17:10:16 +0000: Memory Usage (130556K) : Applying implicit connections (case-sensitive, pattern supported) for nets: sub, sub!
2026-08-20 17:10:16 +0000: Memory Usage (131780K) : Netlist file: /workspace/layout/blocks/out/driver_stage/bisect_extra8/both/x.cdl
2026-08-20 17:10:16 +0000: Memory Usage (131780K) : LVS extracted netlist at: /workspace/layout/blocks/out/driver_stage/bisect_extra8/both/lvs/driver_dut_extracted.cir
2026-08-20 17:10:16 +0000: Memory Usage (131780K) : Applying SRAM integration support.
2026-08-20 17:10:16 +0000: Memory Usage (131780K) : Starting SG13G2 LVS runset
2026-08-20 17:10:16 +0000: Memory Usage (131780K) : Read in polygons from layers.
2026-08-20 17:10:16 +0000: Memory Usage (132932K) : activ_drw has 899 polygons
2026-08-20 17:10:16 +0000: Memory Usage (132932K) : activ_filler has 0 polygons
2026-08-20 17:10:16 +0000: Memory Usage (133060K) : activ has 899 polygons
2026-08-20 17:10:16 +0000: Memory Usage (133060K) : activ_pin has 0 polygons
2026-08-20 17:10:16 +0000: Memory Usage (133148K) : activ_mask has 4 polygons
2026-08-20 17:10:16 +0000: Memory Usage (133660K) : activ_nofill has 2 polygons
2026-08-20 17:10:16 +0000: Memory Usage (133660K) : activ_OPC has 0 polygons
2026-08-20 17:10:16 +0000: Memory Usage (133660K) : activ_iOPC has 0 polygons
2026-08-20 17:10:16 +0000: Memory Usage (133660K) : activ_noqrc has 0 polygons
2026-08-20 17:10:16 +0000: Memory Usage (133660K) : biwind_drw has 0 polygons
2026-08-20 17:10:16 +0000: Memory Usage (133660K) : biwind_OPC has 0 polygons
2026-08-20 17:10:16 +0000: Memory Usage (133660K) : gatpoly_drw has 140 polygons
2026-08-20 17:10:16 +0000: Memory Usage (133660K) : gatpoly_filler has 0 polygons
2026-08-20 17:10:16 +0000: Memory Usage (133660K) : gatpoly has 140 polygons
2026-08-20 17:10:16 +0000: Memory Usage (133660K) : gatpoly_pin has 119 polygons
2026-08-20 17:10:16 +0000: Memory Usage (133660K) : gatpoly_nofill has 2 polygons
2026-08-20 17:10:16 +0000: Memory Usage (133660K) : gatpoly_OPC has 0 polygons
2026-08-20 17:10:16 +0000: Memory Usage (133660K) : gatpoly_iOPC has 0 polygons
2026-08-20 17:10:16 +0000: Memory Usage (133660K) : gatpoly_noqrc has 0 polygons
2026-08-20 17:10:16 +0000: Memory Usage (133660K) : cont_drw has 14577 polygons
2026-08-20 17:10:16 +0000: Memory Usage (133660K) : cont_OPC has 0 polygons
2026-08-20 17:10:16 +0000: Memory Usage (133660K) : nsd_drw has 0 polygons
2026-08-20 17:10:16 +0000: Memory Usage (133660K) : nsd_block has 4 polygons
2026-08-20 17:10:16 +0000: Memory Usage (133660K) : metal1_drw has 1550 polygons
2026-08-20 17:10:16 +0000: Memory Usage (133788K) : metal1_filler has 0 polygons
2026-08-20 17:10:16 +0000: Memory Usage (133788K) : metal1_slit has 0 polygons
2026-08-20 17:10:16 +0000: Memory Usage (134044K) : metal1 has 1550 polygons
2026-08-20 17:10:16 +0000: Memory Usage (134044K) : metal1_pin has 750 polygons
2026-08-20 17:10:16 +0000: Memory Usage (134172K) : metal1_mask has 0 polygons
2026-08-20 17:10:16 +0000: Memory Usage (134172K) : metal1_nofill has 2 polygons
2026-08-20 17:10:16 +0000: Memory Usage (134300K) : metal1_text has 5 polygons
2026-08-20 17:10:16 +0000: Memory Usage (134428K) : metal1_OPC has 0 polygons
2026-08-20 17:10:16 +0000: Memory Usage (134428K) : metal1_noqrc has 0 polygons
2026-08-20 17:10:16 +0000: Memory Usage (134428K) : metal1_res has 0 polygons
2026-08-20 17:10:16 +0000: Memory Usage (134556K) : metal1_iprobe has 0 polygons
2026-08-20 17:10:16 +0000: Memory Usage (134556K) : metal1_diffprb has 0 polygons
2026-08-20 17:10:16 +0000: Memory Usage (134556K) : passiv_drw has 2 polygons
2026-08-20 17:10:16 +0000: Memory Usage (134684K) : passiv_pin has 0 polygons
2026-08-20 17:10:16 +0000: Memory Usage (134684K) : passiv_sbump has 0 polygons
2026-08-20 17:10:16 +0000: Memory Usage (134684K) : passiv_pillar has 0 polygons
2026-08-20 17:10:16 +0000: Memory Usage (134812K) : passiv_pdl has 0 polygons
2026-08-20 17:10:16 +0000: Memory Usage (134812K) : metal2_drw has 543 polygons
2026-08-20 17:10:16 +0000: Memory Usage (134812K) : metal2_filler has 0 polygons
2026-08-20 17:10:16 +0000: Memory Usage (134940K) : metal2_slit has 0 polygons
2026-08-20 17:10:16 +0000: Memory Usage (134940K) : metal2 has 543 polygons
2026-08-20 17:10:16 +0000: Memory Usage (134940K) : metal2_pin has 10 polygons
2026-08-20 17:10:16 +0000: Memory Usage (134940K) : metal2_mask has 0 polygons
2026-08-20 17:10:16 +0000: Memory Usage (135068K) : metal2_nofill has 2 polygons
2026-08-20 17:10:16 +0000: Memory Usage (135068K) : metal2_text has 3 polygons
2026-08-20 17:10:16 +0000: Memory Usage (135068K) : metal2_OPC has 0 polygons
2026-08-20 17:10:16 +0000: Memory Usage (135068K) : metal2_noqrc has 0 polygons
2026-08-20 17:10:16 +0000: Memory Usage (135196K) : metal2_res has 0 polygons
2026-08-20 17:10:16 +0000: Memory Usage (135196K) : metal2_iprobe has 0 polygons
2026-08-20 17:10:16 +0000: Memory Usage (135196K) : metal2_diffprb has 0 polygons
2026-08-20 17:10:16 +0000: Memory Usage (135196K) : baspoly_drw has 0 polygons
2026-08-20 17:10:16 +0000: Memory Usage (135324K) : baspoly_pin has 0 polygons
2026-08-20 17:10:16 +0000: Memory Usage (135324K) : psd_drw has 515 polygons
2026-08-20 17:10:16 +0000: Memory Usage (135324K) : nldb_drw has 0 polygons
2026-08-20 17:10:16 +0000: Memory Usage (135324K) : digibnd_drw has 0 polygons
2026-08-20 17:10:16 +0000: Memory Usage (135452K) : via1_drw has 7634 polygons
2026-08-20 17:10:16 +0000: Memory Usage (135452K) : backmetal1_drw has 0 polygons
2026-08-20 17:10:16 +0000: Memory Usage (135452K) : backmetal1_pin has 0 polygons
2026-08-20 17:10:16 +0000: Memory Usage (135580K) : backmetal1_mask has 0 polygons
2026-08-20 17:10:16 +0000: Memory Usage (135580K) : backmetal1_filler has 0 polygons
2026-08-20 17:10:16 +0000: Memory Usage (135580K) : backmetal1_nofill has 0 polygons
2026-08-20 17:10:16 +0000: Memory Usage (135580K) : backmetal1_slit has 0 polygons
2026-08-20 17:10:16 +0000: Memory Usage (135708K) : backmetal1_text has 0 polygons
2026-08-20 17:10:16 +0000: Memory Usage (135708K) : backmetal1_OPC has 0 polygons
2026-08-20 17:10:16 +0000: Memory Usage (135708K) : backmetal1_noqrc has 0 polygons
2026-08-20 17:10:16 +0000: Memory Usage (135708K) : backmetal1_res has 0 polygons
2026-08-20 17:10:16 +0000: Memory Usage (135836K) : backmetal1_iprobe has 0 polygons
2026-08-20 17:10:16 +0000: Memory Usage (135836K) : backmetal1_diffprb has 0 polygons
2026-08-20 17:10:16 +0000: Memory Usage (135836K) : backpassiv_drw has 0 polygons
2026-08-20 17:10:16 +0000: Memory Usage (135836K) : res_drw has 2 polygons
2026-08-20 17:10:16 +0000: Memory Usage (135964K) : sram_drw has 0 polygons
2026-08-20 17:10:16 +0000: Memory Usage (135964K) : trans_drw has 2 polygons
2026-08-20 17:10:16 +0000: Memory Usage (135964K) : ind_drw has 2 polygons
2026-08-20 17:10:16 +0000: Memory Usage (136092K) : ind_pin has 4 polygons
2026-08-20 17:10:16 +0000: Memory Usage (136092K) : ind_text has 4 polygons
2026-08-20 17:10:16 +0000: Memory Usage (136092K) : salblock_drw has 12 polygons
2026-08-20 17:10:16 +0000: Memory Usage (136092K) : via2_drw has 805 polygons
2026-08-20 17:10:16 +0000: Memory Usage (136220K) : metal3_drw has 46 polygons
2026-08-20 17:10:16 +0000: Memory Usage (136220K) : metal3_filler has 0 polygons
2026-08-20 17:10:16 +0000: Memory Usage (136220K) : metal3_slit has 0 polygons
2026-08-20 17:10:16 +0000: Memory Usage (136220K) : metal3 has 46 polygons
2026-08-20 17:10:16 +0000: Memory Usage (136220K) : metal3_pin has 2 polygons
2026-08-20 17:10:16 +0000: Memory Usage (136220K) : metal3_mask has 0 polygons
2026-08-20 17:10:16 +0000: Memory Usage (136220K) : metal3_nofill has 2 polygons
2026-08-20 17:10:16 +0000: Memory Usage (136220K) : metal3_text has 0 polygons
2026-08-20 17:10:16 +0000: Memory Usage (136220K) : metal3_OPC has 0 polygons
2026-08-20 17:10:16 +0000: Memory Usage (136220K) : metal3_noqrc has 0 polygons
2026-08-20 17:10:16 +0000: Memory Usage (136220K) : metal3_res has 0 polygons
2026-08-20 17:10:16 +0000: Memory Usage (136220K) : metal3_iprobe has 0 polygons
2026-08-20 17:10:16 +0000: Memory Usage (136220K) : metal3_diffprb has 0 polygons
2026-08-20 17:10:16 +0000: Memory Usage (136220K) : nwell_drw has 14 polygons
2026-08-20 17:10:16 +0000: Memory Usage (136348K) : nwell_pin has 0 polygons
2026-08-20 17:10:16 +0000: Memory Usage (136348K) : nwell_text has 0 polygons
2026-08-20 17:10:16 +0000: Memory Usage (136348K) : nbulay_drw has 1 polygons
2026-08-20 17:10:16 +0000: Memory Usage (136348K) : nbulay_pin has 0 polygons
2026-08-20 17:10:16 +0000: Memory Usage (136348K) : nbulay_block has 0 polygons
2026-08-20 17:10:16 +0000: Memory Usage (136348K) : emwind_drw has 4 polygons
2026-08-20 17:10:16 +0000: Memory Usage (136476K) : emwind_OPC has 0 polygons
2026-08-20 17:10:16 +0000: Memory Usage (136476K) : deepco_drw has 0 polygons
2026-08-20 17:10:16 +0000: Memory Usage (136476K) : mim_drw has 0 polygons
2026-08-20 17:10:16 +0000: Memory Usage (136476K) : edgeseal_drw has 0 polygons
2026-08-20 17:10:16 +0000: Memory Usage (136476K) : substrate_drw has 500 polygons
2026-08-20 17:10:16 +0000: Memory Usage (136476K) : substrate_text has 0 polygons
2026-08-20 17:10:16 +0000: Memory Usage (136604K) : dfpad_drw has 2 polygons
2026-08-20 17:10:16 +0000: Memory Usage (136604K) : dfpad_pillar has 0 polygons
2026-08-20 17:10:16 +0000: Memory Usage (136604K) : dfpad_sbump has 0 polygons
2026-08-20 17:10:16 +0000: Memory Usage (136604K) : thickgateox_drw has 1 polygons
2026-08-20 17:10:16 +0000: Memory Usage (136604K) : pldb_drw has 0 polygons
2026-08-20 17:10:16 +0000: Memory Usage (136732K) : pwell_drw has 0 polygons
2026-08-20 17:10:16 +0000: Memory Usage (136732K) : pwell_pin has 0 polygons
2026-08-20 17:10:16 +0000: Memory Usage (136732K) : pwell_block has 2 polygons
2026-08-20 17:10:16 +0000: Memory Usage (136732K) : ic_drw has 0 polygons
2026-08-20 17:10:16 +0000: Memory Usage (136732K) : via3_drw has 1015 polygons
2026-08-20 17:10:16 +0000: Memory Usage (136732K) : metal4_drw has 24 polygons
2026-08-20 17:10:16 +0000: Memory Usage (136860K) : metal4_filler has 0 polygons
2026-08-20 17:10:16 +0000: Memory Usage (136860K) : metal4_slit has 0 polygons
2026-08-20 17:10:16 +0000: Memory Usage (136860K) : metal4 has 24 polygons
2026-08-20 17:10:16 +0000: Memory Usage (136860K) : metal4_pin has 0 polygons
2026-08-20 17:10:16 +0000: Memory Usage (136860K) : metal4_mask has 0 polygons
2026-08-20 17:10:16 +0000: Memory Usage (136860K) : metal4_nofill has 2 polygons
2026-08-20 17:10:16 +0000: Memory Usage (136988K) : metal4_text has 3 polygons
2026-08-20 17:10:16 +0000: Memory Usage (136988K) : metal4_OPC has 0 polygons
2026-08-20 17:10:16 +0000: Memory Usage (136988K) : metal4_noqrc has 0 polygons
2026-08-20 17:10:16 +0000: Memory Usage (136988K) : metal4_res has 0 polygons
2026-08-20 17:10:16 +0000: Memory Usage (136988K) : metal4_iprobe has 0 polygons
2026-08-20 17:10:16 +0000: Memory Usage (137116K) : metal4_diffprb has 0 polygons
2026-08-20 17:10:16 +0000: Memory Usage (137116K) : heattrans_drw has 123 polygons
2026-08-20 17:10:16 +0000: Memory Usage (137116K) : heatres_drw has 2 polygons
2026-08-20 17:10:16 +0000: Memory Usage (137116K) : fbe_drw has 0 polygons
2026-08-20 17:10:16 +0000: Memory Usage (137116K) : empoly_drw has 0 polygons
2026-08-20 17:10:16 +0000: Memory Usage (137116K) : digisub_drw has 0 polygons
2026-08-20 17:10:16 +0000: Memory Usage (137244K) : text_drw has 655 polygons
2026-08-20 17:10:16 +0000: Memory Usage (137244K) : via4_drw has 1009 polygons
2026-08-20 17:10:16 +0000: Memory Usage (137244K) : metal5_drw has 34 polygons
2026-08-20 17:10:16 +0000: Memory Usage (137244K) : metal5_filler has 0 polygons
2026-08-20 17:10:16 +0000: Memory Usage (137244K) : metal5_slit has 0 polygons
2026-08-20 17:10:16 +0000: Memory Usage (137244K) : metal5 has 34 polygons
2026-08-20 17:10:16 +0000: Memory Usage (137372K) : metal5_pin has 0 polygons
2026-08-20 17:10:16 +0000: Memory Usage (137372K) : metal5_mask has 0 polygons
2026-08-20 17:10:16 +0000: Memory Usage (137372K) : metal5_nofill has 2 polygons
2026-08-20 17:10:16 +0000: Memory Usage (137372K) : metal5_text has 0 polygons
2026-08-20 17:10:16 +0000: Memory Usage (137372K) : metal5_OPC has 0 polygons
2026-08-20 17:10:16 +0000: Memory Usage (137372K) : metal5_noqrc has 0 polygons
2026-08-20 17:10:16 +0000: Memory Usage (137500K) : metal5_res has 0 polygons
2026-08-20 17:10:16 +0000: Memory Usage (137500K) : metal5_iprobe has 0 polygons
2026-08-20 17:10:16 +0000: Memory Usage (137500K) : metal5_diffprb has 0 polygons
2026-08-20 17:10:16 +0000: Memory Usage (137500K) : radhard_drw has 0 polygons
2026-08-20 17:10:16 +0000: Memory Usage (137500K) : memcap_drw has 0 polygons
2026-08-20 17:10:16 +0000: Memory Usage (137500K) : varicap_drw has 0 polygons
2026-08-20 17:10:16 +0000: Memory Usage (137628K) : intbondvia_drw has 0 polygons
2026-08-20 17:10:16 +0000: Memory Usage (137628K) : intbondmet_drw has 0 polygons
2026-08-20 17:10:16 +0000: Memory Usage (137628K) : devbondvia_drw has 0 polygons
2026-08-20 17:10:16 +0000: Memory Usage (137628K) : devbondmet_drw has 0 polygons
2026-08-20 17:10:16 +0000: Memory Usage (137756K) : devtrench_drw has 0 polygons
2026-08-20 17:10:16 +0000: Memory Usage (137756K) : redist_drw has 0 polygons
2026-08-20 17:10:16 +0000: Memory Usage (137756K) : graphbot_drw has 0 polygons
2026-08-20 17:10:16 +0000: Memory Usage (137756K) : graphtop_drw has 0 polygons
2026-08-20 17:10:16 +0000: Memory Usage (137756K) : antvia1_drw has 0 polygons
2026-08-20 17:10:16 +0000: Memory Usage (137884K) : antmetal2_drw has 0 polygons
2026-08-20 17:10:16 +0000: Memory Usage (137884K) : graphcont_drw has 0 polygons
2026-08-20 17:10:16 +0000: Memory Usage (137884K) : siwg_drw has 0 polygons
2026-08-20 17:10:16 +0000: Memory Usage (137884K) : siwg_filler has 0 polygons
2026-08-20 17:10:16 +0000: Memory Usage (137884K) : siwg_nofill has 0 polygons
2026-08-20 17:10:16 +0000: Memory Usage (138012K) : sigrating_drw has 0 polygons
2026-08-20 17:10:16 +0000: Memory Usage (138012K) : singrating_drw has 0 polygons
2026-08-20 17:10:16 +0000: Memory Usage (138012K) : graphpas_drw has 0 polygons
2026-08-20 17:10:16 +0000: Memory Usage (138012K) : emwind3_drw has 0 polygons
2026-08-20 17:10:16 +0000: Memory Usage (138012K) : emwihv3_drw has 0 polygons
2026-08-20 17:10:16 +0000: Memory Usage (138012K) : redbulay_drw has 0 polygons
2026-08-20 17:10:16 +0000: Memory Usage (138140K) : smos_drw has 0 polygons
2026-08-20 17:10:16 +0000: Memory Usage (138140K) : graphpad_drw has 0 polygons
2026-08-20 17:10:16 +0000: Memory Usage (138140K) : polimide_drw has 0 polygons
2026-08-20 17:10:16 +0000: Memory Usage (138140K) : polimide_pin has 0 polygons
2026-08-20 17:10:16 +0000: Memory Usage (138140K) : recog_drw has 1 polygons
2026-08-20 17:10:16 +0000: Memory Usage (138268K) : recog_pin has 0 polygons
2026-08-20 17:10:16 +0000: Memory Usage (138268K) : recog_esd has 5 polygons
2026-08-20 17:10:16 +0000: Memory Usage (138268K) : recog_diode has 0 polygons
2026-08-20 17:10:16 +0000: Memory Usage (138268K) : recog_tsv has 0 polygons
2026-08-20 17:10:16 +0000: Memory Usage (138396K) : recog_iprobe has 0 polygons
2026-08-20 17:10:16 +0000: Memory Usage (138396K) : recog_diffprb has 0 polygons
2026-08-20 17:10:16 +0000: Memory Usage (138396K) : recog_pillar has 0 polygons
2026-08-20 17:10:16 +0000: Memory Usage (138396K) : recog_sbump has 0 polygons
2026-08-20 17:10:16 +0000: Memory Usage (138524K) : recog_otp has 0 polygons
2026-08-20 17:10:16 +0000: Memory Usage (138524K) : recog_pdiode has 0 polygons
2026-08-20 17:10:16 +0000: Memory Usage (138524K) : recog_mom has 0 polygons
2026-08-20 17:10:16 +0000: Memory Usage (138524K) : recog_momf has 0 polygons
2026-08-20 17:10:16 +0000: Memory Usage (138652K) : recog_pcm has 0 polygons
2026-08-20 17:10:16 +0000: Memory Usage (138652K) : colopen_drw has 0 polygons
2026-08-20 17:10:16 +0000: Memory Usage (138652K) : graphmetal1_drw has 0 polygons
2026-08-20 17:10:16 +0000: Memory Usage (138652K) : graphmetal1_filler has 0 polygons
2026-08-20 17:10:16 +0000: Memory Usage (138780K) : graphmetal1_nofill has 0 polygons
2026-08-20 17:10:16 +0000: Memory Usage (138780K) : graphmetal1_slit has 0 polygons
2026-08-20 17:10:16 +0000: Memory Usage (138780K) : graphmetal1_OPC has 0 polygons
2026-08-20 17:10:16 +0000: Memory Usage (138780K) : graphmet1l_drw has 0 polygons
2026-08-20 17:10:16 +0000: Memory Usage (138908K) : graphmet1l_filler has 0 polygons
2026-08-20 17:10:16 +0000: Memory Usage (138908K) : graphmet1l_nofill has 0 polygons
2026-08-20 17:10:16 +0000: Memory Usage (138908K) : graphmet1l_slit has 0 polygons
2026-08-20 17:10:16 +0000: Memory Usage (138908K) : graphmet1l_OPC has 0 polygons
2026-08-20 17:10:16 +0000: Memory Usage (138908K) : extblock_drw has 6 polygons
2026-08-20 17:10:16 +0000: Memory Usage (139036K) : nldd_drw has 0 polygons
2026-08-20 17:10:16 +0000: Memory Usage (139036K) : pldd_drw has 0 polygons
2026-08-20 17:10:16 +0000: Memory Usage (139036K) : next_drw has 0 polygons
2026-08-20 17:10:16 +0000: Memory Usage (139036K) : pext_drw has 0 polygons
2026-08-20 17:10:16 +0000: Memory Usage (139036K) : nexthv_drw has 0 polygons
2026-08-20 17:10:16 +0000: Memory Usage (139164K) : pexthv_drw has 0 polygons
2026-08-20 17:10:16 +0000: Memory Usage (139164K) : graphgate_drw has 0 polygons
2026-08-20 17:10:16 +0000: Memory Usage (139164K) : sinwg_drw has 0 polygons
2026-08-20 17:10:16 +0000: Memory Usage (139164K) : sinwg_filler has 0 polygons
2026-08-20 17:10:16 +0000: Memory Usage (139164K) : sinwg_nofill has 0 polygons
2026-08-20 17:10:16 +0000: Memory Usage (139164K) : mempad_drw has 0 polygons
2026-08-20 17:10:16 +0000: Memory Usage (139292K) : topvia1_drw has 478 polygons
2026-08-20 17:10:16 +0000: Memory Usage (139292K) : topmetal1_drw has 49 polygons
2026-08-20 17:10:16 +0000: Memory Usage (139292K) : topmetal1_filler has 0 polygons
2026-08-20 17:10:16 +0000: Memory Usage (139292K) : topmetal1_slit has 0 polygons
2026-08-20 17:10:16 +0000: Memory Usage (139292K) : topmetal1 has 49 polygons
2026-08-20 17:10:16 +0000: Memory Usage (139420K) : topmetal1_pin has 0 polygons
2026-08-20 17:10:16 +0000: Memory Usage (139420K) : topmetal1_mask has 0 polygons
2026-08-20 17:10:16 +0000: Memory Usage (139420K) : topmetal1_nofill has 2 polygons
2026-08-20 17:10:16 +0000: Memory Usage (139420K) : topmetal1_text has 0 polygons
2026-08-20 17:10:16 +0000: Memory Usage (139420K) : topmetal1_noqrc has 0 polygons
2026-08-20 17:10:16 +0000: Memory Usage (139548K) : topmetal1_res has 0 polygons
2026-08-20 17:10:16 +0000: Memory Usage (139548K) : topmetal1_iprobe has 0 polygons
2026-08-20 17:10:16 +0000: Memory Usage (139548K) : topmetal1_diffprb has 0 polygons
2026-08-20 17:10:16 +0000: Memory Usage (139548K) : inldpwl_drw has 0 polygons
2026-08-20 17:10:16 +0000: Memory Usage (139676K) : polyres_drw has 2 polygons
2026-08-20 17:10:16 +0000: Memory Usage (139676K) : polyres_pin has 0 polygons
2026-08-20 17:10:16 +0000: Memory Usage (139676K) : vmim_drw has 0 polygons
2026-08-20 17:10:16 +0000: Memory Usage (139676K) : nbulaycut_drw has 0 polygons
2026-08-20 17:10:16 +0000: Memory Usage (139804K) : antmetal1_drw has 0 polygons
2026-08-20 17:10:16 +0000: Memory Usage (139804K) : topvia2_drw has 232 polygons
2026-08-20 17:10:16 +0000: Memory Usage (140060K) : topmetal2_drw has 64 polygons
2026-08-20 17:10:16 +0000: Memory Usage (140060K) : topmetal2_filler has 0 polygons
2026-08-20 17:10:16 +0000: Memory Usage (140060K) : topmetal2_slit has 0 polygons
2026-08-20 17:10:16 +0000: Memory Usage (140188K) : topmetal2 has 64 polygons
2026-08-20 17:10:16 +0000: Memory Usage (140188K) : topmetal2_pin has 4 polygons
2026-08-20 17:10:16 +0000: Memory Usage (140188K) : topmetal2_mask has 0 polygons
2026-08-20 17:10:16 +0000: Memory Usage (140188K) : topmetal2_nofill has 2 polygons
2026-08-20 17:10:16 +0000: Memory Usage (140188K) : topmetal2_text has 8 polygons
2026-08-20 17:10:16 +0000: Memory Usage (140316K) : topmetal2_noqrc has 0 polygons
2026-08-20 17:10:16 +0000: Memory Usage (140316K) : topmetal2_res has 0 polygons
2026-08-20 17:10:16 +0000: Memory Usage (140316K) : topmetal2_iprobe has 0 polygons
2026-08-20 17:10:16 +0000: Memory Usage (140444K) : topmetal2_diffprb has 0 polygons
2026-08-20 17:10:16 +0000: Memory Usage (140444K) : snsring_drw has 0 polygons
2026-08-20 17:10:16 +0000: Memory Usage (140444K) : sensor_drw has 0 polygons
2026-08-20 17:10:16 +0000: Memory Usage (140444K) : snsarms_drw has 0 polygons
2026-08-20 17:10:16 +0000: Memory Usage (140572K) : snscmosvia_drw has 0 polygons
2026-08-20 17:10:16 +0000: Memory Usage (140572K) : colwind_drw has 0 polygons
2026-08-20 17:10:16 +0000: Memory Usage (140700K) : flm_drw has 0 polygons
2026-08-20 17:10:16 +0000: Memory Usage (140700K) : hafniumox_drw has 0 polygons
2026-08-20 17:10:16 +0000: Memory Usage (140700K) : memvia_drw has 0 polygons
2026-08-20 17:10:16 +0000: Memory Usage (140828K) : thinfilmres_drw has 0 polygons
2026-08-20 17:10:16 +0000: Memory Usage (140828K) : rfmem_drw has 0 polygons
2026-08-20 17:10:16 +0000: Memory Usage (140828K) : norcx_drw has 2 polygons
2026-08-20 17:10:16 +0000: Memory Usage (140828K) : norcx_m2m3 has 0 polygons
2026-08-20 17:10:16 +0000: Memory Usage (140828K) : norcx_m2m4 has 0 polygons
2026-08-20 17:10:16 +0000: Memory Usage (140828K) : norcx_m2m5 has 0 polygons
2026-08-20 17:10:16 +0000: Memory Usage (140828K) : norcx_m2tm1 has 0 polygons
2026-08-20 17:10:16 +0000: Memory Usage (140828K) : norcx_m2tm2 has 0 polygons
2026-08-20 17:10:16 +0000: Memory Usage (140828K) : norcx_m3m4 has 0 polygons
2026-08-20 17:10:16 +0000: Memory Usage (140828K) : norcx_m3m5 has 0 polygons
2026-08-20 17:10:16 +0000: Memory Usage (140828K) : norcx_m3tm1 has 0 polygons
2026-08-20 17:10:16 +0000: Memory Usage (140828K) : norcx_m3tm2 has 0 polygons
2026-08-20 17:10:16 +0000: Memory Usage (140828K) : norcx_m4m5 has 0 polygons
2026-08-20 17:10:16 +0000: Memory Usage (140828K) : norcx_m4tm1 has 0 polygons
2026-08-20 17:10:16 +0000: Memory Usage (140828K) : norcx_m4tm2 has 0 polygons
2026-08-20 17:10:16 +0000: Memory Usage (140828K) : norcx_m5tm1 has 0 polygons
2026-08-20 17:10:16 +0000: Memory Usage (140828K) : norcx_m5tm2 has 0 polygons
2026-08-20 17:10:16 +0000: Memory Usage (140828K) : norcx_tm1tm2 has 0 polygons
2026-08-20 17:10:16 +0000: Memory Usage (140828K) : norcx_m1sub has 0 polygons
2026-08-20 17:10:16 +0000: Memory Usage (140828K) : norcx_m2sub has 0 polygons
2026-08-20 17:10:16 +0000: Memory Usage (140828K) : norcx_m3sub has 0 polygons
2026-08-20 17:10:16 +0000: Memory Usage (140828K) : norcx_m4sub has 0 polygons
2026-08-20 17:10:16 +0000: Memory Usage (140828K) : norcx_m5sub has 0 polygons
2026-08-20 17:10:16 +0000: Memory Usage (140828K) : norcx_tm1sub has 0 polygons
2026-08-20 17:10:16 +0000: Memory Usage (140828K) : norcx_tm2sub has 0 polygons
2026-08-20 17:10:16 +0000: Memory Usage (140828K) : snsbotvia_drw has 0 polygons
2026-08-20 17:10:16 +0000: Memory Usage (140828K) : snstopvia_drw has 0 polygons
2026-08-20 17:10:16 +0000: Memory Usage (140828K) : deepvia_drw has 0 polygons
2026-08-20 17:10:16 +0000: Memory Usage (140828K) : fgetch_drw has 0 polygons
2026-08-20 17:10:16 +0000: Memory Usage (140828K) : ctrgat_drw has 0 polygons
2026-08-20 17:10:16 +0000: Memory Usage (140828K) : fgimp_drw has 0 polygons
2026-08-20 17:10:16 +0000: Memory Usage (140828K) : emwihv_drw has 0 polygons
2026-08-20 17:10:16 +0000: Memory Usage (140828K) : lbe_drw has 2 polygons
2026-08-20 17:10:16 +0000: Memory Usage (140828K) : alcustop_drw has 0 polygons
2026-08-20 17:10:16 +0000: Memory Usage (140828K) : nometfiller_drw has 0 polygons
2026-08-20 17:10:16 +0000: Memory Usage (140828K) : prboundary_drw has 0 polygons
2026-08-20 17:10:16 +0000: Memory Usage (140828K) : exchange0_drw has 0 polygons
2026-08-20 17:10:16 +0000: Memory Usage (140828K) : exchange0_pin has 0 polygons
2026-08-20 17:10:16 +0000: Memory Usage (140828K) : exchange0_text has 0 polygons
2026-08-20 17:10:16 +0000: Memory Usage (140828K) : exchange1_drw has 0 polygons
2026-08-20 17:10:16 +0000: Memory Usage (140828K) : exchange1_pin has 0 polygons
2026-08-20 17:10:16 +0000: Memory Usage (140828K) : exchange1_text has 0 polygons
2026-08-20 17:10:16 +0000: Memory Usage (140828K) : exchange2_drw has 0 polygons
2026-08-20 17:10:16 +0000: Memory Usage (140828K) : exchange2_pin has 0 polygons
2026-08-20 17:10:16 +0000: Memory Usage (140828K) : exchange2_text has 0 polygons
2026-08-20 17:10:16 +0000: Memory Usage (140828K) : exchange3_drw has 0 polygons
2026-08-20 17:10:16 +0000: Memory Usage (140828K) : exchange3_pin has 0 polygons
2026-08-20 17:10:16 +0000: Memory Usage (140828K) : exchange3_text has 0 polygons
2026-08-20 17:10:16 +0000: Memory Usage (140828K) : exchange4_drw has 0 polygons
2026-08-20 17:10:16 +0000: Memory Usage (140828K) : exchange4_pin has 0 polygons
2026-08-20 17:10:16 +0000: Memory Usage (140828K) : exchange4_text has 0 polygons
2026-08-20 17:10:16 +0000: Memory Usage (140828K) : isonwell_drw has 0 polygons
2026-08-20 17:10:16 +0000: Memory Usage (140828K) : Total no. of polygons in the design is 31894
2026-08-20 17:10:16 +0000: Memory Usage (140828K) : Starting base layers derivations
2026-08-20 17:10:16 +0000: Memory Usage (140828K) : Starting general LVS derivations
2026-08-20 17:10:17 +0000: Memory Usage (145364K) : Starting MOSFET DERIVATIONS
2026-08-20 17:10:17 +0000: Memory Usage (146132K) : Starting NMOS DERIVATIONS
2026-08-20 17:10:17 +0000: Memory Usage (146132K) : Starting PMOS DERIVATIONS
2026-08-20 17:10:17 +0000: Memory Usage (146132K) : Starting RF-MOSFET DERIVATIONS
2026-08-20 17:10:17 +0000: Memory Usage (146132K) : Starting RF-NMOS DERIVATIONS
2026-08-20 17:10:17 +0000: Memory Usage (146132K) : Starting RF-PMOS DERIVATIONS
2026-08-20 17:10:17 +0000: Memory Usage (146132K) : Starting BJT DERIVATIONS
2026-08-20 17:10:17 +0000: Memory Usage (146132K) : Starting NPN-BJT DERIVATIONS
2026-08-20 17:10:17 +0000: Memory Usage (146132K) : Starting PNP-BJT DERIVATIONS
2026-08-20 17:10:17 +0000: Memory Usage (146132K) : Starting DIODE DERIVATIONS
2026-08-20 17:10:17 +0000: Memory Usage (146260K) : Starting RESISTOR DERIVATIONS
2026-08-20 17:10:17 +0000: Memory Usage (146260K) : Starting CAP DERIVATIONS
2026-08-20 17:10:18 +0000: Memory Usage (147284K) : Starting CAP_CMOM DERIVATIONS
2026-08-20 17:10:18 +0000: Memory Usage (147284K) : Starting CAP_CMOMF DERIVATIONS
2026-08-20 17:10:18 +0000: Memory Usage (147284K) : Starting ESD DERIVATIONS
2026-08-20 17:10:18 +0000: Memory Usage (147284K) : Starting Inductor DERIVATIONS
2026-08-20 17:10:19 +0000: Memory Usage (147284K) : Starting Taps DERIVATIONS
2026-08-20 17:10:19 +0000: Memory Usage (147284K) : Starting SG13G2 LVS connectivity setup
2026-08-20 17:10:19 +0000: Memory Usage (147284K) : Starting SG13G2 LVS connectivity setup (Inter-layer)
2026-08-20 17:10:19 +0000: Memory Usage (147412K) : Starting SG13G2 LVS connectivity setup (Global)
2026-08-20 17:10:19 +0000: Memory Usage (147412K) : Starting LVS MOSFET CONNECTIONS
2026-08-20 17:10:19 +0000: Memory Usage (147412K) : Starting LVS RF-MOSFET CONNECTIONS
2026-08-20 17:10:19 +0000: Memory Usage (147412K) : Starting LVS BJT CONNECTIONS
2026-08-20 17:10:19 +0000: Memory Usage (147412K) : Starting LVS DIODE CONNECTIONS
2026-08-20 17:10:19 +0000: Memory Usage (147412K) : Starting RESISTOR CONNECTIONS
2026-08-20 17:10:19 +0000: Memory Usage (147412K) : Starting LVS CAP CONNECTIONS
2026-08-20 17:10:19 +0000: Memory Usage (147412K) : Starting CAP_CMOM CONNECTIONS
2026-08-20 17:10:19 +0000: Memory Usage (147412K) : Starting CAP_CMOMF CONNECTIONS
2026-08-20 17:10:19 +0000: Memory Usage (147412K) : Starting ESD CONNECTIONS
2026-08-20 17:10:19 +0000: Memory Usage (147412K) : Starting Inductor CONNECTIONS
2026-08-20 17:10:19 +0000: Memory Usage (147412K) : Starting LVS Taps CONNECTIONS
2026-08-20 17:10:19 +0000: Memory Usage (147412K) : Starting SG13G2 LVS DEVICES EXTRACTION
2026-08-20 17:10:19 +0000: Memory Usage (147412K) : Starting MOSFET EXTRACTION
2026-08-20 17:10:19 +0000: Memory Usage (147412K) : Starting NMOS EXTRACTION
2026-08-20 17:10:19 +0000: Memory Usage (147412K) : Extraction of NMOS-LV transistor
2026-08-20 17:10:19 +0000: Memory Usage (147540K) : Extraction of NMOS-HV transistor
2026-08-20 17:10:19 +0000: Memory Usage (147540K) : Starting PMOS EXTRACTION
2026-08-20 17:10:19 +0000: Memory Usage (147540K) : Extraction of PMOS-LV transistor
2026-08-20 17:10:19 +0000: Memory Usage (147540K) : Extraction of PMOS-HV transistor
2026-08-20 17:10:19 +0000: Memory Usage (147540K) : Starting RF-MOSFET EXTRACTION
2026-08-20 17:10:19 +0000: Memory Usage (147540K) : Extraction of RF-NMOS-LV transistor
2026-08-20 17:10:19 +0000: Memory Usage (147540K) : Extraction of RF-NMOS-HV transistor
2026-08-20 17:10:19 +0000: Memory Usage (147540K) : Extraction of RF-PMOS-LV transistor
2026-08-20 17:10:19 +0000: Memory Usage (147540K) : Extraction of RF-PMOS-HV transistor
2026-08-20 17:10:19 +0000: Memory Usage (147540K) : Starting BJT EXTRACTION
2026-08-20 17:10:19 +0000: Memory Usage (147540K) : Starting NPN-BJT EXTRACTION
2026-08-20 17:10:19 +0000: Memory Usage (147540K) : Extraction of npn13G2 BJT transistor
2026-08-20 17:10:19 +0000: Memory Usage (147540K) : Extraction of npn13G2L BJT transistor
2026-08-20 17:10:19 +0000: Memory Usage (147540K) : Extraction of npn13G2V BJT transistor
2026-08-20 17:10:19 +0000: Memory Usage (147540K) : Starting PNP-BJT EXTRACTION
2026-08-20 17:10:19 +0000: Memory Usage (147540K) : Extracting pnpMPA BJT
2026-08-20 17:10:19 +0000: Memory Usage (147540K) : Starting DIODE EXTRACTION
2026-08-20 17:10:19 +0000: Memory Usage (147540K) : Extracting dantenna diode
2026-08-20 17:10:19 +0000: Memory Usage (147540K) : Extracting dpantenna diode
2026-08-20 17:10:19 +0000: Memory Usage (147540K) : Extracting schottky_nbl1 diode
2026-08-20 17:10:19 +0000: Memory Usage (147540K) : Extracting isolbox diode
2026-08-20 17:10:19 +0000: Memory Usage (147540K) : Starting RESISTOR EXTRACTION
2026-08-20 17:10:19 +0000: Memory Usage (147540K) : Extracting rsil resistor
2026-08-20 17:10:19 +0000: Memory Usage (147540K) : Extracting rppd resistor
2026-08-20 17:10:19 +0000: Memory Usage (147540K) : Extracting rhigh resistor
2026-08-20 17:10:19 +0000: Memory Usage (147540K) : Extracting res_metal1 resistor
2026-08-20 17:10:19 +0000: Memory Usage (147668K) : Extracting res_metal2 resistor
2026-08-20 17:10:19 +0000: Memory Usage (147668K) : Extracting res_metal3 resistor
2026-08-20 17:10:19 +0000: Memory Usage (147668K) : Extracting res_metal4 resistor
2026-08-20 17:10:19 +0000: Memory Usage (147668K) : Extracting res_metal5 resistor
2026-08-20 17:10:19 +0000: Memory Usage (147668K) : Extracting res_topmetal1 resistor
2026-08-20 17:10:19 +0000: Memory Usage (147668K) : Extracting res_topmetal2 resistor
2026-08-20 17:10:19 +0000: Memory Usage (147668K) : Starting CAP EXTRACTION
2026-08-20 17:10:19 +0000: Memory Usage (147668K) : Extracting cap_cmim device
2026-08-20 17:10:19 +0000: Memory Usage (147668K) : Extracting rfcmim device
2026-08-20 17:10:19 +0000: Memory Usage (147668K) : Extracting sg13_hv_svaricap varactor
2026-08-20 17:10:19 +0000: Memory Usage (147668K) : Extracting cap_cmomi device
2026-08-20 17:10:19 +0000: Memory Usage (147668K) : Extracting cap_cmomf device
2026-08-20 17:10:19 +0000: Memory Usage (147668K) : Extracting sg13_moscap_n capacitor
2026-08-20 17:10:19 +0000: Memory Usage (147668K) : Extracting sg13_moscap_p capacitor
2026-08-20 17:10:19 +0000: Memory Usage (147668K) : Starting ESD EXTRACTION
2026-08-20 17:10:19 +0000: Memory Usage (147668K) : Extracting diodevdd_2kv ESD device
2026-08-20 17:10:19 +0000: Memory Usage (147668K) : Extracting diodevdd_4kv ESD device
2026-08-20 17:10:19 +0000: Memory Usage (147668K) : Extracting diodevss_2kv ESD device
2026-08-20 17:10:19 +0000: Memory Usage (147668K) : Extracting diodevss_4kv ESD device
2026-08-20 17:10:19 +0000: Memory Usage (147668K) : Extracting idiodevdd_2kv ESD device
2026-08-20 17:10:19 +0000: Memory Usage (147668K) : Extracting idiodevdd_4kv ESD device
2026-08-20 17:10:19 +0000: Memory Usage (147668K) : Extracting idiodevss_2kv ESD device
2026-08-20 17:10:19 +0000: Memory Usage (147668K) : Extracting idiodevss_4kv ESD device
2026-08-20 17:10:19 +0000: Memory Usage (147668K) : Extracting nmoscl_2 ESD device
2026-08-20 17:10:19 +0000: Memory Usage (147668K) : Extracting nmoscl_4 ESD device
2026-08-20 17:10:19 +0000: Memory Usage (147668K) : Starting Inductor EXTRACTION
2026-08-20 17:10:19 +0000: Memory Usage (147668K) : Extracting Inductor2 device
2026-08-20 17:10:19 +0000: Memory Usage (147668K) : Extracting Inductor3 device
2026-08-20 17:10:19 +0000: Memory Usage (147668K) : Starting Taps EXTRACTION
2026-08-20 17:10:19 +0000: Memory Usage (147668K) : DISABLE_TAP_EXTRACTION is enabled: skipping ntap1/ptap1 device extraction.
2026-08-20 17:10:19 +0000: Memory Usage (147668K) : Starting SG13G2 LVS RF MOS Model Mapping
2026-08-20 17:10:19 +0000: Memory Usage (147796K) : [layout_netlist] Apply RF MOS model mapping and rfmode parameter.
2026-08-20 17:10:19 +0000: Memory Usage (147796K) : Starting SG13G2 LVS Options Preparations
2026-08-20 17:10:19 +0000: Memory Usage (147796K) : SG13G2 LVS flow: extraction -> alignment -> option preparation -> comparison.
2026-08-20 17:10:19 +0000: Memory Usage (147796K) : Starting SG13G2 LVS Alignment
2026-08-20 17:10:19 +0000: Memory Usage (147796K) : Starting SG13G2 LVS Simplification
2026-08-20 17:10:19 +0000: Memory Usage (147796K) : [layout_netlist] simplify: ENABLED
2026-08-20 17:10:19 +0000: Memory Usage (147796K) : [layout_netlist] make_top_level_pins: SKIPPED
2026-08-20 17:10:19 +0000: Memory Usage (147796K) : [layout_netlist] combine_devices: SKIPPED
2026-08-20 17:10:19 +0000: Memory Usage (147796K) : [layout_netlist] purge: SKIPPED
2026-08-20 17:10:19 +0000: Memory Usage (147796K) : [layout_netlist] purge_nets: SKIPPED
2026-08-20 17:10:19 +0000: Memory Usage (147796K) : [schematic_netlist] simplify: ENABLED
2026-08-20 17:10:19 +0000: Memory Usage (147796K) : [schematic_netlist] make_top_level_pins: SKIPPED
2026-08-20 17:10:19 +0000: Memory Usage (147796K) : [schematic_netlist] combine_devices: SKIPPED
2026-08-20 17:10:19 +0000: Memory Usage (147796K) : [schematic_netlist] purge: SKIPPED
2026-08-20 17:10:19 +0000: Memory Usage (147796K) : [schematic_netlist] purge_nets: SKIPPED
2026-08-20 17:10:19 +0000: Memory Usage (147796K) : Starting SG13G2 LVS Comparison
2026-08-20 17:10:19 +0000: Memory Usage (147924K) : xxxxxxxxxxxxxxxxxxxxxxxxxxxxxxxxxxxxxxxxxx
2026-08-20 17:10:19 +0000: Memory Usage (147924K) : ERROR : Netlists don't match
2026-08-20 17:10:19 +0000: Memory Usage (147924K) : xxxxxxxxxxxxxxxxxxxxxxxxxxxxxxxxxxxxxxxxxx
2026-08-20 17:10:19 +0000: Memory Usage (147924K) : LVS Total Run time 2.541784 seconds
