$ /home/ubuntu/.local/share/ihp-eda/venv/bin/python /home/ubuntu/.local/share/ihp-eda/IHP-Open-PDK/ihp-sg13g2/libs.tech/klayout/tech/lvs/run_lvs.py --layout=/workspace/layout/blocks/out/driver_stage/granular3/with_channel_supplies/driver_dut.gds --netlist=/workspace/layout/blocks/out/driver_stage/granular3/with_channel_supplies/x.cdl --run_dir=/workspace/layout/blocks/out/driver_stage/granular3/with_channel_supplies/lvs --run_mode=deep --topcell=driver_dut --implicit_nets=sub,sub! --ignore_top_ports_mismatch --disable_tap_extraction

--- stdout ---
2026-08-20 17:24:42 +0000: Memory Usage (128848K) : Starting running SG13G2 Klayout LVS runset on /workspace/layout/blocks/out/driver_stage/granular3/with_channel_supplies/driver_dut.gds
2026-08-20 17:24:42 +0000: Memory Usage (128848K) : Ruby Version for klayout: 3.2.3
2026-08-20 17:24:42 +0000: Memory Usage (130188K) : Loading database to memory is complete.
2026-08-20 17:24:42 +0000: Memory Usage (130188K) : SG13G2 Klayout LVS runset output at: /workspace/layout/blocks/out/driver_stage/granular3/with_channel_supplies/lvs/driver_dut.lvsdb
2026-08-20 17:24:42 +0000: Memory Usage (130188K) : Evaluate switches.
2026-08-20 17:24:42 +0000: Memory Usage (130188K) : Extracted netlist with net names: true
2026-08-20 17:24:42 +0000: Memory Usage (130188K) : Extracted netlist with comments in details: false
2026-08-20 17:24:42 +0000: Memory Usage (130188K) : Selected NET_ONLY option: false
2026-08-20 17:24:42 +0000: Memory Usage (130188K) : Selected LAYOUT_NETLIST option: (none)
2026-08-20 17:24:42 +0000: Memory Usage (130188K) : Selected IGNORE_TOP_PORTS_MISMATCH option: true
2026-08-20 17:24:42 +0000: Memory Usage (130188K) : Selected IMPLICIT_NETS option: sub,sub!
2026-08-20 17:24:42 +0000: Memory Usage (130188K) : Selected TOP_LVL_PINS option: false
2026-08-20 17:24:42 +0000: Memory Usage (130188K) : Selected COMBINE DEVICES option: false
2026-08-20 17:24:42 +0000: Memory Usage (130188K) : Selected PURGE option: false
2026-08-20 17:24:42 +0000: Memory Usage (130188K) : Selected PURGE_NETS option: false
2026-08-20 17:24:42 +0000: Memory Usage (130188K) : Selected SIMPLIFY option: true
2026-08-20 17:24:42 +0000: Memory Usage (130188K) : Selected SERIES_RES option: true
2026-08-20 17:24:42 +0000: Memory Usage (130188K) : Selected PARALLEL_RES option: true
2026-08-20 17:24:42 +0000: Memory Usage (130188K) : Selected DISABLE_TAP_EXTRACTION option: true
2026-08-20 17:24:42 +0000: Memory Usage (130188K) : deep  mode is enabled.
2026-08-20 17:24:42 +0000: Memory Usage (130188K) : Applying implicit connections (case-sensitive, pattern supported) for nets: sub, sub!
2026-08-20 17:24:42 +0000: Memory Usage (131432K) : Netlist file: /workspace/layout/blocks/out/driver_stage/granular3/with_channel_supplies/x.cdl
2026-08-20 17:24:42 +0000: Memory Usage (131432K) : LVS extracted netlist at: /workspace/layout/blocks/out/driver_stage/granular3/with_channel_supplies/lvs/driver_dut_extracted.cir
2026-08-20 17:24:42 +0000: Memory Usage (131432K) : Applying SRAM integration support.
2026-08-20 17:24:42 +0000: Memory Usage (131432K) : Starting SG13G2 LVS runset
2026-08-20 17:24:42 +0000: Memory Usage (131432K) : Read in polygons from layers.
2026-08-20 17:24:42 +0000: Memory Usage (132476K) : activ_drw has 899 polygons
2026-08-20 17:24:42 +0000: Memory Usage (132476K) : activ_filler has 0 polygons
2026-08-20 17:24:42 +0000: Memory Usage (132696K) : activ has 899 polygons
2026-08-20 17:24:42 +0000: Memory Usage (133208K) : activ_pin has 0 polygons
2026-08-20 17:24:42 +0000: Memory Usage (133208K) : activ_mask has 4 polygons
2026-08-20 17:24:42 +0000: Memory Usage (133208K) : activ_nofill has 2 polygons
2026-08-20 17:24:42 +0000: Memory Usage (133208K) : activ_OPC has 0 polygons
2026-08-20 17:24:42 +0000: Memory Usage (133208K) : activ_iOPC has 0 polygons
2026-08-20 17:24:42 +0000: Memory Usage (133208K) : activ_noqrc has 0 polygons
2026-08-20 17:24:42 +0000: Memory Usage (133208K) : biwind_drw has 0 polygons
2026-08-20 17:24:42 +0000: Memory Usage (133208K) : biwind_OPC has 0 polygons
2026-08-20 17:24:42 +0000: Memory Usage (133208K) : gatpoly_drw has 140 polygons
2026-08-20 17:24:42 +0000: Memory Usage (133208K) : gatpoly_filler has 0 polygons
2026-08-20 17:24:42 +0000: Memory Usage (133208K) : gatpoly has 140 polygons
2026-08-20 17:24:42 +0000: Memory Usage (133208K) : gatpoly_pin has 119 polygons
2026-08-20 17:24:42 +0000: Memory Usage (133208K) : gatpoly_nofill has 2 polygons
2026-08-20 17:24:42 +0000: Memory Usage (133208K) : gatpoly_OPC has 0 polygons
2026-08-20 17:24:42 +0000: Memory Usage (133208K) : gatpoly_iOPC has 0 polygons
2026-08-20 17:24:42 +0000: Memory Usage (133208K) : gatpoly_noqrc has 0 polygons
2026-08-20 17:24:42 +0000: Memory Usage (133336K) : cont_drw has 14577 polygons
2026-08-20 17:24:42 +0000: Memory Usage (133336K) : cont_OPC has 0 polygons
2026-08-20 17:24:42 +0000: Memory Usage (133464K) : nsd_drw has 0 polygons
2026-08-20 17:24:42 +0000: Memory Usage (133464K) : nsd_block has 4 polygons
2026-08-20 17:24:42 +0000: Memory Usage (133464K) : metal1_drw has 1566 polygons
2026-08-20 17:24:42 +0000: Memory Usage (133592K) : metal1_filler has 0 polygons
2026-08-20 17:24:42 +0000: Memory Usage (133592K) : metal1_slit has 0 polygons
2026-08-20 17:24:42 +0000: Memory Usage (133720K) : metal1 has 1566 polygons
2026-08-20 17:24:42 +0000: Memory Usage (133720K) : metal1_pin has 750 polygons
2026-08-20 17:24:42 +0000: Memory Usage (133848K) : metal1_mask has 0 polygons
2026-08-20 17:24:42 +0000: Memory Usage (133848K) : metal1_nofill has 2 polygons
2026-08-20 17:24:42 +0000: Memory Usage (134104K) : metal1_text has 5 polygons
2026-08-20 17:24:42 +0000: Memory Usage (134232K) : metal1_OPC has 0 polygons
2026-08-20 17:24:42 +0000: Memory Usage (134232K) : metal1_noqrc has 0 polygons
2026-08-20 17:24:42 +0000: Memory Usage (134360K) : metal1_res has 0 polygons
2026-08-20 17:24:42 +0000: Memory Usage (134360K) : metal1_iprobe has 0 polygons
2026-08-20 17:24:42 +0000: Memory Usage (134360K) : metal1_diffprb has 0 polygons
2026-08-20 17:24:42 +0000: Memory Usage (134488K) : passiv_drw has 2 polygons
2026-08-20 17:24:42 +0000: Memory Usage (134488K) : passiv_pin has 0 polygons
2026-08-20 17:24:42 +0000: Memory Usage (134488K) : passiv_sbump has 0 polygons
2026-08-20 17:24:42 +0000: Memory Usage (134616K) : passiv_pillar has 0 polygons
2026-08-20 17:24:42 +0000: Memory Usage (134616K) : passiv_pdl has 0 polygons
2026-08-20 17:24:42 +0000: Memory Usage (134616K) : metal2_drw has 581 polygons
2026-08-20 17:24:42 +0000: Memory Usage (134744K) : metal2_filler has 0 polygons
2026-08-20 17:24:42 +0000: Memory Usage (134744K) : metal2_slit has 0 polygons
2026-08-20 17:24:42 +0000: Memory Usage (134744K) : metal2 has 581 polygons
2026-08-20 17:24:42 +0000: Memory Usage (134744K) : metal2_pin has 10 polygons
2026-08-20 17:24:42 +0000: Memory Usage (134872K) : metal2_mask has 0 polygons
2026-08-20 17:24:42 +0000: Memory Usage (134872K) : metal2_nofill has 2 polygons
2026-08-20 17:24:42 +0000: Memory Usage (134872K) : metal2_text has 3 polygons
2026-08-20 17:24:42 +0000: Memory Usage (134872K) : metal2_OPC has 0 polygons
2026-08-20 17:24:42 +0000: Memory Usage (135000K) : metal2_noqrc has 0 polygons
2026-08-20 17:24:42 +0000: Memory Usage (135000K) : metal2_res has 0 polygons
2026-08-20 17:24:42 +0000: Memory Usage (135000K) : metal2_iprobe has 0 polygons
2026-08-20 17:24:42 +0000: Memory Usage (135000K) : metal2_diffprb has 0 polygons
2026-08-20 17:24:42 +0000: Memory Usage (135128K) : baspoly_drw has 0 polygons
2026-08-20 17:24:42 +0000: Memory Usage (135128K) : baspoly_pin has 0 polygons
2026-08-20 17:24:42 +0000: Memory Usage (135128K) : psd_drw has 515 polygons
2026-08-20 17:24:42 +0000: Memory Usage (135128K) : nldb_drw has 0 polygons
2026-08-20 17:24:42 +0000: Memory Usage (135256K) : digibnd_drw has 0 polygons
2026-08-20 17:24:42 +0000: Memory Usage (135256K) : via1_drw has 7666 polygons
2026-08-20 17:24:42 +0000: Memory Usage (135256K) : backmetal1_drw has 0 polygons
2026-08-20 17:24:42 +0000: Memory Usage (135384K) : backmetal1_pin has 0 polygons
2026-08-20 17:24:42 +0000: Memory Usage (135384K) : backmetal1_mask has 0 polygons
2026-08-20 17:24:42 +0000: Memory Usage (135384K) : backmetal1_filler has 0 polygons
2026-08-20 17:24:42 +0000: Memory Usage (135384K) : backmetal1_nofill has 0 polygons
2026-08-20 17:24:42 +0000: Memory Usage (135512K) : backmetal1_slit has 0 polygons
2026-08-20 17:24:42 +0000: Memory Usage (135512K) : backmetal1_text has 0 polygons
2026-08-20 17:24:42 +0000: Memory Usage (135512K) : backmetal1_OPC has 0 polygons
2026-08-20 17:24:42 +0000: Memory Usage (135512K) : backmetal1_noqrc has 0 polygons
2026-08-20 17:24:42 +0000: Memory Usage (135640K) : backmetal1_res has 0 polygons
2026-08-20 17:24:42 +0000: Memory Usage (135640K) : backmetal1_iprobe has 0 polygons
2026-08-20 17:24:42 +0000: Memory Usage (135640K) : backmetal1_diffprb has 0 polygons
2026-08-20 17:24:42 +0000: Memory Usage (135640K) : backpassiv_drw has 0 polygons
2026-08-20 17:24:42 +0000: Memory Usage (135768K) : res_drw has 2 polygons
2026-08-20 17:24:42 +0000: Memory Usage (135768K) : sram_drw has 0 polygons
2026-08-20 17:24:42 +0000: Memory Usage (135768K) : trans_drw has 2 polygons
2026-08-20 17:24:42 +0000: Memory Usage (135896K) : ind_drw has 2 polygons
2026-08-20 17:24:42 +0000: Memory Usage (135896K) : ind_pin has 4 polygons
2026-08-20 17:24:42 +0000: Memory Usage (135896K) : ind_text has 4 polygons
2026-08-20 17:24:42 +0000: Memory Usage (135896K) : salblock_drw has 12 polygons
2026-08-20 17:24:42 +0000: Memory Usage (136024K) : via2_drw has 868 polygons
2026-08-20 17:24:42 +0000: Memory Usage (136024K) : metal3_drw has 80 polygons
2026-08-20 17:24:42 +0000: Memory Usage (136024K) : metal3_filler has 0 polygons
2026-08-20 17:24:42 +0000: Memory Usage (136152K) : metal3_slit has 0 polygons
2026-08-20 17:24:42 +0000: Memory Usage (136152K) : metal3 has 80 polygons
2026-08-20 17:24:42 +0000: Memory Usage (136152K) : metal3_pin has 2 polygons
2026-08-20 17:24:42 +0000: Memory Usage (136152K) : metal3_mask has 0 polygons
2026-08-20 17:24:42 +0000: Memory Usage (136152K) : metal3_nofill has 2 polygons
2026-08-20 17:24:42 +0000: Memory Usage (136152K) : metal3_text has 0 polygons
2026-08-20 17:24:42 +0000: Memory Usage (136152K) : metal3_OPC has 0 polygons
2026-08-20 17:24:42 +0000: Memory Usage (136152K) : metal3_noqrc has 0 polygons
2026-08-20 17:24:42 +0000: Memory Usage (136152K) : metal3_res has 0 polygons
2026-08-20 17:24:42 +0000: Memory Usage (136152K) : metal3_iprobe has 0 polygons
2026-08-20 17:24:42 +0000: Memory Usage (136152K) : metal3_diffprb has 0 polygons
2026-08-20 17:24:42 +0000: Memory Usage (136152K) : nwell_drw has 14 polygons
2026-08-20 17:24:42 +0000: Memory Usage (136152K) : nwell_pin has 0 polygons
2026-08-20 17:24:42 +0000: Memory Usage (136152K) : nwell_text has 0 polygons
2026-08-20 17:24:42 +0000: Memory Usage (136152K) : nbulay_drw has 1 polygons
2026-08-20 17:24:42 +0000: Memory Usage (136152K) : nbulay_pin has 0 polygons
2026-08-20 17:24:42 +0000: Memory Usage (136152K) : nbulay_block has 0 polygons
2026-08-20 17:24:42 +0000: Memory Usage (136280K) : emwind_drw has 4 polygons
2026-08-20 17:24:42 +0000: Memory Usage (136280K) : emwind_OPC has 0 polygons
2026-08-20 17:24:42 +0000: Memory Usage (136280K) : deepco_drw has 0 polygons
2026-08-20 17:24:42 +0000: Memory Usage (136280K) : mim_drw has 0 polygons
2026-08-20 17:24:42 +0000: Memory Usage (136280K) : edgeseal_drw has 0 polygons
2026-08-20 17:24:42 +0000: Memory Usage (136280K) : substrate_drw has 500 polygons
2026-08-20 17:24:42 +0000: Memory Usage (136408K) : substrate_text has 0 polygons
2026-08-20 17:24:42 +0000: Memory Usage (136408K) : dfpad_drw has 2 polygons
2026-08-20 17:24:42 +0000: Memory Usage (136408K) : dfpad_pillar has 0 polygons
2026-08-20 17:24:42 +0000: Memory Usage (136408K) : dfpad_sbump has 0 polygons
2026-08-20 17:24:42 +0000: Memory Usage (136408K) : thickgateox_drw has 1 polygons
2026-08-20 17:24:42 +0000: Memory Usage (136536K) : pldb_drw has 0 polygons
2026-08-20 17:24:42 +0000: Memory Usage (136536K) : pwell_drw has 0 polygons
2026-08-20 17:24:42 +0000: Memory Usage (136536K) : pwell_pin has 0 polygons
2026-08-20 17:24:42 +0000: Memory Usage (136536K) : pwell_block has 2 polygons
2026-08-20 17:24:42 +0000: Memory Usage (136536K) : ic_drw has 0 polygons
2026-08-20 17:24:42 +0000: Memory Usage (136536K) : via3_drw has 1053 polygons
2026-08-20 17:24:42 +0000: Memory Usage (136664K) : metal4_drw has 35 polygons
2026-08-20 17:24:42 +0000: Memory Usage (136664K) : metal4_filler has 0 polygons
2026-08-20 17:24:42 +0000: Memory Usage (136664K) : metal4_slit has 0 polygons
2026-08-20 17:24:42 +0000: Memory Usage (136664K) : metal4 has 35 polygons
2026-08-20 17:24:42 +0000: Memory Usage (136664K) : metal4_pin has 0 polygons
2026-08-20 17:24:42 +0000: Memory Usage (136664K) : metal4_mask has 0 polygons
2026-08-20 17:24:42 +0000: Memory Usage (136792K) : metal4_nofill has 2 polygons
2026-08-20 17:24:42 +0000: Memory Usage (136792K) : metal4_text has 3 polygons
2026-08-20 17:24:42 +0000: Memory Usage (136792K) : metal4_OPC has 0 polygons
2026-08-20 17:24:42 +0000: Memory Usage (136792K) : metal4_noqrc has 0 polygons
2026-08-20 17:24:42 +0000: Memory Usage (136792K) : metal4_res has 0 polygons
2026-08-20 17:24:42 +0000: Memory Usage (136920K) : metal4_iprobe has 0 polygons
2026-08-20 17:24:42 +0000: Memory Usage (136920K) : metal4_diffprb has 0 polygons
2026-08-20 17:24:42 +0000: Memory Usage (136920K) : heattrans_drw has 123 polygons
2026-08-20 17:24:42 +0000: Memory Usage (136920K) : heatres_drw has 2 polygons
2026-08-20 17:24:42 +0000: Memory Usage (136920K) : fbe_drw has 0 polygons
2026-08-20 17:24:42 +0000: Memory Usage (137048K) : empoly_drw has 0 polygons
2026-08-20 17:24:42 +0000: Memory Usage (137048K) : digisub_drw has 0 polygons
2026-08-20 17:24:42 +0000: Memory Usage (137048K) : text_drw has 655 polygons
2026-08-20 17:24:42 +0000: Memory Usage (137048K) : via4_drw has 1047 polygons
2026-08-20 17:24:42 +0000: Memory Usage (137048K) : metal5_drw has 62 polygons
2026-08-20 17:24:42 +0000: Memory Usage (137048K) : metal5_filler has 0 polygons
2026-08-20 17:24:42 +0000: Memory Usage (137048K) : metal5_slit has 0 polygons
2026-08-20 17:24:42 +0000: Memory Usage (137176K) : metal5 has 62 polygons
2026-08-20 17:24:42 +0000: Memory Usage (137176K) : metal5_pin has 0 polygons
2026-08-20 17:24:42 +0000: Memory Usage (137176K) : metal5_mask has 0 polygons
2026-08-20 17:24:42 +0000: Memory Usage (137176K) : metal5_nofill has 2 polygons
2026-08-20 17:24:42 +0000: Memory Usage (137176K) : metal5_text has 0 polygons
2026-08-20 17:24:42 +0000: Memory Usage (137176K) : metal5_OPC has 0 polygons
2026-08-20 17:24:42 +0000: Memory Usage (137304K) : metal5_noqrc has 0 polygons
2026-08-20 17:24:42 +0000: Memory Usage (137304K) : metal5_res has 0 polygons
2026-08-20 17:24:42 +0000: Memory Usage (137304K) : metal5_iprobe has 0 polygons
2026-08-20 17:24:42 +0000: Memory Usage (137304K) : metal5_diffprb has 0 polygons
2026-08-20 17:24:42 +0000: Memory Usage (137304K) : radhard_drw has 0 polygons
2026-08-20 17:24:42 +0000: Memory Usage (137304K) : memcap_drw has 0 polygons
2026-08-20 17:24:42 +0000: Memory Usage (137432K) : varicap_drw has 0 polygons
2026-08-20 17:24:42 +0000: Memory Usage (137432K) : intbondvia_drw has 0 polygons
2026-08-20 17:24:42 +0000: Memory Usage (137432K) : intbondmet_drw has 0 polygons
2026-08-20 17:24:42 +0000: Memory Usage (137432K) : devbondvia_drw has 0 polygons
2026-08-20 17:24:42 +0000: Memory Usage (137560K) : devbondmet_drw has 0 polygons
2026-08-20 17:24:42 +0000: Memory Usage (137560K) : devtrench_drw has 0 polygons
2026-08-20 17:24:42 +0000: Memory Usage (137560K) : redist_drw has 0 polygons
2026-08-20 17:24:42 +0000: Memory Usage (137560K) : graphbot_drw has 0 polygons
2026-08-20 17:24:42 +0000: Memory Usage (137560K) : graphtop_drw has 0 polygons
2026-08-20 17:24:42 +0000: Memory Usage (137688K) : antvia1_drw has 0 polygons
2026-08-20 17:24:42 +0000: Memory Usage (137688K) : antmetal2_drw has 0 polygons
2026-08-20 17:24:42 +0000: Memory Usage (137688K) : graphcont_drw has 0 polygons
2026-08-20 17:24:42 +0000: Memory Usage (137688K) : siwg_drw has 0 polygons
2026-08-20 17:24:42 +0000: Memory Usage (137688K) : siwg_filler has 0 polygons
2026-08-20 17:24:42 +0000: Memory Usage (137688K) : siwg_nofill has 0 polygons
2026-08-20 17:24:42 +0000: Memory Usage (137816K) : sigrating_drw has 0 polygons
2026-08-20 17:24:42 +0000: Memory Usage (137816K) : singrating_drw has 0 polygons
2026-08-20 17:24:42 +0000: Memory Usage (137816K) : graphpas_drw has 0 polygons
2026-08-20 17:24:42 +0000: Memory Usage (137816K) : emwind3_drw has 0 polygons
2026-08-20 17:24:42 +0000: Memory Usage (137816K) : emwihv3_drw has 0 polygons
2026-08-20 17:24:42 +0000: Memory Usage (137816K) : redbulay_drw has 0 polygons
2026-08-20 17:24:42 +0000: Memory Usage (137944K) : smos_drw has 0 polygons
2026-08-20 17:24:42 +0000: Memory Usage (137944K) : graphpad_drw has 0 polygons
2026-08-20 17:24:42 +0000: Memory Usage (137944K) : polimide_drw has 0 polygons
2026-08-20 17:24:42 +0000: Memory Usage (137944K) : polimide_pin has 0 polygons
2026-08-20 17:24:42 +0000: Memory Usage (137944K) : recog_drw has 1 polygons
2026-08-20 17:24:42 +0000: Memory Usage (138072K) : recog_pin has 0 polygons
2026-08-20 17:24:42 +0000: Memory Usage (138072K) : recog_esd has 5 polygons
2026-08-20 17:24:42 +0000: Memory Usage (138072K) : recog_diode has 0 polygons
2026-08-20 17:24:42 +0000: Memory Usage (138072K) : recog_tsv has 0 polygons
2026-08-20 17:24:42 +0000: Memory Usage (138200K) : recog_iprobe has 0 polygons
2026-08-20 17:24:42 +0000: Memory Usage (138200K) : recog_diffprb has 0 polygons
2026-08-20 17:24:42 +0000: Memory Usage (138200K) : recog_pillar has 0 polygons
2026-08-20 17:24:42 +0000: Memory Usage (138200K) : recog_sbump has 0 polygons
2026-08-20 17:24:42 +0000: Memory Usage (138328K) : recog_otp has 0 polygons
2026-08-20 17:24:42 +0000: Memory Usage (138328K) : recog_pdiode has 0 polygons
2026-08-20 17:24:42 +0000: Memory Usage (138328K) : recog_mom has 0 polygons
2026-08-20 17:24:42 +0000: Memory Usage (138328K) : recog_momf has 0 polygons
2026-08-20 17:24:42 +0000: Memory Usage (138456K) : recog_pcm has 0 polygons
2026-08-20 17:24:42 +0000: Memory Usage (138456K) : colopen_drw has 0 polygons
2026-08-20 17:24:42 +0000: Memory Usage (138456K) : graphmetal1_drw has 0 polygons
2026-08-20 17:24:42 +0000: Memory Usage (138456K) : graphmetal1_filler has 0 polygons
2026-08-20 17:24:42 +0000: Memory Usage (138584K) : graphmetal1_nofill has 0 polygons
2026-08-20 17:24:42 +0000: Memory Usage (138584K) : graphmetal1_slit has 0 polygons
2026-08-20 17:24:42 +0000: Memory Usage (138584K) : graphmetal1_OPC has 0 polygons
2026-08-20 17:24:42 +0000: Memory Usage (138584K) : graphmet1l_drw has 0 polygons
2026-08-20 17:24:42 +0000: Memory Usage (138712K) : graphmet1l_filler has 0 polygons
2026-08-20 17:24:42 +0000: Memory Usage (138712K) : graphmet1l_nofill has 0 polygons
2026-08-20 17:24:42 +0000: Memory Usage (138712K) : graphmet1l_slit has 0 polygons
2026-08-20 17:24:42 +0000: Memory Usage (138840K) : graphmet1l_OPC has 0 polygons
2026-08-20 17:24:42 +0000: Memory Usage (138840K) : extblock_drw has 6 polygons
2026-08-20 17:24:42 +0000: Memory Usage (138840K) : nldd_drw has 0 polygons
2026-08-20 17:24:42 +0000: Memory Usage (138840K) : pldd_drw has 0 polygons
2026-08-20 17:24:42 +0000: Memory Usage (138840K) : next_drw has 0 polygons
2026-08-20 17:24:42 +0000: Memory Usage (138840K) : pext_drw has 0 polygons
2026-08-20 17:24:42 +0000: Memory Usage (138968K) : nexthv_drw has 0 polygons
2026-08-20 17:24:42 +0000: Memory Usage (138968K) : pexthv_drw has 0 polygons
2026-08-20 17:24:42 +0000: Memory Usage (138968K) : graphgate_drw has 0 polygons
2026-08-20 17:24:42 +0000: Memory Usage (138968K) : sinwg_drw has 0 polygons
2026-08-20 17:24:42 +0000: Memory Usage (138968K) : sinwg_filler has 0 polygons
2026-08-20 17:24:42 +0000: Memory Usage (139096K) : sinwg_nofill has 0 polygons
2026-08-20 17:24:42 +0000: Memory Usage (139096K) : mempad_drw has 0 polygons
2026-08-20 17:24:42 +0000: Memory Usage (139096K) : topvia1_drw has 487 polygons
2026-08-20 17:24:42 +0000: Memory Usage (139096K) : topmetal1_drw has 92 polygons
2026-08-20 17:24:42 +0000: Memory Usage (139096K) : topmetal1_filler has 0 polygons
2026-08-20 17:24:42 +0000: Memory Usage (139096K) : topmetal1_slit has 0 polygons
2026-08-20 17:24:42 +0000: Memory Usage (139224K) : topmetal1 has 92 polygons
2026-08-20 17:24:42 +0000: Memory Usage (139224K) : topmetal1_pin has 0 polygons
2026-08-20 17:24:42 +0000: Memory Usage (139224K) : topmetal1_mask has 0 polygons
2026-08-20 17:24:42 +0000: Memory Usage (139224K) : topmetal1_nofill has 2 polygons
2026-08-20 17:24:42 +0000: Memory Usage (139224K) : topmetal1_text has 0 polygons
2026-08-20 17:24:42 +0000: Memory Usage (139352K) : topmetal1_noqrc has 0 polygons
2026-08-20 17:24:42 +0000: Memory Usage (139352K) : topmetal1_res has 0 polygons
2026-08-20 17:24:42 +0000: Memory Usage (139352K) : topmetal1_iprobe has 0 polygons
2026-08-20 17:24:42 +0000: Memory Usage (139352K) : topmetal1_diffprb has 0 polygons
2026-08-20 17:24:42 +0000: Memory Usage (139480K) : inldpwl_drw has 0 polygons
2026-08-20 17:24:42 +0000: Memory Usage (139480K) : polyres_drw has 2 polygons
2026-08-20 17:24:42 +0000: Memory Usage (139480K) : polyres_pin has 0 polygons
2026-08-20 17:24:42 +0000: Memory Usage (139480K) : vmim_drw has 0 polygons
2026-08-20 17:24:42 +0000: Memory Usage (139608K) : nbulaycut_drw has 0 polygons
2026-08-20 17:24:42 +0000: Memory Usage (139608K) : antmetal1_drw has 0 polygons
2026-08-20 17:24:42 +0000: Memory Usage (139736K) : topvia2_drw has 237 polygons
2026-08-20 17:24:42 +0000: Memory Usage (139736K) : topmetal2_drw has 72 polygons
2026-08-20 17:24:42 +0000: Memory Usage (139736K) : topmetal2_filler has 0 polygons
2026-08-20 17:24:42 +0000: Memory Usage (139736K) : topmetal2_slit has 0 polygons
2026-08-20 17:24:42 +0000: Memory Usage (139864K) : topmetal2 has 72 polygons
2026-08-20 17:24:42 +0000: Memory Usage (139864K) : topmetal2_pin has 4 polygons
2026-08-20 17:24:42 +0000: Memory Usage (139864K) : topmetal2_mask has 0 polygons
2026-08-20 17:24:42 +0000: Memory Usage (139864K) : topmetal2_nofill has 2 polygons
2026-08-20 17:24:42 +0000: Memory Usage (139992K) : topmetal2_text has 8 polygons
2026-08-20 17:24:42 +0000: Memory Usage (139992K) : topmetal2_noqrc has 0 polygons
2026-08-20 17:24:42 +0000: Memory Usage (139992K) : topmetal2_res has 0 polygons
2026-08-20 17:24:42 +0000: Memory Usage (140120K) : topmetal2_iprobe has 0 polygons
2026-08-20 17:24:42 +0000: Memory Usage (140120K) : topmetal2_diffprb has 0 polygons
2026-08-20 17:24:42 +0000: Memory Usage (140120K) : snsring_drw has 0 polygons
2026-08-20 17:24:42 +0000: Memory Usage (140120K) : sensor_drw has 0 polygons
2026-08-20 17:24:42 +0000: Memory Usage (140248K) : snsarms_drw has 0 polygons
2026-08-20 17:24:42 +0000: Memory Usage (140248K) : snscmosvia_drw has 0 polygons
2026-08-20 17:24:42 +0000: Memory Usage (140248K) : colwind_drw has 0 polygons
2026-08-20 17:24:42 +0000: Memory Usage (140376K) : flm_drw has 0 polygons
2026-08-20 17:24:42 +0000: Memory Usage (140376K) : hafniumox_drw has 0 polygons
2026-08-20 17:24:42 +0000: Memory Usage (140504K) : memvia_drw has 0 polygons
2026-08-20 17:24:42 +0000: Memory Usage (140504K) : thinfilmres_drw has 0 polygons
2026-08-20 17:24:42 +0000: Memory Usage (140504K) : rfmem_drw has 0 polygons
2026-08-20 17:24:42 +0000: Memory Usage (140504K) : norcx_drw has 2 polygons
2026-08-20 17:24:42 +0000: Memory Usage (140504K) : norcx_m2m3 has 0 polygons
2026-08-20 17:24:42 +0000: Memory Usage (140504K) : norcx_m2m4 has 0 polygons
2026-08-20 17:24:42 +0000: Memory Usage (140504K) : norcx_m2m5 has 0 polygons
2026-08-20 17:24:42 +0000: Memory Usage (140504K) : norcx_m2tm1 has 0 polygons
2026-08-20 17:24:42 +0000: Memory Usage (140504K) : norcx_m2tm2 has 0 polygons
2026-08-20 17:24:42 +0000: Memory Usage (140504K) : norcx_m3m4 has 0 polygons
2026-08-20 17:24:42 +0000: Memory Usage (140504K) : norcx_m3m5 has 0 polygons
2026-08-20 17:24:42 +0000: Memory Usage (140504K) : norcx_m3tm1 has 0 polygons
2026-08-20 17:24:42 +0000: Memory Usage (140504K) : norcx_m3tm2 has 0 polygons
2026-08-20 17:24:42 +0000: Memory Usage (140504K) : norcx_m4m5 has 0 polygons
2026-08-20 17:24:42 +0000: Memory Usage (140504K) : norcx_m4tm1 has 0 polygons
2026-08-20 17:24:42 +0000: Memory Usage (140504K) : norcx_m4tm2 has 0 polygons
2026-08-20 17:24:42 +0000: Memory Usage (140504K) : norcx_m5tm1 has 0 polygons
2026-08-20 17:24:42 +0000: Memory Usage (140504K) : norcx_m5tm2 has 0 polygons
2026-08-20 17:24:42 +0000: Memory Usage (140504K) : norcx_tm1tm2 has 0 polygons
2026-08-20 17:24:42 +0000: Memory Usage (140504K) : norcx_m1sub has 0 polygons
2026-08-20 17:24:42 +0000: Memory Usage (140504K) : norcx_m2sub has 0 polygons
2026-08-20 17:24:42 +0000: Memory Usage (140504K) : norcx_m3sub has 0 polygons
2026-08-20 17:24:42 +0000: Memory Usage (140504K) : norcx_m4sub has 0 polygons
2026-08-20 17:24:42 +0000: Memory Usage (140504K) : norcx_m5sub has 0 polygons
2026-08-20 17:24:42 +0000: Memory Usage (140504K) : norcx_tm1sub has 0 polygons
2026-08-20 17:24:42 +0000: Memory Usage (140504K) : norcx_tm2sub has 0 polygons
2026-08-20 17:24:42 +0000: Memory Usage (140504K) : snsbotvia_drw has 0 polygons
2026-08-20 17:24:42 +0000: Memory Usage (140504K) : snstopvia_drw has 0 polygons
2026-08-20 17:24:42 +0000: Memory Usage (140504K) : deepvia_drw has 0 polygons
2026-08-20 17:24:42 +0000: Memory Usage (140504K) : fgetch_drw has 0 polygons
2026-08-20 17:24:42 +0000: Memory Usage (140504K) : ctrgat_drw has 0 polygons
2026-08-20 17:24:42 +0000: Memory Usage (140504K) : fgimp_drw has 0 polygons
2026-08-20 17:24:42 +0000: Memory Usage (140504K) : emwihv_drw has 0 polygons
2026-08-20 17:24:42 +0000: Memory Usage (140504K) : lbe_drw has 2 polygons
2026-08-20 17:24:42 +0000: Memory Usage (140504K) : alcustop_drw has 0 polygons
2026-08-20 17:24:42 +0000: Memory Usage (140504K) : nometfiller_drw has 0 polygons
2026-08-20 17:24:42 +0000: Memory Usage (140504K) : prboundary_drw has 0 polygons
2026-08-20 17:24:42 +0000: Memory Usage (140504K) : exchange0_drw has 0 polygons
2026-08-20 17:24:42 +0000: Memory Usage (140504K) : exchange0_pin has 0 polygons
2026-08-20 17:24:42 +0000: Memory Usage (140504K) : exchange0_text has 0 polygons
2026-08-20 17:24:42 +0000: Memory Usage (140504K) : exchange1_drw has 0 polygons
2026-08-20 17:24:42 +0000: Memory Usage (140504K) : exchange1_pin has 0 polygons
2026-08-20 17:24:42 +0000: Memory Usage (140504K) : exchange1_text has 0 polygons
2026-08-20 17:24:42 +0000: Memory Usage (140504K) : exchange2_drw has 0 polygons
2026-08-20 17:24:42 +0000: Memory Usage (140504K) : exchange2_pin has 0 polygons
2026-08-20 17:24:42 +0000: Memory Usage (140504K) : exchange2_text has 0 polygons
2026-08-20 17:24:42 +0000: Memory Usage (140504K) : exchange3_drw has 0 polygons
2026-08-20 17:24:42 +0000: Memory Usage (140504K) : exchange3_pin has 0 polygons
2026-08-20 17:24:42 +0000: Memory Usage (140504K) : exchange3_text has 0 polygons
2026-08-20 17:24:42 +0000: Memory Usage (140504K) : exchange4_drw has 0 polygons
2026-08-20 17:24:42 +0000: Memory Usage (140504K) : exchange4_pin has 0 polygons
2026-08-20 17:24:42 +0000: Memory Usage (140504K) : exchange4_text has 0 polygons
2026-08-20 17:24:42 +0000: Memory Usage (140504K) : isonwell_drw has 0 polygons
2026-08-20 17:24:42 +0000: Memory Usage (140504K) : Total no. of polygons in the design is 32257
2026-08-20 17:24:42 +0000: Memory Usage (140504K) : Starting base layers derivations
2026-08-20 17:24:42 +0000: Memory Usage (140504K) : Starting general LVS derivations
2026-08-20 17:24:42 +0000: Memory Usage (145044K) : Starting MOSFET DERIVATIONS
2026-08-20 17:24:42 +0000: Memory Usage (145812K) : Starting NMOS DERIVATIONS
2026-08-20 17:24:42 +0000: Memory Usage (145812K) : Starting PMOS DERIVATIONS
2026-08-20 17:24:42 +0000: Memory Usage (145812K) : Starting RF-MOSFET DERIVATIONS
2026-08-20 17:24:42 +0000: Memory Usage (145812K) : Starting RF-NMOS DERIVATIONS
2026-08-20 17:24:42 +0000: Memory Usage (145812K) : Starting RF-PMOS DERIVATIONS
2026-08-20 17:24:42 +0000: Memory Usage (145812K) : Starting BJT DERIVATIONS
2026-08-20 17:24:42 +0000: Memory Usage (145812K) : Starting NPN-BJT DERIVATIONS
2026-08-20 17:24:43 +0000: Memory Usage (145812K) : Starting PNP-BJT DERIVATIONS
2026-08-20 17:24:43 +0000: Memory Usage (145812K) : Starting DIODE DERIVATIONS
2026-08-20 17:24:43 +0000: Memory Usage (145940K) : Starting RESISTOR DERIVATIONS
2026-08-20 17:24:43 +0000: Memory Usage (145940K) : Starting CAP DERIVATIONS
2026-08-20 17:24:44 +0000: Memory Usage (145940K) : Starting CAP_CMOM DERIVATIONS
2026-08-20 17:24:44 +0000: Memory Usage (145940K) : Starting CAP_CMOMF DERIVATIONS
2026-08-20 17:24:44 +0000: Memory Usage (145940K) : Starting ESD DERIVATIONS
2026-08-20 17:24:45 +0000: Memory Usage (146068K) : Starting Inductor DERIVATIONS
2026-08-20 17:24:45 +0000: Memory Usage (146068K) : Starting Taps DERIVATIONS
2026-08-20 17:24:45 +0000: Memory Usage (146068K) : Starting SG13G2 LVS connectivity setup
2026-08-20 17:24:45 +0000: Memory Usage (146068K) : Starting SG13G2 LVS connectivity setup (Inter-layer)
2026-08-20 17:24:45 +0000: Memory Usage (146196K) : Starting SG13G2 LVS connectivity setup (Global)
2026-08-20 17:24:45 +0000: Memory Usage (146196K) : Starting LVS MOSFET CONNECTIONS
2026-08-20 17:24:45 +0000: Memory Usage (146196K) : Starting LVS RF-MOSFET CONNECTIONS
2026-08-20 17:24:45 +0000: Memory Usage (146196K) : Starting LVS BJT CONNECTIONS
2026-08-20 17:24:45 +0000: Memory Usage (146196K) : Starting LVS DIODE CONNECTIONS
2026-08-20 17:24:45 +0000: Memory Usage (146196K) : Starting RESISTOR CONNECTIONS
2026-08-20 17:24:45 +0000: Memory Usage (146196K) : Starting LVS CAP CONNECTIONS
2026-08-20 17:24:45 +0000: Memory Usage (146196K) : Starting CAP_CMOM CONNECTIONS
2026-08-20 17:24:45 +0000: Memory Usage (146196K) : Starting CAP_CMOMF CONNECTIONS
2026-08-20 17:24:45 +0000: Memory Usage (146196K) : Starting ESD CONNECTIONS
2026-08-20 17:24:45 +0000: Memory Usage (146196K) : Starting Inductor CONNECTIONS
2026-08-20 17:24:45 +0000: Memory Usage (146196K) : Starting LVS Taps CONNECTIONS
2026-08-20 17:24:45 +0000: Memory Usage (146196K) : Starting SG13G2 LVS DEVICES EXTRACTION
2026-08-20 17:24:45 +0000: Memory Usage (146196K) : Starting MOSFET EXTRACTION
2026-08-20 17:24:45 +0000: Memory Usage (146196K) : Starting NMOS EXTRACTION
2026-08-20 17:24:45 +0000: Memory Usage (146196K) : Extraction of NMOS-LV transistor
2026-08-20 17:24:45 +0000: Memory Usage (146196K) : Extraction of NMOS-HV transistor
2026-08-20 17:24:45 +0000: Memory Usage (146196K) : Starting PMOS EXTRACTION
2026-08-20 17:24:45 +0000: Memory Usage (146196K) : Extraction of PMOS-LV transistor
2026-08-20 17:24:45 +0000: Memory Usage (146196K) : Extraction of PMOS-HV transistor
2026-08-20 17:24:45 +0000: Memory Usage (146196K) : Starting RF-MOSFET EXTRACTION
2026-08-20 17:24:45 +0000: Memory Usage (146196K) : Extraction of RF-NMOS-LV transistor
2026-08-20 17:24:45 +0000: Memory Usage (146196K) : Extraction of RF-NMOS-HV transistor
2026-08-20 17:24:45 +0000: Memory Usage (146196K) : Extraction of RF-PMOS-LV transistor
2026-08-20 17:24:45 +0000: Memory Usage (146196K) : Extraction of RF-PMOS-HV transistor
2026-08-20 17:24:45 +0000: Memory Usage (146196K) : Starting BJT EXTRACTION
2026-08-20 17:24:45 +0000: Memory Usage (146196K) : Starting NPN-BJT EXTRACTION
2026-08-20 17:24:45 +0000: Memory Usage (146196K) : Extraction of npn13G2 BJT transistor
2026-08-20 17:24:45 +0000: Memory Usage (146196K) : Extraction of npn13G2L BJT transistor
2026-08-20 17:24:45 +0000: Memory Usage (146196K) : Extraction of npn13G2V BJT transistor
2026-08-20 17:24:45 +0000: Memory Usage (146196K) : Starting PNP-BJT EXTRACTION
2026-08-20 17:24:45 +0000: Memory Usage (146196K) : Extracting pnpMPA BJT
2026-08-20 17:24:45 +0000: Memory Usage (146196K) : Starting DIODE EXTRACTION
2026-08-20 17:24:45 +0000: Memory Usage (146196K) : Extracting dantenna diode
2026-08-20 17:24:45 +0000: Memory Usage (146196K) : Extracting dpantenna diode
2026-08-20 17:24:45 +0000: Memory Usage (146196K) : Extracting schottky_nbl1 diode
2026-08-20 17:24:45 +0000: Memory Usage (146196K) : Extracting isolbox diode
2026-08-20 17:24:45 +0000: Memory Usage (146196K) : Starting RESISTOR EXTRACTION
2026-08-20 17:24:45 +0000: Memory Usage (146196K) : Extracting rsil resistor
2026-08-20 17:24:45 +0000: Memory Usage (146196K) : Extracting rppd resistor
2026-08-20 17:24:45 +0000: Memory Usage (146196K) : Extracting rhigh resistor
2026-08-20 17:24:45 +0000: Memory Usage (146196K) : Extracting res_metal1 resistor
2026-08-20 17:24:45 +0000: Memory Usage (146196K) : Extracting res_metal2 resistor
2026-08-20 17:24:45 +0000: Memory Usage (146196K) : Extracting res_metal3 resistor
2026-08-20 17:24:45 +0000: Memory Usage (146196K) : Extracting res_metal4 resistor
2026-08-20 17:24:45 +0000: Memory Usage (146196K) : Extracting res_metal5 resistor
2026-08-20 17:24:45 +0000: Memory Usage (146196K) : Extracting res_topmetal1 resistor
2026-08-20 17:24:45 +0000: Memory Usage (146196K) : Extracting res_topmetal2 resistor
2026-08-20 17:24:45 +0000: Memory Usage (146196K) : Starting CAP EXTRACTION
2026-08-20 17:24:45 +0000: Memory Usage (146196K) : Extracting cap_cmim device
2026-08-20 17:24:45 +0000: Memory Usage (146196K) : Extracting rfcmim device
2026-08-20 17:24:45 +0000: Memory Usage (146196K) : Extracting sg13_hv_svaricap varactor
2026-08-20 17:24:45 +0000: Memory Usage (146196K) : Extracting cap_cmomi device
2026-08-20 17:24:45 +0000: Memory Usage (146196K) : Extracting cap_cmomf device
2026-08-20 17:24:45 +0000: Memory Usage (146196K) : Extracting sg13_moscap_n capacitor
2026-08-20 17:24:45 +0000: Memory Usage (146196K) : Extracting sg13_moscap_p capacitor
2026-08-20 17:24:45 +0000: Memory Usage (146196K) : Starting ESD EXTRACTION
2026-08-20 17:24:45 +0000: Memory Usage (146196K) : Extracting diodevdd_2kv ESD device
2026-08-20 17:24:45 +0000: Memory Usage (146196K) : Extracting diodevdd_4kv ESD device
2026-08-20 17:24:45 +0000: Memory Usage (146196K) : Extracting diodevss_2kv ESD device
2026-08-20 17:24:45 +0000: Memory Usage (146324K) : Extracting diodevss_4kv ESD device
2026-08-20 17:24:45 +0000: Memory Usage (146324K) : Extracting idiodevdd_2kv ESD device
2026-08-20 17:24:45 +0000: Memory Usage (146324K) : Extracting idiodevdd_4kv ESD device
2026-08-20 17:24:45 +0000: Memory Usage (146324K) : Extracting idiodevss_2kv ESD device
2026-08-20 17:24:45 +0000: Memory Usage (146324K) : Extracting idiodevss_4kv ESD device
2026-08-20 17:24:45 +0000: Memory Usage (146324K) : Extracting nmoscl_2 ESD device
2026-08-20 17:24:45 +0000: Memory Usage (146324K) : Extracting nmoscl_4 ESD device
2026-08-20 17:24:45 +0000: Memory Usage (146324K) : Starting Inductor EXTRACTION
2026-08-20 17:24:45 +0000: Memory Usage (146324K) : Extracting Inductor2 device
2026-08-20 17:24:45 +0000: Memory Usage (146324K) : Extracting Inductor3 device
2026-08-20 17:24:45 +0000: Memory Usage (146324K) : Starting Taps EXTRACTION
2026-08-20 17:24:45 +0000: Memory Usage (146324K) : DISABLE_TAP_EXTRACTION is enabled: skipping ntap1/ptap1 device extraction.
2026-08-20 17:24:45 +0000: Memory Usage (146324K) : Starting SG13G2 LVS RF MOS Model Mapping
2026-08-20 17:24:45 +0000: Memory Usage (146964K) : [layout_netlist] Apply RF MOS model mapping and rfmode parameter.
2026-08-20 17:24:45 +0000: Memory Usage (146964K) : Starting SG13G2 LVS Options Preparations
2026-08-20 17:24:45 +0000: Memory Usage (146964K) : SG13G2 LVS flow: extraction -> alignment -> option preparation -> comparison.
2026-08-20 17:24:45 +0000: Memory Usage (146964K) : Starting SG13G2 LVS Alignment
2026-08-20 17:24:45 +0000: Memory Usage (147092K) : Starting SG13G2 LVS Simplification
2026-08-20 17:24:45 +0000: Memory Usage (147092K) : [layout_netlist] simplify: ENABLED
2026-08-20 17:24:45 +0000: Memory Usage (147092K) : [layout_netlist] make_top_level_pins: SKIPPED
2026-08-20 17:24:45 +0000: Memory Usage (147092K) : [layout_netlist] combine_devices: SKIPPED
2026-08-20 17:24:45 +0000: Memory Usage (147092K) : [layout_netlist] purge: SKIPPED
2026-08-20 17:24:45 +0000: Memory Usage (147092K) : [layout_netlist] purge_nets: SKIPPED
2026-08-20 17:24:45 +0000: Memory Usage (147092K) : [schematic_netlist] simplify: ENABLED
2026-08-20 17:24:45 +0000: Memory Usage (147092K) : [schematic_netlist] make_top_level_pins: SKIPPED
2026-08-20 17:24:45 +0000: Memory Usage (147092K) : [schematic_netlist] combine_devices: SKIPPED
2026-08-20 17:24:45 +0000: Memory Usage (147092K) : [schematic_netlist] purge: SKIPPED
2026-08-20 17:24:45 +0000: Memory Usage (147092K) : [schematic_netlist] purge_nets: SKIPPED
2026-08-20 17:24:45 +0000: Memory Usage (147092K) : Starting SG13G2 LVS Comparison
2026-08-20 17:24:45 +0000: Memory Usage (147220K) : xxxxxxxxxxxxxxxxxxxxxxxxxxxxxxxxxxxxxxxxxx
2026-08-20 17:24:45 +0000: Memory Usage (147220K) : ERROR : Netlists don't match
2026-08-20 17:24:45 +0000: Memory Usage (147220K) : xxxxxxxxxxxxxxxxxxxxxxxxxxxxxxxxxxxxxxxxxx
2026-08-20 17:24:45 +0000: Memory Usage (147220K) : LVS Total Run time 3.515104 seconds

--- stderr ---
20-Aug-2026 17:24:42 | INFO    | Your Klayout version is: KLayout 0.30.5 (required >= 0.30.5)
20-Aug-2026 17:24:42 | INFO    | Running SG13G2 LVS checks on design /workspace/layout/blocks/out/driver_stage/granular3/with_channel_supplies/driver_dut.gds on cell driver_dut
20-Aug-2026 17:24:46 | INFO    | ==============================================================================
20-Aug-2026 17:24:46 | INFO    | Important Summary
20-Aug-2026 17:24:46 | INFO    | +------------------+-------------------------------------------------------------------------------+
20-Aug-2026 17:24:46 | INFO    | | Status           | FAIL                                                                          |
20-Aug-2026 17:24:46 | INFO    | | Mode             | COMPARE                                                                       |
20-Aug-2026 17:24:46 | INFO    | | Outcome          | Comparison mode: FAIL (netlists do not match).                                |
20-Aug-2026 17:24:46 | INFO    | | Layout           | driver_dut.gds                                                                |
20-Aug-2026 17:24:46 | INFO    | | Top Cell         | driver_dut                                                                    |
20-Aug-2026 17:24:46 | INFO    | | Results Dir      | /workspace/layout/blocks/out/driver_stage/granular3/with_channel_supplies/lvs |
20-Aug-2026 17:24:46 | INFO    | | Warnings         | 0                                                                             |
20-Aug-2026 17:24:46 | INFO    | | Errors           | 1                                                                             |
20-Aug-2026 17:24:46 | INFO    | | Run Time (s)     | 3.86                                                                          |
20-Aug-2026 17:24:46 | INFO    | +------------------+-------------------------------------------------------------------------------+
20-Aug-2026 17:24:46 | ERROR   | Key errors:
20-Aug-2026 17:24:46 | ERROR   |   - 2026-08-20 17:24:45 +0000: Memory Usage (147220K) : ERROR : Netlists don't match
20-Aug-2026 17:24:46 | INFO    | ==============================================================================

