$ python3 /home/ubuntu/.local/share/ihp-eda/IHP-Open-PDK/ihp-sg13g2/libs.tech/klayout/tech/lvs/run_lvs.py --layout=/workspace/layout/blocks/out/term_stage/_cmim_probe/probe_direct_m5_flat.gds --netlist=/workspace/layout/blocks/out/term_stage/_cmim_probe/probe_direct_m5.cdl --run_dir=/workspace/layout/blocks/out/term_stage/_cmim_probe/lvs_direct_m5_flat --run_mode=deep --topcell=probe --implicit_nets=sub,sub! --ignore_top_ports_mismatch

--- stdout ---
2026-08-20 11:08:37 +0000: Memory Usage (128816K) : Starting running SG13G2 Klayout LVS runset on /workspace/layout/blocks/out/term_stage/_cmim_probe/probe_direct_m5_flat.gds
2026-08-20 11:08:37 +0000: Memory Usage (128816K) : Ruby Version for klayout: 3.2.3
2026-08-20 11:08:37 +0000: Memory Usage (129772K) : Loading database to memory is complete.
2026-08-20 11:08:37 +0000: Memory Usage (129772K) : SG13G2 Klayout LVS runset output at: /workspace/layout/blocks/out/term_stage/_cmim_probe/lvs_direct_m5_flat/probe_direct_m5_flat.lvsdb
2026-08-20 11:08:37 +0000: Memory Usage (129772K) : Evaluate switches.
2026-08-20 11:08:37 +0000: Memory Usage (129772K) : Extracted netlist with net names: true
2026-08-20 11:08:37 +0000: Memory Usage (129772K) : Extracted netlist with comments in details: false
2026-08-20 11:08:37 +0000: Memory Usage (129772K) : Selected NET_ONLY option: false
2026-08-20 11:08:37 +0000: Memory Usage (129772K) : Selected LAYOUT_NETLIST option: (none)
2026-08-20 11:08:37 +0000: Memory Usage (129772K) : Selected IGNORE_TOP_PORTS_MISMATCH option: true
2026-08-20 11:08:37 +0000: Memory Usage (129772K) : Selected IMPLICIT_NETS option: sub,sub!
2026-08-20 11:08:37 +0000: Memory Usage (129772K) : Selected TOP_LVL_PINS option: false
2026-08-20 11:08:37 +0000: Memory Usage (129772K) : Selected COMBINE DEVICES option: false
2026-08-20 11:08:37 +0000: Memory Usage (129772K) : Selected PURGE option: false
2026-08-20 11:08:37 +0000: Memory Usage (129772K) : Selected PURGE_NETS option: false
2026-08-20 11:08:37 +0000: Memory Usage (129772K) : Selected SIMPLIFY option: true
2026-08-20 11:08:37 +0000: Memory Usage (129772K) : Selected SERIES_RES option: true
2026-08-20 11:08:37 +0000: Memory Usage (129772K) : Selected PARALLEL_RES option: true
2026-08-20 11:08:37 +0000: Memory Usage (129772K) : Selected DISABLE_TAP_EXTRACTION option: false
2026-08-20 11:08:37 +0000: Memory Usage (129772K) : deep  mode is enabled.
2026-08-20 11:08:37 +0000: Memory Usage (129772K) : Applying implicit connections (case-sensitive, pattern supported) for nets: sub, sub!
2026-08-20 11:08:37 +0000: Memory Usage (131028K) : Netlist file: /workspace/layout/blocks/out/term_stage/_cmim_probe/probe_direct_m5.cdl
2026-08-20 11:08:37 +0000: Memory Usage (131028K) : LVS extracted netlist at: /workspace/layout/blocks/out/term_stage/_cmim_probe/lvs_direct_m5_flat/probe_direct_m5_flat_extracted.cir
2026-08-20 11:08:37 +0000: Memory Usage (131028K) : Applying SRAM integration support.
2026-08-20 11:08:37 +0000: Memory Usage (131028K) : Starting SG13G2 LVS runset
2026-08-20 11:08:37 +0000: Memory Usage (131028K) : Read in polygons from layers.
2026-08-20 11:08:37 +0000: Memory Usage (131540K) : activ_drw has 0 polygons
2026-08-20 11:08:37 +0000: Memory Usage (131540K) : activ_filler has 0 polygons
2026-08-20 11:08:37 +0000: Memory Usage (131540K) : activ has 0 polygons
2026-08-20 11:08:37 +0000: Memory Usage (131540K) : activ_pin has 0 polygons
2026-08-20 11:08:37 +0000: Memory Usage (131540K) : activ_mask has 0 polygons
2026-08-20 11:08:37 +0000: Memory Usage (131540K) : activ_nofill has 0 polygons
2026-08-20 11:08:37 +0000: Memory Usage (131540K) : activ_OPC has 0 polygons
2026-08-20 11:08:37 +0000: Memory Usage (131540K) : activ_iOPC has 0 polygons
2026-08-20 11:08:37 +0000: Memory Usage (131540K) : activ_noqrc has 0 polygons
2026-08-20 11:08:37 +0000: Memory Usage (131540K) : biwind_drw has 0 polygons
2026-08-20 11:08:37 +0000: Memory Usage (131540K) : biwind_OPC has 0 polygons
2026-08-20 11:08:37 +0000: Memory Usage (131952K) : gatpoly_drw has 4 polygons
2026-08-20 11:08:37 +0000: Memory Usage (131952K) : gatpoly_filler has 0 polygons
2026-08-20 11:08:37 +0000: Memory Usage (131952K) : gatpoly has 4 polygons
2026-08-20 11:08:37 +0000: Memory Usage (131952K) : gatpoly_pin has 0 polygons
2026-08-20 11:08:37 +0000: Memory Usage (131952K) : gatpoly_nofill has 0 polygons
2026-08-20 11:08:37 +0000: Memory Usage (131952K) : gatpoly_OPC has 0 polygons
2026-08-20 11:08:37 +0000: Memory Usage (131952K) : gatpoly_iOPC has 0 polygons
2026-08-20 11:08:37 +0000: Memory Usage (131952K) : gatpoly_noqrc has 0 polygons
2026-08-20 11:08:37 +0000: Memory Usage (131952K) : cont_drw has 2 polygons
2026-08-20 11:08:37 +0000: Memory Usage (131952K) : cont_OPC has 0 polygons
2026-08-20 11:08:37 +0000: Memory Usage (132048K) : nsd_drw has 0 polygons
2026-08-20 11:08:37 +0000: Memory Usage (132560K) : nsd_block has 0 polygons
2026-08-20 11:08:37 +0000: Memory Usage (132560K) : metal1_drw has 4 polygons
2026-08-20 11:08:37 +0000: Memory Usage (132560K) : metal1_filler has 0 polygons
2026-08-20 11:08:37 +0000: Memory Usage (132560K) : metal1_slit has 0 polygons
2026-08-20 11:08:37 +0000: Memory Usage (132688K) : metal1 has 4 polygons
2026-08-20 11:08:37 +0000: Memory Usage (132688K) : metal1_pin has 2 polygons
2026-08-20 11:08:37 +0000: Memory Usage (132688K) : metal1_mask has 0 polygons
2026-08-20 11:08:37 +0000: Memory Usage (132688K) : metal1_nofill has 0 polygons
2026-08-20 11:08:37 +0000: Memory Usage (132688K) : metal1_text has 0 polygons
2026-08-20 11:08:37 +0000: Memory Usage (132688K) : metal1_OPC has 0 polygons
2026-08-20 11:08:37 +0000: Memory Usage (132688K) : metal1_noqrc has 0 polygons
2026-08-20 11:08:37 +0000: Memory Usage (132688K) : metal1_res has 0 polygons
2026-08-20 11:08:37 +0000: Memory Usage (132688K) : metal1_iprobe has 0 polygons
2026-08-20 11:08:37 +0000: Memory Usage (132688K) : metal1_diffprb has 0 polygons
2026-08-20 11:08:37 +0000: Memory Usage (132688K) : passiv_drw has 0 polygons
2026-08-20 11:08:37 +0000: Memory Usage (132688K) : passiv_pin has 0 polygons
2026-08-20 11:08:37 +0000: Memory Usage (132688K) : passiv_sbump has 0 polygons
2026-08-20 11:08:37 +0000: Memory Usage (132688K) : passiv_pillar has 0 polygons
2026-08-20 11:08:37 +0000: Memory Usage (132688K) : passiv_pdl has 0 polygons
2026-08-20 11:08:37 +0000: Memory Usage (132688K) : metal2_drw has 1 polygons
2026-08-20 11:08:37 +0000: Memory Usage (132688K) : metal2_filler has 0 polygons
2026-08-20 11:08:37 +0000: Memory Usage (132688K) : metal2_slit has 0 polygons
2026-08-20 11:08:37 +0000: Memory Usage (132688K) : metal2 has 1 polygons
2026-08-20 11:08:37 +0000: Memory Usage (132816K) : metal2_pin has 0 polygons
2026-08-20 11:08:37 +0000: Memory Usage (132816K) : metal2_mask has 0 polygons
2026-08-20 11:08:37 +0000: Memory Usage (132816K) : metal2_nofill has 0 polygons
2026-08-20 11:08:37 +0000: Memory Usage (132944K) : metal2_text has 0 polygons
2026-08-20 11:08:37 +0000: Memory Usage (132944K) : metal2_OPC has 0 polygons
2026-08-20 11:08:37 +0000: Memory Usage (132944K) : metal2_noqrc has 0 polygons
2026-08-20 11:08:37 +0000: Memory Usage (133072K) : metal2_res has 0 polygons
2026-08-20 11:08:37 +0000: Memory Usage (133072K) : metal2_iprobe has 0 polygons
2026-08-20 11:08:37 +0000: Memory Usage (133072K) : metal2_diffprb has 0 polygons
2026-08-20 11:08:37 +0000: Memory Usage (133200K) : baspoly_drw has 0 polygons
2026-08-20 11:08:37 +0000: Memory Usage (133200K) : baspoly_pin has 0 polygons
2026-08-20 11:08:37 +0000: Memory Usage (133200K) : psd_drw has 3 polygons
2026-08-20 11:08:37 +0000: Memory Usage (133200K) : nldb_drw has 0 polygons
2026-08-20 11:08:37 +0000: Memory Usage (133328K) : digibnd_drw has 0 polygons
2026-08-20 11:08:37 +0000: Memory Usage (133328K) : via1_drw has 4 polygons
2026-08-20 11:08:37 +0000: Memory Usage (133328K) : backmetal1_drw has 0 polygons
2026-08-20 11:08:37 +0000: Memory Usage (133328K) : backmetal1_pin has 0 polygons
2026-08-20 11:08:37 +0000: Memory Usage (133456K) : backmetal1_mask has 0 polygons
2026-08-20 11:08:37 +0000: Memory Usage (133456K) : backmetal1_filler has 0 polygons
2026-08-20 11:08:37 +0000: Memory Usage (133456K) : backmetal1_nofill has 0 polygons
2026-08-20 11:08:37 +0000: Memory Usage (133584K) : backmetal1_slit has 0 polygons
2026-08-20 11:08:37 +0000: Memory Usage (133584K) : backmetal1_text has 0 polygons
2026-08-20 11:08:37 +0000: Memory Usage (133584K) : backmetal1_OPC has 0 polygons
2026-08-20 11:08:37 +0000: Memory Usage (133584K) : backmetal1_noqrc has 0 polygons
2026-08-20 11:08:37 +0000: Memory Usage (133712K) : backmetal1_res has 0 polygons
2026-08-20 11:08:37 +0000: Memory Usage (133712K) : backmetal1_iprobe has 0 polygons
2026-08-20 11:08:37 +0000: Memory Usage (133712K) : backmetal1_diffprb has 0 polygons
2026-08-20 11:08:37 +0000: Memory Usage (133712K) : backpassiv_drw has 0 polygons
2026-08-20 11:08:37 +0000: Memory Usage (133840K) : res_drw has 0 polygons
2026-08-20 11:08:37 +0000: Memory Usage (133840K) : sram_drw has 0 polygons
2026-08-20 11:08:37 +0000: Memory Usage (133840K) : trans_drw has 0 polygons
2026-08-20 11:08:37 +0000: Memory Usage (133840K) : ind_drw has 0 polygons
2026-08-20 11:08:37 +0000: Memory Usage (133968K) : ind_pin has 0 polygons
2026-08-20 11:08:37 +0000: Memory Usage (133968K) : ind_text has 0 polygons
2026-08-20 11:08:37 +0000: Memory Usage (133968K) : salblock_drw has 1 polygons
2026-08-20 11:08:37 +0000: Memory Usage (133968K) : via2_drw has 4 polygons
2026-08-20 11:08:37 +0000: Memory Usage (133968K) : metal3_drw has 3 polygons
2026-08-20 11:08:37 +0000: Memory Usage (134096K) : metal3_filler has 0 polygons
2026-08-20 11:08:37 +0000: Memory Usage (134096K) : metal3_slit has 0 polygons
2026-08-20 11:08:37 +0000: Memory Usage (134096K) : metal3 has 3 polygons
2026-08-20 11:08:37 +0000: Memory Usage (134224K) : metal3_pin has 0 polygons
2026-08-20 11:08:37 +0000: Memory Usage (134224K) : metal3_mask has 0 polygons
2026-08-20 11:08:37 +0000: Memory Usage (134224K) : metal3_nofill has 0 polygons
2026-08-20 11:08:37 +0000: Memory Usage (134224K) : metal3_text has 0 polygons
2026-08-20 11:08:37 +0000: Memory Usage (134352K) : metal3_OPC has 0 polygons
2026-08-20 11:08:37 +0000: Memory Usage (134352K) : metal3_noqrc has 0 polygons
2026-08-20 11:08:37 +0000: Memory Usage (134352K) : metal3_res has 0 polygons
2026-08-20 11:08:37 +0000: Memory Usage (134352K) : metal3_iprobe has 0 polygons
2026-08-20 11:08:37 +0000: Memory Usage (134480K) : metal3_diffprb has 0 polygons
2026-08-20 11:08:37 +0000: Memory Usage (134480K) : nwell_drw has 0 polygons
2026-08-20 11:08:37 +0000: Memory Usage (134480K) : nwell_pin has 0 polygons
2026-08-20 11:08:37 +0000: Memory Usage (134480K) : nwell_text has 0 polygons
2026-08-20 11:08:37 +0000: Memory Usage (134480K) : nbulay_drw has 0 polygons
2026-08-20 11:08:37 +0000: Memory Usage (134480K) : nbulay_pin has 0 polygons
2026-08-20 11:08:37 +0000: Memory Usage (134480K) : nbulay_block has 0 polygons
2026-08-20 11:08:37 +0000: Memory Usage (134480K) : emwind_drw has 0 polygons
2026-08-20 11:08:37 +0000: Memory Usage (134480K) : emwind_OPC has 0 polygons
2026-08-20 11:08:37 +0000: Memory Usage (134480K) : deepco_drw has 0 polygons
2026-08-20 11:08:37 +0000: Memory Usage (134480K) : mim_drw has 1 polygons
2026-08-20 11:08:37 +0000: Memory Usage (134480K) : edgeseal_drw has 0 polygons
2026-08-20 11:08:37 +0000: Memory Usage (134480K) : substrate_drw has 0 polygons
2026-08-20 11:08:37 +0000: Memory Usage (134480K) : substrate_text has 0 polygons
2026-08-20 11:08:37 +0000: Memory Usage (134480K) : dfpad_drw has 0 polygons
2026-08-20 11:08:37 +0000: Memory Usage (134480K) : dfpad_pillar has 0 polygons
2026-08-20 11:08:37 +0000: Memory Usage (134608K) : dfpad_sbump has 0 polygons
2026-08-20 11:08:37 +0000: Memory Usage (134608K) : thickgateox_drw has 0 polygons
2026-08-20 11:08:37 +0000: Memory Usage (134608K) : pldb_drw has 0 polygons
2026-08-20 11:08:37 +0000: Memory Usage (134608K) : pwell_drw has 0 polygons
2026-08-20 11:08:37 +0000: Memory Usage (134608K) : pwell_pin has 0 polygons
2026-08-20 11:08:37 +0000: Memory Usage (134608K) : pwell_block has 0 polygons
2026-08-20 11:08:37 +0000: Memory Usage (134736K) : ic_drw has 0 polygons
2026-08-20 11:08:37 +0000: Memory Usage (134736K) : via3_drw has 0 polygons
2026-08-20 11:08:37 +0000: Memory Usage (134736K) : metal4_drw has 1 polygons
2026-08-20 11:08:37 +0000: Memory Usage (134736K) : metal4_filler has 0 polygons
2026-08-20 11:08:37 +0000: Memory Usage (134736K) : metal4_slit has 0 polygons
2026-08-20 11:08:37 +0000: Memory Usage (134864K) : metal4 has 1 polygons
2026-08-20 11:08:37 +0000: Memory Usage (134864K) : metal4_pin has 0 polygons
2026-08-20 11:08:37 +0000: Memory Usage (134864K) : metal4_mask has 0 polygons
2026-08-20 11:08:37 +0000: Memory Usage (134864K) : metal4_nofill has 0 polygons
2026-08-20 11:08:37 +0000: Memory Usage (134864K) : metal4_text has 0 polygons
2026-08-20 11:08:37 +0000: Memory Usage (134864K) : metal4_OPC has 0 polygons
2026-08-20 11:08:37 +0000: Memory Usage (134992K) : metal4_noqrc has 0 polygons
2026-08-20 11:08:37 +0000: Memory Usage (134992K) : metal4_res has 0 polygons
2026-08-20 11:08:37 +0000: Memory Usage (134992K) : metal4_iprobe has 0 polygons
2026-08-20 11:08:37 +0000: Memory Usage (134992K) : metal4_diffprb has 0 polygons
2026-08-20 11:08:37 +0000: Memory Usage (134992K) : heattrans_drw has 0 polygons
2026-08-20 11:08:37 +0000: Memory Usage (134992K) : heatres_drw has 1 polygons
2026-08-20 11:08:37 +0000: Memory Usage (135120K) : fbe_drw has 0 polygons
2026-08-20 11:08:37 +0000: Memory Usage (135120K) : empoly_drw has 0 polygons
2026-08-20 11:08:37 +0000: Memory Usage (135120K) : digisub_drw has 0 polygons
2026-08-20 11:08:37 +0000: Memory Usage (135248K) : text_drw has 3 polygons
2026-08-20 11:08:37 +0000: Memory Usage (135248K) : via4_drw has 4 polygons
2026-08-20 11:08:37 +0000: Memory Usage (135248K) : metal5_drw has 5 polygons
2026-08-20 11:08:37 +0000: Memory Usage (135376K) : metal5_filler has 0 polygons
2026-08-20 11:08:37 +0000: Memory Usage (135376K) : metal5_slit has 0 polygons
2026-08-20 11:08:37 +0000: Memory Usage (135376K) : metal5 has 5 polygons
2026-08-20 11:08:37 +0000: Memory Usage (135376K) : metal5_pin has 0 polygons
2026-08-20 11:08:37 +0000: Memory Usage (135376K) : metal5_mask has 0 polygons
2026-08-20 11:08:37 +0000: Memory Usage (135376K) : metal5_nofill has 0 polygons
2026-08-20 11:08:37 +0000: Memory Usage (135376K) : metal5_text has 0 polygons
2026-08-20 11:08:37 +0000: Memory Usage (135504K) : metal5_OPC has 0 polygons
2026-08-20 11:08:37 +0000: Memory Usage (135504K) : metal5_noqrc has 0 polygons
2026-08-20 11:08:37 +0000: Memory Usage (135504K) : metal5_res has 0 polygons
2026-08-20 11:08:37 +0000: Memory Usage (135504K) : metal5_iprobe has 0 polygons
2026-08-20 11:08:37 +0000: Memory Usage (135504K) : metal5_diffprb has 0 polygons
2026-08-20 11:08:37 +0000: Memory Usage (135632K) : radhard_drw has 0 polygons
2026-08-20 11:08:37 +0000: Memory Usage (135632K) : memcap_drw has 0 polygons
2026-08-20 11:08:37 +0000: Memory Usage (135632K) : varicap_drw has 0 polygons
2026-08-20 11:08:37 +0000: Memory Usage (135632K) : intbondvia_drw has 0 polygons
2026-08-20 11:08:37 +0000: Memory Usage (135632K) : intbondmet_drw has 0 polygons
2026-08-20 11:08:37 +0000: Memory Usage (135632K) : devbondvia_drw has 0 polygons
2026-08-20 11:08:37 +0000: Memory Usage (135760K) : devbondmet_drw has 0 polygons
2026-08-20 11:08:37 +0000: Memory Usage (135760K) : devtrench_drw has 0 polygons
2026-08-20 11:08:37 +0000: Memory Usage (135760K) : redist_drw has 0 polygons
2026-08-20 11:08:37 +0000: Memory Usage (135760K) : graphbot_drw has 0 polygons
2026-08-20 11:08:37 +0000: Memory Usage (135760K) : graphtop_drw has 0 polygons
2026-08-20 11:08:37 +0000: Memory Usage (135760K) : antvia1_drw has 0 polygons
2026-08-20 11:08:37 +0000: Memory Usage (135888K) : antmetal2_drw has 0 polygons
2026-08-20 11:08:37 +0000: Memory Usage (135888K) : graphcont_drw has 0 polygons
2026-08-20 11:08:37 +0000: Memory Usage (135888K) : siwg_drw has 0 polygons
2026-08-20 11:08:37 +0000: Memory Usage (135888K) : siwg_filler has 0 polygons
2026-08-20 11:08:37 +0000: Memory Usage (135888K) : siwg_nofill has 0 polygons
2026-08-20 11:08:37 +0000: Memory Usage (135888K) : sigrating_drw has 0 polygons
2026-08-20 11:08:37 +0000: Memory Usage (136016K) : singrating_drw has 0 polygons
2026-08-20 11:08:37 +0000: Memory Usage (136016K) : graphpas_drw has 0 polygons
2026-08-20 11:08:37 +0000: Memory Usage (136016K) : emwind3_drw has 0 polygons
2026-08-20 11:08:37 +0000: Memory Usage (136016K) : emwihv3_drw has 0 polygons
2026-08-20 11:08:37 +0000: Memory Usage (136016K) : redbulay_drw has 0 polygons
2026-08-20 11:08:37 +0000: Memory Usage (136016K) : smos_drw has 0 polygons
2026-08-20 11:08:37 +0000: Memory Usage (136144K) : graphpad_drw has 0 polygons
2026-08-20 11:08:37 +0000: Memory Usage (136144K) : polimide_drw has 0 polygons
2026-08-20 11:08:37 +0000: Memory Usage (136144K) : polimide_pin has 0 polygons
2026-08-20 11:08:37 +0000: Memory Usage (136144K) : recog_drw has 0 polygons
2026-08-20 11:08:37 +0000: Memory Usage (136144K) : recog_pin has 0 polygons
2026-08-20 11:08:37 +0000: Memory Usage (136144K) : recog_esd has 0 polygons
2026-08-20 11:08:37 +0000: Memory Usage (136272K) : recog_diode has 0 polygons
2026-08-20 11:08:37 +0000: Memory Usage (136272K) : recog_tsv has 0 polygons
2026-08-20 11:08:37 +0000: Memory Usage (136272K) : recog_iprobe has 0 polygons
2026-08-20 11:08:37 +0000: Memory Usage (136272K) : recog_diffprb has 0 polygons
2026-08-20 11:08:37 +0000: Memory Usage (136272K) : recog_pillar has 0 polygons
2026-08-20 11:08:37 +0000: Memory Usage (136272K) : recog_sbump has 0 polygons
2026-08-20 11:08:37 +0000: Memory Usage (136400K) : recog_otp has 0 polygons
2026-08-20 11:08:37 +0000: Memory Usage (136400K) : recog_pdiode has 0 polygons
2026-08-20 11:08:37 +0000: Memory Usage (136400K) : recog_mom has 0 polygons
2026-08-20 11:08:37 +0000: Memory Usage (136400K) : recog_momf has 0 polygons
2026-08-20 11:08:37 +0000: Memory Usage (136400K) : recog_pcm has 0 polygons
2026-08-20 11:08:37 +0000: Memory Usage (136400K) : colopen_drw has 0 polygons
2026-08-20 11:08:37 +0000: Memory Usage (136528K) : graphmetal1_drw has 0 polygons
2026-08-20 11:08:37 +0000: Memory Usage (136528K) : graphmetal1_filler has 0 polygons
2026-08-20 11:08:37 +0000: Memory Usage (136528K) : graphmetal1_nofill has 0 polygons
2026-08-20 11:08:37 +0000: Memory Usage (136528K) : graphmetal1_slit has 0 polygons
2026-08-20 11:08:37 +0000: Memory Usage (136528K) : graphmetal1_OPC has 0 polygons
2026-08-20 11:08:37 +0000: Memory Usage (136528K) : graphmet1l_drw has 0 polygons
2026-08-20 11:08:37 +0000: Memory Usage (136656K) : graphmet1l_filler has 0 polygons
2026-08-20 11:08:37 +0000: Memory Usage (136656K) : graphmet1l_nofill has 0 polygons
2026-08-20 11:08:37 +0000: Memory Usage (136656K) : graphmet1l_slit has 0 polygons
2026-08-20 11:08:37 +0000: Memory Usage (136656K) : graphmet1l_OPC has 0 polygons
2026-08-20 11:08:37 +0000: Memory Usage (136656K) : extblock_drw has 3 polygons
2026-08-20 11:08:37 +0000: Memory Usage (136656K) : nldd_drw has 0 polygons
2026-08-20 11:08:37 +0000: Memory Usage (136784K) : pldd_drw has 0 polygons
2026-08-20 11:08:37 +0000: Memory Usage (136784K) : next_drw has 0 polygons
2026-08-20 11:08:37 +0000: Memory Usage (136784K) : pext_drw has 0 polygons
2026-08-20 11:08:37 +0000: Memory Usage (136784K) : nexthv_drw has 0 polygons
2026-08-20 11:08:37 +0000: Memory Usage (136784K) : pexthv_drw has 0 polygons
2026-08-20 11:08:37 +0000: Memory Usage (136912K) : graphgate_drw has 0 polygons
2026-08-20 11:08:37 +0000: Memory Usage (136912K) : sinwg_drw has 0 polygons
2026-08-20 11:08:37 +0000: Memory Usage (136912K) : sinwg_filler has 0 polygons
2026-08-20 11:08:37 +0000: Memory Usage (136912K) : sinwg_nofill has 0 polygons
2026-08-20 11:08:37 +0000: Memory Usage (136912K) : mempad_drw has 0 polygons
2026-08-20 11:08:37 +0000: Memory Usage (136912K) : topvia1_drw has 2 polygons
2026-08-20 11:08:37 +0000: Memory Usage (137040K) : topmetal1_drw has 3 polygons
2026-08-20 11:08:37 +0000: Memory Usage (137040K) : topmetal1_filler has 0 polygons
2026-08-20 11:08:37 +0000: Memory Usage (137040K) : topmetal1_slit has 0 polygons
2026-08-20 11:08:37 +0000: Memory Usage (137040K) : topmetal1 has 3 polygons
2026-08-20 11:08:37 +0000: Memory Usage (137040K) : topmetal1_pin has 0 polygons
2026-08-20 11:08:37 +0000: Memory Usage (137168K) : topmetal1_mask has 0 polygons
2026-08-20 11:08:37 +0000: Memory Usage (137168K) : topmetal1_nofill has 0 polygons
2026-08-20 11:08:37 +0000: Memory Usage (137168K) : topmetal1_text has 0 polygons
2026-08-20 11:08:37 +0000: Memory Usage (137168K) : topmetal1_noqrc has 0 polygons
2026-08-20 11:08:37 +0000: Memory Usage (137168K) : topmetal1_res has 0 polygons
2026-08-20 11:08:37 +0000: Memory Usage (137168K) : topmetal1_iprobe has 0 polygons
2026-08-20 11:08:37 +0000: Memory Usage (137168K) : topmetal1_diffprb has 0 polygons
2026-08-20 11:08:37 +0000: Memory Usage (137296K) : inldpwl_drw has 0 polygons
2026-08-20 11:08:37 +0000: Memory Usage (137296K) : polyres_drw has 1 polygons
2026-08-20 11:08:37 +0000: Memory Usage (137296K) : polyres_pin has 0 polygons
2026-08-20 11:08:37 +0000: Memory Usage (137296K) : vmim_drw has 225 polygons
2026-08-20 11:08:37 +0000: Memory Usage (137296K) : nbulaycut_drw has 0 polygons
2026-08-20 11:08:37 +0000: Memory Usage (137424K) : antmetal1_drw has 0 polygons
2026-08-20 11:08:37 +0000: Memory Usage (137424K) : topvia2_drw has 2 polygons
2026-08-20 11:08:37 +0000: Memory Usage (137424K) : topmetal2_drw has 2 polygons
2026-08-20 11:08:37 +0000: Memory Usage (137424K) : topmetal2_filler has 0 polygons
2026-08-20 11:08:37 +0000: Memory Usage (137424K) : topmetal2_slit has 0 polygons
2026-08-20 11:08:37 +0000: Memory Usage (137552K) : topmetal2 has 2 polygons
2026-08-20 11:08:37 +0000: Memory Usage (137552K) : topmetal2_pin has 0 polygons
2026-08-20 11:08:37 +0000: Memory Usage (137552K) : topmetal2_mask has 0 polygons
2026-08-20 11:08:37 +0000: Memory Usage (137552K) : topmetal2_nofill has 0 polygons
2026-08-20 11:08:37 +0000: Memory Usage (137552K) : topmetal2_text has 0 polygons
2026-08-20 11:08:37 +0000: Memory Usage (137680K) : topmetal2_noqrc has 0 polygons
2026-08-20 11:08:37 +0000: Memory Usage (137680K) : topmetal2_res has 0 polygons
2026-08-20 11:08:37 +0000: Memory Usage (137680K) : topmetal2_iprobe has 0 polygons
2026-08-20 11:08:37 +0000: Memory Usage (137680K) : topmetal2_diffprb has 0 polygons
2026-08-20 11:08:37 +0000: Memory Usage (137808K) : snsring_drw has 0 polygons
2026-08-20 11:08:37 +0000: Memory Usage (137808K) : sensor_drw has 0 polygons
2026-08-20 11:08:37 +0000: Memory Usage (137936K) : snsarms_drw has 0 polygons
2026-08-20 11:08:37 +0000: Memory Usage (137936K) : snscmosvia_drw has 0 polygons
2026-08-20 11:08:37 +0000: Memory Usage (137936K) : colwind_drw has 0 polygons
2026-08-20 11:08:37 +0000: Memory Usage (137936K) : flm_drw has 0 polygons
2026-08-20 11:08:37 +0000: Memory Usage (138064K) : hafniumox_drw has 0 polygons
2026-08-20 11:08:37 +0000: Memory Usage (138064K) : memvia_drw has 0 polygons
2026-08-20 11:08:37 +0000: Memory Usage (138064K) : thinfilmres_drw has 0 polygons
2026-08-20 11:08:37 +0000: Memory Usage (138192K) : rfmem_drw has 0 polygons
2026-08-20 11:08:37 +0000: Memory Usage (138192K) : norcx_drw has 0 polygons
2026-08-20 11:08:37 +0000: Memory Usage (138192K) : norcx_m2m3 has 0 polygons
2026-08-20 11:08:37 +0000: Memory Usage (138192K) : norcx_m2m4 has 0 polygons
2026-08-20 11:08:37 +0000: Memory Usage (138320K) : norcx_m2m5 has 0 polygons
2026-08-20 11:08:37 +0000: Memory Usage (138320K) : norcx_m2tm1 has 0 polygons
2026-08-20 11:08:37 +0000: Memory Usage (138320K) : norcx_m2tm2 has 0 polygons
2026-08-20 11:08:37 +0000: Memory Usage (138320K) : norcx_m3m4 has 0 polygons
2026-08-20 11:08:37 +0000: Memory Usage (138448K) : norcx_m3m5 has 0 polygons
2026-08-20 11:08:37 +0000: Memory Usage (138448K) : norcx_m3tm1 has 0 polygons
2026-08-20 11:08:37 +0000: Memory Usage (138576K) : norcx_m3tm2 has 0 polygons
2026-08-20 11:08:37 +0000: Memory Usage (138576K) : norcx_m4m5 has 0 polygons
2026-08-20 11:08:37 +0000: Memory Usage (138576K) : norcx_m4tm1 has 0 polygons
2026-08-20 11:08:37 +0000: Memory Usage (138576K) : norcx_m4tm2 has 0 polygons
2026-08-20 11:08:37 +0000: Memory Usage (138576K) : norcx_m5tm1 has 0 polygons
2026-08-20 11:08:37 +0000: Memory Usage (138576K) : norcx_m5tm2 has 0 polygons
2026-08-20 11:08:37 +0000: Memory Usage (138576K) : norcx_tm1tm2 has 0 polygons
2026-08-20 11:08:37 +0000: Memory Usage (138576K) : norcx_m1sub has 0 polygons
2026-08-20 11:08:37 +0000: Memory Usage (138576K) : norcx_m2sub has 0 polygons
2026-08-20 11:08:37 +0000: Memory Usage (138576K) : norcx_m3sub has 0 polygons
2026-08-20 11:08:37 +0000: Memory Usage (138576K) : norcx_m4sub has 0 polygons
2026-08-20 11:08:37 +0000: Memory Usage (138576K) : norcx_m5sub has 0 polygons
2026-08-20 11:08:37 +0000: Memory Usage (138576K) : norcx_tm1sub has 0 polygons
2026-08-20 11:08:37 +0000: Memory Usage (138576K) : norcx_tm2sub has 0 polygons
2026-08-20 11:08:37 +0000: Memory Usage (138576K) : snsbotvia_drw has 0 polygons
2026-08-20 11:08:37 +0000: Memory Usage (138576K) : snstopvia_drw has 0 polygons
2026-08-20 11:08:37 +0000: Memory Usage (138576K) : deepvia_drw has 0 polygons
2026-08-20 11:08:37 +0000: Memory Usage (138576K) : fgetch_drw has 0 polygons
2026-08-20 11:08:37 +0000: Memory Usage (138576K) : ctrgat_drw has 0 polygons
2026-08-20 11:08:37 +0000: Memory Usage (138576K) : fgimp_drw has 0 polygons
2026-08-20 11:08:37 +0000: Memory Usage (138704K) : emwihv_drw has 0 polygons
2026-08-20 11:08:37 +0000: Memory Usage (138704K) : lbe_drw has 0 polygons
2026-08-20 11:08:37 +0000: Memory Usage (138704K) : alcustop_drw has 0 polygons
2026-08-20 11:08:37 +0000: Memory Usage (138704K) : nometfiller_drw has 0 polygons
2026-08-20 11:08:37 +0000: Memory Usage (138704K) : prboundary_drw has 0 polygons
2026-08-20 11:08:37 +0000: Memory Usage (138704K) : exchange0_drw has 0 polygons
2026-08-20 11:08:37 +0000: Memory Usage (138704K) : exchange0_pin has 0 polygons
2026-08-20 11:08:37 +0000: Memory Usage (138704K) : exchange0_text has 0 polygons
2026-08-20 11:08:37 +0000: Memory Usage (138704K) : exchange1_drw has 0 polygons
2026-08-20 11:08:37 +0000: Memory Usage (138704K) : exchange1_pin has 0 polygons
2026-08-20 11:08:37 +0000: Memory Usage (138704K) : exchange1_text has 0 polygons
2026-08-20 11:08:37 +0000: Memory Usage (138704K) : exchange2_drw has 0 polygons
2026-08-20 11:08:37 +0000: Memory Usage (138704K) : exchange2_pin has 0 polygons
2026-08-20 11:08:37 +0000: Memory Usage (138704K) : exchange2_text has 0 polygons
2026-08-20 11:08:37 +0000: Memory Usage (138704K) : exchange3_drw has 0 polygons
2026-08-20 11:08:37 +0000: Memory Usage (138704K) : exchange3_pin has 0 polygons
2026-08-20 11:08:37 +0000: Memory Usage (138704K) : exchange3_text has 0 polygons
2026-08-20 11:08:37 +0000: Memory Usage (138704K) : exchange4_drw has 0 polygons
2026-08-20 11:08:37 +0000: Memory Usage (138704K) : exchange4_pin has 0 polygons
2026-08-20 11:08:37 +0000: Memory Usage (138704K) : exchange4_text has 0 polygons
2026-08-20 11:08:37 +0000: Memory Usage (138704K) : isonwell_drw has 0 polygons
2026-08-20 11:08:37 +0000: Memory Usage (138704K) : Total no. of polygons in the design is 281
2026-08-20 11:08:37 +0000: Memory Usage (138704K) : Starting base layers derivations
2026-08-20 11:08:37 +0000: Memory Usage (138704K) : Starting general LVS derivations
2026-08-20 11:08:37 +0000: Memory Usage (141076K) : Starting MOSFET DERIVATIONS
2026-08-20 11:08:37 +0000: Memory Usage (141204K) : Starting NMOS DERIVATIONS
2026-08-20 11:08:37 +0000: Memory Usage (141204K) : Starting PMOS DERIVATIONS
2026-08-20 11:08:37 +0000: Memory Usage (141204K) : Starting RF-MOSFET DERIVATIONS
2026-08-20 11:08:37 +0000: Memory Usage (141204K) : Starting RF-NMOS DERIVATIONS
2026-08-20 11:08:37 +0000: Memory Usage (141204K) : Starting RF-PMOS DERIVATIONS
2026-08-20 11:08:37 +0000: Memory Usage (141204K) : Starting BJT DERIVATIONS
2026-08-20 11:08:37 +0000: Memory Usage (141204K) : Starting NPN-BJT DERIVATIONS
2026-08-20 11:08:37 +0000: Memory Usage (141204K) : Starting PNP-BJT DERIVATIONS
2026-08-20 11:08:37 +0000: Memory Usage (141204K) : Starting DIODE DERIVATIONS
2026-08-20 11:08:37 +0000: Memory Usage (141204K) : Starting RESISTOR DERIVATIONS
2026-08-20 11:08:37 +0000: Memory Usage (142228K) : Starting CAP DERIVATIONS
2026-08-20 11:08:37 +0000: Memory Usage (142228K) : Starting CAP_CMOM DERIVATIONS
2026-08-20 11:08:37 +0000: Memory Usage (142228K) : Starting CAP_CMOMF DERIVATIONS
2026-08-20 11:08:37 +0000: Memory Usage (142228K) : Starting ESD DERIVATIONS
2026-08-20 11:08:37 +0000: Memory Usage (142228K) : Starting Inductor DERIVATIONS
2026-08-20 11:08:37 +0000: Memory Usage (142228K) : Starting Taps DERIVATIONS
2026-08-20 11:08:37 +0000: Memory Usage (142228K) : Starting SG13G2 LVS connectivity setup
2026-08-20 11:08:37 +0000: Memory Usage (142228K) : Starting SG13G2 LVS connectivity setup (Inter-layer)
2026-08-20 11:08:37 +0000: Memory Usage (142356K) : Starting SG13G2 LVS connectivity setup (Global)
2026-08-20 11:08:37 +0000: Memory Usage (142356K) : Starting LVS MOSFET CONNECTIONS
2026-08-20 11:08:37 +0000: Memory Usage (142356K) : Starting LVS RF-MOSFET CONNECTIONS
2026-08-20 11:08:37 +0000: Memory Usage (142356K) : Starting LVS BJT CONNECTIONS
2026-08-20 11:08:37 +0000: Memory Usage (142356K) : Starting LVS DIODE CONNECTIONS
2026-08-20 11:08:37 +0000: Memory Usage (142356K) : Starting RESISTOR CONNECTIONS
2026-08-20 11:08:37 +0000: Memory Usage (142356K) : Starting LVS CAP CONNECTIONS
2026-08-20 11:08:37 +0000: Memory Usage (142356K) : Starting CAP_CMOM CONNECTIONS
2026-08-20 11:08:37 +0000: Memory Usage (142356K) : Starting CAP_CMOMF CONNECTIONS
2026-08-20 11:08:37 +0000: Memory Usage (142356K) : Starting ESD CONNECTIONS
2026-08-20 11:08:37 +0000: Memory Usage (142356K) : Starting Inductor CONNECTIONS
2026-08-20 11:08:37 +0000: Memory Usage (142356K) : Starting LVS Taps CONNECTIONS
2026-08-20 11:08:37 +0000: Memory Usage (142356K) : Starting SG13G2 LVS DEVICES EXTRACTION
2026-08-20 11:08:37 +0000: Memory Usage (142356K) : Starting MOSFET EXTRACTION
2026-08-20 11:08:37 +0000: Memory Usage (142356K) : Starting NMOS EXTRACTION
2026-08-20 11:08:37 +0000: Memory Usage (142356K) : Extraction of NMOS-LV transistor
2026-08-20 11:08:37 +0000: Memory Usage (142484K) : Extraction of NMOS-HV transistor
2026-08-20 11:08:37 +0000: Memory Usage (142484K) : Starting PMOS EXTRACTION
2026-08-20 11:08:37 +0000: Memory Usage (142484K) : Extraction of PMOS-LV transistor
2026-08-20 11:08:37 +0000: Memory Usage (142484K) : Extraction of PMOS-HV transistor
2026-08-20 11:08:37 +0000: Memory Usage (142484K) : Starting RF-MOSFET EXTRACTION
2026-08-20 11:08:37 +0000: Memory Usage (142484K) : Extraction of RF-NMOS-LV transistor
2026-08-20 11:08:37 +0000: Memory Usage (142484K) : Extraction of RF-NMOS-HV transistor
2026-08-20 11:08:37 +0000: Memory Usage (142484K) : Extraction of RF-PMOS-LV transistor
2026-08-20 11:08:37 +0000: Memory Usage (142484K) : Extraction of RF-PMOS-HV transistor
2026-08-20 11:08:37 +0000: Memory Usage (142484K) : Starting BJT EXTRACTION
2026-08-20 11:08:37 +0000: Memory Usage (142484K) : Starting NPN-BJT EXTRACTION
2026-08-20 11:08:37 +0000: Memory Usage (142484K) : Extraction of npn13G2 BJT transistor
2026-08-20 11:08:37 +0000: Memory Usage (142484K) : Extraction of npn13G2L BJT transistor
2026-08-20 11:08:37 +0000: Memory Usage (142484K) : Extraction of npn13G2V BJT transistor
2026-08-20 11:08:37 +0000: Memory Usage (142484K) : Starting PNP-BJT EXTRACTION
2026-08-20 11:08:37 +0000: Memory Usage (142484K) : Extracting pnpMPA BJT
2026-08-20 11:08:37 +0000: Memory Usage (142484K) : Starting DIODE EXTRACTION
2026-08-20 11:08:37 +0000: Memory Usage (142484K) : Extracting dantenna diode
2026-08-20 11:08:37 +0000: Memory Usage (142484K) : Extracting dpantenna diode
2026-08-20 11:08:37 +0000: Memory Usage (142484K) : Extracting schottky_nbl1 diode
2026-08-20 11:08:37 +0000: Memory Usage (142484K) : Extracting isolbox diode
2026-08-20 11:08:37 +0000: Memory Usage (142484K) : Starting RESISTOR EXTRACTION
2026-08-20 11:08:37 +0000: Memory Usage (142484K) : Extracting rsil resistor
2026-08-20 11:08:37 +0000: Memory Usage (142484K) : Extracting rppd resistor
2026-08-20 11:08:37 +0000: Memory Usage (142740K) : Extracting rhigh resistor
2026-08-20 11:08:37 +0000: Memory Usage (142740K) : Extracting res_metal1 resistor
2026-08-20 11:08:37 +0000: Memory Usage (142740K) : Extracting res_metal2 resistor
2026-08-20 11:08:37 +0000: Memory Usage (142740K) : Extracting res_metal3 resistor
2026-08-20 11:08:37 +0000: Memory Usage (142740K) : Extracting res_metal4 resistor
2026-08-20 11:08:37 +0000: Memory Usage (142740K) : Extracting res_metal5 resistor
2026-08-20 11:08:37 +0000: Memory Usage (142740K) : Extracting res_topmetal1 resistor
2026-08-20 11:08:37 +0000: Memory Usage (142740K) : Extracting res_topmetal2 resistor
2026-08-20 11:08:37 +0000: Memory Usage (142740K) : Starting CAP EXTRACTION
2026-08-20 11:08:37 +0000: Memory Usage (142740K) : Extracting cap_cmim device
2026-08-20 11:08:37 +0000: Memory Usage (142740K) : Extracting rfcmim device
2026-08-20 11:08:37 +0000: Memory Usage (142740K) : Extracting sg13_hv_svaricap varactor
2026-08-20 11:08:37 +0000: Memory Usage (142740K) : Extracting cap_cmomi device
2026-08-20 11:08:37 +0000: Memory Usage (142740K) : Extracting cap_cmomf device
2026-08-20 11:08:37 +0000: Memory Usage (142740K) : Extracting sg13_moscap_n capacitor
2026-08-20 11:08:37 +0000: Memory Usage (142740K) : Extracting sg13_moscap_p capacitor
2026-08-20 11:08:37 +0000: Memory Usage (142740K) : Starting ESD EXTRACTION
2026-08-20 11:08:37 +0000: Memory Usage (142740K) : Extracting diodevdd_2kv ESD device
2026-08-20 11:08:37 +0000: Memory Usage (142740K) : Extracting diodevdd_4kv ESD device
2026-08-20 11:08:37 +0000: Memory Usage (142740K) : Extracting diodevss_2kv ESD device
2026-08-20 11:08:37 +0000: Memory Usage (142740K) : Extracting diodevss_4kv ESD device
2026-08-20 11:08:37 +0000: Memory Usage (142740K) : Extracting idiodevdd_2kv ESD device
2026-08-20 11:08:37 +0000: Memory Usage (142740K) : Extracting idiodevdd_4kv ESD device
2026-08-20 11:08:37 +0000: Memory Usage (142740K) : Extracting idiodevss_2kv ESD device
2026-08-20 11:08:37 +0000: Memory Usage (142740K) : Extracting idiodevss_4kv ESD device
2026-08-20 11:08:37 +0000: Memory Usage (142740K) : Extracting nmoscl_2 ESD device
2026-08-20 11:08:37 +0000: Memory Usage (142740K) : Extracting nmoscl_4 ESD device
2026-08-20 11:08:37 +0000: Memory Usage (142740K) : Starting Inductor EXTRACTION
2026-08-20 11:08:37 +0000: Memory Usage (142740K) : Extracting Inductor2 device
2026-08-20 11:08:37 +0000: Memory Usage (142740K) : Extracting Inductor3 device
2026-08-20 11:08:37 +0000: Memory Usage (142740K) : Starting Taps EXTRACTION
2026-08-20 11:08:37 +0000: Memory Usage (142740K) : Extracting ntap1 device
2026-08-20 11:08:37 +0000: Memory Usage (142740K) : Extracting ptap1 device
2026-08-20 11:08:37 +0000: Memory Usage (142740K) : Starting SG13G2 LVS RF MOS Model Mapping
2026-08-20 11:08:37 +0000: Memory Usage (142740K) : [layout_netlist] Apply RF MOS model mapping and rfmode parameter.
2026-08-20 11:08:37 +0000: Memory Usage (142740K) : Starting SG13G2 LVS Options Preparations
2026-08-20 11:08:37 +0000: Memory Usage (142740K) : SG13G2 LVS flow: extraction -> alignment -> option preparation -> comparison.
2026-08-20 11:08:37 +0000: Memory Usage (142740K) : Starting SG13G2 LVS Alignment
2026-08-20 11:08:37 +0000: Memory Usage (142868K) : Starting SG13G2 LVS Simplification
2026-08-20 11:08:37 +0000: Memory Usage (142868K) : [layout_netlist] simplify: ENABLED
2026-08-20 11:08:37 +0000: Memory Usage (142868K) : [layout_netlist] make_top_level_pins: SKIPPED
2026-08-20 11:08:37 +0000: Memory Usage (142868K) : [layout_netlist] combine_devices: SKIPPED
2026-08-20 11:08:37 +0000: Memory Usage (142868K) : [layout_netlist] purge: SKIPPED
2026-08-20 11:08:37 +0000: Memory Usage (142868K) : [layout_netlist] purge_nets: SKIPPED
2026-08-20 11:08:37 +0000: Memory Usage (142868K) : [schematic_netlist] simplify: ENABLED
2026-08-20 11:08:37 +0000: Memory Usage (142868K) : [schematic_netlist] make_top_level_pins: SKIPPED
2026-08-20 11:08:37 +0000: Memory Usage (142868K) : [schematic_netlist] combine_devices: SKIPPED
2026-08-20 11:08:37 +0000: Memory Usage (142868K) : [schematic_netlist] purge: SKIPPED
2026-08-20 11:08:37 +0000: Memory Usage (142868K) : [schematic_netlist] purge_nets: SKIPPED
2026-08-20 11:08:37 +0000: Memory Usage (142868K) : Starting SG13G2 LVS Comparison
2026-08-20 11:08:37 +0000: Memory Usage (142996K) : xxxxxxxxxxxxxxxxxxxxxxxxxxxxxxxxxxxxxxxxxx
2026-08-20 11:08:37 +0000: Memory Usage (142996K) : ERROR : Netlists don't match
2026-08-20 11:08:37 +0000: Memory Usage (142996K) : xxxxxxxxxxxxxxxxxxxxxxxxxxxxxxxxxxxxxxxxxx
2026-08-20 11:08:37 +0000: Memory Usage (142996K) : LVS Total Run time 0.334096 seconds

--- stderr ---
20-Aug-2026 11:08:36 | INFO    | Your Klayout version is: KLayout 0.30.5 (required >= 0.30.5)
20-Aug-2026 11:08:36 | INFO    | Running SG13G2 LVS checks on design /workspace/layout/blocks/out/term_stage/_cmim_probe/probe_direct_m5_flat.gds on cell probe
20-Aug-2026 11:08:37 | INFO    | ==============================================================================
20-Aug-2026 11:08:37 | INFO    | Important Summary
20-Aug-2026 11:08:37 | INFO    | +------------------+------------------------------------------------------------------------+
20-Aug-2026 11:08:37 | INFO    | | Status           | FAIL                                                                   |
20-Aug-2026 11:08:37 | INFO    | | Mode             | COMPARE                                                                |
20-Aug-2026 11:08:37 | INFO    | | Outcome          | Comparison mode: FAIL (netlists do not match).                         |
20-Aug-2026 11:08:37 | INFO    | | Layout           | probe_direct_m5_flat.gds                                               |
20-Aug-2026 11:08:37 | INFO    | | Top Cell         | probe                                                                  |
20-Aug-2026 11:08:37 | INFO    | | Results Dir      | /workspace/layout/blocks/out/term_stage/_cmim_probe/lvs_direct_m5_flat |
20-Aug-2026 11:08:37 | INFO    | | Warnings         | 0                                                                      |
20-Aug-2026 11:08:37 | INFO    | | Errors           | 1                                                                      |
20-Aug-2026 11:08:37 | INFO    | | Run Time (s)     | 0.612                                                                  |
20-Aug-2026 11:08:37 | INFO    | +------------------+------------------------------------------------------------------------+
20-Aug-2026 11:08:37 | ERROR   | Key errors:
20-Aug-2026 11:08:37 | ERROR   |   - 2026-08-20 11:08:37 +0000: Memory Usage (142996K) : ERROR : Netlists don't match
20-Aug-2026 11:08:37 | INFO    | ==============================================================================

