# Logfile created on 2026-08-20 17:09:03 +0000 by logger.rb/v1.5.3
2026-08-20 17:09:03 +0000: Memory Usage (129084K) : Starting running SG13G2 Klayout LVS runset on /workspace/layout/blocks/out/driver_stage/bisect_extra6/ties/driver_dut.gds
2026-08-20 17:09:03 +0000: Memory Usage (129084K) : Ruby Version for klayout: 3.2.3
2026-08-20 17:09:03 +0000: Memory Usage (130424K) : Loading database to memory is complete.
2026-08-20 17:09:03 +0000: Memory Usage (130424K) : SG13G2 Klayout LVS runset output at: /workspace/layout/blocks/out/driver_stage/bisect_extra6/ties/lvs/driver_dut.lvsdb
2026-08-20 17:09:03 +0000: Memory Usage (130424K) : Evaluate switches.
2026-08-20 17:09:03 +0000: Memory Usage (130424K) : Extracted netlist with net names: true
2026-08-20 17:09:03 +0000: Memory Usage (130424K) : Extracted netlist with comments in details: false
2026-08-20 17:09:03 +0000: Memory Usage (130424K) : Selected NET_ONLY option: false
2026-08-20 17:09:03 +0000: Memory Usage (130424K) : Selected LAYOUT_NETLIST option: (none)
2026-08-20 17:09:03 +0000: Memory Usage (130424K) : Selected IGNORE_TOP_PORTS_MISMATCH option: true
2026-08-20 17:09:03 +0000: Memory Usage (130424K) : Selected IMPLICIT_NETS option: sub,sub!
2026-08-20 17:09:03 +0000: Memory Usage (130424K) : Selected TOP_LVL_PINS option: false
2026-08-20 17:09:03 +0000: Memory Usage (130424K) : Selected COMBINE DEVICES option: false
2026-08-20 17:09:03 +0000: Memory Usage (130424K) : Selected PURGE option: false
2026-08-20 17:09:03 +0000: Memory Usage (130424K) : Selected PURGE_NETS option: false
2026-08-20 17:09:03 +0000: Memory Usage (130424K) : Selected SIMPLIFY option: true
2026-08-20 17:09:03 +0000: Memory Usage (130424K) : Selected SERIES_RES option: true
2026-08-20 17:09:03 +0000: Memory Usage (130424K) : Selected PARALLEL_RES option: true
2026-08-20 17:09:03 +0000: Memory Usage (130424K) : Selected DISABLE_TAP_EXTRACTION option: true
2026-08-20 17:09:03 +0000: Memory Usage (130424K) : deep  mode is enabled.
2026-08-20 17:09:03 +0000: Memory Usage (130424K) : Applying implicit connections (case-sensitive, pattern supported) for nets: sub, sub!
2026-08-20 17:09:03 +0000: Memory Usage (131664K) : Netlist file: /workspace/layout/blocks/out/driver_stage/bisect_extra6/ties/x.cdl
2026-08-20 17:09:03 +0000: Memory Usage (131664K) : LVS extracted netlist at: /workspace/layout/blocks/out/driver_stage/bisect_extra6/ties/lvs/driver_dut_extracted.cir
2026-08-20 17:09:03 +0000: Memory Usage (131664K) : Applying SRAM integration support.
2026-08-20 17:09:03 +0000: Memory Usage (131664K) : Starting SG13G2 LVS runset
2026-08-20 17:09:03 +0000: Memory Usage (131664K) : Read in polygons from layers.
2026-08-20 17:09:03 +0000: Memory Usage (132816K) : activ_drw has 899 polygons
2026-08-20 17:09:03 +0000: Memory Usage (132816K) : activ_filler has 0 polygons
2026-08-20 17:09:03 +0000: Memory Usage (132944K) : activ has 899 polygons
2026-08-20 17:09:03 +0000: Memory Usage (133032K) : activ_pin has 0 polygons
2026-08-20 17:09:03 +0000: Memory Usage (133544K) : activ_mask has 4 polygons
2026-08-20 17:09:03 +0000: Memory Usage (133544K) : activ_nofill has 2 polygons
2026-08-20 17:09:03 +0000: Memory Usage (133544K) : activ_OPC has 0 polygons
2026-08-20 17:09:03 +0000: Memory Usage (133544K) : activ_iOPC has 0 polygons
2026-08-20 17:09:03 +0000: Memory Usage (133544K) : activ_noqrc has 0 polygons
2026-08-20 17:09:03 +0000: Memory Usage (133544K) : biwind_drw has 0 polygons
2026-08-20 17:09:03 +0000: Memory Usage (133544K) : biwind_OPC has 0 polygons
2026-08-20 17:09:03 +0000: Memory Usage (133544K) : gatpoly_drw has 140 polygons
2026-08-20 17:09:03 +0000: Memory Usage (133544K) : gatpoly_filler has 0 polygons
2026-08-20 17:09:03 +0000: Memory Usage (133544K) : gatpoly has 140 polygons
2026-08-20 17:09:03 +0000: Memory Usage (133544K) : gatpoly_pin has 119 polygons
2026-08-20 17:09:03 +0000: Memory Usage (133544K) : gatpoly_nofill has 2 polygons
2026-08-20 17:09:03 +0000: Memory Usage (133544K) : gatpoly_OPC has 0 polygons
2026-08-20 17:09:03 +0000: Memory Usage (133544K) : gatpoly_iOPC has 0 polygons
2026-08-20 17:09:03 +0000: Memory Usage (133544K) : gatpoly_noqrc has 0 polygons
2026-08-20 17:09:03 +0000: Memory Usage (133672K) : cont_drw has 14577 polygons
2026-08-20 17:09:03 +0000: Memory Usage (133672K) : cont_OPC has 0 polygons
2026-08-20 17:09:03 +0000: Memory Usage (133672K) : nsd_drw has 0 polygons
2026-08-20 17:09:03 +0000: Memory Usage (133800K) : nsd_block has 4 polygons
2026-08-20 17:09:03 +0000: Memory Usage (133800K) : metal1_drw has 1558 polygons
2026-08-20 17:09:03 +0000: Memory Usage (133800K) : metal1_filler has 0 polygons
2026-08-20 17:09:03 +0000: Memory Usage (133928K) : metal1_slit has 0 polygons
2026-08-20 17:09:03 +0000: Memory Usage (133928K) : metal1 has 1558 polygons
2026-08-20 17:09:03 +0000: Memory Usage (134056K) : metal1_pin has 750 polygons
2026-08-20 17:09:03 +0000: Memory Usage (134056K) : metal1_mask has 0 polygons
2026-08-20 17:09:03 +0000: Memory Usage (134184K) : metal1_nofill has 2 polygons
2026-08-20 17:09:03 +0000: Memory Usage (134440K) : metal1_text has 5 polygons
2026-08-20 17:09:03 +0000: Memory Usage (134440K) : metal1_OPC has 0 polygons
2026-08-20 17:09:03 +0000: Memory Usage (134568K) : metal1_noqrc has 0 polygons
2026-08-20 17:09:03 +0000: Memory Usage (134568K) : metal1_res has 0 polygons
2026-08-20 17:09:03 +0000: Memory Usage (134568K) : metal1_iprobe has 0 polygons
2026-08-20 17:09:03 +0000: Memory Usage (134696K) : metal1_diffprb has 0 polygons
2026-08-20 17:09:03 +0000: Memory Usage (134696K) : passiv_drw has 2 polygons
2026-08-20 17:09:03 +0000: Memory Usage (134696K) : passiv_pin has 0 polygons
2026-08-20 17:09:03 +0000: Memory Usage (134824K) : passiv_sbump has 0 polygons
2026-08-20 17:09:03 +0000: Memory Usage (134824K) : passiv_pillar has 0 polygons
2026-08-20 17:09:03 +0000: Memory Usage (134824K) : passiv_pdl has 0 polygons
2026-08-20 17:09:03 +0000: Memory Usage (134952K) : metal2_drw has 571 polygons
2026-08-20 17:09:03 +0000: Memory Usage (134952K) : metal2_filler has 0 polygons
2026-08-20 17:09:03 +0000: Memory Usage (134952K) : metal2_slit has 0 polygons
2026-08-20 17:09:03 +0000: Memory Usage (134952K) : metal2 has 571 polygons
2026-08-20 17:09:03 +0000: Memory Usage (135080K) : metal2_pin has 10 polygons
2026-08-20 17:09:03 +0000: Memory Usage (135080K) : metal2_mask has 0 polygons
2026-08-20 17:09:03 +0000: Memory Usage (135080K) : metal2_nofill has 2 polygons
2026-08-20 17:09:03 +0000: Memory Usage (135080K) : metal2_text has 3 polygons
2026-08-20 17:09:03 +0000: Memory Usage (135208K) : metal2_OPC has 0 polygons
2026-08-20 17:09:03 +0000: Memory Usage (135208K) : metal2_noqrc has 0 polygons
2026-08-20 17:09:03 +0000: Memory Usage (135208K) : metal2_res has 0 polygons
2026-08-20 17:09:03 +0000: Memory Usage (135208K) : metal2_iprobe has 0 polygons
2026-08-20 17:09:03 +0000: Memory Usage (135336K) : metal2_diffprb has 0 polygons
2026-08-20 17:09:03 +0000: Memory Usage (135336K) : baspoly_drw has 0 polygons
2026-08-20 17:09:03 +0000: Memory Usage (135336K) : baspoly_pin has 0 polygons
2026-08-20 17:09:03 +0000: Memory Usage (135336K) : psd_drw has 515 polygons
2026-08-20 17:09:03 +0000: Memory Usage (135464K) : nldb_drw has 0 polygons
2026-08-20 17:09:03 +0000: Memory Usage (135464K) : digibnd_drw has 0 polygons
2026-08-20 17:09:03 +0000: Memory Usage (135464K) : via1_drw has 7650 polygons
2026-08-20 17:09:03 +0000: Memory Usage (135464K) : backmetal1_drw has 0 polygons
2026-08-20 17:09:03 +0000: Memory Usage (135592K) : backmetal1_pin has 0 polygons
2026-08-20 17:09:03 +0000: Memory Usage (135592K) : backmetal1_mask has 0 polygons
2026-08-20 17:09:03 +0000: Memory Usage (135592K) : backmetal1_filler has 0 polygons
2026-08-20 17:09:03 +0000: Memory Usage (135592K) : backmetal1_nofill has 0 polygons
2026-08-20 17:09:03 +0000: Memory Usage (135720K) : backmetal1_slit has 0 polygons
2026-08-20 17:09:03 +0000: Memory Usage (135720K) : backmetal1_text has 0 polygons
2026-08-20 17:09:03 +0000: Memory Usage (135720K) : backmetal1_OPC has 0 polygons
2026-08-20 17:09:03 +0000: Memory Usage (135720K) : backmetal1_noqrc has 0 polygons
2026-08-20 17:09:03 +0000: Memory Usage (135848K) : backmetal1_res has 0 polygons
2026-08-20 17:09:03 +0000: Memory Usage (135848K) : backmetal1_iprobe has 0 polygons
2026-08-20 17:09:03 +0000: Memory Usage (135848K) : backmetal1_diffprb has 0 polygons
2026-08-20 17:09:03 +0000: Memory Usage (135848K) : backpassiv_drw has 0 polygons
2026-08-20 17:09:03 +0000: Memory Usage (135976K) : res_drw has 2 polygons
2026-08-20 17:09:03 +0000: Memory Usage (135976K) : sram_drw has 0 polygons
2026-08-20 17:09:03 +0000: Memory Usage (135976K) : trans_drw has 2 polygons
2026-08-20 17:09:03 +0000: Memory Usage (136104K) : ind_drw has 2 polygons
2026-08-20 17:09:03 +0000: Memory Usage (136104K) : ind_pin has 4 polygons
2026-08-20 17:09:03 +0000: Memory Usage (136104K) : ind_text has 4 polygons
2026-08-20 17:09:03 +0000: Memory Usage (136104K) : salblock_drw has 12 polygons
2026-08-20 17:09:03 +0000: Memory Usage (136232K) : via2_drw has 825 polygons
2026-08-20 17:09:03 +0000: Memory Usage (136232K) : metal3_drw has 70 polygons
2026-08-20 17:09:03 +0000: Memory Usage (136232K) : metal3_filler has 0 polygons
2026-08-20 17:09:03 +0000: Memory Usage (136360K) : metal3_slit has 0 polygons
2026-08-20 17:09:03 +0000: Memory Usage (136360K) : metal3 has 70 polygons
2026-08-20 17:09:03 +0000: Memory Usage (136360K) : metal3_pin has 2 polygons
2026-08-20 17:09:03 +0000: Memory Usage (136360K) : metal3_mask has 0 polygons
2026-08-20 17:09:03 +0000: Memory Usage (136360K) : metal3_nofill has 2 polygons
2026-08-20 17:09:03 +0000: Memory Usage (136360K) : metal3_text has 0 polygons
2026-08-20 17:09:03 +0000: Memory Usage (136360K) : metal3_OPC has 0 polygons
2026-08-20 17:09:03 +0000: Memory Usage (136360K) : metal3_noqrc has 0 polygons
2026-08-20 17:09:03 +0000: Memory Usage (136360K) : metal3_res has 0 polygons
2026-08-20 17:09:03 +0000: Memory Usage (136360K) : metal3_iprobe has 0 polygons
2026-08-20 17:09:03 +0000: Memory Usage (136360K) : metal3_diffprb has 0 polygons
2026-08-20 17:09:03 +0000: Memory Usage (136360K) : nwell_drw has 14 polygons
2026-08-20 17:09:03 +0000: Memory Usage (136360K) : nwell_pin has 0 polygons
2026-08-20 17:09:03 +0000: Memory Usage (136360K) : nwell_text has 0 polygons
2026-08-20 17:09:03 +0000: Memory Usage (136360K) : nbulay_drw has 1 polygons
2026-08-20 17:09:03 +0000: Memory Usage (136360K) : nbulay_pin has 0 polygons
2026-08-20 17:09:03 +0000: Memory Usage (136488K) : nbulay_block has 0 polygons
2026-08-20 17:09:03 +0000: Memory Usage (136488K) : emwind_drw has 4 polygons
2026-08-20 17:09:03 +0000: Memory Usage (136488K) : emwind_OPC has 0 polygons
2026-08-20 17:09:03 +0000: Memory Usage (136488K) : deepco_drw has 0 polygons
2026-08-20 17:09:03 +0000: Memory Usage (136488K) : mim_drw has 0 polygons
2026-08-20 17:09:03 +0000: Memory Usage (136488K) : edgeseal_drw has 0 polygons
2026-08-20 17:09:03 +0000: Memory Usage (136616K) : substrate_drw has 500 polygons
2026-08-20 17:09:03 +0000: Memory Usage (136616K) : substrate_text has 0 polygons
2026-08-20 17:09:03 +0000: Memory Usage (136616K) : dfpad_drw has 2 polygons
2026-08-20 17:09:03 +0000: Memory Usage (136616K) : dfpad_pillar has 0 polygons
2026-08-20 17:09:03 +0000: Memory Usage (136616K) : dfpad_sbump has 0 polygons
2026-08-20 17:09:03 +0000: Memory Usage (136744K) : thickgateox_drw has 1 polygons
2026-08-20 17:09:03 +0000: Memory Usage (136744K) : pldb_drw has 0 polygons
2026-08-20 17:09:03 +0000: Memory Usage (136744K) : pwell_drw has 0 polygons
2026-08-20 17:09:03 +0000: Memory Usage (136744K) : pwell_pin has 0 polygons
2026-08-20 17:09:03 +0000: Memory Usage (136744K) : pwell_block has 2 polygons
2026-08-20 17:09:03 +0000: Memory Usage (136744K) : ic_drw has 0 polygons
2026-08-20 17:09:03 +0000: Memory Usage (136872K) : via3_drw has 1023 polygons
2026-08-20 17:09:03 +0000: Memory Usage (136872K) : metal4_drw has 32 polygons
2026-08-20 17:09:03 +0000: Memory Usage (136872K) : metal4_filler has 0 polygons
2026-08-20 17:09:03 +0000: Memory Usage (136872K) : metal4_slit has 0 polygons
2026-08-20 17:09:03 +0000: Memory Usage (136872K) : metal4 has 32 polygons
2026-08-20 17:09:03 +0000: Memory Usage (136872K) : metal4_pin has 0 polygons
2026-08-20 17:09:03 +0000: Memory Usage (137000K) : metal4_mask has 0 polygons
2026-08-20 17:09:03 +0000: Memory Usage (137000K) : metal4_nofill has 2 polygons
2026-08-20 17:09:03 +0000: Memory Usage (137000K) : metal4_text has 3 polygons
2026-08-20 17:09:03 +0000: Memory Usage (137000K) : metal4_OPC has 0 polygons
2026-08-20 17:09:03 +0000: Memory Usage (137000K) : metal4_noqrc has 0 polygons
2026-08-20 17:09:03 +0000: Memory Usage (137128K) : metal4_res has 0 polygons
2026-08-20 17:09:03 +0000: Memory Usage (137128K) : metal4_iprobe has 0 polygons
2026-08-20 17:09:03 +0000: Memory Usage (137128K) : metal4_diffprb has 0 polygons
2026-08-20 17:09:03 +0000: Memory Usage (137128K) : heattrans_drw has 123 polygons
2026-08-20 17:09:03 +0000: Memory Usage (137128K) : heatres_drw has 2 polygons
2026-08-20 17:09:03 +0000: Memory Usage (137128K) : fbe_drw has 0 polygons
2026-08-20 17:09:03 +0000: Memory Usage (137128K) : empoly_drw has 0 polygons
2026-08-20 17:09:03 +0000: Memory Usage (137256K) : digisub_drw has 0 polygons
2026-08-20 17:09:03 +0000: Memory Usage (137256K) : text_drw has 655 polygons
2026-08-20 17:09:03 +0000: Memory Usage (137256K) : via4_drw has 1017 polygons
2026-08-20 17:09:03 +0000: Memory Usage (137256K) : metal5_drw has 42 polygons
2026-08-20 17:09:03 +0000: Memory Usage (137256K) : metal5_filler has 0 polygons
2026-08-20 17:09:03 +0000: Memory Usage (137256K) : metal5_slit has 0 polygons
2026-08-20 17:09:03 +0000: Memory Usage (137384K) : metal5 has 42 polygons
2026-08-20 17:09:03 +0000: Memory Usage (137384K) : metal5_pin has 0 polygons
2026-08-20 17:09:03 +0000: Memory Usage (137384K) : metal5_mask has 0 polygons
2026-08-20 17:09:03 +0000: Memory Usage (137384K) : metal5_nofill has 2 polygons
2026-08-20 17:09:03 +0000: Memory Usage (137384K) : metal5_text has 0 polygons
2026-08-20 17:09:03 +0000: Memory Usage (137384K) : metal5_OPC has 0 polygons
2026-08-20 17:09:03 +0000: Memory Usage (137512K) : metal5_noqrc has 0 polygons
2026-08-20 17:09:03 +0000: Memory Usage (137512K) : metal5_res has 0 polygons
2026-08-20 17:09:03 +0000: Memory Usage (137512K) : metal5_iprobe has 0 polygons
2026-08-20 17:09:03 +0000: Memory Usage (137512K) : metal5_diffprb has 0 polygons
2026-08-20 17:09:03 +0000: Memory Usage (137512K) : radhard_drw has 0 polygons
2026-08-20 17:09:03 +0000: Memory Usage (137640K) : memcap_drw has 0 polygons
2026-08-20 17:09:03 +0000: Memory Usage (137640K) : varicap_drw has 0 polygons
2026-08-20 17:09:03 +0000: Memory Usage (137640K) : intbondvia_drw has 0 polygons
2026-08-20 17:09:03 +0000: Memory Usage (137640K) : intbondmet_drw has 0 polygons
2026-08-20 17:09:03 +0000: Memory Usage (137768K) : devbondvia_drw has 0 polygons
2026-08-20 17:09:03 +0000: Memory Usage (137768K) : devbondmet_drw has 0 polygons
2026-08-20 17:09:03 +0000: Memory Usage (137768K) : devtrench_drw has 0 polygons
2026-08-20 17:09:03 +0000: Memory Usage (137768K) : redist_drw has 0 polygons
2026-08-20 17:09:03 +0000: Memory Usage (137768K) : graphbot_drw has 0 polygons
2026-08-20 17:09:03 +0000: Memory Usage (137896K) : graphtop_drw has 0 polygons
2026-08-20 17:09:03 +0000: Memory Usage (137896K) : antvia1_drw has 0 polygons
2026-08-20 17:09:03 +0000: Memory Usage (137896K) : antmetal2_drw has 0 polygons
2026-08-20 17:09:03 +0000: Memory Usage (137896K) : graphcont_drw has 0 polygons
2026-08-20 17:09:03 +0000: Memory Usage (137896K) : siwg_drw has 0 polygons
2026-08-20 17:09:03 +0000: Memory Usage (137896K) : siwg_filler has 0 polygons
2026-08-20 17:09:03 +0000: Memory Usage (138024K) : siwg_nofill has 0 polygons
2026-08-20 17:09:03 +0000: Memory Usage (138024K) : sigrating_drw has 0 polygons
2026-08-20 17:09:03 +0000: Memory Usage (138024K) : singrating_drw has 0 polygons
2026-08-20 17:09:03 +0000: Memory Usage (138024K) : graphpas_drw has 0 polygons
2026-08-20 17:09:03 +0000: Memory Usage (138024K) : emwind3_drw has 0 polygons
2026-08-20 17:09:03 +0000: Memory Usage (138152K) : emwihv3_drw has 0 polygons
2026-08-20 17:09:03 +0000: Memory Usage (138152K) : redbulay_drw has 0 polygons
2026-08-20 17:09:03 +0000: Memory Usage (138152K) : smos_drw has 0 polygons
2026-08-20 17:09:03 +0000: Memory Usage (138152K) : graphpad_drw has 0 polygons
2026-08-20 17:09:03 +0000: Memory Usage (138152K) : polimide_drw has 0 polygons
2026-08-20 17:09:03 +0000: Memory Usage (138280K) : polimide_pin has 0 polygons
2026-08-20 17:09:03 +0000: Memory Usage (138280K) : recog_drw has 1 polygons
2026-08-20 17:09:03 +0000: Memory Usage (138280K) : recog_pin has 0 polygons
2026-08-20 17:09:03 +0000: Memory Usage (138280K) : recog_esd has 5 polygons
2026-08-20 17:09:03 +0000: Memory Usage (138280K) : recog_diode has 0 polygons
2026-08-20 17:09:03 +0000: Memory Usage (138408K) : recog_tsv has 0 polygons
2026-08-20 17:09:03 +0000: Memory Usage (138408K) : recog_iprobe has 0 polygons
2026-08-20 17:09:03 +0000: Memory Usage (138408K) : recog_diffprb has 0 polygons
2026-08-20 17:09:03 +0000: Memory Usage (138408K) : recog_pillar has 0 polygons
2026-08-20 17:09:03 +0000: Memory Usage (138536K) : recog_sbump has 0 polygons
2026-08-20 17:09:03 +0000: Memory Usage (138536K) : recog_otp has 0 polygons
2026-08-20 17:09:03 +0000: Memory Usage (138536K) : recog_pdiode has 0 polygons
2026-08-20 17:09:03 +0000: Memory Usage (138536K) : recog_mom has 0 polygons
2026-08-20 17:09:03 +0000: Memory Usage (138664K) : recog_momf has 0 polygons
2026-08-20 17:09:03 +0000: Memory Usage (138664K) : recog_pcm has 0 polygons
2026-08-20 17:09:03 +0000: Memory Usage (138664K) : colopen_drw has 0 polygons
2026-08-20 17:09:03 +0000: Memory Usage (138664K) : graphmetal1_drw has 0 polygons
2026-08-20 17:09:03 +0000: Memory Usage (138792K) : graphmetal1_filler has 0 polygons
2026-08-20 17:09:03 +0000: Memory Usage (138792K) : graphmetal1_nofill has 0 polygons
2026-08-20 17:09:03 +0000: Memory Usage (138792K) : graphmetal1_slit has 0 polygons
2026-08-20 17:09:03 +0000: Memory Usage (138920K) : graphmetal1_OPC has 0 polygons
2026-08-20 17:09:03 +0000: Memory Usage (138920K) : graphmet1l_drw has 0 polygons
2026-08-20 17:09:03 +0000: Memory Usage (138920K) : graphmet1l_filler has 0 polygons
2026-08-20 17:09:03 +0000: Memory Usage (138920K) : graphmet1l_nofill has 0 polygons
2026-08-20 17:09:03 +0000: Memory Usage (139048K) : graphmet1l_slit has 0 polygons
2026-08-20 17:09:03 +0000: Memory Usage (139048K) : graphmet1l_OPC has 0 polygons
2026-08-20 17:09:03 +0000: Memory Usage (139048K) : extblock_drw has 6 polygons
2026-08-20 17:09:03 +0000: Memory Usage (139048K) : nldd_drw has 0 polygons
2026-08-20 17:09:03 +0000: Memory Usage (139048K) : pldd_drw has 0 polygons
2026-08-20 17:09:03 +0000: Memory Usage (139176K) : next_drw has 0 polygons
2026-08-20 17:09:03 +0000: Memory Usage (139176K) : pext_drw has 0 polygons
2026-08-20 17:09:03 +0000: Memory Usage (139176K) : nexthv_drw has 0 polygons
2026-08-20 17:09:03 +0000: Memory Usage (139176K) : pexthv_drw has 0 polygons
2026-08-20 17:09:03 +0000: Memory Usage (139176K) : graphgate_drw has 0 polygons
2026-08-20 17:09:03 +0000: Memory Usage (139176K) : sinwg_drw has 0 polygons
2026-08-20 17:09:03 +0000: Memory Usage (139304K) : sinwg_filler has 0 polygons
2026-08-20 17:09:03 +0000: Memory Usage (139304K) : sinwg_nofill has 0 polygons
2026-08-20 17:09:03 +0000: Memory Usage (139304K) : mempad_drw has 0 polygons
2026-08-20 17:09:03 +0000: Memory Usage (139304K) : topvia1_drw has 486 polygons
2026-08-20 17:09:03 +0000: Memory Usage (139304K) : topmetal1_drw has 73 polygons
2026-08-20 17:09:03 +0000: Memory Usage (139432K) : topmetal1_filler has 0 polygons
2026-08-20 17:09:03 +0000: Memory Usage (139432K) : topmetal1_slit has 0 polygons
2026-08-20 17:09:03 +0000: Memory Usage (139432K) : topmetal1 has 73 polygons
2026-08-20 17:09:03 +0000: Memory Usage (139432K) : topmetal1_pin has 0 polygons
2026-08-20 17:09:03 +0000: Memory Usage (139432K) : topmetal1_mask has 0 polygons
2026-08-20 17:09:03 +0000: Memory Usage (139560K) : topmetal1_nofill has 2 polygons
2026-08-20 17:09:03 +0000: Memory Usage (139560K) : topmetal1_text has 0 polygons
2026-08-20 17:09:03 +0000: Memory Usage (139560K) : topmetal1_noqrc has 0 polygons
2026-08-20 17:09:03 +0000: Memory Usage (139560K) : topmetal1_res has 0 polygons
2026-08-20 17:09:03 +0000: Memory Usage (139688K) : topmetal1_iprobe has 0 polygons
2026-08-20 17:09:03 +0000: Memory Usage (139688K) : topmetal1_diffprb has 0 polygons
2026-08-20 17:09:03 +0000: Memory Usage (139688K) : inldpwl_drw has 0 polygons
2026-08-20 17:09:03 +0000: Memory Usage (139688K) : polyres_drw has 2 polygons
2026-08-20 17:09:03 +0000: Memory Usage (139816K) : polyres_pin has 0 polygons
2026-08-20 17:09:03 +0000: Memory Usage (139816K) : vmim_drw has 0 polygons
2026-08-20 17:09:03 +0000: Memory Usage (139816K) : nbulaycut_drw has 0 polygons
2026-08-20 17:09:03 +0000: Memory Usage (139816K) : antmetal1_drw has 0 polygons
2026-08-20 17:09:03 +0000: Memory Usage (139944K) : topvia2_drw has 232 polygons
2026-08-20 17:09:03 +0000: Memory Usage (139944K) : topmetal2_drw has 64 polygons
2026-08-20 17:09:03 +0000: Memory Usage (139944K) : topmetal2_filler has 0 polygons
2026-08-20 17:09:03 +0000: Memory Usage (140072K) : topmetal2_slit has 0 polygons
2026-08-20 17:09:03 +0000: Memory Usage (140072K) : topmetal2 has 64 polygons
2026-08-20 17:09:03 +0000: Memory Usage (140072K) : topmetal2_pin has 4 polygons
2026-08-20 17:09:03 +0000: Memory Usage (140200K) : topmetal2_mask has 0 polygons
2026-08-20 17:09:03 +0000: Memory Usage (140200K) : topmetal2_nofill has 2 polygons
2026-08-20 17:09:03 +0000: Memory Usage (140200K) : topmetal2_text has 8 polygons
2026-08-20 17:09:03 +0000: Memory Usage (140200K) : topmetal2_noqrc has 0 polygons
2026-08-20 17:09:03 +0000: Memory Usage (140328K) : topmetal2_res has 0 polygons
2026-08-20 17:09:03 +0000: Memory Usage (140328K) : topmetal2_iprobe has 0 polygons
2026-08-20 17:09:03 +0000: Memory Usage (140328K) : topmetal2_diffprb has 0 polygons
2026-08-20 17:09:03 +0000: Memory Usage (140328K) : snsring_drw has 0 polygons
2026-08-20 17:09:03 +0000: Memory Usage (140456K) : sensor_drw has 0 polygons
2026-08-20 17:09:03 +0000: Memory Usage (140456K) : snsarms_drw has 0 polygons
2026-08-20 17:09:03 +0000: Memory Usage (140456K) : snscmosvia_drw has 0 polygons
2026-08-20 17:09:03 +0000: Memory Usage (140584K) : colwind_drw has 0 polygons
2026-08-20 17:09:03 +0000: Memory Usage (140584K) : flm_drw has 0 polygons
2026-08-20 17:09:03 +0000: Memory Usage (140712K) : hafniumox_drw has 0 polygons
2026-08-20 17:09:03 +0000: Memory Usage (140712K) : memvia_drw has 0 polygons
2026-08-20 17:09:03 +0000: Memory Usage (140712K) : thinfilmres_drw has 0 polygons
2026-08-20 17:09:03 +0000: Memory Usage (140712K) : rfmem_drw has 0 polygons
2026-08-20 17:09:03 +0000: Memory Usage (140712K) : norcx_drw has 2 polygons
2026-08-20 17:09:03 +0000: Memory Usage (140712K) : norcx_m2m3 has 0 polygons
2026-08-20 17:09:03 +0000: Memory Usage (140712K) : norcx_m2m4 has 0 polygons
2026-08-20 17:09:03 +0000: Memory Usage (140712K) : norcx_m2m5 has 0 polygons
2026-08-20 17:09:03 +0000: Memory Usage (140712K) : norcx_m2tm1 has 0 polygons
2026-08-20 17:09:03 +0000: Memory Usage (140712K) : norcx_m2tm2 has 0 polygons
2026-08-20 17:09:03 +0000: Memory Usage (140712K) : norcx_m3m4 has 0 polygons
2026-08-20 17:09:03 +0000: Memory Usage (140712K) : norcx_m3m5 has 0 polygons
2026-08-20 17:09:03 +0000: Memory Usage (140712K) : norcx_m3tm1 has 0 polygons
2026-08-20 17:09:03 +0000: Memory Usage (140712K) : norcx_m3tm2 has 0 polygons
2026-08-20 17:09:03 +0000: Memory Usage (140712K) : norcx_m4m5 has 0 polygons
2026-08-20 17:09:03 +0000: Memory Usage (140712K) : norcx_m4tm1 has 0 polygons
2026-08-20 17:09:03 +0000: Memory Usage (140712K) : norcx_m4tm2 has 0 polygons
2026-08-20 17:09:03 +0000: Memory Usage (140712K) : norcx_m5tm1 has 0 polygons
2026-08-20 17:09:03 +0000: Memory Usage (140712K) : norcx_m5tm2 has 0 polygons
2026-08-20 17:09:03 +0000: Memory Usage (140712K) : norcx_tm1tm2 has 0 polygons
2026-08-20 17:09:03 +0000: Memory Usage (140712K) : norcx_m1sub has 0 polygons
2026-08-20 17:09:03 +0000: Memory Usage (140712K) : norcx_m2sub has 0 polygons
2026-08-20 17:09:03 +0000: Memory Usage (140712K) : norcx_m3sub has 0 polygons
2026-08-20 17:09:03 +0000: Memory Usage (140712K) : norcx_m4sub has 0 polygons
2026-08-20 17:09:03 +0000: Memory Usage (140712K) : norcx_m5sub has 0 polygons
2026-08-20 17:09:03 +0000: Memory Usage (140712K) : norcx_tm1sub has 0 polygons
2026-08-20 17:09:03 +0000: Memory Usage (140712K) : norcx_tm2sub has 0 polygons
2026-08-20 17:09:03 +0000: Memory Usage (140712K) : snsbotvia_drw has 0 polygons
2026-08-20 17:09:03 +0000: Memory Usage (140712K) : snstopvia_drw has 0 polygons
2026-08-20 17:09:03 +0000: Memory Usage (140712K) : deepvia_drw has 0 polygons
2026-08-20 17:09:03 +0000: Memory Usage (140712K) : fgetch_drw has 0 polygons
2026-08-20 17:09:03 +0000: Memory Usage (140712K) : ctrgat_drw has 0 polygons
2026-08-20 17:09:03 +0000: Memory Usage (140712K) : fgimp_drw has 0 polygons
2026-08-20 17:09:03 +0000: Memory Usage (140712K) : emwihv_drw has 0 polygons
2026-08-20 17:09:03 +0000: Memory Usage (140712K) : lbe_drw has 2 polygons
2026-08-20 17:09:03 +0000: Memory Usage (140712K) : alcustop_drw has 0 polygons
2026-08-20 17:09:03 +0000: Memory Usage (140712K) : nometfiller_drw has 0 polygons
2026-08-20 17:09:03 +0000: Memory Usage (140712K) : prboundary_drw has 0 polygons
2026-08-20 17:09:03 +0000: Memory Usage (140712K) : exchange0_drw has 0 polygons
2026-08-20 17:09:03 +0000: Memory Usage (140712K) : exchange0_pin has 0 polygons
2026-08-20 17:09:03 +0000: Memory Usage (140712K) : exchange0_text has 0 polygons
2026-08-20 17:09:03 +0000: Memory Usage (140712K) : exchange1_drw has 0 polygons
2026-08-20 17:09:03 +0000: Memory Usage (140712K) : exchange1_pin has 0 polygons
2026-08-20 17:09:03 +0000: Memory Usage (140712K) : exchange1_text has 0 polygons
2026-08-20 17:09:03 +0000: Memory Usage (140712K) : exchange2_drw has 0 polygons
2026-08-20 17:09:03 +0000: Memory Usage (140712K) : exchange2_pin has 0 polygons
2026-08-20 17:09:03 +0000: Memory Usage (140712K) : exchange2_text has 0 polygons
2026-08-20 17:09:03 +0000: Memory Usage (140712K) : exchange3_drw has 0 polygons
2026-08-20 17:09:03 +0000: Memory Usage (140712K) : exchange3_pin has 0 polygons
2026-08-20 17:09:03 +0000: Memory Usage (140712K) : exchange3_text has 0 polygons
2026-08-20 17:09:03 +0000: Memory Usage (140712K) : exchange4_drw has 0 polygons
2026-08-20 17:09:03 +0000: Memory Usage (140712K) : exchange4_pin has 0 polygons
2026-08-20 17:09:03 +0000: Memory Usage (140712K) : exchange4_text has 0 polygons
2026-08-20 17:09:03 +0000: Memory Usage (140712K) : isonwell_drw has 0 polygons
2026-08-20 17:09:03 +0000: Memory Usage (140712K) : Total no. of polygons in the design is 32054
2026-08-20 17:09:03 +0000: Memory Usage (140712K) : Starting base layers derivations
2026-08-20 17:09:03 +0000: Memory Usage (140712K) : Starting general LVS derivations
2026-08-20 17:09:03 +0000: Memory Usage (145516K) : Starting MOSFET DERIVATIONS
2026-08-20 17:09:03 +0000: Memory Usage (146284K) : Starting NMOS DERIVATIONS
2026-08-20 17:09:03 +0000: Memory Usage (146284K) : Starting PMOS DERIVATIONS
2026-08-20 17:09:03 +0000: Memory Usage (146284K) : Starting RF-MOSFET DERIVATIONS
2026-08-20 17:09:03 +0000: Memory Usage (146284K) : Starting RF-NMOS DERIVATIONS
2026-08-20 17:09:03 +0000: Memory Usage (146284K) : Starting RF-PMOS DERIVATIONS
2026-08-20 17:09:03 +0000: Memory Usage (146284K) : Starting BJT DERIVATIONS
2026-08-20 17:09:03 +0000: Memory Usage (146284K) : Starting NPN-BJT DERIVATIONS
2026-08-20 17:09:03 +0000: Memory Usage (146284K) : Starting PNP-BJT DERIVATIONS
2026-08-20 17:09:04 +0000: Memory Usage (146284K) : Starting DIODE DERIVATIONS
2026-08-20 17:09:04 +0000: Memory Usage (146284K) : Starting RESISTOR DERIVATIONS
2026-08-20 17:09:04 +0000: Memory Usage (146284K) : Starting CAP DERIVATIONS
2026-08-20 17:09:04 +0000: Memory Usage (146284K) : Starting CAP_CMOM DERIVATIONS
2026-08-20 17:09:04 +0000: Memory Usage (146284K) : Starting CAP_CMOMF DERIVATIONS
2026-08-20 17:09:04 +0000: Memory Usage (146284K) : Starting ESD DERIVATIONS
2026-08-20 17:09:05 +0000: Memory Usage (146284K) : Starting Inductor DERIVATIONS
2026-08-20 17:09:05 +0000: Memory Usage (146284K) : Starting Taps DERIVATIONS
2026-08-20 17:09:06 +0000: Memory Usage (146284K) : Starting SG13G2 LVS connectivity setup
2026-08-20 17:09:06 +0000: Memory Usage (146284K) : Starting SG13G2 LVS connectivity setup (Inter-layer)
2026-08-20 17:09:06 +0000: Memory Usage (146412K) : Starting SG13G2 LVS connectivity setup (Global)
2026-08-20 17:09:06 +0000: Memory Usage (146412K) : Starting LVS MOSFET CONNECTIONS
2026-08-20 17:09:06 +0000: Memory Usage (146412K) : Starting LVS RF-MOSFET CONNECTIONS
2026-08-20 17:09:06 +0000: Memory Usage (146412K) : Starting LVS BJT CONNECTIONS
2026-08-20 17:09:06 +0000: Memory Usage (146412K) : Starting LVS DIODE CONNECTIONS
2026-08-20 17:09:06 +0000: Memory Usage (146412K) : Starting RESISTOR CONNECTIONS
2026-08-20 17:09:06 +0000: Memory Usage (146412K) : Starting LVS CAP CONNECTIONS
2026-08-20 17:09:06 +0000: Memory Usage (146412K) : Starting CAP_CMOM CONNECTIONS
2026-08-20 17:09:06 +0000: Memory Usage (146412K) : Starting CAP_CMOMF CONNECTIONS
2026-08-20 17:09:06 +0000: Memory Usage (146412K) : Starting ESD CONNECTIONS
2026-08-20 17:09:06 +0000: Memory Usage (146412K) : Starting Inductor CONNECTIONS
2026-08-20 17:09:06 +0000: Memory Usage (146412K) : Starting LVS Taps CONNECTIONS
2026-08-20 17:09:06 +0000: Memory Usage (146412K) : Starting SG13G2 LVS DEVICES EXTRACTION
2026-08-20 17:09:06 +0000: Memory Usage (146412K) : Starting MOSFET EXTRACTION
2026-08-20 17:09:06 +0000: Memory Usage (146412K) : Starting NMOS EXTRACTION
2026-08-20 17:09:06 +0000: Memory Usage (146412K) : Extraction of NMOS-LV transistor
2026-08-20 17:09:06 +0000: Memory Usage (146412K) : Extraction of NMOS-HV transistor
2026-08-20 17:09:06 +0000: Memory Usage (146412K) : Starting PMOS EXTRACTION
2026-08-20 17:09:06 +0000: Memory Usage (146412K) : Extraction of PMOS-LV transistor
2026-08-20 17:09:06 +0000: Memory Usage (146412K) : Extraction of PMOS-HV transistor
2026-08-20 17:09:06 +0000: Memory Usage (146412K) : Starting RF-MOSFET EXTRACTION
2026-08-20 17:09:06 +0000: Memory Usage (146412K) : Extraction of RF-NMOS-LV transistor
2026-08-20 17:09:06 +0000: Memory Usage (146412K) : Extraction of RF-NMOS-HV transistor
2026-08-20 17:09:06 +0000: Memory Usage (146412K) : Extraction of RF-PMOS-LV transistor
2026-08-20 17:09:06 +0000: Memory Usage (146412K) : Extraction of RF-PMOS-HV transistor
2026-08-20 17:09:06 +0000: Memory Usage (146412K) : Starting BJT EXTRACTION
2026-08-20 17:09:06 +0000: Memory Usage (146412K) : Starting NPN-BJT EXTRACTION
2026-08-20 17:09:06 +0000: Memory Usage (146412K) : Extraction of npn13G2 BJT transistor
2026-08-20 17:09:06 +0000: Memory Usage (146412K) : Extraction of npn13G2L BJT transistor
2026-08-20 17:09:06 +0000: Memory Usage (146412K) : Extraction of npn13G2V BJT transistor
2026-08-20 17:09:06 +0000: Memory Usage (146412K) : Starting PNP-BJT EXTRACTION
2026-08-20 17:09:06 +0000: Memory Usage (146412K) : Extracting pnpMPA BJT
2026-08-20 17:09:06 +0000: Memory Usage (146412K) : Starting DIODE EXTRACTION
2026-08-20 17:09:06 +0000: Memory Usage (146412K) : Extracting dantenna diode
2026-08-20 17:09:06 +0000: Memory Usage (146412K) : Extracting dpantenna diode
2026-08-20 17:09:06 +0000: Memory Usage (146412K) : Extracting schottky_nbl1 diode
2026-08-20 17:09:06 +0000: Memory Usage (146412K) : Extracting isolbox diode
2026-08-20 17:09:06 +0000: Memory Usage (146412K) : Starting RESISTOR EXTRACTION
2026-08-20 17:09:06 +0000: Memory Usage (146412K) : Extracting rsil resistor
2026-08-20 17:09:06 +0000: Memory Usage (146540K) : Extracting rppd resistor
2026-08-20 17:09:06 +0000: Memory Usage (146540K) : Extracting rhigh resistor
2026-08-20 17:09:06 +0000: Memory Usage (146540K) : Extracting res_metal1 resistor
2026-08-20 17:09:06 +0000: Memory Usage (146540K) : Extracting res_metal2 resistor
2026-08-20 17:09:06 +0000: Memory Usage (146540K) : Extracting res_metal3 resistor
2026-08-20 17:09:06 +0000: Memory Usage (146540K) : Extracting res_metal4 resistor
2026-08-20 17:09:06 +0000: Memory Usage (146540K) : Extracting res_metal5 resistor
2026-08-20 17:09:06 +0000: Memory Usage (146540K) : Extracting res_topmetal1 resistor
2026-08-20 17:09:06 +0000: Memory Usage (146540K) : Extracting res_topmetal2 resistor
2026-08-20 17:09:06 +0000: Memory Usage (146540K) : Starting CAP EXTRACTION
2026-08-20 17:09:06 +0000: Memory Usage (146540K) : Extracting cap_cmim device
2026-08-20 17:09:06 +0000: Memory Usage (146540K) : Extracting rfcmim device
2026-08-20 17:09:06 +0000: Memory Usage (146540K) : Extracting sg13_hv_svaricap varactor
2026-08-20 17:09:06 +0000: Memory Usage (146540K) : Extracting cap_cmomi device
2026-08-20 17:09:06 +0000: Memory Usage (146540K) : Extracting cap_cmomf device
2026-08-20 17:09:06 +0000: Memory Usage (146540K) : Extracting sg13_moscap_n capacitor
2026-08-20 17:09:06 +0000: Memory Usage (146540K) : Extracting sg13_moscap_p capacitor
2026-08-20 17:09:06 +0000: Memory Usage (146540K) : Starting ESD EXTRACTION
2026-08-20 17:09:06 +0000: Memory Usage (146540K) : Extracting diodevdd_2kv ESD device
2026-08-20 17:09:06 +0000: Memory Usage (146540K) : Extracting diodevdd_4kv ESD device
2026-08-20 17:09:06 +0000: Memory Usage (146540K) : Extracting diodevss_2kv ESD device
2026-08-20 17:09:06 +0000: Memory Usage (146540K) : Extracting diodevss_4kv ESD device
2026-08-20 17:09:06 +0000: Memory Usage (146540K) : Extracting idiodevdd_2kv ESD device
2026-08-20 17:09:06 +0000: Memory Usage (146540K) : Extracting idiodevdd_4kv ESD device
2026-08-20 17:09:06 +0000: Memory Usage (146540K) : Extracting idiodevss_2kv ESD device
2026-08-20 17:09:06 +0000: Memory Usage (146540K) : Extracting idiodevss_4kv ESD device
2026-08-20 17:09:06 +0000: Memory Usage (146540K) : Extracting nmoscl_2 ESD device
2026-08-20 17:09:06 +0000: Memory Usage (146540K) : Extracting nmoscl_4 ESD device
2026-08-20 17:09:06 +0000: Memory Usage (146540K) : Starting Inductor EXTRACTION
2026-08-20 17:09:06 +0000: Memory Usage (146540K) : Extracting Inductor2 device
2026-08-20 17:09:06 +0000: Memory Usage (146540K) : Extracting Inductor3 device
2026-08-20 17:09:06 +0000: Memory Usage (146540K) : Starting Taps EXTRACTION
2026-08-20 17:09:06 +0000: Memory Usage (146540K) : DISABLE_TAP_EXTRACTION is enabled: skipping ntap1/ptap1 device extraction.
2026-08-20 17:09:06 +0000: Memory Usage (146540K) : Starting SG13G2 LVS RF MOS Model Mapping
2026-08-20 17:09:06 +0000: Memory Usage (146668K) : [layout_netlist] Apply RF MOS model mapping and rfmode parameter.
2026-08-20 17:09:06 +0000: Memory Usage (146668K) : Starting SG13G2 LVS Options Preparations
2026-08-20 17:09:06 +0000: Memory Usage (146668K) : SG13G2 LVS flow: extraction -> alignment -> option preparation -> comparison.
2026-08-20 17:09:06 +0000: Memory Usage (146668K) : Starting SG13G2 LVS Alignment
2026-08-20 17:09:06 +0000: Memory Usage (146796K) : Starting SG13G2 LVS Simplification
2026-08-20 17:09:06 +0000: Memory Usage (146796K) : [layout_netlist] simplify: ENABLED
2026-08-20 17:09:06 +0000: Memory Usage (146796K) : [layout_netlist] make_top_level_pins: SKIPPED
2026-08-20 17:09:06 +0000: Memory Usage (146796K) : [layout_netlist] combine_devices: SKIPPED
2026-08-20 17:09:06 +0000: Memory Usage (146796K) : [layout_netlist] purge: SKIPPED
2026-08-20 17:09:06 +0000: Memory Usage (146796K) : [layout_netlist] purge_nets: SKIPPED
2026-08-20 17:09:06 +0000: Memory Usage (146796K) : [schematic_netlist] simplify: ENABLED
2026-08-20 17:09:06 +0000: Memory Usage (146796K) : [schematic_netlist] make_top_level_pins: SKIPPED
2026-08-20 17:09:06 +0000: Memory Usage (146796K) : [schematic_netlist] combine_devices: SKIPPED
2026-08-20 17:09:06 +0000: Memory Usage (146796K) : [schematic_netlist] purge: SKIPPED
2026-08-20 17:09:06 +0000: Memory Usage (146796K) : [schematic_netlist] purge_nets: SKIPPED
2026-08-20 17:09:06 +0000: Memory Usage (146796K) : Starting SG13G2 LVS Comparison
2026-08-20 17:09:06 +0000: Memory Usage (146796K) : xxxxxxxxxxxxxxxxxxxxxxxxxxxxxxxxxxxxxxxxxx
2026-08-20 17:09:06 +0000: Memory Usage (146796K) : ERROR : Netlists don't match
2026-08-20 17:09:06 +0000: Memory Usage (146796K) : xxxxxxxxxxxxxxxxxxxxxxxxxxxxxxxxxxxxxxxxxx
2026-08-20 17:09:06 +0000: Memory Usage (146796K) : LVS Total Run time 3.078459 seconds
