$ python3 /home/ubuntu/.local/share/ihp-eda/IHP-Open-PDK/ihp-sg13g2/libs.tech/klayout/tech/lvs/run_lvs.py --layout=/workspace/layout/blocks/out/term_stage/_cmim_probe/probe_flatFalse_m5False_m3True.gds --netlist=/workspace/layout/blocks/out/term_stage/_cmim_probe/probe.cdl --run_dir=/workspace/layout/blocks/out/term_stage/_cmim_probe/lvs_flatFalse_m5False_m3True --run_mode=deep --topcell=probe --implicit_nets=sub,sub! --ignore_top_ports_mismatch

--- stdout ---
2026-08-20 11:09:41 +0000: Memory Usage (129076K) : Starting running SG13G2 Klayout LVS runset on /workspace/layout/blocks/out/term_stage/_cmim_probe/probe_flatFalse_m5False_m3True.gds
2026-08-20 11:09:41 +0000: Memory Usage (129076K) : Ruby Version for klayout: 3.2.3
2026-08-20 11:09:41 +0000: Memory Usage (130160K) : Loading database to memory is complete.
2026-08-20 11:09:41 +0000: Memory Usage (130160K) : SG13G2 Klayout LVS runset output at: /workspace/layout/blocks/out/term_stage/_cmim_probe/lvs_flatFalse_m5False_m3True/probe_flatFalse_m5False_m3True.lvsdb
2026-08-20 11:09:41 +0000: Memory Usage (130160K) : Evaluate switches.
2026-08-20 11:09:41 +0000: Memory Usage (130160K) : Extracted netlist with net names: true
2026-08-20 11:09:41 +0000: Memory Usage (130160K) : Extracted netlist with comments in details: false
2026-08-20 11:09:41 +0000: Memory Usage (130160K) : Selected NET_ONLY option: false
2026-08-20 11:09:41 +0000: Memory Usage (130160K) : Selected LAYOUT_NETLIST option: (none)
2026-08-20 11:09:41 +0000: Memory Usage (130160K) : Selected IGNORE_TOP_PORTS_MISMATCH option: true
2026-08-20 11:09:41 +0000: Memory Usage (130160K) : Selected IMPLICIT_NETS option: sub,sub!
2026-08-20 11:09:41 +0000: Memory Usage (130160K) : Selected TOP_LVL_PINS option: false
2026-08-20 11:09:41 +0000: Memory Usage (130160K) : Selected COMBINE DEVICES option: false
2026-08-20 11:09:41 +0000: Memory Usage (130160K) : Selected PURGE option: false
2026-08-20 11:09:41 +0000: Memory Usage (130160K) : Selected PURGE_NETS option: false
2026-08-20 11:09:41 +0000: Memory Usage (130160K) : Selected SIMPLIFY option: true
2026-08-20 11:09:41 +0000: Memory Usage (130160K) : Selected SERIES_RES option: true
2026-08-20 11:09:41 +0000: Memory Usage (130160K) : Selected PARALLEL_RES option: true
2026-08-20 11:09:41 +0000: Memory Usage (130160K) : Selected DISABLE_TAP_EXTRACTION option: false
2026-08-20 11:09:41 +0000: Memory Usage (130160K) : deep  mode is enabled.
2026-08-20 11:09:41 +0000: Memory Usage (130160K) : Applying implicit connections (case-sensitive, pattern supported) for nets: sub, sub!
2026-08-20 11:09:41 +0000: Memory Usage (131340K) : Netlist file: /workspace/layout/blocks/out/term_stage/_cmim_probe/probe.cdl
2026-08-20 11:09:41 +0000: Memory Usage (131340K) : LVS extracted netlist at: /workspace/layout/blocks/out/term_stage/_cmim_probe/lvs_flatFalse_m5False_m3True/probe_flatFalse_m5False_m3True_extracted.cir
2026-08-20 11:09:41 +0000: Memory Usage (131340K) : Applying SRAM integration support.
2026-08-20 11:09:41 +0000: Memory Usage (131340K) : Starting SG13G2 LVS runset
2026-08-20 11:09:41 +0000: Memory Usage (131340K) : Read in polygons from layers.
2026-08-20 11:09:41 +0000: Memory Usage (131724K) : activ_drw has 0 polygons
2026-08-20 11:09:41 +0000: Memory Usage (131852K) : activ_filler has 0 polygons
2026-08-20 11:09:41 +0000: Memory Usage (131852K) : activ has 0 polygons
2026-08-20 11:09:41 +0000: Memory Usage (131852K) : activ_pin has 0 polygons
2026-08-20 11:09:41 +0000: Memory Usage (131852K) : activ_mask has 0 polygons
2026-08-20 11:09:41 +0000: Memory Usage (131852K) : activ_nofill has 0 polygons
2026-08-20 11:09:41 +0000: Memory Usage (131852K) : activ_OPC has 0 polygons
2026-08-20 11:09:41 +0000: Memory Usage (131852K) : activ_iOPC has 0 polygons
2026-08-20 11:09:41 +0000: Memory Usage (131852K) : activ_noqrc has 0 polygons
2026-08-20 11:09:41 +0000: Memory Usage (131852K) : biwind_drw has 0 polygons
2026-08-20 11:09:41 +0000: Memory Usage (131852K) : biwind_OPC has 0 polygons
2026-08-20 11:09:41 +0000: Memory Usage (132256K) : gatpoly_drw has 4 polygons
2026-08-20 11:09:41 +0000: Memory Usage (132256K) : gatpoly_filler has 0 polygons
2026-08-20 11:09:41 +0000: Memory Usage (132384K) : gatpoly has 4 polygons
2026-08-20 11:09:41 +0000: Memory Usage (132384K) : gatpoly_pin has 0 polygons
2026-08-20 11:09:41 +0000: Memory Usage (132384K) : gatpoly_nofill has 0 polygons
2026-08-20 11:09:41 +0000: Memory Usage (132384K) : gatpoly_OPC has 0 polygons
2026-08-20 11:09:41 +0000: Memory Usage (132384K) : gatpoly_iOPC has 0 polygons
2026-08-20 11:09:41 +0000: Memory Usage (132384K) : gatpoly_noqrc has 0 polygons
2026-08-20 11:09:41 +0000: Memory Usage (132384K) : cont_drw has 2 polygons
2026-08-20 11:09:41 +0000: Memory Usage (132384K) : cont_OPC has 0 polygons
2026-08-20 11:09:41 +0000: Memory Usage (132476K) : nsd_drw has 0 polygons
2026-08-20 11:09:41 +0000: Memory Usage (132988K) : nsd_block has 0 polygons
2026-08-20 11:09:41 +0000: Memory Usage (132988K) : metal1_drw has 4 polygons
2026-08-20 11:09:41 +0000: Memory Usage (132988K) : metal1_filler has 0 polygons
2026-08-20 11:09:41 +0000: Memory Usage (132988K) : metal1_slit has 0 polygons
2026-08-20 11:09:41 +0000: Memory Usage (133116K) : metal1 has 4 polygons
2026-08-20 11:09:41 +0000: Memory Usage (133116K) : metal1_pin has 2 polygons
2026-08-20 11:09:41 +0000: Memory Usage (133116K) : metal1_mask has 0 polygons
2026-08-20 11:09:41 +0000: Memory Usage (133116K) : metal1_nofill has 0 polygons
2026-08-20 11:09:41 +0000: Memory Usage (133244K) : metal1_text has 0 polygons
2026-08-20 11:09:41 +0000: Memory Usage (133244K) : metal1_OPC has 0 polygons
2026-08-20 11:09:41 +0000: Memory Usage (133244K) : metal1_noqrc has 0 polygons
2026-08-20 11:09:41 +0000: Memory Usage (133244K) : metal1_res has 0 polygons
2026-08-20 11:09:41 +0000: Memory Usage (133244K) : metal1_iprobe has 0 polygons
2026-08-20 11:09:41 +0000: Memory Usage (133244K) : metal1_diffprb has 0 polygons
2026-08-20 11:09:41 +0000: Memory Usage (133244K) : passiv_drw has 0 polygons
2026-08-20 11:09:41 +0000: Memory Usage (133244K) : passiv_pin has 0 polygons
2026-08-20 11:09:41 +0000: Memory Usage (133244K) : passiv_sbump has 0 polygons
2026-08-20 11:09:41 +0000: Memory Usage (133244K) : passiv_pillar has 0 polygons
2026-08-20 11:09:41 +0000: Memory Usage (133244K) : passiv_pdl has 0 polygons
2026-08-20 11:09:41 +0000: Memory Usage (133244K) : metal2_drw has 1 polygons
2026-08-20 11:09:41 +0000: Memory Usage (133244K) : metal2_filler has 0 polygons
2026-08-20 11:09:41 +0000: Memory Usage (133244K) : metal2_slit has 0 polygons
2026-08-20 11:09:41 +0000: Memory Usage (133244K) : metal2 has 1 polygons
2026-08-20 11:09:41 +0000: Memory Usage (133372K) : metal2_pin has 0 polygons
2026-08-20 11:09:41 +0000: Memory Usage (133372K) : metal2_mask has 0 polygons
2026-08-20 11:09:41 +0000: Memory Usage (133372K) : metal2_nofill has 0 polygons
2026-08-20 11:09:41 +0000: Memory Usage (133500K) : metal2_text has 0 polygons
2026-08-20 11:09:41 +0000: Memory Usage (133500K) : metal2_OPC has 0 polygons
2026-08-20 11:09:41 +0000: Memory Usage (133500K) : metal2_noqrc has 0 polygons
2026-08-20 11:09:41 +0000: Memory Usage (133628K) : metal2_res has 0 polygons
2026-08-20 11:09:41 +0000: Memory Usage (133628K) : metal2_iprobe has 0 polygons
2026-08-20 11:09:41 +0000: Memory Usage (133756K) : metal2_diffprb has 0 polygons
2026-08-20 11:09:41 +0000: Memory Usage (133756K) : baspoly_drw has 0 polygons
2026-08-20 11:09:41 +0000: Memory Usage (133756K) : baspoly_pin has 0 polygons
2026-08-20 11:09:41 +0000: Memory Usage (133756K) : psd_drw has 3 polygons
2026-08-20 11:09:41 +0000: Memory Usage (133884K) : nldb_drw has 0 polygons
2026-08-20 11:09:41 +0000: Memory Usage (133884K) : digibnd_drw has 0 polygons
2026-08-20 11:09:41 +0000: Memory Usage (133884K) : via1_drw has 4 polygons
2026-08-20 11:09:41 +0000: Memory Usage (133884K) : backmetal1_drw has 0 polygons
2026-08-20 11:09:41 +0000: Memory Usage (133884K) : backmetal1_pin has 0 polygons
2026-08-20 11:09:41 +0000: Memory Usage (134012K) : backmetal1_mask has 0 polygons
2026-08-20 11:09:41 +0000: Memory Usage (134012K) : backmetal1_filler has 0 polygons
2026-08-20 11:09:41 +0000: Memory Usage (134012K) : backmetal1_nofill has 0 polygons
2026-08-20 11:09:41 +0000: Memory Usage (134140K) : backmetal1_slit has 0 polygons
2026-08-20 11:09:41 +0000: Memory Usage (134140K) : backmetal1_text has 0 polygons
2026-08-20 11:09:41 +0000: Memory Usage (134140K) : backmetal1_OPC has 0 polygons
2026-08-20 11:09:41 +0000: Memory Usage (134140K) : backmetal1_noqrc has 0 polygons
2026-08-20 11:09:41 +0000: Memory Usage (134140K) : backmetal1_res has 0 polygons
2026-08-20 11:09:41 +0000: Memory Usage (134268K) : backmetal1_iprobe has 0 polygons
2026-08-20 11:09:41 +0000: Memory Usage (134268K) : backmetal1_diffprb has 0 polygons
2026-08-20 11:09:41 +0000: Memory Usage (134268K) : backpassiv_drw has 0 polygons
2026-08-20 11:09:41 +0000: Memory Usage (134268K) : res_drw has 0 polygons
2026-08-20 11:09:41 +0000: Memory Usage (134396K) : sram_drw has 0 polygons
2026-08-20 11:09:41 +0000: Memory Usage (134396K) : trans_drw has 0 polygons
2026-08-20 11:09:41 +0000: Memory Usage (134396K) : ind_drw has 0 polygons
2026-08-20 11:09:41 +0000: Memory Usage (134396K) : ind_pin has 0 polygons
2026-08-20 11:09:41 +0000: Memory Usage (134524K) : ind_text has 0 polygons
2026-08-20 11:09:41 +0000: Memory Usage (134524K) : salblock_drw has 1 polygons
2026-08-20 11:09:41 +0000: Memory Usage (134524K) : via2_drw has 4 polygons
2026-08-20 11:09:41 +0000: Memory Usage (134524K) : metal3_drw has 3 polygons
2026-08-20 11:09:41 +0000: Memory Usage (134652K) : metal3_filler has 0 polygons
2026-08-20 11:09:41 +0000: Memory Usage (134652K) : metal3_slit has 0 polygons
2026-08-20 11:09:41 +0000: Memory Usage (134652K) : metal3 has 3 polygons
2026-08-20 11:09:41 +0000: Memory Usage (134780K) : metal3_pin has 0 polygons
2026-08-20 11:09:41 +0000: Memory Usage (134780K) : metal3_mask has 0 polygons
2026-08-20 11:09:41 +0000: Memory Usage (134780K) : metal3_nofill has 0 polygons
2026-08-20 11:09:41 +0000: Memory Usage (134780K) : metal3_text has 1 polygons
2026-08-20 11:09:41 +0000: Memory Usage (134908K) : metal3_OPC has 0 polygons
2026-08-20 11:09:41 +0000: Memory Usage (134908K) : metal3_noqrc has 0 polygons
2026-08-20 11:09:41 +0000: Memory Usage (134908K) : metal3_res has 0 polygons
2026-08-20 11:09:41 +0000: Memory Usage (134908K) : metal3_iprobe has 0 polygons
2026-08-20 11:09:41 +0000: Memory Usage (135036K) : metal3_diffprb has 0 polygons
2026-08-20 11:09:41 +0000: Memory Usage (135036K) : nwell_drw has 0 polygons
2026-08-20 11:09:41 +0000: Memory Usage (135036K) : nwell_pin has 0 polygons
2026-08-20 11:09:41 +0000: Memory Usage (135036K) : nwell_text has 0 polygons
2026-08-20 11:09:41 +0000: Memory Usage (135036K) : nbulay_drw has 0 polygons
2026-08-20 11:09:41 +0000: Memory Usage (135036K) : nbulay_pin has 0 polygons
2026-08-20 11:09:41 +0000: Memory Usage (135036K) : nbulay_block has 0 polygons
2026-08-20 11:09:41 +0000: Memory Usage (135036K) : emwind_drw has 0 polygons
2026-08-20 11:09:41 +0000: Memory Usage (135036K) : emwind_OPC has 0 polygons
2026-08-20 11:09:41 +0000: Memory Usage (135036K) : deepco_drw has 0 polygons
2026-08-20 11:09:41 +0000: Memory Usage (135036K) : mim_drw has 1 polygons
2026-08-20 11:09:41 +0000: Memory Usage (135036K) : edgeseal_drw has 0 polygons
2026-08-20 11:09:41 +0000: Memory Usage (135036K) : substrate_drw has 0 polygons
2026-08-20 11:09:41 +0000: Memory Usage (135036K) : substrate_text has 0 polygons
2026-08-20 11:09:41 +0000: Memory Usage (135036K) : dfpad_drw has 0 polygons
2026-08-20 11:09:41 +0000: Memory Usage (135164K) : dfpad_pillar has 0 polygons
2026-08-20 11:09:41 +0000: Memory Usage (135164K) : dfpad_sbump has 0 polygons
2026-08-20 11:09:41 +0000: Memory Usage (135164K) : thickgateox_drw has 0 polygons
2026-08-20 11:09:41 +0000: Memory Usage (135164K) : pldb_drw has 0 polygons
2026-08-20 11:09:41 +0000: Memory Usage (135164K) : pwell_drw has 0 polygons
2026-08-20 11:09:41 +0000: Memory Usage (135164K) : pwell_pin has 0 polygons
2026-08-20 11:09:41 +0000: Memory Usage (135292K) : pwell_block has 0 polygons
2026-08-20 11:09:41 +0000: Memory Usage (135292K) : ic_drw has 0 polygons
2026-08-20 11:09:41 +0000: Memory Usage (135292K) : via3_drw has 0 polygons
2026-08-20 11:09:41 +0000: Memory Usage (135292K) : metal4_drw has 1 polygons
2026-08-20 11:09:41 +0000: Memory Usage (135292K) : metal4_filler has 0 polygons
2026-08-20 11:09:41 +0000: Memory Usage (135420K) : metal4_slit has 0 polygons
2026-08-20 11:09:41 +0000: Memory Usage (135420K) : metal4 has 1 polygons
2026-08-20 11:09:41 +0000: Memory Usage (135420K) : metal4_pin has 0 polygons
2026-08-20 11:09:41 +0000: Memory Usage (135420K) : metal4_mask has 0 polygons
2026-08-20 11:09:41 +0000: Memory Usage (135420K) : metal4_nofill has 0 polygons
2026-08-20 11:09:41 +0000: Memory Usage (135420K) : metal4_text has 0 polygons
2026-08-20 11:09:41 +0000: Memory Usage (135548K) : metal4_OPC has 0 polygons
2026-08-20 11:09:41 +0000: Memory Usage (135548K) : metal4_noqrc has 0 polygons
2026-08-20 11:09:41 +0000: Memory Usage (135548K) : metal4_res has 0 polygons
2026-08-20 11:09:41 +0000: Memory Usage (135548K) : metal4_iprobe has 0 polygons
2026-08-20 11:09:41 +0000: Memory Usage (135548K) : metal4_diffprb has 0 polygons
2026-08-20 11:09:41 +0000: Memory Usage (135548K) : heattrans_drw has 0 polygons
2026-08-20 11:09:41 +0000: Memory Usage (135676K) : heatres_drw has 1 polygons
2026-08-20 11:09:41 +0000: Memory Usage (135676K) : fbe_drw has 0 polygons
2026-08-20 11:09:41 +0000: Memory Usage (135676K) : empoly_drw has 0 polygons
2026-08-20 11:09:41 +0000: Memory Usage (135676K) : digisub_drw has 0 polygons
2026-08-20 11:09:41 +0000: Memory Usage (135676K) : text_drw has 3 polygons
2026-08-20 11:09:41 +0000: Memory Usage (135676K) : via4_drw has 4 polygons
2026-08-20 11:09:41 +0000: Memory Usage (135804K) : metal5_drw has 5 polygons
2026-08-20 11:09:41 +0000: Memory Usage (135804K) : metal5_filler has 0 polygons
2026-08-20 11:09:41 +0000: Memory Usage (135804K) : metal5_slit has 0 polygons
2026-08-20 11:09:41 +0000: Memory Usage (135804K) : metal5 has 5 polygons
2026-08-20 11:09:41 +0000: Memory Usage (135804K) : metal5_pin has 0 polygons
2026-08-20 11:09:41 +0000: Memory Usage (135804K) : metal5_mask has 0 polygons
2026-08-20 11:09:41 +0000: Memory Usage (135932K) : metal5_nofill has 0 polygons
2026-08-20 11:09:41 +0000: Memory Usage (135932K) : metal5_text has 0 polygons
2026-08-20 11:09:41 +0000: Memory Usage (135932K) : metal5_OPC has 0 polygons
2026-08-20 11:09:41 +0000: Memory Usage (135932K) : metal5_noqrc has 0 polygons
2026-08-20 11:09:41 +0000: Memory Usage (135932K) : metal5_res has 0 polygons
2026-08-20 11:09:41 +0000: Memory Usage (135932K) : metal5_iprobe has 0 polygons
2026-08-20 11:09:41 +0000: Memory Usage (136060K) : metal5_diffprb has 0 polygons
2026-08-20 11:09:41 +0000: Memory Usage (136060K) : radhard_drw has 0 polygons
2026-08-20 11:09:41 +0000: Memory Usage (136060K) : memcap_drw has 0 polygons
2026-08-20 11:09:41 +0000: Memory Usage (136060K) : varicap_drw has 0 polygons
2026-08-20 11:09:41 +0000: Memory Usage (136060K) : intbondvia_drw has 0 polygons
2026-08-20 11:09:41 +0000: Memory Usage (136060K) : intbondmet_drw has 0 polygons
2026-08-20 11:09:41 +0000: Memory Usage (136188K) : devbondvia_drw has 0 polygons
2026-08-20 11:09:41 +0000: Memory Usage (136188K) : devbondmet_drw has 0 polygons
2026-08-20 11:09:41 +0000: Memory Usage (136188K) : devtrench_drw has 0 polygons
2026-08-20 11:09:41 +0000: Memory Usage (136188K) : redist_drw has 0 polygons
2026-08-20 11:09:41 +0000: Memory Usage (136188K) : graphbot_drw has 0 polygons
2026-08-20 11:09:41 +0000: Memory Usage (136188K) : graphtop_drw has 0 polygons
2026-08-20 11:09:41 +0000: Memory Usage (136316K) : antvia1_drw has 0 polygons
2026-08-20 11:09:41 +0000: Memory Usage (136316K) : antmetal2_drw has 0 polygons
2026-08-20 11:09:41 +0000: Memory Usage (136316K) : graphcont_drw has 0 polygons
2026-08-20 11:09:41 +0000: Memory Usage (136316K) : siwg_drw has 0 polygons
2026-08-20 11:09:41 +0000: Memory Usage (136316K) : siwg_filler has 0 polygons
2026-08-20 11:09:41 +0000: Memory Usage (136316K) : siwg_nofill has 0 polygons
2026-08-20 11:09:41 +0000: Memory Usage (136444K) : sigrating_drw has 0 polygons
2026-08-20 11:09:41 +0000: Memory Usage (136444K) : singrating_drw has 0 polygons
2026-08-20 11:09:41 +0000: Memory Usage (136444K) : graphpas_drw has 0 polygons
2026-08-20 11:09:41 +0000: Memory Usage (136444K) : emwind3_drw has 0 polygons
2026-08-20 11:09:41 +0000: Memory Usage (136444K) : emwihv3_drw has 0 polygons
2026-08-20 11:09:41 +0000: Memory Usage (136444K) : redbulay_drw has 0 polygons
2026-08-20 11:09:41 +0000: Memory Usage (136572K) : smos_drw has 0 polygons
2026-08-20 11:09:41 +0000: Memory Usage (136572K) : graphpad_drw has 0 polygons
2026-08-20 11:09:41 +0000: Memory Usage (136572K) : polimide_drw has 0 polygons
2026-08-20 11:09:41 +0000: Memory Usage (136572K) : polimide_pin has 0 polygons
2026-08-20 11:09:41 +0000: Memory Usage (136572K) : recog_drw has 0 polygons
2026-08-20 11:09:41 +0000: Memory Usage (136572K) : recog_pin has 0 polygons
2026-08-20 11:09:41 +0000: Memory Usage (136572K) : recog_esd has 0 polygons
2026-08-20 11:09:41 +0000: Memory Usage (136572K) : recog_diode has 0 polygons
2026-08-20 11:09:41 +0000: Memory Usage (136700K) : recog_tsv has 0 polygons
2026-08-20 11:09:41 +0000: Memory Usage (136700K) : recog_iprobe has 0 polygons
2026-08-20 11:09:41 +0000: Memory Usage (136700K) : recog_diffprb has 0 polygons
2026-08-20 11:09:41 +0000: Memory Usage (136700K) : recog_pillar has 0 polygons
2026-08-20 11:09:41 +0000: Memory Usage (136700K) : recog_sbump has 0 polygons
2026-08-20 11:09:41 +0000: Memory Usage (136700K) : recog_otp has 0 polygons
2026-08-20 11:09:41 +0000: Memory Usage (136828K) : recog_pdiode has 0 polygons
2026-08-20 11:09:41 +0000: Memory Usage (136828K) : recog_mom has 0 polygons
2026-08-20 11:09:41 +0000: Memory Usage (136828K) : recog_momf has 0 polygons
2026-08-20 11:09:41 +0000: Memory Usage (136828K) : recog_pcm has 0 polygons
2026-08-20 11:09:41 +0000: Memory Usage (136828K) : colopen_drw has 0 polygons
2026-08-20 11:09:41 +0000: Memory Usage (136828K) : graphmetal1_drw has 0 polygons
2026-08-20 11:09:41 +0000: Memory Usage (136956K) : graphmetal1_filler has 0 polygons
2026-08-20 11:09:41 +0000: Memory Usage (136956K) : graphmetal1_nofill has 0 polygons
2026-08-20 11:09:41 +0000: Memory Usage (136956K) : graphmetal1_slit has 0 polygons
2026-08-20 11:09:41 +0000: Memory Usage (136956K) : graphmetal1_OPC has 0 polygons
2026-08-20 11:09:41 +0000: Memory Usage (136956K) : graphmet1l_drw has 0 polygons
2026-08-20 11:09:41 +0000: Memory Usage (137084K) : graphmet1l_filler has 0 polygons
2026-08-20 11:09:41 +0000: Memory Usage (137084K) : graphmet1l_nofill has 0 polygons
2026-08-20 11:09:41 +0000: Memory Usage (137084K) : graphmet1l_slit has 0 polygons
2026-08-20 11:09:41 +0000: Memory Usage (137084K) : graphmet1l_OPC has 0 polygons
2026-08-20 11:09:41 +0000: Memory Usage (137084K) : extblock_drw has 3 polygons
2026-08-20 11:09:41 +0000: Memory Usage (137084K) : nldd_drw has 0 polygons
2026-08-20 11:09:41 +0000: Memory Usage (137212K) : pldd_drw has 0 polygons
2026-08-20 11:09:41 +0000: Memory Usage (137212K) : next_drw has 0 polygons
2026-08-20 11:09:41 +0000: Memory Usage (137212K) : pext_drw has 0 polygons
2026-08-20 11:09:41 +0000: Memory Usage (137212K) : nexthv_drw has 0 polygons
2026-08-20 11:09:41 +0000: Memory Usage (137212K) : pexthv_drw has 0 polygons
2026-08-20 11:09:41 +0000: Memory Usage (137212K) : graphgate_drw has 0 polygons
2026-08-20 11:09:41 +0000: Memory Usage (137340K) : sinwg_drw has 0 polygons
2026-08-20 11:09:41 +0000: Memory Usage (137340K) : sinwg_filler has 0 polygons
2026-08-20 11:09:41 +0000: Memory Usage (137340K) : sinwg_nofill has 0 polygons
2026-08-20 11:09:41 +0000: Memory Usage (137340K) : mempad_drw has 0 polygons
2026-08-20 11:09:41 +0000: Memory Usage (137340K) : topvia1_drw has 2 polygons
2026-08-20 11:09:41 +0000: Memory Usage (137468K) : topmetal1_drw has 3 polygons
2026-08-20 11:09:41 +0000: Memory Usage (137468K) : topmetal1_filler has 0 polygons
2026-08-20 11:09:41 +0000: Memory Usage (137468K) : topmetal1_slit has 0 polygons
2026-08-20 11:09:41 +0000: Memory Usage (137468K) : topmetal1 has 3 polygons
2026-08-20 11:09:41 +0000: Memory Usage (137468K) : topmetal1_pin has 0 polygons
2026-08-20 11:09:41 +0000: Memory Usage (137468K) : topmetal1_mask has 0 polygons
2026-08-20 11:09:41 +0000: Memory Usage (137596K) : topmetal1_nofill has 0 polygons
2026-08-20 11:09:41 +0000: Memory Usage (137596K) : topmetal1_text has 0 polygons
2026-08-20 11:09:41 +0000: Memory Usage (137596K) : topmetal1_noqrc has 0 polygons
2026-08-20 11:09:41 +0000: Memory Usage (137596K) : topmetal1_res has 0 polygons
2026-08-20 11:09:41 +0000: Memory Usage (137596K) : topmetal1_iprobe has 0 polygons
2026-08-20 11:09:41 +0000: Memory Usage (137596K) : topmetal1_diffprb has 0 polygons
2026-08-20 11:09:41 +0000: Memory Usage (137724K) : inldpwl_drw has 0 polygons
2026-08-20 11:09:41 +0000: Memory Usage (137724K) : polyres_drw has 1 polygons
2026-08-20 11:09:41 +0000: Memory Usage (137724K) : polyres_pin has 0 polygons
2026-08-20 11:09:41 +0000: Memory Usage (137852K) : vmim_drw has 225 polygons
2026-08-20 11:09:41 +0000: Memory Usage (137852K) : nbulaycut_drw has 0 polygons
2026-08-20 11:09:41 +0000: Memory Usage (137852K) : antmetal1_drw has 0 polygons
2026-08-20 11:09:41 +0000: Memory Usage (137980K) : topvia2_drw has 2 polygons
2026-08-20 11:09:41 +0000: Memory Usage (137980K) : topmetal2_drw has 2 polygons
2026-08-20 11:09:41 +0000: Memory Usage (137980K) : topmetal2_filler has 0 polygons
2026-08-20 11:09:41 +0000: Memory Usage (137980K) : topmetal2_slit has 0 polygons
2026-08-20 11:09:41 +0000: Memory Usage (138108K) : topmetal2 has 2 polygons
2026-08-20 11:09:41 +0000: Memory Usage (138108K) : topmetal2_pin has 0 polygons
2026-08-20 11:09:41 +0000: Memory Usage (138108K) : topmetal2_mask has 0 polygons
2026-08-20 11:09:41 +0000: Memory Usage (138108K) : topmetal2_nofill has 0 polygons
2026-08-20 11:09:41 +0000: Memory Usage (138108K) : topmetal2_text has 0 polygons
2026-08-20 11:09:41 +0000: Memory Usage (138236K) : topmetal2_noqrc has 0 polygons
2026-08-20 11:09:41 +0000: Memory Usage (138236K) : topmetal2_res has 0 polygons
2026-08-20 11:09:41 +0000: Memory Usage (138236K) : topmetal2_iprobe has 0 polygons
2026-08-20 11:09:41 +0000: Memory Usage (138236K) : topmetal2_diffprb has 0 polygons
2026-08-20 11:09:41 +0000: Memory Usage (138364K) : snsring_drw has 0 polygons
2026-08-20 11:09:41 +0000: Memory Usage (138364K) : sensor_drw has 0 polygons
2026-08-20 11:09:41 +0000: Memory Usage (138492K) : snsarms_drw has 0 polygons
2026-08-20 11:09:41 +0000: Memory Usage (138492K) : snscmosvia_drw has 0 polygons
2026-08-20 11:09:41 +0000: Memory Usage (138492K) : colwind_drw has 0 polygons
2026-08-20 11:09:41 +0000: Memory Usage (138492K) : flm_drw has 0 polygons
2026-08-20 11:09:41 +0000: Memory Usage (138620K) : hafniumox_drw has 0 polygons
2026-08-20 11:09:41 +0000: Memory Usage (138620K) : memvia_drw has 0 polygons
2026-08-20 11:09:41 +0000: Memory Usage (138620K) : thinfilmres_drw has 0 polygons
2026-08-20 11:09:41 +0000: Memory Usage (138748K) : rfmem_drw has 0 polygons
2026-08-20 11:09:41 +0000: Memory Usage (138748K) : norcx_drw has 0 polygons
2026-08-20 11:09:41 +0000: Memory Usage (138748K) : norcx_m2m3 has 0 polygons
2026-08-20 11:09:41 +0000: Memory Usage (138748K) : norcx_m2m4 has 0 polygons
2026-08-20 11:09:41 +0000: Memory Usage (138876K) : norcx_m2m5 has 0 polygons
2026-08-20 11:09:41 +0000: Memory Usage (138876K) : norcx_m2tm1 has 0 polygons
2026-08-20 11:09:41 +0000: Memory Usage (138876K) : norcx_m2tm2 has 0 polygons
2026-08-20 11:09:41 +0000: Memory Usage (138876K) : norcx_m3m4 has 0 polygons
2026-08-20 11:09:41 +0000: Memory Usage (139004K) : norcx_m3m5 has 0 polygons
2026-08-20 11:09:41 +0000: Memory Usage (139004K) : norcx_m3tm1 has 0 polygons
2026-08-20 11:09:41 +0000: Memory Usage (139132K) : norcx_m3tm2 has 0 polygons
2026-08-20 11:09:41 +0000: Memory Usage (139132K) : norcx_m4m5 has 0 polygons
2026-08-20 11:09:41 +0000: Memory Usage (139132K) : norcx_m4tm1 has 0 polygons
2026-08-20 11:09:41 +0000: Memory Usage (139132K) : norcx_m4tm2 has 0 polygons
2026-08-20 11:09:41 +0000: Memory Usage (139132K) : norcx_m5tm1 has 0 polygons
2026-08-20 11:09:41 +0000: Memory Usage (139132K) : norcx_m5tm2 has 0 polygons
2026-08-20 11:09:41 +0000: Memory Usage (139132K) : norcx_tm1tm2 has 0 polygons
2026-08-20 11:09:41 +0000: Memory Usage (139132K) : norcx_m1sub has 0 polygons
2026-08-20 11:09:41 +0000: Memory Usage (139132K) : norcx_m2sub has 0 polygons
2026-08-20 11:09:41 +0000: Memory Usage (139132K) : norcx_m3sub has 0 polygons
2026-08-20 11:09:41 +0000: Memory Usage (139132K) : norcx_m4sub has 0 polygons
2026-08-20 11:09:41 +0000: Memory Usage (139132K) : norcx_m5sub has 0 polygons
2026-08-20 11:09:41 +0000: Memory Usage (139132K) : norcx_tm1sub has 0 polygons
2026-08-20 11:09:41 +0000: Memory Usage (139132K) : norcx_tm2sub has 0 polygons
2026-08-20 11:09:41 +0000: Memory Usage (139132K) : snsbotvia_drw has 0 polygons
2026-08-20 11:09:41 +0000: Memory Usage (139132K) : snstopvia_drw has 0 polygons
2026-08-20 11:09:41 +0000: Memory Usage (139132K) : deepvia_drw has 0 polygons
2026-08-20 11:09:41 +0000: Memory Usage (139132K) : fgetch_drw has 0 polygons
2026-08-20 11:09:41 +0000: Memory Usage (139132K) : ctrgat_drw has 0 polygons
2026-08-20 11:09:41 +0000: Memory Usage (139132K) : fgimp_drw has 0 polygons
2026-08-20 11:09:41 +0000: Memory Usage (139132K) : emwihv_drw has 0 polygons
2026-08-20 11:09:41 +0000: Memory Usage (139260K) : lbe_drw has 0 polygons
2026-08-20 11:09:41 +0000: Memory Usage (139260K) : alcustop_drw has 0 polygons
2026-08-20 11:09:41 +0000: Memory Usage (139260K) : nometfiller_drw has 0 polygons
2026-08-20 11:09:41 +0000: Memory Usage (139260K) : prboundary_drw has 0 polygons
2026-08-20 11:09:41 +0000: Memory Usage (139260K) : exchange0_drw has 0 polygons
2026-08-20 11:09:41 +0000: Memory Usage (139260K) : exchange0_pin has 0 polygons
2026-08-20 11:09:41 +0000: Memory Usage (139260K) : exchange0_text has 0 polygons
2026-08-20 11:09:41 +0000: Memory Usage (139260K) : exchange1_drw has 0 polygons
2026-08-20 11:09:41 +0000: Memory Usage (139260K) : exchange1_pin has 0 polygons
2026-08-20 11:09:41 +0000: Memory Usage (139260K) : exchange1_text has 0 polygons
2026-08-20 11:09:41 +0000: Memory Usage (139260K) : exchange2_drw has 0 polygons
2026-08-20 11:09:41 +0000: Memory Usage (139260K) : exchange2_pin has 0 polygons
2026-08-20 11:09:41 +0000: Memory Usage (139260K) : exchange2_text has 0 polygons
2026-08-20 11:09:41 +0000: Memory Usage (139260K) : exchange3_drw has 0 polygons
2026-08-20 11:09:41 +0000: Memory Usage (139260K) : exchange3_pin has 0 polygons
2026-08-20 11:09:41 +0000: Memory Usage (139260K) : exchange3_text has 0 polygons
2026-08-20 11:09:41 +0000: Memory Usage (139260K) : exchange4_drw has 0 polygons
2026-08-20 11:09:41 +0000: Memory Usage (139260K) : exchange4_pin has 0 polygons
2026-08-20 11:09:41 +0000: Memory Usage (139260K) : exchange4_text has 0 polygons
2026-08-20 11:09:41 +0000: Memory Usage (139260K) : isonwell_drw has 0 polygons
2026-08-20 11:09:41 +0000: Memory Usage (139260K) : Total no. of polygons in the design is 282
2026-08-20 11:09:41 +0000: Memory Usage (139260K) : Starting base layers derivations
2026-08-20 11:09:41 +0000: Memory Usage (139260K) : Starting general LVS derivations
2026-08-20 11:09:41 +0000: Memory Usage (141752K) : Starting MOSFET DERIVATIONS
2026-08-20 11:09:41 +0000: Memory Usage (141880K) : Starting NMOS DERIVATIONS
2026-08-20 11:09:41 +0000: Memory Usage (141880K) : Starting PMOS DERIVATIONS
2026-08-20 11:09:41 +0000: Memory Usage (141880K) : Starting RF-MOSFET DERIVATIONS
2026-08-20 11:09:41 +0000: Memory Usage (141880K) : Starting RF-NMOS DERIVATIONS
2026-08-20 11:09:41 +0000: Memory Usage (141880K) : Starting RF-PMOS DERIVATIONS
2026-08-20 11:09:41 +0000: Memory Usage (141880K) : Starting BJT DERIVATIONS
2026-08-20 11:09:41 +0000: Memory Usage (141880K) : Starting NPN-BJT DERIVATIONS
2026-08-20 11:09:41 +0000: Memory Usage (141880K) : Starting PNP-BJT DERIVATIONS
2026-08-20 11:09:41 +0000: Memory Usage (141880K) : Starting DIODE DERIVATIONS
2026-08-20 11:09:41 +0000: Memory Usage (141880K) : Starting RESISTOR DERIVATIONS
2026-08-20 11:09:41 +0000: Memory Usage (142904K) : Starting CAP DERIVATIONS
2026-08-20 11:09:41 +0000: Memory Usage (142904K) : Starting CAP_CMOM DERIVATIONS
2026-08-20 11:09:41 +0000: Memory Usage (142904K) : Starting CAP_CMOMF DERIVATIONS
2026-08-20 11:09:41 +0000: Memory Usage (142904K) : Starting ESD DERIVATIONS
2026-08-20 11:09:41 +0000: Memory Usage (142904K) : Starting Inductor DERIVATIONS
2026-08-20 11:09:41 +0000: Memory Usage (142904K) : Starting Taps DERIVATIONS
2026-08-20 11:09:41 +0000: Memory Usage (142904K) : Starting SG13G2 LVS connectivity setup
2026-08-20 11:09:41 +0000: Memory Usage (142904K) : Starting SG13G2 LVS connectivity setup (Inter-layer)
2026-08-20 11:09:41 +0000: Memory Usage (143032K) : Starting SG13G2 LVS connectivity setup (Global)
2026-08-20 11:09:41 +0000: Memory Usage (143032K) : Starting LVS MOSFET CONNECTIONS
2026-08-20 11:09:41 +0000: Memory Usage (143032K) : Starting LVS RF-MOSFET CONNECTIONS
2026-08-20 11:09:41 +0000: Memory Usage (143032K) : Starting LVS BJT CONNECTIONS
2026-08-20 11:09:41 +0000: Memory Usage (143032K) : Starting LVS DIODE CONNECTIONS
2026-08-20 11:09:41 +0000: Memory Usage (143032K) : Starting RESISTOR CONNECTIONS
2026-08-20 11:09:41 +0000: Memory Usage (143032K) : Starting LVS CAP CONNECTIONS
2026-08-20 11:09:41 +0000: Memory Usage (143032K) : Starting CAP_CMOM CONNECTIONS
2026-08-20 11:09:41 +0000: Memory Usage (143032K) : Starting CAP_CMOMF CONNECTIONS
2026-08-20 11:09:41 +0000: Memory Usage (143032K) : Starting ESD CONNECTIONS
2026-08-20 11:09:41 +0000: Memory Usage (143032K) : Starting Inductor CONNECTIONS
2026-08-20 11:09:41 +0000: Memory Usage (143032K) : Starting LVS Taps CONNECTIONS
2026-08-20 11:09:41 +0000: Memory Usage (143032K) : Starting SG13G2 LVS DEVICES EXTRACTION
2026-08-20 11:09:41 +0000: Memory Usage (143032K) : Starting MOSFET EXTRACTION
2026-08-20 11:09:41 +0000: Memory Usage (143032K) : Starting NMOS EXTRACTION
2026-08-20 11:09:41 +0000: Memory Usage (143032K) : Extraction of NMOS-LV transistor
2026-08-20 11:09:41 +0000: Memory Usage (143032K) : Extraction of NMOS-HV transistor
2026-08-20 11:09:41 +0000: Memory Usage (143032K) : Starting PMOS EXTRACTION
2026-08-20 11:09:41 +0000: Memory Usage (143032K) : Extraction of PMOS-LV transistor
2026-08-20 11:09:41 +0000: Memory Usage (143032K) : Extraction of PMOS-HV transistor
2026-08-20 11:09:41 +0000: Memory Usage (143032K) : Starting RF-MOSFET EXTRACTION
2026-08-20 11:09:41 +0000: Memory Usage (143032K) : Extraction of RF-NMOS-LV transistor
2026-08-20 11:09:41 +0000: Memory Usage (143032K) : Extraction of RF-NMOS-HV transistor
2026-08-20 11:09:41 +0000: Memory Usage (143032K) : Extraction of RF-PMOS-LV transistor
2026-08-20 11:09:41 +0000: Memory Usage (143032K) : Extraction of RF-PMOS-HV transistor
2026-08-20 11:09:41 +0000: Memory Usage (143032K) : Starting BJT EXTRACTION
2026-08-20 11:09:41 +0000: Memory Usage (143032K) : Starting NPN-BJT EXTRACTION
2026-08-20 11:09:41 +0000: Memory Usage (143032K) : Extraction of npn13G2 BJT transistor
2026-08-20 11:09:41 +0000: Memory Usage (143032K) : Extraction of npn13G2L BJT transistor
2026-08-20 11:09:41 +0000: Memory Usage (143032K) : Extraction of npn13G2V BJT transistor
2026-08-20 11:09:41 +0000: Memory Usage (143032K) : Starting PNP-BJT EXTRACTION
2026-08-20 11:09:41 +0000: Memory Usage (143032K) : Extracting pnpMPA BJT
2026-08-20 11:09:41 +0000: Memory Usage (143032K) : Starting DIODE EXTRACTION
2026-08-20 11:09:41 +0000: Memory Usage (143032K) : Extracting dantenna diode
2026-08-20 11:09:41 +0000: Memory Usage (143032K) : Extracting dpantenna diode
2026-08-20 11:09:41 +0000: Memory Usage (143032K) : Extracting schottky_nbl1 diode
2026-08-20 11:09:41 +0000: Memory Usage (143032K) : Extracting isolbox diode
2026-08-20 11:09:41 +0000: Memory Usage (143032K) : Starting RESISTOR EXTRACTION
2026-08-20 11:09:41 +0000: Memory Usage (143032K) : Extracting rsil resistor
2026-08-20 11:09:41 +0000: Memory Usage (143032K) : Extracting rppd resistor
2026-08-20 11:09:41 +0000: Memory Usage (143416K) : Extracting rhigh resistor
2026-08-20 11:09:41 +0000: Memory Usage (143416K) : Extracting res_metal1 resistor
2026-08-20 11:09:41 +0000: Memory Usage (143416K) : Extracting res_metal2 resistor
2026-08-20 11:09:41 +0000: Memory Usage (143416K) : Extracting res_metal3 resistor
2026-08-20 11:09:41 +0000: Memory Usage (143416K) : Extracting res_metal4 resistor
2026-08-20 11:09:41 +0000: Memory Usage (143416K) : Extracting res_metal5 resistor
2026-08-20 11:09:41 +0000: Memory Usage (143416K) : Extracting res_topmetal1 resistor
2026-08-20 11:09:41 +0000: Memory Usage (143416K) : Extracting res_topmetal2 resistor
2026-08-20 11:09:41 +0000: Memory Usage (143416K) : Starting CAP EXTRACTION
2026-08-20 11:09:41 +0000: Memory Usage (143416K) : Extracting cap_cmim device
2026-08-20 11:09:41 +0000: Memory Usage (143416K) : Extracting rfcmim device
2026-08-20 11:09:41 +0000: Memory Usage (143416K) : Extracting sg13_hv_svaricap varactor
2026-08-20 11:09:41 +0000: Memory Usage (143416K) : Extracting cap_cmomi device
2026-08-20 11:09:41 +0000: Memory Usage (143416K) : Extracting cap_cmomf device
2026-08-20 11:09:41 +0000: Memory Usage (143416K) : Extracting sg13_moscap_n capacitor
2026-08-20 11:09:41 +0000: Memory Usage (143416K) : Extracting sg13_moscap_p capacitor
2026-08-20 11:09:41 +0000: Memory Usage (143416K) : Starting ESD EXTRACTION
2026-08-20 11:09:41 +0000: Memory Usage (143416K) : Extracting diodevdd_2kv ESD device
2026-08-20 11:09:41 +0000: Memory Usage (143416K) : Extracting diodevdd_4kv ESD device
2026-08-20 11:09:41 +0000: Memory Usage (143416K) : Extracting diodevss_2kv ESD device
2026-08-20 11:09:41 +0000: Memory Usage (143416K) : Extracting diodevss_4kv ESD device
2026-08-20 11:09:41 +0000: Memory Usage (143416K) : Extracting idiodevdd_2kv ESD device
2026-08-20 11:09:41 +0000: Memory Usage (143416K) : Extracting idiodevdd_4kv ESD device
2026-08-20 11:09:41 +0000: Memory Usage (143416K) : Extracting idiodevss_2kv ESD device
2026-08-20 11:09:41 +0000: Memory Usage (143416K) : Extracting idiodevss_4kv ESD device
2026-08-20 11:09:41 +0000: Memory Usage (143416K) : Extracting nmoscl_2 ESD device
2026-08-20 11:09:41 +0000: Memory Usage (143416K) : Extracting nmoscl_4 ESD device
2026-08-20 11:09:41 +0000: Memory Usage (143416K) : Starting Inductor EXTRACTION
2026-08-20 11:09:41 +0000: Memory Usage (143416K) : Extracting Inductor2 device
2026-08-20 11:09:41 +0000: Memory Usage (143416K) : Extracting Inductor3 device
2026-08-20 11:09:41 +0000: Memory Usage (143416K) : Starting Taps EXTRACTION
2026-08-20 11:09:41 +0000: Memory Usage (143416K) : Extracting ntap1 device
2026-08-20 11:09:41 +0000: Memory Usage (143416K) : Extracting ptap1 device
2026-08-20 11:09:41 +0000: Memory Usage (143416K) : Starting SG13G2 LVS RF MOS Model Mapping
2026-08-20 11:09:41 +0000: Memory Usage (143416K) : [layout_netlist] Apply RF MOS model mapping and rfmode parameter.
2026-08-20 11:09:41 +0000: Memory Usage (143416K) : Starting SG13G2 LVS Options Preparations
2026-08-20 11:09:41 +0000: Memory Usage (143416K) : SG13G2 LVS flow: extraction -> alignment -> option preparation -> comparison.
2026-08-20 11:09:41 +0000: Memory Usage (143416K) : Starting SG13G2 LVS Alignment
2026-08-20 11:09:41 +0000: Memory Usage (143672K) : Starting SG13G2 LVS Simplification
2026-08-20 11:09:41 +0000: Memory Usage (143672K) : [layout_netlist] simplify: ENABLED
2026-08-20 11:09:41 +0000: Memory Usage (143672K) : [layout_netlist] make_top_level_pins: SKIPPED
2026-08-20 11:09:41 +0000: Memory Usage (143672K) : [layout_netlist] combine_devices: SKIPPED
2026-08-20 11:09:41 +0000: Memory Usage (143672K) : [layout_netlist] purge: SKIPPED
2026-08-20 11:09:41 +0000: Memory Usage (143672K) : [layout_netlist] purge_nets: SKIPPED
2026-08-20 11:09:41 +0000: Memory Usage (143672K) : [schematic_netlist] simplify: ENABLED
2026-08-20 11:09:41 +0000: Memory Usage (143672K) : [schematic_netlist] make_top_level_pins: SKIPPED
2026-08-20 11:09:41 +0000: Memory Usage (143672K) : [schematic_netlist] combine_devices: SKIPPED
2026-08-20 11:09:41 +0000: Memory Usage (143672K) : [schematic_netlist] purge: SKIPPED
2026-08-20 11:09:41 +0000: Memory Usage (143672K) : [schematic_netlist] purge_nets: SKIPPED
2026-08-20 11:09:41 +0000: Memory Usage (143672K) : Starting SG13G2 LVS Comparison
2026-08-20 11:09:41 +0000: Memory Usage (143672K) : xxxxxxxxxxxxxxxxxxxxxxxxxxxxxxxxxxxxxxxxxx
2026-08-20 11:09:41 +0000: Memory Usage (143672K) : ERROR : Netlists don't match
2026-08-20 11:09:41 +0000: Memory Usage (143672K) : xxxxxxxxxxxxxxxxxxxxxxxxxxxxxxxxxxxxxxxxxx
2026-08-20 11:09:41 +0000: Memory Usage (143672K) : LVS Total Run time 0.378687 seconds

--- stderr ---
20-Aug-2026 11:09:41 | INFO    | Your Klayout version is: KLayout 0.30.5 (required >= 0.30.5)
20-Aug-2026 11:09:41 | INFO    | Running SG13G2 LVS checks on design /workspace/layout/blocks/out/term_stage/_cmim_probe/probe_flatFalse_m5False_m3True.gds on cell probe
20-Aug-2026 11:09:41 | INFO    | ==============================================================================
20-Aug-2026 11:09:41 | INFO    | Important Summary
20-Aug-2026 11:09:41 | INFO    | +------------------+----------------------------------------------------------------------------------+
20-Aug-2026 11:09:41 | INFO    | | Status           | FAIL                                                                             |
20-Aug-2026 11:09:41 | INFO    | | Mode             | COMPARE                                                                          |
20-Aug-2026 11:09:41 | INFO    | | Outcome          | Comparison mode: FAIL (netlists do not match).                                   |
20-Aug-2026 11:09:41 | INFO    | | Layout           | probe_flatFalse_m5False_m3True.gds                                               |
20-Aug-2026 11:09:41 | INFO    | | Top Cell         | probe                                                                            |
20-Aug-2026 11:09:41 | INFO    | | Results Dir      | /workspace/layout/blocks/out/term_stage/_cmim_probe/lvs_flatFalse_m5False_m3True |
20-Aug-2026 11:09:41 | INFO    | | Warnings         | 0                                                                                |
20-Aug-2026 11:09:41 | INFO    | | Errors           | 1                                                                                |
20-Aug-2026 11:09:41 | INFO    | | Run Time (s)     | 0.664                                                                            |
20-Aug-2026 11:09:41 | INFO    | +------------------+----------------------------------------------------------------------------------+
20-Aug-2026 11:09:41 | ERROR   | Key errors:
20-Aug-2026 11:09:41 | ERROR   |   - 2026-08-20 11:09:41 +0000: Memory Usage (143672K) : ERROR : Netlists don't match
20-Aug-2026 11:09:41 | INFO    | ==============================================================================

