$ /home/ubuntu/.local/share/ihp-eda/venv/bin/python /home/ubuntu/.local/share/ihp-eda/IHP-Open-PDK/ihp-sg13g2/libs.tech/klayout/tech/lvs/run_lvs.py --layout=/workspace/layout/blocks/out/driver_stage/bisect_run/_probe9_vdd_only/driver_dut.gds --netlist=/workspace/layout/blocks/out/driver_stage/bisect_run/_probe9_vdd_only/driver_dut.cdl --run_dir=/workspace/layout/blocks/out/driver_stage/bisect_run/_probe9_vdd_only/lvs --run_mode=deep --topcell=driver_dut --implicit_nets=sub,sub! --ignore_top_ports_mismatch --disable_tap_extraction

--- stdout ---
2026-08-20 19:07:44 +0000: Memory Usage (128492K) : Starting running SG13G2 Klayout LVS runset on /workspace/layout/blocks/out/driver_stage/bisect_run/_probe9_vdd_only/driver_dut.gds
2026-08-20 19:07:44 +0000: Memory Usage (128492K) : Ruby Version for klayout: 3.2.3
2026-08-20 19:07:44 +0000: Memory Usage (129720K) : Loading database to memory is complete.
2026-08-20 19:07:44 +0000: Memory Usage (129720K) : SG13G2 Klayout LVS runset output at: /workspace/layout/blocks/out/driver_stage/bisect_run/_probe9_vdd_only/lvs/driver_dut.lvsdb
2026-08-20 19:07:44 +0000: Memory Usage (129720K) : Evaluate switches.
2026-08-20 19:07:44 +0000: Memory Usage (129720K) : Extracted netlist with net names: true
2026-08-20 19:07:44 +0000: Memory Usage (129720K) : Extracted netlist with comments in details: false
2026-08-20 19:07:44 +0000: Memory Usage (129720K) : Selected NET_ONLY option: false
2026-08-20 19:07:44 +0000: Memory Usage (129720K) : Selected LAYOUT_NETLIST option: (none)
2026-08-20 19:07:44 +0000: Memory Usage (129720K) : Selected IGNORE_TOP_PORTS_MISMATCH option: true
2026-08-20 19:07:44 +0000: Memory Usage (129720K) : Selected IMPLICIT_NETS option: sub,sub!
2026-08-20 19:07:44 +0000: Memory Usage (129720K) : Selected TOP_LVL_PINS option: false
2026-08-20 19:07:44 +0000: Memory Usage (129720K) : Selected COMBINE DEVICES option: false
2026-08-20 19:07:44 +0000: Memory Usage (129720K) : Selected PURGE option: false
2026-08-20 19:07:44 +0000: Memory Usage (129720K) : Selected PURGE_NETS option: false
2026-08-20 19:07:44 +0000: Memory Usage (129720K) : Selected SIMPLIFY option: true
2026-08-20 19:07:44 +0000: Memory Usage (129720K) : Selected SERIES_RES option: true
2026-08-20 19:07:44 +0000: Memory Usage (129720K) : Selected PARALLEL_RES option: true
2026-08-20 19:07:44 +0000: Memory Usage (129720K) : Selected DISABLE_TAP_EXTRACTION option: true
2026-08-20 19:07:44 +0000: Memory Usage (129720K) : deep  mode is enabled.
2026-08-20 19:07:44 +0000: Memory Usage (129720K) : Applying implicit connections (case-sensitive, pattern supported) for nets: sub, sub!
2026-08-20 19:07:44 +0000: Memory Usage (130948K) : Netlist file: /workspace/layout/blocks/out/driver_stage/bisect_run/_probe9_vdd_only/driver_dut.cdl
2026-08-20 19:07:44 +0000: Memory Usage (130948K) : LVS extracted netlist at: /workspace/layout/blocks/out/driver_stage/bisect_run/_probe9_vdd_only/lvs/driver_dut_extracted.cir
2026-08-20 19:07:44 +0000: Memory Usage (130948K) : Applying SRAM integration support.
2026-08-20 19:07:44 +0000: Memory Usage (130948K) : Starting SG13G2 LVS runset
2026-08-20 19:07:44 +0000: Memory Usage (130948K) : Read in polygons from layers.
2026-08-20 19:07:44 +0000: Memory Usage (132304K) : activ_drw has 893 polygons
2026-08-20 19:07:44 +0000: Memory Usage (132304K) : activ_filler has 0 polygons
2026-08-20 19:07:44 +0000: Memory Usage (132432K) : activ has 893 polygons
2026-08-20 19:07:44 +0000: Memory Usage (132432K) : activ_pin has 0 polygons
2026-08-20 19:07:44 +0000: Memory Usage (132432K) : activ_mask has 4 polygons
2026-08-20 19:07:44 +0000: Memory Usage (132432K) : activ_nofill has 0 polygons
2026-08-20 19:07:44 +0000: Memory Usage (132432K) : activ_OPC has 0 polygons
2026-08-20 19:07:44 +0000: Memory Usage (132432K) : activ_iOPC has 0 polygons
2026-08-20 19:07:44 +0000: Memory Usage (132432K) : activ_noqrc has 0 polygons
2026-08-20 19:07:44 +0000: Memory Usage (132520K) : biwind_drw has 0 polygons
2026-08-20 19:07:44 +0000: Memory Usage (133032K) : biwind_OPC has 0 polygons
2026-08-20 19:07:44 +0000: Memory Usage (133032K) : gatpoly_drw has 123 polygons
2026-08-20 19:07:44 +0000: Memory Usage (133032K) : gatpoly_filler has 0 polygons
2026-08-20 19:07:44 +0000: Memory Usage (133032K) : gatpoly has 123 polygons
2026-08-20 19:07:44 +0000: Memory Usage (133032K) : gatpoly_pin has 119 polygons
2026-08-20 19:07:44 +0000: Memory Usage (133032K) : gatpoly_nofill has 0 polygons
2026-08-20 19:07:44 +0000: Memory Usage (133032K) : gatpoly_OPC has 0 polygons
2026-08-20 19:07:44 +0000: Memory Usage (133032K) : gatpoly_iOPC has 0 polygons
2026-08-20 19:07:44 +0000: Memory Usage (133032K) : gatpoly_noqrc has 0 polygons
2026-08-20 19:07:44 +0000: Memory Usage (133032K) : cont_drw has 13150 polygons
2026-08-20 19:07:44 +0000: Memory Usage (133032K) : cont_OPC has 0 polygons
2026-08-20 19:07:44 +0000: Memory Usage (133032K) : nsd_drw has 0 polygons
2026-08-20 19:07:44 +0000: Memory Usage (133032K) : nsd_block has 4 polygons
2026-08-20 19:07:44 +0000: Memory Usage (133032K) : metal1_drw has 1515 polygons
2026-08-20 19:07:44 +0000: Memory Usage (133032K) : metal1_filler has 0 polygons
2026-08-20 19:07:44 +0000: Memory Usage (133032K) : metal1_slit has 0 polygons
2026-08-20 19:07:44 +0000: Memory Usage (133160K) : metal1 has 1515 polygons
2026-08-20 19:07:45 +0000: Memory Usage (133160K) : metal1_pin has 746 polygons
2026-08-20 19:07:45 +0000: Memory Usage (133160K) : metal1_mask has 0 polygons
2026-08-20 19:07:45 +0000: Memory Usage (133160K) : metal1_nofill has 0 polygons
2026-08-20 19:07:45 +0000: Memory Usage (133544K) : metal1_text has 3 polygons
2026-08-20 19:07:45 +0000: Memory Usage (133544K) : metal1_OPC has 0 polygons
2026-08-20 19:07:45 +0000: Memory Usage (133672K) : metal1_noqrc has 0 polygons
2026-08-20 19:07:45 +0000: Memory Usage (133672K) : metal1_res has 0 polygons
2026-08-20 19:07:45 +0000: Memory Usage (133672K) : metal1_iprobe has 0 polygons
2026-08-20 19:07:45 +0000: Memory Usage (133800K) : metal1_diffprb has 0 polygons
2026-08-20 19:07:45 +0000: Memory Usage (133800K) : passiv_drw has 2 polygons
2026-08-20 19:07:45 +0000: Memory Usage (133800K) : passiv_pin has 0 polygons
2026-08-20 19:07:45 +0000: Memory Usage (133928K) : passiv_sbump has 0 polygons
2026-08-20 19:07:45 +0000: Memory Usage (133928K) : passiv_pillar has 0 polygons
2026-08-20 19:07:45 +0000: Memory Usage (133928K) : passiv_pdl has 0 polygons
2026-08-20 19:07:45 +0000: Memory Usage (134056K) : metal2_drw has 521 polygons
2026-08-20 19:07:45 +0000: Memory Usage (134056K) : metal2_filler has 0 polygons
2026-08-20 19:07:45 +0000: Memory Usage (134056K) : metal2_slit has 0 polygons
2026-08-20 19:07:45 +0000: Memory Usage (134184K) : metal2 has 521 polygons
2026-08-20 19:07:45 +0000: Memory Usage (134184K) : metal2_pin has 10 polygons
2026-08-20 19:07:45 +0000: Memory Usage (134312K) : metal2_mask has 0 polygons
2026-08-20 19:07:45 +0000: Memory Usage (134312K) : metal2_nofill has 0 polygons
2026-08-20 19:07:45 +0000: Memory Usage (134312K) : metal2_text has 3 polygons
2026-08-20 19:07:45 +0000: Memory Usage (134440K) : metal2_OPC has 0 polygons
2026-08-20 19:07:45 +0000: Memory Usage (134440K) : metal2_noqrc has 0 polygons
2026-08-20 19:07:45 +0000: Memory Usage (134440K) : metal2_res has 0 polygons
2026-08-20 19:07:45 +0000: Memory Usage (134568K) : metal2_iprobe has 0 polygons
2026-08-20 19:07:45 +0000: Memory Usage (134568K) : metal2_diffprb has 0 polygons
2026-08-20 19:07:45 +0000: Memory Usage (134568K) : baspoly_drw has 0 polygons
2026-08-20 19:07:45 +0000: Memory Usage (134568K) : baspoly_pin has 0 polygons
2026-08-20 19:07:45 +0000: Memory Usage (134568K) : psd_drw has 514 polygons
2026-08-20 19:07:45 +0000: Memory Usage (134696K) : nldb_drw has 0 polygons
2026-08-20 19:07:45 +0000: Memory Usage (134696K) : digibnd_drw has 0 polygons
2026-08-20 19:07:45 +0000: Memory Usage (134696K) : via1_drw has 6612 polygons
2026-08-20 19:07:45 +0000: Memory Usage (134824K) : backmetal1_drw has 0 polygons
2026-08-20 19:07:45 +0000: Memory Usage (134824K) : backmetal1_pin has 0 polygons
2026-08-20 19:07:45 +0000: Memory Usage (134824K) : backmetal1_mask has 0 polygons
2026-08-20 19:07:45 +0000: Memory Usage (134824K) : backmetal1_filler has 0 polygons
2026-08-20 19:07:45 +0000: Memory Usage (134952K) : backmetal1_nofill has 0 polygons
2026-08-20 19:07:45 +0000: Memory Usage (134952K) : backmetal1_slit has 0 polygons
2026-08-20 19:07:45 +0000: Memory Usage (134952K) : backmetal1_text has 0 polygons
2026-08-20 19:07:45 +0000: Memory Usage (134952K) : backmetal1_OPC has 0 polygons
2026-08-20 19:07:45 +0000: Memory Usage (135080K) : backmetal1_noqrc has 0 polygons
2026-08-20 19:07:45 +0000: Memory Usage (135080K) : backmetal1_res has 0 polygons
2026-08-20 19:07:45 +0000: Memory Usage (135080K) : backmetal1_iprobe has 0 polygons
2026-08-20 19:07:45 +0000: Memory Usage (135080K) : backmetal1_diffprb has 0 polygons
2026-08-20 19:07:45 +0000: Memory Usage (135208K) : backpassiv_drw has 0 polygons
2026-08-20 19:07:45 +0000: Memory Usage (135208K) : res_drw has 0 polygons
2026-08-20 19:07:45 +0000: Memory Usage (135208K) : sram_drw has 0 polygons
2026-08-20 19:07:45 +0000: Memory Usage (135208K) : trans_drw has 2 polygons
2026-08-20 19:07:45 +0000: Memory Usage (135336K) : ind_drw has 0 polygons
2026-08-20 19:07:45 +0000: Memory Usage (135336K) : ind_pin has 0 polygons
2026-08-20 19:07:45 +0000: Memory Usage (135336K) : ind_text has 0 polygons
2026-08-20 19:07:45 +0000: Memory Usage (135336K) : salblock_drw has 0 polygons
2026-08-20 19:07:45 +0000: Memory Usage (135464K) : via2_drw has 23 polygons
2026-08-20 19:07:45 +0000: Memory Usage (135464K) : metal3_drw has 13 polygons
2026-08-20 19:07:45 +0000: Memory Usage (135464K) : metal3_filler has 0 polygons
2026-08-20 19:07:45 +0000: Memory Usage (135464K) : metal3_slit has 0 polygons
2026-08-20 19:07:45 +0000: Memory Usage (135592K) : metal3 has 13 polygons
2026-08-20 19:07:45 +0000: Memory Usage (135592K) : metal3_pin has 0 polygons
2026-08-20 19:07:45 +0000: Memory Usage (135592K) : metal3_mask has 0 polygons
2026-08-20 19:07:45 +0000: Memory Usage (135720K) : metal3_nofill has 0 polygons
2026-08-20 19:07:45 +0000: Memory Usage (135720K) : metal3_text has 0 polygons
2026-08-20 19:07:45 +0000: Memory Usage (135720K) : metal3_OPC has 0 polygons
2026-08-20 19:07:45 +0000: Memory Usage (135720K) : metal3_noqrc has 0 polygons
2026-08-20 19:07:45 +0000: Memory Usage (135848K) : metal3_res has 0 polygons
2026-08-20 19:07:45 +0000: Memory Usage (135848K) : metal3_iprobe has 0 polygons
2026-08-20 19:07:45 +0000: Memory Usage (135848K) : metal3_diffprb has 0 polygons
2026-08-20 19:07:45 +0000: Memory Usage (135848K) : nwell_drw has 10 polygons
2026-08-20 19:07:45 +0000: Memory Usage (135848K) : nwell_pin has 0 polygons
2026-08-20 19:07:45 +0000: Memory Usage (135848K) : nwell_text has 0 polygons
2026-08-20 19:07:45 +0000: Memory Usage (135848K) : nbulay_drw has 0 polygons
2026-08-20 19:07:45 +0000: Memory Usage (135848K) : nbulay_pin has 0 polygons
2026-08-20 19:07:45 +0000: Memory Usage (135848K) : nbulay_block has 0 polygons
2026-08-20 19:07:45 +0000: Memory Usage (135848K) : emwind_drw has 4 polygons
2026-08-20 19:07:45 +0000: Memory Usage (135848K) : emwind_OPC has 0 polygons
2026-08-20 19:07:45 +0000: Memory Usage (135848K) : deepco_drw has 0 polygons
2026-08-20 19:07:45 +0000: Memory Usage (135848K) : mim_drw has 0 polygons
2026-08-20 19:07:45 +0000: Memory Usage (135848K) : edgeseal_drw has 0 polygons
2026-08-20 19:07:45 +0000: Memory Usage (135848K) : substrate_drw has 500 polygons
2026-08-20 19:07:45 +0000: Memory Usage (135848K) : substrate_text has 0 polygons
2026-08-20 19:07:45 +0000: Memory Usage (135976K) : dfpad_drw has 2 polygons
2026-08-20 19:07:45 +0000: Memory Usage (135976K) : dfpad_pillar has 0 polygons
2026-08-20 19:07:45 +0000: Memory Usage (135976K) : dfpad_sbump has 0 polygons
2026-08-20 19:07:45 +0000: Memory Usage (135976K) : thickgateox_drw has 0 polygons
2026-08-20 19:07:45 +0000: Memory Usage (135976K) : pldb_drw has 0 polygons
2026-08-20 19:07:45 +0000: Memory Usage (135976K) : pwell_drw has 0 polygons
2026-08-20 19:07:45 +0000: Memory Usage (136104K) : pwell_pin has 0 polygons
2026-08-20 19:07:45 +0000: Memory Usage (136104K) : pwell_block has 0 polygons
2026-08-20 19:07:45 +0000: Memory Usage (136104K) : ic_drw has 0 polygons
2026-08-20 19:07:45 +0000: Memory Usage (136104K) : via3_drw has 999 polygons
2026-08-20 19:07:45 +0000: Memory Usage (136104K) : metal4_drw has 17 polygons
2026-08-20 19:07:45 +0000: Memory Usage (136232K) : metal4_filler has 0 polygons
2026-08-20 19:07:45 +0000: Memory Usage (136232K) : metal4_slit has 0 polygons
2026-08-20 19:07:45 +0000: Memory Usage (136232K) : metal4 has 17 polygons
2026-08-20 19:07:45 +0000: Memory Usage (136232K) : metal4_pin has 0 polygons
2026-08-20 19:07:45 +0000: Memory Usage (136232K) : metal4_mask has 0 polygons
2026-08-20 19:07:45 +0000: Memory Usage (136360K) : metal4_nofill has 0 polygons
2026-08-20 19:07:45 +0000: Memory Usage (136360K) : metal4_text has 3 polygons
2026-08-20 19:07:45 +0000: Memory Usage (136360K) : metal4_OPC has 0 polygons
2026-08-20 19:07:45 +0000: Memory Usage (136360K) : metal4_noqrc has 0 polygons
2026-08-20 19:07:45 +0000: Memory Usage (136360K) : metal4_res has 0 polygons
2026-08-20 19:07:45 +0000: Memory Usage (136360K) : metal4_iprobe has 0 polygons
2026-08-20 19:07:45 +0000: Memory Usage (136360K) : metal4_diffprb has 0 polygons
2026-08-20 19:07:45 +0000: Memory Usage (136488K) : heattrans_drw has 123 polygons
2026-08-20 19:07:45 +0000: Memory Usage (136488K) : heatres_drw has 0 polygons
2026-08-20 19:07:45 +0000: Memory Usage (136488K) : fbe_drw has 0 polygons
2026-08-20 19:07:45 +0000: Memory Usage (136488K) : empoly_drw has 0 polygons
2026-08-20 19:07:45 +0000: Memory Usage (136488K) : digisub_drw has 0 polygons
2026-08-20 19:07:45 +0000: Memory Usage (136488K) : text_drw has 645 polygons
2026-08-20 19:07:45 +0000: Memory Usage (136616K) : via4_drw has 993 polygons
2026-08-20 19:07:45 +0000: Memory Usage (136616K) : metal5_drw has 16 polygons
2026-08-20 19:07:45 +0000: Memory Usage (136616K) : metal5_filler has 0 polygons
2026-08-20 19:07:45 +0000: Memory Usage (136616K) : metal5_slit has 0 polygons
2026-08-20 19:07:45 +0000: Memory Usage (136616K) : metal5 has 16 polygons
2026-08-20 19:07:45 +0000: Memory Usage (136616K) : metal5_pin has 0 polygons
2026-08-20 19:07:45 +0000: Memory Usage (136744K) : metal5_mask has 0 polygons
2026-08-20 19:07:45 +0000: Memory Usage (136744K) : metal5_nofill has 0 polygons
2026-08-20 19:07:45 +0000: Memory Usage (136744K) : metal5_text has 0 polygons
2026-08-20 19:07:45 +0000: Memory Usage (136744K) : metal5_OPC has 0 polygons
2026-08-20 19:07:45 +0000: Memory Usage (136744K) : metal5_noqrc has 0 polygons
2026-08-20 19:07:45 +0000: Memory Usage (136744K) : metal5_res has 0 polygons
2026-08-20 19:07:45 +0000: Memory Usage (136872K) : metal5_iprobe has 0 polygons
2026-08-20 19:07:45 +0000: Memory Usage (136872K) : metal5_diffprb has 0 polygons
2026-08-20 19:07:45 +0000: Memory Usage (136872K) : radhard_drw has 0 polygons
2026-08-20 19:07:45 +0000: Memory Usage (136872K) : memcap_drw has 0 polygons
2026-08-20 19:07:45 +0000: Memory Usage (136872K) : varicap_drw has 0 polygons
2026-08-20 19:07:45 +0000: Memory Usage (136872K) : intbondvia_drw has 0 polygons
2026-08-20 19:07:45 +0000: Memory Usage (137000K) : intbondmet_drw has 0 polygons
2026-08-20 19:07:45 +0000: Memory Usage (137000K) : devbondvia_drw has 0 polygons
2026-08-20 19:07:45 +0000: Memory Usage (137000K) : devbondmet_drw has 0 polygons
2026-08-20 19:07:45 +0000: Memory Usage (137000K) : devtrench_drw has 0 polygons
2026-08-20 19:07:45 +0000: Memory Usage (137000K) : redist_drw has 0 polygons
2026-08-20 19:07:45 +0000: Memory Usage (137000K) : graphbot_drw has 0 polygons
2026-08-20 19:07:45 +0000: Memory Usage (137128K) : graphtop_drw has 0 polygons
2026-08-20 19:07:45 +0000: Memory Usage (137128K) : antvia1_drw has 0 polygons
2026-08-20 19:07:45 +0000: Memory Usage (137128K) : antmetal2_drw has 0 polygons
2026-08-20 19:07:45 +0000: Memory Usage (137128K) : graphcont_drw has 0 polygons
2026-08-20 19:07:45 +0000: Memory Usage (137128K) : siwg_drw has 0 polygons
2026-08-20 19:07:45 +0000: Memory Usage (137128K) : siwg_filler has 0 polygons
2026-08-20 19:07:45 +0000: Memory Usage (137256K) : siwg_nofill has 0 polygons
2026-08-20 19:07:45 +0000: Memory Usage (137256K) : sigrating_drw has 0 polygons
2026-08-20 19:07:45 +0000: Memory Usage (137256K) : singrating_drw has 0 polygons
2026-08-20 19:07:45 +0000: Memory Usage (137256K) : graphpas_drw has 0 polygons
2026-08-20 19:07:45 +0000: Memory Usage (137384K) : emwind3_drw has 0 polygons
2026-08-20 19:07:45 +0000: Memory Usage (137384K) : emwihv3_drw has 0 polygons
2026-08-20 19:07:45 +0000: Memory Usage (137384K) : redbulay_drw has 0 polygons
2026-08-20 19:07:45 +0000: Memory Usage (137384K) : smos_drw has 0 polygons
2026-08-20 19:07:45 +0000: Memory Usage (137384K) : graphpad_drw has 0 polygons
2026-08-20 19:07:45 +0000: Memory Usage (137384K) : polimide_drw has 0 polygons
2026-08-20 19:07:45 +0000: Memory Usage (137512K) : polimide_pin has 0 polygons
2026-08-20 19:07:45 +0000: Memory Usage (137512K) : recog_drw has 0 polygons
2026-08-20 19:07:45 +0000: Memory Usage (137512K) : recog_pin has 0 polygons
2026-08-20 19:07:45 +0000: Memory Usage (137512K) : recog_esd has 4 polygons
2026-08-20 19:07:45 +0000: Memory Usage (137512K) : recog_diode has 0 polygons
2026-08-20 19:07:45 +0000: Memory Usage (137512K) : recog_tsv has 0 polygons
2026-08-20 19:07:45 +0000: Memory Usage (137640K) : recog_iprobe has 0 polygons
2026-08-20 19:07:45 +0000: Memory Usage (137640K) : recog_diffprb has 0 polygons
2026-08-20 19:07:45 +0000: Memory Usage (137640K) : recog_pillar has 0 polygons
2026-08-20 19:07:45 +0000: Memory Usage (137640K) : recog_sbump has 0 polygons
2026-08-20 19:07:45 +0000: Memory Usage (137640K) : recog_otp has 0 polygons
2026-08-20 19:07:45 +0000: Memory Usage (137640K) : recog_pdiode has 0 polygons
2026-08-20 19:07:45 +0000: Memory Usage (137768K) : recog_mom has 0 polygons
2026-08-20 19:07:45 +0000: Memory Usage (137768K) : recog_momf has 0 polygons
2026-08-20 19:07:45 +0000: Memory Usage (137768K) : recog_pcm has 0 polygons
2026-08-20 19:07:45 +0000: Memory Usage (137768K) : colopen_drw has 0 polygons
2026-08-20 19:07:45 +0000: Memory Usage (137768K) : graphmetal1_drw has 0 polygons
2026-08-20 19:07:45 +0000: Memory Usage (137896K) : graphmetal1_filler has 0 polygons
2026-08-20 19:07:45 +0000: Memory Usage (137896K) : graphmetal1_nofill has 0 polygons
2026-08-20 19:07:45 +0000: Memory Usage (137896K) : graphmetal1_slit has 0 polygons
2026-08-20 19:07:45 +0000: Memory Usage (137896K) : graphmetal1_OPC has 0 polygons
2026-08-20 19:07:45 +0000: Memory Usage (137896K) : graphmet1l_drw has 0 polygons
2026-08-20 19:07:45 +0000: Memory Usage (137896K) : graphmet1l_filler has 0 polygons
2026-08-20 19:07:45 +0000: Memory Usage (138024K) : graphmet1l_nofill has 0 polygons
2026-08-20 19:07:45 +0000: Memory Usage (138024K) : graphmet1l_slit has 0 polygons
2026-08-20 19:07:45 +0000: Memory Usage (138024K) : graphmet1l_OPC has 0 polygons
2026-08-20 19:07:45 +0000: Memory Usage (138024K) : extblock_drw has 0 polygons
2026-08-20 19:07:45 +0000: Memory Usage (138024K) : nldd_drw has 0 polygons
2026-08-20 19:07:45 +0000: Memory Usage (138024K) : pldd_drw has 0 polygons
2026-08-20 19:07:45 +0000: Memory Usage (138152K) : next_drw has 0 polygons
2026-08-20 19:07:45 +0000: Memory Usage (138152K) : pext_drw has 0 polygons
2026-08-20 19:07:45 +0000: Memory Usage (138152K) : nexthv_drw has 0 polygons
2026-08-20 19:07:45 +0000: Memory Usage (138152K) : pexthv_drw has 0 polygons
2026-08-20 19:07:45 +0000: Memory Usage (138280K) : graphgate_drw has 0 polygons
2026-08-20 19:07:45 +0000: Memory Usage (138280K) : sinwg_drw has 0 polygons
2026-08-20 19:07:45 +0000: Memory Usage (138280K) : sinwg_filler has 0 polygons
2026-08-20 19:07:45 +0000: Memory Usage (138280K) : sinwg_nofill has 0 polygons
2026-08-20 19:07:45 +0000: Memory Usage (138280K) : mempad_drw has 0 polygons
2026-08-20 19:07:45 +0000: Memory Usage (138408K) : topvia1_drw has 475 polygons
2026-08-20 19:07:45 +0000: Memory Usage (138408K) : topmetal1_drw has 46 polygons
2026-08-20 19:07:45 +0000: Memory Usage (138408K) : topmetal1_filler has 0 polygons
2026-08-20 19:07:45 +0000: Memory Usage (138408K) : topmetal1_slit has 0 polygons
2026-08-20 19:07:45 +0000: Memory Usage (138408K) : topmetal1 has 46 polygons
2026-08-20 19:07:45 +0000: Memory Usage (138536K) : topmetal1_pin has 0 polygons
2026-08-20 19:07:45 +0000: Memory Usage (138536K) : topmetal1_mask has 0 polygons
2026-08-20 19:07:45 +0000: Memory Usage (138536K) : topmetal1_nofill has 0 polygons
2026-08-20 19:07:45 +0000: Memory Usage (138536K) : topmetal1_text has 0 polygons
2026-08-20 19:07:45 +0000: Memory Usage (138536K) : topmetal1_noqrc has 0 polygons
2026-08-20 19:07:45 +0000: Memory Usage (138536K) : topmetal1_res has 0 polygons
2026-08-20 19:07:45 +0000: Memory Usage (138664K) : topmetal1_iprobe has 0 polygons
2026-08-20 19:07:45 +0000: Memory Usage (138664K) : topmetal1_diffprb has 0 polygons
2026-08-20 19:07:45 +0000: Memory Usage (138664K) : inldpwl_drw has 0 polygons
2026-08-20 19:07:45 +0000: Memory Usage (138664K) : polyres_drw has 0 polygons
2026-08-20 19:07:45 +0000: Memory Usage (138664K) : polyres_pin has 0 polygons
2026-08-20 19:07:45 +0000: Memory Usage (138664K) : vmim_drw has 0 polygons
2026-08-20 19:07:45 +0000: Memory Usage (138792K) : nbulaycut_drw has 0 polygons
2026-08-20 19:07:45 +0000: Memory Usage (138792K) : antmetal1_drw has 0 polygons
2026-08-20 19:07:45 +0000: Memory Usage (138792K) : topvia2_drw has 227 polygons
2026-08-20 19:07:45 +0000: Memory Usage (138792K) : topmetal2_drw has 43 polygons
2026-08-20 19:07:45 +0000: Memory Usage (138920K) : topmetal2_filler has 0 polygons
2026-08-20 19:07:45 +0000: Memory Usage (138920K) : topmetal2_slit has 0 polygons
2026-08-20 19:07:45 +0000: Memory Usage (138920K) : topmetal2 has 43 polygons
2026-08-20 19:07:45 +0000: Memory Usage (138920K) : topmetal2_pin has 0 polygons
2026-08-20 19:07:45 +0000: Memory Usage (139048K) : topmetal2_mask has 0 polygons
2026-08-20 19:07:45 +0000: Memory Usage (139048K) : topmetal2_nofill has 0 polygons
2026-08-20 19:07:45 +0000: Memory Usage (139048K) : topmetal2_text has 6 polygons
2026-08-20 19:07:45 +0000: Memory Usage (139048K) : topmetal2_noqrc has 0 polygons
2026-08-20 19:07:45 +0000: Memory Usage (139176K) : topmetal2_res has 0 polygons
2026-08-20 19:07:45 +0000: Memory Usage (139176K) : topmetal2_iprobe has 0 polygons
2026-08-20 19:07:45 +0000: Memory Usage (139304K) : topmetal2_diffprb has 0 polygons
2026-08-20 19:07:45 +0000: Memory Usage (139304K) : snsring_drw has 0 polygons
2026-08-20 19:07:45 +0000: Memory Usage (139304K) : sensor_drw has 0 polygons
2026-08-20 19:07:45 +0000: Memory Usage (139304K) : snsarms_drw has 0 polygons
2026-08-20 19:07:45 +0000: Memory Usage (139432K) : snscmosvia_drw has 0 polygons
2026-08-20 19:07:45 +0000: Memory Usage (139432K) : colwind_drw has 0 polygons
2026-08-20 19:07:45 +0000: Memory Usage (139432K) : flm_drw has 0 polygons
2026-08-20 19:07:45 +0000: Memory Usage (139560K) : hafniumox_drw has 0 polygons
2026-08-20 19:07:45 +0000: Memory Usage (139560K) : memvia_drw has 0 polygons
2026-08-20 19:07:45 +0000: Memory Usage (139560K) : thinfilmres_drw has 0 polygons
2026-08-20 19:07:45 +0000: Memory Usage (139560K) : rfmem_drw has 0 polygons
2026-08-20 19:07:45 +0000: Memory Usage (139688K) : norcx_drw has 0 polygons
2026-08-20 19:07:45 +0000: Memory Usage (139688K) : norcx_m2m3 has 0 polygons
2026-08-20 19:07:45 +0000: Memory Usage (139688K) : norcx_m2m4 has 0 polygons
2026-08-20 19:07:45 +0000: Memory Usage (139688K) : norcx_m2m5 has 0 polygons
2026-08-20 19:07:45 +0000: Memory Usage (139816K) : norcx_m2tm1 has 0 polygons
2026-08-20 19:07:45 +0000: Memory Usage (139816K) : norcx_m2tm2 has 0 polygons
2026-08-20 19:07:45 +0000: Memory Usage (139944K) : norcx_m3m4 has 0 polygons
2026-08-20 19:07:45 +0000: Memory Usage (139944K) : norcx_m3m5 has 0 polygons
2026-08-20 19:07:45 +0000: Memory Usage (139944K) : norcx_m3tm1 has 0 polygons
2026-08-20 19:07:45 +0000: Memory Usage (139944K) : norcx_m3tm2 has 0 polygons
2026-08-20 19:07:45 +0000: Memory Usage (139944K) : norcx_m4m5 has 0 polygons
2026-08-20 19:07:45 +0000: Memory Usage (139944K) : norcx_m4tm1 has 0 polygons
2026-08-20 19:07:45 +0000: Memory Usage (139944K) : norcx_m4tm2 has 0 polygons
2026-08-20 19:07:45 +0000: Memory Usage (139944K) : norcx_m5tm1 has 0 polygons
2026-08-20 19:07:45 +0000: Memory Usage (139944K) : norcx_m5tm2 has 0 polygons
2026-08-20 19:07:45 +0000: Memory Usage (139944K) : norcx_tm1tm2 has 0 polygons
2026-08-20 19:07:45 +0000: Memory Usage (139944K) : norcx_m1sub has 0 polygons
2026-08-20 19:07:45 +0000: Memory Usage (139944K) : norcx_m2sub has 0 polygons
2026-08-20 19:07:45 +0000: Memory Usage (139944K) : norcx_m3sub has 0 polygons
2026-08-20 19:07:45 +0000: Memory Usage (139944K) : norcx_m4sub has 0 polygons
2026-08-20 19:07:45 +0000: Memory Usage (139944K) : norcx_m5sub has 0 polygons
2026-08-20 19:07:45 +0000: Memory Usage (139944K) : norcx_tm1sub has 0 polygons
2026-08-20 19:07:45 +0000: Memory Usage (139944K) : norcx_tm2sub has 0 polygons
2026-08-20 19:07:45 +0000: Memory Usage (139944K) : snsbotvia_drw has 0 polygons
2026-08-20 19:07:45 +0000: Memory Usage (139944K) : snstopvia_drw has 0 polygons
2026-08-20 19:07:45 +0000: Memory Usage (139944K) : deepvia_drw has 0 polygons
2026-08-20 19:07:45 +0000: Memory Usage (139944K) : fgetch_drw has 0 polygons
2026-08-20 19:07:45 +0000: Memory Usage (139944K) : ctrgat_drw has 0 polygons
2026-08-20 19:07:45 +0000: Memory Usage (139944K) : fgimp_drw has 0 polygons
2026-08-20 19:07:45 +0000: Memory Usage (139944K) : emwihv_drw has 0 polygons
2026-08-20 19:07:45 +0000: Memory Usage (139944K) : lbe_drw has 0 polygons
2026-08-20 19:07:45 +0000: Memory Usage (139944K) : alcustop_drw has 0 polygons
2026-08-20 19:07:45 +0000: Memory Usage (139944K) : nometfiller_drw has 0 polygons
2026-08-20 19:07:45 +0000: Memory Usage (139944K) : prboundary_drw has 0 polygons
2026-08-20 19:07:45 +0000: Memory Usage (139944K) : exchange0_drw has 0 polygons
2026-08-20 19:07:45 +0000: Memory Usage (139944K) : exchange0_pin has 0 polygons
2026-08-20 19:07:45 +0000: Memory Usage (139944K) : exchange0_text has 0 polygons
2026-08-20 19:07:45 +0000: Memory Usage (139944K) : exchange1_drw has 0 polygons
2026-08-20 19:07:45 +0000: Memory Usage (139944K) : exchange1_pin has 0 polygons
2026-08-20 19:07:45 +0000: Memory Usage (139944K) : exchange1_text has 0 polygons
2026-08-20 19:07:45 +0000: Memory Usage (139944K) : exchange2_drw has 0 polygons
2026-08-20 19:07:45 +0000: Memory Usage (139944K) : exchange2_pin has 0 polygons
2026-08-20 19:07:45 +0000: Memory Usage (139944K) : exchange2_text has 0 polygons
2026-08-20 19:07:45 +0000: Memory Usage (139944K) : exchange3_drw has 0 polygons
2026-08-20 19:07:45 +0000: Memory Usage (139944K) : exchange3_pin has 0 polygons
2026-08-20 19:07:45 +0000: Memory Usage (139944K) : exchange3_text has 0 polygons
2026-08-20 19:07:45 +0000: Memory Usage (139944K) : exchange4_drw has 0 polygons
2026-08-20 19:07:45 +0000: Memory Usage (139944K) : exchange4_pin has 0 polygons
2026-08-20 19:07:45 +0000: Memory Usage (139944K) : exchange4_text has 0 polygons
2026-08-20 19:07:45 +0000: Memory Usage (139944K) : isonwell_drw has 0 polygons
2026-08-20 19:07:45 +0000: Memory Usage (139944K) : Total no. of polygons in the design is 28370
2026-08-20 19:07:45 +0000: Memory Usage (139944K) : Starting base layers derivations
2026-08-20 19:07:45 +0000: Memory Usage (139944K) : Starting general LVS derivations
2026-08-20 19:07:45 +0000: Memory Usage (144196K) : Starting MOSFET DERIVATIONS
2026-08-20 19:07:45 +0000: Memory Usage (144708K) : Starting NMOS DERIVATIONS
2026-08-20 19:07:45 +0000: Memory Usage (144708K) : Starting PMOS DERIVATIONS
2026-08-20 19:07:45 +0000: Memory Usage (144708K) : Starting RF-MOSFET DERIVATIONS
2026-08-20 19:07:45 +0000: Memory Usage (144708K) : Starting RF-NMOS DERIVATIONS
2026-08-20 19:07:45 +0000: Memory Usage (144708K) : Starting RF-PMOS DERIVATIONS
2026-08-20 19:07:45 +0000: Memory Usage (144708K) : Starting BJT DERIVATIONS
2026-08-20 19:07:45 +0000: Memory Usage (144708K) : Starting NPN-BJT DERIVATIONS
2026-08-20 19:07:45 +0000: Memory Usage (144708K) : Starting PNP-BJT DERIVATIONS
2026-08-20 19:07:45 +0000: Memory Usage (144708K) : Starting DIODE DERIVATIONS
2026-08-20 19:07:45 +0000: Memory Usage (144708K) : Starting RESISTOR DERIVATIONS
2026-08-20 19:07:45 +0000: Memory Usage (144708K) : Starting CAP DERIVATIONS
2026-08-20 19:07:45 +0000: Memory Usage (144708K) : Starting CAP_CMOM DERIVATIONS
2026-08-20 19:07:45 +0000: Memory Usage (144708K) : Starting CAP_CMOMF DERIVATIONS
2026-08-20 19:07:45 +0000: Memory Usage (144708K) : Starting ESD DERIVATIONS
2026-08-20 19:07:46 +0000: Memory Usage (144964K) : Starting Inductor DERIVATIONS
2026-08-20 19:07:46 +0000: Memory Usage (144964K) : Starting Taps DERIVATIONS
2026-08-20 19:07:46 +0000: Memory Usage (144964K) : Starting SG13G2 LVS connectivity setup
2026-08-20 19:07:46 +0000: Memory Usage (144964K) : Starting SG13G2 LVS connectivity setup (Inter-layer)
2026-08-20 19:07:46 +0000: Memory Usage (145092K) : Starting SG13G2 LVS connectivity setup (Global)
2026-08-20 19:07:46 +0000: Memory Usage (145092K) : Starting LVS MOSFET CONNECTIONS
2026-08-20 19:07:46 +0000: Memory Usage (145092K) : Starting LVS RF-MOSFET CONNECTIONS
2026-08-20 19:07:46 +0000: Memory Usage (145092K) : Starting LVS BJT CONNECTIONS
2026-08-20 19:07:46 +0000: Memory Usage (145092K) : Starting LVS DIODE CONNECTIONS
2026-08-20 19:07:46 +0000: Memory Usage (145092K) : Starting RESISTOR CONNECTIONS
2026-08-20 19:07:46 +0000: Memory Usage (145092K) : Starting LVS CAP CONNECTIONS
2026-08-20 19:07:46 +0000: Memory Usage (145092K) : Starting CAP_CMOM CONNECTIONS
2026-08-20 19:07:46 +0000: Memory Usage (145092K) : Starting CAP_CMOMF CONNECTIONS
2026-08-20 19:07:46 +0000: Memory Usage (145092K) : Starting ESD CONNECTIONS
2026-08-20 19:07:46 +0000: Memory Usage (145092K) : Starting Inductor CONNECTIONS
2026-08-20 19:07:46 +0000: Memory Usage (145092K) : Starting LVS Taps CONNECTIONS
2026-08-20 19:07:46 +0000: Memory Usage (145092K) : Starting SG13G2 LVS DEVICES EXTRACTION
2026-08-20 19:07:46 +0000: Memory Usage (145092K) : Starting MOSFET EXTRACTION
2026-08-20 19:07:46 +0000: Memory Usage (145092K) : Starting NMOS EXTRACTION
2026-08-20 19:07:46 +0000: Memory Usage (145092K) : Extraction of NMOS-LV transistor
2026-08-20 19:07:46 +0000: Memory Usage (145348K) : Extraction of NMOS-HV transistor
2026-08-20 19:07:46 +0000: Memory Usage (145348K) : Starting PMOS EXTRACTION
2026-08-20 19:07:46 +0000: Memory Usage (145348K) : Extraction of PMOS-LV transistor
2026-08-20 19:07:46 +0000: Memory Usage (145348K) : Extraction of PMOS-HV transistor
2026-08-20 19:07:46 +0000: Memory Usage (145348K) : Starting RF-MOSFET EXTRACTION
2026-08-20 19:07:46 +0000: Memory Usage (145348K) : Extraction of RF-NMOS-LV transistor
2026-08-20 19:07:46 +0000: Memory Usage (145348K) : Extraction of RF-NMOS-HV transistor
2026-08-20 19:07:46 +0000: Memory Usage (145348K) : Extraction of RF-PMOS-LV transistor
2026-08-20 19:07:46 +0000: Memory Usage (145348K) : Extraction of RF-PMOS-HV transistor
2026-08-20 19:07:46 +0000: Memory Usage (145348K) : Starting BJT EXTRACTION
2026-08-20 19:07:46 +0000: Memory Usage (145348K) : Starting NPN-BJT EXTRACTION
2026-08-20 19:07:46 +0000: Memory Usage (145348K) : Extraction of npn13G2 BJT transistor
2026-08-20 19:07:46 +0000: Memory Usage (145348K) : Extraction of npn13G2L BJT transistor
2026-08-20 19:07:46 +0000: Memory Usage (145348K) : Extraction of npn13G2V BJT transistor
2026-08-20 19:07:46 +0000: Memory Usage (145348K) : Starting PNP-BJT EXTRACTION
2026-08-20 19:07:46 +0000: Memory Usage (145348K) : Extracting pnpMPA BJT
2026-08-20 19:07:46 +0000: Memory Usage (145348K) : Starting DIODE EXTRACTION
2026-08-20 19:07:46 +0000: Memory Usage (145348K) : Extracting dantenna diode
2026-08-20 19:07:46 +0000: Memory Usage (145348K) : Extracting dpantenna diode
2026-08-20 19:07:46 +0000: Memory Usage (145348K) : Extracting schottky_nbl1 diode
2026-08-20 19:07:46 +0000: Memory Usage (145348K) : Extracting isolbox diode
2026-08-20 19:07:46 +0000: Memory Usage (145348K) : Starting RESISTOR EXTRACTION
2026-08-20 19:07:46 +0000: Memory Usage (145348K) : Extracting rsil resistor
2026-08-20 19:07:46 +0000: Memory Usage (145348K) : Extracting rppd resistor
2026-08-20 19:07:46 +0000: Memory Usage (145348K) : Extracting rhigh resistor
2026-08-20 19:07:46 +0000: Memory Usage (145348K) : Extracting res_metal1 resistor
2026-08-20 19:07:46 +0000: Memory Usage (145500K) : Extracting res_metal2 resistor
2026-08-20 19:07:46 +0000: Memory Usage (145500K) : Extracting res_metal3 resistor
2026-08-20 19:07:46 +0000: Memory Usage (145500K) : Extracting res_metal4 resistor
2026-08-20 19:07:46 +0000: Memory Usage (145500K) : Extracting res_metal5 resistor
2026-08-20 19:07:46 +0000: Memory Usage (145500K) : Extracting res_topmetal1 resistor
2026-08-20 19:07:46 +0000: Memory Usage (145500K) : Extracting res_topmetal2 resistor
2026-08-20 19:07:46 +0000: Memory Usage (145500K) : Starting CAP EXTRACTION
2026-08-20 19:07:46 +0000: Memory Usage (145500K) : Extracting cap_cmim device
2026-08-20 19:07:46 +0000: Memory Usage (145500K) : Extracting rfcmim device
2026-08-20 19:07:46 +0000: Memory Usage (145500K) : Extracting sg13_hv_svaricap varactor
2026-08-20 19:07:46 +0000: Memory Usage (145500K) : Extracting cap_cmomi device
2026-08-20 19:07:46 +0000: Memory Usage (145500K) : Extracting cap_cmomf device
2026-08-20 19:07:46 +0000: Memory Usage (145500K) : Extracting sg13_moscap_n capacitor
2026-08-20 19:07:46 +0000: Memory Usage (145500K) : Extracting sg13_moscap_p capacitor
2026-08-20 19:07:46 +0000: Memory Usage (145500K) : Starting ESD EXTRACTION
2026-08-20 19:07:46 +0000: Memory Usage (145500K) : Extracting diodevdd_2kv ESD device
2026-08-20 19:07:46 +0000: Memory Usage (145500K) : Extracting diodevdd_4kv ESD device
2026-08-20 19:07:46 +0000: Memory Usage (145500K) : Extracting diodevss_2kv ESD device
2026-08-20 19:07:46 +0000: Memory Usage (145500K) : Extracting diodevss_4kv ESD device
2026-08-20 19:07:46 +0000: Memory Usage (145500K) : Extracting idiodevdd_2kv ESD device
2026-08-20 19:07:46 +0000: Memory Usage (145500K) : Extracting idiodevdd_4kv ESD device
2026-08-20 19:07:46 +0000: Memory Usage (145500K) : Extracting idiodevss_2kv ESD device
2026-08-20 19:07:46 +0000: Memory Usage (145500K) : Extracting idiodevss_4kv ESD device
2026-08-20 19:07:46 +0000: Memory Usage (145500K) : Extracting nmoscl_2 ESD device
2026-08-20 19:07:46 +0000: Memory Usage (145500K) : Extracting nmoscl_4 ESD device
2026-08-20 19:07:46 +0000: Memory Usage (145500K) : Starting Inductor EXTRACTION
2026-08-20 19:07:46 +0000: Memory Usage (145500K) : Extracting Inductor2 device
2026-08-20 19:07:46 +0000: Memory Usage (145500K) : Extracting Inductor3 device
2026-08-20 19:07:46 +0000: Memory Usage (145500K) : Starting Taps EXTRACTION
2026-08-20 19:07:46 +0000: Memory Usage (145500K) : DISABLE_TAP_EXTRACTION is enabled: skipping ntap1/ptap1 device extraction.
2026-08-20 19:07:46 +0000: Memory Usage (145500K) : Starting SG13G2 LVS RF MOS Model Mapping
2026-08-20 19:07:46 +0000: Memory Usage (145500K) : [layout_netlist] Apply RF MOS model mapping and rfmode parameter.
2026-08-20 19:07:46 +0000: Memory Usage (145500K) : Starting SG13G2 LVS Options Preparations
2026-08-20 19:07:46 +0000: Memory Usage (145500K) : SG13G2 LVS flow: extraction -> alignment -> option preparation -> comparison.
2026-08-20 19:07:46 +0000: Memory Usage (145500K) : Starting SG13G2 LVS Alignment
2026-08-20 19:07:46 +0000: Memory Usage (145500K) : Starting SG13G2 LVS Simplification
2026-08-20 19:07:46 +0000: Memory Usage (145500K) : [layout_netlist] simplify: ENABLED
2026-08-20 19:07:46 +0000: Memory Usage (145500K) : [layout_netlist] make_top_level_pins: SKIPPED
2026-08-20 19:07:46 +0000: Memory Usage (145500K) : [layout_netlist] combine_devices: SKIPPED
2026-08-20 19:07:46 +0000: Memory Usage (145500K) : [layout_netlist] purge: SKIPPED
2026-08-20 19:07:46 +0000: Memory Usage (145500K) : [layout_netlist] purge_nets: SKIPPED
2026-08-20 19:07:46 +0000: Memory Usage (145500K) : [schematic_netlist] simplify: ENABLED
2026-08-20 19:07:46 +0000: Memory Usage (145500K) : [schematic_netlist] make_top_level_pins: SKIPPED
2026-08-20 19:07:46 +0000: Memory Usage (145500K) : [schematic_netlist] combine_devices: SKIPPED
2026-08-20 19:07:46 +0000: Memory Usage (145500K) : [schematic_netlist] purge: SKIPPED
2026-08-20 19:07:46 +0000: Memory Usage (145500K) : [schematic_netlist] purge_nets: SKIPPED
2026-08-20 19:07:46 +0000: Memory Usage (145500K) : Starting SG13G2 LVS Comparison
2026-08-20 19:07:46 +0000: Memory Usage (145500K) : xxxxxxxxxxxxxxxxxxxxxxxxxxxxxxxxxxxxxxxxxx
2026-08-20 19:07:46 +0000: Memory Usage (145500K) : ERROR : Netlists don't match
2026-08-20 19:07:46 +0000: Memory Usage (145500K) : xxxxxxxxxxxxxxxxxxxxxxxxxxxxxxxxxxxxxxxxxx
2026-08-20 19:07:46 +0000: Memory Usage (145500K) : LVS Total Run time 1.283511 seconds

--- stderr ---
20-Aug-2026 19:07:44 | INFO    | Your Klayout version is: KLayout 0.30.5 (required >= 0.30.5)
20-Aug-2026 19:07:44 | INFO    | Running SG13G2 LVS checks on design /workspace/layout/blocks/out/driver_stage/bisect_run/_probe9_vdd_only/driver_dut.gds on cell driver_dut
20-Aug-2026 19:07:46 | INFO    | ==============================================================================
20-Aug-2026 19:07:46 | INFO    | Important Summary
20-Aug-2026 19:07:46 | INFO    | +------------------+---------------------------------------------------------------------------+
20-Aug-2026 19:07:46 | INFO    | | Status           | FAIL                                                                      |
20-Aug-2026 19:07:46 | INFO    | | Mode             | COMPARE                                                                   |
20-Aug-2026 19:07:46 | INFO    | | Outcome          | Comparison mode: FAIL (netlists do not match).                            |
20-Aug-2026 19:07:46 | INFO    | | Layout           | driver_dut.gds                                                            |
20-Aug-2026 19:07:46 | INFO    | | Top Cell         | driver_dut                                                                |
20-Aug-2026 19:07:46 | INFO    | | Results Dir      | /workspace/layout/blocks/out/driver_stage/bisect_run/_probe9_vdd_only/lvs |
20-Aug-2026 19:07:46 | INFO    | | Warnings         | 0                                                                         |
20-Aug-2026 19:07:46 | INFO    | | Errors           | 1                                                                         |
20-Aug-2026 19:07:46 | INFO    | | Run Time (s)     | 1.621                                                                     |
20-Aug-2026 19:07:46 | INFO    | +------------------+---------------------------------------------------------------------------+
20-Aug-2026 19:07:46 | ERROR   | Key errors:
20-Aug-2026 19:07:46 | ERROR   |   - 2026-08-20 19:07:46 +0000: Memory Usage (145500K) : ERROR : Netlists don't match
20-Aug-2026 19:07:46 | INFO    | ==============================================================================

