# Logfile created on 2026-08-20 19:10:00 +0000 by logger.rb/v1.5.3
2026-08-20 19:10:00 +0000: Memory Usage (129012K) : Starting running SG13G2 Klayout LVS runset on /workspace/layout/blocks/out/driver_stage/bisect_run/_probe12_both/driver_dut.gds
2026-08-20 19:10:00 +0000: Memory Usage (129012K) : Ruby Version for klayout: 3.2.3
2026-08-20 19:10:00 +0000: Memory Usage (130108K) : Loading database to memory is complete.
2026-08-20 19:10:00 +0000: Memory Usage (130108K) : SG13G2 Klayout LVS runset output at: /workspace/layout/blocks/out/driver_stage/bisect_run/_probe12_both/lvs/driver_dut.lvsdb
2026-08-20 19:10:00 +0000: Memory Usage (130108K) : Evaluate switches.
2026-08-20 19:10:00 +0000: Memory Usage (130108K) : Extracted netlist with net names: true
2026-08-20 19:10:00 +0000: Memory Usage (130108K) : Extracted netlist with comments in details: false
2026-08-20 19:10:00 +0000: Memory Usage (130108K) : Selected NET_ONLY option: false
2026-08-20 19:10:00 +0000: Memory Usage (130108K) : Selected LAYOUT_NETLIST option: (none)
2026-08-20 19:10:00 +0000: Memory Usage (130108K) : Selected IGNORE_TOP_PORTS_MISMATCH option: true
2026-08-20 19:10:00 +0000: Memory Usage (130108K) : Selected IMPLICIT_NETS option: sub,sub!
2026-08-20 19:10:00 +0000: Memory Usage (130108K) : Selected TOP_LVL_PINS option: false
2026-08-20 19:10:00 +0000: Memory Usage (130108K) : Selected COMBINE DEVICES option: false
2026-08-20 19:10:00 +0000: Memory Usage (130108K) : Selected PURGE option: false
2026-08-20 19:10:00 +0000: Memory Usage (130108K) : Selected PURGE_NETS option: false
2026-08-20 19:10:00 +0000: Memory Usage (130108K) : Selected SIMPLIFY option: true
2026-08-20 19:10:00 +0000: Memory Usage (130108K) : Selected SERIES_RES option: true
2026-08-20 19:10:00 +0000: Memory Usage (130108K) : Selected PARALLEL_RES option: true
2026-08-20 19:10:00 +0000: Memory Usage (130108K) : Selected DISABLE_TAP_EXTRACTION option: true
2026-08-20 19:10:00 +0000: Memory Usage (130108K) : deep  mode is enabled.
2026-08-20 19:10:00 +0000: Memory Usage (130108K) : Applying implicit connections (case-sensitive, pattern supported) for nets: sub, sub!
2026-08-20 19:10:00 +0000: Memory Usage (131348K) : Netlist file: /workspace/layout/blocks/out/driver_stage/bisect_run/_probe12_both/driver_dut.cdl
2026-08-20 19:10:00 +0000: Memory Usage (131348K) : LVS extracted netlist at: /workspace/layout/blocks/out/driver_stage/bisect_run/_probe12_both/lvs/driver_dut_extracted.cir
2026-08-20 19:10:00 +0000: Memory Usage (131348K) : Applying SRAM integration support.
2026-08-20 19:10:00 +0000: Memory Usage (131348K) : Starting SG13G2 LVS runset
2026-08-20 19:10:00 +0000: Memory Usage (131348K) : Read in polygons from layers.
2026-08-20 19:10:00 +0000: Memory Usage (132712K) : activ_drw has 893 polygons
2026-08-20 19:10:00 +0000: Memory Usage (132712K) : activ_filler has 0 polygons
2026-08-20 19:10:00 +0000: Memory Usage (132840K) : activ has 893 polygons
2026-08-20 19:10:00 +0000: Memory Usage (132840K) : activ_pin has 0 polygons
2026-08-20 19:10:00 +0000: Memory Usage (132840K) : activ_mask has 4 polygons
2026-08-20 19:10:00 +0000: Memory Usage (132840K) : activ_nofill has 0 polygons
2026-08-20 19:10:00 +0000: Memory Usage (132840K) : activ_OPC has 0 polygons
2026-08-20 19:10:00 +0000: Memory Usage (132840K) : activ_iOPC has 0 polygons
2026-08-20 19:10:00 +0000: Memory Usage (132840K) : activ_noqrc has 0 polygons
2026-08-20 19:10:00 +0000: Memory Usage (132928K) : biwind_drw has 0 polygons
2026-08-20 19:10:00 +0000: Memory Usage (133440K) : biwind_OPC has 0 polygons
2026-08-20 19:10:00 +0000: Memory Usage (133440K) : gatpoly_drw has 123 polygons
2026-08-20 19:10:00 +0000: Memory Usage (133440K) : gatpoly_filler has 0 polygons
2026-08-20 19:10:00 +0000: Memory Usage (133440K) : gatpoly has 123 polygons
2026-08-20 19:10:00 +0000: Memory Usage (133440K) : gatpoly_pin has 119 polygons
2026-08-20 19:10:00 +0000: Memory Usage (133440K) : gatpoly_nofill has 0 polygons
2026-08-20 19:10:00 +0000: Memory Usage (133440K) : gatpoly_OPC has 0 polygons
2026-08-20 19:10:00 +0000: Memory Usage (133440K) : gatpoly_iOPC has 0 polygons
2026-08-20 19:10:00 +0000: Memory Usage (133440K) : gatpoly_noqrc has 0 polygons
2026-08-20 19:10:00 +0000: Memory Usage (133440K) : cont_drw has 13150 polygons
2026-08-20 19:10:00 +0000: Memory Usage (133440K) : cont_OPC has 0 polygons
2026-08-20 19:10:00 +0000: Memory Usage (133440K) : nsd_drw has 0 polygons
2026-08-20 19:10:00 +0000: Memory Usage (133440K) : nsd_block has 4 polygons
2026-08-20 19:10:00 +0000: Memory Usage (133440K) : metal1_drw has 1515 polygons
2026-08-20 19:10:00 +0000: Memory Usage (133440K) : metal1_filler has 0 polygons
2026-08-20 19:10:00 +0000: Memory Usage (133440K) : metal1_slit has 0 polygons
2026-08-20 19:10:00 +0000: Memory Usage (133568K) : metal1 has 1515 polygons
2026-08-20 19:10:00 +0000: Memory Usage (133568K) : metal1_pin has 746 polygons
2026-08-20 19:10:00 +0000: Memory Usage (133568K) : metal1_mask has 0 polygons
2026-08-20 19:10:00 +0000: Memory Usage (133696K) : metal1_nofill has 0 polygons
2026-08-20 19:10:00 +0000: Memory Usage (133952K) : metal1_text has 3 polygons
2026-08-20 19:10:00 +0000: Memory Usage (133952K) : metal1_OPC has 0 polygons
2026-08-20 19:10:00 +0000: Memory Usage (134080K) : metal1_noqrc has 0 polygons
2026-08-20 19:10:00 +0000: Memory Usage (134080K) : metal1_res has 0 polygons
2026-08-20 19:10:00 +0000: Memory Usage (134080K) : metal1_iprobe has 0 polygons
2026-08-20 19:10:00 +0000: Memory Usage (134208K) : metal1_diffprb has 0 polygons
2026-08-20 19:10:00 +0000: Memory Usage (134208K) : passiv_drw has 2 polygons
2026-08-20 19:10:00 +0000: Memory Usage (134208K) : passiv_pin has 0 polygons
2026-08-20 19:10:00 +0000: Memory Usage (134336K) : passiv_sbump has 0 polygons
2026-08-20 19:10:00 +0000: Memory Usage (134336K) : passiv_pillar has 0 polygons
2026-08-20 19:10:00 +0000: Memory Usage (134336K) : passiv_pdl has 0 polygons
2026-08-20 19:10:00 +0000: Memory Usage (134464K) : metal2_drw has 531 polygons
2026-08-20 19:10:00 +0000: Memory Usage (134464K) : metal2_filler has 0 polygons
2026-08-20 19:10:00 +0000: Memory Usage (134592K) : metal2_slit has 0 polygons
2026-08-20 19:10:00 +0000: Memory Usage (134592K) : metal2 has 531 polygons
2026-08-20 19:10:00 +0000: Memory Usage (134720K) : metal2_pin has 10 polygons
2026-08-20 19:10:00 +0000: Memory Usage (134720K) : metal2_mask has 0 polygons
2026-08-20 19:10:00 +0000: Memory Usage (134720K) : metal2_nofill has 0 polygons
2026-08-20 19:10:00 +0000: Memory Usage (134848K) : metal2_text has 3 polygons
2026-08-20 19:10:00 +0000: Memory Usage (134848K) : metal2_OPC has 0 polygons
2026-08-20 19:10:00 +0000: Memory Usage (134848K) : metal2_noqrc has 0 polygons
2026-08-20 19:10:00 +0000: Memory Usage (134848K) : metal2_res has 0 polygons
2026-08-20 19:10:00 +0000: Memory Usage (134976K) : metal2_iprobe has 0 polygons
2026-08-20 19:10:00 +0000: Memory Usage (134976K) : metal2_diffprb has 0 polygons
2026-08-20 19:10:00 +0000: Memory Usage (134976K) : baspoly_drw has 0 polygons
2026-08-20 19:10:00 +0000: Memory Usage (134976K) : baspoly_pin has 0 polygons
2026-08-20 19:10:00 +0000: Memory Usage (135104K) : psd_drw has 514 polygons
2026-08-20 19:10:00 +0000: Memory Usage (135104K) : nldb_drw has 0 polygons
2026-08-20 19:10:00 +0000: Memory Usage (135104K) : digibnd_drw has 0 polygons
2026-08-20 19:10:00 +0000: Memory Usage (135104K) : via1_drw has 6612 polygons
2026-08-20 19:10:00 +0000: Memory Usage (135232K) : backmetal1_drw has 0 polygons
2026-08-20 19:10:00 +0000: Memory Usage (135232K) : backmetal1_pin has 0 polygons
2026-08-20 19:10:00 +0000: Memory Usage (135232K) : backmetal1_mask has 0 polygons
2026-08-20 19:10:00 +0000: Memory Usage (135360K) : backmetal1_filler has 0 polygons
2026-08-20 19:10:00 +0000: Memory Usage (135360K) : backmetal1_nofill has 0 polygons
2026-08-20 19:10:00 +0000: Memory Usage (135360K) : backmetal1_slit has 0 polygons
2026-08-20 19:10:00 +0000: Memory Usage (135360K) : backmetal1_text has 0 polygons
2026-08-20 19:10:00 +0000: Memory Usage (135488K) : backmetal1_OPC has 0 polygons
2026-08-20 19:10:00 +0000: Memory Usage (135488K) : backmetal1_noqrc has 0 polygons
2026-08-20 19:10:00 +0000: Memory Usage (135488K) : backmetal1_res has 0 polygons
2026-08-20 19:10:00 +0000: Memory Usage (135488K) : backmetal1_iprobe has 0 polygons
2026-08-20 19:10:00 +0000: Memory Usage (135616K) : backmetal1_diffprb has 0 polygons
2026-08-20 19:10:00 +0000: Memory Usage (135616K) : backpassiv_drw has 0 polygons
2026-08-20 19:10:00 +0000: Memory Usage (135616K) : res_drw has 0 polygons
2026-08-20 19:10:00 +0000: Memory Usage (135616K) : sram_drw has 0 polygons
2026-08-20 19:10:00 +0000: Memory Usage (135744K) : trans_drw has 2 polygons
2026-08-20 19:10:00 +0000: Memory Usage (135744K) : ind_drw has 0 polygons
2026-08-20 19:10:00 +0000: Memory Usage (135744K) : ind_pin has 0 polygons
2026-08-20 19:10:00 +0000: Memory Usage (135744K) : ind_text has 0 polygons
2026-08-20 19:10:00 +0000: Memory Usage (135744K) : salblock_drw has 0 polygons
2026-08-20 19:10:00 +0000: Memory Usage (135872K) : via2_drw has 25 polygons
2026-08-20 19:10:00 +0000: Memory Usage (135872K) : metal3_drw has 15 polygons
2026-08-20 19:10:00 +0000: Memory Usage (135872K) : metal3_filler has 0 polygons
2026-08-20 19:10:00 +0000: Memory Usage (136000K) : metal3_slit has 0 polygons
2026-08-20 19:10:00 +0000: Memory Usage (136000K) : metal3 has 15 polygons
2026-08-20 19:10:00 +0000: Memory Usage (136000K) : metal3_pin has 0 polygons
2026-08-20 19:10:00 +0000: Memory Usage (136000K) : metal3_mask has 0 polygons
2026-08-20 19:10:00 +0000: Memory Usage (136128K) : metal3_nofill has 0 polygons
2026-08-20 19:10:00 +0000: Memory Usage (136128K) : metal3_text has 0 polygons
2026-08-20 19:10:00 +0000: Memory Usage (136128K) : metal3_OPC has 0 polygons
2026-08-20 19:10:00 +0000: Memory Usage (136128K) : metal3_noqrc has 0 polygons
2026-08-20 19:10:00 +0000: Memory Usage (136256K) : metal3_res has 0 polygons
2026-08-20 19:10:00 +0000: Memory Usage (136256K) : metal3_iprobe has 0 polygons
2026-08-20 19:10:00 +0000: Memory Usage (136256K) : metal3_diffprb has 0 polygons
2026-08-20 19:10:00 +0000: Memory Usage (136256K) : nwell_drw has 10 polygons
2026-08-20 19:10:00 +0000: Memory Usage (136256K) : nwell_pin has 0 polygons
2026-08-20 19:10:00 +0000: Memory Usage (136256K) : nwell_text has 0 polygons
2026-08-20 19:10:00 +0000: Memory Usage (136256K) : nbulay_drw has 0 polygons
2026-08-20 19:10:00 +0000: Memory Usage (136256K) : nbulay_pin has 0 polygons
2026-08-20 19:10:00 +0000: Memory Usage (136256K) : nbulay_block has 0 polygons
2026-08-20 19:10:00 +0000: Memory Usage (136256K) : emwind_drw has 4 polygons
2026-08-20 19:10:00 +0000: Memory Usage (136256K) : emwind_OPC has 0 polygons
2026-08-20 19:10:00 +0000: Memory Usage (136256K) : deepco_drw has 0 polygons
2026-08-20 19:10:00 +0000: Memory Usage (136256K) : mim_drw has 0 polygons
2026-08-20 19:10:00 +0000: Memory Usage (136256K) : edgeseal_drw has 0 polygons
2026-08-20 19:10:00 +0000: Memory Usage (136256K) : substrate_drw has 500 polygons
2026-08-20 19:10:00 +0000: Memory Usage (136384K) : substrate_text has 0 polygons
2026-08-20 19:10:00 +0000: Memory Usage (136384K) : dfpad_drw has 2 polygons
2026-08-20 19:10:00 +0000: Memory Usage (136384K) : dfpad_pillar has 0 polygons
2026-08-20 19:10:00 +0000: Memory Usage (136384K) : dfpad_sbump has 0 polygons
2026-08-20 19:10:00 +0000: Memory Usage (136384K) : thickgateox_drw has 0 polygons
2026-08-20 19:10:00 +0000: Memory Usage (136384K) : pldb_drw has 0 polygons
2026-08-20 19:10:00 +0000: Memory Usage (136512K) : pwell_drw has 0 polygons
2026-08-20 19:10:00 +0000: Memory Usage (136512K) : pwell_pin has 0 polygons
2026-08-20 19:10:00 +0000: Memory Usage (136512K) : pwell_block has 0 polygons
2026-08-20 19:10:00 +0000: Memory Usage (136512K) : ic_drw has 0 polygons
2026-08-20 19:10:00 +0000: Memory Usage (136512K) : via3_drw has 1001 polygons
2026-08-20 19:10:00 +0000: Memory Usage (136640K) : metal4_drw has 19 polygons
2026-08-20 19:10:00 +0000: Memory Usage (136640K) : metal4_filler has 0 polygons
2026-08-20 19:10:00 +0000: Memory Usage (136640K) : metal4_slit has 0 polygons
2026-08-20 19:10:00 +0000: Memory Usage (136640K) : metal4 has 19 polygons
2026-08-20 19:10:00 +0000: Memory Usage (136640K) : metal4_pin has 0 polygons
2026-08-20 19:10:00 +0000: Memory Usage (136640K) : metal4_mask has 0 polygons
2026-08-20 19:10:00 +0000: Memory Usage (136768K) : metal4_nofill has 0 polygons
2026-08-20 19:10:00 +0000: Memory Usage (136768K) : metal4_text has 3 polygons
2026-08-20 19:10:00 +0000: Memory Usage (136768K) : metal4_OPC has 0 polygons
2026-08-20 19:10:00 +0000: Memory Usage (136768K) : metal4_noqrc has 0 polygons
2026-08-20 19:10:00 +0000: Memory Usage (136768K) : metal4_res has 0 polygons
2026-08-20 19:10:00 +0000: Memory Usage (136768K) : metal4_iprobe has 0 polygons
2026-08-20 19:10:00 +0000: Memory Usage (136896K) : metal4_diffprb has 0 polygons
2026-08-20 19:10:00 +0000: Memory Usage (136896K) : heattrans_drw has 123 polygons
2026-08-20 19:10:00 +0000: Memory Usage (136896K) : heatres_drw has 0 polygons
2026-08-20 19:10:00 +0000: Memory Usage (136896K) : fbe_drw has 0 polygons
2026-08-20 19:10:00 +0000: Memory Usage (136896K) : empoly_drw has 0 polygons
2026-08-20 19:10:00 +0000: Memory Usage (136896K) : digisub_drw has 0 polygons
2026-08-20 19:10:00 +0000: Memory Usage (137024K) : text_drw has 645 polygons
2026-08-20 19:10:00 +0000: Memory Usage (137024K) : via4_drw has 995 polygons
2026-08-20 19:10:00 +0000: Memory Usage (137024K) : metal5_drw has 20 polygons
2026-08-20 19:10:00 +0000: Memory Usage (137024K) : metal5_filler has 0 polygons
2026-08-20 19:10:00 +0000: Memory Usage (137024K) : metal5_slit has 0 polygons
2026-08-20 19:10:00 +0000: Memory Usage (137024K) : metal5 has 20 polygons
2026-08-20 19:10:00 +0000: Memory Usage (137152K) : metal5_pin has 0 polygons
2026-08-20 19:10:00 +0000: Memory Usage (137152K) : metal5_mask has 0 polygons
2026-08-20 19:10:00 +0000: Memory Usage (137152K) : metal5_nofill has 0 polygons
2026-08-20 19:10:00 +0000: Memory Usage (137152K) : metal5_text has 0 polygons
2026-08-20 19:10:00 +0000: Memory Usage (137152K) : metal5_OPC has 0 polygons
2026-08-20 19:10:00 +0000: Memory Usage (137152K) : metal5_noqrc has 0 polygons
2026-08-20 19:10:00 +0000: Memory Usage (137280K) : metal5_res has 0 polygons
2026-08-20 19:10:00 +0000: Memory Usage (137280K) : metal5_iprobe has 0 polygons
2026-08-20 19:10:00 +0000: Memory Usage (137280K) : metal5_diffprb has 0 polygons
2026-08-20 19:10:00 +0000: Memory Usage (137280K) : radhard_drw has 0 polygons
2026-08-20 19:10:00 +0000: Memory Usage (137280K) : memcap_drw has 0 polygons
2026-08-20 19:10:00 +0000: Memory Usage (137280K) : varicap_drw has 0 polygons
2026-08-20 19:10:00 +0000: Memory Usage (137408K) : intbondvia_drw has 0 polygons
2026-08-20 19:10:00 +0000: Memory Usage (137408K) : intbondmet_drw has 0 polygons
2026-08-20 19:10:00 +0000: Memory Usage (137408K) : devbondvia_drw has 0 polygons
2026-08-20 19:10:00 +0000: Memory Usage (137408K) : devbondmet_drw has 0 polygons
2026-08-20 19:10:00 +0000: Memory Usage (137408K) : devtrench_drw has 0 polygons
2026-08-20 19:10:00 +0000: Memory Usage (137408K) : redist_drw has 0 polygons
2026-08-20 19:10:00 +0000: Memory Usage (137536K) : graphbot_drw has 0 polygons
2026-08-20 19:10:00 +0000: Memory Usage (137536K) : graphtop_drw has 0 polygons
2026-08-20 19:10:00 +0000: Memory Usage (137536K) : antvia1_drw has 0 polygons
2026-08-20 19:10:00 +0000: Memory Usage (137536K) : antmetal2_drw has 0 polygons
2026-08-20 19:10:00 +0000: Memory Usage (137536K) : graphcont_drw has 0 polygons
2026-08-20 19:10:00 +0000: Memory Usage (137536K) : siwg_drw has 0 polygons
2026-08-20 19:10:00 +0000: Memory Usage (137664K) : siwg_filler has 0 polygons
2026-08-20 19:10:00 +0000: Memory Usage (137664K) : siwg_nofill has 0 polygons
2026-08-20 19:10:00 +0000: Memory Usage (137664K) : sigrating_drw has 0 polygons
2026-08-20 19:10:00 +0000: Memory Usage (137664K) : singrating_drw has 0 polygons
2026-08-20 19:10:00 +0000: Memory Usage (137664K) : graphpas_drw has 0 polygons
2026-08-20 19:10:00 +0000: Memory Usage (137792K) : emwind3_drw has 0 polygons
2026-08-20 19:10:00 +0000: Memory Usage (137792K) : emwihv3_drw has 0 polygons
2026-08-20 19:10:00 +0000: Memory Usage (137792K) : redbulay_drw has 0 polygons
2026-08-20 19:10:00 +0000: Memory Usage (137792K) : smos_drw has 0 polygons
2026-08-20 19:10:00 +0000: Memory Usage (137792K) : graphpad_drw has 0 polygons
2026-08-20 19:10:00 +0000: Memory Usage (137792K) : polimide_drw has 0 polygons
2026-08-20 19:10:00 +0000: Memory Usage (137920K) : polimide_pin has 0 polygons
2026-08-20 19:10:00 +0000: Memory Usage (137920K) : recog_drw has 0 polygons
2026-08-20 19:10:00 +0000: Memory Usage (137920K) : recog_pin has 0 polygons
2026-08-20 19:10:00 +0000: Memory Usage (137920K) : recog_esd has 4 polygons
2026-08-20 19:10:00 +0000: Memory Usage (137920K) : recog_diode has 0 polygons
2026-08-20 19:10:00 +0000: Memory Usage (137920K) : recog_tsv has 0 polygons
2026-08-20 19:10:00 +0000: Memory Usage (138048K) : recog_iprobe has 0 polygons
2026-08-20 19:10:00 +0000: Memory Usage (138048K) : recog_diffprb has 0 polygons
2026-08-20 19:10:00 +0000: Memory Usage (138048K) : recog_pillar has 0 polygons
2026-08-20 19:10:00 +0000: Memory Usage (138048K) : recog_sbump has 0 polygons
2026-08-20 19:10:00 +0000: Memory Usage (138048K) : recog_otp has 0 polygons
2026-08-20 19:10:00 +0000: Memory Usage (138048K) : recog_pdiode has 0 polygons
2026-08-20 19:10:00 +0000: Memory Usage (138176K) : recog_mom has 0 polygons
2026-08-20 19:10:00 +0000: Memory Usage (138176K) : recog_momf has 0 polygons
2026-08-20 19:10:00 +0000: Memory Usage (138176K) : recog_pcm has 0 polygons
2026-08-20 19:10:00 +0000: Memory Usage (138176K) : colopen_drw has 0 polygons
2026-08-20 19:10:00 +0000: Memory Usage (138176K) : graphmetal1_drw has 0 polygons
2026-08-20 19:10:00 +0000: Memory Usage (138176K) : graphmetal1_filler has 0 polygons
2026-08-20 19:10:00 +0000: Memory Usage (138304K) : graphmetal1_nofill has 0 polygons
2026-08-20 19:10:00 +0000: Memory Usage (138304K) : graphmetal1_slit has 0 polygons
2026-08-20 19:10:00 +0000: Memory Usage (138304K) : graphmetal1_OPC has 0 polygons
2026-08-20 19:10:00 +0000: Memory Usage (138304K) : graphmet1l_drw has 0 polygons
2026-08-20 19:10:00 +0000: Memory Usage (138304K) : graphmet1l_filler has 0 polygons
2026-08-20 19:10:00 +0000: Memory Usage (138432K) : graphmet1l_nofill has 0 polygons
2026-08-20 19:10:00 +0000: Memory Usage (138432K) : graphmet1l_slit has 0 polygons
2026-08-20 19:10:00 +0000: Memory Usage (138432K) : graphmet1l_OPC has 0 polygons
2026-08-20 19:10:00 +0000: Memory Usage (138432K) : extblock_drw has 0 polygons
2026-08-20 19:10:00 +0000: Memory Usage (138432K) : nldd_drw has 0 polygons
2026-08-20 19:10:00 +0000: Memory Usage (138432K) : pldd_drw has 0 polygons
2026-08-20 19:10:00 +0000: Memory Usage (138560K) : next_drw has 0 polygons
2026-08-20 19:10:00 +0000: Memory Usage (138560K) : pext_drw has 0 polygons
2026-08-20 19:10:00 +0000: Memory Usage (138560K) : nexthv_drw has 0 polygons
2026-08-20 19:10:00 +0000: Memory Usage (138560K) : pexthv_drw has 0 polygons
2026-08-20 19:10:00 +0000: Memory Usage (138688K) : graphgate_drw has 0 polygons
2026-08-20 19:10:00 +0000: Memory Usage (138688K) : sinwg_drw has 0 polygons
2026-08-20 19:10:00 +0000: Memory Usage (138688K) : sinwg_filler has 0 polygons
2026-08-20 19:10:00 +0000: Memory Usage (138688K) : sinwg_nofill has 0 polygons
2026-08-20 19:10:00 +0000: Memory Usage (138816K) : mempad_drw has 0 polygons
2026-08-20 19:10:00 +0000: Memory Usage (138816K) : topvia1_drw has 477 polygons
2026-08-20 19:10:00 +0000: Memory Usage (138816K) : topmetal1_drw has 51 polygons
2026-08-20 19:10:00 +0000: Memory Usage (138816K) : topmetal1_filler has 0 polygons
2026-08-20 19:10:00 +0000: Memory Usage (138816K) : topmetal1_slit has 0 polygons
2026-08-20 19:10:00 +0000: Memory Usage (138816K) : topmetal1 has 51 polygons
2026-08-20 19:10:00 +0000: Memory Usage (138944K) : topmetal1_pin has 0 polygons
2026-08-20 19:10:00 +0000: Memory Usage (138944K) : topmetal1_mask has 0 polygons
2026-08-20 19:10:00 +0000: Memory Usage (138944K) : topmetal1_nofill has 0 polygons
2026-08-20 19:10:00 +0000: Memory Usage (138944K) : topmetal1_text has 0 polygons
2026-08-20 19:10:00 +0000: Memory Usage (138944K) : topmetal1_noqrc has 0 polygons
2026-08-20 19:10:00 +0000: Memory Usage (139072K) : topmetal1_res has 0 polygons
2026-08-20 19:10:00 +0000: Memory Usage (139072K) : topmetal1_iprobe has 0 polygons
2026-08-20 19:10:00 +0000: Memory Usage (139072K) : topmetal1_diffprb has 0 polygons
2026-08-20 19:10:00 +0000: Memory Usage (139072K) : inldpwl_drw has 0 polygons
2026-08-20 19:10:00 +0000: Memory Usage (139072K) : polyres_drw has 0 polygons
2026-08-20 19:10:00 +0000: Memory Usage (139072K) : polyres_pin has 0 polygons
2026-08-20 19:10:00 +0000: Memory Usage (139200K) : vmim_drw has 0 polygons
2026-08-20 19:10:00 +0000: Memory Usage (139200K) : nbulaycut_drw has 0 polygons
2026-08-20 19:10:00 +0000: Memory Usage (139200K) : antmetal1_drw has 0 polygons
2026-08-20 19:10:00 +0000: Memory Usage (139200K) : topvia2_drw has 229 polygons
2026-08-20 19:10:00 +0000: Memory Usage (139328K) : topmetal2_drw has 47 polygons
2026-08-20 19:10:00 +0000: Memory Usage (139328K) : topmetal2_filler has 0 polygons
2026-08-20 19:10:00 +0000: Memory Usage (139328K) : topmetal2_slit has 0 polygons
2026-08-20 19:10:00 +0000: Memory Usage (139328K) : topmetal2 has 47 polygons
2026-08-20 19:10:00 +0000: Memory Usage (139456K) : topmetal2_pin has 0 polygons
2026-08-20 19:10:00 +0000: Memory Usage (139456K) : topmetal2_mask has 0 polygons
2026-08-20 19:10:00 +0000: Memory Usage (139456K) : topmetal2_nofill has 0 polygons
2026-08-20 19:10:00 +0000: Memory Usage (139456K) : topmetal2_text has 6 polygons
2026-08-20 19:10:00 +0000: Memory Usage (139584K) : topmetal2_noqrc has 0 polygons
2026-08-20 19:10:00 +0000: Memory Usage (139584K) : topmetal2_res has 0 polygons
2026-08-20 19:10:00 +0000: Memory Usage (139712K) : topmetal2_iprobe has 0 polygons
2026-08-20 19:10:00 +0000: Memory Usage (139712K) : topmetal2_diffprb has 0 polygons
2026-08-20 19:10:00 +0000: Memory Usage (139712K) : snsring_drw has 0 polygons
2026-08-20 19:10:00 +0000: Memory Usage (139712K) : sensor_drw has 0 polygons
2026-08-20 19:10:00 +0000: Memory Usage (139840K) : snsarms_drw has 0 polygons
2026-08-20 19:10:00 +0000: Memory Usage (139840K) : snscmosvia_drw has 0 polygons
2026-08-20 19:10:00 +0000: Memory Usage (139840K) : colwind_drw has 0 polygons
2026-08-20 19:10:00 +0000: Memory Usage (139840K) : flm_drw has 0 polygons
2026-08-20 19:10:00 +0000: Memory Usage (139968K) : hafniumox_drw has 0 polygons
2026-08-20 19:10:00 +0000: Memory Usage (139968K) : memvia_drw has 0 polygons
2026-08-20 19:10:00 +0000: Memory Usage (139968K) : thinfilmres_drw has 0 polygons
2026-08-20 19:10:00 +0000: Memory Usage (139968K) : rfmem_drw has 0 polygons
2026-08-20 19:10:00 +0000: Memory Usage (140096K) : norcx_drw has 0 polygons
2026-08-20 19:10:00 +0000: Memory Usage (140096K) : norcx_m2m3 has 0 polygons
2026-08-20 19:10:00 +0000: Memory Usage (140096K) : norcx_m2m4 has 0 polygons
2026-08-20 19:10:00 +0000: Memory Usage (140096K) : norcx_m2m5 has 0 polygons
2026-08-20 19:10:00 +0000: Memory Usage (140224K) : norcx_m2tm1 has 0 polygons
2026-08-20 19:10:00 +0000: Memory Usage (140352K) : norcx_m2tm2 has 0 polygons
2026-08-20 19:10:00 +0000: Memory Usage (140352K) : norcx_m3m4 has 0 polygons
2026-08-20 19:10:00 +0000: Memory Usage (140352K) : norcx_m3m5 has 0 polygons
2026-08-20 19:10:00 +0000: Memory Usage (140352K) : norcx_m3tm1 has 0 polygons
2026-08-20 19:10:00 +0000: Memory Usage (140352K) : norcx_m3tm2 has 0 polygons
2026-08-20 19:10:00 +0000: Memory Usage (140352K) : norcx_m4m5 has 0 polygons
2026-08-20 19:10:00 +0000: Memory Usage (140352K) : norcx_m4tm1 has 0 polygons
2026-08-20 19:10:00 +0000: Memory Usage (140352K) : norcx_m4tm2 has 0 polygons
2026-08-20 19:10:00 +0000: Memory Usage (140352K) : norcx_m5tm1 has 0 polygons
2026-08-20 19:10:00 +0000: Memory Usage (140352K) : norcx_m5tm2 has 0 polygons
2026-08-20 19:10:00 +0000: Memory Usage (140352K) : norcx_tm1tm2 has 0 polygons
2026-08-20 19:10:00 +0000: Memory Usage (140352K) : norcx_m1sub has 0 polygons
2026-08-20 19:10:00 +0000: Memory Usage (140352K) : norcx_m2sub has 0 polygons
2026-08-20 19:10:00 +0000: Memory Usage (140352K) : norcx_m3sub has 0 polygons
2026-08-20 19:10:00 +0000: Memory Usage (140352K) : norcx_m4sub has 0 polygons
2026-08-20 19:10:00 +0000: Memory Usage (140352K) : norcx_m5sub has 0 polygons
2026-08-20 19:10:00 +0000: Memory Usage (140352K) : norcx_tm1sub has 0 polygons
2026-08-20 19:10:00 +0000: Memory Usage (140352K) : norcx_tm2sub has 0 polygons
2026-08-20 19:10:00 +0000: Memory Usage (140352K) : snsbotvia_drw has 0 polygons
2026-08-20 19:10:00 +0000: Memory Usage (140352K) : snstopvia_drw has 0 polygons
2026-08-20 19:10:00 +0000: Memory Usage (140352K) : deepvia_drw has 0 polygons
2026-08-20 19:10:00 +0000: Memory Usage (140480K) : fgetch_drw has 0 polygons
2026-08-20 19:10:00 +0000: Memory Usage (140480K) : ctrgat_drw has 0 polygons
2026-08-20 19:10:00 +0000: Memory Usage (140480K) : fgimp_drw has 0 polygons
2026-08-20 19:10:00 +0000: Memory Usage (140480K) : emwihv_drw has 0 polygons
2026-08-20 19:10:00 +0000: Memory Usage (140480K) : lbe_drw has 0 polygons
2026-08-20 19:10:00 +0000: Memory Usage (140480K) : alcustop_drw has 0 polygons
2026-08-20 19:10:00 +0000: Memory Usage (140480K) : nometfiller_drw has 0 polygons
2026-08-20 19:10:00 +0000: Memory Usage (140480K) : prboundary_drw has 0 polygons
2026-08-20 19:10:00 +0000: Memory Usage (140480K) : exchange0_drw has 0 polygons
2026-08-20 19:10:00 +0000: Memory Usage (140480K) : exchange0_pin has 0 polygons
2026-08-20 19:10:00 +0000: Memory Usage (140480K) : exchange0_text has 0 polygons
2026-08-20 19:10:00 +0000: Memory Usage (140480K) : exchange1_drw has 0 polygons
2026-08-20 19:10:00 +0000: Memory Usage (140480K) : exchange1_pin has 0 polygons
2026-08-20 19:10:00 +0000: Memory Usage (140480K) : exchange1_text has 0 polygons
2026-08-20 19:10:00 +0000: Memory Usage (140480K) : exchange2_drw has 0 polygons
2026-08-20 19:10:00 +0000: Memory Usage (140480K) : exchange2_pin has 0 polygons
2026-08-20 19:10:00 +0000: Memory Usage (140480K) : exchange2_text has 0 polygons
2026-08-20 19:10:00 +0000: Memory Usage (140480K) : exchange3_drw has 0 polygons
2026-08-20 19:10:00 +0000: Memory Usage (140480K) : exchange3_pin has 0 polygons
2026-08-20 19:10:00 +0000: Memory Usage (140480K) : exchange3_text has 0 polygons
2026-08-20 19:10:00 +0000: Memory Usage (140480K) : exchange4_drw has 0 polygons
2026-08-20 19:10:00 +0000: Memory Usage (140480K) : exchange4_pin has 0 polygons
2026-08-20 19:10:00 +0000: Memory Usage (140480K) : exchange4_text has 0 polygons
2026-08-20 19:10:00 +0000: Memory Usage (140480K) : isonwell_drw has 0 polygons
2026-08-20 19:10:00 +0000: Memory Usage (140480K) : Total no. of polygons in the design is 28407
2026-08-20 19:10:00 +0000: Memory Usage (140480K) : Starting base layers derivations
2026-08-20 19:10:00 +0000: Memory Usage (140480K) : Starting general LVS derivations
2026-08-20 19:10:01 +0000: Memory Usage (144660K) : Starting MOSFET DERIVATIONS
2026-08-20 19:10:01 +0000: Memory Usage (145300K) : Starting NMOS DERIVATIONS
2026-08-20 19:10:01 +0000: Memory Usage (145300K) : Starting PMOS DERIVATIONS
2026-08-20 19:10:01 +0000: Memory Usage (145300K) : Starting RF-MOSFET DERIVATIONS
2026-08-20 19:10:01 +0000: Memory Usage (145300K) : Starting RF-NMOS DERIVATIONS
2026-08-20 19:10:01 +0000: Memory Usage (145300K) : Starting RF-PMOS DERIVATIONS
2026-08-20 19:10:01 +0000: Memory Usage (145300K) : Starting BJT DERIVATIONS
2026-08-20 19:10:01 +0000: Memory Usage (145300K) : Starting NPN-BJT DERIVATIONS
2026-08-20 19:10:01 +0000: Memory Usage (145428K) : Starting PNP-BJT DERIVATIONS
2026-08-20 19:10:01 +0000: Memory Usage (145428K) : Starting DIODE DERIVATIONS
2026-08-20 19:10:01 +0000: Memory Usage (145428K) : Starting RESISTOR DERIVATIONS
2026-08-20 19:10:01 +0000: Memory Usage (145428K) : Starting CAP DERIVATIONS
2026-08-20 19:10:01 +0000: Memory Usage (145428K) : Starting CAP_CMOM DERIVATIONS
2026-08-20 19:10:01 +0000: Memory Usage (145428K) : Starting CAP_CMOMF DERIVATIONS
2026-08-20 19:10:01 +0000: Memory Usage (145428K) : Starting ESD DERIVATIONS
2026-08-20 19:10:01 +0000: Memory Usage (145812K) : Starting Inductor DERIVATIONS
2026-08-20 19:10:01 +0000: Memory Usage (145812K) : Starting Taps DERIVATIONS
2026-08-20 19:10:02 +0000: Memory Usage (145812K) : Starting SG13G2 LVS connectivity setup
2026-08-20 19:10:02 +0000: Memory Usage (145812K) : Starting SG13G2 LVS connectivity setup (Inter-layer)
2026-08-20 19:10:02 +0000: Memory Usage (145940K) : Starting SG13G2 LVS connectivity setup (Global)
2026-08-20 19:10:02 +0000: Memory Usage (145940K) : Starting LVS MOSFET CONNECTIONS
2026-08-20 19:10:02 +0000: Memory Usage (145940K) : Starting LVS RF-MOSFET CONNECTIONS
2026-08-20 19:10:02 +0000: Memory Usage (145940K) : Starting LVS BJT CONNECTIONS
2026-08-20 19:10:02 +0000: Memory Usage (145940K) : Starting LVS DIODE CONNECTIONS
2026-08-20 19:10:02 +0000: Memory Usage (145940K) : Starting RESISTOR CONNECTIONS
2026-08-20 19:10:02 +0000: Memory Usage (145940K) : Starting LVS CAP CONNECTIONS
2026-08-20 19:10:02 +0000: Memory Usage (145940K) : Starting CAP_CMOM CONNECTIONS
2026-08-20 19:10:02 +0000: Memory Usage (145940K) : Starting CAP_CMOMF CONNECTIONS
2026-08-20 19:10:02 +0000: Memory Usage (145940K) : Starting ESD CONNECTIONS
2026-08-20 19:10:02 +0000: Memory Usage (145940K) : Starting Inductor CONNECTIONS
2026-08-20 19:10:02 +0000: Memory Usage (145940K) : Starting LVS Taps CONNECTIONS
2026-08-20 19:10:02 +0000: Memory Usage (145940K) : Starting SG13G2 LVS DEVICES EXTRACTION
2026-08-20 19:10:02 +0000: Memory Usage (145940K) : Starting MOSFET EXTRACTION
2026-08-20 19:10:02 +0000: Memory Usage (145940K) : Starting NMOS EXTRACTION
2026-08-20 19:10:02 +0000: Memory Usage (145940K) : Extraction of NMOS-LV transistor
2026-08-20 19:10:02 +0000: Memory Usage (146196K) : Extraction of NMOS-HV transistor
2026-08-20 19:10:02 +0000: Memory Usage (146196K) : Starting PMOS EXTRACTION
2026-08-20 19:10:02 +0000: Memory Usage (146196K) : Extraction of PMOS-LV transistor
2026-08-20 19:10:02 +0000: Memory Usage (146196K) : Extraction of PMOS-HV transistor
2026-08-20 19:10:02 +0000: Memory Usage (146196K) : Starting RF-MOSFET EXTRACTION
2026-08-20 19:10:02 +0000: Memory Usage (146196K) : Extraction of RF-NMOS-LV transistor
2026-08-20 19:10:02 +0000: Memory Usage (146196K) : Extraction of RF-NMOS-HV transistor
2026-08-20 19:10:02 +0000: Memory Usage (146196K) : Extraction of RF-PMOS-LV transistor
2026-08-20 19:10:02 +0000: Memory Usage (146196K) : Extraction of RF-PMOS-HV transistor
2026-08-20 19:10:02 +0000: Memory Usage (146196K) : Starting BJT EXTRACTION
2026-08-20 19:10:02 +0000: Memory Usage (146196K) : Starting NPN-BJT EXTRACTION
2026-08-20 19:10:02 +0000: Memory Usage (146196K) : Extraction of npn13G2 BJT transistor
2026-08-20 19:10:02 +0000: Memory Usage (146196K) : Extraction of npn13G2L BJT transistor
2026-08-20 19:10:02 +0000: Memory Usage (146196K) : Extraction of npn13G2V BJT transistor
2026-08-20 19:10:02 +0000: Memory Usage (146196K) : Starting PNP-BJT EXTRACTION
2026-08-20 19:10:02 +0000: Memory Usage (146196K) : Extracting pnpMPA BJT
2026-08-20 19:10:02 +0000: Memory Usage (146196K) : Starting DIODE EXTRACTION
2026-08-20 19:10:02 +0000: Memory Usage (146196K) : Extracting dantenna diode
2026-08-20 19:10:02 +0000: Memory Usage (146196K) : Extracting dpantenna diode
2026-08-20 19:10:02 +0000: Memory Usage (146196K) : Extracting schottky_nbl1 diode
2026-08-20 19:10:02 +0000: Memory Usage (146196K) : Extracting isolbox diode
2026-08-20 19:10:02 +0000: Memory Usage (146196K) : Starting RESISTOR EXTRACTION
2026-08-20 19:10:02 +0000: Memory Usage (146196K) : Extracting rsil resistor
2026-08-20 19:10:02 +0000: Memory Usage (146196K) : Extracting rppd resistor
2026-08-20 19:10:02 +0000: Memory Usage (146196K) : Extracting rhigh resistor
2026-08-20 19:10:02 +0000: Memory Usage (146196K) : Extracting res_metal1 resistor
2026-08-20 19:10:02 +0000: Memory Usage (146344K) : Extracting res_metal2 resistor
2026-08-20 19:10:02 +0000: Memory Usage (146344K) : Extracting res_metal3 resistor
2026-08-20 19:10:02 +0000: Memory Usage (146344K) : Extracting res_metal4 resistor
2026-08-20 19:10:02 +0000: Memory Usage (146344K) : Extracting res_metal5 resistor
2026-08-20 19:10:02 +0000: Memory Usage (146344K) : Extracting res_topmetal1 resistor
2026-08-20 19:10:02 +0000: Memory Usage (146344K) : Extracting res_topmetal2 resistor
2026-08-20 19:10:02 +0000: Memory Usage (146344K) : Starting CAP EXTRACTION
2026-08-20 19:10:02 +0000: Memory Usage (146344K) : Extracting cap_cmim device
2026-08-20 19:10:02 +0000: Memory Usage (146344K) : Extracting rfcmim device
2026-08-20 19:10:02 +0000: Memory Usage (146344K) : Extracting sg13_hv_svaricap varactor
2026-08-20 19:10:02 +0000: Memory Usage (146344K) : Extracting cap_cmomi device
2026-08-20 19:10:02 +0000: Memory Usage (146344K) : Extracting cap_cmomf device
2026-08-20 19:10:02 +0000: Memory Usage (146344K) : Extracting sg13_moscap_n capacitor
2026-08-20 19:10:02 +0000: Memory Usage (146344K) : Extracting sg13_moscap_p capacitor
2026-08-20 19:10:02 +0000: Memory Usage (146344K) : Starting ESD EXTRACTION
2026-08-20 19:10:02 +0000: Memory Usage (146344K) : Extracting diodevdd_2kv ESD device
2026-08-20 19:10:02 +0000: Memory Usage (146344K) : Extracting diodevdd_4kv ESD device
2026-08-20 19:10:02 +0000: Memory Usage (146344K) : Extracting diodevss_2kv ESD device
2026-08-20 19:10:02 +0000: Memory Usage (146344K) : Extracting diodevss_4kv ESD device
2026-08-20 19:10:02 +0000: Memory Usage (146344K) : Extracting idiodevdd_2kv ESD device
2026-08-20 19:10:02 +0000: Memory Usage (146344K) : Extracting idiodevdd_4kv ESD device
2026-08-20 19:10:02 +0000: Memory Usage (146344K) : Extracting idiodevss_2kv ESD device
2026-08-20 19:10:02 +0000: Memory Usage (146344K) : Extracting idiodevss_4kv ESD device
2026-08-20 19:10:02 +0000: Memory Usage (146344K) : Extracting nmoscl_2 ESD device
2026-08-20 19:10:02 +0000: Memory Usage (146344K) : Extracting nmoscl_4 ESD device
2026-08-20 19:10:02 +0000: Memory Usage (146344K) : Starting Inductor EXTRACTION
2026-08-20 19:10:02 +0000: Memory Usage (146344K) : Extracting Inductor2 device
2026-08-20 19:10:02 +0000: Memory Usage (146344K) : Extracting Inductor3 device
2026-08-20 19:10:02 +0000: Memory Usage (146344K) : Starting Taps EXTRACTION
2026-08-20 19:10:02 +0000: Memory Usage (146344K) : DISABLE_TAP_EXTRACTION is enabled: skipping ntap1/ptap1 device extraction.
2026-08-20 19:10:02 +0000: Memory Usage (146344K) : Starting SG13G2 LVS RF MOS Model Mapping
2026-08-20 19:10:02 +0000: Memory Usage (146344K) : [layout_netlist] Apply RF MOS model mapping and rfmode parameter.
2026-08-20 19:10:02 +0000: Memory Usage (146344K) : Starting SG13G2 LVS Options Preparations
2026-08-20 19:10:02 +0000: Memory Usage (146344K) : SG13G2 LVS flow: extraction -> alignment -> option preparation -> comparison.
2026-08-20 19:10:02 +0000: Memory Usage (146344K) : Starting SG13G2 LVS Alignment
2026-08-20 19:10:02 +0000: Memory Usage (146344K) : Starting SG13G2 LVS Simplification
2026-08-20 19:10:02 +0000: Memory Usage (146344K) : [layout_netlist] simplify: ENABLED
2026-08-20 19:10:02 +0000: Memory Usage (146344K) : [layout_netlist] make_top_level_pins: SKIPPED
2026-08-20 19:10:02 +0000: Memory Usage (146344K) : [layout_netlist] combine_devices: SKIPPED
2026-08-20 19:10:02 +0000: Memory Usage (146344K) : [layout_netlist] purge: SKIPPED
2026-08-20 19:10:02 +0000: Memory Usage (146344K) : [layout_netlist] purge_nets: SKIPPED
2026-08-20 19:10:02 +0000: Memory Usage (146344K) : [schematic_netlist] simplify: ENABLED
2026-08-20 19:10:02 +0000: Memory Usage (146344K) : [schematic_netlist] make_top_level_pins: SKIPPED
2026-08-20 19:10:02 +0000: Memory Usage (146344K) : [schematic_netlist] combine_devices: SKIPPED
2026-08-20 19:10:02 +0000: Memory Usage (146344K) : [schematic_netlist] purge: SKIPPED
2026-08-20 19:10:02 +0000: Memory Usage (146344K) : [schematic_netlist] purge_nets: SKIPPED
2026-08-20 19:10:02 +0000: Memory Usage (146344K) : Starting SG13G2 LVS Comparison
2026-08-20 19:10:02 +0000: Memory Usage (146472K) : xxxxxxxxxxxxxxxxxxxxxxxxxxxxxxxxxxxxxxxxxx
2026-08-20 19:10:02 +0000: Memory Usage (146472K) : ERROR : Netlists don't match
2026-08-20 19:10:02 +0000: Memory Usage (146472K) : xxxxxxxxxxxxxxxxxxxxxxxxxxxxxxxxxxxxxxxxxx
2026-08-20 19:10:02 +0000: Memory Usage (146472K) : LVS Total Run time 1.322319 seconds
