$ /home/ubuntu/.local/share/ihp-eda/venv/bin/python /home/ubuntu/.local/share/ihp-eda/IHP-Open-PDK/ihp-sg13g2/libs.tech/klayout/tech/lvs/run_lvs.py --layout=/workspace/layout/blocks/out/driver_stage/probe2/pads_no_esd/driver_dut.gds --netlist=/workspace/layout/blocks/out/driver_stage/probe2/pads_no_esd/t.cdl --run_dir=/workspace/layout/blocks/out/driver_stage/probe2/pads_no_esd/lvs --run_mode=deep --topcell=driver_dut --implicit_nets=sub,sub! --ignore_top_ports_mismatch --disable_tap_extraction

--- stdout ---
2026-08-20 16:34:52 +0000: Memory Usage (128820K) : Starting running SG13G2 Klayout LVS runset on /workspace/layout/blocks/out/driver_stage/probe2/pads_no_esd/driver_dut.gds
2026-08-20 16:34:52 +0000: Memory Usage (128820K) : Ruby Version for klayout: 3.2.3
2026-08-20 16:34:52 +0000: Memory Usage (130220K) : Loading database to memory is complete.
2026-08-20 16:34:52 +0000: Memory Usage (130220K) : SG13G2 Klayout LVS runset output at: /workspace/layout/blocks/out/driver_stage/probe2/pads_no_esd/lvs/driver_dut.lvsdb
2026-08-20 16:34:52 +0000: Memory Usage (130220K) : Evaluate switches.
2026-08-20 16:34:52 +0000: Memory Usage (130220K) : Extracted netlist with net names: true
2026-08-20 16:34:52 +0000: Memory Usage (130220K) : Extracted netlist with comments in details: false
2026-08-20 16:34:52 +0000: Memory Usage (130220K) : Selected NET_ONLY option: false
2026-08-20 16:34:52 +0000: Memory Usage (130220K) : Selected LAYOUT_NETLIST option: (none)
2026-08-20 16:34:52 +0000: Memory Usage (130220K) : Selected IGNORE_TOP_PORTS_MISMATCH option: true
2026-08-20 16:34:52 +0000: Memory Usage (130220K) : Selected IMPLICIT_NETS option: sub,sub!
2026-08-20 16:34:52 +0000: Memory Usage (130220K) : Selected TOP_LVL_PINS option: false
2026-08-20 16:34:52 +0000: Memory Usage (130220K) : Selected COMBINE DEVICES option: false
2026-08-20 16:34:52 +0000: Memory Usage (130220K) : Selected PURGE option: false
2026-08-20 16:34:52 +0000: Memory Usage (130220K) : Selected PURGE_NETS option: false
2026-08-20 16:34:52 +0000: Memory Usage (130220K) : Selected SIMPLIFY option: true
2026-08-20 16:34:52 +0000: Memory Usage (130220K) : Selected SERIES_RES option: true
2026-08-20 16:34:52 +0000: Memory Usage (130220K) : Selected PARALLEL_RES option: true
2026-08-20 16:34:52 +0000: Memory Usage (130220K) : Selected DISABLE_TAP_EXTRACTION option: true
2026-08-20 16:34:52 +0000: Memory Usage (130220K) : deep  mode is enabled.
2026-08-20 16:34:52 +0000: Memory Usage (130220K) : Applying implicit connections (case-sensitive, pattern supported) for nets: sub, sub!
2026-08-20 16:34:52 +0000: Memory Usage (131276K) : Netlist file: /workspace/layout/blocks/out/driver_stage/probe2/pads_no_esd/t.cdl
2026-08-20 16:34:52 +0000: Memory Usage (131276K) : LVS extracted netlist at: /workspace/layout/blocks/out/driver_stage/probe2/pads_no_esd/lvs/driver_dut_extracted.cir
2026-08-20 16:34:52 +0000: Memory Usage (131276K) : Applying SRAM integration support.
2026-08-20 16:34:52 +0000: Memory Usage (131276K) : Starting SG13G2 LVS runset
2026-08-20 16:34:52 +0000: Memory Usage (131276K) : Read in polygons from layers.
2026-08-20 16:34:52 +0000: Memory Usage (132776K) : activ_drw has 875 polygons
2026-08-20 16:34:52 +0000: Memory Usage (133288K) : activ_filler has 0 polygons
2026-08-20 16:34:52 +0000: Memory Usage (133544K) : activ has 875 polygons
2026-08-20 16:34:52 +0000: Memory Usage (133544K) : activ_pin has 0 polygons
2026-08-20 16:34:52 +0000: Memory Usage (133544K) : activ_mask has 4 polygons
2026-08-20 16:34:52 +0000: Memory Usage (133544K) : activ_nofill has 2 polygons
2026-08-20 16:34:52 +0000: Memory Usage (133544K) : activ_OPC has 0 polygons
2026-08-20 16:34:52 +0000: Memory Usage (133544K) : activ_iOPC has 0 polygons
2026-08-20 16:34:52 +0000: Memory Usage (133544K) : activ_noqrc has 0 polygons
2026-08-20 16:34:52 +0000: Memory Usage (133544K) : biwind_drw has 0 polygons
2026-08-20 16:34:52 +0000: Memory Usage (133544K) : biwind_OPC has 0 polygons
2026-08-20 16:34:52 +0000: Memory Usage (133544K) : gatpoly_drw has 140 polygons
2026-08-20 16:34:52 +0000: Memory Usage (133544K) : gatpoly_filler has 0 polygons
2026-08-20 16:34:52 +0000: Memory Usage (133544K) : gatpoly has 140 polygons
2026-08-20 16:34:52 +0000: Memory Usage (133544K) : gatpoly_pin has 119 polygons
2026-08-20 16:34:52 +0000: Memory Usage (133544K) : gatpoly_nofill has 2 polygons
2026-08-20 16:34:52 +0000: Memory Usage (133544K) : gatpoly_OPC has 0 polygons
2026-08-20 16:34:52 +0000: Memory Usage (133544K) : gatpoly_iOPC has 0 polygons
2026-08-20 16:34:52 +0000: Memory Usage (133544K) : gatpoly_noqrc has 0 polygons
2026-08-20 16:34:52 +0000: Memory Usage (133544K) : cont_drw has 10261 polygons
2026-08-20 16:34:52 +0000: Memory Usage (133544K) : cont_OPC has 0 polygons
2026-08-20 16:34:52 +0000: Memory Usage (133544K) : nsd_drw has 0 polygons
2026-08-20 16:34:52 +0000: Memory Usage (133544K) : nsd_block has 4 polygons
2026-08-20 16:34:52 +0000: Memory Usage (133544K) : metal1_drw has 1526 polygons
2026-08-20 16:34:52 +0000: Memory Usage (133544K) : metal1_filler has 0 polygons
2026-08-20 16:34:52 +0000: Memory Usage (133544K) : metal1_slit has 0 polygons
2026-08-20 16:34:52 +0000: Memory Usage (133672K) : metal1 has 1526 polygons
2026-08-20 16:34:52 +0000: Memory Usage (133672K) : metal1_pin has 746 polygons
2026-08-20 16:34:52 +0000: Memory Usage (133672K) : metal1_mask has 0 polygons
2026-08-20 16:34:52 +0000: Memory Usage (133672K) : metal1_nofill has 2 polygons
2026-08-20 16:34:52 +0000: Memory Usage (133800K) : metal1_text has 5 polygons
2026-08-20 16:34:52 +0000: Memory Usage (133800K) : metal1_OPC has 0 polygons
2026-08-20 16:34:52 +0000: Memory Usage (133928K) : metal1_noqrc has 0 polygons
2026-08-20 16:34:52 +0000: Memory Usage (133928K) : metal1_res has 0 polygons
2026-08-20 16:34:52 +0000: Memory Usage (134056K) : metal1_iprobe has 0 polygons
2026-08-20 16:34:52 +0000: Memory Usage (134056K) : metal1_diffprb has 0 polygons
2026-08-20 16:34:52 +0000: Memory Usage (134056K) : passiv_drw has 2 polygons
2026-08-20 16:34:52 +0000: Memory Usage (134184K) : passiv_pin has 0 polygons
2026-08-20 16:34:52 +0000: Memory Usage (134184K) : passiv_sbump has 0 polygons
2026-08-20 16:34:52 +0000: Memory Usage (134184K) : passiv_pillar has 0 polygons
2026-08-20 16:34:52 +0000: Memory Usage (134312K) : passiv_pdl has 0 polygons
2026-08-20 16:34:52 +0000: Memory Usage (134312K) : metal2_drw has 532 polygons
2026-08-20 16:34:52 +0000: Memory Usage (134312K) : metal2_filler has 0 polygons
2026-08-20 16:34:52 +0000: Memory Usage (134440K) : metal2_slit has 0 polygons
2026-08-20 16:34:52 +0000: Memory Usage (134440K) : metal2 has 532 polygons
2026-08-20 16:34:52 +0000: Memory Usage (134440K) : metal2_pin has 2 polygons
2026-08-20 16:34:52 +0000: Memory Usage (134568K) : metal2_mask has 0 polygons
2026-08-20 16:34:52 +0000: Memory Usage (134568K) : metal2_nofill has 2 polygons
2026-08-20 16:34:52 +0000: Memory Usage (134568K) : metal2_text has 3 polygons
2026-08-20 16:34:52 +0000: Memory Usage (134568K) : metal2_OPC has 0 polygons
2026-08-20 16:34:52 +0000: Memory Usage (134696K) : metal2_noqrc has 0 polygons
2026-08-20 16:34:52 +0000: Memory Usage (134696K) : metal2_res has 0 polygons
2026-08-20 16:34:52 +0000: Memory Usage (134696K) : metal2_iprobe has 0 polygons
2026-08-20 16:34:52 +0000: Memory Usage (134696K) : metal2_diffprb has 0 polygons
2026-08-20 16:34:52 +0000: Memory Usage (134824K) : baspoly_drw has 0 polygons
2026-08-20 16:34:52 +0000: Memory Usage (134824K) : baspoly_pin has 0 polygons
2026-08-20 16:34:52 +0000: Memory Usage (134824K) : psd_drw has 503 polygons
2026-08-20 16:34:52 +0000: Memory Usage (134824K) : nldb_drw has 0 polygons
2026-08-20 16:34:52 +0000: Memory Usage (134952K) : digibnd_drw has 0 polygons
2026-08-20 16:34:52 +0000: Memory Usage (134952K) : via1_drw has 6770 polygons
2026-08-20 16:34:52 +0000: Memory Usage (134952K) : backmetal1_drw has 0 polygons
2026-08-20 16:34:52 +0000: Memory Usage (134952K) : backmetal1_pin has 0 polygons
2026-08-20 16:34:52 +0000: Memory Usage (135080K) : backmetal1_mask has 0 polygons
2026-08-20 16:34:52 +0000: Memory Usage (135080K) : backmetal1_filler has 0 polygons
2026-08-20 16:34:52 +0000: Memory Usage (135080K) : backmetal1_nofill has 0 polygons
2026-08-20 16:34:52 +0000: Memory Usage (135080K) : backmetal1_slit has 0 polygons
2026-08-20 16:34:52 +0000: Memory Usage (135208K) : backmetal1_text has 0 polygons
2026-08-20 16:34:52 +0000: Memory Usage (135208K) : backmetal1_OPC has 0 polygons
2026-08-20 16:34:52 +0000: Memory Usage (135208K) : backmetal1_noqrc has 0 polygons
2026-08-20 16:34:52 +0000: Memory Usage (135208K) : backmetal1_res has 0 polygons
2026-08-20 16:34:52 +0000: Memory Usage (135336K) : backmetal1_iprobe has 0 polygons
2026-08-20 16:34:52 +0000: Memory Usage (135336K) : backmetal1_diffprb has 0 polygons
2026-08-20 16:34:52 +0000: Memory Usage (135336K) : backpassiv_drw has 0 polygons
2026-08-20 16:34:52 +0000: Memory Usage (135464K) : res_drw has 2 polygons
2026-08-20 16:34:52 +0000: Memory Usage (135464K) : sram_drw has 0 polygons
2026-08-20 16:34:52 +0000: Memory Usage (135464K) : trans_drw has 2 polygons
2026-08-20 16:34:52 +0000: Memory Usage (135464K) : ind_drw has 2 polygons
2026-08-20 16:34:52 +0000: Memory Usage (135592K) : ind_pin has 4 polygons
2026-08-20 16:34:52 +0000: Memory Usage (135592K) : ind_text has 4 polygons
2026-08-20 16:34:52 +0000: Memory Usage (135592K) : salblock_drw has 12 polygons
2026-08-20 16:34:52 +0000: Memory Usage (135592K) : via2_drw has 804 polygons
2026-08-20 16:34:52 +0000: Memory Usage (135720K) : metal3_drw has 44 polygons
2026-08-20 16:34:52 +0000: Memory Usage (135720K) : metal3_filler has 0 polygons
2026-08-20 16:34:52 +0000: Memory Usage (135720K) : metal3_slit has 0 polygons
2026-08-20 16:34:52 +0000: Memory Usage (135848K) : metal3 has 44 polygons
2026-08-20 16:34:52 +0000: Memory Usage (135848K) : metal3_pin has 2 polygons
2026-08-20 16:34:52 +0000: Memory Usage (135848K) : metal3_mask has 0 polygons
2026-08-20 16:34:52 +0000: Memory Usage (135848K) : metal3_nofill has 2 polygons
2026-08-20 16:34:52 +0000: Memory Usage (135848K) : metal3_text has 0 polygons
2026-08-20 16:34:52 +0000: Memory Usage (135848K) : metal3_OPC has 0 polygons
2026-08-20 16:34:52 +0000: Memory Usage (135848K) : metal3_noqrc has 0 polygons
2026-08-20 16:34:52 +0000: Memory Usage (135848K) : metal3_res has 0 polygons
2026-08-20 16:34:52 +0000: Memory Usage (135848K) : metal3_iprobe has 0 polygons
2026-08-20 16:34:52 +0000: Memory Usage (135848K) : metal3_diffprb has 0 polygons
2026-08-20 16:34:52 +0000: Memory Usage (135848K) : nwell_drw has 4 polygons
2026-08-20 16:34:52 +0000: Memory Usage (135848K) : nwell_pin has 0 polygons
2026-08-20 16:34:52 +0000: Memory Usage (135848K) : nwell_text has 0 polygons
2026-08-20 16:34:52 +0000: Memory Usage (135848K) : nbulay_drw has 1 polygons
2026-08-20 16:34:52 +0000: Memory Usage (135976K) : nbulay_pin has 0 polygons
2026-08-20 16:34:52 +0000: Memory Usage (135976K) : nbulay_block has 0 polygons
2026-08-20 16:34:52 +0000: Memory Usage (135976K) : emwind_drw has 4 polygons
2026-08-20 16:34:52 +0000: Memory Usage (135976K) : emwind_OPC has 0 polygons
2026-08-20 16:34:52 +0000: Memory Usage (135976K) : deepco_drw has 0 polygons
2026-08-20 16:34:52 +0000: Memory Usage (135976K) : mim_drw has 0 polygons
2026-08-20 16:34:52 +0000: Memory Usage (136104K) : edgeseal_drw has 0 polygons
2026-08-20 16:34:52 +0000: Memory Usage (136104K) : substrate_drw has 500 polygons
2026-08-20 16:34:52 +0000: Memory Usage (136104K) : substrate_text has 0 polygons
2026-08-20 16:34:52 +0000: Memory Usage (136104K) : dfpad_drw has 2 polygons
2026-08-20 16:34:52 +0000: Memory Usage (136104K) : dfpad_pillar has 0 polygons
2026-08-20 16:34:52 +0000: Memory Usage (136104K) : dfpad_sbump has 0 polygons
2026-08-20 16:34:52 +0000: Memory Usage (136232K) : thickgateox_drw has 1 polygons
2026-08-20 16:34:52 +0000: Memory Usage (136232K) : pldb_drw has 0 polygons
2026-08-20 16:34:52 +0000: Memory Usage (136232K) : pwell_drw has 0 polygons
2026-08-20 16:34:52 +0000: Memory Usage (136232K) : pwell_pin has 0 polygons
2026-08-20 16:34:52 +0000: Memory Usage (136232K) : pwell_block has 2 polygons
2026-08-20 16:34:52 +0000: Memory Usage (136360K) : ic_drw has 0 polygons
2026-08-20 16:34:52 +0000: Memory Usage (136360K) : via3_drw has 1014 polygons
2026-08-20 16:34:52 +0000: Memory Usage (136360K) : metal4_drw has 23 polygons
2026-08-20 16:34:52 +0000: Memory Usage (136360K) : metal4_filler has 0 polygons
2026-08-20 16:34:52 +0000: Memory Usage (136360K) : metal4_slit has 0 polygons
2026-08-20 16:34:52 +0000: Memory Usage (136360K) : metal4 has 23 polygons
2026-08-20 16:34:52 +0000: Memory Usage (136488K) : metal4_pin has 0 polygons
2026-08-20 16:34:52 +0000: Memory Usage (136488K) : metal4_mask has 0 polygons
2026-08-20 16:34:52 +0000: Memory Usage (136488K) : metal4_nofill has 2 polygons
2026-08-20 16:34:52 +0000: Memory Usage (136488K) : metal4_text has 3 polygons
2026-08-20 16:34:52 +0000: Memory Usage (136488K) : metal4_OPC has 0 polygons
2026-08-20 16:34:52 +0000: Memory Usage (136488K) : metal4_noqrc has 0 polygons
2026-08-20 16:34:52 +0000: Memory Usage (136616K) : metal4_res has 0 polygons
2026-08-20 16:34:52 +0000: Memory Usage (136616K) : metal4_iprobe has 0 polygons
2026-08-20 16:34:52 +0000: Memory Usage (136616K) : metal4_diffprb has 0 polygons
2026-08-20 16:34:52 +0000: Memory Usage (136616K) : heattrans_drw has 123 polygons
2026-08-20 16:34:52 +0000: Memory Usage (136616K) : heatres_drw has 2 polygons
2026-08-20 16:34:52 +0000: Memory Usage (136616K) : fbe_drw has 0 polygons
2026-08-20 16:34:52 +0000: Memory Usage (136616K) : empoly_drw has 0 polygons
2026-08-20 16:34:52 +0000: Memory Usage (136744K) : digisub_drw has 0 polygons
2026-08-20 16:34:52 +0000: Memory Usage (136744K) : text_drw has 639 polygons
2026-08-20 16:34:52 +0000: Memory Usage (136744K) : via4_drw has 1008 polygons
2026-08-20 16:34:52 +0000: Memory Usage (136744K) : metal5_drw has 28 polygons
2026-08-20 16:34:52 +0000: Memory Usage (136744K) : metal5_filler has 0 polygons
2026-08-20 16:34:52 +0000: Memory Usage (136744K) : metal5_slit has 0 polygons
2026-08-20 16:34:52 +0000: Memory Usage (136872K) : metal5 has 28 polygons
2026-08-20 16:34:52 +0000: Memory Usage (136872K) : metal5_pin has 0 polygons
2026-08-20 16:34:52 +0000: Memory Usage (136872K) : metal5_mask has 0 polygons
2026-08-20 16:34:52 +0000: Memory Usage (136872K) : metal5_nofill has 2 polygons
2026-08-20 16:34:52 +0000: Memory Usage (136872K) : metal5_text has 0 polygons
2026-08-20 16:34:52 +0000: Memory Usage (136872K) : metal5_OPC has 0 polygons
2026-08-20 16:34:52 +0000: Memory Usage (136872K) : metal5_noqrc has 0 polygons
2026-08-20 16:34:52 +0000: Memory Usage (137000K) : metal5_res has 0 polygons
2026-08-20 16:34:52 +0000: Memory Usage (137000K) : metal5_iprobe has 0 polygons
2026-08-20 16:34:52 +0000: Memory Usage (137000K) : metal5_diffprb has 0 polygons
2026-08-20 16:34:52 +0000: Memory Usage (137000K) : radhard_drw has 0 polygons
2026-08-20 16:34:52 +0000: Memory Usage (137000K) : memcap_drw has 0 polygons
2026-08-20 16:34:52 +0000: Memory Usage (137000K) : varicap_drw has 0 polygons
2026-08-20 16:34:52 +0000: Memory Usage (137128K) : intbondvia_drw has 0 polygons
2026-08-20 16:34:52 +0000: Memory Usage (137128K) : intbondmet_drw has 0 polygons
2026-08-20 16:34:52 +0000: Memory Usage (137128K) : devbondvia_drw has 0 polygons
2026-08-20 16:34:52 +0000: Memory Usage (137128K) : devbondmet_drw has 0 polygons
2026-08-20 16:34:52 +0000: Memory Usage (137128K) : devtrench_drw has 0 polygons
2026-08-20 16:34:52 +0000: Memory Usage (137256K) : redist_drw has 0 polygons
2026-08-20 16:34:52 +0000: Memory Usage (137256K) : graphbot_drw has 0 polygons
2026-08-20 16:34:52 +0000: Memory Usage (137256K) : graphtop_drw has 0 polygons
2026-08-20 16:34:52 +0000: Memory Usage (137256K) : antvia1_drw has 0 polygons
2026-08-20 16:34:52 +0000: Memory Usage (137256K) : antmetal2_drw has 0 polygons
2026-08-20 16:34:52 +0000: Memory Usage (137384K) : graphcont_drw has 0 polygons
2026-08-20 16:34:52 +0000: Memory Usage (137384K) : siwg_drw has 0 polygons
2026-08-20 16:34:52 +0000: Memory Usage (137384K) : siwg_filler has 0 polygons
2026-08-20 16:34:52 +0000: Memory Usage (137384K) : siwg_nofill has 0 polygons
2026-08-20 16:34:52 +0000: Memory Usage (137512K) : sigrating_drw has 0 polygons
2026-08-20 16:34:52 +0000: Memory Usage (137512K) : singrating_drw has 0 polygons
2026-08-20 16:34:52 +0000: Memory Usage (137512K) : graphpas_drw has 0 polygons
2026-08-20 16:34:52 +0000: Memory Usage (137512K) : emwind3_drw has 0 polygons
2026-08-20 16:34:52 +0000: Memory Usage (137640K) : emwihv3_drw has 0 polygons
2026-08-20 16:34:52 +0000: Memory Usage (137640K) : redbulay_drw has 0 polygons
2026-08-20 16:34:52 +0000: Memory Usage (137640K) : smos_drw has 0 polygons
2026-08-20 16:34:52 +0000: Memory Usage (137640K) : graphpad_drw has 0 polygons
2026-08-20 16:34:52 +0000: Memory Usage (137640K) : polimide_drw has 0 polygons
2026-08-20 16:34:52 +0000: Memory Usage (137640K) : polimide_pin has 0 polygons
2026-08-20 16:34:52 +0000: Memory Usage (137768K) : recog_drw has 1 polygons
2026-08-20 16:34:52 +0000: Memory Usage (137768K) : recog_pin has 0 polygons
2026-08-20 16:34:52 +0000: Memory Usage (137768K) : recog_esd has 1 polygons
2026-08-20 16:34:52 +0000: Memory Usage (137768K) : recog_diode has 0 polygons
2026-08-20 16:34:52 +0000: Memory Usage (137768K) : recog_tsv has 0 polygons
2026-08-20 16:34:52 +0000: Memory Usage (137896K) : recog_iprobe has 0 polygons
2026-08-20 16:34:52 +0000: Memory Usage (137896K) : recog_diffprb has 0 polygons
2026-08-20 16:34:52 +0000: Memory Usage (137896K) : recog_pillar has 0 polygons
2026-08-20 16:34:52 +0000: Memory Usage (137896K) : recog_sbump has 0 polygons
2026-08-20 16:34:52 +0000: Memory Usage (137896K) : recog_otp has 0 polygons
2026-08-20 16:34:52 +0000: Memory Usage (137896K) : recog_pdiode has 0 polygons
2026-08-20 16:34:52 +0000: Memory Usage (138024K) : recog_mom has 0 polygons
2026-08-20 16:34:52 +0000: Memory Usage (138024K) : recog_momf has 0 polygons
2026-08-20 16:34:52 +0000: Memory Usage (138024K) : recog_pcm has 0 polygons
2026-08-20 16:34:52 +0000: Memory Usage (138024K) : colopen_drw has 0 polygons
2026-08-20 16:34:52 +0000: Memory Usage (138024K) : graphmetal1_drw has 0 polygons
2026-08-20 16:34:52 +0000: Memory Usage (138152K) : graphmetal1_filler has 0 polygons
2026-08-20 16:34:52 +0000: Memory Usage (138152K) : graphmetal1_nofill has 0 polygons
2026-08-20 16:34:52 +0000: Memory Usage (138152K) : graphmetal1_slit has 0 polygons
2026-08-20 16:34:52 +0000: Memory Usage (138152K) : graphmetal1_OPC has 0 polygons
2026-08-20 16:34:52 +0000: Memory Usage (138152K) : graphmet1l_drw has 0 polygons
2026-08-20 16:34:52 +0000: Memory Usage (138152K) : graphmet1l_filler has 0 polygons
2026-08-20 16:34:52 +0000: Memory Usage (138280K) : graphmet1l_nofill has 0 polygons
2026-08-20 16:34:52 +0000: Memory Usage (138280K) : graphmet1l_slit has 0 polygons
2026-08-20 16:34:52 +0000: Memory Usage (138280K) : graphmet1l_OPC has 0 polygons
2026-08-20 16:34:52 +0000: Memory Usage (138280K) : extblock_drw has 6 polygons
2026-08-20 16:34:52 +0000: Memory Usage (138280K) : nldd_drw has 0 polygons
2026-08-20 16:34:52 +0000: Memory Usage (138280K) : pldd_drw has 0 polygons
2026-08-20 16:34:52 +0000: Memory Usage (138408K) : next_drw has 0 polygons
2026-08-20 16:34:52 +0000: Memory Usage (138408K) : pext_drw has 0 polygons
2026-08-20 16:34:52 +0000: Memory Usage (138408K) : nexthv_drw has 0 polygons
2026-08-20 16:34:52 +0000: Memory Usage (138408K) : pexthv_drw has 0 polygons
2026-08-20 16:34:52 +0000: Memory Usage (138536K) : graphgate_drw has 0 polygons
2026-08-20 16:34:52 +0000: Memory Usage (138536K) : sinwg_drw has 0 polygons
2026-08-20 16:34:52 +0000: Memory Usage (138536K) : sinwg_filler has 0 polygons
2026-08-20 16:34:52 +0000: Memory Usage (138536K) : sinwg_nofill has 0 polygons
2026-08-20 16:34:52 +0000: Memory Usage (138664K) : mempad_drw has 0 polygons
2026-08-20 16:34:52 +0000: Memory Usage (138664K) : topvia1_drw has 477 polygons
2026-08-20 16:34:52 +0000: Memory Usage (138664K) : topmetal1_drw has 48 polygons
2026-08-20 16:34:52 +0000: Memory Usage (138664K) : topmetal1_filler has 0 polygons
2026-08-20 16:34:52 +0000: Memory Usage (138792K) : topmetal1_slit has 0 polygons
2026-08-20 16:34:52 +0000: Memory Usage (138792K) : topmetal1 has 48 polygons
2026-08-20 16:34:52 +0000: Memory Usage (138792K) : topmetal1_pin has 0 polygons
2026-08-20 16:34:52 +0000: Memory Usage (138920K) : topmetal1_mask has 0 polygons
2026-08-20 16:34:52 +0000: Memory Usage (138920K) : topmetal1_nofill has 2 polygons
2026-08-20 16:34:52 +0000: Memory Usage (138920K) : topmetal1_text has 0 polygons
2026-08-20 16:34:52 +0000: Memory Usage (138920K) : topmetal1_noqrc has 0 polygons
2026-08-20 16:34:52 +0000: Memory Usage (139048K) : topmetal1_res has 0 polygons
2026-08-20 16:34:52 +0000: Memory Usage (139048K) : topmetal1_iprobe has 0 polygons
2026-08-20 16:34:52 +0000: Memory Usage (139048K) : topmetal1_diffprb has 0 polygons
2026-08-20 16:34:52 +0000: Memory Usage (139048K) : inldpwl_drw has 0 polygons
2026-08-20 16:34:52 +0000: Memory Usage (139176K) : polyres_drw has 2 polygons
2026-08-20 16:34:52 +0000: Memory Usage (139176K) : polyres_pin has 0 polygons
2026-08-20 16:34:52 +0000: Memory Usage (139176K) : vmim_drw has 0 polygons
2026-08-20 16:34:52 +0000: Memory Usage (139176K) : nbulaycut_drw has 0 polygons
2026-08-20 16:34:52 +0000: Memory Usage (139304K) : antmetal1_drw has 0 polygons
2026-08-20 16:34:52 +0000: Memory Usage (139304K) : topvia2_drw has 231 polygons
2026-08-20 16:34:52 +0000: Memory Usage (139560K) : topmetal2_drw has 67 polygons
2026-08-20 16:34:52 +0000: Memory Usage (139560K) : topmetal2_filler has 0 polygons
2026-08-20 16:34:52 +0000: Memory Usage (139560K) : topmetal2_slit has 0 polygons
2026-08-20 16:34:52 +0000: Memory Usage (139560K) : topmetal2 has 67 polygons
2026-08-20 16:34:52 +0000: Memory Usage (139688K) : topmetal2_pin has 4 polygons
2026-08-20 16:34:52 +0000: Memory Usage (139688K) : topmetal2_mask has 0 polygons
2026-08-20 16:34:52 +0000: Memory Usage (139688K) : topmetal2_nofill has 2 polygons
2026-08-20 16:34:52 +0000: Memory Usage (139688K) : topmetal2_text has 8 polygons
2026-08-20 16:34:52 +0000: Memory Usage (139816K) : topmetal2_noqrc has 0 polygons
2026-08-20 16:34:52 +0000: Memory Usage (139816K) : topmetal2_res has 0 polygons
2026-08-20 16:34:52 +0000: Memory Usage (139816K) : topmetal2_iprobe has 0 polygons
2026-08-20 16:34:52 +0000: Memory Usage (139816K) : topmetal2_diffprb has 0 polygons
2026-08-20 16:34:52 +0000: Memory Usage (139944K) : snsring_drw has 0 polygons
2026-08-20 16:34:52 +0000: Memory Usage (139944K) : sensor_drw has 0 polygons
2026-08-20 16:34:52 +0000: Memory Usage (139944K) : snsarms_drw has 0 polygons
2026-08-20 16:34:52 +0000: Memory Usage (140072K) : snscmosvia_drw has 0 polygons
2026-08-20 16:34:52 +0000: Memory Usage (140072K) : colwind_drw has 0 polygons
2026-08-20 16:34:52 +0000: Memory Usage (140200K) : flm_drw has 0 polygons
2026-08-20 16:34:52 +0000: Memory Usage (140200K) : hafniumox_drw has 0 polygons
2026-08-20 16:34:52 +0000: Memory Usage (140200K) : memvia_drw has 0 polygons
2026-08-20 16:34:52 +0000: Memory Usage (140328K) : thinfilmres_drw has 0 polygons
2026-08-20 16:34:52 +0000: Memory Usage (140328K) : rfmem_drw has 0 polygons
2026-08-20 16:34:52 +0000: Memory Usage (140328K) : norcx_drw has 2 polygons
2026-08-20 16:34:52 +0000: Memory Usage (140328K) : norcx_m2m3 has 0 polygons
2026-08-20 16:34:52 +0000: Memory Usage (140328K) : norcx_m2m4 has 0 polygons
2026-08-20 16:34:52 +0000: Memory Usage (140328K) : norcx_m2m5 has 0 polygons
2026-08-20 16:34:52 +0000: Memory Usage (140328K) : norcx_m2tm1 has 0 polygons
2026-08-20 16:34:52 +0000: Memory Usage (140328K) : norcx_m2tm2 has 0 polygons
2026-08-20 16:34:52 +0000: Memory Usage (140328K) : norcx_m3m4 has 0 polygons
2026-08-20 16:34:52 +0000: Memory Usage (140328K) : norcx_m3m5 has 0 polygons
2026-08-20 16:34:52 +0000: Memory Usage (140328K) : norcx_m3tm1 has 0 polygons
2026-08-20 16:34:52 +0000: Memory Usage (140328K) : norcx_m3tm2 has 0 polygons
2026-08-20 16:34:52 +0000: Memory Usage (140328K) : norcx_m4m5 has 0 polygons
2026-08-20 16:34:52 +0000: Memory Usage (140328K) : norcx_m4tm1 has 0 polygons
2026-08-20 16:34:52 +0000: Memory Usage (140328K) : norcx_m4tm2 has 0 polygons
2026-08-20 16:34:52 +0000: Memory Usage (140328K) : norcx_m5tm1 has 0 polygons
2026-08-20 16:34:52 +0000: Memory Usage (140328K) : norcx_m5tm2 has 0 polygons
2026-08-20 16:34:52 +0000: Memory Usage (140328K) : norcx_tm1tm2 has 0 polygons
2026-08-20 16:34:52 +0000: Memory Usage (140328K) : norcx_m1sub has 0 polygons
2026-08-20 16:34:52 +0000: Memory Usage (140328K) : norcx_m2sub has 0 polygons
2026-08-20 16:34:52 +0000: Memory Usage (140328K) : norcx_m3sub has 0 polygons
2026-08-20 16:34:52 +0000: Memory Usage (140328K) : norcx_m4sub has 0 polygons
2026-08-20 16:34:52 +0000: Memory Usage (140328K) : norcx_m5sub has 0 polygons
2026-08-20 16:34:52 +0000: Memory Usage (140328K) : norcx_tm1sub has 0 polygons
2026-08-20 16:34:52 +0000: Memory Usage (140328K) : norcx_tm2sub has 0 polygons
2026-08-20 16:34:52 +0000: Memory Usage (140328K) : snsbotvia_drw has 0 polygons
2026-08-20 16:34:52 +0000: Memory Usage (140328K) : snstopvia_drw has 0 polygons
2026-08-20 16:34:52 +0000: Memory Usage (140328K) : deepvia_drw has 0 polygons
2026-08-20 16:34:52 +0000: Memory Usage (140328K) : fgetch_drw has 0 polygons
2026-08-20 16:34:52 +0000: Memory Usage (140328K) : ctrgat_drw has 0 polygons
2026-08-20 16:34:52 +0000: Memory Usage (140328K) : fgimp_drw has 0 polygons
2026-08-20 16:34:52 +0000: Memory Usage (140328K) : emwihv_drw has 0 polygons
2026-08-20 16:34:52 +0000: Memory Usage (140328K) : lbe_drw has 2 polygons
2026-08-20 16:34:52 +0000: Memory Usage (140328K) : alcustop_drw has 0 polygons
2026-08-20 16:34:52 +0000: Memory Usage (140328K) : nometfiller_drw has 0 polygons
2026-08-20 16:34:52 +0000: Memory Usage (140328K) : prboundary_drw has 0 polygons
2026-08-20 16:34:52 +0000: Memory Usage (140328K) : exchange0_drw has 0 polygons
2026-08-20 16:34:52 +0000: Memory Usage (140328K) : exchange0_pin has 0 polygons
2026-08-20 16:34:52 +0000: Memory Usage (140328K) : exchange0_text has 0 polygons
2026-08-20 16:34:52 +0000: Memory Usage (140328K) : exchange1_drw has 0 polygons
2026-08-20 16:34:52 +0000: Memory Usage (140328K) : exchange1_pin has 0 polygons
2026-08-20 16:34:52 +0000: Memory Usage (140328K) : exchange1_text has 0 polygons
2026-08-20 16:34:52 +0000: Memory Usage (140328K) : exchange2_drw has 0 polygons
2026-08-20 16:34:52 +0000: Memory Usage (140328K) : exchange2_pin has 0 polygons
2026-08-20 16:34:52 +0000: Memory Usage (140328K) : exchange2_text has 0 polygons
2026-08-20 16:34:52 +0000: Memory Usage (140328K) : exchange3_drw has 0 polygons
2026-08-20 16:34:52 +0000: Memory Usage (140328K) : exchange3_pin has 0 polygons
2026-08-20 16:34:52 +0000: Memory Usage (140328K) : exchange3_text has 0 polygons
2026-08-20 16:34:52 +0000: Memory Usage (140328K) : exchange4_drw has 0 polygons
2026-08-20 16:34:52 +0000: Memory Usage (140328K) : exchange4_pin has 0 polygons
2026-08-20 16:34:52 +0000: Memory Usage (140328K) : exchange4_text has 0 polygons
2026-08-20 16:34:52 +0000: Memory Usage (140328K) : isonwell_drw has 0 polygons
2026-08-20 16:34:52 +0000: Memory Usage (140328K) : Total no. of polygons in the design is 26589
2026-08-20 16:34:52 +0000: Memory Usage (140328K) : Starting base layers derivations
2026-08-20 16:34:52 +0000: Memory Usage (140328K) : Starting general LVS derivations
2026-08-20 16:34:52 +0000: Memory Usage (144212K) : Starting MOSFET DERIVATIONS
2026-08-20 16:34:53 +0000: Memory Usage (145236K) : Starting NMOS DERIVATIONS
2026-08-20 16:34:53 +0000: Memory Usage (145236K) : Starting PMOS DERIVATIONS
2026-08-20 16:34:53 +0000: Memory Usage (145236K) : Starting RF-MOSFET DERIVATIONS
2026-08-20 16:34:53 +0000: Memory Usage (145236K) : Starting RF-NMOS DERIVATIONS
2026-08-20 16:34:53 +0000: Memory Usage (145236K) : Starting RF-PMOS DERIVATIONS
2026-08-20 16:34:53 +0000: Memory Usage (145236K) : Starting BJT DERIVATIONS
2026-08-20 16:34:53 +0000: Memory Usage (145236K) : Starting NPN-BJT DERIVATIONS
2026-08-20 16:34:53 +0000: Memory Usage (145236K) : Starting PNP-BJT DERIVATIONS
2026-08-20 16:34:53 +0000: Memory Usage (145236K) : Starting DIODE DERIVATIONS
2026-08-20 16:34:53 +0000: Memory Usage (145236K) : Starting RESISTOR DERIVATIONS
2026-08-20 16:34:53 +0000: Memory Usage (145492K) : Starting CAP DERIVATIONS
2026-08-20 16:34:53 +0000: Memory Usage (146004K) : Starting CAP_CMOM DERIVATIONS
2026-08-20 16:34:53 +0000: Memory Usage (146004K) : Starting CAP_CMOMF DERIVATIONS
2026-08-20 16:34:53 +0000: Memory Usage (146004K) : Starting ESD DERIVATIONS
2026-08-20 16:34:54 +0000: Memory Usage (146132K) : Starting Inductor DERIVATIONS
2026-08-20 16:34:54 +0000: Memory Usage (146132K) : Starting Taps DERIVATIONS
2026-08-20 16:34:54 +0000: Memory Usage (146132K) : Starting SG13G2 LVS connectivity setup
2026-08-20 16:34:54 +0000: Memory Usage (146132K) : Starting SG13G2 LVS connectivity setup (Inter-layer)
2026-08-20 16:34:54 +0000: Memory Usage (146260K) : Starting SG13G2 LVS connectivity setup (Global)
2026-08-20 16:34:54 +0000: Memory Usage (146260K) : Starting LVS MOSFET CONNECTIONS
2026-08-20 16:34:54 +0000: Memory Usage (146260K) : Starting LVS RF-MOSFET CONNECTIONS
2026-08-20 16:34:54 +0000: Memory Usage (146260K) : Starting LVS BJT CONNECTIONS
2026-08-20 16:34:54 +0000: Memory Usage (146260K) : Starting LVS DIODE CONNECTIONS
2026-08-20 16:34:54 +0000: Memory Usage (146260K) : Starting RESISTOR CONNECTIONS
2026-08-20 16:34:54 +0000: Memory Usage (146260K) : Starting LVS CAP CONNECTIONS
2026-08-20 16:34:54 +0000: Memory Usage (146260K) : Starting CAP_CMOM CONNECTIONS
2026-08-20 16:34:54 +0000: Memory Usage (146260K) : Starting CAP_CMOMF CONNECTIONS
2026-08-20 16:34:54 +0000: Memory Usage (146260K) : Starting ESD CONNECTIONS
2026-08-20 16:34:54 +0000: Memory Usage (146260K) : Starting Inductor CONNECTIONS
2026-08-20 16:34:54 +0000: Memory Usage (146260K) : Starting LVS Taps CONNECTIONS
2026-08-20 16:34:54 +0000: Memory Usage (146260K) : Starting SG13G2 LVS DEVICES EXTRACTION
2026-08-20 16:34:54 +0000: Memory Usage (146260K) : Starting MOSFET EXTRACTION
2026-08-20 16:34:54 +0000: Memory Usage (146260K) : Starting NMOS EXTRACTION
2026-08-20 16:34:54 +0000: Memory Usage (146260K) : Extraction of NMOS-LV transistor
2026-08-20 16:34:54 +0000: Memory Usage (146260K) : Extraction of NMOS-HV transistor
2026-08-20 16:34:54 +0000: Memory Usage (146260K) : Starting PMOS EXTRACTION
2026-08-20 16:34:54 +0000: Memory Usage (146260K) : Extraction of PMOS-LV transistor
2026-08-20 16:34:54 +0000: Memory Usage (146260K) : Extraction of PMOS-HV transistor
2026-08-20 16:34:54 +0000: Memory Usage (146260K) : Starting RF-MOSFET EXTRACTION
2026-08-20 16:34:54 +0000: Memory Usage (146260K) : Extraction of RF-NMOS-LV transistor
2026-08-20 16:34:54 +0000: Memory Usage (146260K) : Extraction of RF-NMOS-HV transistor
2026-08-20 16:34:54 +0000: Memory Usage (146260K) : Extraction of RF-PMOS-LV transistor
2026-08-20 16:34:54 +0000: Memory Usage (146260K) : Extraction of RF-PMOS-HV transistor
2026-08-20 16:34:54 +0000: Memory Usage (146260K) : Starting BJT EXTRACTION
2026-08-20 16:34:54 +0000: Memory Usage (146260K) : Starting NPN-BJT EXTRACTION
2026-08-20 16:34:54 +0000: Memory Usage (146260K) : Extraction of npn13G2 BJT transistor
2026-08-20 16:34:54 +0000: Memory Usage (146260K) : Extraction of npn13G2L BJT transistor
2026-08-20 16:34:54 +0000: Memory Usage (146260K) : Extraction of npn13G2V BJT transistor
2026-08-20 16:34:54 +0000: Memory Usage (146260K) : Starting PNP-BJT EXTRACTION
2026-08-20 16:34:54 +0000: Memory Usage (146260K) : Extracting pnpMPA BJT
2026-08-20 16:34:54 +0000: Memory Usage (146260K) : Starting DIODE EXTRACTION
2026-08-20 16:34:54 +0000: Memory Usage (146260K) : Extracting dantenna diode
2026-08-20 16:34:54 +0000: Memory Usage (146260K) : Extracting dpantenna diode
2026-08-20 16:34:54 +0000: Memory Usage (146260K) : Extracting schottky_nbl1 diode
2026-08-20 16:34:54 +0000: Memory Usage (146260K) : Extracting isolbox diode
2026-08-20 16:34:54 +0000: Memory Usage (146260K) : Starting RESISTOR EXTRACTION
2026-08-20 16:34:54 +0000: Memory Usage (146260K) : Extracting rsil resistor
2026-08-20 16:34:54 +0000: Memory Usage (146388K) : Extracting rppd resistor
2026-08-20 16:34:54 +0000: Memory Usage (146388K) : Extracting rhigh resistor
2026-08-20 16:34:54 +0000: Memory Usage (146388K) : Extracting res_metal1 resistor
2026-08-20 16:34:54 +0000: Memory Usage (146388K) : Extracting res_metal2 resistor
2026-08-20 16:34:54 +0000: Memory Usage (146388K) : Extracting res_metal3 resistor
2026-08-20 16:34:54 +0000: Memory Usage (146388K) : Extracting res_metal4 resistor
2026-08-20 16:34:54 +0000: Memory Usage (146388K) : Extracting res_metal5 resistor
2026-08-20 16:34:54 +0000: Memory Usage (146388K) : Extracting res_topmetal1 resistor
2026-08-20 16:34:54 +0000: Memory Usage (146388K) : Extracting res_topmetal2 resistor
2026-08-20 16:34:54 +0000: Memory Usage (146388K) : Starting CAP EXTRACTION
2026-08-20 16:34:54 +0000: Memory Usage (146388K) : Extracting cap_cmim device
2026-08-20 16:34:54 +0000: Memory Usage (146388K) : Extracting rfcmim device
2026-08-20 16:34:54 +0000: Memory Usage (146388K) : Extracting sg13_hv_svaricap varactor
2026-08-20 16:34:54 +0000: Memory Usage (146388K) : Extracting cap_cmomi device
2026-08-20 16:34:54 +0000: Memory Usage (146388K) : Extracting cap_cmomf device
2026-08-20 16:34:54 +0000: Memory Usage (146388K) : Extracting sg13_moscap_n capacitor
2026-08-20 16:34:54 +0000: Memory Usage (146388K) : Extracting sg13_moscap_p capacitor
2026-08-20 16:34:54 +0000: Memory Usage (146388K) : Starting ESD EXTRACTION
2026-08-20 16:34:54 +0000: Memory Usage (146388K) : Extracting diodevdd_2kv ESD device
2026-08-20 16:34:54 +0000: Memory Usage (146388K) : Extracting diodevdd_4kv ESD device
2026-08-20 16:34:54 +0000: Memory Usage (146388K) : Extracting diodevss_2kv ESD device
2026-08-20 16:34:54 +0000: Memory Usage (146388K) : Extracting diodevss_4kv ESD device
2026-08-20 16:34:54 +0000: Memory Usage (146388K) : Extracting idiodevdd_2kv ESD device
2026-08-20 16:34:54 +0000: Memory Usage (146388K) : Extracting idiodevdd_4kv ESD device
2026-08-20 16:34:54 +0000: Memory Usage (146388K) : Extracting idiodevss_2kv ESD device
2026-08-20 16:34:54 +0000: Memory Usage (146388K) : Extracting idiodevss_4kv ESD device
2026-08-20 16:34:54 +0000: Memory Usage (146388K) : Extracting nmoscl_2 ESD device
2026-08-20 16:34:54 +0000: Memory Usage (146388K) : Extracting nmoscl_4 ESD device
2026-08-20 16:34:54 +0000: Memory Usage (146388K) : Starting Inductor EXTRACTION
2026-08-20 16:34:54 +0000: Memory Usage (146388K) : Extracting Inductor2 device
2026-08-20 16:34:54 +0000: Memory Usage (146516K) : Extracting Inductor3 device
2026-08-20 16:34:54 +0000: Memory Usage (146516K) : Starting Taps EXTRACTION
2026-08-20 16:34:54 +0000: Memory Usage (146516K) : DISABLE_TAP_EXTRACTION is enabled: skipping ntap1/ptap1 device extraction.
2026-08-20 16:34:54 +0000: Memory Usage (146516K) : Starting SG13G2 LVS RF MOS Model Mapping
2026-08-20 16:34:54 +0000: Memory Usage (146516K) : [layout_netlist] Apply RF MOS model mapping and rfmode parameter.
2026-08-20 16:34:54 +0000: Memory Usage (146516K) : Starting SG13G2 LVS Options Preparations
2026-08-20 16:34:54 +0000: Memory Usage (146516K) : SG13G2 LVS flow: extraction -> alignment -> option preparation -> comparison.
2026-08-20 16:34:54 +0000: Memory Usage (146516K) : Starting SG13G2 LVS Alignment
2026-08-20 16:34:54 +0000: Memory Usage (146516K) : Starting SG13G2 LVS Simplification
2026-08-20 16:34:54 +0000: Memory Usage (146516K) : [layout_netlist] simplify: ENABLED
2026-08-20 16:34:54 +0000: Memory Usage (146516K) : [layout_netlist] make_top_level_pins: SKIPPED
2026-08-20 16:34:54 +0000: Memory Usage (146516K) : [layout_netlist] combine_devices: SKIPPED
2026-08-20 16:34:54 +0000: Memory Usage (146516K) : [layout_netlist] purge: SKIPPED
2026-08-20 16:34:54 +0000: Memory Usage (146516K) : [layout_netlist] purge_nets: SKIPPED
2026-08-20 16:34:54 +0000: Memory Usage (146516K) : [schematic_netlist] simplify: ENABLED
2026-08-20 16:34:54 +0000: Memory Usage (146516K) : [schematic_netlist] make_top_level_pins: SKIPPED
2026-08-20 16:34:54 +0000: Memory Usage (146516K) : [schematic_netlist] combine_devices: SKIPPED
2026-08-20 16:34:54 +0000: Memory Usage (146516K) : [schematic_netlist] purge: SKIPPED
2026-08-20 16:34:54 +0000: Memory Usage (146516K) : [schematic_netlist] purge_nets: SKIPPED
2026-08-20 16:34:54 +0000: Memory Usage (146516K) : Starting SG13G2 LVS Comparison
2026-08-20 16:34:54 +0000: Memory Usage (146772K) : xxxxxxxxxxxxxxxxxxxxxxxxxxxxxxxxxxxxxxxxxx
2026-08-20 16:34:54 +0000: Memory Usage (146772K) : ERROR : Netlists don't match
2026-08-20 16:34:54 +0000: Memory Usage (146772K) : xxxxxxxxxxxxxxxxxxxxxxxxxxxxxxxxxxxxxxxxxx
2026-08-20 16:34:54 +0000: Memory Usage (146772K) : LVS Total Run time 1.755709 seconds

--- stderr ---
20-Aug-2026 16:34:52 | INFO    | Your Klayout version is: KLayout 0.30.5 (required >= 0.30.5)
20-Aug-2026 16:34:52 | INFO    | Running SG13G2 LVS checks on design /workspace/layout/blocks/out/driver_stage/probe2/pads_no_esd/driver_dut.gds on cell driver_dut
20-Aug-2026 16:34:54 | INFO    | ==============================================================================
20-Aug-2026 16:34:54 | INFO    | Important Summary
20-Aug-2026 16:34:54 | INFO    | +------------------+------------------------------------------------------------------+
20-Aug-2026 16:34:54 | INFO    | | Status           | FAIL                                                             |
20-Aug-2026 16:34:54 | INFO    | | Mode             | COMPARE                                                          |
20-Aug-2026 16:34:54 | INFO    | | Outcome          | Comparison mode: FAIL (netlists do not match).                   |
20-Aug-2026 16:34:54 | INFO    | | Layout           | driver_dut.gds                                                   |
20-Aug-2026 16:34:54 | INFO    | | Top Cell         | driver_dut                                                       |
20-Aug-2026 16:34:54 | INFO    | | Results Dir      | /workspace/layout/blocks/out/driver_stage/probe2/pads_no_esd/lvs |
20-Aug-2026 16:34:54 | INFO    | | Warnings         | 0                                                                |
20-Aug-2026 16:34:54 | INFO    | | Errors           | 1                                                                |
20-Aug-2026 16:34:54 | INFO    | | Run Time (s)     | 2.092                                                            |
20-Aug-2026 16:34:54 | INFO    | +------------------+------------------------------------------------------------------+
20-Aug-2026 16:34:54 | ERROR   | Key errors:
20-Aug-2026 16:34:54 | ERROR   |   - 2026-08-20 16:34:54 +0000: Memory Usage (146772K) : ERROR : Netlists don't match
20-Aug-2026 16:34:54 | INFO    | ==============================================================================

