$ /home/ubuntu/.local/share/ihp-eda/venv/bin/python /home/ubuntu/.local/share/ihp-eda/IHP-Open-PDK/ihp-sg13g2/libs.tech/klayout/tech/lvs/run_lvs.py --layout=/workspace/layout/blocks/out/vga_stage/vga_dut.gds --netlist=/workspace/layout/blocks/out/vga_stage/probe_tx.cdl --run_dir=/workspace/layout/blocks/out/vga_stage/lvs_probe_tx --run_mode=deep --topcell=vga_dut --implicit_nets=sub,sub! --ignore_top_ports_mismatch --disable_tap_extraction

--- stdout ---
2026-08-20 14:28:22 +0000: Memory Usage (128800K) : Starting running SG13G2 Klayout LVS runset on /workspace/layout/blocks/out/vga_stage/vga_dut.gds
2026-08-20 14:28:22 +0000: Memory Usage (128800K) : Ruby Version for klayout: 3.2.3
2026-08-20 14:28:22 +0000: Memory Usage (130012K) : Loading database to memory is complete.
2026-08-20 14:28:22 +0000: Memory Usage (130012K) : SG13G2 Klayout LVS runset output at: /workspace/layout/blocks/out/vga_stage/lvs_probe_tx/vga_dut.lvsdb
2026-08-20 14:28:22 +0000: Memory Usage (130012K) : Evaluate switches.
2026-08-20 14:28:22 +0000: Memory Usage (130012K) : Extracted netlist with net names: true
2026-08-20 14:28:22 +0000: Memory Usage (130012K) : Extracted netlist with comments in details: false
2026-08-20 14:28:22 +0000: Memory Usage (130012K) : Selected NET_ONLY option: false
2026-08-20 14:28:22 +0000: Memory Usage (130012K) : Selected LAYOUT_NETLIST option: (none)
2026-08-20 14:28:22 +0000: Memory Usage (130012K) : Selected IGNORE_TOP_PORTS_MISMATCH option: true
2026-08-20 14:28:22 +0000: Memory Usage (130012K) : Selected IMPLICIT_NETS option: sub,sub!
2026-08-20 14:28:22 +0000: Memory Usage (130012K) : Selected TOP_LVL_PINS option: false
2026-08-20 14:28:22 +0000: Memory Usage (130012K) : Selected COMBINE DEVICES option: false
2026-08-20 14:28:22 +0000: Memory Usage (130012K) : Selected PURGE option: false
2026-08-20 14:28:22 +0000: Memory Usage (130012K) : Selected PURGE_NETS option: false
2026-08-20 14:28:22 +0000: Memory Usage (130012K) : Selected SIMPLIFY option: true
2026-08-20 14:28:22 +0000: Memory Usage (130012K) : Selected SERIES_RES option: true
2026-08-20 14:28:22 +0000: Memory Usage (130012K) : Selected PARALLEL_RES option: true
2026-08-20 14:28:22 +0000: Memory Usage (130012K) : Selected DISABLE_TAP_EXTRACTION option: true
2026-08-20 14:28:22 +0000: Memory Usage (130012K) : deep  mode is enabled.
2026-08-20 14:28:22 +0000: Memory Usage (130012K) : Applying implicit connections (case-sensitive, pattern supported) for nets: sub, sub!
2026-08-20 14:28:22 +0000: Memory Usage (130140K) : Netlist file: /workspace/layout/blocks/out/vga_stage/probe_tx.cdl
2026-08-20 14:28:22 +0000: Memory Usage (130140K) : LVS extracted netlist at: /workspace/layout/blocks/out/vga_stage/lvs_probe_tx/vga_dut_extracted.cir
2026-08-20 14:28:22 +0000: Memory Usage (130140K) : Applying SRAM integration support.
2026-08-20 14:28:22 +0000: Memory Usage (130140K) : Starting SG13G2 LVS runset
2026-08-20 14:28:22 +0000: Memory Usage (130140K) : Read in polygons from layers.
2026-08-20 14:28:22 +0000: Memory Usage (131088K) : activ_drw has 1117 polygons
2026-08-20 14:28:22 +0000: Memory Usage (131088K) : activ_filler has 0 polygons
2026-08-20 14:28:22 +0000: Memory Usage (131216K) : activ has 1117 polygons
2026-08-20 14:28:22 +0000: Memory Usage (131216K) : activ_pin has 0 polygons
2026-08-20 14:28:22 +0000: Memory Usage (131216K) : activ_mask has 0 polygons
2026-08-20 14:28:22 +0000: Memory Usage (131216K) : activ_nofill has 0 polygons
2026-08-20 14:28:22 +0000: Memory Usage (131216K) : activ_OPC has 0 polygons
2026-08-20 14:28:22 +0000: Memory Usage (131216K) : activ_iOPC has 0 polygons
2026-08-20 14:28:22 +0000: Memory Usage (131216K) : activ_noqrc has 0 polygons
2026-08-20 14:28:22 +0000: Memory Usage (131216K) : biwind_drw has 0 polygons
2026-08-20 14:28:22 +0000: Memory Usage (131216K) : biwind_OPC has 0 polygons
2026-08-20 14:28:22 +0000: Memory Usage (131216K) : gatpoly_drw has 174 polygons
2026-08-20 14:28:22 +0000: Memory Usage (131216K) : gatpoly_filler has 0 polygons
2026-08-20 14:28:22 +0000: Memory Usage (131216K) : gatpoly has 174 polygons
2026-08-20 14:28:22 +0000: Memory Usage (131216K) : gatpoly_pin has 155 polygons
2026-08-20 14:28:22 +0000: Memory Usage (131304K) : gatpoly_nofill has 0 polygons
2026-08-20 14:28:22 +0000: Memory Usage (131816K) : gatpoly_OPC has 0 polygons
2026-08-20 14:28:22 +0000: Memory Usage (131816K) : gatpoly_iOPC has 0 polygons
2026-08-20 14:28:22 +0000: Memory Usage (131816K) : gatpoly_noqrc has 0 polygons
2026-08-20 14:28:22 +0000: Memory Usage (131816K) : cont_drw has 11626 polygons
2026-08-20 14:28:22 +0000: Memory Usage (131816K) : cont_OPC has 0 polygons
2026-08-20 14:28:22 +0000: Memory Usage (131816K) : nsd_drw has 0 polygons
2026-08-20 14:28:22 +0000: Memory Usage (131816K) : nsd_block has 0 polygons
2026-08-20 14:28:22 +0000: Memory Usage (131816K) : metal1_drw has 1939 polygons
2026-08-20 14:28:22 +0000: Memory Usage (131816K) : metal1_filler has 0 polygons
2026-08-20 14:28:22 +0000: Memory Usage (131816K) : metal1_slit has 0 polygons
2026-08-20 14:28:22 +0000: Memory Usage (131816K) : metal1 has 1939 polygons
2026-08-20 14:28:22 +0000: Memory Usage (131816K) : metal1_pin has 962 polygons
2026-08-20 14:28:22 +0000: Memory Usage (131816K) : metal1_mask has 0 polygons
2026-08-20 14:28:22 +0000: Memory Usage (131816K) : metal1_nofill has 0 polygons
2026-08-20 14:28:22 +0000: Memory Usage (131944K) : metal1_text has 0 polygons
2026-08-20 14:28:22 +0000: Memory Usage (131944K) : metal1_OPC has 0 polygons
2026-08-20 14:28:22 +0000: Memory Usage (131944K) : metal1_noqrc has 0 polygons
2026-08-20 14:28:22 +0000: Memory Usage (131944K) : metal1_res has 0 polygons
2026-08-20 14:28:22 +0000: Memory Usage (131944K) : metal1_iprobe has 0 polygons
2026-08-20 14:28:22 +0000: Memory Usage (131944K) : metal1_diffprb has 0 polygons
2026-08-20 14:28:22 +0000: Memory Usage (131944K) : passiv_drw has 0 polygons
2026-08-20 14:28:22 +0000: Memory Usage (131944K) : passiv_pin has 0 polygons
2026-08-20 14:28:22 +0000: Memory Usage (131944K) : passiv_sbump has 0 polygons
2026-08-20 14:28:22 +0000: Memory Usage (132072K) : passiv_pillar has 0 polygons
2026-08-20 14:28:22 +0000: Memory Usage (132072K) : passiv_pdl has 0 polygons
2026-08-20 14:28:22 +0000: Memory Usage (132200K) : metal2_drw has 664 polygons
2026-08-20 14:28:22 +0000: Memory Usage (132200K) : metal2_filler has 0 polygons
2026-08-20 14:28:22 +0000: Memory Usage (132200K) : metal2_slit has 0 polygons
2026-08-20 14:28:22 +0000: Memory Usage (132328K) : metal2 has 664 polygons
2026-08-20 14:28:22 +0000: Memory Usage (132456K) : metal2_pin has 0 polygons
2026-08-20 14:28:22 +0000: Memory Usage (132456K) : metal2_mask has 0 polygons
2026-08-20 14:28:22 +0000: Memory Usage (132456K) : metal2_nofill has 0 polygons
2026-08-20 14:28:22 +0000: Memory Usage (132584K) : metal2_text has 0 polygons
2026-08-20 14:28:22 +0000: Memory Usage (132584K) : metal2_OPC has 0 polygons
2026-08-20 14:28:22 +0000: Memory Usage (132584K) : metal2_noqrc has 0 polygons
2026-08-20 14:28:22 +0000: Memory Usage (132712K) : metal2_res has 0 polygons
2026-08-20 14:28:22 +0000: Memory Usage (132712K) : metal2_iprobe has 0 polygons
2026-08-20 14:28:22 +0000: Memory Usage (132712K) : metal2_diffprb has 0 polygons
2026-08-20 14:28:22 +0000: Memory Usage (132840K) : baspoly_drw has 0 polygons
2026-08-20 14:28:22 +0000: Memory Usage (132840K) : baspoly_pin has 0 polygons
2026-08-20 14:28:22 +0000: Memory Usage (132840K) : psd_drw has 652 polygons
2026-08-20 14:28:22 +0000: Memory Usage (132840K) : nldb_drw has 0 polygons
2026-08-20 14:28:22 +0000: Memory Usage (132840K) : digibnd_drw has 0 polygons
2026-08-20 14:28:22 +0000: Memory Usage (132968K) : via1_drw has 7448 polygons
2026-08-20 14:28:22 +0000: Memory Usage (132968K) : backmetal1_drw has 0 polygons
2026-08-20 14:28:22 +0000: Memory Usage (132968K) : backmetal1_pin has 0 polygons
2026-08-20 14:28:22 +0000: Memory Usage (132968K) : backmetal1_mask has 0 polygons
2026-08-20 14:28:22 +0000: Memory Usage (133096K) : backmetal1_filler has 0 polygons
2026-08-20 14:28:22 +0000: Memory Usage (133096K) : backmetal1_nofill has 0 polygons
2026-08-20 14:28:22 +0000: Memory Usage (133096K) : backmetal1_slit has 0 polygons
2026-08-20 14:28:22 +0000: Memory Usage (133096K) : backmetal1_text has 0 polygons
2026-08-20 14:28:22 +0000: Memory Usage (133224K) : backmetal1_OPC has 0 polygons
2026-08-20 14:28:22 +0000: Memory Usage (133224K) : backmetal1_noqrc has 0 polygons
2026-08-20 14:28:22 +0000: Memory Usage (133224K) : backmetal1_res has 0 polygons
2026-08-20 14:28:22 +0000: Memory Usage (133224K) : backmetal1_iprobe has 0 polygons
2026-08-20 14:28:22 +0000: Memory Usage (133352K) : backmetal1_diffprb has 0 polygons
2026-08-20 14:28:22 +0000: Memory Usage (133352K) : backpassiv_drw has 0 polygons
2026-08-20 14:28:22 +0000: Memory Usage (133352K) : res_drw has 0 polygons
2026-08-20 14:28:22 +0000: Memory Usage (133352K) : sram_drw has 0 polygons
2026-08-20 14:28:22 +0000: Memory Usage (133480K) : trans_drw has 0 polygons
2026-08-20 14:28:22 +0000: Memory Usage (133480K) : ind_drw has 0 polygons
2026-08-20 14:28:22 +0000: Memory Usage (133480K) : ind_pin has 0 polygons
2026-08-20 14:28:22 +0000: Memory Usage (133480K) : ind_text has 0 polygons
2026-08-20 14:28:22 +0000: Memory Usage (133608K) : salblock_drw has 0 polygons
2026-08-20 14:28:22 +0000: Memory Usage (133608K) : via2_drw has 17 polygons
2026-08-20 14:28:22 +0000: Memory Usage (133608K) : metal3_drw has 17 polygons
2026-08-20 14:28:22 +0000: Memory Usage (133608K) : metal3_filler has 0 polygons
2026-08-20 14:28:22 +0000: Memory Usage (133736K) : metal3_slit has 0 polygons
2026-08-20 14:28:22 +0000: Memory Usage (133736K) : metal3 has 17 polygons
2026-08-20 14:28:22 +0000: Memory Usage (133736K) : metal3_pin has 0 polygons
2026-08-20 14:28:22 +0000: Memory Usage (133864K) : metal3_mask has 0 polygons
2026-08-20 14:28:22 +0000: Memory Usage (133864K) : metal3_nofill has 0 polygons
2026-08-20 14:28:22 +0000: Memory Usage (133864K) : metal3_text has 0 polygons
2026-08-20 14:28:22 +0000: Memory Usage (133864K) : metal3_OPC has 0 polygons
2026-08-20 14:28:22 +0000: Memory Usage (133992K) : metal3_noqrc has 0 polygons
2026-08-20 14:28:22 +0000: Memory Usage (133992K) : metal3_res has 0 polygons
2026-08-20 14:28:22 +0000: Memory Usage (133992K) : metal3_iprobe has 0 polygons
2026-08-20 14:28:22 +0000: Memory Usage (133992K) : metal3_diffprb has 0 polygons
2026-08-20 14:28:22 +0000: Memory Usage (133992K) : nwell_drw has 0 polygons
2026-08-20 14:28:22 +0000: Memory Usage (133992K) : nwell_pin has 0 polygons
2026-08-20 14:28:22 +0000: Memory Usage (133992K) : nwell_text has 0 polygons
2026-08-20 14:28:22 +0000: Memory Usage (133992K) : nbulay_drw has 0 polygons
2026-08-20 14:28:22 +0000: Memory Usage (133992K) : nbulay_pin has 0 polygons
2026-08-20 14:28:22 +0000: Memory Usage (133992K) : nbulay_block has 0 polygons
2026-08-20 14:28:22 +0000: Memory Usage (133992K) : emwind_drw has 0 polygons
2026-08-20 14:28:22 +0000: Memory Usage (133992K) : emwind_OPC has 0 polygons
2026-08-20 14:28:22 +0000: Memory Usage (133992K) : deepco_drw has 0 polygons
2026-08-20 14:28:22 +0000: Memory Usage (133992K) : mim_drw has 0 polygons
2026-08-20 14:28:22 +0000: Memory Usage (134120K) : edgeseal_drw has 0 polygons
2026-08-20 14:28:22 +0000: Memory Usage (134120K) : substrate_drw has 652 polygons
2026-08-20 14:28:22 +0000: Memory Usage (134120K) : substrate_text has 0 polygons
2026-08-20 14:28:22 +0000: Memory Usage (134120K) : dfpad_drw has 0 polygons
2026-08-20 14:28:22 +0000: Memory Usage (134120K) : dfpad_pillar has 0 polygons
2026-08-20 14:28:22 +0000: Memory Usage (134120K) : dfpad_sbump has 0 polygons
2026-08-20 14:28:22 +0000: Memory Usage (134248K) : thickgateox_drw has 0 polygons
2026-08-20 14:28:22 +0000: Memory Usage (134248K) : pldb_drw has 0 polygons
2026-08-20 14:28:22 +0000: Memory Usage (134248K) : pwell_drw has 0 polygons
2026-08-20 14:28:22 +0000: Memory Usage (134248K) : pwell_pin has 0 polygons
2026-08-20 14:28:22 +0000: Memory Usage (134248K) : pwell_block has 0 polygons
2026-08-20 14:28:22 +0000: Memory Usage (134248K) : ic_drw has 0 polygons
2026-08-20 14:28:22 +0000: Memory Usage (134376K) : via3_drw has 12 polygons
2026-08-20 14:28:22 +0000: Memory Usage (134376K) : metal4_drw has 6 polygons
2026-08-20 14:28:22 +0000: Memory Usage (134376K) : metal4_filler has 0 polygons
2026-08-20 14:28:22 +0000: Memory Usage (134376K) : metal4_slit has 0 polygons
2026-08-20 14:28:22 +0000: Memory Usage (134376K) : metal4 has 6 polygons
2026-08-20 14:28:22 +0000: Memory Usage (134504K) : metal4_pin has 0 polygons
2026-08-20 14:28:22 +0000: Memory Usage (134504K) : metal4_mask has 0 polygons
2026-08-20 14:28:22 +0000: Memory Usage (134504K) : metal4_nofill has 0 polygons
2026-08-20 14:28:22 +0000: Memory Usage (134504K) : metal4_text has 0 polygons
2026-08-20 14:28:22 +0000: Memory Usage (134504K) : metal4_OPC has 0 polygons
2026-08-20 14:28:22 +0000: Memory Usage (134504K) : metal4_noqrc has 0 polygons
2026-08-20 14:28:22 +0000: Memory Usage (134504K) : metal4_res has 0 polygons
2026-08-20 14:28:22 +0000: Memory Usage (134632K) : metal4_iprobe has 0 polygons
2026-08-20 14:28:22 +0000: Memory Usage (134632K) : metal4_diffprb has 0 polygons
2026-08-20 14:28:22 +0000: Memory Usage (134632K) : heattrans_drw has 155 polygons
2026-08-20 14:28:22 +0000: Memory Usage (134632K) : heatres_drw has 0 polygons
2026-08-20 14:28:22 +0000: Memory Usage (134632K) : fbe_drw has 0 polygons
2026-08-20 14:28:22 +0000: Memory Usage (134760K) : empoly_drw has 0 polygons
2026-08-20 14:28:22 +0000: Memory Usage (134760K) : digisub_drw has 0 polygons
2026-08-20 14:28:22 +0000: Memory Usage (135016K) : text_drw has 807 polygons
2026-08-20 14:28:22 +0000: Memory Usage (135016K) : via4_drw has 12 polygons
2026-08-20 14:28:22 +0000: Memory Usage (135016K) : metal5_drw has 8 polygons
2026-08-20 14:28:22 +0000: Memory Usage (135016K) : metal5_filler has 0 polygons
2026-08-20 14:28:22 +0000: Memory Usage (135144K) : metal5_slit has 0 polygons
2026-08-20 14:28:22 +0000: Memory Usage (135144K) : metal5 has 8 polygons
2026-08-20 14:28:22 +0000: Memory Usage (135144K) : metal5_pin has 0 polygons
2026-08-20 14:28:22 +0000: Memory Usage (135144K) : metal5_mask has 0 polygons
2026-08-20 14:28:22 +0000: Memory Usage (135144K) : metal5_nofill has 0 polygons
2026-08-20 14:28:22 +0000: Memory Usage (135144K) : metal5_text has 0 polygons
2026-08-20 14:28:22 +0000: Memory Usage (135144K) : metal5_OPC has 0 polygons
2026-08-20 14:28:22 +0000: Memory Usage (135272K) : metal5_noqrc has 0 polygons
2026-08-20 14:28:22 +0000: Memory Usage (135272K) : metal5_res has 0 polygons
2026-08-20 14:28:22 +0000: Memory Usage (135272K) : metal5_iprobe has 0 polygons
2026-08-20 14:28:22 +0000: Memory Usage (135272K) : metal5_diffprb has 0 polygons
2026-08-20 14:28:22 +0000: Memory Usage (135272K) : radhard_drw has 0 polygons
2026-08-20 14:28:22 +0000: Memory Usage (135272K) : memcap_drw has 0 polygons
2026-08-20 14:28:22 +0000: Memory Usage (135400K) : varicap_drw has 0 polygons
2026-08-20 14:28:22 +0000: Memory Usage (135400K) : intbondvia_drw has 0 polygons
2026-08-20 14:28:22 +0000: Memory Usage (135400K) : intbondmet_drw has 0 polygons
2026-08-20 14:28:22 +0000: Memory Usage (135400K) : devbondvia_drw has 0 polygons
2026-08-20 14:28:22 +0000: Memory Usage (135400K) : devbondmet_drw has 0 polygons
2026-08-20 14:28:22 +0000: Memory Usage (135528K) : devtrench_drw has 0 polygons
2026-08-20 14:28:22 +0000: Memory Usage (135528K) : redist_drw has 0 polygons
2026-08-20 14:28:22 +0000: Memory Usage (135528K) : graphbot_drw has 0 polygons
2026-08-20 14:28:22 +0000: Memory Usage (135528K) : graphtop_drw has 0 polygons
2026-08-20 14:28:22 +0000: Memory Usage (135528K) : antvia1_drw has 0 polygons
2026-08-20 14:28:22 +0000: Memory Usage (135528K) : antmetal2_drw has 0 polygons
2026-08-20 14:28:22 +0000: Memory Usage (135656K) : graphcont_drw has 0 polygons
2026-08-20 14:28:22 +0000: Memory Usage (135656K) : siwg_drw has 0 polygons
2026-08-20 14:28:22 +0000: Memory Usage (135656K) : siwg_filler has 0 polygons
2026-08-20 14:28:22 +0000: Memory Usage (135656K) : siwg_nofill has 0 polygons
2026-08-20 14:28:22 +0000: Memory Usage (135656K) : sigrating_drw has 0 polygons
2026-08-20 14:28:22 +0000: Memory Usage (135656K) : singrating_drw has 0 polygons
2026-08-20 14:28:22 +0000: Memory Usage (135784K) : graphpas_drw has 0 polygons
2026-08-20 14:28:22 +0000: Memory Usage (135784K) : emwind3_drw has 0 polygons
2026-08-20 14:28:22 +0000: Memory Usage (135784K) : emwihv3_drw has 0 polygons
2026-08-20 14:28:22 +0000: Memory Usage (135784K) : redbulay_drw has 0 polygons
2026-08-20 14:28:22 +0000: Memory Usage (135784K) : smos_drw has 0 polygons
2026-08-20 14:28:22 +0000: Memory Usage (135784K) : graphpad_drw has 0 polygons
2026-08-20 14:28:22 +0000: Memory Usage (135784K) : polimide_drw has 0 polygons
2026-08-20 14:28:22 +0000: Memory Usage (135912K) : polimide_pin has 0 polygons
2026-08-20 14:28:22 +0000: Memory Usage (135912K) : recog_drw has 0 polygons
2026-08-20 14:28:22 +0000: Memory Usage (135912K) : recog_pin has 0 polygons
2026-08-20 14:28:22 +0000: Memory Usage (135912K) : recog_esd has 0 polygons
2026-08-20 14:28:22 +0000: Memory Usage (135912K) : recog_diode has 0 polygons
2026-08-20 14:28:22 +0000: Memory Usage (136040K) : recog_tsv has 0 polygons
2026-08-20 14:28:22 +0000: Memory Usage (136040K) : recog_iprobe has 0 polygons
2026-08-20 14:28:22 +0000: Memory Usage (136040K) : recog_diffprb has 0 polygons
2026-08-20 14:28:22 +0000: Memory Usage (136040K) : recog_pillar has 0 polygons
2026-08-20 14:28:22 +0000: Memory Usage (136040K) : recog_sbump has 0 polygons
2026-08-20 14:28:22 +0000: Memory Usage (136040K) : recog_otp has 0 polygons
2026-08-20 14:28:22 +0000: Memory Usage (136168K) : recog_pdiode has 0 polygons
2026-08-20 14:28:22 +0000: Memory Usage (136168K) : recog_mom has 0 polygons
2026-08-20 14:28:22 +0000: Memory Usage (136168K) : recog_momf has 0 polygons
2026-08-20 14:28:22 +0000: Memory Usage (136168K) : recog_pcm has 0 polygons
2026-08-20 14:28:22 +0000: Memory Usage (136168K) : colopen_drw has 0 polygons
2026-08-20 14:28:22 +0000: Memory Usage (136168K) : graphmetal1_drw has 0 polygons
2026-08-20 14:28:22 +0000: Memory Usage (136296K) : graphmetal1_filler has 0 polygons
2026-08-20 14:28:22 +0000: Memory Usage (136296K) : graphmetal1_nofill has 0 polygons
2026-08-20 14:28:22 +0000: Memory Usage (136296K) : graphmetal1_slit has 0 polygons
2026-08-20 14:28:22 +0000: Memory Usage (136296K) : graphmetal1_OPC has 0 polygons
2026-08-20 14:28:22 +0000: Memory Usage (136296K) : graphmet1l_drw has 0 polygons
2026-08-20 14:28:22 +0000: Memory Usage (136296K) : graphmet1l_filler has 0 polygons
2026-08-20 14:28:22 +0000: Memory Usage (136424K) : graphmet1l_nofill has 0 polygons
2026-08-20 14:28:22 +0000: Memory Usage (136424K) : graphmet1l_slit has 0 polygons
2026-08-20 14:28:22 +0000: Memory Usage (136424K) : graphmet1l_OPC has 0 polygons
2026-08-20 14:28:22 +0000: Memory Usage (136424K) : extblock_drw has 0 polygons
2026-08-20 14:28:22 +0000: Memory Usage (136424K) : nldd_drw has 0 polygons
2026-08-20 14:28:22 +0000: Memory Usage (136424K) : pldd_drw has 0 polygons
2026-08-20 14:28:22 +0000: Memory Usage (136552K) : next_drw has 0 polygons
2026-08-20 14:28:22 +0000: Memory Usage (136552K) : pext_drw has 0 polygons
2026-08-20 14:28:22 +0000: Memory Usage (136552K) : nexthv_drw has 0 polygons
2026-08-20 14:28:22 +0000: Memory Usage (136552K) : pexthv_drw has 0 polygons
2026-08-20 14:28:22 +0000: Memory Usage (136552K) : graphgate_drw has 0 polygons
2026-08-20 14:28:22 +0000: Memory Usage (136680K) : sinwg_drw has 0 polygons
2026-08-20 14:28:22 +0000: Memory Usage (136680K) : sinwg_filler has 0 polygons
2026-08-20 14:28:22 +0000: Memory Usage (136680K) : sinwg_nofill has 0 polygons
2026-08-20 14:28:22 +0000: Memory Usage (136680K) : mempad_drw has 0 polygons
2026-08-20 14:28:22 +0000: Memory Usage (136680K) : topvia1_drw has 0 polygons
2026-08-20 14:28:22 +0000: Memory Usage (136680K) : topmetal1_drw has 0 polygons
2026-08-20 14:28:22 +0000: Memory Usage (136680K) : topmetal1_filler has 0 polygons
2026-08-20 14:28:22 +0000: Memory Usage (136680K) : topmetal1_slit has 0 polygons
2026-08-20 14:28:22 +0000: Memory Usage (136808K) : topmetal1 has 0 polygons
2026-08-20 14:28:22 +0000: Memory Usage (136808K) : topmetal1_pin has 0 polygons
2026-08-20 14:28:22 +0000: Memory Usage (136808K) : topmetal1_mask has 0 polygons
2026-08-20 14:28:22 +0000: Memory Usage (136808K) : topmetal1_nofill has 0 polygons
2026-08-20 14:28:22 +0000: Memory Usage (136808K) : topmetal1_text has 0 polygons
2026-08-20 14:28:22 +0000: Memory Usage (136808K) : topmetal1_noqrc has 0 polygons
2026-08-20 14:28:22 +0000: Memory Usage (136936K) : topmetal1_res has 0 polygons
2026-08-20 14:28:22 +0000: Memory Usage (136936K) : topmetal1_iprobe has 0 polygons
2026-08-20 14:28:22 +0000: Memory Usage (136936K) : topmetal1_diffprb has 0 polygons
2026-08-20 14:28:22 +0000: Memory Usage (136936K) : inldpwl_drw has 0 polygons
2026-08-20 14:28:22 +0000: Memory Usage (136936K) : polyres_drw has 0 polygons
2026-08-20 14:28:22 +0000: Memory Usage (136936K) : polyres_pin has 0 polygons
2026-08-20 14:28:22 +0000: Memory Usage (137064K) : vmim_drw has 0 polygons
2026-08-20 14:28:22 +0000: Memory Usage (137064K) : nbulaycut_drw has 0 polygons
2026-08-20 14:28:22 +0000: Memory Usage (137064K) : antmetal1_drw has 0 polygons
2026-08-20 14:28:22 +0000: Memory Usage (137064K) : topvia2_drw has 0 polygons
2026-08-20 14:28:22 +0000: Memory Usage (137192K) : topmetal2_drw has 0 polygons
2026-08-20 14:28:22 +0000: Memory Usage (137192K) : topmetal2_filler has 0 polygons
2026-08-20 14:28:22 +0000: Memory Usage (137192K) : topmetal2_slit has 0 polygons
2026-08-20 14:28:22 +0000: Memory Usage (137192K) : topmetal2 has 0 polygons
2026-08-20 14:28:22 +0000: Memory Usage (137320K) : topmetal2_pin has 0 polygons
2026-08-20 14:28:22 +0000: Memory Usage (137320K) : topmetal2_mask has 0 polygons
2026-08-20 14:28:22 +0000: Memory Usage (137320K) : topmetal2_nofill has 0 polygons
2026-08-20 14:28:22 +0000: Memory Usage (137320K) : topmetal2_text has 0 polygons
2026-08-20 14:28:22 +0000: Memory Usage (137448K) : topmetal2_noqrc has 0 polygons
2026-08-20 14:28:22 +0000: Memory Usage (137448K) : topmetal2_res has 0 polygons
2026-08-20 14:28:22 +0000: Memory Usage (137448K) : topmetal2_iprobe has 0 polygons
2026-08-20 14:28:22 +0000: Memory Usage (137576K) : topmetal2_diffprb has 0 polygons
2026-08-20 14:28:22 +0000: Memory Usage (137576K) : snsring_drw has 0 polygons
2026-08-20 14:28:22 +0000: Memory Usage (137576K) : sensor_drw has 0 polygons
2026-08-20 14:28:22 +0000: Memory Usage (137704K) : snsarms_drw has 0 polygons
2026-08-20 14:28:22 +0000: Memory Usage (137704K) : snscmosvia_drw has 0 polygons
2026-08-20 14:28:22 +0000: Memory Usage (137704K) : colwind_drw has 0 polygons
2026-08-20 14:28:22 +0000: Memory Usage (137704K) : flm_drw has 0 polygons
2026-08-20 14:28:22 +0000: Memory Usage (137832K) : hafniumox_drw has 0 polygons
2026-08-20 14:28:22 +0000: Memory Usage (137832K) : memvia_drw has 0 polygons
2026-08-20 14:28:22 +0000: Memory Usage (137832K) : thinfilmres_drw has 0 polygons
2026-08-20 14:28:22 +0000: Memory Usage (137960K) : rfmem_drw has 0 polygons
2026-08-20 14:28:22 +0000: Memory Usage (137960K) : norcx_drw has 0 polygons
2026-08-20 14:28:22 +0000: Memory Usage (137960K) : norcx_m2m3 has 0 polygons
2026-08-20 14:28:22 +0000: Memory Usage (137960K) : norcx_m2m4 has 0 polygons
2026-08-20 14:28:22 +0000: Memory Usage (138088K) : norcx_m2m5 has 0 polygons
2026-08-20 14:28:22 +0000: Memory Usage (138088K) : norcx_m2tm1 has 0 polygons
2026-08-20 14:28:22 +0000: Memory Usage (138088K) : norcx_m2tm2 has 0 polygons
2026-08-20 14:28:22 +0000: Memory Usage (138088K) : norcx_m3m4 has 0 polygons
2026-08-20 14:28:22 +0000: Memory Usage (138216K) : norcx_m3m5 has 0 polygons
2026-08-20 14:28:22 +0000: Memory Usage (138216K) : norcx_m3tm1 has 0 polygons
2026-08-20 14:28:22 +0000: Memory Usage (138344K) : norcx_m3tm2 has 0 polygons
2026-08-20 14:28:22 +0000: Memory Usage (138344K) : norcx_m4m5 has 0 polygons
2026-08-20 14:28:22 +0000: Memory Usage (138344K) : norcx_m4tm1 has 0 polygons
2026-08-20 14:28:22 +0000: Memory Usage (138344K) : norcx_m4tm2 has 0 polygons
2026-08-20 14:28:22 +0000: Memory Usage (138344K) : norcx_m5tm1 has 0 polygons
2026-08-20 14:28:22 +0000: Memory Usage (138344K) : norcx_m5tm2 has 0 polygons
2026-08-20 14:28:22 +0000: Memory Usage (138344K) : norcx_tm1tm2 has 0 polygons
2026-08-20 14:28:22 +0000: Memory Usage (138344K) : norcx_m1sub has 0 polygons
2026-08-20 14:28:22 +0000: Memory Usage (138344K) : norcx_m2sub has 0 polygons
2026-08-20 14:28:22 +0000: Memory Usage (138344K) : norcx_m3sub has 0 polygons
2026-08-20 14:28:22 +0000: Memory Usage (138344K) : norcx_m4sub has 0 polygons
2026-08-20 14:28:22 +0000: Memory Usage (138344K) : norcx_m5sub has 0 polygons
2026-08-20 14:28:22 +0000: Memory Usage (138344K) : norcx_tm1sub has 0 polygons
2026-08-20 14:28:22 +0000: Memory Usage (138344K) : norcx_tm2sub has 0 polygons
2026-08-20 14:28:22 +0000: Memory Usage (138344K) : snsbotvia_drw has 0 polygons
2026-08-20 14:28:22 +0000: Memory Usage (138344K) : snstopvia_drw has 0 polygons
2026-08-20 14:28:22 +0000: Memory Usage (138344K) : deepvia_drw has 0 polygons
2026-08-20 14:28:22 +0000: Memory Usage (138344K) : fgetch_drw has 0 polygons
2026-08-20 14:28:22 +0000: Memory Usage (138344K) : ctrgat_drw has 0 polygons
2026-08-20 14:28:22 +0000: Memory Usage (138344K) : fgimp_drw has 0 polygons
2026-08-20 14:28:22 +0000: Memory Usage (138344K) : emwihv_drw has 0 polygons
2026-08-20 14:28:22 +0000: Memory Usage (138344K) : lbe_drw has 0 polygons
2026-08-20 14:28:22 +0000: Memory Usage (138344K) : alcustop_drw has 0 polygons
2026-08-20 14:28:22 +0000: Memory Usage (138344K) : nometfiller_drw has 0 polygons
2026-08-20 14:28:22 +0000: Memory Usage (138344K) : prboundary_drw has 0 polygons
2026-08-20 14:28:22 +0000: Memory Usage (138344K) : exchange0_drw has 0 polygons
2026-08-20 14:28:22 +0000: Memory Usage (138344K) : exchange0_pin has 0 polygons
2026-08-20 14:28:22 +0000: Memory Usage (138344K) : exchange0_text has 0 polygons
2026-08-20 14:28:22 +0000: Memory Usage (138344K) : exchange1_drw has 0 polygons
2026-08-20 14:28:22 +0000: Memory Usage (138344K) : exchange1_pin has 0 polygons
2026-08-20 14:28:22 +0000: Memory Usage (138344K) : exchange1_text has 0 polygons
2026-08-20 14:28:22 +0000: Memory Usage (138344K) : exchange2_drw has 0 polygons
2026-08-20 14:28:22 +0000: Memory Usage (138344K) : exchange2_pin has 0 polygons
2026-08-20 14:28:22 +0000: Memory Usage (138344K) : exchange2_text has 0 polygons
2026-08-20 14:28:22 +0000: Memory Usage (138344K) : exchange3_drw has 0 polygons
2026-08-20 14:28:22 +0000: Memory Usage (138344K) : exchange3_pin has 0 polygons
2026-08-20 14:28:22 +0000: Memory Usage (138344K) : exchange3_text has 0 polygons
2026-08-20 14:28:22 +0000: Memory Usage (138344K) : exchange4_drw has 0 polygons
2026-08-20 14:28:22 +0000: Memory Usage (138344K) : exchange4_pin has 0 polygons
2026-08-20 14:28:22 +0000: Memory Usage (138344K) : exchange4_text has 0 polygons
2026-08-20 14:28:22 +0000: Memory Usage (138344K) : isonwell_drw has 0 polygons
2026-08-20 14:28:22 +0000: Memory Usage (138344K) : Total no. of polygons in the design is 26423
2026-08-20 14:28:22 +0000: Memory Usage (138344K) : Starting base layers derivations
2026-08-20 14:28:22 +0000: Memory Usage (138344K) : Starting general LVS derivations
2026-08-20 14:28:22 +0000: Memory Usage (142952K) : Starting MOSFET DERIVATIONS
2026-08-20 14:28:22 +0000: Memory Usage (142952K) : Starting NMOS DERIVATIONS
2026-08-20 14:28:22 +0000: Memory Usage (142952K) : Starting PMOS DERIVATIONS
2026-08-20 14:28:22 +0000: Memory Usage (142952K) : Starting RF-MOSFET DERIVATIONS
2026-08-20 14:28:22 +0000: Memory Usage (142952K) : Starting RF-NMOS DERIVATIONS
2026-08-20 14:28:22 +0000: Memory Usage (142952K) : Starting RF-PMOS DERIVATIONS
2026-08-20 14:28:22 +0000: Memory Usage (142952K) : Starting BJT DERIVATIONS
2026-08-20 14:28:22 +0000: Memory Usage (142952K) : Starting NPN-BJT DERIVATIONS
2026-08-20 14:28:22 +0000: Memory Usage (142952K) : Starting PNP-BJT DERIVATIONS
2026-08-20 14:28:22 +0000: Memory Usage (142952K) : Starting DIODE DERIVATIONS
2026-08-20 14:28:22 +0000: Memory Usage (142952K) : Starting RESISTOR DERIVATIONS
2026-08-20 14:28:22 +0000: Memory Usage (142952K) : Starting CAP DERIVATIONS
2026-08-20 14:28:22 +0000: Memory Usage (142952K) : Starting CAP_CMOM DERIVATIONS
2026-08-20 14:28:22 +0000: Memory Usage (142952K) : Starting CAP_CMOMF DERIVATIONS
2026-08-20 14:28:22 +0000: Memory Usage (142952K) : Starting ESD DERIVATIONS
2026-08-20 14:28:23 +0000: Memory Usage (142952K) : Starting Inductor DERIVATIONS
2026-08-20 14:28:23 +0000: Memory Usage (143208K) : Starting Taps DERIVATIONS
2026-08-20 14:28:23 +0000: Memory Usage (143208K) : Starting SG13G2 LVS connectivity setup
2026-08-20 14:28:23 +0000: Memory Usage (143208K) : Starting SG13G2 LVS connectivity setup (Inter-layer)
2026-08-20 14:28:23 +0000: Memory Usage (143208K) : Starting SG13G2 LVS connectivity setup (Global)
2026-08-20 14:28:23 +0000: Memory Usage (143208K) : Starting LVS MOSFET CONNECTIONS
2026-08-20 14:28:23 +0000: Memory Usage (143208K) : Starting LVS RF-MOSFET CONNECTIONS
2026-08-20 14:28:23 +0000: Memory Usage (143208K) : Starting LVS BJT CONNECTIONS
2026-08-20 14:28:23 +0000: Memory Usage (143208K) : Starting LVS DIODE CONNECTIONS
2026-08-20 14:28:23 +0000: Memory Usage (143208K) : Starting RESISTOR CONNECTIONS
2026-08-20 14:28:23 +0000: Memory Usage (143208K) : Starting LVS CAP CONNECTIONS
2026-08-20 14:28:23 +0000: Memory Usage (143208K) : Starting CAP_CMOM CONNECTIONS
2026-08-20 14:28:23 +0000: Memory Usage (143208K) : Starting CAP_CMOMF CONNECTIONS
2026-08-20 14:28:23 +0000: Memory Usage (143208K) : Starting ESD CONNECTIONS
2026-08-20 14:28:23 +0000: Memory Usage (143208K) : Starting Inductor CONNECTIONS
2026-08-20 14:28:23 +0000: Memory Usage (143208K) : Starting LVS Taps CONNECTIONS
2026-08-20 14:28:23 +0000: Memory Usage (143208K) : Starting SG13G2 LVS DEVICES EXTRACTION
2026-08-20 14:28:23 +0000: Memory Usage (143208K) : Starting MOSFET EXTRACTION
2026-08-20 14:28:23 +0000: Memory Usage (143208K) : Starting NMOS EXTRACTION
2026-08-20 14:28:23 +0000: Memory Usage (143208K) : Extraction of NMOS-LV transistor
2026-08-20 14:28:23 +0000: Memory Usage (143720K) : Extraction of NMOS-HV transistor
2026-08-20 14:28:23 +0000: Memory Usage (143720K) : Starting PMOS EXTRACTION
2026-08-20 14:28:23 +0000: Memory Usage (143720K) : Extraction of PMOS-LV transistor
2026-08-20 14:28:23 +0000: Memory Usage (143720K) : Extraction of PMOS-HV transistor
2026-08-20 14:28:23 +0000: Memory Usage (143720K) : Starting RF-MOSFET EXTRACTION
2026-08-20 14:28:23 +0000: Memory Usage (143720K) : Extraction of RF-NMOS-LV transistor
2026-08-20 14:28:23 +0000: Memory Usage (143720K) : Extraction of RF-NMOS-HV transistor
2026-08-20 14:28:23 +0000: Memory Usage (143720K) : Extraction of RF-PMOS-LV transistor
2026-08-20 14:28:23 +0000: Memory Usage (143720K) : Extraction of RF-PMOS-HV transistor
2026-08-20 14:28:23 +0000: Memory Usage (143720K) : Starting BJT EXTRACTION
2026-08-20 14:28:23 +0000: Memory Usage (143720K) : Starting NPN-BJT EXTRACTION
2026-08-20 14:28:23 +0000: Memory Usage (143720K) : Extraction of npn13G2 BJT transistor
2026-08-20 14:28:23 +0000: Memory Usage (143720K) : Extraction of npn13G2L BJT transistor
2026-08-20 14:28:23 +0000: Memory Usage (143720K) : Extraction of npn13G2V BJT transistor
2026-08-20 14:28:23 +0000: Memory Usage (143720K) : Starting PNP-BJT EXTRACTION
2026-08-20 14:28:23 +0000: Memory Usage (143720K) : Extracting pnpMPA BJT
2026-08-20 14:28:23 +0000: Memory Usage (143720K) : Starting DIODE EXTRACTION
2026-08-20 14:28:23 +0000: Memory Usage (143720K) : Extracting dantenna diode
2026-08-20 14:28:23 +0000: Memory Usage (143720K) : Extracting dpantenna diode
2026-08-20 14:28:23 +0000: Memory Usage (143720K) : Extracting schottky_nbl1 diode
2026-08-20 14:28:23 +0000: Memory Usage (143720K) : Extracting isolbox diode
2026-08-20 14:28:23 +0000: Memory Usage (143720K) : Starting RESISTOR EXTRACTION
2026-08-20 14:28:23 +0000: Memory Usage (143720K) : Extracting rsil resistor
2026-08-20 14:28:23 +0000: Memory Usage (143720K) : Extracting rppd resistor
2026-08-20 14:28:23 +0000: Memory Usage (143720K) : Extracting rhigh resistor
2026-08-20 14:28:23 +0000: Memory Usage (143720K) : Extracting res_metal1 resistor
2026-08-20 14:28:23 +0000: Memory Usage (143720K) : Extracting res_metal2 resistor
2026-08-20 14:28:23 +0000: Memory Usage (143720K) : Extracting res_metal3 resistor
2026-08-20 14:28:23 +0000: Memory Usage (143720K) : Extracting res_metal4 resistor
2026-08-20 14:28:23 +0000: Memory Usage (143720K) : Extracting res_metal5 resistor
2026-08-20 14:28:23 +0000: Memory Usage (143720K) : Extracting res_topmetal1 resistor
2026-08-20 14:28:23 +0000: Memory Usage (143720K) : Extracting res_topmetal2 resistor
2026-08-20 14:28:23 +0000: Memory Usage (143720K) : Starting CAP EXTRACTION
2026-08-20 14:28:23 +0000: Memory Usage (143720K) : Extracting cap_cmim device
2026-08-20 14:28:23 +0000: Memory Usage (143720K) : Extracting rfcmim device
2026-08-20 14:28:23 +0000: Memory Usage (143720K) : Extracting sg13_hv_svaricap varactor
2026-08-20 14:28:23 +0000: Memory Usage (143720K) : Extracting cap_cmomi device
2026-08-20 14:28:23 +0000: Memory Usage (143720K) : Extracting cap_cmomf device
2026-08-20 14:28:23 +0000: Memory Usage (143720K) : Extracting sg13_moscap_n capacitor
2026-08-20 14:28:23 +0000: Memory Usage (143720K) : Extracting sg13_moscap_p capacitor
2026-08-20 14:28:23 +0000: Memory Usage (143720K) : Starting ESD EXTRACTION
2026-08-20 14:28:23 +0000: Memory Usage (143720K) : Extracting diodevdd_2kv ESD device
2026-08-20 14:28:23 +0000: Memory Usage (143720K) : Extracting diodevdd_4kv ESD device
2026-08-20 14:28:23 +0000: Memory Usage (143720K) : Extracting diodevss_2kv ESD device
2026-08-20 14:28:23 +0000: Memory Usage (143720K) : Extracting diodevss_4kv ESD device
2026-08-20 14:28:23 +0000: Memory Usage (143720K) : Extracting idiodevdd_2kv ESD device
2026-08-20 14:28:23 +0000: Memory Usage (143720K) : Extracting idiodevdd_4kv ESD device
2026-08-20 14:28:23 +0000: Memory Usage (143720K) : Extracting idiodevss_2kv ESD device
2026-08-20 14:28:23 +0000: Memory Usage (143720K) : Extracting idiodevss_4kv ESD device
2026-08-20 14:28:23 +0000: Memory Usage (143720K) : Extracting nmoscl_2 ESD device
2026-08-20 14:28:23 +0000: Memory Usage (143720K) : Extracting nmoscl_4 ESD device
2026-08-20 14:28:23 +0000: Memory Usage (143720K) : Starting Inductor EXTRACTION
2026-08-20 14:28:23 +0000: Memory Usage (143720K) : Extracting Inductor2 device
2026-08-20 14:28:23 +0000: Memory Usage (143720K) : Extracting Inductor3 device
2026-08-20 14:28:23 +0000: Memory Usage (143720K) : Starting Taps EXTRACTION
2026-08-20 14:28:23 +0000: Memory Usage (143720K) : DISABLE_TAP_EXTRACTION is enabled: skipping ntap1/ptap1 device extraction.
2026-08-20 14:28:23 +0000: Memory Usage (143720K) : Starting SG13G2 LVS RF MOS Model Mapping
2026-08-20 14:28:23 +0000: Memory Usage (143720K) : [layout_netlist] Apply RF MOS model mapping and rfmode parameter.
2026-08-20 14:28:23 +0000: Memory Usage (143720K) : Starting SG13G2 LVS Options Preparations
2026-08-20 14:28:23 +0000: Memory Usage (143720K) : SG13G2 LVS flow: extraction -> alignment -> option preparation -> comparison.
2026-08-20 14:28:23 +0000: Memory Usage (143720K) : Starting SG13G2 LVS Alignment
2026-08-20 14:28:23 +0000: Memory Usage (143848K) : Starting SG13G2 LVS Simplification
2026-08-20 14:28:23 +0000: Memory Usage (143848K) : [layout_netlist] simplify: ENABLED
2026-08-20 14:28:23 +0000: Memory Usage (143848K) : [layout_netlist] make_top_level_pins: SKIPPED
2026-08-20 14:28:23 +0000: Memory Usage (143848K) : [layout_netlist] combine_devices: SKIPPED
2026-08-20 14:28:23 +0000: Memory Usage (143848K) : [layout_netlist] purge: SKIPPED
2026-08-20 14:28:23 +0000: Memory Usage (143848K) : [layout_netlist] purge_nets: SKIPPED
2026-08-20 14:28:23 +0000: Memory Usage (143848K) : [schematic_netlist] simplify: ENABLED
2026-08-20 14:28:23 +0000: Memory Usage (143848K) : [schematic_netlist] make_top_level_pins: SKIPPED
2026-08-20 14:28:23 +0000: Memory Usage (143848K) : [schematic_netlist] combine_devices: SKIPPED
2026-08-20 14:28:23 +0000: Memory Usage (143848K) : [schematic_netlist] purge: SKIPPED
2026-08-20 14:28:23 +0000: Memory Usage (143848K) : [schematic_netlist] purge_nets: SKIPPED
2026-08-20 14:28:23 +0000: Memory Usage (143848K) : Starting SG13G2 LVS Comparison
2026-08-20 14:28:23 +0000: Memory Usage (143976K) : xxxxxxxxxxxxxxxxxxxxxxxxxxxxxxxxxxxxxxxxxx
2026-08-20 14:28:23 +0000: Memory Usage (143976K) : ERROR : Netlists don't match
2026-08-20 14:28:23 +0000: Memory Usage (143976K) : xxxxxxxxxxxxxxxxxxxxxxxxxxxxxxxxxxxxxxxxxx
2026-08-20 14:28:23 +0000: Memory Usage (143976K) : LVS Total Run time 0.854902 seconds

--- stderr ---
20-Aug-2026 14:28:22 | INFO    | Your Klayout version is: KLayout 0.30.5 (required >= 0.30.5)
20-Aug-2026 14:28:22 | INFO    | Running SG13G2 LVS checks on design /workspace/layout/blocks/out/vga_stage/vga_dut.gds on cell vga_dut
20-Aug-2026 14:28:23 | INFO    | ==============================================================================
20-Aug-2026 14:28:23 | INFO    | Important Summary
20-Aug-2026 14:28:23 | INFO    | +------------------+--------------------------------------------------------------+
20-Aug-2026 14:28:23 | INFO    | | Status           | FAIL                                                         |
20-Aug-2026 14:28:23 | INFO    | | Mode             | COMPARE                                                      |
20-Aug-2026 14:28:23 | INFO    | | Outcome          | Comparison mode: FAIL (netlists do not match).               |
20-Aug-2026 14:28:23 | INFO    | | Layout           | vga_dut.gds                                                  |
20-Aug-2026 14:28:23 | INFO    | | Top Cell         | vga_dut                                                      |
20-Aug-2026 14:28:23 | INFO    | | Results Dir      | /workspace/layout/blocks/out/vga_stage/lvs_probe_tx          |
20-Aug-2026 14:28:23 | INFO    | | Warnings         | 0                                                            |
20-Aug-2026 14:28:23 | INFO    | | Errors           | 1                                                            |
20-Aug-2026 14:28:23 | INFO    | | Run Time (s)     | 1.194                                                        |
20-Aug-2026 14:28:23 | INFO    | +------------------+--------------------------------------------------------------+
20-Aug-2026 14:28:23 | ERROR   | Key errors:
20-Aug-2026 14:28:23 | ERROR   |   - 2026-08-20 14:28:23 +0000: Memory Usage (143976K) : ERROR : Netlists don't match
20-Aug-2026 14:28:23 | INFO    | ==============================================================================

