# Logfile created on 2026-08-20 08:47:23 +0000 by logger.rb/v1.5.3
2026-08-20 08:47:23 +0000: Memory Usage (128604K) : Starting running SG13G2 Klayout LVS runset on /workspace/layout/blocks/out/vga_stage/lower_only/lower.gds
2026-08-20 08:47:23 +0000: Memory Usage (128604K) : Ruby Version for klayout: 3.2.3
2026-08-20 08:47:23 +0000: Memory Usage (129656K) : Loading database to memory is complete.
2026-08-20 08:47:23 +0000: Memory Usage (129656K) : SG13G2 Klayout LVS runset output at: /workspace/layout/blocks/out/vga_stage/lower_only/lvs/lower.lvsdb
2026-08-20 08:47:23 +0000: Memory Usage (129656K) : Evaluate switches.
2026-08-20 08:47:23 +0000: Memory Usage (129656K) : Extracted netlist with net names: true
2026-08-20 08:47:23 +0000: Memory Usage (129656K) : Extracted netlist with comments in details: false
2026-08-20 08:47:23 +0000: Memory Usage (129656K) : Selected NET_ONLY option: false
2026-08-20 08:47:23 +0000: Memory Usage (129656K) : Selected LAYOUT_NETLIST option: (none)
2026-08-20 08:47:23 +0000: Memory Usage (129656K) : Selected IGNORE_TOP_PORTS_MISMATCH option: true
2026-08-20 08:47:23 +0000: Memory Usage (129656K) : Selected IMPLICIT_NETS option: sub,sub!
2026-08-20 08:47:23 +0000: Memory Usage (129656K) : Selected TOP_LVL_PINS option: false
2026-08-20 08:47:23 +0000: Memory Usage (129656K) : Selected COMBINE DEVICES option: false
2026-08-20 08:47:23 +0000: Memory Usage (129656K) : Selected PURGE option: false
2026-08-20 08:47:23 +0000: Memory Usage (129656K) : Selected PURGE_NETS option: false
2026-08-20 08:47:23 +0000: Memory Usage (129656K) : Selected SIMPLIFY option: true
2026-08-20 08:47:23 +0000: Memory Usage (129656K) : Selected SERIES_RES option: true
2026-08-20 08:47:23 +0000: Memory Usage (129656K) : Selected PARALLEL_RES option: true
2026-08-20 08:47:23 +0000: Memory Usage (129656K) : Selected DISABLE_TAP_EXTRACTION option: false
2026-08-20 08:47:23 +0000: Memory Usage (129656K) : deep  mode is enabled.
2026-08-20 08:47:23 +0000: Memory Usage (129656K) : Applying implicit connections (case-sensitive, pattern supported) for nets: sub, sub!
2026-08-20 08:47:23 +0000: Memory Usage (129784K) : Netlist file: /workspace/layout/blocks/out/vga_stage/lower_only/lower.cdl
2026-08-20 08:47:23 +0000: Memory Usage (129784K) : LVS extracted netlist at: /workspace/layout/blocks/out/vga_stage/lower_only/lvs/lower_extracted.cir
2026-08-20 08:47:23 +0000: Memory Usage (129784K) : Applying SRAM integration support.
2026-08-20 08:47:23 +0000: Memory Usage (129784K) : Starting SG13G2 LVS runset
2026-08-20 08:47:23 +0000: Memory Usage (129784K) : Read in polygons from layers.
2026-08-20 08:47:23 +0000: Memory Usage (130732K) : activ_drw has 585 polygons
2026-08-20 08:47:23 +0000: Memory Usage (130732K) : activ_filler has 0 polygons
2026-08-20 08:47:23 +0000: Memory Usage (130860K) : activ has 585 polygons
2026-08-20 08:47:23 +0000: Memory Usage (130860K) : activ_pin has 0 polygons
2026-08-20 08:47:23 +0000: Memory Usage (130860K) : activ_mask has 0 polygons
2026-08-20 08:47:23 +0000: Memory Usage (130860K) : activ_nofill has 0 polygons
2026-08-20 08:47:23 +0000: Memory Usage (130860K) : activ_OPC has 0 polygons
2026-08-20 08:47:23 +0000: Memory Usage (130860K) : activ_iOPC has 0 polygons
2026-08-20 08:47:23 +0000: Memory Usage (130860K) : activ_noqrc has 0 polygons
2026-08-20 08:47:23 +0000: Memory Usage (130860K) : biwind_drw has 0 polygons
2026-08-20 08:47:23 +0000: Memory Usage (130860K) : biwind_OPC has 0 polygons
2026-08-20 08:47:23 +0000: Memory Usage (130860K) : gatpoly_drw has 79 polygons
2026-08-20 08:47:23 +0000: Memory Usage (130860K) : gatpoly_filler has 0 polygons
2026-08-20 08:47:23 +0000: Memory Usage (130860K) : gatpoly has 79 polygons
2026-08-20 08:47:23 +0000: Memory Usage (130860K) : gatpoly_pin has 75 polygons
2026-08-20 08:47:23 +0000: Memory Usage (130860K) : gatpoly_nofill has 0 polygons
2026-08-20 08:47:23 +0000: Memory Usage (130860K) : gatpoly_OPC has 0 polygons
2026-08-20 08:47:23 +0000: Memory Usage (130860K) : gatpoly_iOPC has 0 polygons
2026-08-20 08:47:23 +0000: Memory Usage (130860K) : gatpoly_noqrc has 0 polygons
2026-08-20 08:47:23 +0000: Memory Usage (130860K) : cont_drw has 5790 polygons
2026-08-20 08:47:23 +0000: Memory Usage (130952K) : cont_OPC has 0 polygons
2026-08-20 08:47:23 +0000: Memory Usage (131464K) : nsd_drw has 0 polygons
2026-08-20 08:47:23 +0000: Memory Usage (131464K) : nsd_block has 0 polygons
2026-08-20 08:47:23 +0000: Memory Usage (131464K) : metal1_drw has 1020 polygons
2026-08-20 08:47:23 +0000: Memory Usage (131464K) : metal1_filler has 0 polygons
2026-08-20 08:47:23 +0000: Memory Usage (131464K) : metal1_slit has 0 polygons
2026-08-20 08:47:23 +0000: Memory Usage (131464K) : metal1 has 1020 polygons
2026-08-20 08:47:23 +0000: Memory Usage (131464K) : metal1_pin has 510 polygons
2026-08-20 08:47:23 +0000: Memory Usage (131464K) : metal1_mask has 0 polygons
2026-08-20 08:47:23 +0000: Memory Usage (131464K) : metal1_nofill has 0 polygons
2026-08-20 08:47:23 +0000: Memory Usage (131592K) : metal1_text has 0 polygons
2026-08-20 08:47:23 +0000: Memory Usage (131592K) : metal1_OPC has 0 polygons
2026-08-20 08:47:23 +0000: Memory Usage (131592K) : metal1_noqrc has 0 polygons
2026-08-20 08:47:23 +0000: Memory Usage (131592K) : metal1_res has 0 polygons
2026-08-20 08:47:23 +0000: Memory Usage (131592K) : metal1_iprobe has 0 polygons
2026-08-20 08:47:23 +0000: Memory Usage (131592K) : metal1_diffprb has 0 polygons
2026-08-20 08:47:23 +0000: Memory Usage (131592K) : passiv_drw has 0 polygons
2026-08-20 08:47:23 +0000: Memory Usage (131592K) : passiv_pin has 0 polygons
2026-08-20 08:47:23 +0000: Memory Usage (131592K) : passiv_sbump has 0 polygons
2026-08-20 08:47:23 +0000: Memory Usage (131592K) : passiv_pillar has 0 polygons
2026-08-20 08:47:23 +0000: Memory Usage (131592K) : passiv_pdl has 0 polygons
2026-08-20 08:47:23 +0000: Memory Usage (131592K) : metal2_drw has 307 polygons
2026-08-20 08:47:23 +0000: Memory Usage (131592K) : metal2_filler has 0 polygons
2026-08-20 08:47:23 +0000: Memory Usage (131592K) : metal2_slit has 0 polygons
2026-08-20 08:47:23 +0000: Memory Usage (131720K) : metal2 has 307 polygons
2026-08-20 08:47:23 +0000: Memory Usage (131720K) : metal2_pin has 0 polygons
2026-08-20 08:47:23 +0000: Memory Usage (131848K) : metal2_mask has 0 polygons
2026-08-20 08:47:23 +0000: Memory Usage (131848K) : metal2_nofill has 0 polygons
2026-08-20 08:47:23 +0000: Memory Usage (131848K) : metal2_text has 0 polygons
2026-08-20 08:47:23 +0000: Memory Usage (131976K) : metal2_OPC has 0 polygons
2026-08-20 08:47:23 +0000: Memory Usage (131976K) : metal2_noqrc has 0 polygons
2026-08-20 08:47:23 +0000: Memory Usage (132104K) : metal2_res has 0 polygons
2026-08-20 08:47:23 +0000: Memory Usage (132104K) : metal2_iprobe has 0 polygons
2026-08-20 08:47:23 +0000: Memory Usage (132104K) : metal2_diffprb has 0 polygons
2026-08-20 08:47:23 +0000: Memory Usage (132104K) : baspoly_drw has 0 polygons
2026-08-20 08:47:23 +0000: Memory Usage (132232K) : baspoly_pin has 0 polygons
2026-08-20 08:47:23 +0000: Memory Usage (132232K) : psd_drw has 360 polygons
2026-08-20 08:47:23 +0000: Memory Usage (132232K) : nldb_drw has 0 polygons
2026-08-20 08:47:23 +0000: Memory Usage (132360K) : digibnd_drw has 0 polygons
2026-08-20 08:47:23 +0000: Memory Usage (132360K) : via1_drw has 3600 polygons
2026-08-20 08:47:23 +0000: Memory Usage (132360K) : backmetal1_drw has 0 polygons
2026-08-20 08:47:23 +0000: Memory Usage (132360K) : backmetal1_pin has 0 polygons
2026-08-20 08:47:23 +0000: Memory Usage (132488K) : backmetal1_mask has 0 polygons
2026-08-20 08:47:23 +0000: Memory Usage (132488K) : backmetal1_filler has 0 polygons
2026-08-20 08:47:23 +0000: Memory Usage (132488K) : backmetal1_nofill has 0 polygons
2026-08-20 08:47:23 +0000: Memory Usage (132488K) : backmetal1_slit has 0 polygons
2026-08-20 08:47:23 +0000: Memory Usage (132616K) : backmetal1_text has 0 polygons
2026-08-20 08:47:23 +0000: Memory Usage (132616K) : backmetal1_OPC has 0 polygons
2026-08-20 08:47:23 +0000: Memory Usage (132616K) : backmetal1_noqrc has 0 polygons
2026-08-20 08:47:23 +0000: Memory Usage (132616K) : backmetal1_res has 0 polygons
2026-08-20 08:47:23 +0000: Memory Usage (132744K) : backmetal1_iprobe has 0 polygons
2026-08-20 08:47:23 +0000: Memory Usage (132744K) : backmetal1_diffprb has 0 polygons
2026-08-20 08:47:23 +0000: Memory Usage (132744K) : backpassiv_drw has 0 polygons
2026-08-20 08:47:23 +0000: Memory Usage (132744K) : res_drw has 0 polygons
2026-08-20 08:47:23 +0000: Memory Usage (132872K) : sram_drw has 0 polygons
2026-08-20 08:47:23 +0000: Memory Usage (132872K) : trans_drw has 0 polygons
2026-08-20 08:47:23 +0000: Memory Usage (132872K) : ind_drw has 0 polygons
2026-08-20 08:47:23 +0000: Memory Usage (132872K) : ind_pin has 0 polygons
2026-08-20 08:47:23 +0000: Memory Usage (133000K) : ind_text has 0 polygons
2026-08-20 08:47:23 +0000: Memory Usage (133000K) : salblock_drw has 0 polygons
2026-08-20 08:47:23 +0000: Memory Usage (133000K) : via2_drw has 0 polygons
2026-08-20 08:47:23 +0000: Memory Usage (133000K) : metal3_drw has 0 polygons
2026-08-20 08:47:23 +0000: Memory Usage (133128K) : metal3_filler has 0 polygons
2026-08-20 08:47:23 +0000: Memory Usage (133128K) : metal3_slit has 0 polygons
2026-08-20 08:47:23 +0000: Memory Usage (133128K) : metal3 has 0 polygons
2026-08-20 08:47:23 +0000: Memory Usage (133256K) : metal3_pin has 0 polygons
2026-08-20 08:47:23 +0000: Memory Usage (133256K) : metal3_mask has 0 polygons
2026-08-20 08:47:23 +0000: Memory Usage (133256K) : metal3_nofill has 0 polygons
2026-08-20 08:47:23 +0000: Memory Usage (133256K) : metal3_text has 0 polygons
2026-08-20 08:47:23 +0000: Memory Usage (133256K) : metal3_OPC has 0 polygons
2026-08-20 08:47:23 +0000: Memory Usage (133384K) : metal3_noqrc has 0 polygons
2026-08-20 08:47:23 +0000: Memory Usage (133384K) : metal3_res has 0 polygons
2026-08-20 08:47:23 +0000: Memory Usage (133384K) : metal3_iprobe has 0 polygons
2026-08-20 08:47:23 +0000: Memory Usage (133384K) : metal3_diffprb has 0 polygons
2026-08-20 08:47:23 +0000: Memory Usage (133512K) : nwell_drw has 0 polygons
2026-08-20 08:47:23 +0000: Memory Usage (133512K) : nwell_pin has 0 polygons
2026-08-20 08:47:23 +0000: Memory Usage (133512K) : nwell_text has 0 polygons
2026-08-20 08:47:23 +0000: Memory Usage (133640K) : nbulay_drw has 0 polygons
2026-08-20 08:47:23 +0000: Memory Usage (133640K) : nbulay_pin has 0 polygons
2026-08-20 08:47:23 +0000: Memory Usage (133640K) : nbulay_block has 0 polygons
2026-08-20 08:47:23 +0000: Memory Usage (133640K) : emwind_drw has 0 polygons
2026-08-20 08:47:23 +0000: Memory Usage (133640K) : emwind_OPC has 0 polygons
2026-08-20 08:47:23 +0000: Memory Usage (133640K) : deepco_drw has 0 polygons
2026-08-20 08:47:23 +0000: Memory Usage (133640K) : mim_drw has 0 polygons
2026-08-20 08:47:23 +0000: Memory Usage (133640K) : edgeseal_drw has 0 polygons
2026-08-20 08:47:23 +0000: Memory Usage (133640K) : substrate_drw has 360 polygons
2026-08-20 08:47:23 +0000: Memory Usage (133640K) : substrate_text has 0 polygons
2026-08-20 08:47:23 +0000: Memory Usage (133640K) : dfpad_drw has 0 polygons
2026-08-20 08:47:23 +0000: Memory Usage (133640K) : dfpad_pillar has 0 polygons
2026-08-20 08:47:23 +0000: Memory Usage (133640K) : dfpad_sbump has 0 polygons
2026-08-20 08:47:23 +0000: Memory Usage (133640K) : thickgateox_drw has 0 polygons
2026-08-20 08:47:23 +0000: Memory Usage (133640K) : pldb_drw has 0 polygons
2026-08-20 08:47:23 +0000: Memory Usage (133640K) : pwell_drw has 0 polygons
2026-08-20 08:47:23 +0000: Memory Usage (133768K) : pwell_pin has 0 polygons
2026-08-20 08:47:23 +0000: Memory Usage (133768K) : pwell_block has 0 polygons
2026-08-20 08:47:23 +0000: Memory Usage (133768K) : ic_drw has 0 polygons
2026-08-20 08:47:23 +0000: Memory Usage (133768K) : via3_drw has 0 polygons
2026-08-20 08:47:23 +0000: Memory Usage (133768K) : metal4_drw has 0 polygons
2026-08-20 08:47:23 +0000: Memory Usage (133896K) : metal4_filler has 0 polygons
2026-08-20 08:47:23 +0000: Memory Usage (133896K) : metal4_slit has 0 polygons
2026-08-20 08:47:23 +0000: Memory Usage (133896K) : metal4 has 0 polygons
2026-08-20 08:47:23 +0000: Memory Usage (133896K) : metal4_pin has 0 polygons
2026-08-20 08:47:23 +0000: Memory Usage (133896K) : metal4_mask has 0 polygons
2026-08-20 08:47:23 +0000: Memory Usage (134024K) : metal4_nofill has 0 polygons
2026-08-20 08:47:23 +0000: Memory Usage (134024K) : metal4_text has 0 polygons
2026-08-20 08:47:23 +0000: Memory Usage (134024K) : metal4_OPC has 0 polygons
2026-08-20 08:47:23 +0000: Memory Usage (134024K) : metal4_noqrc has 0 polygons
2026-08-20 08:47:23 +0000: Memory Usage (134024K) : metal4_res has 0 polygons
2026-08-20 08:47:23 +0000: Memory Usage (134024K) : metal4_iprobe has 0 polygons
2026-08-20 08:47:23 +0000: Memory Usage (134024K) : metal4_diffprb has 0 polygons
2026-08-20 08:47:23 +0000: Memory Usage (134152K) : heattrans_drw has 75 polygons
2026-08-20 08:47:23 +0000: Memory Usage (134152K) : heatres_drw has 0 polygons
2026-08-20 08:47:23 +0000: Memory Usage (134152K) : fbe_drw has 0 polygons
2026-08-20 08:47:23 +0000: Memory Usage (134152K) : empoly_drw has 0 polygons
2026-08-20 08:47:23 +0000: Memory Usage (134152K) : digisub_drw has 0 polygons
2026-08-20 08:47:23 +0000: Memory Usage (134408K) : text_drw has 435 polygons
2026-08-20 08:47:23 +0000: Memory Usage (134536K) : via4_drw has 0 polygons
2026-08-20 08:47:23 +0000: Memory Usage (134536K) : metal5_drw has 0 polygons
2026-08-20 08:47:23 +0000: Memory Usage (134536K) : metal5_filler has 0 polygons
2026-08-20 08:47:23 +0000: Memory Usage (134536K) : metal5_slit has 0 polygons
2026-08-20 08:47:23 +0000: Memory Usage (134536K) : metal5 has 0 polygons
2026-08-20 08:47:23 +0000: Memory Usage (134536K) : metal5_pin has 0 polygons
2026-08-20 08:47:23 +0000: Memory Usage (134664K) : metal5_mask has 0 polygons
2026-08-20 08:47:23 +0000: Memory Usage (134664K) : metal5_nofill has 0 polygons
2026-08-20 08:47:23 +0000: Memory Usage (134664K) : metal5_text has 0 polygons
2026-08-20 08:47:23 +0000: Memory Usage (134664K) : metal5_OPC has 0 polygons
2026-08-20 08:47:23 +0000: Memory Usage (134664K) : metal5_noqrc has 0 polygons
2026-08-20 08:47:23 +0000: Memory Usage (134664K) : metal5_res has 0 polygons
2026-08-20 08:47:23 +0000: Memory Usage (134792K) : metal5_iprobe has 0 polygons
2026-08-20 08:47:23 +0000: Memory Usage (134792K) : metal5_diffprb has 0 polygons
2026-08-20 08:47:23 +0000: Memory Usage (134792K) : radhard_drw has 0 polygons
2026-08-20 08:47:23 +0000: Memory Usage (134792K) : memcap_drw has 0 polygons
2026-08-20 08:47:23 +0000: Memory Usage (134792K) : varicap_drw has 0 polygons
2026-08-20 08:47:23 +0000: Memory Usage (134792K) : intbondvia_drw has 0 polygons
2026-08-20 08:47:23 +0000: Memory Usage (134920K) : intbondmet_drw has 0 polygons
2026-08-20 08:47:23 +0000: Memory Usage (134920K) : devbondvia_drw has 0 polygons
2026-08-20 08:47:23 +0000: Memory Usage (134920K) : devbondmet_drw has 0 polygons
2026-08-20 08:47:23 +0000: Memory Usage (134920K) : devtrench_drw has 0 polygons
2026-08-20 08:47:23 +0000: Memory Usage (134920K) : redist_drw has 0 polygons
2026-08-20 08:47:23 +0000: Memory Usage (134920K) : graphbot_drw has 0 polygons
2026-08-20 08:47:23 +0000: Memory Usage (135048K) : graphtop_drw has 0 polygons
2026-08-20 08:47:23 +0000: Memory Usage (135048K) : antvia1_drw has 0 polygons
2026-08-20 08:47:23 +0000: Memory Usage (135048K) : antmetal2_drw has 0 polygons
2026-08-20 08:47:23 +0000: Memory Usage (135048K) : graphcont_drw has 0 polygons
2026-08-20 08:47:23 +0000: Memory Usage (135048K) : siwg_drw has 0 polygons
2026-08-20 08:47:23 +0000: Memory Usage (135048K) : siwg_filler has 0 polygons
2026-08-20 08:47:23 +0000: Memory Usage (135176K) : siwg_nofill has 0 polygons
2026-08-20 08:47:23 +0000: Memory Usage (135176K) : sigrating_drw has 0 polygons
2026-08-20 08:47:23 +0000: Memory Usage (135176K) : singrating_drw has 0 polygons
2026-08-20 08:47:23 +0000: Memory Usage (135176K) : graphpas_drw has 0 polygons
2026-08-20 08:47:23 +0000: Memory Usage (135176K) : emwind3_drw has 0 polygons
2026-08-20 08:47:23 +0000: Memory Usage (135176K) : emwihv3_drw has 0 polygons
2026-08-20 08:47:23 +0000: Memory Usage (135304K) : redbulay_drw has 0 polygons
2026-08-20 08:47:23 +0000: Memory Usage (135304K) : smos_drw has 0 polygons
2026-08-20 08:47:23 +0000: Memory Usage (135304K) : graphpad_drw has 0 polygons
2026-08-20 08:47:23 +0000: Memory Usage (135304K) : polimide_drw has 0 polygons
2026-08-20 08:47:23 +0000: Memory Usage (135304K) : polimide_pin has 0 polygons
2026-08-20 08:47:23 +0000: Memory Usage (135304K) : recog_drw has 0 polygons
2026-08-20 08:47:23 +0000: Memory Usage (135304K) : recog_pin has 0 polygons
2026-08-20 08:47:23 +0000: Memory Usage (135432K) : recog_esd has 0 polygons
2026-08-20 08:47:23 +0000: Memory Usage (135432K) : recog_diode has 0 polygons
2026-08-20 08:47:23 +0000: Memory Usage (135432K) : recog_tsv has 0 polygons
2026-08-20 08:47:23 +0000: Memory Usage (135432K) : recog_iprobe has 0 polygons
2026-08-20 08:47:23 +0000: Memory Usage (135432K) : recog_diffprb has 0 polygons
2026-08-20 08:47:23 +0000: Memory Usage (135432K) : recog_pillar has 0 polygons
2026-08-20 08:47:23 +0000: Memory Usage (135560K) : recog_sbump has 0 polygons
2026-08-20 08:47:23 +0000: Memory Usage (135560K) : recog_otp has 0 polygons
2026-08-20 08:47:23 +0000: Memory Usage (135560K) : recog_pdiode has 0 polygons
2026-08-20 08:47:23 +0000: Memory Usage (135560K) : recog_mom has 0 polygons
2026-08-20 08:47:23 +0000: Memory Usage (135560K) : recog_momf has 0 polygons
2026-08-20 08:47:23 +0000: Memory Usage (135688K) : recog_pcm has 0 polygons
2026-08-20 08:47:23 +0000: Memory Usage (135688K) : colopen_drw has 0 polygons
2026-08-20 08:47:23 +0000: Memory Usage (135688K) : graphmetal1_drw has 0 polygons
2026-08-20 08:47:23 +0000: Memory Usage (135688K) : graphmetal1_filler has 0 polygons
2026-08-20 08:47:23 +0000: Memory Usage (135688K) : graphmetal1_nofill has 0 polygons
2026-08-20 08:47:23 +0000: Memory Usage (135688K) : graphmetal1_slit has 0 polygons
2026-08-20 08:47:23 +0000: Memory Usage (135816K) : graphmetal1_OPC has 0 polygons
2026-08-20 08:47:23 +0000: Memory Usage (135816K) : graphmet1l_drw has 0 polygons
2026-08-20 08:47:23 +0000: Memory Usage (135816K) : graphmet1l_filler has 0 polygons
2026-08-20 08:47:23 +0000: Memory Usage (135816K) : graphmet1l_nofill has 0 polygons
2026-08-20 08:47:23 +0000: Memory Usage (135816K) : graphmet1l_slit has 0 polygons
2026-08-20 08:47:23 +0000: Memory Usage (135816K) : graphmet1l_OPC has 0 polygons
2026-08-20 08:47:23 +0000: Memory Usage (135944K) : extblock_drw has 0 polygons
2026-08-20 08:47:23 +0000: Memory Usage (135944K) : nldd_drw has 0 polygons
2026-08-20 08:47:23 +0000: Memory Usage (135944K) : pldd_drw has 0 polygons
2026-08-20 08:47:23 +0000: Memory Usage (135944K) : next_drw has 0 polygons
2026-08-20 08:47:23 +0000: Memory Usage (135944K) : pext_drw has 0 polygons
2026-08-20 08:47:23 +0000: Memory Usage (135944K) : nexthv_drw has 0 polygons
2026-08-20 08:47:23 +0000: Memory Usage (136072K) : pexthv_drw has 0 polygons
2026-08-20 08:47:23 +0000: Memory Usage (136072K) : graphgate_drw has 0 polygons
2026-08-20 08:47:23 +0000: Memory Usage (136072K) : sinwg_drw has 0 polygons
2026-08-20 08:47:23 +0000: Memory Usage (136072K) : sinwg_filler has 0 polygons
2026-08-20 08:47:23 +0000: Memory Usage (136072K) : sinwg_nofill has 0 polygons
2026-08-20 08:47:23 +0000: Memory Usage (136072K) : mempad_drw has 0 polygons
2026-08-20 08:47:23 +0000: Memory Usage (136200K) : topvia1_drw has 0 polygons
2026-08-20 08:47:23 +0000: Memory Usage (136200K) : topmetal1_drw has 0 polygons
2026-08-20 08:47:23 +0000: Memory Usage (136200K) : topmetal1_filler has 0 polygons
2026-08-20 08:47:23 +0000: Memory Usage (136200K) : topmetal1_slit has 0 polygons
2026-08-20 08:47:23 +0000: Memory Usage (136200K) : topmetal1 has 0 polygons
2026-08-20 08:47:23 +0000: Memory Usage (136200K) : topmetal1_pin has 0 polygons
2026-08-20 08:47:23 +0000: Memory Usage (136328K) : topmetal1_mask has 0 polygons
2026-08-20 08:47:23 +0000: Memory Usage (136328K) : topmetal1_nofill has 0 polygons
2026-08-20 08:47:23 +0000: Memory Usage (136328K) : topmetal1_text has 0 polygons
2026-08-20 08:47:23 +0000: Memory Usage (136328K) : topmetal1_noqrc has 0 polygons
2026-08-20 08:47:23 +0000: Memory Usage (136328K) : topmetal1_res has 0 polygons
2026-08-20 08:47:23 +0000: Memory Usage (136328K) : topmetal1_iprobe has 0 polygons
2026-08-20 08:47:23 +0000: Memory Usage (136456K) : topmetal1_diffprb has 0 polygons
2026-08-20 08:47:23 +0000: Memory Usage (136456K) : inldpwl_drw has 0 polygons
2026-08-20 08:47:23 +0000: Memory Usage (136456K) : polyres_drw has 0 polygons
2026-08-20 08:47:23 +0000: Memory Usage (136456K) : polyres_pin has 0 polygons
2026-08-20 08:47:23 +0000: Memory Usage (136456K) : vmim_drw has 0 polygons
2026-08-20 08:47:23 +0000: Memory Usage (136456K) : nbulaycut_drw has 0 polygons
2026-08-20 08:47:23 +0000: Memory Usage (136584K) : antmetal1_drw has 0 polygons
2026-08-20 08:47:23 +0000: Memory Usage (136584K) : topvia2_drw has 0 polygons
2026-08-20 08:47:23 +0000: Memory Usage (136584K) : topmetal2_drw has 0 polygons
2026-08-20 08:47:23 +0000: Memory Usage (136584K) : topmetal2_filler has 0 polygons
2026-08-20 08:47:23 +0000: Memory Usage (136584K) : topmetal2_slit has 0 polygons
2026-08-20 08:47:23 +0000: Memory Usage (136712K) : topmetal2 has 0 polygons
2026-08-20 08:47:23 +0000: Memory Usage (136712K) : topmetal2_pin has 0 polygons
2026-08-20 08:47:23 +0000: Memory Usage (136712K) : topmetal2_mask has 0 polygons
2026-08-20 08:47:23 +0000: Memory Usage (136712K) : topmetal2_nofill has 0 polygons
2026-08-20 08:47:23 +0000: Memory Usage (136712K) : topmetal2_text has 0 polygons
2026-08-20 08:47:23 +0000: Memory Usage (136840K) : topmetal2_noqrc has 0 polygons
2026-08-20 08:47:23 +0000: Memory Usage (136840K) : topmetal2_res has 0 polygons
2026-08-20 08:47:23 +0000: Memory Usage (136840K) : topmetal2_iprobe has 0 polygons
2026-08-20 08:47:23 +0000: Memory Usage (136840K) : topmetal2_diffprb has 0 polygons
2026-08-20 08:47:23 +0000: Memory Usage (136840K) : snsring_drw has 0 polygons
2026-08-20 08:47:23 +0000: Memory Usage (136968K) : sensor_drw has 0 polygons
2026-08-20 08:47:23 +0000: Memory Usage (136968K) : snsarms_drw has 0 polygons
2026-08-20 08:47:23 +0000: Memory Usage (137096K) : snscmosvia_drw has 0 polygons
2026-08-20 08:47:23 +0000: Memory Usage (137096K) : colwind_drw has 0 polygons
2026-08-20 08:47:23 +0000: Memory Usage (137096K) : flm_drw has 0 polygons
2026-08-20 08:47:23 +0000: Memory Usage (137224K) : hafniumox_drw has 0 polygons
2026-08-20 08:47:23 +0000: Memory Usage (137224K) : memvia_drw has 0 polygons
2026-08-20 08:47:23 +0000: Memory Usage (137224K) : thinfilmres_drw has 0 polygons
2026-08-20 08:47:23 +0000: Memory Usage (137224K) : rfmem_drw has 0 polygons
2026-08-20 08:47:23 +0000: Memory Usage (137352K) : norcx_drw has 0 polygons
2026-08-20 08:47:23 +0000: Memory Usage (137352K) : norcx_m2m3 has 0 polygons
2026-08-20 08:47:23 +0000: Memory Usage (137352K) : norcx_m2m4 has 0 polygons
2026-08-20 08:47:23 +0000: Memory Usage (137352K) : norcx_m2m5 has 0 polygons
2026-08-20 08:47:23 +0000: Memory Usage (137480K) : norcx_m2tm1 has 0 polygons
2026-08-20 08:47:23 +0000: Memory Usage (137480K) : norcx_m2tm2 has 0 polygons
2026-08-20 08:47:23 +0000: Memory Usage (137480K) : norcx_m3m4 has 0 polygons
2026-08-20 08:47:23 +0000: Memory Usage (137480K) : norcx_m3m5 has 0 polygons
2026-08-20 08:47:23 +0000: Memory Usage (137608K) : norcx_m3tm1 has 0 polygons
2026-08-20 08:47:23 +0000: Memory Usage (137608K) : norcx_m3tm2 has 0 polygons
2026-08-20 08:47:23 +0000: Memory Usage (137736K) : norcx_m4m5 has 0 polygons
2026-08-20 08:47:23 +0000: Memory Usage (137736K) : norcx_m4tm1 has 0 polygons
2026-08-20 08:47:23 +0000: Memory Usage (137736K) : norcx_m4tm2 has 0 polygons
2026-08-20 08:47:23 +0000: Memory Usage (137864K) : norcx_m5tm1 has 0 polygons
2026-08-20 08:47:23 +0000: Memory Usage (137864K) : norcx_m5tm2 has 0 polygons
2026-08-20 08:47:23 +0000: Memory Usage (137864K) : norcx_tm1tm2 has 0 polygons
2026-08-20 08:47:23 +0000: Memory Usage (137864K) : norcx_m1sub has 0 polygons
2026-08-20 08:47:23 +0000: Memory Usage (137864K) : norcx_m2sub has 0 polygons
2026-08-20 08:47:23 +0000: Memory Usage (137864K) : norcx_m3sub has 0 polygons
2026-08-20 08:47:23 +0000: Memory Usage (137864K) : norcx_m4sub has 0 polygons
2026-08-20 08:47:23 +0000: Memory Usage (137864K) : norcx_m5sub has 0 polygons
2026-08-20 08:47:23 +0000: Memory Usage (137864K) : norcx_tm1sub has 0 polygons
2026-08-20 08:47:23 +0000: Memory Usage (137864K) : norcx_tm2sub has 0 polygons
2026-08-20 08:47:23 +0000: Memory Usage (137864K) : snsbotvia_drw has 0 polygons
2026-08-20 08:47:23 +0000: Memory Usage (137864K) : snstopvia_drw has 0 polygons
2026-08-20 08:47:23 +0000: Memory Usage (137864K) : deepvia_drw has 0 polygons
2026-08-20 08:47:23 +0000: Memory Usage (137864K) : fgetch_drw has 0 polygons
2026-08-20 08:47:23 +0000: Memory Usage (137864K) : ctrgat_drw has 0 polygons
2026-08-20 08:47:23 +0000: Memory Usage (137864K) : fgimp_drw has 0 polygons
2026-08-20 08:47:23 +0000: Memory Usage (137864K) : emwihv_drw has 0 polygons
2026-08-20 08:47:23 +0000: Memory Usage (137864K) : lbe_drw has 0 polygons
2026-08-20 08:47:23 +0000: Memory Usage (137864K) : alcustop_drw has 0 polygons
2026-08-20 08:47:23 +0000: Memory Usage (137864K) : nometfiller_drw has 0 polygons
2026-08-20 08:47:23 +0000: Memory Usage (137864K) : prboundary_drw has 0 polygons
2026-08-20 08:47:23 +0000: Memory Usage (137864K) : exchange0_drw has 0 polygons
2026-08-20 08:47:23 +0000: Memory Usage (137864K) : exchange0_pin has 0 polygons
2026-08-20 08:47:23 +0000: Memory Usage (137864K) : exchange0_text has 0 polygons
2026-08-20 08:47:23 +0000: Memory Usage (137864K) : exchange1_drw has 0 polygons
2026-08-20 08:47:23 +0000: Memory Usage (137864K) : exchange1_pin has 0 polygons
2026-08-20 08:47:23 +0000: Memory Usage (137864K) : exchange1_text has 0 polygons
2026-08-20 08:47:23 +0000: Memory Usage (137864K) : exchange2_drw has 0 polygons
2026-08-20 08:47:23 +0000: Memory Usage (137864K) : exchange2_pin has 0 polygons
2026-08-20 08:47:23 +0000: Memory Usage (137864K) : exchange2_text has 0 polygons
2026-08-20 08:47:23 +0000: Memory Usage (137864K) : exchange3_drw has 0 polygons
2026-08-20 08:47:23 +0000: Memory Usage (137864K) : exchange3_pin has 0 polygons
2026-08-20 08:47:23 +0000: Memory Usage (137864K) : exchange3_text has 0 polygons
2026-08-20 08:47:23 +0000: Memory Usage (137864K) : exchange4_drw has 0 polygons
2026-08-20 08:47:23 +0000: Memory Usage (137864K) : exchange4_pin has 0 polygons
2026-08-20 08:47:23 +0000: Memory Usage (137864K) : exchange4_text has 0 polygons
2026-08-20 08:47:23 +0000: Memory Usage (137864K) : isonwell_drw has 0 polygons
2026-08-20 08:47:23 +0000: Memory Usage (137864K) : Total no. of polygons in the design is 13196
2026-08-20 08:47:23 +0000: Memory Usage (137864K) : Starting base layers derivations
2026-08-20 08:47:23 +0000: Memory Usage (137864K) : Starting general LVS derivations
2026-08-20 08:47:23 +0000: Memory Usage (141896K) : Starting MOSFET DERIVATIONS
2026-08-20 08:47:23 +0000: Memory Usage (142024K) : Starting NMOS DERIVATIONS
2026-08-20 08:47:23 +0000: Memory Usage (142024K) : Starting PMOS DERIVATIONS
2026-08-20 08:47:23 +0000: Memory Usage (142024K) : Starting RF-MOSFET DERIVATIONS
2026-08-20 08:47:23 +0000: Memory Usage (142024K) : Starting RF-NMOS DERIVATIONS
2026-08-20 08:47:23 +0000: Memory Usage (142024K) : Starting RF-PMOS DERIVATIONS
2026-08-20 08:47:23 +0000: Memory Usage (142024K) : Starting BJT DERIVATIONS
2026-08-20 08:47:23 +0000: Memory Usage (142024K) : Starting NPN-BJT DERIVATIONS
2026-08-20 08:47:23 +0000: Memory Usage (142024K) : Starting PNP-BJT DERIVATIONS
2026-08-20 08:47:23 +0000: Memory Usage (142024K) : Starting DIODE DERIVATIONS
2026-08-20 08:47:23 +0000: Memory Usage (142024K) : Starting RESISTOR DERIVATIONS
2026-08-20 08:47:24 +0000: Memory Usage (142024K) : Starting CAP DERIVATIONS
2026-08-20 08:47:24 +0000: Memory Usage (142024K) : Starting CAP_CMOM DERIVATIONS
2026-08-20 08:47:24 +0000: Memory Usage (142024K) : Starting CAP_CMOMF DERIVATIONS
2026-08-20 08:47:24 +0000: Memory Usage (142024K) : Starting ESD DERIVATIONS
2026-08-20 08:47:24 +0000: Memory Usage (142024K) : Starting Inductor DERIVATIONS
2026-08-20 08:47:24 +0000: Memory Usage (142024K) : Starting Taps DERIVATIONS
2026-08-20 08:47:24 +0000: Memory Usage (142024K) : Starting SG13G2 LVS connectivity setup
2026-08-20 08:47:24 +0000: Memory Usage (142024K) : Starting SG13G2 LVS connectivity setup (Inter-layer)
2026-08-20 08:47:24 +0000: Memory Usage (142152K) : Starting SG13G2 LVS connectivity setup (Global)
2026-08-20 08:47:24 +0000: Memory Usage (142152K) : Starting LVS MOSFET CONNECTIONS
2026-08-20 08:47:24 +0000: Memory Usage (142152K) : Starting LVS RF-MOSFET CONNECTIONS
2026-08-20 08:47:24 +0000: Memory Usage (142152K) : Starting LVS BJT CONNECTIONS
2026-08-20 08:47:24 +0000: Memory Usage (142152K) : Starting LVS DIODE CONNECTIONS
2026-08-20 08:47:24 +0000: Memory Usage (142152K) : Starting RESISTOR CONNECTIONS
2026-08-20 08:47:24 +0000: Memory Usage (142152K) : Starting LVS CAP CONNECTIONS
2026-08-20 08:47:24 +0000: Memory Usage (142152K) : Starting CAP_CMOM CONNECTIONS
2026-08-20 08:47:24 +0000: Memory Usage (142152K) : Starting CAP_CMOMF CONNECTIONS
2026-08-20 08:47:24 +0000: Memory Usage (142152K) : Starting ESD CONNECTIONS
2026-08-20 08:47:24 +0000: Memory Usage (142152K) : Starting Inductor CONNECTIONS
2026-08-20 08:47:24 +0000: Memory Usage (142152K) : Starting LVS Taps CONNECTIONS
2026-08-20 08:47:24 +0000: Memory Usage (142152K) : Starting SG13G2 LVS DEVICES EXTRACTION
2026-08-20 08:47:24 +0000: Memory Usage (142152K) : Starting MOSFET EXTRACTION
2026-08-20 08:47:24 +0000: Memory Usage (142152K) : Starting NMOS EXTRACTION
2026-08-20 08:47:24 +0000: Memory Usage (142152K) : Extraction of NMOS-LV transistor
2026-08-20 08:47:24 +0000: Memory Usage (142536K) : Extraction of NMOS-HV transistor
2026-08-20 08:47:24 +0000: Memory Usage (142536K) : Starting PMOS EXTRACTION
2026-08-20 08:47:24 +0000: Memory Usage (142536K) : Extraction of PMOS-LV transistor
2026-08-20 08:47:24 +0000: Memory Usage (142536K) : Extraction of PMOS-HV transistor
2026-08-20 08:47:24 +0000: Memory Usage (142536K) : Starting RF-MOSFET EXTRACTION
2026-08-20 08:47:24 +0000: Memory Usage (142536K) : Extraction of RF-NMOS-LV transistor
2026-08-20 08:47:24 +0000: Memory Usage (142536K) : Extraction of RF-NMOS-HV transistor
2026-08-20 08:47:24 +0000: Memory Usage (142536K) : Extraction of RF-PMOS-LV transistor
2026-08-20 08:47:24 +0000: Memory Usage (142536K) : Extraction of RF-PMOS-HV transistor
2026-08-20 08:47:24 +0000: Memory Usage (142536K) : Starting BJT EXTRACTION
2026-08-20 08:47:24 +0000: Memory Usage (142536K) : Starting NPN-BJT EXTRACTION
2026-08-20 08:47:24 +0000: Memory Usage (142536K) : Extraction of npn13G2 BJT transistor
2026-08-20 08:47:24 +0000: Memory Usage (142536K) : Extraction of npn13G2L BJT transistor
2026-08-20 08:47:24 +0000: Memory Usage (142536K) : Extraction of npn13G2V BJT transistor
2026-08-20 08:47:24 +0000: Memory Usage (142536K) : Starting PNP-BJT EXTRACTION
2026-08-20 08:47:24 +0000: Memory Usage (142536K) : Extracting pnpMPA BJT
2026-08-20 08:47:24 +0000: Memory Usage (142536K) : Starting DIODE EXTRACTION
2026-08-20 08:47:24 +0000: Memory Usage (142536K) : Extracting dantenna diode
2026-08-20 08:47:24 +0000: Memory Usage (142536K) : Extracting dpantenna diode
2026-08-20 08:47:24 +0000: Memory Usage (142536K) : Extracting schottky_nbl1 diode
2026-08-20 08:47:24 +0000: Memory Usage (142536K) : Extracting isolbox diode
2026-08-20 08:47:24 +0000: Memory Usage (142536K) : Starting RESISTOR EXTRACTION
2026-08-20 08:47:24 +0000: Memory Usage (142536K) : Extracting rsil resistor
2026-08-20 08:47:24 +0000: Memory Usage (142536K) : Extracting rppd resistor
2026-08-20 08:47:24 +0000: Memory Usage (142536K) : Extracting rhigh resistor
2026-08-20 08:47:24 +0000: Memory Usage (142536K) : Extracting res_metal1 resistor
2026-08-20 08:47:24 +0000: Memory Usage (142664K) : Extracting res_metal2 resistor
2026-08-20 08:47:24 +0000: Memory Usage (142664K) : Extracting res_metal3 resistor
2026-08-20 08:47:24 +0000: Memory Usage (142664K) : Extracting res_metal4 resistor
2026-08-20 08:47:24 +0000: Memory Usage (142664K) : Extracting res_metal5 resistor
2026-08-20 08:47:24 +0000: Memory Usage (142664K) : Extracting res_topmetal1 resistor
2026-08-20 08:47:24 +0000: Memory Usage (142664K) : Extracting res_topmetal2 resistor
2026-08-20 08:47:24 +0000: Memory Usage (142664K) : Starting CAP EXTRACTION
2026-08-20 08:47:24 +0000: Memory Usage (142664K) : Extracting cap_cmim device
2026-08-20 08:47:24 +0000: Memory Usage (142664K) : Extracting rfcmim device
2026-08-20 08:47:24 +0000: Memory Usage (142664K) : Extracting sg13_hv_svaricap varactor
2026-08-20 08:47:24 +0000: Memory Usage (142664K) : Extracting cap_cmomi device
2026-08-20 08:47:24 +0000: Memory Usage (142664K) : Extracting cap_cmomf device
2026-08-20 08:47:24 +0000: Memory Usage (142664K) : Extracting sg13_moscap_n capacitor
2026-08-20 08:47:24 +0000: Memory Usage (142664K) : Extracting sg13_moscap_p capacitor
2026-08-20 08:47:24 +0000: Memory Usage (142664K) : Starting ESD EXTRACTION
2026-08-20 08:47:24 +0000: Memory Usage (142664K) : Extracting diodevdd_2kv ESD device
2026-08-20 08:47:24 +0000: Memory Usage (142664K) : Extracting diodevdd_4kv ESD device
2026-08-20 08:47:24 +0000: Memory Usage (142664K) : Extracting diodevss_2kv ESD device
2026-08-20 08:47:24 +0000: Memory Usage (142664K) : Extracting diodevss_4kv ESD device
2026-08-20 08:47:24 +0000: Memory Usage (142664K) : Extracting idiodevdd_2kv ESD device
2026-08-20 08:47:24 +0000: Memory Usage (142664K) : Extracting idiodevdd_4kv ESD device
2026-08-20 08:47:24 +0000: Memory Usage (142664K) : Extracting idiodevss_2kv ESD device
2026-08-20 08:47:24 +0000: Memory Usage (142664K) : Extracting idiodevss_4kv ESD device
2026-08-20 08:47:24 +0000: Memory Usage (142664K) : Extracting nmoscl_2 ESD device
2026-08-20 08:47:24 +0000: Memory Usage (142664K) : Extracting nmoscl_4 ESD device
2026-08-20 08:47:24 +0000: Memory Usage (142664K) : Starting Inductor EXTRACTION
2026-08-20 08:47:24 +0000: Memory Usage (142664K) : Extracting Inductor2 device
2026-08-20 08:47:24 +0000: Memory Usage (142664K) : Extracting Inductor3 device
2026-08-20 08:47:24 +0000: Memory Usage (142664K) : Starting Taps EXTRACTION
2026-08-20 08:47:24 +0000: Memory Usage (142664K) : Extracting ntap1 device
2026-08-20 08:47:24 +0000: Memory Usage (142664K) : Extracting ptap1 device
2026-08-20 08:47:24 +0000: Memory Usage (142664K) : Starting SG13G2 LVS RF MOS Model Mapping
2026-08-20 08:47:24 +0000: Memory Usage (142664K) : [layout_netlist] Apply RF MOS model mapping and rfmode parameter.
2026-08-20 08:47:24 +0000: Memory Usage (142664K) : Starting SG13G2 LVS Options Preparations
2026-08-20 08:47:24 +0000: Memory Usage (142664K) : SG13G2 LVS flow: extraction -> alignment -> option preparation -> comparison.
2026-08-20 08:47:24 +0000: Memory Usage (142664K) : Starting SG13G2 LVS Alignment
2026-08-20 08:47:24 +0000: Memory Usage (142792K) : Starting SG13G2 LVS Simplification
2026-08-20 08:47:24 +0000: Memory Usage (142792K) : [layout_netlist] simplify: ENABLED
2026-08-20 08:47:24 +0000: Memory Usage (142792K) : [layout_netlist] make_top_level_pins: SKIPPED
2026-08-20 08:47:24 +0000: Memory Usage (142792K) : [layout_netlist] combine_devices: SKIPPED
2026-08-20 08:47:24 +0000: Memory Usage (142792K) : [layout_netlist] purge: SKIPPED
2026-08-20 08:47:24 +0000: Memory Usage (142792K) : [layout_netlist] purge_nets: SKIPPED
2026-08-20 08:47:24 +0000: Memory Usage (142792K) : [schematic_netlist] simplify: ENABLED
2026-08-20 08:47:24 +0000: Memory Usage (142792K) : [schematic_netlist] make_top_level_pins: SKIPPED
2026-08-20 08:47:24 +0000: Memory Usage (142792K) : [schematic_netlist] combine_devices: SKIPPED
2026-08-20 08:47:24 +0000: Memory Usage (142792K) : [schematic_netlist] purge: SKIPPED
2026-08-20 08:47:24 +0000: Memory Usage (142792K) : [schematic_netlist] purge_nets: SKIPPED
2026-08-20 08:47:24 +0000: Memory Usage (142792K) : Starting SG13G2 LVS Comparison
2026-08-20 08:47:24 +0000: Memory Usage (142792K) : xxxxxxxxxxxxxxxxxxxxxxxxxxxxxxxxxxxxxxxxxx
2026-08-20 08:47:24 +0000: Memory Usage (142792K) : ERROR : Netlists don't match
2026-08-20 08:47:24 +0000: Memory Usage (142792K) : xxxxxxxxxxxxxxxxxxxxxxxxxxxxxxxxxxxxxxxxxx
2026-08-20 08:47:24 +0000: Memory Usage (142792K) : LVS Total Run time 0.556328 seconds
