# Logfile created on 2026-08-20 17:25:02 +0000 by logger.rb/v1.5.3
2026-08-20 17:25:02 +0000: Memory Usage (128760K) : Starting running SG13G2 Klayout LVS runset on /workspace/layout/blocks/out/driver_stage/granular3/with_channel_supplies_with_clamp_routes_with_esd_local_bus_with_esd_ring_ties_with_pad_feed/driver_dut.gds
2026-08-20 17:25:02 +0000: Memory Usage (128760K) : Ruby Version for klayout: 3.2.3
2026-08-20 17:25:02 +0000: Memory Usage (130100K) : Loading database to memory is complete.
2026-08-20 17:25:02 +0000: Memory Usage (130100K) : SG13G2 Klayout LVS runset output at: /workspace/layout/blocks/out/driver_stage/granular3/with_channel_supplies_with_clamp_routes_with_esd_local_bus_with_esd_ring_ties_with_pad_feed/lvs/driver_dut.lvsdb
2026-08-20 17:25:02 +0000: Memory Usage (130100K) : Evaluate switches.
2026-08-20 17:25:02 +0000: Memory Usage (130100K) : Extracted netlist with net names: true
2026-08-20 17:25:02 +0000: Memory Usage (130100K) : Extracted netlist with comments in details: false
2026-08-20 17:25:02 +0000: Memory Usage (130100K) : Selected NET_ONLY option: false
2026-08-20 17:25:02 +0000: Memory Usage (130100K) : Selected LAYOUT_NETLIST option: (none)
2026-08-20 17:25:02 +0000: Memory Usage (130100K) : Selected IGNORE_TOP_PORTS_MISMATCH option: true
2026-08-20 17:25:02 +0000: Memory Usage (130100K) : Selected IMPLICIT_NETS option: sub,sub!
2026-08-20 17:25:02 +0000: Memory Usage (130100K) : Selected TOP_LVL_PINS option: false
2026-08-20 17:25:02 +0000: Memory Usage (130100K) : Selected COMBINE DEVICES option: false
2026-08-20 17:25:02 +0000: Memory Usage (130100K) : Selected PURGE option: false
2026-08-20 17:25:02 +0000: Memory Usage (130100K) : Selected PURGE_NETS option: false
2026-08-20 17:25:02 +0000: Memory Usage (130100K) : Selected SIMPLIFY option: true
2026-08-20 17:25:02 +0000: Memory Usage (130100K) : Selected SERIES_RES option: true
2026-08-20 17:25:02 +0000: Memory Usage (130100K) : Selected PARALLEL_RES option: true
2026-08-20 17:25:02 +0000: Memory Usage (130100K) : Selected DISABLE_TAP_EXTRACTION option: true
2026-08-20 17:25:02 +0000: Memory Usage (130100K) : deep  mode is enabled.
2026-08-20 17:25:02 +0000: Memory Usage (130100K) : Applying implicit connections (case-sensitive, pattern supported) for nets: sub, sub!
2026-08-20 17:25:02 +0000: Memory Usage (131348K) : Netlist file: /workspace/layout/blocks/out/driver_stage/granular3/with_channel_supplies_with_clamp_routes_with_esd_local_bus_with_esd_ring_ties_with_pad_feed/x.cdl
2026-08-20 17:25:02 +0000: Memory Usage (131348K) : LVS extracted netlist at: /workspace/layout/blocks/out/driver_stage/granular3/with_channel_supplies_with_clamp_routes_with_esd_local_bus_with_esd_ring_ties_with_pad_feed/lvs/driver_dut_extracted.cir
2026-08-20 17:25:02 +0000: Memory Usage (131348K) : Applying SRAM integration support.
2026-08-20 17:25:02 +0000: Memory Usage (131348K) : Starting SG13G2 LVS runset
2026-08-20 17:25:02 +0000: Memory Usage (131348K) : Read in polygons from layers.
2026-08-20 17:25:02 +0000: Memory Usage (132580K) : activ_drw has 899 polygons
2026-08-20 17:25:02 +0000: Memory Usage (133092K) : activ_filler has 0 polygons
2026-08-20 17:25:02 +0000: Memory Usage (133092K) : activ has 899 polygons
2026-08-20 17:25:02 +0000: Memory Usage (133092K) : activ_pin has 0 polygons
2026-08-20 17:25:02 +0000: Memory Usage (133092K) : activ_mask has 4 polygons
2026-08-20 17:25:02 +0000: Memory Usage (133092K) : activ_nofill has 2 polygons
2026-08-20 17:25:02 +0000: Memory Usage (133092K) : activ_OPC has 0 polygons
2026-08-20 17:25:02 +0000: Memory Usage (133092K) : activ_iOPC has 0 polygons
2026-08-20 17:25:02 +0000: Memory Usage (133092K) : activ_noqrc has 0 polygons
2026-08-20 17:25:02 +0000: Memory Usage (133092K) : biwind_drw has 0 polygons
2026-08-20 17:25:02 +0000: Memory Usage (133092K) : biwind_OPC has 0 polygons
2026-08-20 17:25:02 +0000: Memory Usage (133092K) : gatpoly_drw has 140 polygons
2026-08-20 17:25:02 +0000: Memory Usage (133092K) : gatpoly_filler has 0 polygons
2026-08-20 17:25:02 +0000: Memory Usage (133092K) : gatpoly has 140 polygons
2026-08-20 17:25:02 +0000: Memory Usage (133092K) : gatpoly_pin has 119 polygons
2026-08-20 17:25:02 +0000: Memory Usage (133092K) : gatpoly_nofill has 2 polygons
2026-08-20 17:25:02 +0000: Memory Usage (133092K) : gatpoly_OPC has 0 polygons
2026-08-20 17:25:02 +0000: Memory Usage (133092K) : gatpoly_iOPC has 0 polygons
2026-08-20 17:25:02 +0000: Memory Usage (133092K) : gatpoly_noqrc has 0 polygons
2026-08-20 17:25:02 +0000: Memory Usage (133220K) : cont_drw has 14577 polygons
2026-08-20 17:25:02 +0000: Memory Usage (133220K) : cont_OPC has 0 polygons
2026-08-20 17:25:02 +0000: Memory Usage (133220K) : nsd_drw has 0 polygons
2026-08-20 17:25:02 +0000: Memory Usage (133220K) : nsd_block has 4 polygons
2026-08-20 17:25:02 +0000: Memory Usage (133220K) : metal1_drw has 1550 polygons
2026-08-20 17:25:02 +0000: Memory Usage (133348K) : metal1_filler has 0 polygons
2026-08-20 17:25:02 +0000: Memory Usage (133348K) : metal1_slit has 0 polygons
2026-08-20 17:25:02 +0000: Memory Usage (133476K) : metal1 has 1550 polygons
2026-08-20 17:25:02 +0000: Memory Usage (133476K) : metal1_pin has 750 polygons
2026-08-20 17:25:02 +0000: Memory Usage (133476K) : metal1_mask has 0 polygons
2026-08-20 17:25:02 +0000: Memory Usage (133604K) : metal1_nofill has 2 polygons
2026-08-20 17:25:02 +0000: Memory Usage (133860K) : metal1_text has 5 polygons
2026-08-20 17:25:02 +0000: Memory Usage (133860K) : metal1_OPC has 0 polygons
2026-08-20 17:25:02 +0000: Memory Usage (133988K) : metal1_noqrc has 0 polygons
2026-08-20 17:25:02 +0000: Memory Usage (133988K) : metal1_res has 0 polygons
2026-08-20 17:25:02 +0000: Memory Usage (134116K) : metal1_iprobe has 0 polygons
2026-08-20 17:25:02 +0000: Memory Usage (134116K) : metal1_diffprb has 0 polygons
2026-08-20 17:25:02 +0000: Memory Usage (134116K) : passiv_drw has 2 polygons
2026-08-20 17:25:02 +0000: Memory Usage (134116K) : passiv_pin has 0 polygons
2026-08-20 17:25:02 +0000: Memory Usage (134244K) : passiv_sbump has 0 polygons
2026-08-20 17:25:02 +0000: Memory Usage (134244K) : passiv_pillar has 0 polygons
2026-08-20 17:25:02 +0000: Memory Usage (134244K) : passiv_pdl has 0 polygons
2026-08-20 17:25:02 +0000: Memory Usage (134372K) : metal2_drw has 541 polygons
2026-08-20 17:25:02 +0000: Memory Usage (134372K) : metal2_filler has 0 polygons
2026-08-20 17:25:02 +0000: Memory Usage (134372K) : metal2_slit has 0 polygons
2026-08-20 17:25:02 +0000: Memory Usage (134372K) : metal2 has 541 polygons
2026-08-20 17:25:02 +0000: Memory Usage (134500K) : metal2_pin has 10 polygons
2026-08-20 17:25:02 +0000: Memory Usage (134500K) : metal2_mask has 0 polygons
2026-08-20 17:25:02 +0000: Memory Usage (134500K) : metal2_nofill has 2 polygons
2026-08-20 17:25:02 +0000: Memory Usage (134500K) : metal2_text has 3 polygons
2026-08-20 17:25:02 +0000: Memory Usage (134628K) : metal2_OPC has 0 polygons
2026-08-20 17:25:02 +0000: Memory Usage (134628K) : metal2_noqrc has 0 polygons
2026-08-20 17:25:02 +0000: Memory Usage (134628K) : metal2_res has 0 polygons
2026-08-20 17:25:02 +0000: Memory Usage (134628K) : metal2_iprobe has 0 polygons
2026-08-20 17:25:02 +0000: Memory Usage (134756K) : metal2_diffprb has 0 polygons
2026-08-20 17:25:02 +0000: Memory Usage (134756K) : baspoly_drw has 0 polygons
2026-08-20 17:25:02 +0000: Memory Usage (134756K) : baspoly_pin has 0 polygons
2026-08-20 17:25:02 +0000: Memory Usage (134756K) : psd_drw has 515 polygons
2026-08-20 17:25:02 +0000: Memory Usage (134884K) : nldb_drw has 0 polygons
2026-08-20 17:25:02 +0000: Memory Usage (134884K) : digibnd_drw has 0 polygons
2026-08-20 17:25:02 +0000: Memory Usage (134884K) : via1_drw has 7634 polygons
2026-08-20 17:25:02 +0000: Memory Usage (135012K) : backmetal1_drw has 0 polygons
2026-08-20 17:25:02 +0000: Memory Usage (135012K) : backmetal1_pin has 0 polygons
2026-08-20 17:25:02 +0000: Memory Usage (135012K) : backmetal1_mask has 0 polygons
2026-08-20 17:25:02 +0000: Memory Usage (135012K) : backmetal1_filler has 0 polygons
2026-08-20 17:25:02 +0000: Memory Usage (135140K) : backmetal1_nofill has 0 polygons
2026-08-20 17:25:02 +0000: Memory Usage (135140K) : backmetal1_slit has 0 polygons
2026-08-20 17:25:02 +0000: Memory Usage (135140K) : backmetal1_text has 0 polygons
2026-08-20 17:25:02 +0000: Memory Usage (135140K) : backmetal1_OPC has 0 polygons
2026-08-20 17:25:02 +0000: Memory Usage (135268K) : backmetal1_noqrc has 0 polygons
2026-08-20 17:25:02 +0000: Memory Usage (135268K) : backmetal1_res has 0 polygons
2026-08-20 17:25:02 +0000: Memory Usage (135268K) : backmetal1_iprobe has 0 polygons
2026-08-20 17:25:02 +0000: Memory Usage (135268K) : backmetal1_diffprb has 0 polygons
2026-08-20 17:25:02 +0000: Memory Usage (135396K) : backpassiv_drw has 0 polygons
2026-08-20 17:25:02 +0000: Memory Usage (135396K) : res_drw has 2 polygons
2026-08-20 17:25:02 +0000: Memory Usage (135396K) : sram_drw has 0 polygons
2026-08-20 17:25:02 +0000: Memory Usage (135396K) : trans_drw has 2 polygons
2026-08-20 17:25:02 +0000: Memory Usage (135524K) : ind_drw has 2 polygons
2026-08-20 17:25:02 +0000: Memory Usage (135524K) : ind_pin has 4 polygons
2026-08-20 17:25:02 +0000: Memory Usage (135524K) : ind_text has 4 polygons
2026-08-20 17:25:02 +0000: Memory Usage (135652K) : salblock_drw has 12 polygons
2026-08-20 17:25:02 +0000: Memory Usage (135652K) : via2_drw has 804 polygons
2026-08-20 17:25:02 +0000: Memory Usage (135652K) : metal3_drw has 38 polygons
2026-08-20 17:25:02 +0000: Memory Usage (135652K) : metal3_filler has 0 polygons
2026-08-20 17:25:02 +0000: Memory Usage (135652K) : metal3_slit has 0 polygons
2026-08-20 17:25:02 +0000: Memory Usage (135652K) : metal3 has 38 polygons
2026-08-20 17:25:02 +0000: Memory Usage (135652K) : metal3_pin has 2 polygons
2026-08-20 17:25:02 +0000: Memory Usage (135652K) : metal3_mask has 0 polygons
2026-08-20 17:25:02 +0000: Memory Usage (135652K) : metal3_nofill has 2 polygons
2026-08-20 17:25:02 +0000: Memory Usage (135652K) : metal3_text has 0 polygons
2026-08-20 17:25:02 +0000: Memory Usage (135652K) : metal3_OPC has 0 polygons
2026-08-20 17:25:02 +0000: Memory Usage (135780K) : metal3_noqrc has 0 polygons
2026-08-20 17:25:02 +0000: Memory Usage (135780K) : metal3_res has 0 polygons
2026-08-20 17:25:02 +0000: Memory Usage (135780K) : metal3_iprobe has 0 polygons
2026-08-20 17:25:02 +0000: Memory Usage (135780K) : metal3_diffprb has 0 polygons
2026-08-20 17:25:02 +0000: Memory Usage (135780K) : nwell_drw has 14 polygons
2026-08-20 17:25:02 +0000: Memory Usage (135908K) : nwell_pin has 0 polygons
2026-08-20 17:25:02 +0000: Memory Usage (135908K) : nwell_text has 0 polygons
2026-08-20 17:25:02 +0000: Memory Usage (135908K) : nbulay_drw has 1 polygons
2026-08-20 17:25:02 +0000: Memory Usage (135908K) : nbulay_pin has 0 polygons
2026-08-20 17:25:02 +0000: Memory Usage (135908K) : nbulay_block has 0 polygons
2026-08-20 17:25:02 +0000: Memory Usage (135908K) : emwind_drw has 4 polygons
2026-08-20 17:25:02 +0000: Memory Usage (136036K) : emwind_OPC has 0 polygons
2026-08-20 17:25:02 +0000: Memory Usage (136036K) : deepco_drw has 0 polygons
2026-08-20 17:25:02 +0000: Memory Usage (136036K) : mim_drw has 0 polygons
2026-08-20 17:25:02 +0000: Memory Usage (136036K) : edgeseal_drw has 0 polygons
2026-08-20 17:25:02 +0000: Memory Usage (136036K) : substrate_drw has 500 polygons
2026-08-20 17:25:02 +0000: Memory Usage (136036K) : substrate_text has 0 polygons
2026-08-20 17:25:02 +0000: Memory Usage (136164K) : dfpad_drw has 2 polygons
2026-08-20 17:25:02 +0000: Memory Usage (136164K) : dfpad_pillar has 0 polygons
2026-08-20 17:25:02 +0000: Memory Usage (136164K) : dfpad_sbump has 0 polygons
2026-08-20 17:25:02 +0000: Memory Usage (136164K) : thickgateox_drw has 1 polygons
2026-08-20 17:25:02 +0000: Memory Usage (136164K) : pldb_drw has 0 polygons
2026-08-20 17:25:02 +0000: Memory Usage (136292K) : pwell_drw has 0 polygons
2026-08-20 17:25:02 +0000: Memory Usage (136292K) : pwell_pin has 0 polygons
2026-08-20 17:25:02 +0000: Memory Usage (136292K) : pwell_block has 2 polygons
2026-08-20 17:25:02 +0000: Memory Usage (136292K) : ic_drw has 0 polygons
2026-08-20 17:25:02 +0000: Memory Usage (136292K) : via3_drw has 1009 polygons
2026-08-20 17:25:02 +0000: Memory Usage (136292K) : metal4_drw has 21 polygons
2026-08-20 17:25:02 +0000: Memory Usage (136420K) : metal4_filler has 0 polygons
2026-08-20 17:25:02 +0000: Memory Usage (136420K) : metal4_slit has 0 polygons
2026-08-20 17:25:02 +0000: Memory Usage (136420K) : metal4 has 21 polygons
2026-08-20 17:25:02 +0000: Memory Usage (136420K) : metal4_pin has 0 polygons
2026-08-20 17:25:02 +0000: Memory Usage (136548K) : metal4_mask has 0 polygons
2026-08-20 17:25:02 +0000: Memory Usage (136548K) : metal4_nofill has 2 polygons
2026-08-20 17:25:02 +0000: Memory Usage (136548K) : metal4_text has 3 polygons
2026-08-20 17:25:02 +0000: Memory Usage (136548K) : metal4_OPC has 0 polygons
2026-08-20 17:25:02 +0000: Memory Usage (136548K) : metal4_noqrc has 0 polygons
2026-08-20 17:25:02 +0000: Memory Usage (136548K) : metal4_res has 0 polygons
2026-08-20 17:25:02 +0000: Memory Usage (136548K) : metal4_iprobe has 0 polygons
2026-08-20 17:25:02 +0000: Memory Usage (136548K) : metal4_diffprb has 0 polygons
2026-08-20 17:25:02 +0000: Memory Usage (136676K) : heattrans_drw has 123 polygons
2026-08-20 17:25:02 +0000: Memory Usage (136676K) : heatres_drw has 2 polygons
2026-08-20 17:25:02 +0000: Memory Usage (136676K) : fbe_drw has 0 polygons
2026-08-20 17:25:02 +0000: Memory Usage (136676K) : empoly_drw has 0 polygons
2026-08-20 17:25:02 +0000: Memory Usage (136676K) : digisub_drw has 0 polygons
2026-08-20 17:25:02 +0000: Memory Usage (136676K) : text_drw has 655 polygons
2026-08-20 17:25:02 +0000: Memory Usage (136804K) : via4_drw has 1003 polygons
2026-08-20 17:25:02 +0000: Memory Usage (136804K) : metal5_drw has 26 polygons
2026-08-20 17:25:02 +0000: Memory Usage (136804K) : metal5_filler has 0 polygons
2026-08-20 17:25:02 +0000: Memory Usage (136804K) : metal5_slit has 0 polygons
2026-08-20 17:25:02 +0000: Memory Usage (136804K) : metal5 has 26 polygons
2026-08-20 17:25:02 +0000: Memory Usage (136804K) : metal5_pin has 0 polygons
2026-08-20 17:25:02 +0000: Memory Usage (136932K) : metal5_mask has 0 polygons
2026-08-20 17:25:02 +0000: Memory Usage (136932K) : metal5_nofill has 2 polygons
2026-08-20 17:25:02 +0000: Memory Usage (136932K) : metal5_text has 0 polygons
2026-08-20 17:25:02 +0000: Memory Usage (136932K) : metal5_OPC has 0 polygons
2026-08-20 17:25:02 +0000: Memory Usage (136932K) : metal5_noqrc has 0 polygons
2026-08-20 17:25:02 +0000: Memory Usage (136932K) : metal5_res has 0 polygons
2026-08-20 17:25:02 +0000: Memory Usage (137060K) : metal5_iprobe has 0 polygons
2026-08-20 17:25:02 +0000: Memory Usage (137060K) : metal5_diffprb has 0 polygons
2026-08-20 17:25:02 +0000: Memory Usage (137060K) : radhard_drw has 0 polygons
2026-08-20 17:25:02 +0000: Memory Usage (137060K) : memcap_drw has 0 polygons
2026-08-20 17:25:02 +0000: Memory Usage (137060K) : varicap_drw has 0 polygons
2026-08-20 17:25:02 +0000: Memory Usage (137060K) : intbondvia_drw has 0 polygons
2026-08-20 17:25:02 +0000: Memory Usage (137188K) : intbondmet_drw has 0 polygons
2026-08-20 17:25:02 +0000: Memory Usage (137188K) : devbondvia_drw has 0 polygons
2026-08-20 17:25:02 +0000: Memory Usage (137188K) : devbondmet_drw has 0 polygons
2026-08-20 17:25:02 +0000: Memory Usage (137188K) : devtrench_drw has 0 polygons
2026-08-20 17:25:02 +0000: Memory Usage (137188K) : redist_drw has 0 polygons
2026-08-20 17:25:02 +0000: Memory Usage (137188K) : graphbot_drw has 0 polygons
2026-08-20 17:25:02 +0000: Memory Usage (137316K) : graphtop_drw has 0 polygons
2026-08-20 17:25:02 +0000: Memory Usage (137316K) : antvia1_drw has 0 polygons
2026-08-20 17:25:02 +0000: Memory Usage (137316K) : antmetal2_drw has 0 polygons
2026-08-20 17:25:02 +0000: Memory Usage (137316K) : graphcont_drw has 0 polygons
2026-08-20 17:25:02 +0000: Memory Usage (137444K) : siwg_drw has 0 polygons
2026-08-20 17:25:02 +0000: Memory Usage (137444K) : siwg_filler has 0 polygons
2026-08-20 17:25:02 +0000: Memory Usage (137444K) : siwg_nofill has 0 polygons
2026-08-20 17:25:02 +0000: Memory Usage (137444K) : sigrating_drw has 0 polygons
2026-08-20 17:25:02 +0000: Memory Usage (137444K) : singrating_drw has 0 polygons
2026-08-20 17:25:02 +0000: Memory Usage (137572K) : graphpas_drw has 0 polygons
2026-08-20 17:25:02 +0000: Memory Usage (137572K) : emwind3_drw has 0 polygons
2026-08-20 17:25:02 +0000: Memory Usage (137572K) : emwihv3_drw has 0 polygons
2026-08-20 17:25:02 +0000: Memory Usage (137572K) : redbulay_drw has 0 polygons
2026-08-20 17:25:02 +0000: Memory Usage (137572K) : smos_drw has 0 polygons
2026-08-20 17:25:02 +0000: Memory Usage (137572K) : graphpad_drw has 0 polygons
2026-08-20 17:25:02 +0000: Memory Usage (137700K) : polimide_drw has 0 polygons
2026-08-20 17:25:02 +0000: Memory Usage (137700K) : polimide_pin has 0 polygons
2026-08-20 17:25:02 +0000: Memory Usage (137700K) : recog_drw has 1 polygons
2026-08-20 17:25:02 +0000: Memory Usage (137700K) : recog_pin has 0 polygons
2026-08-20 17:25:02 +0000: Memory Usage (137700K) : recog_esd has 5 polygons
2026-08-20 17:25:02 +0000: Memory Usage (137700K) : recog_diode has 0 polygons
2026-08-20 17:25:02 +0000: Memory Usage (137828K) : recog_tsv has 0 polygons
2026-08-20 17:25:02 +0000: Memory Usage (137828K) : recog_iprobe has 0 polygons
2026-08-20 17:25:02 +0000: Memory Usage (137828K) : recog_diffprb has 0 polygons
2026-08-20 17:25:02 +0000: Memory Usage (137828K) : recog_pillar has 0 polygons
2026-08-20 17:25:02 +0000: Memory Usage (137828K) : recog_sbump has 0 polygons
2026-08-20 17:25:02 +0000: Memory Usage (137956K) : recog_otp has 0 polygons
2026-08-20 17:25:02 +0000: Memory Usage (137956K) : recog_pdiode has 0 polygons
2026-08-20 17:25:02 +0000: Memory Usage (137956K) : recog_mom has 0 polygons
2026-08-20 17:25:02 +0000: Memory Usage (137956K) : recog_momf has 0 polygons
2026-08-20 17:25:02 +0000: Memory Usage (138084K) : recog_pcm has 0 polygons
2026-08-20 17:25:02 +0000: Memory Usage (138084K) : colopen_drw has 0 polygons
2026-08-20 17:25:02 +0000: Memory Usage (138084K) : graphmetal1_drw has 0 polygons
2026-08-20 17:25:02 +0000: Memory Usage (138084K) : graphmetal1_filler has 0 polygons
2026-08-20 17:25:02 +0000: Memory Usage (138212K) : graphmetal1_nofill has 0 polygons
2026-08-20 17:25:02 +0000: Memory Usage (138212K) : graphmetal1_slit has 0 polygons
2026-08-20 17:25:02 +0000: Memory Usage (138212K) : graphmetal1_OPC has 0 polygons
2026-08-20 17:25:02 +0000: Memory Usage (138212K) : graphmet1l_drw has 0 polygons
2026-08-20 17:25:02 +0000: Memory Usage (138340K) : graphmet1l_filler has 0 polygons
2026-08-20 17:25:02 +0000: Memory Usage (138340K) : graphmet1l_nofill has 0 polygons
2026-08-20 17:25:02 +0000: Memory Usage (138340K) : graphmet1l_slit has 0 polygons
2026-08-20 17:25:02 +0000: Memory Usage (138340K) : graphmet1l_OPC has 0 polygons
2026-08-20 17:25:02 +0000: Memory Usage (138468K) : extblock_drw has 6 polygons
2026-08-20 17:25:02 +0000: Memory Usage (138468K) : nldd_drw has 0 polygons
2026-08-20 17:25:02 +0000: Memory Usage (138468K) : pldd_drw has 0 polygons
2026-08-20 17:25:02 +0000: Memory Usage (138468K) : next_drw has 0 polygons
2026-08-20 17:25:02 +0000: Memory Usage (138596K) : pext_drw has 0 polygons
2026-08-20 17:25:02 +0000: Memory Usage (138596K) : nexthv_drw has 0 polygons
2026-08-20 17:25:02 +0000: Memory Usage (138596K) : pexthv_drw has 0 polygons
2026-08-20 17:25:02 +0000: Memory Usage (138596K) : graphgate_drw has 0 polygons
2026-08-20 17:25:02 +0000: Memory Usage (138724K) : sinwg_drw has 0 polygons
2026-08-20 17:25:02 +0000: Memory Usage (138724K) : sinwg_filler has 0 polygons
2026-08-20 17:25:02 +0000: Memory Usage (138724K) : sinwg_nofill has 0 polygons
2026-08-20 17:25:02 +0000: Memory Usage (138724K) : mempad_drw has 0 polygons
2026-08-20 17:25:02 +0000: Memory Usage (138852K) : topvia1_drw has 475 polygons
2026-08-20 17:25:02 +0000: Memory Usage (138852K) : topmetal1_drw has 46 polygons
2026-08-20 17:25:02 +0000: Memory Usage (138852K) : topmetal1_filler has 0 polygons
2026-08-20 17:25:02 +0000: Memory Usage (138852K) : topmetal1_slit has 0 polygons
2026-08-20 17:25:02 +0000: Memory Usage (138980K) : topmetal1 has 46 polygons
2026-08-20 17:25:02 +0000: Memory Usage (138980K) : topmetal1_pin has 0 polygons
2026-08-20 17:25:02 +0000: Memory Usage (138980K) : topmetal1_mask has 0 polygons
2026-08-20 17:25:02 +0000: Memory Usage (139108K) : topmetal1_nofill has 2 polygons
2026-08-20 17:25:02 +0000: Memory Usage (139108K) : topmetal1_text has 0 polygons
2026-08-20 17:25:02 +0000: Memory Usage (139108K) : topmetal1_noqrc has 0 polygons
2026-08-20 17:25:02 +0000: Memory Usage (139108K) : topmetal1_res has 0 polygons
2026-08-20 17:25:02 +0000: Memory Usage (139108K) : topmetal1_iprobe has 0 polygons
2026-08-20 17:25:02 +0000: Memory Usage (139236K) : topmetal1_diffprb has 0 polygons
2026-08-20 17:25:02 +0000: Memory Usage (139236K) : inldpwl_drw has 0 polygons
2026-08-20 17:25:02 +0000: Memory Usage (139236K) : polyres_drw has 2 polygons
2026-08-20 17:25:02 +0000: Memory Usage (139364K) : polyres_pin has 0 polygons
2026-08-20 17:25:02 +0000: Memory Usage (139364K) : vmim_drw has 0 polygons
2026-08-20 17:25:02 +0000: Memory Usage (139492K) : nbulaycut_drw has 0 polygons
2026-08-20 17:25:02 +0000: Memory Usage (139492K) : antmetal1_drw has 0 polygons
2026-08-20 17:25:02 +0000: Memory Usage (139492K) : topvia2_drw has 229 polygons
2026-08-20 17:25:02 +0000: Memory Usage (139492K) : topmetal2_drw has 60 polygons
2026-08-20 17:25:02 +0000: Memory Usage (139620K) : topmetal2_filler has 0 polygons
2026-08-20 17:25:02 +0000: Memory Usage (139620K) : topmetal2_slit has 0 polygons
2026-08-20 17:25:02 +0000: Memory Usage (139620K) : topmetal2 has 60 polygons
2026-08-20 17:25:02 +0000: Memory Usage (139620K) : topmetal2_pin has 4 polygons
2026-08-20 17:25:02 +0000: Memory Usage (139748K) : topmetal2_mask has 0 polygons
2026-08-20 17:25:02 +0000: Memory Usage (139748K) : topmetal2_nofill has 2 polygons
2026-08-20 17:25:02 +0000: Memory Usage (139748K) : topmetal2_text has 8 polygons
2026-08-20 17:25:02 +0000: Memory Usage (139876K) : topmetal2_noqrc has 0 polygons
2026-08-20 17:25:02 +0000: Memory Usage (139876K) : topmetal2_res has 0 polygons
2026-08-20 17:25:02 +0000: Memory Usage (139876K) : topmetal2_iprobe has 0 polygons
2026-08-20 17:25:02 +0000: Memory Usage (139876K) : topmetal2_diffprb has 0 polygons
2026-08-20 17:25:02 +0000: Memory Usage (140004K) : snsring_drw has 0 polygons
2026-08-20 17:25:02 +0000: Memory Usage (140132K) : sensor_drw has 0 polygons
2026-08-20 17:25:02 +0000: Memory Usage (140132K) : snsarms_drw has 0 polygons
2026-08-20 17:25:02 +0000: Memory Usage (140132K) : snscmosvia_drw has 0 polygons
2026-08-20 17:25:02 +0000: Memory Usage (140132K) : colwind_drw has 0 polygons
2026-08-20 17:25:02 +0000: Memory Usage (140260K) : flm_drw has 0 polygons
2026-08-20 17:25:02 +0000: Memory Usage (140260K) : hafniumox_drw has 0 polygons
2026-08-20 17:25:02 +0000: Memory Usage (140260K) : memvia_drw has 0 polygons
2026-08-20 17:25:02 +0000: Memory Usage (140260K) : thinfilmres_drw has 0 polygons
2026-08-20 17:25:02 +0000: Memory Usage (140260K) : rfmem_drw has 0 polygons
2026-08-20 17:25:02 +0000: Memory Usage (140260K) : norcx_drw has 2 polygons
2026-08-20 17:25:02 +0000: Memory Usage (140260K) : norcx_m2m3 has 0 polygons
2026-08-20 17:25:02 +0000: Memory Usage (140260K) : norcx_m2m4 has 0 polygons
2026-08-20 17:25:02 +0000: Memory Usage (140260K) : norcx_m2m5 has 0 polygons
2026-08-20 17:25:02 +0000: Memory Usage (140260K) : norcx_m2tm1 has 0 polygons
2026-08-20 17:25:02 +0000: Memory Usage (140260K) : norcx_m2tm2 has 0 polygons
2026-08-20 17:25:02 +0000: Memory Usage (140260K) : norcx_m3m4 has 0 polygons
2026-08-20 17:25:02 +0000: Memory Usage (140260K) : norcx_m3m5 has 0 polygons
2026-08-20 17:25:02 +0000: Memory Usage (140260K) : norcx_m3tm1 has 0 polygons
2026-08-20 17:25:02 +0000: Memory Usage (140260K) : norcx_m3tm2 has 0 polygons
2026-08-20 17:25:02 +0000: Memory Usage (140260K) : norcx_m4m5 has 0 polygons
2026-08-20 17:25:02 +0000: Memory Usage (140260K) : norcx_m4tm1 has 0 polygons
2026-08-20 17:25:02 +0000: Memory Usage (140260K) : norcx_m4tm2 has 0 polygons
2026-08-20 17:25:02 +0000: Memory Usage (140260K) : norcx_m5tm1 has 0 polygons
2026-08-20 17:25:02 +0000: Memory Usage (140260K) : norcx_m5tm2 has 0 polygons
2026-08-20 17:25:02 +0000: Memory Usage (140260K) : norcx_tm1tm2 has 0 polygons
2026-08-20 17:25:02 +0000: Memory Usage (140260K) : norcx_m1sub has 0 polygons
2026-08-20 17:25:02 +0000: Memory Usage (140260K) : norcx_m2sub has 0 polygons
2026-08-20 17:25:02 +0000: Memory Usage (140260K) : norcx_m3sub has 0 polygons
2026-08-20 17:25:02 +0000: Memory Usage (140260K) : norcx_m4sub has 0 polygons
2026-08-20 17:25:02 +0000: Memory Usage (140260K) : norcx_m5sub has 0 polygons
2026-08-20 17:25:02 +0000: Memory Usage (140260K) : norcx_tm1sub has 0 polygons
2026-08-20 17:25:02 +0000: Memory Usage (140260K) : norcx_tm2sub has 0 polygons
2026-08-20 17:25:02 +0000: Memory Usage (140260K) : snsbotvia_drw has 0 polygons
2026-08-20 17:25:02 +0000: Memory Usage (140260K) : snstopvia_drw has 0 polygons
2026-08-20 17:25:02 +0000: Memory Usage (140260K) : deepvia_drw has 0 polygons
2026-08-20 17:25:02 +0000: Memory Usage (140260K) : fgetch_drw has 0 polygons
2026-08-20 17:25:02 +0000: Memory Usage (140260K) : ctrgat_drw has 0 polygons
2026-08-20 17:25:02 +0000: Memory Usage (140260K) : fgimp_drw has 0 polygons
2026-08-20 17:25:02 +0000: Memory Usage (140260K) : emwihv_drw has 0 polygons
2026-08-20 17:25:02 +0000: Memory Usage (140260K) : lbe_drw has 2 polygons
2026-08-20 17:25:02 +0000: Memory Usage (140260K) : alcustop_drw has 0 polygons
2026-08-20 17:25:02 +0000: Memory Usage (140260K) : nometfiller_drw has 0 polygons
2026-08-20 17:25:02 +0000: Memory Usage (140260K) : prboundary_drw has 0 polygons
2026-08-20 17:25:02 +0000: Memory Usage (140260K) : exchange0_drw has 0 polygons
2026-08-20 17:25:02 +0000: Memory Usage (140260K) : exchange0_pin has 0 polygons
2026-08-20 17:25:02 +0000: Memory Usage (140260K) : exchange0_text has 0 polygons
2026-08-20 17:25:02 +0000: Memory Usage (140260K) : exchange1_drw has 0 polygons
2026-08-20 17:25:02 +0000: Memory Usage (140260K) : exchange1_pin has 0 polygons
2026-08-20 17:25:02 +0000: Memory Usage (140260K) : exchange1_text has 0 polygons
2026-08-20 17:25:02 +0000: Memory Usage (140260K) : exchange2_drw has 0 polygons
2026-08-20 17:25:02 +0000: Memory Usage (140260K) : exchange2_pin has 0 polygons
2026-08-20 17:25:02 +0000: Memory Usage (140260K) : exchange2_text has 0 polygons
2026-08-20 17:25:02 +0000: Memory Usage (140260K) : exchange3_drw has 0 polygons
2026-08-20 17:25:02 +0000: Memory Usage (140260K) : exchange3_pin has 0 polygons
2026-08-20 17:25:02 +0000: Memory Usage (140260K) : exchange3_text has 0 polygons
2026-08-20 17:25:02 +0000: Memory Usage (140260K) : exchange4_drw has 0 polygons
2026-08-20 17:25:02 +0000: Memory Usage (140260K) : exchange4_pin has 0 polygons
2026-08-20 17:25:02 +0000: Memory Usage (140260K) : exchange4_text has 0 polygons
2026-08-20 17:25:02 +0000: Memory Usage (140260K) : isonwell_drw has 0 polygons
2026-08-20 17:25:02 +0000: Memory Usage (140260K) : Total no. of polygons in the design is 31847
2026-08-20 17:25:02 +0000: Memory Usage (140260K) : Starting base layers derivations
2026-08-20 17:25:02 +0000: Memory Usage (140260K) : Starting general LVS derivations
2026-08-20 17:25:02 +0000: Memory Usage (144868K) : Starting MOSFET DERIVATIONS
2026-08-20 17:25:02 +0000: Memory Usage (145636K) : Starting NMOS DERIVATIONS
2026-08-20 17:25:02 +0000: Memory Usage (145636K) : Starting PMOS DERIVATIONS
2026-08-20 17:25:02 +0000: Memory Usage (145636K) : Starting RF-MOSFET DERIVATIONS
2026-08-20 17:25:02 +0000: Memory Usage (145636K) : Starting RF-NMOS DERIVATIONS
2026-08-20 17:25:02 +0000: Memory Usage (145636K) : Starting RF-PMOS DERIVATIONS
2026-08-20 17:25:02 +0000: Memory Usage (145636K) : Starting BJT DERIVATIONS
2026-08-20 17:25:02 +0000: Memory Usage (145636K) : Starting NPN-BJT DERIVATIONS
2026-08-20 17:25:03 +0000: Memory Usage (145636K) : Starting PNP-BJT DERIVATIONS
2026-08-20 17:25:03 +0000: Memory Usage (145636K) : Starting DIODE DERIVATIONS
2026-08-20 17:25:03 +0000: Memory Usage (145636K) : Starting RESISTOR DERIVATIONS
2026-08-20 17:25:03 +0000: Memory Usage (145636K) : Starting CAP DERIVATIONS
2026-08-20 17:25:03 +0000: Memory Usage (146404K) : Starting CAP_CMOM DERIVATIONS
2026-08-20 17:25:03 +0000: Memory Usage (146404K) : Starting CAP_CMOMF DERIVATIONS
2026-08-20 17:25:03 +0000: Memory Usage (146404K) : Starting ESD DERIVATIONS
2026-08-20 17:25:04 +0000: Memory Usage (146404K) : Starting Inductor DERIVATIONS
2026-08-20 17:25:04 +0000: Memory Usage (146404K) : Starting Taps DERIVATIONS
2026-08-20 17:25:04 +0000: Memory Usage (146404K) : Starting SG13G2 LVS connectivity setup
2026-08-20 17:25:04 +0000: Memory Usage (146404K) : Starting SG13G2 LVS connectivity setup (Inter-layer)
2026-08-20 17:25:04 +0000: Memory Usage (146532K) : Starting SG13G2 LVS connectivity setup (Global)
2026-08-20 17:25:04 +0000: Memory Usage (146532K) : Starting LVS MOSFET CONNECTIONS
2026-08-20 17:25:04 +0000: Memory Usage (146532K) : Starting LVS RF-MOSFET CONNECTIONS
2026-08-20 17:25:04 +0000: Memory Usage (146532K) : Starting LVS BJT CONNECTIONS
2026-08-20 17:25:04 +0000: Memory Usage (146532K) : Starting LVS DIODE CONNECTIONS
2026-08-20 17:25:04 +0000: Memory Usage (146532K) : Starting RESISTOR CONNECTIONS
2026-08-20 17:25:04 +0000: Memory Usage (146532K) : Starting LVS CAP CONNECTIONS
2026-08-20 17:25:04 +0000: Memory Usage (146532K) : Starting CAP_CMOM CONNECTIONS
2026-08-20 17:25:04 +0000: Memory Usage (146532K) : Starting CAP_CMOMF CONNECTIONS
2026-08-20 17:25:04 +0000: Memory Usage (146532K) : Starting ESD CONNECTIONS
2026-08-20 17:25:04 +0000: Memory Usage (146532K) : Starting Inductor CONNECTIONS
2026-08-20 17:25:04 +0000: Memory Usage (146532K) : Starting LVS Taps CONNECTIONS
2026-08-20 17:25:04 +0000: Memory Usage (146532K) : Starting SG13G2 LVS DEVICES EXTRACTION
2026-08-20 17:25:04 +0000: Memory Usage (146532K) : Starting MOSFET EXTRACTION
2026-08-20 17:25:04 +0000: Memory Usage (146532K) : Starting NMOS EXTRACTION
2026-08-20 17:25:04 +0000: Memory Usage (146532K) : Extraction of NMOS-LV transistor
2026-08-20 17:25:04 +0000: Memory Usage (146660K) : Extraction of NMOS-HV transistor
2026-08-20 17:25:04 +0000: Memory Usage (146660K) : Starting PMOS EXTRACTION
2026-08-20 17:25:04 +0000: Memory Usage (146660K) : Extraction of PMOS-LV transistor
2026-08-20 17:25:04 +0000: Memory Usage (146660K) : Extraction of PMOS-HV transistor
2026-08-20 17:25:04 +0000: Memory Usage (146660K) : Starting RF-MOSFET EXTRACTION
2026-08-20 17:25:04 +0000: Memory Usage (146660K) : Extraction of RF-NMOS-LV transistor
2026-08-20 17:25:04 +0000: Memory Usage (146660K) : Extraction of RF-NMOS-HV transistor
2026-08-20 17:25:04 +0000: Memory Usage (146660K) : Extraction of RF-PMOS-LV transistor
2026-08-20 17:25:04 +0000: Memory Usage (146660K) : Extraction of RF-PMOS-HV transistor
2026-08-20 17:25:04 +0000: Memory Usage (146660K) : Starting BJT EXTRACTION
2026-08-20 17:25:04 +0000: Memory Usage (146660K) : Starting NPN-BJT EXTRACTION
2026-08-20 17:25:04 +0000: Memory Usage (146660K) : Extraction of npn13G2 BJT transistor
2026-08-20 17:25:04 +0000: Memory Usage (146660K) : Extraction of npn13G2L BJT transistor
2026-08-20 17:25:04 +0000: Memory Usage (146660K) : Extraction of npn13G2V BJT transistor
2026-08-20 17:25:04 +0000: Memory Usage (146660K) : Starting PNP-BJT EXTRACTION
2026-08-20 17:25:04 +0000: Memory Usage (146660K) : Extracting pnpMPA BJT
2026-08-20 17:25:04 +0000: Memory Usage (146660K) : Starting DIODE EXTRACTION
2026-08-20 17:25:04 +0000: Memory Usage (146660K) : Extracting dantenna diode
2026-08-20 17:25:04 +0000: Memory Usage (146660K) : Extracting dpantenna diode
2026-08-20 17:25:04 +0000: Memory Usage (146660K) : Extracting schottky_nbl1 diode
2026-08-20 17:25:04 +0000: Memory Usage (146660K) : Extracting isolbox diode
2026-08-20 17:25:04 +0000: Memory Usage (146660K) : Starting RESISTOR EXTRACTION
2026-08-20 17:25:04 +0000: Memory Usage (146660K) : Extracting rsil resistor
2026-08-20 17:25:04 +0000: Memory Usage (146660K) : Extracting rppd resistor
2026-08-20 17:25:04 +0000: Memory Usage (146660K) : Extracting rhigh resistor
2026-08-20 17:25:04 +0000: Memory Usage (146660K) : Extracting res_metal1 resistor
2026-08-20 17:25:04 +0000: Memory Usage (146660K) : Extracting res_metal2 resistor
2026-08-20 17:25:04 +0000: Memory Usage (146660K) : Extracting res_metal3 resistor
2026-08-20 17:25:04 +0000: Memory Usage (146660K) : Extracting res_metal4 resistor
2026-08-20 17:25:04 +0000: Memory Usage (146660K) : Extracting res_metal5 resistor
2026-08-20 17:25:04 +0000: Memory Usage (146660K) : Extracting res_topmetal1 resistor
2026-08-20 17:25:04 +0000: Memory Usage (146660K) : Extracting res_topmetal2 resistor
2026-08-20 17:25:04 +0000: Memory Usage (146660K) : Starting CAP EXTRACTION
2026-08-20 17:25:04 +0000: Memory Usage (146660K) : Extracting cap_cmim device
2026-08-20 17:25:04 +0000: Memory Usage (146660K) : Extracting rfcmim device
2026-08-20 17:25:04 +0000: Memory Usage (146660K) : Extracting sg13_hv_svaricap varactor
2026-08-20 17:25:04 +0000: Memory Usage (146660K) : Extracting cap_cmomi device
2026-08-20 17:25:04 +0000: Memory Usage (146660K) : Extracting cap_cmomf device
2026-08-20 17:25:04 +0000: Memory Usage (146660K) : Extracting sg13_moscap_n capacitor
2026-08-20 17:25:04 +0000: Memory Usage (146660K) : Extracting sg13_moscap_p capacitor
2026-08-20 17:25:04 +0000: Memory Usage (146660K) : Starting ESD EXTRACTION
2026-08-20 17:25:04 +0000: Memory Usage (146660K) : Extracting diodevdd_2kv ESD device
2026-08-20 17:25:04 +0000: Memory Usage (146660K) : Extracting diodevdd_4kv ESD device
2026-08-20 17:25:04 +0000: Memory Usage (146660K) : Extracting diodevss_2kv ESD device
2026-08-20 17:25:04 +0000: Memory Usage (146788K) : Extracting diodevss_4kv ESD device
2026-08-20 17:25:04 +0000: Memory Usage (146788K) : Extracting idiodevdd_2kv ESD device
2026-08-20 17:25:04 +0000: Memory Usage (146788K) : Extracting idiodevdd_4kv ESD device
2026-08-20 17:25:04 +0000: Memory Usage (146788K) : Extracting idiodevss_2kv ESD device
2026-08-20 17:25:04 +0000: Memory Usage (146788K) : Extracting idiodevss_4kv ESD device
2026-08-20 17:25:04 +0000: Memory Usage (146788K) : Extracting nmoscl_2 ESD device
2026-08-20 17:25:04 +0000: Memory Usage (146788K) : Extracting nmoscl_4 ESD device
2026-08-20 17:25:04 +0000: Memory Usage (146788K) : Starting Inductor EXTRACTION
2026-08-20 17:25:04 +0000: Memory Usage (146788K) : Extracting Inductor2 device
2026-08-20 17:25:04 +0000: Memory Usage (146916K) : Extracting Inductor3 device
2026-08-20 17:25:04 +0000: Memory Usage (146916K) : Starting Taps EXTRACTION
2026-08-20 17:25:04 +0000: Memory Usage (146916K) : DISABLE_TAP_EXTRACTION is enabled: skipping ntap1/ptap1 device extraction.
2026-08-20 17:25:04 +0000: Memory Usage (146916K) : Starting SG13G2 LVS RF MOS Model Mapping
2026-08-20 17:25:04 +0000: Memory Usage (146916K) : [layout_netlist] Apply RF MOS model mapping and rfmode parameter.
2026-08-20 17:25:04 +0000: Memory Usage (146916K) : Starting SG13G2 LVS Options Preparations
2026-08-20 17:25:04 +0000: Memory Usage (146916K) : SG13G2 LVS flow: extraction -> alignment -> option preparation -> comparison.
2026-08-20 17:25:04 +0000: Memory Usage (146916K) : Starting SG13G2 LVS Alignment
2026-08-20 17:25:04 +0000: Memory Usage (147044K) : Starting SG13G2 LVS Simplification
2026-08-20 17:25:04 +0000: Memory Usage (147044K) : [layout_netlist] simplify: ENABLED
2026-08-20 17:25:04 +0000: Memory Usage (147044K) : [layout_netlist] make_top_level_pins: SKIPPED
2026-08-20 17:25:04 +0000: Memory Usage (147044K) : [layout_netlist] combine_devices: SKIPPED
2026-08-20 17:25:04 +0000: Memory Usage (147044K) : [layout_netlist] purge: SKIPPED
2026-08-20 17:25:04 +0000: Memory Usage (147044K) : [layout_netlist] purge_nets: SKIPPED
2026-08-20 17:25:04 +0000: Memory Usage (147044K) : [schematic_netlist] simplify: ENABLED
2026-08-20 17:25:04 +0000: Memory Usage (147044K) : [schematic_netlist] make_top_level_pins: SKIPPED
2026-08-20 17:25:04 +0000: Memory Usage (147044K) : [schematic_netlist] combine_devices: SKIPPED
2026-08-20 17:25:04 +0000: Memory Usage (147044K) : [schematic_netlist] purge: SKIPPED
2026-08-20 17:25:04 +0000: Memory Usage (147044K) : [schematic_netlist] purge_nets: SKIPPED
2026-08-20 17:25:04 +0000: Memory Usage (147044K) : Starting SG13G2 LVS Comparison
2026-08-20 17:25:04 +0000: Memory Usage (147172K) : xxxxxxxxxxxxxxxxxxxxxxxxxxxxxxxxxxxxxxxxxx
2026-08-20 17:25:04 +0000: Memory Usage (147172K) : ERROR : Netlists don't match
2026-08-20 17:25:04 +0000: Memory Usage (147172K) : xxxxxxxxxxxxxxxxxxxxxxxxxxxxxxxxxxxxxxxxxx
2026-08-20 17:25:04 +0000: Memory Usage (147172K) : LVS Total Run time 2.291524 seconds
