# Logfile created on 2026-08-20 17:09:35 +0000 by logger.rb/v1.5.3
2026-08-20 17:09:35 +0000: Memory Usage (128968K) : Starting running SG13G2 Klayout LVS runset on /workspace/layout/blocks/out/driver_stage/bisect_extra7/esd+channel+ties/driver_dut.gds
2026-08-20 17:09:35 +0000: Memory Usage (128968K) : Ruby Version for klayout: 3.2.3
2026-08-20 17:09:35 +0000: Memory Usage (130252K) : Loading database to memory is complete.
2026-08-20 17:09:35 +0000: Memory Usage (130252K) : SG13G2 Klayout LVS runset output at: /workspace/layout/blocks/out/driver_stage/bisect_extra7/esd+channel+ties/lvs/driver_dut.lvsdb
2026-08-20 17:09:35 +0000: Memory Usage (130252K) : Evaluate switches.
2026-08-20 17:09:35 +0000: Memory Usage (130252K) : Extracted netlist with net names: true
2026-08-20 17:09:35 +0000: Memory Usage (130252K) : Extracted netlist with comments in details: false
2026-08-20 17:09:35 +0000: Memory Usage (130252K) : Selected NET_ONLY option: false
2026-08-20 17:09:35 +0000: Memory Usage (130252K) : Selected LAYOUT_NETLIST option: (none)
2026-08-20 17:09:35 +0000: Memory Usage (130252K) : Selected IGNORE_TOP_PORTS_MISMATCH option: true
2026-08-20 17:09:35 +0000: Memory Usage (130252K) : Selected IMPLICIT_NETS option: sub,sub!
2026-08-20 17:09:35 +0000: Memory Usage (130252K) : Selected TOP_LVL_PINS option: false
2026-08-20 17:09:35 +0000: Memory Usage (130252K) : Selected COMBINE DEVICES option: false
2026-08-20 17:09:35 +0000: Memory Usage (130252K) : Selected PURGE option: false
2026-08-20 17:09:35 +0000: Memory Usage (130252K) : Selected PURGE_NETS option: false
2026-08-20 17:09:35 +0000: Memory Usage (130252K) : Selected SIMPLIFY option: true
2026-08-20 17:09:35 +0000: Memory Usage (130252K) : Selected SERIES_RES option: true
2026-08-20 17:09:35 +0000: Memory Usage (130252K) : Selected PARALLEL_RES option: true
2026-08-20 17:09:35 +0000: Memory Usage (130252K) : Selected DISABLE_TAP_EXTRACTION option: true
2026-08-20 17:09:35 +0000: Memory Usage (130252K) : deep  mode is enabled.
2026-08-20 17:09:35 +0000: Memory Usage (130252K) : Applying implicit connections (case-sensitive, pattern supported) for nets: sub, sub!
2026-08-20 17:09:35 +0000: Memory Usage (131480K) : Netlist file: /workspace/layout/blocks/out/driver_stage/bisect_extra7/esd+channel+ties/x.cdl
2026-08-20 17:09:35 +0000: Memory Usage (131480K) : LVS extracted netlist at: /workspace/layout/blocks/out/driver_stage/bisect_extra7/esd+channel+ties/lvs/driver_dut_extracted.cir
2026-08-20 17:09:35 +0000: Memory Usage (131480K) : Applying SRAM integration support.
2026-08-20 17:09:35 +0000: Memory Usage (131480K) : Starting SG13G2 LVS runset
2026-08-20 17:09:35 +0000: Memory Usage (131480K) : Read in polygons from layers.
2026-08-20 17:09:35 +0000: Memory Usage (132656K) : activ_drw has 899 polygons
2026-08-20 17:09:35 +0000: Memory Usage (132656K) : activ_filler has 0 polygons
2026-08-20 17:09:35 +0000: Memory Usage (132840K) : activ has 899 polygons
2026-08-20 17:09:35 +0000: Memory Usage (133352K) : activ_pin has 0 polygons
2026-08-20 17:09:35 +0000: Memory Usage (133352K) : activ_mask has 4 polygons
2026-08-20 17:09:35 +0000: Memory Usage (133352K) : activ_nofill has 2 polygons
2026-08-20 17:09:35 +0000: Memory Usage (133352K) : activ_OPC has 0 polygons
2026-08-20 17:09:35 +0000: Memory Usage (133352K) : activ_iOPC has 0 polygons
2026-08-20 17:09:35 +0000: Memory Usage (133352K) : activ_noqrc has 0 polygons
2026-08-20 17:09:35 +0000: Memory Usage (133352K) : biwind_drw has 0 polygons
2026-08-20 17:09:35 +0000: Memory Usage (133352K) : biwind_OPC has 0 polygons
2026-08-20 17:09:35 +0000: Memory Usage (133352K) : gatpoly_drw has 140 polygons
2026-08-20 17:09:35 +0000: Memory Usage (133352K) : gatpoly_filler has 0 polygons
2026-08-20 17:09:35 +0000: Memory Usage (133352K) : gatpoly has 140 polygons
2026-08-20 17:09:35 +0000: Memory Usage (133352K) : gatpoly_pin has 119 polygons
2026-08-20 17:09:35 +0000: Memory Usage (133352K) : gatpoly_nofill has 2 polygons
2026-08-20 17:09:35 +0000: Memory Usage (133352K) : gatpoly_OPC has 0 polygons
2026-08-20 17:09:35 +0000: Memory Usage (133352K) : gatpoly_iOPC has 0 polygons
2026-08-20 17:09:35 +0000: Memory Usage (133352K) : gatpoly_noqrc has 0 polygons
2026-08-20 17:09:35 +0000: Memory Usage (133480K) : cont_drw has 14577 polygons
2026-08-20 17:09:35 +0000: Memory Usage (133480K) : cont_OPC has 0 polygons
2026-08-20 17:09:35 +0000: Memory Usage (133480K) : nsd_drw has 0 polygons
2026-08-20 17:09:35 +0000: Memory Usage (133608K) : nsd_block has 4 polygons
2026-08-20 17:09:35 +0000: Memory Usage (133608K) : metal1_drw has 1558 polygons
2026-08-20 17:09:35 +0000: Memory Usage (133608K) : metal1_filler has 0 polygons
2026-08-20 17:09:35 +0000: Memory Usage (133736K) : metal1_slit has 0 polygons
2026-08-20 17:09:35 +0000: Memory Usage (133736K) : metal1 has 1558 polygons
2026-08-20 17:09:35 +0000: Memory Usage (133864K) : metal1_pin has 750 polygons
2026-08-20 17:09:35 +0000: Memory Usage (133864K) : metal1_mask has 0 polygons
2026-08-20 17:09:35 +0000: Memory Usage (133992K) : metal1_nofill has 2 polygons
2026-08-20 17:09:35 +0000: Memory Usage (134248K) : metal1_text has 5 polygons
2026-08-20 17:09:35 +0000: Memory Usage (134248K) : metal1_OPC has 0 polygons
2026-08-20 17:09:35 +0000: Memory Usage (134376K) : metal1_noqrc has 0 polygons
2026-08-20 17:09:35 +0000: Memory Usage (134376K) : metal1_res has 0 polygons
2026-08-20 17:09:35 +0000: Memory Usage (134376K) : metal1_iprobe has 0 polygons
2026-08-20 17:09:35 +0000: Memory Usage (134504K) : metal1_diffprb has 0 polygons
2026-08-20 17:09:35 +0000: Memory Usage (134504K) : passiv_drw has 2 polygons
2026-08-20 17:09:35 +0000: Memory Usage (134504K) : passiv_pin has 0 polygons
2026-08-20 17:09:35 +0000: Memory Usage (134504K) : passiv_sbump has 0 polygons
2026-08-20 17:09:35 +0000: Memory Usage (134632K) : passiv_pillar has 0 polygons
2026-08-20 17:09:35 +0000: Memory Usage (134632K) : passiv_pdl has 0 polygons
2026-08-20 17:09:35 +0000: Memory Usage (134632K) : metal2_drw has 571 polygons
2026-08-20 17:09:35 +0000: Memory Usage (134632K) : metal2_filler has 0 polygons
2026-08-20 17:09:35 +0000: Memory Usage (134760K) : metal2_slit has 0 polygons
2026-08-20 17:09:35 +0000: Memory Usage (134760K) : metal2 has 571 polygons
2026-08-20 17:09:35 +0000: Memory Usage (134760K) : metal2_pin has 10 polygons
2026-08-20 17:09:35 +0000: Memory Usage (134888K) : metal2_mask has 0 polygons
2026-08-20 17:09:35 +0000: Memory Usage (134888K) : metal2_nofill has 2 polygons
2026-08-20 17:09:35 +0000: Memory Usage (134888K) : metal2_text has 3 polygons
2026-08-20 17:09:35 +0000: Memory Usage (134888K) : metal2_OPC has 0 polygons
2026-08-20 17:09:35 +0000: Memory Usage (134888K) : metal2_noqrc has 0 polygons
2026-08-20 17:09:35 +0000: Memory Usage (135016K) : metal2_res has 0 polygons
2026-08-20 17:09:35 +0000: Memory Usage (135016K) : metal2_iprobe has 0 polygons
2026-08-20 17:09:35 +0000: Memory Usage (135016K) : metal2_diffprb has 0 polygons
2026-08-20 17:09:35 +0000: Memory Usage (135144K) : baspoly_drw has 0 polygons
2026-08-20 17:09:35 +0000: Memory Usage (135144K) : baspoly_pin has 0 polygons
2026-08-20 17:09:35 +0000: Memory Usage (135144K) : psd_drw has 515 polygons
2026-08-20 17:09:35 +0000: Memory Usage (135144K) : nldb_drw has 0 polygons
2026-08-20 17:09:35 +0000: Memory Usage (135272K) : digibnd_drw has 0 polygons
2026-08-20 17:09:35 +0000: Memory Usage (135272K) : via1_drw has 7650 polygons
2026-08-20 17:09:35 +0000: Memory Usage (135272K) : backmetal1_drw has 0 polygons
2026-08-20 17:09:35 +0000: Memory Usage (135272K) : backmetal1_pin has 0 polygons
2026-08-20 17:09:35 +0000: Memory Usage (135400K) : backmetal1_mask has 0 polygons
2026-08-20 17:09:35 +0000: Memory Usage (135400K) : backmetal1_filler has 0 polygons
2026-08-20 17:09:35 +0000: Memory Usage (135400K) : backmetal1_nofill has 0 polygons
2026-08-20 17:09:35 +0000: Memory Usage (135400K) : backmetal1_slit has 0 polygons
2026-08-20 17:09:35 +0000: Memory Usage (135528K) : backmetal1_text has 0 polygons
2026-08-20 17:09:35 +0000: Memory Usage (135528K) : backmetal1_OPC has 0 polygons
2026-08-20 17:09:35 +0000: Memory Usage (135528K) : backmetal1_noqrc has 0 polygons
2026-08-20 17:09:35 +0000: Memory Usage (135528K) : backmetal1_res has 0 polygons
2026-08-20 17:09:35 +0000: Memory Usage (135656K) : backmetal1_iprobe has 0 polygons
2026-08-20 17:09:35 +0000: Memory Usage (135656K) : backmetal1_diffprb has 0 polygons
2026-08-20 17:09:35 +0000: Memory Usage (135656K) : backpassiv_drw has 0 polygons
2026-08-20 17:09:35 +0000: Memory Usage (135784K) : res_drw has 2 polygons
2026-08-20 17:09:35 +0000: Memory Usage (135784K) : sram_drw has 0 polygons
2026-08-20 17:09:35 +0000: Memory Usage (135784K) : trans_drw has 2 polygons
2026-08-20 17:09:35 +0000: Memory Usage (135784K) : ind_drw has 2 polygons
2026-08-20 17:09:35 +0000: Memory Usage (135912K) : ind_pin has 4 polygons
2026-08-20 17:09:35 +0000: Memory Usage (135912K) : ind_text has 4 polygons
2026-08-20 17:09:35 +0000: Memory Usage (135912K) : salblock_drw has 12 polygons
2026-08-20 17:09:35 +0000: Memory Usage (135912K) : via2_drw has 825 polygons
2026-08-20 17:09:35 +0000: Memory Usage (135912K) : metal3_drw has 70 polygons
2026-08-20 17:09:35 +0000: Memory Usage (135912K) : metal3_filler has 0 polygons
2026-08-20 17:09:35 +0000: Memory Usage (135912K) : metal3_slit has 0 polygons
2026-08-20 17:09:35 +0000: Memory Usage (136040K) : metal3 has 70 polygons
2026-08-20 17:09:35 +0000: Memory Usage (136040K) : metal3_pin has 2 polygons
2026-08-20 17:09:35 +0000: Memory Usage (136040K) : metal3_mask has 0 polygons
2026-08-20 17:09:35 +0000: Memory Usage (136040K) : metal3_nofill has 2 polygons
2026-08-20 17:09:35 +0000: Memory Usage (136040K) : metal3_text has 0 polygons
2026-08-20 17:09:35 +0000: Memory Usage (136040K) : metal3_OPC has 0 polygons
2026-08-20 17:09:35 +0000: Memory Usage (136168K) : metal3_noqrc has 0 polygons
2026-08-20 17:09:35 +0000: Memory Usage (136168K) : metal3_res has 0 polygons
2026-08-20 17:09:35 +0000: Memory Usage (136168K) : metal3_iprobe has 0 polygons
2026-08-20 17:09:35 +0000: Memory Usage (136168K) : metal3_diffprb has 0 polygons
2026-08-20 17:09:35 +0000: Memory Usage (136168K) : nwell_drw has 14 polygons
2026-08-20 17:09:35 +0000: Memory Usage (136296K) : nwell_pin has 0 polygons
2026-08-20 17:09:35 +0000: Memory Usage (136296K) : nwell_text has 0 polygons
2026-08-20 17:09:35 +0000: Memory Usage (136296K) : nbulay_drw has 1 polygons
2026-08-20 17:09:35 +0000: Memory Usage (136296K) : nbulay_pin has 0 polygons
2026-08-20 17:09:35 +0000: Memory Usage (136296K) : nbulay_block has 0 polygons
2026-08-20 17:09:35 +0000: Memory Usage (136296K) : emwind_drw has 4 polygons
2026-08-20 17:09:35 +0000: Memory Usage (136296K) : emwind_OPC has 0 polygons
2026-08-20 17:09:35 +0000: Memory Usage (136424K) : deepco_drw has 0 polygons
2026-08-20 17:09:35 +0000: Memory Usage (136424K) : mim_drw has 0 polygons
2026-08-20 17:09:35 +0000: Memory Usage (136424K) : edgeseal_drw has 0 polygons
2026-08-20 17:09:35 +0000: Memory Usage (136424K) : substrate_drw has 500 polygons
2026-08-20 17:09:35 +0000: Memory Usage (136424K) : substrate_text has 0 polygons
2026-08-20 17:09:35 +0000: Memory Usage (136424K) : dfpad_drw has 2 polygons
2026-08-20 17:09:35 +0000: Memory Usage (136552K) : dfpad_pillar has 0 polygons
2026-08-20 17:09:35 +0000: Memory Usage (136552K) : dfpad_sbump has 0 polygons
2026-08-20 17:09:35 +0000: Memory Usage (136552K) : thickgateox_drw has 1 polygons
2026-08-20 17:09:35 +0000: Memory Usage (136552K) : pldb_drw has 0 polygons
2026-08-20 17:09:35 +0000: Memory Usage (136552K) : pwell_drw has 0 polygons
2026-08-20 17:09:35 +0000: Memory Usage (136680K) : pwell_pin has 0 polygons
2026-08-20 17:09:35 +0000: Memory Usage (136680K) : pwell_block has 2 polygons
2026-08-20 17:09:35 +0000: Memory Usage (136680K) : ic_drw has 0 polygons
2026-08-20 17:09:35 +0000: Memory Usage (136680K) : via3_drw has 1023 polygons
2026-08-20 17:09:35 +0000: Memory Usage (136808K) : metal4_drw has 32 polygons
2026-08-20 17:09:35 +0000: Memory Usage (136808K) : metal4_filler has 0 polygons
2026-08-20 17:09:35 +0000: Memory Usage (136808K) : metal4_slit has 0 polygons
2026-08-20 17:09:35 +0000: Memory Usage (136808K) : metal4 has 32 polygons
2026-08-20 17:09:35 +0000: Memory Usage (136808K) : metal4_pin has 0 polygons
2026-08-20 17:09:35 +0000: Memory Usage (136808K) : metal4_mask has 0 polygons
2026-08-20 17:09:35 +0000: Memory Usage (136808K) : metal4_nofill has 2 polygons
2026-08-20 17:09:35 +0000: Memory Usage (136936K) : metal4_text has 3 polygons
2026-08-20 17:09:35 +0000: Memory Usage (136936K) : metal4_OPC has 0 polygons
2026-08-20 17:09:35 +0000: Memory Usage (136936K) : metal4_noqrc has 0 polygons
2026-08-20 17:09:35 +0000: Memory Usage (136936K) : metal4_res has 0 polygons
2026-08-20 17:09:35 +0000: Memory Usage (136936K) : metal4_iprobe has 0 polygons
2026-08-20 17:09:35 +0000: Memory Usage (136936K) : metal4_diffprb has 0 polygons
2026-08-20 17:09:35 +0000: Memory Usage (137064K) : heattrans_drw has 123 polygons
2026-08-20 17:09:35 +0000: Memory Usage (137064K) : heatres_drw has 2 polygons
2026-08-20 17:09:35 +0000: Memory Usage (137064K) : fbe_drw has 0 polygons
2026-08-20 17:09:35 +0000: Memory Usage (137064K) : empoly_drw has 0 polygons
2026-08-20 17:09:35 +0000: Memory Usage (137064K) : digisub_drw has 0 polygons
2026-08-20 17:09:35 +0000: Memory Usage (137192K) : text_drw has 655 polygons
2026-08-20 17:09:35 +0000: Memory Usage (137192K) : via4_drw has 1017 polygons
2026-08-20 17:09:35 +0000: Memory Usage (137192K) : metal5_drw has 42 polygons
2026-08-20 17:09:35 +0000: Memory Usage (137192K) : metal5_filler has 0 polygons
2026-08-20 17:09:35 +0000: Memory Usage (137192K) : metal5_slit has 0 polygons
2026-08-20 17:09:35 +0000: Memory Usage (137192K) : metal5 has 42 polygons
2026-08-20 17:09:35 +0000: Memory Usage (137320K) : metal5_pin has 0 polygons
2026-08-20 17:09:35 +0000: Memory Usage (137320K) : metal5_mask has 0 polygons
2026-08-20 17:09:35 +0000: Memory Usage (137320K) : metal5_nofill has 2 polygons
2026-08-20 17:09:35 +0000: Memory Usage (137320K) : metal5_text has 0 polygons
2026-08-20 17:09:35 +0000: Memory Usage (137320K) : metal5_OPC has 0 polygons
2026-08-20 17:09:35 +0000: Memory Usage (137320K) : metal5_noqrc has 0 polygons
2026-08-20 17:09:35 +0000: Memory Usage (137448K) : metal5_res has 0 polygons
2026-08-20 17:09:35 +0000: Memory Usage (137448K) : metal5_iprobe has 0 polygons
2026-08-20 17:09:35 +0000: Memory Usage (137448K) : metal5_diffprb has 0 polygons
2026-08-20 17:09:35 +0000: Memory Usage (137448K) : radhard_drw has 0 polygons
2026-08-20 17:09:35 +0000: Memory Usage (137448K) : memcap_drw has 0 polygons
2026-08-20 17:09:35 +0000: Memory Usage (137448K) : varicap_drw has 0 polygons
2026-08-20 17:09:35 +0000: Memory Usage (137576K) : intbondvia_drw has 0 polygons
2026-08-20 17:09:35 +0000: Memory Usage (137576K) : intbondmet_drw has 0 polygons
2026-08-20 17:09:35 +0000: Memory Usage (137576K) : devbondvia_drw has 0 polygons
2026-08-20 17:09:35 +0000: Memory Usage (137576K) : devbondmet_drw has 0 polygons
2026-08-20 17:09:35 +0000: Memory Usage (137704K) : devtrench_drw has 0 polygons
2026-08-20 17:09:35 +0000: Memory Usage (137704K) : redist_drw has 0 polygons
2026-08-20 17:09:35 +0000: Memory Usage (137704K) : graphbot_drw has 0 polygons
2026-08-20 17:09:35 +0000: Memory Usage (137704K) : graphtop_drw has 0 polygons
2026-08-20 17:09:35 +0000: Memory Usage (137704K) : antvia1_drw has 0 polygons
2026-08-20 17:09:35 +0000: Memory Usage (137832K) : antmetal2_drw has 0 polygons
2026-08-20 17:09:35 +0000: Memory Usage (137832K) : graphcont_drw has 0 polygons
2026-08-20 17:09:35 +0000: Memory Usage (137832K) : siwg_drw has 0 polygons
2026-08-20 17:09:35 +0000: Memory Usage (137832K) : siwg_filler has 0 polygons
2026-08-20 17:09:35 +0000: Memory Usage (137832K) : siwg_nofill has 0 polygons
2026-08-20 17:09:35 +0000: Memory Usage (137832K) : sigrating_drw has 0 polygons
2026-08-20 17:09:35 +0000: Memory Usage (137960K) : singrating_drw has 0 polygons
2026-08-20 17:09:35 +0000: Memory Usage (137960K) : graphpas_drw has 0 polygons
2026-08-20 17:09:35 +0000: Memory Usage (137960K) : emwind3_drw has 0 polygons
2026-08-20 17:09:35 +0000: Memory Usage (137960K) : emwihv3_drw has 0 polygons
2026-08-20 17:09:35 +0000: Memory Usage (137960K) : redbulay_drw has 0 polygons
2026-08-20 17:09:35 +0000: Memory Usage (137960K) : smos_drw has 0 polygons
2026-08-20 17:09:35 +0000: Memory Usage (138088K) : graphpad_drw has 0 polygons
2026-08-20 17:09:35 +0000: Memory Usage (138088K) : polimide_drw has 0 polygons
2026-08-20 17:09:35 +0000: Memory Usage (138088K) : polimide_pin has 0 polygons
2026-08-20 17:09:35 +0000: Memory Usage (138088K) : recog_drw has 1 polygons
2026-08-20 17:09:35 +0000: Memory Usage (138088K) : recog_pin has 0 polygons
2026-08-20 17:09:35 +0000: Memory Usage (138216K) : recog_esd has 5 polygons
2026-08-20 17:09:35 +0000: Memory Usage (138216K) : recog_diode has 0 polygons
2026-08-20 17:09:35 +0000: Memory Usage (138216K) : recog_tsv has 0 polygons
2026-08-20 17:09:35 +0000: Memory Usage (138216K) : recog_iprobe has 0 polygons
2026-08-20 17:09:35 +0000: Memory Usage (138216K) : recog_diffprb has 0 polygons
2026-08-20 17:09:35 +0000: Memory Usage (138344K) : recog_pillar has 0 polygons
2026-08-20 17:09:35 +0000: Memory Usage (138344K) : recog_sbump has 0 polygons
2026-08-20 17:09:35 +0000: Memory Usage (138344K) : recog_otp has 0 polygons
2026-08-20 17:09:35 +0000: Memory Usage (138344K) : recog_pdiode has 0 polygons
2026-08-20 17:09:35 +0000: Memory Usage (138472K) : recog_mom has 0 polygons
2026-08-20 17:09:35 +0000: Memory Usage (138472K) : recog_momf has 0 polygons
2026-08-20 17:09:35 +0000: Memory Usage (138472K) : recog_pcm has 0 polygons
2026-08-20 17:09:35 +0000: Memory Usage (138472K) : colopen_drw has 0 polygons
2026-08-20 17:09:35 +0000: Memory Usage (138472K) : graphmetal1_drw has 0 polygons
2026-08-20 17:09:35 +0000: Memory Usage (138600K) : graphmetal1_filler has 0 polygons
2026-08-20 17:09:35 +0000: Memory Usage (138600K) : graphmetal1_nofill has 0 polygons
2026-08-20 17:09:35 +0000: Memory Usage (138600K) : graphmetal1_slit has 0 polygons
2026-08-20 17:09:35 +0000: Memory Usage (138600K) : graphmetal1_OPC has 0 polygons
2026-08-20 17:09:35 +0000: Memory Usage (138728K) : graphmet1l_drw has 0 polygons
2026-08-20 17:09:35 +0000: Memory Usage (138728K) : graphmet1l_filler has 0 polygons
2026-08-20 17:09:35 +0000: Memory Usage (138728K) : graphmet1l_nofill has 0 polygons
2026-08-20 17:09:35 +0000: Memory Usage (138728K) : graphmet1l_slit has 0 polygons
2026-08-20 17:09:35 +0000: Memory Usage (138856K) : graphmet1l_OPC has 0 polygons
2026-08-20 17:09:35 +0000: Memory Usage (138856K) : extblock_drw has 6 polygons
2026-08-20 17:09:35 +0000: Memory Usage (138856K) : nldd_drw has 0 polygons
2026-08-20 17:09:35 +0000: Memory Usage (138984K) : pldd_drw has 0 polygons
2026-08-20 17:09:35 +0000: Memory Usage (138984K) : next_drw has 0 polygons
2026-08-20 17:09:35 +0000: Memory Usage (138984K) : pext_drw has 0 polygons
2026-08-20 17:09:35 +0000: Memory Usage (138984K) : nexthv_drw has 0 polygons
2026-08-20 17:09:35 +0000: Memory Usage (139112K) : pexthv_drw has 0 polygons
2026-08-20 17:09:35 +0000: Memory Usage (139112K) : graphgate_drw has 0 polygons
2026-08-20 17:09:35 +0000: Memory Usage (139112K) : sinwg_drw has 0 polygons
2026-08-20 17:09:35 +0000: Memory Usage (139112K) : sinwg_filler has 0 polygons
2026-08-20 17:09:35 +0000: Memory Usage (139240K) : sinwg_nofill has 0 polygons
2026-08-20 17:09:35 +0000: Memory Usage (139240K) : mempad_drw has 0 polygons
2026-08-20 17:09:35 +0000: Memory Usage (139240K) : topvia1_drw has 486 polygons
2026-08-20 17:09:35 +0000: Memory Usage (139240K) : topmetal1_drw has 73 polygons
2026-08-20 17:09:35 +0000: Memory Usage (139368K) : topmetal1_filler has 0 polygons
2026-08-20 17:09:35 +0000: Memory Usage (139368K) : topmetal1_slit has 0 polygons
2026-08-20 17:09:35 +0000: Memory Usage (139368K) : topmetal1 has 73 polygons
2026-08-20 17:09:35 +0000: Memory Usage (139368K) : topmetal1_pin has 0 polygons
2026-08-20 17:09:35 +0000: Memory Usage (139496K) : topmetal1_mask has 0 polygons
2026-08-20 17:09:35 +0000: Memory Usage (139496K) : topmetal1_nofill has 2 polygons
2026-08-20 17:09:35 +0000: Memory Usage (139496K) : topmetal1_text has 0 polygons
2026-08-20 17:09:35 +0000: Memory Usage (139496K) : topmetal1_noqrc has 0 polygons
2026-08-20 17:09:35 +0000: Memory Usage (139624K) : topmetal1_res has 0 polygons
2026-08-20 17:09:35 +0000: Memory Usage (139624K) : topmetal1_iprobe has 0 polygons
2026-08-20 17:09:35 +0000: Memory Usage (139752K) : topmetal1_diffprb has 0 polygons
2026-08-20 17:09:35 +0000: Memory Usage (139752K) : inldpwl_drw has 0 polygons
2026-08-20 17:09:35 +0000: Memory Usage (139752K) : polyres_drw has 2 polygons
2026-08-20 17:09:35 +0000: Memory Usage (139880K) : polyres_pin has 0 polygons
2026-08-20 17:09:35 +0000: Memory Usage (139880K) : vmim_drw has 0 polygons
2026-08-20 17:09:35 +0000: Memory Usage (139880K) : nbulaycut_drw has 0 polygons
2026-08-20 17:09:35 +0000: Memory Usage (139880K) : antmetal1_drw has 0 polygons
2026-08-20 17:09:35 +0000: Memory Usage (140008K) : topvia2_drw has 232 polygons
2026-08-20 17:09:35 +0000: Memory Usage (140136K) : topmetal2_drw has 64 polygons
2026-08-20 17:09:35 +0000: Memory Usage (140136K) : topmetal2_filler has 0 polygons
2026-08-20 17:09:35 +0000: Memory Usage (140136K) : topmetal2_slit has 0 polygons
2026-08-20 17:09:35 +0000: Memory Usage (140264K) : topmetal2 has 64 polygons
2026-08-20 17:09:35 +0000: Memory Usage (140264K) : topmetal2_pin has 4 polygons
2026-08-20 17:09:35 +0000: Memory Usage (140264K) : topmetal2_mask has 0 polygons
2026-08-20 17:09:35 +0000: Memory Usage (140392K) : topmetal2_nofill has 2 polygons
2026-08-20 17:09:35 +0000: Memory Usage (140392K) : topmetal2_text has 8 polygons
2026-08-20 17:09:35 +0000: Memory Usage (140392K) : topmetal2_noqrc has 0 polygons
2026-08-20 17:09:35 +0000: Memory Usage (140520K) : topmetal2_res has 0 polygons
2026-08-20 17:09:35 +0000: Memory Usage (140520K) : topmetal2_iprobe has 0 polygons
2026-08-20 17:09:35 +0000: Memory Usage (140648K) : topmetal2_diffprb has 0 polygons
2026-08-20 17:09:35 +0000: Memory Usage (140648K) : snsring_drw has 0 polygons
2026-08-20 17:09:35 +0000: Memory Usage (140648K) : sensor_drw has 0 polygons
2026-08-20 17:09:35 +0000: Memory Usage (140648K) : snsarms_drw has 0 polygons
2026-08-20 17:09:35 +0000: Memory Usage (140648K) : snscmosvia_drw has 0 polygons
2026-08-20 17:09:35 +0000: Memory Usage (140648K) : colwind_drw has 0 polygons
2026-08-20 17:09:35 +0000: Memory Usage (140648K) : flm_drw has 0 polygons
2026-08-20 17:09:35 +0000: Memory Usage (140648K) : hafniumox_drw has 0 polygons
2026-08-20 17:09:35 +0000: Memory Usage (140648K) : memvia_drw has 0 polygons
2026-08-20 17:09:35 +0000: Memory Usage (140648K) : thinfilmres_drw has 0 polygons
2026-08-20 17:09:35 +0000: Memory Usage (140648K) : rfmem_drw has 0 polygons
2026-08-20 17:09:35 +0000: Memory Usage (140648K) : norcx_drw has 2 polygons
2026-08-20 17:09:35 +0000: Memory Usage (140648K) : norcx_m2m3 has 0 polygons
2026-08-20 17:09:35 +0000: Memory Usage (140648K) : norcx_m2m4 has 0 polygons
2026-08-20 17:09:35 +0000: Memory Usage (140648K) : norcx_m2m5 has 0 polygons
2026-08-20 17:09:35 +0000: Memory Usage (140648K) : norcx_m2tm1 has 0 polygons
2026-08-20 17:09:35 +0000: Memory Usage (140648K) : norcx_m2tm2 has 0 polygons
2026-08-20 17:09:35 +0000: Memory Usage (140648K) : norcx_m3m4 has 0 polygons
2026-08-20 17:09:35 +0000: Memory Usage (140648K) : norcx_m3m5 has 0 polygons
2026-08-20 17:09:35 +0000: Memory Usage (140648K) : norcx_m3tm1 has 0 polygons
2026-08-20 17:09:35 +0000: Memory Usage (140648K) : norcx_m3tm2 has 0 polygons
2026-08-20 17:09:35 +0000: Memory Usage (140648K) : norcx_m4m5 has 0 polygons
2026-08-20 17:09:35 +0000: Memory Usage (140648K) : norcx_m4tm1 has 0 polygons
2026-08-20 17:09:35 +0000: Memory Usage (140648K) : norcx_m4tm2 has 0 polygons
2026-08-20 17:09:35 +0000: Memory Usage (140648K) : norcx_m5tm1 has 0 polygons
2026-08-20 17:09:35 +0000: Memory Usage (140648K) : norcx_m5tm2 has 0 polygons
2026-08-20 17:09:35 +0000: Memory Usage (140648K) : norcx_tm1tm2 has 0 polygons
2026-08-20 17:09:35 +0000: Memory Usage (140648K) : norcx_m1sub has 0 polygons
2026-08-20 17:09:35 +0000: Memory Usage (140648K) : norcx_m2sub has 0 polygons
2026-08-20 17:09:35 +0000: Memory Usage (140648K) : norcx_m3sub has 0 polygons
2026-08-20 17:09:35 +0000: Memory Usage (140648K) : norcx_m4sub has 0 polygons
2026-08-20 17:09:35 +0000: Memory Usage (140648K) : norcx_m5sub has 0 polygons
2026-08-20 17:09:35 +0000: Memory Usage (140648K) : norcx_tm1sub has 0 polygons
2026-08-20 17:09:35 +0000: Memory Usage (140648K) : norcx_tm2sub has 0 polygons
2026-08-20 17:09:35 +0000: Memory Usage (140648K) : snsbotvia_drw has 0 polygons
2026-08-20 17:09:35 +0000: Memory Usage (140648K) : snstopvia_drw has 0 polygons
2026-08-20 17:09:35 +0000: Memory Usage (140648K) : deepvia_drw has 0 polygons
2026-08-20 17:09:35 +0000: Memory Usage (140648K) : fgetch_drw has 0 polygons
2026-08-20 17:09:35 +0000: Memory Usage (140648K) : ctrgat_drw has 0 polygons
2026-08-20 17:09:35 +0000: Memory Usage (140648K) : fgimp_drw has 0 polygons
2026-08-20 17:09:35 +0000: Memory Usage (140648K) : emwihv_drw has 0 polygons
2026-08-20 17:09:35 +0000: Memory Usage (140648K) : lbe_drw has 2 polygons
2026-08-20 17:09:35 +0000: Memory Usage (140648K) : alcustop_drw has 0 polygons
2026-08-20 17:09:35 +0000: Memory Usage (140648K) : nometfiller_drw has 0 polygons
2026-08-20 17:09:35 +0000: Memory Usage (140648K) : prboundary_drw has 0 polygons
2026-08-20 17:09:35 +0000: Memory Usage (140648K) : exchange0_drw has 0 polygons
2026-08-20 17:09:35 +0000: Memory Usage (140648K) : exchange0_pin has 0 polygons
2026-08-20 17:09:35 +0000: Memory Usage (140648K) : exchange0_text has 0 polygons
2026-08-20 17:09:35 +0000: Memory Usage (140648K) : exchange1_drw has 0 polygons
2026-08-20 17:09:35 +0000: Memory Usage (140648K) : exchange1_pin has 0 polygons
2026-08-20 17:09:35 +0000: Memory Usage (140648K) : exchange1_text has 0 polygons
2026-08-20 17:09:35 +0000: Memory Usage (140648K) : exchange2_drw has 0 polygons
2026-08-20 17:09:35 +0000: Memory Usage (140648K) : exchange2_pin has 0 polygons
2026-08-20 17:09:35 +0000: Memory Usage (140648K) : exchange2_text has 0 polygons
2026-08-20 17:09:35 +0000: Memory Usage (140648K) : exchange3_drw has 0 polygons
2026-08-20 17:09:35 +0000: Memory Usage (140648K) : exchange3_pin has 0 polygons
2026-08-20 17:09:35 +0000: Memory Usage (140648K) : exchange3_text has 0 polygons
2026-08-20 17:09:35 +0000: Memory Usage (140648K) : exchange4_drw has 0 polygons
2026-08-20 17:09:35 +0000: Memory Usage (140648K) : exchange4_pin has 0 polygons
2026-08-20 17:09:35 +0000: Memory Usage (140648K) : exchange4_text has 0 polygons
2026-08-20 17:09:35 +0000: Memory Usage (140648K) : isonwell_drw has 0 polygons
2026-08-20 17:09:35 +0000: Memory Usage (140648K) : Total no. of polygons in the design is 32054
2026-08-20 17:09:35 +0000: Memory Usage (140648K) : Starting base layers derivations
2026-08-20 17:09:35 +0000: Memory Usage (140648K) : Starting general LVS derivations
2026-08-20 17:09:35 +0000: Memory Usage (145340K) : Starting MOSFET DERIVATIONS
2026-08-20 17:09:35 +0000: Memory Usage (146108K) : Starting NMOS DERIVATIONS
2026-08-20 17:09:35 +0000: Memory Usage (146108K) : Starting PMOS DERIVATIONS
2026-08-20 17:09:36 +0000: Memory Usage (146108K) : Starting RF-MOSFET DERIVATIONS
2026-08-20 17:09:36 +0000: Memory Usage (146108K) : Starting RF-NMOS DERIVATIONS
2026-08-20 17:09:36 +0000: Memory Usage (146108K) : Starting RF-PMOS DERIVATIONS
2026-08-20 17:09:36 +0000: Memory Usage (146108K) : Starting BJT DERIVATIONS
2026-08-20 17:09:36 +0000: Memory Usage (146108K) : Starting NPN-BJT DERIVATIONS
2026-08-20 17:09:36 +0000: Memory Usage (146108K) : Starting PNP-BJT DERIVATIONS
2026-08-20 17:09:36 +0000: Memory Usage (146108K) : Starting DIODE DERIVATIONS
2026-08-20 17:09:36 +0000: Memory Usage (146108K) : Starting RESISTOR DERIVATIONS
2026-08-20 17:09:36 +0000: Memory Usage (146108K) : Starting CAP DERIVATIONS
2026-08-20 17:09:36 +0000: Memory Usage (146108K) : Starting CAP_CMOM DERIVATIONS
2026-08-20 17:09:36 +0000: Memory Usage (146108K) : Starting CAP_CMOMF DERIVATIONS
2026-08-20 17:09:36 +0000: Memory Usage (146108K) : Starting ESD DERIVATIONS
2026-08-20 17:09:37 +0000: Memory Usage (146236K) : Starting Inductor DERIVATIONS
2026-08-20 17:09:38 +0000: Memory Usage (146236K) : Starting Taps DERIVATIONS
2026-08-20 17:09:38 +0000: Memory Usage (146236K) : Starting SG13G2 LVS connectivity setup
2026-08-20 17:09:38 +0000: Memory Usage (146236K) : Starting SG13G2 LVS connectivity setup (Inter-layer)
2026-08-20 17:09:38 +0000: Memory Usage (146364K) : Starting SG13G2 LVS connectivity setup (Global)
2026-08-20 17:09:38 +0000: Memory Usage (146364K) : Starting LVS MOSFET CONNECTIONS
2026-08-20 17:09:38 +0000: Memory Usage (146364K) : Starting LVS RF-MOSFET CONNECTIONS
2026-08-20 17:09:38 +0000: Memory Usage (146364K) : Starting LVS BJT CONNECTIONS
2026-08-20 17:09:38 +0000: Memory Usage (146364K) : Starting LVS DIODE CONNECTIONS
2026-08-20 17:09:38 +0000: Memory Usage (146364K) : Starting RESISTOR CONNECTIONS
2026-08-20 17:09:38 +0000: Memory Usage (146364K) : Starting LVS CAP CONNECTIONS
2026-08-20 17:09:38 +0000: Memory Usage (146364K) : Starting CAP_CMOM CONNECTIONS
2026-08-20 17:09:38 +0000: Memory Usage (146364K) : Starting CAP_CMOMF CONNECTIONS
2026-08-20 17:09:38 +0000: Memory Usage (146364K) : Starting ESD CONNECTIONS
2026-08-20 17:09:38 +0000: Memory Usage (146364K) : Starting Inductor CONNECTIONS
2026-08-20 17:09:38 +0000: Memory Usage (146364K) : Starting LVS Taps CONNECTIONS
2026-08-20 17:09:38 +0000: Memory Usage (146364K) : Starting SG13G2 LVS DEVICES EXTRACTION
2026-08-20 17:09:38 +0000: Memory Usage (146364K) : Starting MOSFET EXTRACTION
2026-08-20 17:09:38 +0000: Memory Usage (146364K) : Starting NMOS EXTRACTION
2026-08-20 17:09:38 +0000: Memory Usage (146364K) : Extraction of NMOS-LV transistor
2026-08-20 17:09:38 +0000: Memory Usage (146492K) : Extraction of NMOS-HV transistor
2026-08-20 17:09:38 +0000: Memory Usage (146492K) : Starting PMOS EXTRACTION
2026-08-20 17:09:38 +0000: Memory Usage (146492K) : Extraction of PMOS-LV transistor
2026-08-20 17:09:38 +0000: Memory Usage (146492K) : Extraction of PMOS-HV transistor
2026-08-20 17:09:38 +0000: Memory Usage (146492K) : Starting RF-MOSFET EXTRACTION
2026-08-20 17:09:38 +0000: Memory Usage (146492K) : Extraction of RF-NMOS-LV transistor
2026-08-20 17:09:38 +0000: Memory Usage (146492K) : Extraction of RF-NMOS-HV transistor
2026-08-20 17:09:38 +0000: Memory Usage (146492K) : Extraction of RF-PMOS-LV transistor
2026-08-20 17:09:38 +0000: Memory Usage (146492K) : Extraction of RF-PMOS-HV transistor
2026-08-20 17:09:38 +0000: Memory Usage (146492K) : Starting BJT EXTRACTION
2026-08-20 17:09:38 +0000: Memory Usage (146492K) : Starting NPN-BJT EXTRACTION
2026-08-20 17:09:38 +0000: Memory Usage (146492K) : Extraction of npn13G2 BJT transistor
2026-08-20 17:09:38 +0000: Memory Usage (146492K) : Extraction of npn13G2L BJT transistor
2026-08-20 17:09:38 +0000: Memory Usage (146492K) : Extraction of npn13G2V BJT transistor
2026-08-20 17:09:38 +0000: Memory Usage (146492K) : Starting PNP-BJT EXTRACTION
2026-08-20 17:09:38 +0000: Memory Usage (146492K) : Extracting pnpMPA BJT
2026-08-20 17:09:38 +0000: Memory Usage (146492K) : Starting DIODE EXTRACTION
2026-08-20 17:09:38 +0000: Memory Usage (146492K) : Extracting dantenna diode
2026-08-20 17:09:38 +0000: Memory Usage (146492K) : Extracting dpantenna diode
2026-08-20 17:09:38 +0000: Memory Usage (146492K) : Extracting schottky_nbl1 diode
2026-08-20 17:09:38 +0000: Memory Usage (146492K) : Extracting isolbox diode
2026-08-20 17:09:38 +0000: Memory Usage (146492K) : Starting RESISTOR EXTRACTION
2026-08-20 17:09:38 +0000: Memory Usage (146492K) : Extracting rsil resistor
2026-08-20 17:09:38 +0000: Memory Usage (146640K) : Extracting rppd resistor
2026-08-20 17:09:38 +0000: Memory Usage (146640K) : Extracting rhigh resistor
2026-08-20 17:09:38 +0000: Memory Usage (146640K) : Extracting res_metal1 resistor
2026-08-20 17:09:38 +0000: Memory Usage (146640K) : Extracting res_metal2 resistor
2026-08-20 17:09:38 +0000: Memory Usage (146640K) : Extracting res_metal3 resistor
2026-08-20 17:09:38 +0000: Memory Usage (146640K) : Extracting res_metal4 resistor
2026-08-20 17:09:38 +0000: Memory Usage (146640K) : Extracting res_metal5 resistor
2026-08-20 17:09:38 +0000: Memory Usage (146640K) : Extracting res_topmetal1 resistor
2026-08-20 17:09:38 +0000: Memory Usage (146640K) : Extracting res_topmetal2 resistor
2026-08-20 17:09:38 +0000: Memory Usage (146640K) : Starting CAP EXTRACTION
2026-08-20 17:09:38 +0000: Memory Usage (146640K) : Extracting cap_cmim device
2026-08-20 17:09:38 +0000: Memory Usage (146640K) : Extracting rfcmim device
2026-08-20 17:09:38 +0000: Memory Usage (146640K) : Extracting sg13_hv_svaricap varactor
2026-08-20 17:09:38 +0000: Memory Usage (146640K) : Extracting cap_cmomi device
2026-08-20 17:09:38 +0000: Memory Usage (146640K) : Extracting cap_cmomf device
2026-08-20 17:09:38 +0000: Memory Usage (146640K) : Extracting sg13_moscap_n capacitor
2026-08-20 17:09:38 +0000: Memory Usage (146640K) : Extracting sg13_moscap_p capacitor
2026-08-20 17:09:38 +0000: Memory Usage (146640K) : Starting ESD EXTRACTION
2026-08-20 17:09:38 +0000: Memory Usage (146640K) : Extracting diodevdd_2kv ESD device
2026-08-20 17:09:38 +0000: Memory Usage (146640K) : Extracting diodevdd_4kv ESD device
2026-08-20 17:09:38 +0000: Memory Usage (146640K) : Extracting diodevss_2kv ESD device
2026-08-20 17:09:38 +0000: Memory Usage (146768K) : Extracting diodevss_4kv ESD device
2026-08-20 17:09:38 +0000: Memory Usage (146768K) : Extracting idiodevdd_2kv ESD device
2026-08-20 17:09:38 +0000: Memory Usage (146768K) : Extracting idiodevdd_4kv ESD device
2026-08-20 17:09:38 +0000: Memory Usage (146768K) : Extracting idiodevss_2kv ESD device
2026-08-20 17:09:38 +0000: Memory Usage (146768K) : Extracting idiodevss_4kv ESD device
2026-08-20 17:09:38 +0000: Memory Usage (146768K) : Extracting nmoscl_2 ESD device
2026-08-20 17:09:38 +0000: Memory Usage (146768K) : Extracting nmoscl_4 ESD device
2026-08-20 17:09:38 +0000: Memory Usage (146768K) : Starting Inductor EXTRACTION
2026-08-20 17:09:38 +0000: Memory Usage (146768K) : Extracting Inductor2 device
2026-08-20 17:09:38 +0000: Memory Usage (146768K) : Extracting Inductor3 device
2026-08-20 17:09:38 +0000: Memory Usage (146768K) : Starting Taps EXTRACTION
2026-08-20 17:09:38 +0000: Memory Usage (146768K) : DISABLE_TAP_EXTRACTION is enabled: skipping ntap1/ptap1 device extraction.
2026-08-20 17:09:38 +0000: Memory Usage (146768K) : Starting SG13G2 LVS RF MOS Model Mapping
2026-08-20 17:09:38 +0000: Memory Usage (147024K) : [layout_netlist] Apply RF MOS model mapping and rfmode parameter.
2026-08-20 17:09:38 +0000: Memory Usage (147024K) : Starting SG13G2 LVS Options Preparations
2026-08-20 17:09:38 +0000: Memory Usage (147024K) : SG13G2 LVS flow: extraction -> alignment -> option preparation -> comparison.
2026-08-20 17:09:38 +0000: Memory Usage (147024K) : Starting SG13G2 LVS Alignment
2026-08-20 17:09:38 +0000: Memory Usage (147024K) : Starting SG13G2 LVS Simplification
2026-08-20 17:09:38 +0000: Memory Usage (147024K) : [layout_netlist] simplify: ENABLED
2026-08-20 17:09:38 +0000: Memory Usage (147024K) : [layout_netlist] make_top_level_pins: SKIPPED
2026-08-20 17:09:38 +0000: Memory Usage (147024K) : [layout_netlist] combine_devices: SKIPPED
2026-08-20 17:09:38 +0000: Memory Usage (147024K) : [layout_netlist] purge: SKIPPED
2026-08-20 17:09:38 +0000: Memory Usage (147024K) : [layout_netlist] purge_nets: SKIPPED
2026-08-20 17:09:38 +0000: Memory Usage (147024K) : [schematic_netlist] simplify: ENABLED
2026-08-20 17:09:38 +0000: Memory Usage (147024K) : [schematic_netlist] make_top_level_pins: SKIPPED
2026-08-20 17:09:38 +0000: Memory Usage (147024K) : [schematic_netlist] combine_devices: SKIPPED
2026-08-20 17:09:38 +0000: Memory Usage (147024K) : [schematic_netlist] purge: SKIPPED
2026-08-20 17:09:38 +0000: Memory Usage (147024K) : [schematic_netlist] purge_nets: SKIPPED
2026-08-20 17:09:38 +0000: Memory Usage (147024K) : Starting SG13G2 LVS Comparison
2026-08-20 17:09:38 +0000: Memory Usage (147152K) : xxxxxxxxxxxxxxxxxxxxxxxxxxxxxxxxxxxxxxxxxx
2026-08-20 17:09:38 +0000: Memory Usage (147152K) : ERROR : Netlists don't match
2026-08-20 17:09:38 +0000: Memory Usage (147152K) : xxxxxxxxxxxxxxxxxxxxxxxxxxxxxxxxxxxxxxxxxx
2026-08-20 17:09:38 +0000: Memory Usage (147152K) : LVS Total Run time 2.967885 seconds
