# Logfile created on 2026-08-20 17:24:50 +0000 by logger.rb/v1.5.3
2026-08-20 17:24:50 +0000: Memory Usage (129008K) : Starting running SG13G2 Klayout LVS runset on /workspace/layout/blocks/out/driver_stage/granular3/with_esd_local_bus/driver_dut.gds
2026-08-20 17:24:50 +0000: Memory Usage (129008K) : Ruby Version for klayout: 3.2.3
2026-08-20 17:24:50 +0000: Memory Usage (130348K) : Loading database to memory is complete.
2026-08-20 17:24:50 +0000: Memory Usage (130348K) : SG13G2 Klayout LVS runset output at: /workspace/layout/blocks/out/driver_stage/granular3/with_esd_local_bus/lvs/driver_dut.lvsdb
2026-08-20 17:24:50 +0000: Memory Usage (130348K) : Evaluate switches.
2026-08-20 17:24:50 +0000: Memory Usage (130348K) : Extracted netlist with net names: true
2026-08-20 17:24:50 +0000: Memory Usage (130348K) : Extracted netlist with comments in details: false
2026-08-20 17:24:50 +0000: Memory Usage (130348K) : Selected NET_ONLY option: false
2026-08-20 17:24:50 +0000: Memory Usage (130348K) : Selected LAYOUT_NETLIST option: (none)
2026-08-20 17:24:50 +0000: Memory Usage (130348K) : Selected IGNORE_TOP_PORTS_MISMATCH option: true
2026-08-20 17:24:50 +0000: Memory Usage (130348K) : Selected IMPLICIT_NETS option: sub,sub!
2026-08-20 17:24:50 +0000: Memory Usage (130348K) : Selected TOP_LVL_PINS option: false
2026-08-20 17:24:50 +0000: Memory Usage (130348K) : Selected COMBINE DEVICES option: false
2026-08-20 17:24:50 +0000: Memory Usage (130348K) : Selected PURGE option: false
2026-08-20 17:24:50 +0000: Memory Usage (130348K) : Selected PURGE_NETS option: false
2026-08-20 17:24:50 +0000: Memory Usage (130348K) : Selected SIMPLIFY option: true
2026-08-20 17:24:50 +0000: Memory Usage (130348K) : Selected SERIES_RES option: true
2026-08-20 17:24:50 +0000: Memory Usage (130348K) : Selected PARALLEL_RES option: true
2026-08-20 17:24:50 +0000: Memory Usage (130348K) : Selected DISABLE_TAP_EXTRACTION option: true
2026-08-20 17:24:50 +0000: Memory Usage (130348K) : deep  mode is enabled.
2026-08-20 17:24:50 +0000: Memory Usage (130348K) : Applying implicit connections (case-sensitive, pattern supported) for nets: sub, sub!
2026-08-20 17:24:50 +0000: Memory Usage (131652K) : Netlist file: /workspace/layout/blocks/out/driver_stage/granular3/with_esd_local_bus/x.cdl
2026-08-20 17:24:50 +0000: Memory Usage (131652K) : LVS extracted netlist at: /workspace/layout/blocks/out/driver_stage/granular3/with_esd_local_bus/lvs/driver_dut_extracted.cir
2026-08-20 17:24:50 +0000: Memory Usage (131652K) : Applying SRAM integration support.
2026-08-20 17:24:50 +0000: Memory Usage (131652K) : Starting SG13G2 LVS runset
2026-08-20 17:24:50 +0000: Memory Usage (131652K) : Read in polygons from layers.
2026-08-20 17:24:50 +0000: Memory Usage (132804K) : activ_drw has 899 polygons
2026-08-20 17:24:50 +0000: Memory Usage (132804K) : activ_filler has 0 polygons
2026-08-20 17:24:50 +0000: Memory Usage (132988K) : activ has 899 polygons
2026-08-20 17:24:50 +0000: Memory Usage (133500K) : activ_pin has 0 polygons
2026-08-20 17:24:50 +0000: Memory Usage (133500K) : activ_mask has 4 polygons
2026-08-20 17:24:50 +0000: Memory Usage (133500K) : activ_nofill has 2 polygons
2026-08-20 17:24:50 +0000: Memory Usage (133500K) : activ_OPC has 0 polygons
2026-08-20 17:24:50 +0000: Memory Usage (133500K) : activ_iOPC has 0 polygons
2026-08-20 17:24:50 +0000: Memory Usage (133500K) : activ_noqrc has 0 polygons
2026-08-20 17:24:50 +0000: Memory Usage (133500K) : biwind_drw has 0 polygons
2026-08-20 17:24:50 +0000: Memory Usage (133500K) : biwind_OPC has 0 polygons
2026-08-20 17:24:50 +0000: Memory Usage (133500K) : gatpoly_drw has 140 polygons
2026-08-20 17:24:50 +0000: Memory Usage (133500K) : gatpoly_filler has 0 polygons
2026-08-20 17:24:50 +0000: Memory Usage (133500K) : gatpoly has 140 polygons
2026-08-20 17:24:50 +0000: Memory Usage (133500K) : gatpoly_pin has 119 polygons
2026-08-20 17:24:50 +0000: Memory Usage (133500K) : gatpoly_nofill has 2 polygons
2026-08-20 17:24:50 +0000: Memory Usage (133500K) : gatpoly_OPC has 0 polygons
2026-08-20 17:24:50 +0000: Memory Usage (133500K) : gatpoly_iOPC has 0 polygons
2026-08-20 17:24:50 +0000: Memory Usage (133500K) : gatpoly_noqrc has 0 polygons
2026-08-20 17:24:50 +0000: Memory Usage (133628K) : cont_drw has 14577 polygons
2026-08-20 17:24:50 +0000: Memory Usage (133628K) : cont_OPC has 0 polygons
2026-08-20 17:24:50 +0000: Memory Usage (133756K) : nsd_drw has 0 polygons
2026-08-20 17:24:50 +0000: Memory Usage (133756K) : nsd_block has 4 polygons
2026-08-20 17:24:50 +0000: Memory Usage (133756K) : metal1_drw has 1558 polygons
2026-08-20 17:24:50 +0000: Memory Usage (133884K) : metal1_filler has 0 polygons
2026-08-20 17:24:50 +0000: Memory Usage (133884K) : metal1_slit has 0 polygons
2026-08-20 17:24:50 +0000: Memory Usage (134012K) : metal1 has 1558 polygons
2026-08-20 17:24:50 +0000: Memory Usage (134012K) : metal1_pin has 750 polygons
2026-08-20 17:24:50 +0000: Memory Usage (134140K) : metal1_mask has 0 polygons
2026-08-20 17:24:50 +0000: Memory Usage (134140K) : metal1_nofill has 2 polygons
2026-08-20 17:24:50 +0000: Memory Usage (134396K) : metal1_text has 5 polygons
2026-08-20 17:24:50 +0000: Memory Usage (134524K) : metal1_OPC has 0 polygons
2026-08-20 17:24:50 +0000: Memory Usage (134524K) : metal1_noqrc has 0 polygons
2026-08-20 17:24:50 +0000: Memory Usage (134524K) : metal1_res has 0 polygons
2026-08-20 17:24:50 +0000: Memory Usage (134652K) : metal1_iprobe has 0 polygons
2026-08-20 17:24:50 +0000: Memory Usage (134652K) : metal1_diffprb has 0 polygons
2026-08-20 17:24:50 +0000: Memory Usage (134652K) : passiv_drw has 2 polygons
2026-08-20 17:24:50 +0000: Memory Usage (134780K) : passiv_pin has 0 polygons
2026-08-20 17:24:50 +0000: Memory Usage (134780K) : passiv_sbump has 0 polygons
2026-08-20 17:24:50 +0000: Memory Usage (134780K) : passiv_pillar has 0 polygons
2026-08-20 17:24:50 +0000: Memory Usage (134780K) : passiv_pdl has 0 polygons
2026-08-20 17:24:50 +0000: Memory Usage (134908K) : metal2_drw has 565 polygons
2026-08-20 17:24:50 +0000: Memory Usage (134908K) : metal2_filler has 0 polygons
2026-08-20 17:24:50 +0000: Memory Usage (134908K) : metal2_slit has 0 polygons
2026-08-20 17:24:50 +0000: Memory Usage (134908K) : metal2 has 565 polygons
2026-08-20 17:24:50 +0000: Memory Usage (135036K) : metal2_pin has 10 polygons
2026-08-20 17:24:50 +0000: Memory Usage (135036K) : metal2_mask has 0 polygons
2026-08-20 17:24:50 +0000: Memory Usage (135036K) : metal2_nofill has 2 polygons
2026-08-20 17:24:50 +0000: Memory Usage (135036K) : metal2_text has 3 polygons
2026-08-20 17:24:50 +0000: Memory Usage (135164K) : metal2_OPC has 0 polygons
2026-08-20 17:24:50 +0000: Memory Usage (135164K) : metal2_noqrc has 0 polygons
2026-08-20 17:24:50 +0000: Memory Usage (135164K) : metal2_res has 0 polygons
2026-08-20 17:24:50 +0000: Memory Usage (135164K) : metal2_iprobe has 0 polygons
2026-08-20 17:24:50 +0000: Memory Usage (135292K) : metal2_diffprb has 0 polygons
2026-08-20 17:24:50 +0000: Memory Usage (135292K) : baspoly_drw has 0 polygons
2026-08-20 17:24:50 +0000: Memory Usage (135292K) : baspoly_pin has 0 polygons
2026-08-20 17:24:50 +0000: Memory Usage (135292K) : psd_drw has 515 polygons
2026-08-20 17:24:50 +0000: Memory Usage (135420K) : nldb_drw has 0 polygons
2026-08-20 17:24:50 +0000: Memory Usage (135420K) : digibnd_drw has 0 polygons
2026-08-20 17:24:50 +0000: Memory Usage (135420K) : via1_drw has 7650 polygons
2026-08-20 17:24:50 +0000: Memory Usage (135548K) : backmetal1_drw has 0 polygons
2026-08-20 17:24:50 +0000: Memory Usage (135548K) : backmetal1_pin has 0 polygons
2026-08-20 17:24:50 +0000: Memory Usage (135548K) : backmetal1_mask has 0 polygons
2026-08-20 17:24:50 +0000: Memory Usage (135548K) : backmetal1_filler has 0 polygons
2026-08-20 17:24:50 +0000: Memory Usage (135676K) : backmetal1_nofill has 0 polygons
2026-08-20 17:24:50 +0000: Memory Usage (135676K) : backmetal1_slit has 0 polygons
2026-08-20 17:24:50 +0000: Memory Usage (135676K) : backmetal1_text has 0 polygons
2026-08-20 17:24:50 +0000: Memory Usage (135676K) : backmetal1_OPC has 0 polygons
2026-08-20 17:24:50 +0000: Memory Usage (135804K) : backmetal1_noqrc has 0 polygons
2026-08-20 17:24:50 +0000: Memory Usage (135804K) : backmetal1_res has 0 polygons
2026-08-20 17:24:50 +0000: Memory Usage (135804K) : backmetal1_iprobe has 0 polygons
2026-08-20 17:24:50 +0000: Memory Usage (135804K) : backmetal1_diffprb has 0 polygons
2026-08-20 17:24:50 +0000: Memory Usage (135932K) : backpassiv_drw has 0 polygons
2026-08-20 17:24:50 +0000: Memory Usage (135932K) : res_drw has 2 polygons
2026-08-20 17:24:50 +0000: Memory Usage (135932K) : sram_drw has 0 polygons
2026-08-20 17:24:50 +0000: Memory Usage (136060K) : trans_drw has 2 polygons
2026-08-20 17:24:50 +0000: Memory Usage (136060K) : ind_drw has 2 polygons
2026-08-20 17:24:50 +0000: Memory Usage (136060K) : ind_pin has 4 polygons
2026-08-20 17:24:50 +0000: Memory Usage (136060K) : ind_text has 4 polygons
2026-08-20 17:24:50 +0000: Memory Usage (136188K) : salblock_drw has 12 polygons
2026-08-20 17:24:50 +0000: Memory Usage (136188K) : via2_drw has 852 polygons
2026-08-20 17:24:50 +0000: Memory Usage (136188K) : metal3_drw has 72 polygons
2026-08-20 17:24:50 +0000: Memory Usage (136188K) : metal3_filler has 0 polygons
2026-08-20 17:24:50 +0000: Memory Usage (136188K) : metal3_slit has 0 polygons
2026-08-20 17:24:50 +0000: Memory Usage (136188K) : metal3 has 72 polygons
2026-08-20 17:24:50 +0000: Memory Usage (136188K) : metal3_pin has 2 polygons
2026-08-20 17:24:50 +0000: Memory Usage (136188K) : metal3_mask has 0 polygons
2026-08-20 17:24:50 +0000: Memory Usage (136188K) : metal3_nofill has 2 polygons
2026-08-20 17:24:50 +0000: Memory Usage (136188K) : metal3_text has 0 polygons
2026-08-20 17:24:50 +0000: Memory Usage (136316K) : metal3_OPC has 0 polygons
2026-08-20 17:24:50 +0000: Memory Usage (136316K) : metal3_noqrc has 0 polygons
2026-08-20 17:24:50 +0000: Memory Usage (136316K) : metal3_res has 0 polygons
2026-08-20 17:24:50 +0000: Memory Usage (136316K) : metal3_iprobe has 0 polygons
2026-08-20 17:24:50 +0000: Memory Usage (136316K) : metal3_diffprb has 0 polygons
2026-08-20 17:24:50 +0000: Memory Usage (136316K) : nwell_drw has 14 polygons
2026-08-20 17:24:50 +0000: Memory Usage (136444K) : nwell_pin has 0 polygons
2026-08-20 17:24:50 +0000: Memory Usage (136444K) : nwell_text has 0 polygons
2026-08-20 17:24:50 +0000: Memory Usage (136444K) : nbulay_drw has 1 polygons
2026-08-20 17:24:50 +0000: Memory Usage (136444K) : nbulay_pin has 0 polygons
2026-08-20 17:24:50 +0000: Memory Usage (136444K) : nbulay_block has 0 polygons
2026-08-20 17:24:50 +0000: Memory Usage (136444K) : emwind_drw has 4 polygons
2026-08-20 17:24:50 +0000: Memory Usage (136572K) : emwind_OPC has 0 polygons
2026-08-20 17:24:50 +0000: Memory Usage (136572K) : deepco_drw has 0 polygons
2026-08-20 17:24:50 +0000: Memory Usage (136572K) : mim_drw has 0 polygons
2026-08-20 17:24:50 +0000: Memory Usage (136572K) : edgeseal_drw has 0 polygons
2026-08-20 17:24:50 +0000: Memory Usage (136572K) : substrate_drw has 500 polygons
2026-08-20 17:24:50 +0000: Memory Usage (136700K) : substrate_text has 0 polygons
2026-08-20 17:24:50 +0000: Memory Usage (136700K) : dfpad_drw has 2 polygons
2026-08-20 17:24:50 +0000: Memory Usage (136700K) : dfpad_pillar has 0 polygons
2026-08-20 17:24:50 +0000: Memory Usage (136700K) : dfpad_sbump has 0 polygons
2026-08-20 17:24:50 +0000: Memory Usage (136700K) : thickgateox_drw has 1 polygons
2026-08-20 17:24:50 +0000: Memory Usage (136700K) : pldb_drw has 0 polygons
2026-08-20 17:24:50 +0000: Memory Usage (136828K) : pwell_drw has 0 polygons
2026-08-20 17:24:50 +0000: Memory Usage (136828K) : pwell_pin has 0 polygons
2026-08-20 17:24:50 +0000: Memory Usage (136828K) : pwell_block has 2 polygons
2026-08-20 17:24:50 +0000: Memory Usage (136828K) : ic_drw has 0 polygons
2026-08-20 17:24:50 +0000: Memory Usage (136828K) : via3_drw has 1053 polygons
2026-08-20 17:24:50 +0000: Memory Usage (136828K) : metal4_drw has 35 polygons
2026-08-20 17:24:50 +0000: Memory Usage (136956K) : metal4_filler has 0 polygons
2026-08-20 17:24:50 +0000: Memory Usage (136956K) : metal4_slit has 0 polygons
2026-08-20 17:24:50 +0000: Memory Usage (136956K) : metal4 has 35 polygons
2026-08-20 17:24:50 +0000: Memory Usage (137084K) : metal4_pin has 0 polygons
2026-08-20 17:24:50 +0000: Memory Usage (137084K) : metal4_mask has 0 polygons
2026-08-20 17:24:50 +0000: Memory Usage (137084K) : metal4_nofill has 2 polygons
2026-08-20 17:24:50 +0000: Memory Usage (137084K) : metal4_text has 3 polygons
2026-08-20 17:24:50 +0000: Memory Usage (137084K) : metal4_OPC has 0 polygons
2026-08-20 17:24:50 +0000: Memory Usage (137084K) : metal4_noqrc has 0 polygons
2026-08-20 17:24:50 +0000: Memory Usage (137084K) : metal4_res has 0 polygons
2026-08-20 17:24:50 +0000: Memory Usage (137212K) : metal4_iprobe has 0 polygons
2026-08-20 17:24:50 +0000: Memory Usage (137212K) : metal4_diffprb has 0 polygons
2026-08-20 17:24:50 +0000: Memory Usage (137212K) : heattrans_drw has 123 polygons
2026-08-20 17:24:50 +0000: Memory Usage (137212K) : heatres_drw has 2 polygons
2026-08-20 17:24:50 +0000: Memory Usage (137212K) : fbe_drw has 0 polygons
2026-08-20 17:24:50 +0000: Memory Usage (137340K) : empoly_drw has 0 polygons
2026-08-20 17:24:50 +0000: Memory Usage (137340K) : digisub_drw has 0 polygons
2026-08-20 17:24:50 +0000: Memory Usage (137340K) : text_drw has 655 polygons
2026-08-20 17:24:50 +0000: Memory Usage (137340K) : via4_drw has 1047 polygons
2026-08-20 17:24:50 +0000: Memory Usage (137340K) : metal5_drw has 67 polygons
2026-08-20 17:24:50 +0000: Memory Usage (137340K) : metal5_filler has 0 polygons
2026-08-20 17:24:50 +0000: Memory Usage (137468K) : metal5_slit has 0 polygons
2026-08-20 17:24:50 +0000: Memory Usage (137468K) : metal5 has 67 polygons
2026-08-20 17:24:50 +0000: Memory Usage (137468K) : metal5_pin has 0 polygons
2026-08-20 17:24:50 +0000: Memory Usage (137468K) : metal5_mask has 0 polygons
2026-08-20 17:24:50 +0000: Memory Usage (137468K) : metal5_nofill has 2 polygons
2026-08-20 17:24:50 +0000: Memory Usage (137468K) : metal5_text has 0 polygons
2026-08-20 17:24:50 +0000: Memory Usage (137468K) : metal5_OPC has 0 polygons
2026-08-20 17:24:50 +0000: Memory Usage (137596K) : metal5_noqrc has 0 polygons
2026-08-20 17:24:50 +0000: Memory Usage (137596K) : metal5_res has 0 polygons
2026-08-20 17:24:50 +0000: Memory Usage (137596K) : metal5_iprobe has 0 polygons
2026-08-20 17:24:50 +0000: Memory Usage (137596K) : metal5_diffprb has 0 polygons
2026-08-20 17:24:50 +0000: Memory Usage (137596K) : radhard_drw has 0 polygons
2026-08-20 17:24:50 +0000: Memory Usage (137724K) : memcap_drw has 0 polygons
2026-08-20 17:24:50 +0000: Memory Usage (137724K) : varicap_drw has 0 polygons
2026-08-20 17:24:50 +0000: Memory Usage (137724K) : intbondvia_drw has 0 polygons
2026-08-20 17:24:50 +0000: Memory Usage (137724K) : intbondmet_drw has 0 polygons
2026-08-20 17:24:50 +0000: Memory Usage (137724K) : devbondvia_drw has 0 polygons
2026-08-20 17:24:50 +0000: Memory Usage (137724K) : devbondmet_drw has 0 polygons
2026-08-20 17:24:50 +0000: Memory Usage (137852K) : devtrench_drw has 0 polygons
2026-08-20 17:24:50 +0000: Memory Usage (137852K) : redist_drw has 0 polygons
2026-08-20 17:24:50 +0000: Memory Usage (137852K) : graphbot_drw has 0 polygons
2026-08-20 17:24:50 +0000: Memory Usage (137852K) : graphtop_drw has 0 polygons
2026-08-20 17:24:50 +0000: Memory Usage (137852K) : antvia1_drw has 0 polygons
2026-08-20 17:24:50 +0000: Memory Usage (137852K) : antmetal2_drw has 0 polygons
2026-08-20 17:24:50 +0000: Memory Usage (137980K) : graphcont_drw has 0 polygons
2026-08-20 17:24:50 +0000: Memory Usage (137980K) : siwg_drw has 0 polygons
2026-08-20 17:24:50 +0000: Memory Usage (137980K) : siwg_filler has 0 polygons
2026-08-20 17:24:50 +0000: Memory Usage (137980K) : siwg_nofill has 0 polygons
2026-08-20 17:24:50 +0000: Memory Usage (138108K) : sigrating_drw has 0 polygons
2026-08-20 17:24:50 +0000: Memory Usage (138108K) : singrating_drw has 0 polygons
2026-08-20 17:24:50 +0000: Memory Usage (138108K) : graphpas_drw has 0 polygons
2026-08-20 17:24:50 +0000: Memory Usage (138108K) : emwind3_drw has 0 polygons
2026-08-20 17:24:50 +0000: Memory Usage (138108K) : emwihv3_drw has 0 polygons
2026-08-20 17:24:50 +0000: Memory Usage (138108K) : redbulay_drw has 0 polygons
2026-08-20 17:24:50 +0000: Memory Usage (138236K) : smos_drw has 0 polygons
2026-08-20 17:24:50 +0000: Memory Usage (138236K) : graphpad_drw has 0 polygons
2026-08-20 17:24:50 +0000: Memory Usage (138236K) : polimide_drw has 0 polygons
2026-08-20 17:24:50 +0000: Memory Usage (138236K) : polimide_pin has 0 polygons
2026-08-20 17:24:50 +0000: Memory Usage (138236K) : recog_drw has 1 polygons
2026-08-20 17:24:50 +0000: Memory Usage (138236K) : recog_pin has 0 polygons
2026-08-20 17:24:50 +0000: Memory Usage (138364K) : recog_esd has 5 polygons
2026-08-20 17:24:50 +0000: Memory Usage (138364K) : recog_diode has 0 polygons
2026-08-20 17:24:50 +0000: Memory Usage (138364K) : recog_tsv has 0 polygons
2026-08-20 17:24:50 +0000: Memory Usage (138364K) : recog_iprobe has 0 polygons
2026-08-20 17:24:50 +0000: Memory Usage (138364K) : recog_diffprb has 0 polygons
2026-08-20 17:24:50 +0000: Memory Usage (138364K) : recog_pillar has 0 polygons
2026-08-20 17:24:50 +0000: Memory Usage (138492K) : recog_sbump has 0 polygons
2026-08-20 17:24:50 +0000: Memory Usage (138492K) : recog_otp has 0 polygons
2026-08-20 17:24:50 +0000: Memory Usage (138492K) : recog_pdiode has 0 polygons
2026-08-20 17:24:50 +0000: Memory Usage (138492K) : recog_mom has 0 polygons
2026-08-20 17:24:50 +0000: Memory Usage (138620K) : recog_momf has 0 polygons
2026-08-20 17:24:50 +0000: Memory Usage (138620K) : recog_pcm has 0 polygons
2026-08-20 17:24:50 +0000: Memory Usage (138620K) : colopen_drw has 0 polygons
2026-08-20 17:24:50 +0000: Memory Usage (138620K) : graphmetal1_drw has 0 polygons
2026-08-20 17:24:50 +0000: Memory Usage (138748K) : graphmetal1_filler has 0 polygons
2026-08-20 17:24:50 +0000: Memory Usage (138748K) : graphmetal1_nofill has 0 polygons
2026-08-20 17:24:50 +0000: Memory Usage (138748K) : graphmetal1_slit has 0 polygons
2026-08-20 17:24:50 +0000: Memory Usage (138748K) : graphmetal1_OPC has 0 polygons
2026-08-20 17:24:50 +0000: Memory Usage (138748K) : graphmet1l_drw has 0 polygons
2026-08-20 17:24:50 +0000: Memory Usage (138876K) : graphmet1l_filler has 0 polygons
2026-08-20 17:24:50 +0000: Memory Usage (138876K) : graphmet1l_nofill has 0 polygons
2026-08-20 17:24:50 +0000: Memory Usage (138876K) : graphmet1l_slit has 0 polygons
2026-08-20 17:24:50 +0000: Memory Usage (138876K) : graphmet1l_OPC has 0 polygons
2026-08-20 17:24:50 +0000: Memory Usage (139004K) : extblock_drw has 6 polygons
2026-08-20 17:24:50 +0000: Memory Usage (139004K) : nldd_drw has 0 polygons
2026-08-20 17:24:50 +0000: Memory Usage (139004K) : pldd_drw has 0 polygons
2026-08-20 17:24:50 +0000: Memory Usage (139132K) : next_drw has 0 polygons
2026-08-20 17:24:50 +0000: Memory Usage (139132K) : pext_drw has 0 polygons
2026-08-20 17:24:50 +0000: Memory Usage (139132K) : nexthv_drw has 0 polygons
2026-08-20 17:24:50 +0000: Memory Usage (139132K) : pexthv_drw has 0 polygons
2026-08-20 17:24:50 +0000: Memory Usage (139260K) : graphgate_drw has 0 polygons
2026-08-20 17:24:50 +0000: Memory Usage (139260K) : sinwg_drw has 0 polygons
2026-08-20 17:24:50 +0000: Memory Usage (139260K) : sinwg_filler has 0 polygons
2026-08-20 17:24:50 +0000: Memory Usage (139260K) : sinwg_nofill has 0 polygons
2026-08-20 17:24:50 +0000: Memory Usage (139388K) : mempad_drw has 0 polygons
2026-08-20 17:24:50 +0000: Memory Usage (139388K) : topvia1_drw has 489 polygons
2026-08-20 17:24:50 +0000: Memory Usage (139388K) : topmetal1_drw has 94 polygons
2026-08-20 17:24:50 +0000: Memory Usage (139388K) : topmetal1_filler has 0 polygons
2026-08-20 17:24:50 +0000: Memory Usage (139516K) : topmetal1_slit has 0 polygons
2026-08-20 17:24:50 +0000: Memory Usage (139516K) : topmetal1 has 94 polygons
2026-08-20 17:24:50 +0000: Memory Usage (139516K) : topmetal1_pin has 0 polygons
2026-08-20 17:24:50 +0000: Memory Usage (139644K) : topmetal1_mask has 0 polygons
2026-08-20 17:24:50 +0000: Memory Usage (139644K) : topmetal1_nofill has 2 polygons
2026-08-20 17:24:50 +0000: Memory Usage (139644K) : topmetal1_text has 0 polygons
2026-08-20 17:24:50 +0000: Memory Usage (139644K) : topmetal1_noqrc has 0 polygons
2026-08-20 17:24:50 +0000: Memory Usage (139772K) : topmetal1_res has 0 polygons
2026-08-20 17:24:50 +0000: Memory Usage (139772K) : topmetal1_iprobe has 0 polygons
2026-08-20 17:24:50 +0000: Memory Usage (139772K) : topmetal1_diffprb has 0 polygons
2026-08-20 17:24:50 +0000: Memory Usage (139772K) : inldpwl_drw has 0 polygons
2026-08-20 17:24:50 +0000: Memory Usage (139900K) : polyres_drw has 2 polygons
2026-08-20 17:24:50 +0000: Memory Usage (139900K) : polyres_pin has 0 polygons
2026-08-20 17:24:50 +0000: Memory Usage (140028K) : vmim_drw has 0 polygons
2026-08-20 17:24:50 +0000: Memory Usage (140028K) : nbulaycut_drw has 0 polygons
2026-08-20 17:24:50 +0000: Memory Usage (140028K) : antmetal1_drw has 0 polygons
2026-08-20 17:24:50 +0000: Memory Usage (140028K) : topvia2_drw has 239 polygons
2026-08-20 17:24:50 +0000: Memory Usage (140156K) : topmetal2_drw has 75 polygons
2026-08-20 17:24:50 +0000: Memory Usage (140156K) : topmetal2_filler has 0 polygons
2026-08-20 17:24:50 +0000: Memory Usage (140156K) : topmetal2_slit has 0 polygons
2026-08-20 17:24:50 +0000: Memory Usage (140284K) : topmetal2 has 75 polygons
2026-08-20 17:24:50 +0000: Memory Usage (140284K) : topmetal2_pin has 4 polygons
2026-08-20 17:24:50 +0000: Memory Usage (140284K) : topmetal2_mask has 0 polygons
2026-08-20 17:24:50 +0000: Memory Usage (140412K) : topmetal2_nofill has 2 polygons
2026-08-20 17:24:50 +0000: Memory Usage (140412K) : topmetal2_text has 8 polygons
2026-08-20 17:24:50 +0000: Memory Usage (140412K) : topmetal2_noqrc has 0 polygons
2026-08-20 17:24:50 +0000: Memory Usage (140412K) : topmetal2_res has 0 polygons
2026-08-20 17:24:50 +0000: Memory Usage (140540K) : topmetal2_iprobe has 0 polygons
2026-08-20 17:24:50 +0000: Memory Usage (140540K) : topmetal2_diffprb has 0 polygons
2026-08-20 17:24:50 +0000: Memory Usage (140668K) : snsring_drw has 0 polygons
2026-08-20 17:24:50 +0000: Memory Usage (140668K) : sensor_drw has 0 polygons
2026-08-20 17:24:50 +0000: Memory Usage (140668K) : snsarms_drw has 0 polygons
2026-08-20 17:24:50 +0000: Memory Usage (140796K) : snscmosvia_drw has 0 polygons
2026-08-20 17:24:50 +0000: Memory Usage (140796K) : colwind_drw has 0 polygons
2026-08-20 17:24:50 +0000: Memory Usage (140796K) : flm_drw has 0 polygons
2026-08-20 17:24:50 +0000: Memory Usage (140796K) : hafniumox_drw has 0 polygons
2026-08-20 17:24:50 +0000: Memory Usage (140796K) : memvia_drw has 0 polygons
2026-08-20 17:24:50 +0000: Memory Usage (140796K) : thinfilmres_drw has 0 polygons
2026-08-20 17:24:50 +0000: Memory Usage (140796K) : rfmem_drw has 0 polygons
2026-08-20 17:24:50 +0000: Memory Usage (140796K) : norcx_drw has 2 polygons
2026-08-20 17:24:50 +0000: Memory Usage (140796K) : norcx_m2m3 has 0 polygons
2026-08-20 17:24:50 +0000: Memory Usage (140796K) : norcx_m2m4 has 0 polygons
2026-08-20 17:24:50 +0000: Memory Usage (140796K) : norcx_m2m5 has 0 polygons
2026-08-20 17:24:50 +0000: Memory Usage (140796K) : norcx_m2tm1 has 0 polygons
2026-08-20 17:24:50 +0000: Memory Usage (140796K) : norcx_m2tm2 has 0 polygons
2026-08-20 17:24:50 +0000: Memory Usage (140796K) : norcx_m3m4 has 0 polygons
2026-08-20 17:24:50 +0000: Memory Usage (140796K) : norcx_m3m5 has 0 polygons
2026-08-20 17:24:50 +0000: Memory Usage (140796K) : norcx_m3tm1 has 0 polygons
2026-08-20 17:24:50 +0000: Memory Usage (140796K) : norcx_m3tm2 has 0 polygons
2026-08-20 17:24:50 +0000: Memory Usage (140796K) : norcx_m4m5 has 0 polygons
2026-08-20 17:24:50 +0000: Memory Usage (140796K) : norcx_m4tm1 has 0 polygons
2026-08-20 17:24:50 +0000: Memory Usage (140796K) : norcx_m4tm2 has 0 polygons
2026-08-20 17:24:50 +0000: Memory Usage (140796K) : norcx_m5tm1 has 0 polygons
2026-08-20 17:24:50 +0000: Memory Usage (140796K) : norcx_m5tm2 has 0 polygons
2026-08-20 17:24:50 +0000: Memory Usage (140796K) : norcx_tm1tm2 has 0 polygons
2026-08-20 17:24:50 +0000: Memory Usage (140796K) : norcx_m1sub has 0 polygons
2026-08-20 17:24:50 +0000: Memory Usage (140796K) : norcx_m2sub has 0 polygons
2026-08-20 17:24:50 +0000: Memory Usage (140796K) : norcx_m3sub has 0 polygons
2026-08-20 17:24:50 +0000: Memory Usage (140796K) : norcx_m4sub has 0 polygons
2026-08-20 17:24:50 +0000: Memory Usage (140796K) : norcx_m5sub has 0 polygons
2026-08-20 17:24:50 +0000: Memory Usage (140796K) : norcx_tm1sub has 0 polygons
2026-08-20 17:24:50 +0000: Memory Usage (140796K) : norcx_tm2sub has 0 polygons
2026-08-20 17:24:50 +0000: Memory Usage (140796K) : snsbotvia_drw has 0 polygons
2026-08-20 17:24:50 +0000: Memory Usage (140796K) : snstopvia_drw has 0 polygons
2026-08-20 17:24:50 +0000: Memory Usage (140796K) : deepvia_drw has 0 polygons
2026-08-20 17:24:50 +0000: Memory Usage (140796K) : fgetch_drw has 0 polygons
2026-08-20 17:24:50 +0000: Memory Usage (140796K) : ctrgat_drw has 0 polygons
2026-08-20 17:24:50 +0000: Memory Usage (140796K) : fgimp_drw has 0 polygons
2026-08-20 17:24:50 +0000: Memory Usage (140796K) : emwihv_drw has 0 polygons
2026-08-20 17:24:50 +0000: Memory Usage (140796K) : lbe_drw has 2 polygons
2026-08-20 17:24:50 +0000: Memory Usage (140796K) : alcustop_drw has 0 polygons
2026-08-20 17:24:50 +0000: Memory Usage (140796K) : nometfiller_drw has 0 polygons
2026-08-20 17:24:50 +0000: Memory Usage (140796K) : prboundary_drw has 0 polygons
2026-08-20 17:24:50 +0000: Memory Usage (140796K) : exchange0_drw has 0 polygons
2026-08-20 17:24:50 +0000: Memory Usage (140796K) : exchange0_pin has 0 polygons
2026-08-20 17:24:50 +0000: Memory Usage (140796K) : exchange0_text has 0 polygons
2026-08-20 17:24:50 +0000: Memory Usage (140796K) : exchange1_drw has 0 polygons
2026-08-20 17:24:50 +0000: Memory Usage (140796K) : exchange1_pin has 0 polygons
2026-08-20 17:24:50 +0000: Memory Usage (140796K) : exchange1_text has 0 polygons
2026-08-20 17:24:50 +0000: Memory Usage (140796K) : exchange2_drw has 0 polygons
2026-08-20 17:24:50 +0000: Memory Usage (140796K) : exchange2_pin has 0 polygons
2026-08-20 17:24:50 +0000: Memory Usage (140796K) : exchange2_text has 0 polygons
2026-08-20 17:24:50 +0000: Memory Usage (140796K) : exchange3_drw has 0 polygons
2026-08-20 17:24:50 +0000: Memory Usage (140796K) : exchange3_pin has 0 polygons
2026-08-20 17:24:50 +0000: Memory Usage (140796K) : exchange3_text has 0 polygons
2026-08-20 17:24:50 +0000: Memory Usage (140796K) : exchange4_drw has 0 polygons
2026-08-20 17:24:50 +0000: Memory Usage (140796K) : exchange4_pin has 0 polygons
2026-08-20 17:24:50 +0000: Memory Usage (140796K) : exchange4_text has 0 polygons
2026-08-20 17:24:50 +0000: Memory Usage (140796K) : isonwell_drw has 0 polygons
2026-08-20 17:24:50 +0000: Memory Usage (140796K) : Total no. of polygons in the design is 32207
2026-08-20 17:24:50 +0000: Memory Usage (140796K) : Starting base layers derivations
2026-08-20 17:24:50 +0000: Memory Usage (140796K) : Starting general LVS derivations
2026-08-20 17:24:50 +0000: Memory Usage (145472K) : Starting MOSFET DERIVATIONS
2026-08-20 17:24:50 +0000: Memory Usage (146240K) : Starting NMOS DERIVATIONS
2026-08-20 17:24:50 +0000: Memory Usage (146240K) : Starting PMOS DERIVATIONS
2026-08-20 17:24:50 +0000: Memory Usage (146240K) : Starting RF-MOSFET DERIVATIONS
2026-08-20 17:24:50 +0000: Memory Usage (146240K) : Starting RF-NMOS DERIVATIONS
2026-08-20 17:24:50 +0000: Memory Usage (146240K) : Starting RF-PMOS DERIVATIONS
2026-08-20 17:24:50 +0000: Memory Usage (146240K) : Starting BJT DERIVATIONS
2026-08-20 17:24:50 +0000: Memory Usage (146240K) : Starting NPN-BJT DERIVATIONS
2026-08-20 17:24:51 +0000: Memory Usage (146240K) : Starting PNP-BJT DERIVATIONS
2026-08-20 17:24:51 +0000: Memory Usage (146240K) : Starting DIODE DERIVATIONS
2026-08-20 17:24:51 +0000: Memory Usage (146368K) : Starting RESISTOR DERIVATIONS
2026-08-20 17:24:51 +0000: Memory Usage (146368K) : Starting CAP DERIVATIONS
2026-08-20 17:24:52 +0000: Memory Usage (146368K) : Starting CAP_CMOM DERIVATIONS
2026-08-20 17:24:52 +0000: Memory Usage (146368K) : Starting CAP_CMOMF DERIVATIONS
2026-08-20 17:24:52 +0000: Memory Usage (146368K) : Starting ESD DERIVATIONS
2026-08-20 17:24:53 +0000: Memory Usage (146496K) : Starting Inductor DERIVATIONS
2026-08-20 17:24:53 +0000: Memory Usage (146496K) : Starting Taps DERIVATIONS
2026-08-20 17:24:53 +0000: Memory Usage (146496K) : Starting SG13G2 LVS connectivity setup
2026-08-20 17:24:53 +0000: Memory Usage (146496K) : Starting SG13G2 LVS connectivity setup (Inter-layer)
2026-08-20 17:24:53 +0000: Memory Usage (146624K) : Starting SG13G2 LVS connectivity setup (Global)
2026-08-20 17:24:53 +0000: Memory Usage (146624K) : Starting LVS MOSFET CONNECTIONS
2026-08-20 17:24:53 +0000: Memory Usage (146624K) : Starting LVS RF-MOSFET CONNECTIONS
2026-08-20 17:24:53 +0000: Memory Usage (146624K) : Starting LVS BJT CONNECTIONS
2026-08-20 17:24:53 +0000: Memory Usage (146624K) : Starting LVS DIODE CONNECTIONS
2026-08-20 17:24:53 +0000: Memory Usage (146624K) : Starting RESISTOR CONNECTIONS
2026-08-20 17:24:53 +0000: Memory Usage (146624K) : Starting LVS CAP CONNECTIONS
2026-08-20 17:24:53 +0000: Memory Usage (146624K) : Starting CAP_CMOM CONNECTIONS
2026-08-20 17:24:53 +0000: Memory Usage (146624K) : Starting CAP_CMOMF CONNECTIONS
2026-08-20 17:24:53 +0000: Memory Usage (146624K) : Starting ESD CONNECTIONS
2026-08-20 17:24:53 +0000: Memory Usage (146624K) : Starting Inductor CONNECTIONS
2026-08-20 17:24:53 +0000: Memory Usage (146624K) : Starting LVS Taps CONNECTIONS
2026-08-20 17:24:53 +0000: Memory Usage (146624K) : Starting SG13G2 LVS DEVICES EXTRACTION
2026-08-20 17:24:53 +0000: Memory Usage (146624K) : Starting MOSFET EXTRACTION
2026-08-20 17:24:53 +0000: Memory Usage (146624K) : Starting NMOS EXTRACTION
2026-08-20 17:24:53 +0000: Memory Usage (146624K) : Extraction of NMOS-LV transistor
2026-08-20 17:24:53 +0000: Memory Usage (146624K) : Extraction of NMOS-HV transistor
2026-08-20 17:24:53 +0000: Memory Usage (146624K) : Starting PMOS EXTRACTION
2026-08-20 17:24:53 +0000: Memory Usage (146624K) : Extraction of PMOS-LV transistor
2026-08-20 17:24:53 +0000: Memory Usage (146624K) : Extraction of PMOS-HV transistor
2026-08-20 17:24:53 +0000: Memory Usage (146624K) : Starting RF-MOSFET EXTRACTION
2026-08-20 17:24:53 +0000: Memory Usage (146624K) : Extraction of RF-NMOS-LV transistor
2026-08-20 17:24:53 +0000: Memory Usage (146624K) : Extraction of RF-NMOS-HV transistor
2026-08-20 17:24:53 +0000: Memory Usage (146624K) : Extraction of RF-PMOS-LV transistor
2026-08-20 17:24:53 +0000: Memory Usage (146624K) : Extraction of RF-PMOS-HV transistor
2026-08-20 17:24:53 +0000: Memory Usage (146624K) : Starting BJT EXTRACTION
2026-08-20 17:24:53 +0000: Memory Usage (146624K) : Starting NPN-BJT EXTRACTION
2026-08-20 17:24:53 +0000: Memory Usage (146624K) : Extraction of npn13G2 BJT transistor
2026-08-20 17:24:53 +0000: Memory Usage (146624K) : Extraction of npn13G2L BJT transistor
2026-08-20 17:24:53 +0000: Memory Usage (146624K) : Extraction of npn13G2V BJT transistor
2026-08-20 17:24:53 +0000: Memory Usage (146624K) : Starting PNP-BJT EXTRACTION
2026-08-20 17:24:53 +0000: Memory Usage (146624K) : Extracting pnpMPA BJT
2026-08-20 17:24:53 +0000: Memory Usage (146624K) : Starting DIODE EXTRACTION
2026-08-20 17:24:53 +0000: Memory Usage (146624K) : Extracting dantenna diode
2026-08-20 17:24:53 +0000: Memory Usage (146624K) : Extracting dpantenna diode
2026-08-20 17:24:53 +0000: Memory Usage (146624K) : Extracting schottky_nbl1 diode
2026-08-20 17:24:53 +0000: Memory Usage (146624K) : Extracting isolbox diode
2026-08-20 17:24:53 +0000: Memory Usage (146624K) : Starting RESISTOR EXTRACTION
2026-08-20 17:24:53 +0000: Memory Usage (146624K) : Extracting rsil resistor
2026-08-20 17:24:53 +0000: Memory Usage (146752K) : Extracting rppd resistor
2026-08-20 17:24:53 +0000: Memory Usage (146752K) : Extracting rhigh resistor
2026-08-20 17:24:53 +0000: Memory Usage (146752K) : Extracting res_metal1 resistor
2026-08-20 17:24:53 +0000: Memory Usage (146752K) : Extracting res_metal2 resistor
2026-08-20 17:24:53 +0000: Memory Usage (146752K) : Extracting res_metal3 resistor
2026-08-20 17:24:53 +0000: Memory Usage (146752K) : Extracting res_metal4 resistor
2026-08-20 17:24:53 +0000: Memory Usage (146752K) : Extracting res_metal5 resistor
2026-08-20 17:24:53 +0000: Memory Usage (146752K) : Extracting res_topmetal1 resistor
2026-08-20 17:24:53 +0000: Memory Usage (146752K) : Extracting res_topmetal2 resistor
2026-08-20 17:24:53 +0000: Memory Usage (146752K) : Starting CAP EXTRACTION
2026-08-20 17:24:53 +0000: Memory Usage (146752K) : Extracting cap_cmim device
2026-08-20 17:24:53 +0000: Memory Usage (146752K) : Extracting rfcmim device
2026-08-20 17:24:53 +0000: Memory Usage (146752K) : Extracting sg13_hv_svaricap varactor
2026-08-20 17:24:53 +0000: Memory Usage (146752K) : Extracting cap_cmomi device
2026-08-20 17:24:53 +0000: Memory Usage (146752K) : Extracting cap_cmomf device
2026-08-20 17:24:53 +0000: Memory Usage (146752K) : Extracting sg13_moscap_n capacitor
2026-08-20 17:24:53 +0000: Memory Usage (146752K) : Extracting sg13_moscap_p capacitor
2026-08-20 17:24:53 +0000: Memory Usage (146752K) : Starting ESD EXTRACTION
2026-08-20 17:24:53 +0000: Memory Usage (146752K) : Extracting diodevdd_2kv ESD device
2026-08-20 17:24:53 +0000: Memory Usage (146752K) : Extracting diodevdd_4kv ESD device
2026-08-20 17:24:53 +0000: Memory Usage (146752K) : Extracting diodevss_2kv ESD device
2026-08-20 17:24:53 +0000: Memory Usage (146752K) : Extracting diodevss_4kv ESD device
2026-08-20 17:24:53 +0000: Memory Usage (146752K) : Extracting idiodevdd_2kv ESD device
2026-08-20 17:24:53 +0000: Memory Usage (146752K) : Extracting idiodevdd_4kv ESD device
2026-08-20 17:24:53 +0000: Memory Usage (146752K) : Extracting idiodevss_2kv ESD device
2026-08-20 17:24:53 +0000: Memory Usage (146752K) : Extracting idiodevss_4kv ESD device
2026-08-20 17:24:53 +0000: Memory Usage (146752K) : Extracting nmoscl_2 ESD device
2026-08-20 17:24:53 +0000: Memory Usage (146752K) : Extracting nmoscl_4 ESD device
2026-08-20 17:24:53 +0000: Memory Usage (146752K) : Starting Inductor EXTRACTION
2026-08-20 17:24:53 +0000: Memory Usage (146752K) : Extracting Inductor2 device
2026-08-20 17:24:53 +0000: Memory Usage (146752K) : Extracting Inductor3 device
2026-08-20 17:24:53 +0000: Memory Usage (146752K) : Starting Taps EXTRACTION
2026-08-20 17:24:53 +0000: Memory Usage (146752K) : DISABLE_TAP_EXTRACTION is enabled: skipping ntap1/ptap1 device extraction.
2026-08-20 17:24:53 +0000: Memory Usage (146752K) : Starting SG13G2 LVS RF MOS Model Mapping
2026-08-20 17:24:53 +0000: Memory Usage (146880K) : [layout_netlist] Apply RF MOS model mapping and rfmode parameter.
2026-08-20 17:24:53 +0000: Memory Usage (146880K) : Starting SG13G2 LVS Options Preparations
2026-08-20 17:24:53 +0000: Memory Usage (146880K) : SG13G2 LVS flow: extraction -> alignment -> option preparation -> comparison.
2026-08-20 17:24:53 +0000: Memory Usage (146880K) : Starting SG13G2 LVS Alignment
2026-08-20 17:24:53 +0000: Memory Usage (147008K) : Starting SG13G2 LVS Simplification
2026-08-20 17:24:53 +0000: Memory Usage (147008K) : [layout_netlist] simplify: ENABLED
2026-08-20 17:24:53 +0000: Memory Usage (147008K) : [layout_netlist] make_top_level_pins: SKIPPED
2026-08-20 17:24:53 +0000: Memory Usage (147008K) : [layout_netlist] combine_devices: SKIPPED
2026-08-20 17:24:53 +0000: Memory Usage (147008K) : [layout_netlist] purge: SKIPPED
2026-08-20 17:24:53 +0000: Memory Usage (147008K) : [layout_netlist] purge_nets: SKIPPED
2026-08-20 17:24:53 +0000: Memory Usage (147008K) : [schematic_netlist] simplify: ENABLED
2026-08-20 17:24:53 +0000: Memory Usage (147008K) : [schematic_netlist] make_top_level_pins: SKIPPED
2026-08-20 17:24:53 +0000: Memory Usage (147008K) : [schematic_netlist] combine_devices: SKIPPED
2026-08-20 17:24:53 +0000: Memory Usage (147008K) : [schematic_netlist] purge: SKIPPED
2026-08-20 17:24:53 +0000: Memory Usage (147008K) : [schematic_netlist] purge_nets: SKIPPED
2026-08-20 17:24:53 +0000: Memory Usage (147008K) : Starting SG13G2 LVS Comparison
2026-08-20 17:24:53 +0000: Memory Usage (147008K) : xxxxxxxxxxxxxxxxxxxxxxxxxxxxxxxxxxxxxxxxxx
2026-08-20 17:24:53 +0000: Memory Usage (147008K) : ERROR : Netlists don't match
2026-08-20 17:24:53 +0000: Memory Usage (147008K) : xxxxxxxxxxxxxxxxxxxxxxxxxxxxxxxxxxxxxxxxxx
2026-08-20 17:24:53 +0000: Memory Usage (147008K) : LVS Total Run time 3.402635 seconds
