# Logfile created on 2026-08-20 17:24:38 +0000 by logger.rb/v1.5.3
2026-08-20 17:24:38 +0000: Memory Usage (128744K) : Starting running SG13G2 Klayout LVS runset on /workspace/layout/blocks/out/driver_stage/granular3/driver_dut.gds
2026-08-20 17:24:38 +0000: Memory Usage (128744K) : Ruby Version for klayout: 3.2.3
2026-08-20 17:24:38 +0000: Memory Usage (130136K) : Loading database to memory is complete.
2026-08-20 17:24:38 +0000: Memory Usage (130136K) : SG13G2 Klayout LVS runset output at: /workspace/layout/blocks/out/driver_stage/granular3/lvs/driver_dut.lvsdb
2026-08-20 17:24:38 +0000: Memory Usage (130136K) : Evaluate switches.
2026-08-20 17:24:38 +0000: Memory Usage (130136K) : Extracted netlist with net names: true
2026-08-20 17:24:38 +0000: Memory Usage (130136K) : Extracted netlist with comments in details: false
2026-08-20 17:24:38 +0000: Memory Usage (130136K) : Selected NET_ONLY option: false
2026-08-20 17:24:38 +0000: Memory Usage (130136K) : Selected LAYOUT_NETLIST option: (none)
2026-08-20 17:24:38 +0000: Memory Usage (130136K) : Selected IGNORE_TOP_PORTS_MISMATCH option: true
2026-08-20 17:24:38 +0000: Memory Usage (130136K) : Selected IMPLICIT_NETS option: sub,sub!
2026-08-20 17:24:38 +0000: Memory Usage (130136K) : Selected TOP_LVL_PINS option: false
2026-08-20 17:24:38 +0000: Memory Usage (130136K) : Selected COMBINE DEVICES option: false
2026-08-20 17:24:38 +0000: Memory Usage (130136K) : Selected PURGE option: false
2026-08-20 17:24:38 +0000: Memory Usage (130136K) : Selected PURGE_NETS option: false
2026-08-20 17:24:38 +0000: Memory Usage (130136K) : Selected SIMPLIFY option: true
2026-08-20 17:24:38 +0000: Memory Usage (130136K) : Selected SERIES_RES option: true
2026-08-20 17:24:38 +0000: Memory Usage (130136K) : Selected PARALLEL_RES option: true
2026-08-20 17:24:38 +0000: Memory Usage (130136K) : Selected DISABLE_TAP_EXTRACTION option: true
2026-08-20 17:24:38 +0000: Memory Usage (130136K) : deep  mode is enabled.
2026-08-20 17:24:38 +0000: Memory Usage (130136K) : Applying implicit connections (case-sensitive, pattern supported) for nets: sub, sub!
2026-08-20 17:24:38 +0000: Memory Usage (131380K) : Netlist file: /workspace/layout/blocks/out/driver_stage/granular3/x.cdl
2026-08-20 17:24:38 +0000: Memory Usage (131380K) : LVS extracted netlist at: /workspace/layout/blocks/out/driver_stage/granular3/lvs/driver_dut_extracted.cir
2026-08-20 17:24:38 +0000: Memory Usage (131380K) : Applying SRAM integration support.
2026-08-20 17:24:38 +0000: Memory Usage (131380K) : Starting SG13G2 LVS runset
2026-08-20 17:24:38 +0000: Memory Usage (131380K) : Read in polygons from layers.
2026-08-20 17:24:38 +0000: Memory Usage (132532K) : activ_drw has 899 polygons
2026-08-20 17:24:38 +0000: Memory Usage (132624K) : activ_filler has 0 polygons
2026-08-20 17:24:38 +0000: Memory Usage (133264K) : activ has 899 polygons
2026-08-20 17:24:38 +0000: Memory Usage (133264K) : activ_pin has 0 polygons
2026-08-20 17:24:38 +0000: Memory Usage (133264K) : activ_mask has 4 polygons
2026-08-20 17:24:38 +0000: Memory Usage (133264K) : activ_nofill has 2 polygons
2026-08-20 17:24:38 +0000: Memory Usage (133264K) : activ_OPC has 0 polygons
2026-08-20 17:24:38 +0000: Memory Usage (133264K) : activ_iOPC has 0 polygons
2026-08-20 17:24:38 +0000: Memory Usage (133264K) : activ_noqrc has 0 polygons
2026-08-20 17:24:38 +0000: Memory Usage (133264K) : biwind_drw has 0 polygons
2026-08-20 17:24:38 +0000: Memory Usage (133264K) : biwind_OPC has 0 polygons
2026-08-20 17:24:38 +0000: Memory Usage (133264K) : gatpoly_drw has 140 polygons
2026-08-20 17:24:38 +0000: Memory Usage (133264K) : gatpoly_filler has 0 polygons
2026-08-20 17:24:38 +0000: Memory Usage (133264K) : gatpoly has 140 polygons
2026-08-20 17:24:38 +0000: Memory Usage (133264K) : gatpoly_pin has 119 polygons
2026-08-20 17:24:38 +0000: Memory Usage (133264K) : gatpoly_nofill has 2 polygons
2026-08-20 17:24:38 +0000: Memory Usage (133264K) : gatpoly_OPC has 0 polygons
2026-08-20 17:24:38 +0000: Memory Usage (133264K) : gatpoly_iOPC has 0 polygons
2026-08-20 17:24:38 +0000: Memory Usage (133264K) : gatpoly_noqrc has 0 polygons
2026-08-20 17:24:38 +0000: Memory Usage (133264K) : cont_drw has 14577 polygons
2026-08-20 17:24:38 +0000: Memory Usage (133392K) : cont_OPC has 0 polygons
2026-08-20 17:24:38 +0000: Memory Usage (133392K) : nsd_drw has 0 polygons
2026-08-20 17:24:38 +0000: Memory Usage (133392K) : nsd_block has 4 polygons
2026-08-20 17:24:38 +0000: Memory Usage (133392K) : metal1_drw has 1566 polygons
2026-08-20 17:24:38 +0000: Memory Usage (133520K) : metal1_filler has 0 polygons
2026-08-20 17:24:38 +0000: Memory Usage (133520K) : metal1_slit has 0 polygons
2026-08-20 17:24:38 +0000: Memory Usage (133648K) : metal1 has 1566 polygons
2026-08-20 17:24:38 +0000: Memory Usage (133648K) : metal1_pin has 750 polygons
2026-08-20 17:24:38 +0000: Memory Usage (133776K) : metal1_mask has 0 polygons
2026-08-20 17:24:38 +0000: Memory Usage (133776K) : metal1_nofill has 2 polygons
2026-08-20 17:24:38 +0000: Memory Usage (134160K) : metal1_text has 5 polygons
2026-08-20 17:24:38 +0000: Memory Usage (134160K) : metal1_OPC has 0 polygons
2026-08-20 17:24:38 +0000: Memory Usage (134160K) : metal1_noqrc has 0 polygons
2026-08-20 17:24:38 +0000: Memory Usage (134288K) : metal1_res has 0 polygons
2026-08-20 17:24:38 +0000: Memory Usage (134288K) : metal1_iprobe has 0 polygons
2026-08-20 17:24:38 +0000: Memory Usage (134288K) : metal1_diffprb has 0 polygons
2026-08-20 17:24:38 +0000: Memory Usage (134416K) : passiv_drw has 2 polygons
2026-08-20 17:24:38 +0000: Memory Usage (134416K) : passiv_pin has 0 polygons
2026-08-20 17:24:38 +0000: Memory Usage (134416K) : passiv_sbump has 0 polygons
2026-08-20 17:24:38 +0000: Memory Usage (134544K) : passiv_pillar has 0 polygons
2026-08-20 17:24:38 +0000: Memory Usage (134544K) : passiv_pdl has 0 polygons
2026-08-20 17:24:38 +0000: Memory Usage (134544K) : metal2_drw has 581 polygons
2026-08-20 17:24:38 +0000: Memory Usage (134672K) : metal2_filler has 0 polygons
2026-08-20 17:24:38 +0000: Memory Usage (134672K) : metal2_slit has 0 polygons
2026-08-20 17:24:38 +0000: Memory Usage (134672K) : metal2 has 581 polygons
2026-08-20 17:24:38 +0000: Memory Usage (134672K) : metal2_pin has 10 polygons
2026-08-20 17:24:38 +0000: Memory Usage (134672K) : metal2_mask has 0 polygons
2026-08-20 17:24:38 +0000: Memory Usage (134800K) : metal2_nofill has 2 polygons
2026-08-20 17:24:38 +0000: Memory Usage (134800K) : metal2_text has 3 polygons
2026-08-20 17:24:38 +0000: Memory Usage (134800K) : metal2_OPC has 0 polygons
2026-08-20 17:24:38 +0000: Memory Usage (134800K) : metal2_noqrc has 0 polygons
2026-08-20 17:24:38 +0000: Memory Usage (134928K) : metal2_res has 0 polygons
2026-08-20 17:24:38 +0000: Memory Usage (134928K) : metal2_iprobe has 0 polygons
2026-08-20 17:24:38 +0000: Memory Usage (134928K) : metal2_diffprb has 0 polygons
2026-08-20 17:24:38 +0000: Memory Usage (135056K) : baspoly_drw has 0 polygons
2026-08-20 17:24:38 +0000: Memory Usage (135056K) : baspoly_pin has 0 polygons
2026-08-20 17:24:38 +0000: Memory Usage (135056K) : psd_drw has 515 polygons
2026-08-20 17:24:38 +0000: Memory Usage (135056K) : nldb_drw has 0 polygons
2026-08-20 17:24:38 +0000: Memory Usage (135184K) : digibnd_drw has 0 polygons
2026-08-20 17:24:38 +0000: Memory Usage (135184K) : via1_drw has 7666 polygons
2026-08-20 17:24:38 +0000: Memory Usage (135184K) : backmetal1_drw has 0 polygons
2026-08-20 17:24:38 +0000: Memory Usage (135184K) : backmetal1_pin has 0 polygons
2026-08-20 17:24:38 +0000: Memory Usage (135312K) : backmetal1_mask has 0 polygons
2026-08-20 17:24:38 +0000: Memory Usage (135312K) : backmetal1_filler has 0 polygons
2026-08-20 17:24:38 +0000: Memory Usage (135312K) : backmetal1_nofill has 0 polygons
2026-08-20 17:24:38 +0000: Memory Usage (135312K) : backmetal1_slit has 0 polygons
2026-08-20 17:24:38 +0000: Memory Usage (135440K) : backmetal1_text has 0 polygons
2026-08-20 17:24:38 +0000: Memory Usage (135440K) : backmetal1_OPC has 0 polygons
2026-08-20 17:24:38 +0000: Memory Usage (135440K) : backmetal1_noqrc has 0 polygons
2026-08-20 17:24:38 +0000: Memory Usage (135440K) : backmetal1_res has 0 polygons
2026-08-20 17:24:38 +0000: Memory Usage (135568K) : backmetal1_iprobe has 0 polygons
2026-08-20 17:24:38 +0000: Memory Usage (135568K) : backmetal1_diffprb has 0 polygons
2026-08-20 17:24:38 +0000: Memory Usage (135568K) : backpassiv_drw has 0 polygons
2026-08-20 17:24:38 +0000: Memory Usage (135568K) : res_drw has 2 polygons
2026-08-20 17:24:38 +0000: Memory Usage (135696K) : sram_drw has 0 polygons
2026-08-20 17:24:38 +0000: Memory Usage (135696K) : trans_drw has 2 polygons
2026-08-20 17:24:38 +0000: Memory Usage (135696K) : ind_drw has 2 polygons
2026-08-20 17:24:38 +0000: Memory Usage (135824K) : ind_pin has 4 polygons
2026-08-20 17:24:38 +0000: Memory Usage (135824K) : ind_text has 4 polygons
2026-08-20 17:24:38 +0000: Memory Usage (135824K) : salblock_drw has 12 polygons
2026-08-20 17:24:38 +0000: Memory Usage (135824K) : via2_drw has 868 polygons
2026-08-20 17:24:38 +0000: Memory Usage (135952K) : metal3_drw has 82 polygons
2026-08-20 17:24:38 +0000: Memory Usage (135952K) : metal3_filler has 0 polygons
2026-08-20 17:24:38 +0000: Memory Usage (135952K) : metal3_slit has 0 polygons
2026-08-20 17:24:38 +0000: Memory Usage (135952K) : metal3 has 82 polygons
2026-08-20 17:24:38 +0000: Memory Usage (135952K) : metal3_pin has 2 polygons
2026-08-20 17:24:38 +0000: Memory Usage (135952K) : metal3_mask has 0 polygons
2026-08-20 17:24:38 +0000: Memory Usage (135952K) : metal3_nofill has 2 polygons
2026-08-20 17:24:38 +0000: Memory Usage (135952K) : metal3_text has 0 polygons
2026-08-20 17:24:38 +0000: Memory Usage (135952K) : metal3_OPC has 0 polygons
2026-08-20 17:24:38 +0000: Memory Usage (135952K) : metal3_noqrc has 0 polygons
2026-08-20 17:24:38 +0000: Memory Usage (135952K) : metal3_res has 0 polygons
2026-08-20 17:24:38 +0000: Memory Usage (135952K) : metal3_iprobe has 0 polygons
2026-08-20 17:24:38 +0000: Memory Usage (135952K) : metal3_diffprb has 0 polygons
2026-08-20 17:24:38 +0000: Memory Usage (136080K) : nwell_drw has 14 polygons
2026-08-20 17:24:38 +0000: Memory Usage (136080K) : nwell_pin has 0 polygons
2026-08-20 17:24:38 +0000: Memory Usage (136080K) : nwell_text has 0 polygons
2026-08-20 17:24:38 +0000: Memory Usage (136080K) : nbulay_drw has 1 polygons
2026-08-20 17:24:38 +0000: Memory Usage (136080K) : nbulay_pin has 0 polygons
2026-08-20 17:24:38 +0000: Memory Usage (136080K) : nbulay_block has 0 polygons
2026-08-20 17:24:38 +0000: Memory Usage (136208K) : emwind_drw has 4 polygons
2026-08-20 17:24:38 +0000: Memory Usage (136208K) : emwind_OPC has 0 polygons
2026-08-20 17:24:38 +0000: Memory Usage (136208K) : deepco_drw has 0 polygons
2026-08-20 17:24:38 +0000: Memory Usage (136208K) : mim_drw has 0 polygons
2026-08-20 17:24:38 +0000: Memory Usage (136208K) : edgeseal_drw has 0 polygons
2026-08-20 17:24:38 +0000: Memory Usage (136336K) : substrate_drw has 500 polygons
2026-08-20 17:24:38 +0000: Memory Usage (136336K) : substrate_text has 0 polygons
2026-08-20 17:24:38 +0000: Memory Usage (136336K) : dfpad_drw has 2 polygons
2026-08-20 17:24:38 +0000: Memory Usage (136336K) : dfpad_pillar has 0 polygons
2026-08-20 17:24:38 +0000: Memory Usage (136336K) : dfpad_sbump has 0 polygons
2026-08-20 17:24:38 +0000: Memory Usage (136336K) : thickgateox_drw has 1 polygons
2026-08-20 17:24:38 +0000: Memory Usage (136464K) : pldb_drw has 0 polygons
2026-08-20 17:24:38 +0000: Memory Usage (136464K) : pwell_drw has 0 polygons
2026-08-20 17:24:38 +0000: Memory Usage (136464K) : pwell_pin has 0 polygons
2026-08-20 17:24:38 +0000: Memory Usage (136464K) : pwell_block has 2 polygons
2026-08-20 17:24:38 +0000: Memory Usage (136464K) : ic_drw has 0 polygons
2026-08-20 17:24:38 +0000: Memory Usage (136464K) : via3_drw has 1053 polygons
2026-08-20 17:24:38 +0000: Memory Usage (136592K) : metal4_drw has 35 polygons
2026-08-20 17:24:38 +0000: Memory Usage (136592K) : metal4_filler has 0 polygons
2026-08-20 17:24:38 +0000: Memory Usage (136592K) : metal4_slit has 0 polygons
2026-08-20 17:24:38 +0000: Memory Usage (136592K) : metal4 has 35 polygons
2026-08-20 17:24:38 +0000: Memory Usage (136592K) : metal4_pin has 0 polygons
2026-08-20 17:24:38 +0000: Memory Usage (136592K) : metal4_mask has 0 polygons
2026-08-20 17:24:38 +0000: Memory Usage (136720K) : metal4_nofill has 2 polygons
2026-08-20 17:24:38 +0000: Memory Usage (136720K) : metal4_text has 3 polygons
2026-08-20 17:24:38 +0000: Memory Usage (136720K) : metal4_OPC has 0 polygons
2026-08-20 17:24:38 +0000: Memory Usage (136720K) : metal4_noqrc has 0 polygons
2026-08-20 17:24:38 +0000: Memory Usage (136720K) : metal4_res has 0 polygons
2026-08-20 17:24:38 +0000: Memory Usage (136720K) : metal4_iprobe has 0 polygons
2026-08-20 17:24:38 +0000: Memory Usage (136848K) : metal4_diffprb has 0 polygons
2026-08-20 17:24:38 +0000: Memory Usage (136848K) : heattrans_drw has 123 polygons
2026-08-20 17:24:38 +0000: Memory Usage (136848K) : heatres_drw has 2 polygons
2026-08-20 17:24:38 +0000: Memory Usage (136848K) : fbe_drw has 0 polygons
2026-08-20 17:24:38 +0000: Memory Usage (136848K) : empoly_drw has 0 polygons
2026-08-20 17:24:38 +0000: Memory Usage (136976K) : digisub_drw has 0 polygons
2026-08-20 17:24:38 +0000: Memory Usage (136976K) : text_drw has 655 polygons
2026-08-20 17:24:38 +0000: Memory Usage (136976K) : via4_drw has 1047 polygons
2026-08-20 17:24:38 +0000: Memory Usage (136976K) : metal5_drw has 67 polygons
2026-08-20 17:24:38 +0000: Memory Usage (136976K) : metal5_filler has 0 polygons
2026-08-20 17:24:38 +0000: Memory Usage (136976K) : metal5_slit has 0 polygons
2026-08-20 17:24:38 +0000: Memory Usage (136976K) : metal5 has 67 polygons
2026-08-20 17:24:38 +0000: Memory Usage (137104K) : metal5_pin has 0 polygons
2026-08-20 17:24:38 +0000: Memory Usage (137104K) : metal5_mask has 0 polygons
2026-08-20 17:24:38 +0000: Memory Usage (137104K) : metal5_nofill has 2 polygons
2026-08-20 17:24:38 +0000: Memory Usage (137104K) : metal5_text has 0 polygons
2026-08-20 17:24:38 +0000: Memory Usage (137104K) : metal5_OPC has 0 polygons
2026-08-20 17:24:38 +0000: Memory Usage (137104K) : metal5_noqrc has 0 polygons
2026-08-20 17:24:38 +0000: Memory Usage (137232K) : metal5_res has 0 polygons
2026-08-20 17:24:38 +0000: Memory Usage (137232K) : metal5_iprobe has 0 polygons
2026-08-20 17:24:38 +0000: Memory Usage (137232K) : metal5_diffprb has 0 polygons
2026-08-20 17:24:38 +0000: Memory Usage (137232K) : radhard_drw has 0 polygons
2026-08-20 17:24:38 +0000: Memory Usage (137232K) : memcap_drw has 0 polygons
2026-08-20 17:24:38 +0000: Memory Usage (137360K) : varicap_drw has 0 polygons
2026-08-20 17:24:38 +0000: Memory Usage (137360K) : intbondvia_drw has 0 polygons
2026-08-20 17:24:38 +0000: Memory Usage (137360K) : intbondmet_drw has 0 polygons
2026-08-20 17:24:38 +0000: Memory Usage (137360K) : devbondvia_drw has 0 polygons
2026-08-20 17:24:38 +0000: Memory Usage (137488K) : devbondmet_drw has 0 polygons
2026-08-20 17:24:38 +0000: Memory Usage (137488K) : devtrench_drw has 0 polygons
2026-08-20 17:24:38 +0000: Memory Usage (137488K) : redist_drw has 0 polygons
2026-08-20 17:24:38 +0000: Memory Usage (137488K) : graphbot_drw has 0 polygons
2026-08-20 17:24:38 +0000: Memory Usage (137616K) : graphtop_drw has 0 polygons
2026-08-20 17:24:38 +0000: Memory Usage (137616K) : antvia1_drw has 0 polygons
2026-08-20 17:24:38 +0000: Memory Usage (137616K) : antmetal2_drw has 0 polygons
2026-08-20 17:24:38 +0000: Memory Usage (137616K) : graphcont_drw has 0 polygons
2026-08-20 17:24:38 +0000: Memory Usage (137616K) : siwg_drw has 0 polygons
2026-08-20 17:24:38 +0000: Memory Usage (137616K) : siwg_filler has 0 polygons
2026-08-20 17:24:38 +0000: Memory Usage (137616K) : siwg_nofill has 0 polygons
2026-08-20 17:24:38 +0000: Memory Usage (137744K) : sigrating_drw has 0 polygons
2026-08-20 17:24:38 +0000: Memory Usage (137744K) : singrating_drw has 0 polygons
2026-08-20 17:24:38 +0000: Memory Usage (137744K) : graphpas_drw has 0 polygons
2026-08-20 17:24:38 +0000: Memory Usage (137744K) : emwind3_drw has 0 polygons
2026-08-20 17:24:38 +0000: Memory Usage (137744K) : emwihv3_drw has 0 polygons
2026-08-20 17:24:38 +0000: Memory Usage (137872K) : redbulay_drw has 0 polygons
2026-08-20 17:24:38 +0000: Memory Usage (137872K) : smos_drw has 0 polygons
2026-08-20 17:24:38 +0000: Memory Usage (137872K) : graphpad_drw has 0 polygons
2026-08-20 17:24:38 +0000: Memory Usage (137872K) : polimide_drw has 0 polygons
2026-08-20 17:24:38 +0000: Memory Usage (137872K) : polimide_pin has 0 polygons
2026-08-20 17:24:38 +0000: Memory Usage (138000K) : recog_drw has 1 polygons
2026-08-20 17:24:38 +0000: Memory Usage (138000K) : recog_pin has 0 polygons
2026-08-20 17:24:38 +0000: Memory Usage (138000K) : recog_esd has 5 polygons
2026-08-20 17:24:38 +0000: Memory Usage (138000K) : recog_diode has 0 polygons
2026-08-20 17:24:38 +0000: Memory Usage (138128K) : recog_tsv has 0 polygons
2026-08-20 17:24:38 +0000: Memory Usage (138128K) : recog_iprobe has 0 polygons
2026-08-20 17:24:38 +0000: Memory Usage (138128K) : recog_diffprb has 0 polygons
2026-08-20 17:24:38 +0000: Memory Usage (138128K) : recog_pillar has 0 polygons
2026-08-20 17:24:38 +0000: Memory Usage (138256K) : recog_sbump has 0 polygons
2026-08-20 17:24:38 +0000: Memory Usage (138256K) : recog_otp has 0 polygons
2026-08-20 17:24:38 +0000: Memory Usage (138256K) : recog_pdiode has 0 polygons
2026-08-20 17:24:38 +0000: Memory Usage (138256K) : recog_mom has 0 polygons
2026-08-20 17:24:38 +0000: Memory Usage (138384K) : recog_momf has 0 polygons
2026-08-20 17:24:38 +0000: Memory Usage (138384K) : recog_pcm has 0 polygons
2026-08-20 17:24:38 +0000: Memory Usage (138384K) : colopen_drw has 0 polygons
2026-08-20 17:24:38 +0000: Memory Usage (138384K) : graphmetal1_drw has 0 polygons
2026-08-20 17:24:38 +0000: Memory Usage (138512K) : graphmetal1_filler has 0 polygons
2026-08-20 17:24:38 +0000: Memory Usage (138512K) : graphmetal1_nofill has 0 polygons
2026-08-20 17:24:38 +0000: Memory Usage (138512K) : graphmetal1_slit has 0 polygons
2026-08-20 17:24:38 +0000: Memory Usage (138512K) : graphmetal1_OPC has 0 polygons
2026-08-20 17:24:38 +0000: Memory Usage (138640K) : graphmet1l_drw has 0 polygons
2026-08-20 17:24:38 +0000: Memory Usage (138640K) : graphmet1l_filler has 0 polygons
2026-08-20 17:24:38 +0000: Memory Usage (138640K) : graphmet1l_nofill has 0 polygons
2026-08-20 17:24:38 +0000: Memory Usage (138640K) : graphmet1l_slit has 0 polygons
2026-08-20 17:24:38 +0000: Memory Usage (138768K) : graphmet1l_OPC has 0 polygons
2026-08-20 17:24:38 +0000: Memory Usage (138768K) : extblock_drw has 6 polygons
2026-08-20 17:24:38 +0000: Memory Usage (138768K) : nldd_drw has 0 polygons
2026-08-20 17:24:38 +0000: Memory Usage (138768K) : pldd_drw has 0 polygons
2026-08-20 17:24:38 +0000: Memory Usage (138768K) : next_drw has 0 polygons
2026-08-20 17:24:38 +0000: Memory Usage (138768K) : pext_drw has 0 polygons
2026-08-20 17:24:38 +0000: Memory Usage (138896K) : nexthv_drw has 0 polygons
2026-08-20 17:24:38 +0000: Memory Usage (138896K) : pexthv_drw has 0 polygons
2026-08-20 17:24:38 +0000: Memory Usage (138896K) : graphgate_drw has 0 polygons
2026-08-20 17:24:38 +0000: Memory Usage (138896K) : sinwg_drw has 0 polygons
2026-08-20 17:24:38 +0000: Memory Usage (138896K) : sinwg_filler has 0 polygons
2026-08-20 17:24:38 +0000: Memory Usage (139024K) : sinwg_nofill has 0 polygons
2026-08-20 17:24:38 +0000: Memory Usage (139024K) : mempad_drw has 0 polygons
2026-08-20 17:24:38 +0000: Memory Usage (139024K) : topvia1_drw has 489 polygons
2026-08-20 17:24:38 +0000: Memory Usage (139024K) : topmetal1_drw has 94 polygons
2026-08-20 17:24:38 +0000: Memory Usage (139024K) : topmetal1_filler has 0 polygons
2026-08-20 17:24:38 +0000: Memory Usage (139024K) : topmetal1_slit has 0 polygons
2026-08-20 17:24:38 +0000: Memory Usage (139152K) : topmetal1 has 94 polygons
2026-08-20 17:24:38 +0000: Memory Usage (139152K) : topmetal1_pin has 0 polygons
2026-08-20 17:24:38 +0000: Memory Usage (139152K) : topmetal1_mask has 0 polygons
2026-08-20 17:24:38 +0000: Memory Usage (139152K) : topmetal1_nofill has 2 polygons
2026-08-20 17:24:38 +0000: Memory Usage (139280K) : topmetal1_text has 0 polygons
2026-08-20 17:24:38 +0000: Memory Usage (139280K) : topmetal1_noqrc has 0 polygons
2026-08-20 17:24:38 +0000: Memory Usage (139280K) : topmetal1_res has 0 polygons
2026-08-20 17:24:38 +0000: Memory Usage (139280K) : topmetal1_iprobe has 0 polygons
2026-08-20 17:24:38 +0000: Memory Usage (139280K) : topmetal1_diffprb has 0 polygons
2026-08-20 17:24:38 +0000: Memory Usage (139408K) : inldpwl_drw has 0 polygons
2026-08-20 17:24:38 +0000: Memory Usage (139408K) : polyres_drw has 2 polygons
2026-08-20 17:24:38 +0000: Memory Usage (139408K) : polyres_pin has 0 polygons
2026-08-20 17:24:38 +0000: Memory Usage (139408K) : vmim_drw has 0 polygons
2026-08-20 17:24:38 +0000: Memory Usage (139536K) : nbulaycut_drw has 0 polygons
2026-08-20 17:24:38 +0000: Memory Usage (139536K) : antmetal1_drw has 0 polygons
2026-08-20 17:24:38 +0000: Memory Usage (139664K) : topvia2_drw has 239 polygons
2026-08-20 17:24:38 +0000: Memory Usage (139792K) : topmetal2_drw has 75 polygons
2026-08-20 17:24:38 +0000: Memory Usage (139792K) : topmetal2_filler has 0 polygons
2026-08-20 17:24:38 +0000: Memory Usage (139792K) : topmetal2_slit has 0 polygons
2026-08-20 17:24:38 +0000: Memory Usage (139920K) : topmetal2 has 75 polygons
2026-08-20 17:24:38 +0000: Memory Usage (139920K) : topmetal2_pin has 4 polygons
2026-08-20 17:24:38 +0000: Memory Usage (139920K) : topmetal2_mask has 0 polygons
2026-08-20 17:24:38 +0000: Memory Usage (140048K) : topmetal2_nofill has 2 polygons
2026-08-20 17:24:38 +0000: Memory Usage (140048K) : topmetal2_text has 8 polygons
2026-08-20 17:24:38 +0000: Memory Usage (140048K) : topmetal2_noqrc has 0 polygons
2026-08-20 17:24:38 +0000: Memory Usage (140048K) : topmetal2_res has 0 polygons
2026-08-20 17:24:38 +0000: Memory Usage (140176K) : topmetal2_iprobe has 0 polygons
2026-08-20 17:24:38 +0000: Memory Usage (140176K) : topmetal2_diffprb has 0 polygons
2026-08-20 17:24:38 +0000: Memory Usage (140176K) : snsring_drw has 0 polygons
2026-08-20 17:24:38 +0000: Memory Usage (140304K) : sensor_drw has 0 polygons
2026-08-20 17:24:38 +0000: Memory Usage (140304K) : snsarms_drw has 0 polygons
2026-08-20 17:24:38 +0000: Memory Usage (140304K) : snscmosvia_drw has 0 polygons
2026-08-20 17:24:38 +0000: Memory Usage (140304K) : colwind_drw has 0 polygons
2026-08-20 17:24:38 +0000: Memory Usage (140432K) : flm_drw has 0 polygons
2026-08-20 17:24:38 +0000: Memory Usage (140560K) : hafniumox_drw has 0 polygons
2026-08-20 17:24:38 +0000: Memory Usage (140560K) : memvia_drw has 0 polygons
2026-08-20 17:24:38 +0000: Memory Usage (140560K) : thinfilmres_drw has 0 polygons
2026-08-20 17:24:38 +0000: Memory Usage (140560K) : rfmem_drw has 0 polygons
2026-08-20 17:24:38 +0000: Memory Usage (140560K) : norcx_drw has 2 polygons
2026-08-20 17:24:38 +0000: Memory Usage (140560K) : norcx_m2m3 has 0 polygons
2026-08-20 17:24:38 +0000: Memory Usage (140560K) : norcx_m2m4 has 0 polygons
2026-08-20 17:24:38 +0000: Memory Usage (140560K) : norcx_m2m5 has 0 polygons
2026-08-20 17:24:38 +0000: Memory Usage (140560K) : norcx_m2tm1 has 0 polygons
2026-08-20 17:24:38 +0000: Memory Usage (140560K) : norcx_m2tm2 has 0 polygons
2026-08-20 17:24:38 +0000: Memory Usage (140560K) : norcx_m3m4 has 0 polygons
2026-08-20 17:24:38 +0000: Memory Usage (140560K) : norcx_m3m5 has 0 polygons
2026-08-20 17:24:38 +0000: Memory Usage (140560K) : norcx_m3tm1 has 0 polygons
2026-08-20 17:24:38 +0000: Memory Usage (140560K) : norcx_m3tm2 has 0 polygons
2026-08-20 17:24:38 +0000: Memory Usage (140560K) : norcx_m4m5 has 0 polygons
2026-08-20 17:24:38 +0000: Memory Usage (140560K) : norcx_m4tm1 has 0 polygons
2026-08-20 17:24:38 +0000: Memory Usage (140560K) : norcx_m4tm2 has 0 polygons
2026-08-20 17:24:38 +0000: Memory Usage (140560K) : norcx_m5tm1 has 0 polygons
2026-08-20 17:24:38 +0000: Memory Usage (140560K) : norcx_m5tm2 has 0 polygons
2026-08-20 17:24:38 +0000: Memory Usage (140560K) : norcx_tm1tm2 has 0 polygons
2026-08-20 17:24:38 +0000: Memory Usage (140560K) : norcx_m1sub has 0 polygons
2026-08-20 17:24:38 +0000: Memory Usage (140560K) : norcx_m2sub has 0 polygons
2026-08-20 17:24:38 +0000: Memory Usage (140560K) : norcx_m3sub has 0 polygons
2026-08-20 17:24:38 +0000: Memory Usage (140560K) : norcx_m4sub has 0 polygons
2026-08-20 17:24:38 +0000: Memory Usage (140560K) : norcx_m5sub has 0 polygons
2026-08-20 17:24:38 +0000: Memory Usage (140560K) : norcx_tm1sub has 0 polygons
2026-08-20 17:24:38 +0000: Memory Usage (140560K) : norcx_tm2sub has 0 polygons
2026-08-20 17:24:38 +0000: Memory Usage (140560K) : snsbotvia_drw has 0 polygons
2026-08-20 17:24:38 +0000: Memory Usage (140560K) : snstopvia_drw has 0 polygons
2026-08-20 17:24:38 +0000: Memory Usage (140560K) : deepvia_drw has 0 polygons
2026-08-20 17:24:38 +0000: Memory Usage (140560K) : fgetch_drw has 0 polygons
2026-08-20 17:24:38 +0000: Memory Usage (140560K) : ctrgat_drw has 0 polygons
2026-08-20 17:24:38 +0000: Memory Usage (140560K) : fgimp_drw has 0 polygons
2026-08-20 17:24:38 +0000: Memory Usage (140560K) : emwihv_drw has 0 polygons
2026-08-20 17:24:38 +0000: Memory Usage (140560K) : lbe_drw has 2 polygons
2026-08-20 17:24:38 +0000: Memory Usage (140560K) : alcustop_drw has 0 polygons
2026-08-20 17:24:38 +0000: Memory Usage (140560K) : nometfiller_drw has 0 polygons
2026-08-20 17:24:38 +0000: Memory Usage (140560K) : prboundary_drw has 0 polygons
2026-08-20 17:24:38 +0000: Memory Usage (140560K) : exchange0_drw has 0 polygons
2026-08-20 17:24:38 +0000: Memory Usage (140560K) : exchange0_pin has 0 polygons
2026-08-20 17:24:38 +0000: Memory Usage (140560K) : exchange0_text has 0 polygons
2026-08-20 17:24:38 +0000: Memory Usage (140560K) : exchange1_drw has 0 polygons
2026-08-20 17:24:38 +0000: Memory Usage (140560K) : exchange1_pin has 0 polygons
2026-08-20 17:24:38 +0000: Memory Usage (140560K) : exchange1_text has 0 polygons
2026-08-20 17:24:38 +0000: Memory Usage (140560K) : exchange2_drw has 0 polygons
2026-08-20 17:24:38 +0000: Memory Usage (140560K) : exchange2_pin has 0 polygons
2026-08-20 17:24:38 +0000: Memory Usage (140560K) : exchange2_text has 0 polygons
2026-08-20 17:24:38 +0000: Memory Usage (140560K) : exchange3_drw has 0 polygons
2026-08-20 17:24:38 +0000: Memory Usage (140560K) : exchange3_pin has 0 polygons
2026-08-20 17:24:38 +0000: Memory Usage (140560K) : exchange3_text has 0 polygons
2026-08-20 17:24:38 +0000: Memory Usage (140560K) : exchange4_drw has 0 polygons
2026-08-20 17:24:38 +0000: Memory Usage (140560K) : exchange4_pin has 0 polygons
2026-08-20 17:24:38 +0000: Memory Usage (140560K) : exchange4_text has 0 polygons
2026-08-20 17:24:38 +0000: Memory Usage (140560K) : isonwell_drw has 0 polygons
2026-08-20 17:24:38 +0000: Memory Usage (140560K) : Total no. of polygons in the design is 32273
2026-08-20 17:24:38 +0000: Memory Usage (140560K) : Starting base layers derivations
2026-08-20 17:24:38 +0000: Memory Usage (140560K) : Starting general LVS derivations
2026-08-20 17:24:38 +0000: Memory Usage (145092K) : Starting MOSFET DERIVATIONS
2026-08-20 17:24:38 +0000: Memory Usage (145860K) : Starting NMOS DERIVATIONS
2026-08-20 17:24:38 +0000: Memory Usage (145860K) : Starting PMOS DERIVATIONS
2026-08-20 17:24:38 +0000: Memory Usage (145860K) : Starting RF-MOSFET DERIVATIONS
2026-08-20 17:24:38 +0000: Memory Usage (145860K) : Starting RF-NMOS DERIVATIONS
2026-08-20 17:24:38 +0000: Memory Usage (145860K) : Starting RF-PMOS DERIVATIONS
2026-08-20 17:24:38 +0000: Memory Usage (145860K) : Starting BJT DERIVATIONS
2026-08-20 17:24:38 +0000: Memory Usage (145860K) : Starting NPN-BJT DERIVATIONS
2026-08-20 17:24:38 +0000: Memory Usage (145860K) : Starting PNP-BJT DERIVATIONS
2026-08-20 17:24:38 +0000: Memory Usage (145860K) : Starting DIODE DERIVATIONS
2026-08-20 17:24:39 +0000: Memory Usage (145988K) : Starting RESISTOR DERIVATIONS
2026-08-20 17:24:39 +0000: Memory Usage (145988K) : Starting CAP DERIVATIONS
2026-08-20 17:24:39 +0000: Memory Usage (145988K) : Starting CAP_CMOM DERIVATIONS
2026-08-20 17:24:39 +0000: Memory Usage (145988K) : Starting CAP_CMOMF DERIVATIONS
2026-08-20 17:24:39 +0000: Memory Usage (145988K) : Starting ESD DERIVATIONS
2026-08-20 17:24:40 +0000: Memory Usage (146116K) : Starting Inductor DERIVATIONS
2026-08-20 17:24:41 +0000: Memory Usage (146116K) : Starting Taps DERIVATIONS
2026-08-20 17:24:41 +0000: Memory Usage (146116K) : Starting SG13G2 LVS connectivity setup
2026-08-20 17:24:41 +0000: Memory Usage (146116K) : Starting SG13G2 LVS connectivity setup (Inter-layer)
2026-08-20 17:24:41 +0000: Memory Usage (146116K) : Starting SG13G2 LVS connectivity setup (Global)
2026-08-20 17:24:41 +0000: Memory Usage (146116K) : Starting LVS MOSFET CONNECTIONS
2026-08-20 17:24:41 +0000: Memory Usage (146116K) : Starting LVS RF-MOSFET CONNECTIONS
2026-08-20 17:24:41 +0000: Memory Usage (146116K) : Starting LVS BJT CONNECTIONS
2026-08-20 17:24:41 +0000: Memory Usage (146116K) : Starting LVS DIODE CONNECTIONS
2026-08-20 17:24:41 +0000: Memory Usage (146116K) : Starting RESISTOR CONNECTIONS
2026-08-20 17:24:41 +0000: Memory Usage (146116K) : Starting LVS CAP CONNECTIONS
2026-08-20 17:24:41 +0000: Memory Usage (146116K) : Starting CAP_CMOM CONNECTIONS
2026-08-20 17:24:41 +0000: Memory Usage (146116K) : Starting CAP_CMOMF CONNECTIONS
2026-08-20 17:24:41 +0000: Memory Usage (146116K) : Starting ESD CONNECTIONS
2026-08-20 17:24:41 +0000: Memory Usage (146116K) : Starting Inductor CONNECTIONS
2026-08-20 17:24:41 +0000: Memory Usage (146116K) : Starting LVS Taps CONNECTIONS
2026-08-20 17:24:41 +0000: Memory Usage (146116K) : Starting SG13G2 LVS DEVICES EXTRACTION
2026-08-20 17:24:41 +0000: Memory Usage (146116K) : Starting MOSFET EXTRACTION
2026-08-20 17:24:41 +0000: Memory Usage (146116K) : Starting NMOS EXTRACTION
2026-08-20 17:24:41 +0000: Memory Usage (146116K) : Extraction of NMOS-LV transistor
2026-08-20 17:24:41 +0000: Memory Usage (146372K) : Extraction of NMOS-HV transistor
2026-08-20 17:24:41 +0000: Memory Usage (146372K) : Starting PMOS EXTRACTION
2026-08-20 17:24:41 +0000: Memory Usage (146372K) : Extraction of PMOS-LV transistor
2026-08-20 17:24:41 +0000: Memory Usage (146372K) : Extraction of PMOS-HV transistor
2026-08-20 17:24:41 +0000: Memory Usage (146372K) : Starting RF-MOSFET EXTRACTION
2026-08-20 17:24:41 +0000: Memory Usage (146372K) : Extraction of RF-NMOS-LV transistor
2026-08-20 17:24:41 +0000: Memory Usage (146372K) : Extraction of RF-NMOS-HV transistor
2026-08-20 17:24:41 +0000: Memory Usage (146372K) : Extraction of RF-PMOS-LV transistor
2026-08-20 17:24:41 +0000: Memory Usage (146372K) : Extraction of RF-PMOS-HV transistor
2026-08-20 17:24:41 +0000: Memory Usage (146372K) : Starting BJT EXTRACTION
2026-08-20 17:24:41 +0000: Memory Usage (146372K) : Starting NPN-BJT EXTRACTION
2026-08-20 17:24:41 +0000: Memory Usage (146372K) : Extraction of npn13G2 BJT transistor
2026-08-20 17:24:41 +0000: Memory Usage (146372K) : Extraction of npn13G2L BJT transistor
2026-08-20 17:24:41 +0000: Memory Usage (146372K) : Extraction of npn13G2V BJT transistor
2026-08-20 17:24:41 +0000: Memory Usage (146372K) : Starting PNP-BJT EXTRACTION
2026-08-20 17:24:41 +0000: Memory Usage (146372K) : Extracting pnpMPA BJT
2026-08-20 17:24:41 +0000: Memory Usage (146372K) : Starting DIODE EXTRACTION
2026-08-20 17:24:41 +0000: Memory Usage (146372K) : Extracting dantenna diode
2026-08-20 17:24:41 +0000: Memory Usage (146372K) : Extracting dpantenna diode
2026-08-20 17:24:41 +0000: Memory Usage (146372K) : Extracting schottky_nbl1 diode
2026-08-20 17:24:41 +0000: Memory Usage (146372K) : Extracting isolbox diode
2026-08-20 17:24:41 +0000: Memory Usage (146372K) : Starting RESISTOR EXTRACTION
2026-08-20 17:24:41 +0000: Memory Usage (146372K) : Extracting rsil resistor
2026-08-20 17:24:41 +0000: Memory Usage (146372K) : Extracting rppd resistor
2026-08-20 17:24:41 +0000: Memory Usage (146372K) : Extracting rhigh resistor
2026-08-20 17:24:41 +0000: Memory Usage (146372K) : Extracting res_metal1 resistor
2026-08-20 17:24:41 +0000: Memory Usage (146528K) : Extracting res_metal2 resistor
2026-08-20 17:24:41 +0000: Memory Usage (146528K) : Extracting res_metal3 resistor
2026-08-20 17:24:41 +0000: Memory Usage (146528K) : Extracting res_metal4 resistor
2026-08-20 17:24:41 +0000: Memory Usage (146528K) : Extracting res_metal5 resistor
2026-08-20 17:24:41 +0000: Memory Usage (146528K) : Extracting res_topmetal1 resistor
2026-08-20 17:24:41 +0000: Memory Usage (146528K) : Extracting res_topmetal2 resistor
2026-08-20 17:24:41 +0000: Memory Usage (146528K) : Starting CAP EXTRACTION
2026-08-20 17:24:41 +0000: Memory Usage (146528K) : Extracting cap_cmim device
2026-08-20 17:24:41 +0000: Memory Usage (146528K) : Extracting rfcmim device
2026-08-20 17:24:41 +0000: Memory Usage (146528K) : Extracting sg13_hv_svaricap varactor
2026-08-20 17:24:41 +0000: Memory Usage (146528K) : Extracting cap_cmomi device
2026-08-20 17:24:41 +0000: Memory Usage (146528K) : Extracting cap_cmomf device
2026-08-20 17:24:41 +0000: Memory Usage (146528K) : Extracting sg13_moscap_n capacitor
2026-08-20 17:24:41 +0000: Memory Usage (146528K) : Extracting sg13_moscap_p capacitor
2026-08-20 17:24:41 +0000: Memory Usage (146528K) : Starting ESD EXTRACTION
2026-08-20 17:24:41 +0000: Memory Usage (146528K) : Extracting diodevdd_2kv ESD device
2026-08-20 17:24:41 +0000: Memory Usage (146528K) : Extracting diodevdd_4kv ESD device
2026-08-20 17:24:41 +0000: Memory Usage (146528K) : Extracting diodevss_2kv ESD device
2026-08-20 17:24:41 +0000: Memory Usage (146528K) : Extracting diodevss_4kv ESD device
2026-08-20 17:24:41 +0000: Memory Usage (146528K) : Extracting idiodevdd_2kv ESD device
2026-08-20 17:24:41 +0000: Memory Usage (146528K) : Extracting idiodevdd_4kv ESD device
2026-08-20 17:24:41 +0000: Memory Usage (146528K) : Extracting idiodevss_2kv ESD device
2026-08-20 17:24:41 +0000: Memory Usage (146528K) : Extracting idiodevss_4kv ESD device
2026-08-20 17:24:41 +0000: Memory Usage (146528K) : Extracting nmoscl_2 ESD device
2026-08-20 17:24:41 +0000: Memory Usage (146528K) : Extracting nmoscl_4 ESD device
2026-08-20 17:24:41 +0000: Memory Usage (146528K) : Starting Inductor EXTRACTION
2026-08-20 17:24:41 +0000: Memory Usage (146528K) : Extracting Inductor2 device
2026-08-20 17:24:41 +0000: Memory Usage (146656K) : Extracting Inductor3 device
2026-08-20 17:24:41 +0000: Memory Usage (146656K) : Starting Taps EXTRACTION
2026-08-20 17:24:41 +0000: Memory Usage (146656K) : DISABLE_TAP_EXTRACTION is enabled: skipping ntap1/ptap1 device extraction.
2026-08-20 17:24:41 +0000: Memory Usage (146656K) : Starting SG13G2 LVS RF MOS Model Mapping
2026-08-20 17:24:41 +0000: Memory Usage (147808K) : [layout_netlist] Apply RF MOS model mapping and rfmode parameter.
2026-08-20 17:24:41 +0000: Memory Usage (147808K) : Starting SG13G2 LVS Options Preparations
2026-08-20 17:24:41 +0000: Memory Usage (147808K) : SG13G2 LVS flow: extraction -> alignment -> option preparation -> comparison.
2026-08-20 17:24:41 +0000: Memory Usage (147808K) : Starting SG13G2 LVS Alignment
2026-08-20 17:24:41 +0000: Memory Usage (147808K) : Starting SG13G2 LVS Simplification
2026-08-20 17:24:41 +0000: Memory Usage (147808K) : [layout_netlist] simplify: ENABLED
2026-08-20 17:24:41 +0000: Memory Usage (147808K) : [layout_netlist] make_top_level_pins: SKIPPED
2026-08-20 17:24:41 +0000: Memory Usage (147808K) : [layout_netlist] combine_devices: SKIPPED
2026-08-20 17:24:41 +0000: Memory Usage (147808K) : [layout_netlist] purge: SKIPPED
2026-08-20 17:24:41 +0000: Memory Usage (147808K) : [layout_netlist] purge_nets: SKIPPED
2026-08-20 17:24:41 +0000: Memory Usage (147808K) : [schematic_netlist] simplify: ENABLED
2026-08-20 17:24:41 +0000: Memory Usage (147808K) : [schematic_netlist] make_top_level_pins: SKIPPED
2026-08-20 17:24:41 +0000: Memory Usage (147808K) : [schematic_netlist] combine_devices: SKIPPED
2026-08-20 17:24:41 +0000: Memory Usage (147808K) : [schematic_netlist] purge: SKIPPED
2026-08-20 17:24:41 +0000: Memory Usage (147808K) : [schematic_netlist] purge_nets: SKIPPED
2026-08-20 17:24:41 +0000: Memory Usage (147808K) : Starting SG13G2 LVS Comparison
2026-08-20 17:24:41 +0000: Memory Usage (147808K) : xxxxxxxxxxxxxxxxxxxxxxxxxxxxxxxxxxxxxxxxxx
2026-08-20 17:24:41 +0000: Memory Usage (147808K) : ERROR : Netlists don't match
2026-08-20 17:24:41 +0000: Memory Usage (147808K) : xxxxxxxxxxxxxxxxxxxxxxxxxxxxxxxxxxxxxxxxxx
2026-08-20 17:24:41 +0000: Memory Usage (147808K) : LVS Total Run time 3.544221 seconds
