# Logfile created on 2026-08-20 16:59:57 +0000 by logger.rb/v1.5.3
2026-08-20 16:59:57 +0000: Memory Usage (128844K) : Starting running SG13G2 Klayout LVS runset on /workspace/layout/blocks/out/driver_stage/bisect_extra2/pads_esd_nofeed/driver_dut.gds
2026-08-20 16:59:57 +0000: Memory Usage (128844K) : Ruby Version for klayout: 3.2.3
2026-08-20 16:59:57 +0000: Memory Usage (130152K) : Loading database to memory is complete.
2026-08-20 16:59:57 +0000: Memory Usage (130152K) : SG13G2 Klayout LVS runset output at: /workspace/layout/blocks/out/driver_stage/bisect_extra2/pads_esd_nofeed/lvs/driver_dut.lvsdb
2026-08-20 16:59:57 +0000: Memory Usage (130152K) : Evaluate switches.
2026-08-20 16:59:57 +0000: Memory Usage (130152K) : Extracted netlist with net names: true
2026-08-20 16:59:57 +0000: Memory Usage (130152K) : Extracted netlist with comments in details: false
2026-08-20 16:59:57 +0000: Memory Usage (130152K) : Selected NET_ONLY option: false
2026-08-20 16:59:57 +0000: Memory Usage (130152K) : Selected LAYOUT_NETLIST option: (none)
2026-08-20 16:59:57 +0000: Memory Usage (130152K) : Selected IGNORE_TOP_PORTS_MISMATCH option: true
2026-08-20 16:59:57 +0000: Memory Usage (130152K) : Selected IMPLICIT_NETS option: sub,sub!
2026-08-20 16:59:57 +0000: Memory Usage (130152K) : Selected TOP_LVL_PINS option: false
2026-08-20 16:59:57 +0000: Memory Usage (130152K) : Selected COMBINE DEVICES option: false
2026-08-20 16:59:57 +0000: Memory Usage (130152K) : Selected PURGE option: false
2026-08-20 16:59:57 +0000: Memory Usage (130152K) : Selected PURGE_NETS option: false
2026-08-20 16:59:57 +0000: Memory Usage (130152K) : Selected SIMPLIFY option: true
2026-08-20 16:59:57 +0000: Memory Usage (130152K) : Selected SERIES_RES option: true
2026-08-20 16:59:57 +0000: Memory Usage (130152K) : Selected PARALLEL_RES option: true
2026-08-20 16:59:57 +0000: Memory Usage (130152K) : Selected DISABLE_TAP_EXTRACTION option: true
2026-08-20 16:59:57 +0000: Memory Usage (130152K) : deep  mode is enabled.
2026-08-20 16:59:57 +0000: Memory Usage (130152K) : Applying implicit connections (case-sensitive, pattern supported) for nets: sub, sub!
2026-08-20 16:59:57 +0000: Memory Usage (131236K) : Netlist file: /workspace/layout/blocks/out/driver_stage/bisect_extra2/pads_esd_nofeed/driver_dut.cdl
2026-08-20 16:59:57 +0000: Memory Usage (131236K) : LVS extracted netlist at: /workspace/layout/blocks/out/driver_stage/bisect_extra2/pads_esd_nofeed/lvs/driver_dut_extracted.cir
2026-08-20 16:59:57 +0000: Memory Usage (131236K) : Applying SRAM integration support.
2026-08-20 16:59:57 +0000: Memory Usage (131236K) : Starting SG13G2 LVS runset
2026-08-20 16:59:57 +0000: Memory Usage (131236K) : Read in polygons from layers.
2026-08-20 16:59:57 +0000: Memory Usage (132460K) : activ_drw has 899 polygons
2026-08-20 16:59:57 +0000: Memory Usage (132460K) : activ_filler has 0 polygons
2026-08-20 16:59:57 +0000: Memory Usage (132552K) : activ has 899 polygons
2026-08-20 16:59:57 +0000: Memory Usage (133064K) : activ_pin has 0 polygons
2026-08-20 16:59:57 +0000: Memory Usage (133064K) : activ_mask has 4 polygons
2026-08-20 16:59:57 +0000: Memory Usage (133064K) : activ_nofill has 2 polygons
2026-08-20 16:59:57 +0000: Memory Usage (133064K) : activ_OPC has 0 polygons
2026-08-20 16:59:57 +0000: Memory Usage (133064K) : activ_iOPC has 0 polygons
2026-08-20 16:59:57 +0000: Memory Usage (133064K) : activ_noqrc has 0 polygons
2026-08-20 16:59:57 +0000: Memory Usage (133064K) : biwind_drw has 0 polygons
2026-08-20 16:59:57 +0000: Memory Usage (133064K) : biwind_OPC has 0 polygons
2026-08-20 16:59:57 +0000: Memory Usage (133064K) : gatpoly_drw has 140 polygons
2026-08-20 16:59:57 +0000: Memory Usage (133064K) : gatpoly_filler has 0 polygons
2026-08-20 16:59:57 +0000: Memory Usage (133064K) : gatpoly has 140 polygons
2026-08-20 16:59:57 +0000: Memory Usage (133064K) : gatpoly_pin has 119 polygons
2026-08-20 16:59:57 +0000: Memory Usage (133064K) : gatpoly_nofill has 2 polygons
2026-08-20 16:59:57 +0000: Memory Usage (133064K) : gatpoly_OPC has 0 polygons
2026-08-20 16:59:57 +0000: Memory Usage (133064K) : gatpoly_iOPC has 0 polygons
2026-08-20 16:59:57 +0000: Memory Usage (133064K) : gatpoly_noqrc has 0 polygons
2026-08-20 16:59:57 +0000: Memory Usage (133192K) : cont_drw has 14577 polygons
2026-08-20 16:59:57 +0000: Memory Usage (133192K) : cont_OPC has 0 polygons
2026-08-20 16:59:57 +0000: Memory Usage (133192K) : nsd_drw has 0 polygons
2026-08-20 16:59:57 +0000: Memory Usage (133320K) : nsd_block has 4 polygons
2026-08-20 16:59:57 +0000: Memory Usage (133320K) : metal1_drw has 1566 polygons
2026-08-20 16:59:57 +0000: Memory Usage (133320K) : metal1_filler has 0 polygons
2026-08-20 16:59:57 +0000: Memory Usage (133448K) : metal1_slit has 0 polygons
2026-08-20 16:59:57 +0000: Memory Usage (133576K) : metal1 has 1566 polygons
2026-08-20 16:59:57 +0000: Memory Usage (133576K) : metal1_pin has 750 polygons
2026-08-20 16:59:57 +0000: Memory Usage (133704K) : metal1_mask has 0 polygons
2026-08-20 16:59:57 +0000: Memory Usage (133704K) : metal1_nofill has 2 polygons
2026-08-20 16:59:57 +0000: Memory Usage (133832K) : metal1_text has 5 polygons
2026-08-20 16:59:57 +0000: Memory Usage (133832K) : metal1_OPC has 0 polygons
2026-08-20 16:59:57 +0000: Memory Usage (133960K) : metal1_noqrc has 0 polygons
2026-08-20 16:59:57 +0000: Memory Usage (133960K) : metal1_res has 0 polygons
2026-08-20 16:59:57 +0000: Memory Usage (133960K) : metal1_iprobe has 0 polygons
2026-08-20 16:59:57 +0000: Memory Usage (134088K) : metal1_diffprb has 0 polygons
2026-08-20 16:59:57 +0000: Memory Usage (134088K) : passiv_drw has 2 polygons
2026-08-20 16:59:57 +0000: Memory Usage (134088K) : passiv_pin has 0 polygons
2026-08-20 16:59:57 +0000: Memory Usage (134216K) : passiv_sbump has 0 polygons
2026-08-20 16:59:57 +0000: Memory Usage (134216K) : passiv_pillar has 0 polygons
2026-08-20 16:59:57 +0000: Memory Usage (134216K) : passiv_pdl has 0 polygons
2026-08-20 16:59:57 +0000: Memory Usage (134344K) : metal2_drw has 586 polygons
2026-08-20 16:59:57 +0000: Memory Usage (134344K) : metal2_filler has 0 polygons
2026-08-20 16:59:57 +0000: Memory Usage (134344K) : metal2_slit has 0 polygons
2026-08-20 16:59:57 +0000: Memory Usage (134472K) : metal2 has 586 polygons
2026-08-20 16:59:57 +0000: Memory Usage (134472K) : metal2_pin has 10 polygons
2026-08-20 16:59:57 +0000: Memory Usage (134472K) : metal2_mask has 0 polygons
2026-08-20 16:59:57 +0000: Memory Usage (134472K) : metal2_nofill has 2 polygons
2026-08-20 16:59:57 +0000: Memory Usage (134600K) : metal2_text has 3 polygons
2026-08-20 16:59:57 +0000: Memory Usage (134600K) : metal2_OPC has 0 polygons
2026-08-20 16:59:57 +0000: Memory Usage (134600K) : metal2_noqrc has 0 polygons
2026-08-20 16:59:57 +0000: Memory Usage (134600K) : metal2_res has 0 polygons
2026-08-20 16:59:57 +0000: Memory Usage (134728K) : metal2_iprobe has 0 polygons
2026-08-20 16:59:57 +0000: Memory Usage (134728K) : metal2_diffprb has 0 polygons
2026-08-20 16:59:57 +0000: Memory Usage (134728K) : baspoly_drw has 0 polygons
2026-08-20 16:59:57 +0000: Memory Usage (134728K) : baspoly_pin has 0 polygons
2026-08-20 16:59:57 +0000: Memory Usage (134856K) : psd_drw has 515 polygons
2026-08-20 16:59:57 +0000: Memory Usage (134856K) : nldb_drw has 0 polygons
2026-08-20 16:59:57 +0000: Memory Usage (134856K) : digibnd_drw has 0 polygons
2026-08-20 16:59:57 +0000: Memory Usage (134856K) : via1_drw has 7666 polygons
2026-08-20 16:59:57 +0000: Memory Usage (134984K) : backmetal1_drw has 0 polygons
2026-08-20 16:59:57 +0000: Memory Usage (134984K) : backmetal1_pin has 0 polygons
2026-08-20 16:59:57 +0000: Memory Usage (134984K) : backmetal1_mask has 0 polygons
2026-08-20 16:59:57 +0000: Memory Usage (134984K) : backmetal1_filler has 0 polygons
2026-08-20 16:59:57 +0000: Memory Usage (135112K) : backmetal1_nofill has 0 polygons
2026-08-20 16:59:57 +0000: Memory Usage (135112K) : backmetal1_slit has 0 polygons
2026-08-20 16:59:57 +0000: Memory Usage (135112K) : backmetal1_text has 0 polygons
2026-08-20 16:59:57 +0000: Memory Usage (135112K) : backmetal1_OPC has 0 polygons
2026-08-20 16:59:57 +0000: Memory Usage (135240K) : backmetal1_noqrc has 0 polygons
2026-08-20 16:59:57 +0000: Memory Usage (135240K) : backmetal1_res has 0 polygons
2026-08-20 16:59:57 +0000: Memory Usage (135240K) : backmetal1_iprobe has 0 polygons
2026-08-20 16:59:57 +0000: Memory Usage (135240K) : backmetal1_diffprb has 0 polygons
2026-08-20 16:59:57 +0000: Memory Usage (135368K) : backpassiv_drw has 0 polygons
2026-08-20 16:59:57 +0000: Memory Usage (135368K) : res_drw has 2 polygons
2026-08-20 16:59:57 +0000: Memory Usage (135368K) : sram_drw has 0 polygons
2026-08-20 16:59:57 +0000: Memory Usage (135496K) : trans_drw has 2 polygons
2026-08-20 16:59:57 +0000: Memory Usage (135496K) : ind_drw has 2 polygons
2026-08-20 16:59:57 +0000: Memory Usage (135496K) : ind_pin has 4 polygons
2026-08-20 16:59:57 +0000: Memory Usage (135496K) : ind_text has 4 polygons
2026-08-20 16:59:57 +0000: Memory Usage (135624K) : salblock_drw has 12 polygons
2026-08-20 16:59:57 +0000: Memory Usage (135624K) : via2_drw has 853 polygons
2026-08-20 16:59:57 +0000: Memory Usage (135624K) : metal3_drw has 77 polygons
2026-08-20 16:59:57 +0000: Memory Usage (135752K) : metal3_filler has 0 polygons
2026-08-20 16:59:57 +0000: Memory Usage (135752K) : metal3_slit has 0 polygons
2026-08-20 16:59:57 +0000: Memory Usage (135752K) : metal3 has 77 polygons
2026-08-20 16:59:57 +0000: Memory Usage (135752K) : metal3_pin has 2 polygons
2026-08-20 16:59:57 +0000: Memory Usage (135752K) : metal3_mask has 0 polygons
2026-08-20 16:59:57 +0000: Memory Usage (135752K) : metal3_nofill has 2 polygons
2026-08-20 16:59:57 +0000: Memory Usage (135752K) : metal3_text has 0 polygons
2026-08-20 16:59:57 +0000: Memory Usage (135752K) : metal3_OPC has 0 polygons
2026-08-20 16:59:57 +0000: Memory Usage (135752K) : metal3_noqrc has 0 polygons
2026-08-20 16:59:57 +0000: Memory Usage (135752K) : metal3_res has 0 polygons
2026-08-20 16:59:57 +0000: Memory Usage (135752K) : metal3_iprobe has 0 polygons
2026-08-20 16:59:57 +0000: Memory Usage (135752K) : metal3_diffprb has 0 polygons
2026-08-20 16:59:57 +0000: Memory Usage (135752K) : nwell_drw has 14 polygons
2026-08-20 16:59:57 +0000: Memory Usage (135752K) : nwell_pin has 0 polygons
2026-08-20 16:59:57 +0000: Memory Usage (135752K) : nwell_text has 0 polygons
2026-08-20 16:59:57 +0000: Memory Usage (135752K) : nbulay_drw has 1 polygons
2026-08-20 16:59:57 +0000: Memory Usage (135880K) : nbulay_pin has 0 polygons
2026-08-20 16:59:57 +0000: Memory Usage (135880K) : nbulay_block has 0 polygons
2026-08-20 16:59:57 +0000: Memory Usage (135880K) : emwind_drw has 4 polygons
2026-08-20 16:59:57 +0000: Memory Usage (135880K) : emwind_OPC has 0 polygons
2026-08-20 16:59:57 +0000: Memory Usage (135880K) : deepco_drw has 0 polygons
2026-08-20 16:59:57 +0000: Memory Usage (136008K) : mim_drw has 0 polygons
2026-08-20 16:59:57 +0000: Memory Usage (136008K) : edgeseal_drw has 0 polygons
2026-08-20 16:59:57 +0000: Memory Usage (136008K) : substrate_drw has 500 polygons
2026-08-20 16:59:57 +0000: Memory Usage (136008K) : substrate_text has 0 polygons
2026-08-20 16:59:57 +0000: Memory Usage (136008K) : dfpad_drw has 2 polygons
2026-08-20 16:59:57 +0000: Memory Usage (136008K) : dfpad_pillar has 0 polygons
2026-08-20 16:59:57 +0000: Memory Usage (136136K) : dfpad_sbump has 0 polygons
2026-08-20 16:59:57 +0000: Memory Usage (136136K) : thickgateox_drw has 1 polygons
2026-08-20 16:59:57 +0000: Memory Usage (136136K) : pldb_drw has 0 polygons
2026-08-20 16:59:57 +0000: Memory Usage (136136K) : pwell_drw has 0 polygons
2026-08-20 16:59:57 +0000: Memory Usage (136136K) : pwell_pin has 0 polygons
2026-08-20 16:59:57 +0000: Memory Usage (136264K) : pwell_block has 2 polygons
2026-08-20 16:59:57 +0000: Memory Usage (136264K) : ic_drw has 0 polygons
2026-08-20 16:59:57 +0000: Memory Usage (136264K) : via3_drw has 1047 polygons
2026-08-20 16:59:57 +0000: Memory Usage (136264K) : metal4_drw has 32 polygons
2026-08-20 16:59:57 +0000: Memory Usage (136264K) : metal4_filler has 0 polygons
2026-08-20 16:59:57 +0000: Memory Usage (136264K) : metal4_slit has 0 polygons
2026-08-20 16:59:57 +0000: Memory Usage (136392K) : metal4 has 32 polygons
2026-08-20 16:59:57 +0000: Memory Usage (136392K) : metal4_pin has 0 polygons
2026-08-20 16:59:57 +0000: Memory Usage (136392K) : metal4_mask has 0 polygons
2026-08-20 16:59:57 +0000: Memory Usage (136392K) : metal4_nofill has 2 polygons
2026-08-20 16:59:57 +0000: Memory Usage (136392K) : metal4_text has 3 polygons
2026-08-20 16:59:57 +0000: Memory Usage (136392K) : metal4_OPC has 0 polygons
2026-08-20 16:59:57 +0000: Memory Usage (136520K) : metal4_noqrc has 0 polygons
2026-08-20 16:59:57 +0000: Memory Usage (136520K) : metal4_res has 0 polygons
2026-08-20 16:59:57 +0000: Memory Usage (136520K) : metal4_iprobe has 0 polygons
2026-08-20 16:59:57 +0000: Memory Usage (136520K) : metal4_diffprb has 0 polygons
2026-08-20 16:59:57 +0000: Memory Usage (136520K) : heattrans_drw has 123 polygons
2026-08-20 16:59:57 +0000: Memory Usage (136520K) : heatres_drw has 2 polygons
2026-08-20 16:59:57 +0000: Memory Usage (136648K) : fbe_drw has 0 polygons
2026-08-20 16:59:57 +0000: Memory Usage (136648K) : empoly_drw has 0 polygons
2026-08-20 16:59:57 +0000: Memory Usage (136648K) : digisub_drw has 0 polygons
2026-08-20 16:59:57 +0000: Memory Usage (136648K) : text_drw has 655 polygons
2026-08-20 16:59:57 +0000: Memory Usage (136648K) : via4_drw has 1041 polygons
2026-08-20 16:59:57 +0000: Memory Usage (136648K) : metal5_drw has 47 polygons
2026-08-20 16:59:57 +0000: Memory Usage (136776K) : metal5_filler has 0 polygons
2026-08-20 16:59:57 +0000: Memory Usage (136776K) : metal5_slit has 0 polygons
2026-08-20 16:59:57 +0000: Memory Usage (136776K) : metal5 has 47 polygons
2026-08-20 16:59:57 +0000: Memory Usage (136776K) : metal5_pin has 0 polygons
2026-08-20 16:59:57 +0000: Memory Usage (136776K) : metal5_mask has 0 polygons
2026-08-20 16:59:57 +0000: Memory Usage (136776K) : metal5_nofill has 2 polygons
2026-08-20 16:59:57 +0000: Memory Usage (136904K) : metal5_text has 0 polygons
2026-08-20 16:59:57 +0000: Memory Usage (136904K) : metal5_OPC has 0 polygons
2026-08-20 16:59:57 +0000: Memory Usage (136904K) : metal5_noqrc has 0 polygons
2026-08-20 16:59:57 +0000: Memory Usage (136904K) : metal5_res has 0 polygons
2026-08-20 16:59:57 +0000: Memory Usage (136904K) : metal5_iprobe has 0 polygons
2026-08-20 16:59:57 +0000: Memory Usage (136904K) : metal5_diffprb has 0 polygons
2026-08-20 16:59:57 +0000: Memory Usage (137032K) : radhard_drw has 0 polygons
2026-08-20 16:59:57 +0000: Memory Usage (137032K) : memcap_drw has 0 polygons
2026-08-20 16:59:57 +0000: Memory Usage (137032K) : varicap_drw has 0 polygons
2026-08-20 16:59:57 +0000: Memory Usage (137032K) : intbondvia_drw has 0 polygons
2026-08-20 16:59:57 +0000: Memory Usage (137160K) : intbondmet_drw has 0 polygons
2026-08-20 16:59:57 +0000: Memory Usage (137160K) : devbondvia_drw has 0 polygons
2026-08-20 16:59:57 +0000: Memory Usage (137160K) : devbondmet_drw has 0 polygons
2026-08-20 16:59:57 +0000: Memory Usage (137160K) : devtrench_drw has 0 polygons
2026-08-20 16:59:57 +0000: Memory Usage (137160K) : redist_drw has 0 polygons
2026-08-20 16:59:57 +0000: Memory Usage (137288K) : graphbot_drw has 0 polygons
2026-08-20 16:59:57 +0000: Memory Usage (137288K) : graphtop_drw has 0 polygons
2026-08-20 16:59:57 +0000: Memory Usage (137288K) : antvia1_drw has 0 polygons
2026-08-20 16:59:57 +0000: Memory Usage (137288K) : antmetal2_drw has 0 polygons
2026-08-20 16:59:57 +0000: Memory Usage (137288K) : graphcont_drw has 0 polygons
2026-08-20 16:59:57 +0000: Memory Usage (137416K) : siwg_drw has 0 polygons
2026-08-20 16:59:57 +0000: Memory Usage (137416K) : siwg_filler has 0 polygons
2026-08-20 16:59:57 +0000: Memory Usage (137416K) : siwg_nofill has 0 polygons
2026-08-20 16:59:57 +0000: Memory Usage (137416K) : sigrating_drw has 0 polygons
2026-08-20 16:59:57 +0000: Memory Usage (137416K) : singrating_drw has 0 polygons
2026-08-20 16:59:57 +0000: Memory Usage (137416K) : graphpas_drw has 0 polygons
2026-08-20 16:59:57 +0000: Memory Usage (137544K) : emwind3_drw has 0 polygons
2026-08-20 16:59:57 +0000: Memory Usage (137544K) : emwihv3_drw has 0 polygons
2026-08-20 16:59:57 +0000: Memory Usage (137544K) : redbulay_drw has 0 polygons
2026-08-20 16:59:57 +0000: Memory Usage (137544K) : smos_drw has 0 polygons
2026-08-20 16:59:57 +0000: Memory Usage (137544K) : graphpad_drw has 0 polygons
2026-08-20 16:59:57 +0000: Memory Usage (137544K) : polimide_drw has 0 polygons
2026-08-20 16:59:57 +0000: Memory Usage (137672K) : polimide_pin has 0 polygons
2026-08-20 16:59:57 +0000: Memory Usage (137672K) : recog_drw has 1 polygons
2026-08-20 16:59:57 +0000: Memory Usage (137672K) : recog_pin has 0 polygons
2026-08-20 16:59:57 +0000: Memory Usage (137672K) : recog_esd has 5 polygons
2026-08-20 16:59:57 +0000: Memory Usage (137800K) : recog_diode has 0 polygons
2026-08-20 16:59:57 +0000: Memory Usage (137800K) : recog_tsv has 0 polygons
2026-08-20 16:59:57 +0000: Memory Usage (137800K) : recog_iprobe has 0 polygons
2026-08-20 16:59:57 +0000: Memory Usage (137800K) : recog_diffprb has 0 polygons
2026-08-20 16:59:57 +0000: Memory Usage (137928K) : recog_pillar has 0 polygons
2026-08-20 16:59:57 +0000: Memory Usage (137928K) : recog_sbump has 0 polygons
2026-08-20 16:59:57 +0000: Memory Usage (137928K) : recog_otp has 0 polygons
2026-08-20 16:59:57 +0000: Memory Usage (137928K) : recog_pdiode has 0 polygons
2026-08-20 16:59:57 +0000: Memory Usage (138056K) : recog_mom has 0 polygons
2026-08-20 16:59:57 +0000: Memory Usage (138056K) : recog_momf has 0 polygons
2026-08-20 16:59:57 +0000: Memory Usage (138056K) : recog_pcm has 0 polygons
2026-08-20 16:59:57 +0000: Memory Usage (138056K) : colopen_drw has 0 polygons
2026-08-20 16:59:57 +0000: Memory Usage (138184K) : graphmetal1_drw has 0 polygons
2026-08-20 16:59:57 +0000: Memory Usage (138184K) : graphmetal1_filler has 0 polygons
2026-08-20 16:59:57 +0000: Memory Usage (138184K) : graphmetal1_nofill has 0 polygons
2026-08-20 16:59:57 +0000: Memory Usage (138184K) : graphmetal1_slit has 0 polygons
2026-08-20 16:59:57 +0000: Memory Usage (138312K) : graphmetal1_OPC has 0 polygons
2026-08-20 16:59:57 +0000: Memory Usage (138312K) : graphmet1l_drw has 0 polygons
2026-08-20 16:59:57 +0000: Memory Usage (138312K) : graphmet1l_filler has 0 polygons
2026-08-20 16:59:57 +0000: Memory Usage (138312K) : graphmet1l_nofill has 0 polygons
2026-08-20 16:59:57 +0000: Memory Usage (138440K) : graphmet1l_slit has 0 polygons
2026-08-20 16:59:57 +0000: Memory Usage (138440K) : graphmet1l_OPC has 0 polygons
2026-08-20 16:59:57 +0000: Memory Usage (138440K) : extblock_drw has 6 polygons
2026-08-20 16:59:57 +0000: Memory Usage (138440K) : nldd_drw has 0 polygons
2026-08-20 16:59:57 +0000: Memory Usage (138568K) : pldd_drw has 0 polygons
2026-08-20 16:59:57 +0000: Memory Usage (138568K) : next_drw has 0 polygons
2026-08-20 16:59:57 +0000: Memory Usage (138568K) : pext_drw has 0 polygons
2026-08-20 16:59:57 +0000: Memory Usage (138568K) : nexthv_drw has 0 polygons
2026-08-20 16:59:57 +0000: Memory Usage (138568K) : pexthv_drw has 0 polygons
2026-08-20 16:59:57 +0000: Memory Usage (138568K) : graphgate_drw has 0 polygons
2026-08-20 16:59:57 +0000: Memory Usage (138696K) : sinwg_drw has 0 polygons
2026-08-20 16:59:57 +0000: Memory Usage (138696K) : sinwg_filler has 0 polygons
2026-08-20 16:59:57 +0000: Memory Usage (138696K) : sinwg_nofill has 0 polygons
2026-08-20 16:59:57 +0000: Memory Usage (138696K) : mempad_drw has 0 polygons
2026-08-20 16:59:57 +0000: Memory Usage (138696K) : topvia1_drw has 486 polygons
2026-08-20 16:59:57 +0000: Memory Usage (138824K) : topmetal1_drw has 57 polygons
2026-08-20 16:59:57 +0000: Memory Usage (138824K) : topmetal1_filler has 0 polygons
2026-08-20 16:59:57 +0000: Memory Usage (138824K) : topmetal1_slit has 0 polygons
2026-08-20 16:59:57 +0000: Memory Usage (138824K) : topmetal1 has 57 polygons
2026-08-20 16:59:57 +0000: Memory Usage (138824K) : topmetal1_pin has 0 polygons
2026-08-20 16:59:57 +0000: Memory Usage (138952K) : topmetal1_mask has 0 polygons
2026-08-20 16:59:57 +0000: Memory Usage (138952K) : topmetal1_nofill has 2 polygons
2026-08-20 16:59:57 +0000: Memory Usage (138952K) : topmetal1_text has 0 polygons
2026-08-20 16:59:57 +0000: Memory Usage (138952K) : topmetal1_noqrc has 0 polygons
2026-08-20 16:59:57 +0000: Memory Usage (138952K) : topmetal1_res has 0 polygons
2026-08-20 16:59:57 +0000: Memory Usage (139080K) : topmetal1_iprobe has 0 polygons
2026-08-20 16:59:57 +0000: Memory Usage (139080K) : topmetal1_diffprb has 0 polygons
2026-08-20 16:59:57 +0000: Memory Usage (139080K) : inldpwl_drw has 0 polygons
2026-08-20 16:59:57 +0000: Memory Usage (139080K) : polyres_drw has 2 polygons
2026-08-20 16:59:57 +0000: Memory Usage (139208K) : polyres_pin has 0 polygons
2026-08-20 16:59:57 +0000: Memory Usage (139208K) : vmim_drw has 0 polygons
2026-08-20 16:59:57 +0000: Memory Usage (139208K) : nbulaycut_drw has 0 polygons
2026-08-20 16:59:57 +0000: Memory Usage (139208K) : antmetal1_drw has 0 polygons
2026-08-20 16:59:57 +0000: Memory Usage (139336K) : topvia2_drw has 232 polygons
2026-08-20 16:59:57 +0000: Memory Usage (139464K) : topmetal2_drw has 64 polygons
2026-08-20 16:59:57 +0000: Memory Usage (139592K) : topmetal2_filler has 0 polygons
2026-08-20 16:59:57 +0000: Memory Usage (139592K) : topmetal2_slit has 0 polygons
2026-08-20 16:59:57 +0000: Memory Usage (139592K) : topmetal2 has 64 polygons
2026-08-20 16:59:57 +0000: Memory Usage (139720K) : topmetal2_pin has 4 polygons
2026-08-20 16:59:57 +0000: Memory Usage (139720K) : topmetal2_mask has 0 polygons
2026-08-20 16:59:57 +0000: Memory Usage (139720K) : topmetal2_nofill has 2 polygons
2026-08-20 16:59:57 +0000: Memory Usage (139720K) : topmetal2_text has 8 polygons
2026-08-20 16:59:57 +0000: Memory Usage (139848K) : topmetal2_noqrc has 0 polygons
2026-08-20 16:59:57 +0000: Memory Usage (139848K) : topmetal2_res has 0 polygons
2026-08-20 16:59:57 +0000: Memory Usage (139848K) : topmetal2_iprobe has 0 polygons
2026-08-20 16:59:57 +0000: Memory Usage (139848K) : topmetal2_diffprb has 0 polygons
2026-08-20 16:59:57 +0000: Memory Usage (139976K) : snsring_drw has 0 polygons
2026-08-20 16:59:57 +0000: Memory Usage (139976K) : sensor_drw has 0 polygons
2026-08-20 16:59:57 +0000: Memory Usage (139976K) : snsarms_drw has 0 polygons
2026-08-20 16:59:57 +0000: Memory Usage (140104K) : snscmosvia_drw has 0 polygons
2026-08-20 16:59:57 +0000: Memory Usage (140104K) : colwind_drw has 0 polygons
2026-08-20 16:59:57 +0000: Memory Usage (140232K) : flm_drw has 0 polygons
2026-08-20 16:59:57 +0000: Memory Usage (140232K) : hafniumox_drw has 0 polygons
2026-08-20 16:59:57 +0000: Memory Usage (140232K) : memvia_drw has 0 polygons
2026-08-20 16:59:57 +0000: Memory Usage (140360K) : thinfilmres_drw has 0 polygons
2026-08-20 16:59:57 +0000: Memory Usage (140360K) : rfmem_drw has 0 polygons
2026-08-20 16:59:57 +0000: Memory Usage (140360K) : norcx_drw has 2 polygons
2026-08-20 16:59:57 +0000: Memory Usage (140360K) : norcx_m2m3 has 0 polygons
2026-08-20 16:59:57 +0000: Memory Usage (140360K) : norcx_m2m4 has 0 polygons
2026-08-20 16:59:57 +0000: Memory Usage (140360K) : norcx_m2m5 has 0 polygons
2026-08-20 16:59:57 +0000: Memory Usage (140360K) : norcx_m2tm1 has 0 polygons
2026-08-20 16:59:57 +0000: Memory Usage (140360K) : norcx_m2tm2 has 0 polygons
2026-08-20 16:59:57 +0000: Memory Usage (140360K) : norcx_m3m4 has 0 polygons
2026-08-20 16:59:57 +0000: Memory Usage (140360K) : norcx_m3m5 has 0 polygons
2026-08-20 16:59:57 +0000: Memory Usage (140360K) : norcx_m3tm1 has 0 polygons
2026-08-20 16:59:57 +0000: Memory Usage (140360K) : norcx_m3tm2 has 0 polygons
2026-08-20 16:59:57 +0000: Memory Usage (140360K) : norcx_m4m5 has 0 polygons
2026-08-20 16:59:57 +0000: Memory Usage (140360K) : norcx_m4tm1 has 0 polygons
2026-08-20 16:59:57 +0000: Memory Usage (140360K) : norcx_m4tm2 has 0 polygons
2026-08-20 16:59:57 +0000: Memory Usage (140360K) : norcx_m5tm1 has 0 polygons
2026-08-20 16:59:57 +0000: Memory Usage (140360K) : norcx_m5tm2 has 0 polygons
2026-08-20 16:59:57 +0000: Memory Usage (140360K) : norcx_tm1tm2 has 0 polygons
2026-08-20 16:59:57 +0000: Memory Usage (140360K) : norcx_m1sub has 0 polygons
2026-08-20 16:59:57 +0000: Memory Usage (140360K) : norcx_m2sub has 0 polygons
2026-08-20 16:59:57 +0000: Memory Usage (140360K) : norcx_m3sub has 0 polygons
2026-08-20 16:59:57 +0000: Memory Usage (140360K) : norcx_m4sub has 0 polygons
2026-08-20 16:59:57 +0000: Memory Usage (140360K) : norcx_m5sub has 0 polygons
2026-08-20 16:59:57 +0000: Memory Usage (140360K) : norcx_tm1sub has 0 polygons
2026-08-20 16:59:57 +0000: Memory Usage (140360K) : norcx_tm2sub has 0 polygons
2026-08-20 16:59:57 +0000: Memory Usage (140360K) : snsbotvia_drw has 0 polygons
2026-08-20 16:59:57 +0000: Memory Usage (140360K) : snstopvia_drw has 0 polygons
2026-08-20 16:59:57 +0000: Memory Usage (140360K) : deepvia_drw has 0 polygons
2026-08-20 16:59:57 +0000: Memory Usage (140360K) : fgetch_drw has 0 polygons
2026-08-20 16:59:57 +0000: Memory Usage (140360K) : ctrgat_drw has 0 polygons
2026-08-20 16:59:57 +0000: Memory Usage (140360K) : fgimp_drw has 0 polygons
2026-08-20 16:59:57 +0000: Memory Usage (140360K) : emwihv_drw has 0 polygons
2026-08-20 16:59:57 +0000: Memory Usage (140360K) : lbe_drw has 2 polygons
2026-08-20 16:59:57 +0000: Memory Usage (140360K) : alcustop_drw has 0 polygons
2026-08-20 16:59:57 +0000: Memory Usage (140360K) : nometfiller_drw has 0 polygons
2026-08-20 16:59:57 +0000: Memory Usage (140360K) : prboundary_drw has 0 polygons
2026-08-20 16:59:57 +0000: Memory Usage (140360K) : exchange0_drw has 0 polygons
2026-08-20 16:59:57 +0000: Memory Usage (140360K) : exchange0_pin has 0 polygons
2026-08-20 16:59:57 +0000: Memory Usage (140360K) : exchange0_text has 0 polygons
2026-08-20 16:59:57 +0000: Memory Usage (140360K) : exchange1_drw has 0 polygons
2026-08-20 16:59:57 +0000: Memory Usage (140360K) : exchange1_pin has 0 polygons
2026-08-20 16:59:57 +0000: Memory Usage (140360K) : exchange1_text has 0 polygons
2026-08-20 16:59:57 +0000: Memory Usage (140360K) : exchange2_drw has 0 polygons
2026-08-20 16:59:57 +0000: Memory Usage (140360K) : exchange2_pin has 0 polygons
2026-08-20 16:59:57 +0000: Memory Usage (140360K) : exchange2_text has 0 polygons
2026-08-20 16:59:57 +0000: Memory Usage (140360K) : exchange3_drw has 0 polygons
2026-08-20 16:59:57 +0000: Memory Usage (140360K) : exchange3_pin has 0 polygons
2026-08-20 16:59:57 +0000: Memory Usage (140360K) : exchange3_text has 0 polygons
2026-08-20 16:59:57 +0000: Memory Usage (140360K) : exchange4_drw has 0 polygons
2026-08-20 16:59:57 +0000: Memory Usage (140360K) : exchange4_pin has 0 polygons
2026-08-20 16:59:57 +0000: Memory Usage (140360K) : exchange4_text has 0 polygons
2026-08-20 16:59:57 +0000: Memory Usage (140360K) : isonwell_drw has 0 polygons
2026-08-20 16:59:57 +0000: Memory Usage (140360K) : Total no. of polygons in the design is 32165
2026-08-20 16:59:57 +0000: Memory Usage (140360K) : Starting base layers derivations
2026-08-20 16:59:57 +0000: Memory Usage (140360K) : Starting general LVS derivations
2026-08-20 16:59:57 +0000: Memory Usage (144652K) : Starting MOSFET DERIVATIONS
2026-08-20 16:59:57 +0000: Memory Usage (145420K) : Starting NMOS DERIVATIONS
2026-08-20 16:59:57 +0000: Memory Usage (145420K) : Starting PMOS DERIVATIONS
2026-08-20 16:59:57 +0000: Memory Usage (145420K) : Starting RF-MOSFET DERIVATIONS
2026-08-20 16:59:57 +0000: Memory Usage (145420K) : Starting RF-NMOS DERIVATIONS
2026-08-20 16:59:57 +0000: Memory Usage (145420K) : Starting RF-PMOS DERIVATIONS
2026-08-20 16:59:57 +0000: Memory Usage (145420K) : Starting BJT DERIVATIONS
2026-08-20 16:59:57 +0000: Memory Usage (145420K) : Starting NPN-BJT DERIVATIONS
2026-08-20 16:59:57 +0000: Memory Usage (145548K) : Starting PNP-BJT DERIVATIONS
2026-08-20 16:59:57 +0000: Memory Usage (145548K) : Starting DIODE DERIVATIONS
2026-08-20 16:59:58 +0000: Memory Usage (145548K) : Starting RESISTOR DERIVATIONS
2026-08-20 16:59:58 +0000: Memory Usage (145548K) : Starting CAP DERIVATIONS
2026-08-20 16:59:58 +0000: Memory Usage (145548K) : Starting CAP_CMOM DERIVATIONS
2026-08-20 16:59:58 +0000: Memory Usage (145548K) : Starting CAP_CMOMF DERIVATIONS
2026-08-20 16:59:58 +0000: Memory Usage (145548K) : Starting ESD DERIVATIONS
2026-08-20 16:59:59 +0000: Memory Usage (145804K) : Starting Inductor DERIVATIONS
2026-08-20 16:59:59 +0000: Memory Usage (145804K) : Starting Taps DERIVATIONS
2026-08-20 17:00:00 +0000: Memory Usage (145804K) : Starting SG13G2 LVS connectivity setup
2026-08-20 17:00:00 +0000: Memory Usage (145804K) : Starting SG13G2 LVS connectivity setup (Inter-layer)
2026-08-20 17:00:00 +0000: Memory Usage (145932K) : Starting SG13G2 LVS connectivity setup (Global)
2026-08-20 17:00:00 +0000: Memory Usage (145932K) : Starting LVS MOSFET CONNECTIONS
2026-08-20 17:00:00 +0000: Memory Usage (145932K) : Starting LVS RF-MOSFET CONNECTIONS
2026-08-20 17:00:00 +0000: Memory Usage (145932K) : Starting LVS BJT CONNECTIONS
2026-08-20 17:00:00 +0000: Memory Usage (145932K) : Starting LVS DIODE CONNECTIONS
2026-08-20 17:00:00 +0000: Memory Usage (145932K) : Starting RESISTOR CONNECTIONS
2026-08-20 17:00:00 +0000: Memory Usage (145932K) : Starting LVS CAP CONNECTIONS
2026-08-20 17:00:00 +0000: Memory Usage (145932K) : Starting CAP_CMOM CONNECTIONS
2026-08-20 17:00:00 +0000: Memory Usage (145932K) : Starting CAP_CMOMF CONNECTIONS
2026-08-20 17:00:00 +0000: Memory Usage (145932K) : Starting ESD CONNECTIONS
2026-08-20 17:00:00 +0000: Memory Usage (145932K) : Starting Inductor CONNECTIONS
2026-08-20 17:00:00 +0000: Memory Usage (145932K) : Starting LVS Taps CONNECTIONS
2026-08-20 17:00:00 +0000: Memory Usage (145932K) : Starting SG13G2 LVS DEVICES EXTRACTION
2026-08-20 17:00:00 +0000: Memory Usage (145932K) : Starting MOSFET EXTRACTION
2026-08-20 17:00:00 +0000: Memory Usage (145932K) : Starting NMOS EXTRACTION
2026-08-20 17:00:00 +0000: Memory Usage (145932K) : Extraction of NMOS-LV transistor
2026-08-20 17:00:00 +0000: Memory Usage (145932K) : Extraction of NMOS-HV transistor
2026-08-20 17:00:00 +0000: Memory Usage (145932K) : Starting PMOS EXTRACTION
2026-08-20 17:00:00 +0000: Memory Usage (145932K) : Extraction of PMOS-LV transistor
2026-08-20 17:00:00 +0000: Memory Usage (145932K) : Extraction of PMOS-HV transistor
2026-08-20 17:00:00 +0000: Memory Usage (145932K) : Starting RF-MOSFET EXTRACTION
2026-08-20 17:00:00 +0000: Memory Usage (145932K) : Extraction of RF-NMOS-LV transistor
2026-08-20 17:00:00 +0000: Memory Usage (145932K) : Extraction of RF-NMOS-HV transistor
2026-08-20 17:00:00 +0000: Memory Usage (145932K) : Extraction of RF-PMOS-LV transistor
2026-08-20 17:00:00 +0000: Memory Usage (145932K) : Extraction of RF-PMOS-HV transistor
2026-08-20 17:00:00 +0000: Memory Usage (145932K) : Starting BJT EXTRACTION
2026-08-20 17:00:00 +0000: Memory Usage (145932K) : Starting NPN-BJT EXTRACTION
2026-08-20 17:00:00 +0000: Memory Usage (145932K) : Extraction of npn13G2 BJT transistor
2026-08-20 17:00:00 +0000: Memory Usage (145932K) : Extraction of npn13G2L BJT transistor
2026-08-20 17:00:00 +0000: Memory Usage (145932K) : Extraction of npn13G2V BJT transistor
2026-08-20 17:00:00 +0000: Memory Usage (145932K) : Starting PNP-BJT EXTRACTION
2026-08-20 17:00:00 +0000: Memory Usage (145932K) : Extracting pnpMPA BJT
2026-08-20 17:00:00 +0000: Memory Usage (145932K) : Starting DIODE EXTRACTION
2026-08-20 17:00:00 +0000: Memory Usage (145932K) : Extracting dantenna diode
2026-08-20 17:00:00 +0000: Memory Usage (145932K) : Extracting dpantenna diode
2026-08-20 17:00:00 +0000: Memory Usage (145932K) : Extracting schottky_nbl1 diode
2026-08-20 17:00:00 +0000: Memory Usage (145932K) : Extracting isolbox diode
2026-08-20 17:00:00 +0000: Memory Usage (145932K) : Starting RESISTOR EXTRACTION
2026-08-20 17:00:00 +0000: Memory Usage (145932K) : Extracting rsil resistor
2026-08-20 17:00:00 +0000: Memory Usage (145932K) : Extracting rppd resistor
2026-08-20 17:00:00 +0000: Memory Usage (145932K) : Extracting rhigh resistor
2026-08-20 17:00:00 +0000: Memory Usage (145932K) : Extracting res_metal1 resistor
2026-08-20 17:00:00 +0000: Memory Usage (145932K) : Extracting res_metal2 resistor
2026-08-20 17:00:00 +0000: Memory Usage (145932K) : Extracting res_metal3 resistor
2026-08-20 17:00:00 +0000: Memory Usage (145932K) : Extracting res_metal4 resistor
2026-08-20 17:00:00 +0000: Memory Usage (145932K) : Extracting res_metal5 resistor
2026-08-20 17:00:00 +0000: Memory Usage (145932K) : Extracting res_topmetal1 resistor
2026-08-20 17:00:00 +0000: Memory Usage (145932K) : Extracting res_topmetal2 resistor
2026-08-20 17:00:00 +0000: Memory Usage (145932K) : Starting CAP EXTRACTION
2026-08-20 17:00:00 +0000: Memory Usage (145932K) : Extracting cap_cmim device
2026-08-20 17:00:00 +0000: Memory Usage (145932K) : Extracting rfcmim device
2026-08-20 17:00:00 +0000: Memory Usage (145932K) : Extracting sg13_hv_svaricap varactor
2026-08-20 17:00:00 +0000: Memory Usage (145932K) : Extracting cap_cmomi device
2026-08-20 17:00:00 +0000: Memory Usage (145932K) : Extracting cap_cmomf device
2026-08-20 17:00:00 +0000: Memory Usage (145932K) : Extracting sg13_moscap_n capacitor
2026-08-20 17:00:00 +0000: Memory Usage (145932K) : Extracting sg13_moscap_p capacitor
2026-08-20 17:00:00 +0000: Memory Usage (145932K) : Starting ESD EXTRACTION
2026-08-20 17:00:00 +0000: Memory Usage (145932K) : Extracting diodevdd_2kv ESD device
2026-08-20 17:00:00 +0000: Memory Usage (145932K) : Extracting diodevdd_4kv ESD device
2026-08-20 17:00:00 +0000: Memory Usage (145932K) : Extracting diodevss_2kv ESD device
2026-08-20 17:00:00 +0000: Memory Usage (146060K) : Extracting diodevss_4kv ESD device
2026-08-20 17:00:00 +0000: Memory Usage (146060K) : Extracting idiodevdd_2kv ESD device
2026-08-20 17:00:00 +0000: Memory Usage (146060K) : Extracting idiodevdd_4kv ESD device
2026-08-20 17:00:00 +0000: Memory Usage (146060K) : Extracting idiodevss_2kv ESD device
2026-08-20 17:00:00 +0000: Memory Usage (146060K) : Extracting idiodevss_4kv ESD device
2026-08-20 17:00:00 +0000: Memory Usage (146060K) : Extracting nmoscl_2 ESD device
2026-08-20 17:00:00 +0000: Memory Usage (146060K) : Extracting nmoscl_4 ESD device
2026-08-20 17:00:00 +0000: Memory Usage (146060K) : Starting Inductor EXTRACTION
2026-08-20 17:00:00 +0000: Memory Usage (146060K) : Extracting Inductor2 device
2026-08-20 17:00:00 +0000: Memory Usage (146188K) : Extracting Inductor3 device
2026-08-20 17:00:00 +0000: Memory Usage (146188K) : Starting Taps EXTRACTION
2026-08-20 17:00:00 +0000: Memory Usage (146188K) : DISABLE_TAP_EXTRACTION is enabled: skipping ntap1/ptap1 device extraction.
2026-08-20 17:00:00 +0000: Memory Usage (146188K) : Starting SG13G2 LVS RF MOS Model Mapping
2026-08-20 17:00:00 +0000: Memory Usage (146316K) : [layout_netlist] Apply RF MOS model mapping and rfmode parameter.
2026-08-20 17:00:00 +0000: Memory Usage (146316K) : Starting SG13G2 LVS Options Preparations
2026-08-20 17:00:00 +0000: Memory Usage (146316K) : SG13G2 LVS flow: extraction -> alignment -> option preparation -> comparison.
2026-08-20 17:00:00 +0000: Memory Usage (146316K) : Starting SG13G2 LVS Alignment
2026-08-20 17:00:00 +0000: Memory Usage (146316K) : Starting SG13G2 LVS Simplification
2026-08-20 17:00:00 +0000: Memory Usage (146316K) : [layout_netlist] simplify: ENABLED
2026-08-20 17:00:00 +0000: Memory Usage (146316K) : [layout_netlist] make_top_level_pins: SKIPPED
2026-08-20 17:00:00 +0000: Memory Usage (146316K) : [layout_netlist] combine_devices: SKIPPED
2026-08-20 17:00:00 +0000: Memory Usage (146316K) : [layout_netlist] purge: SKIPPED
2026-08-20 17:00:00 +0000: Memory Usage (146316K) : [layout_netlist] purge_nets: SKIPPED
2026-08-20 17:00:00 +0000: Memory Usage (146316K) : [schematic_netlist] simplify: ENABLED
2026-08-20 17:00:00 +0000: Memory Usage (146316K) : [schematic_netlist] make_top_level_pins: SKIPPED
2026-08-20 17:00:00 +0000: Memory Usage (146316K) : [schematic_netlist] combine_devices: SKIPPED
2026-08-20 17:00:00 +0000: Memory Usage (146316K) : [schematic_netlist] purge: SKIPPED
2026-08-20 17:00:00 +0000: Memory Usage (146316K) : [schematic_netlist] purge_nets: SKIPPED
2026-08-20 17:00:00 +0000: Memory Usage (146316K) : Starting SG13G2 LVS Comparison
2026-08-20 17:00:00 +0000: Memory Usage (146444K) : xxxxxxxxxxxxxxxxxxxxxxxxxxxxxxxxxxxxxxxxxx
2026-08-20 17:00:00 +0000: Memory Usage (146444K) : ERROR : Netlists don't match
2026-08-20 17:00:00 +0000: Memory Usage (146444K) : xxxxxxxxxxxxxxxxxxxxxxxxxxxxxxxxxxxxxxxxxx
2026-08-20 17:00:00 +0000: Memory Usage (146444K) : LVS Total Run time 3.250397 seconds
