# Logfile created on 2026-08-20 17:00:13 +0000 by logger.rb/v1.5.3
2026-08-20 17:00:13 +0000: Memory Usage (128748K) : Starting running SG13G2 Klayout LVS runset on /workspace/layout/blocks/out/driver_stage/bisect_extra2/esd_no_ring/driver_dut.gds
2026-08-20 17:00:13 +0000: Memory Usage (128748K) : Ruby Version for klayout: 3.2.3
2026-08-20 17:00:13 +0000: Memory Usage (129960K) : Loading database to memory is complete.
2026-08-20 17:00:13 +0000: Memory Usage (129960K) : SG13G2 Klayout LVS runset output at: /workspace/layout/blocks/out/driver_stage/bisect_extra2/esd_no_ring/lvs/driver_dut.lvsdb
2026-08-20 17:00:13 +0000: Memory Usage (129960K) : Evaluate switches.
2026-08-20 17:00:13 +0000: Memory Usage (129960K) : Extracted netlist with net names: true
2026-08-20 17:00:13 +0000: Memory Usage (129960K) : Extracted netlist with comments in details: false
2026-08-20 17:00:13 +0000: Memory Usage (129960K) : Selected NET_ONLY option: false
2026-08-20 17:00:13 +0000: Memory Usage (129960K) : Selected LAYOUT_NETLIST option: (none)
2026-08-20 17:00:13 +0000: Memory Usage (129960K) : Selected IGNORE_TOP_PORTS_MISMATCH option: true
2026-08-20 17:00:13 +0000: Memory Usage (129960K) : Selected IMPLICIT_NETS option: sub,sub!
2026-08-20 17:00:13 +0000: Memory Usage (129960K) : Selected TOP_LVL_PINS option: false
2026-08-20 17:00:13 +0000: Memory Usage (129960K) : Selected COMBINE DEVICES option: false
2026-08-20 17:00:13 +0000: Memory Usage (129960K) : Selected PURGE option: false
2026-08-20 17:00:13 +0000: Memory Usage (129960K) : Selected PURGE_NETS option: false
2026-08-20 17:00:13 +0000: Memory Usage (129960K) : Selected SIMPLIFY option: true
2026-08-20 17:00:13 +0000: Memory Usage (129960K) : Selected SERIES_RES option: true
2026-08-20 17:00:13 +0000: Memory Usage (129960K) : Selected PARALLEL_RES option: true
2026-08-20 17:00:13 +0000: Memory Usage (129960K) : Selected DISABLE_TAP_EXTRACTION option: true
2026-08-20 17:00:13 +0000: Memory Usage (129960K) : deep  mode is enabled.
2026-08-20 17:00:13 +0000: Memory Usage (129960K) : Applying implicit connections (case-sensitive, pattern supported) for nets: sub, sub!
2026-08-20 17:00:13 +0000: Memory Usage (131120K) : Netlist file: /workspace/layout/blocks/out/driver_stage/bisect_extra2/esd_no_ring/driver_dut.cdl
2026-08-20 17:00:13 +0000: Memory Usage (131120K) : LVS extracted netlist at: /workspace/layout/blocks/out/driver_stage/bisect_extra2/esd_no_ring/lvs/driver_dut_extracted.cir
2026-08-20 17:00:13 +0000: Memory Usage (131120K) : Applying SRAM integration support.
2026-08-20 17:00:13 +0000: Memory Usage (131120K) : Starting SG13G2 LVS runset
2026-08-20 17:00:13 +0000: Memory Usage (131120K) : Read in polygons from layers.
2026-08-20 17:00:13 +0000: Memory Usage (132480K) : activ_drw has 899 polygons
2026-08-20 17:00:13 +0000: Memory Usage (132568K) : activ_filler has 0 polygons
2026-08-20 17:00:13 +0000: Memory Usage (133080K) : activ has 899 polygons
2026-08-20 17:00:13 +0000: Memory Usage (133080K) : activ_pin has 0 polygons
2026-08-20 17:00:13 +0000: Memory Usage (133080K) : activ_mask has 4 polygons
2026-08-20 17:00:13 +0000: Memory Usage (133080K) : activ_nofill has 2 polygons
2026-08-20 17:00:13 +0000: Memory Usage (133080K) : activ_OPC has 0 polygons
2026-08-20 17:00:13 +0000: Memory Usage (133080K) : activ_iOPC has 0 polygons
2026-08-20 17:00:13 +0000: Memory Usage (133080K) : activ_noqrc has 0 polygons
2026-08-20 17:00:13 +0000: Memory Usage (133080K) : biwind_drw has 0 polygons
2026-08-20 17:00:13 +0000: Memory Usage (133080K) : biwind_OPC has 0 polygons
2026-08-20 17:00:13 +0000: Memory Usage (133080K) : gatpoly_drw has 140 polygons
2026-08-20 17:00:13 +0000: Memory Usage (133080K) : gatpoly_filler has 0 polygons
2026-08-20 17:00:13 +0000: Memory Usage (133080K) : gatpoly has 140 polygons
2026-08-20 17:00:13 +0000: Memory Usage (133080K) : gatpoly_pin has 119 polygons
2026-08-20 17:00:13 +0000: Memory Usage (133080K) : gatpoly_nofill has 2 polygons
2026-08-20 17:00:13 +0000: Memory Usage (133080K) : gatpoly_OPC has 0 polygons
2026-08-20 17:00:13 +0000: Memory Usage (133080K) : gatpoly_iOPC has 0 polygons
2026-08-20 17:00:13 +0000: Memory Usage (133080K) : gatpoly_noqrc has 0 polygons
2026-08-20 17:00:13 +0000: Memory Usage (133208K) : cont_drw has 14577 polygons
2026-08-20 17:00:13 +0000: Memory Usage (133336K) : cont_OPC has 0 polygons
2026-08-20 17:00:13 +0000: Memory Usage (133336K) : nsd_drw has 0 polygons
2026-08-20 17:00:13 +0000: Memory Usage (133336K) : nsd_block has 4 polygons
2026-08-20 17:00:13 +0000: Memory Usage (133336K) : metal1_drw has 1566 polygons
2026-08-20 17:00:13 +0000: Memory Usage (133464K) : metal1_filler has 0 polygons
2026-08-20 17:00:13 +0000: Memory Usage (133464K) : metal1_slit has 0 polygons
2026-08-20 17:00:13 +0000: Memory Usage (133592K) : metal1 has 1566 polygons
2026-08-20 17:00:13 +0000: Memory Usage (133592K) : metal1_pin has 750 polygons
2026-08-20 17:00:13 +0000: Memory Usage (133720K) : metal1_mask has 0 polygons
2026-08-20 17:00:13 +0000: Memory Usage (133720K) : metal1_nofill has 2 polygons
2026-08-20 17:00:13 +0000: Memory Usage (134104K) : metal1_text has 5 polygons
2026-08-20 17:00:13 +0000: Memory Usage (134104K) : metal1_OPC has 0 polygons
2026-08-20 17:00:13 +0000: Memory Usage (134104K) : metal1_noqrc has 0 polygons
2026-08-20 17:00:13 +0000: Memory Usage (134232K) : metal1_res has 0 polygons
2026-08-20 17:00:13 +0000: Memory Usage (134232K) : metal1_iprobe has 0 polygons
2026-08-20 17:00:13 +0000: Memory Usage (134232K) : metal1_diffprb has 0 polygons
2026-08-20 17:00:13 +0000: Memory Usage (134360K) : passiv_drw has 2 polygons
2026-08-20 17:00:13 +0000: Memory Usage (134360K) : passiv_pin has 0 polygons
2026-08-20 17:00:13 +0000: Memory Usage (134360K) : passiv_sbump has 0 polygons
2026-08-20 17:00:13 +0000: Memory Usage (134360K) : passiv_pillar has 0 polygons
2026-08-20 17:00:13 +0000: Memory Usage (134488K) : passiv_pdl has 0 polygons
2026-08-20 17:00:13 +0000: Memory Usage (134488K) : metal2_drw has 594 polygons
2026-08-20 17:00:13 +0000: Memory Usage (134488K) : metal2_filler has 0 polygons
2026-08-20 17:00:13 +0000: Memory Usage (134488K) : metal2_slit has 0 polygons
2026-08-20 17:00:13 +0000: Memory Usage (134616K) : metal2 has 594 polygons
2026-08-20 17:00:13 +0000: Memory Usage (134616K) : metal2_pin has 10 polygons
2026-08-20 17:00:13 +0000: Memory Usage (134616K) : metal2_mask has 0 polygons
2026-08-20 17:00:13 +0000: Memory Usage (134616K) : metal2_nofill has 2 polygons
2026-08-20 17:00:13 +0000: Memory Usage (134744K) : metal2_text has 3 polygons
2026-08-20 17:00:13 +0000: Memory Usage (134744K) : metal2_OPC has 0 polygons
2026-08-20 17:00:13 +0000: Memory Usage (134744K) : metal2_noqrc has 0 polygons
2026-08-20 17:00:13 +0000: Memory Usage (134744K) : metal2_res has 0 polygons
2026-08-20 17:00:13 +0000: Memory Usage (134872K) : metal2_iprobe has 0 polygons
2026-08-20 17:00:13 +0000: Memory Usage (134872K) : metal2_diffprb has 0 polygons
2026-08-20 17:00:13 +0000: Memory Usage (134872K) : baspoly_drw has 0 polygons
2026-08-20 17:00:13 +0000: Memory Usage (135000K) : baspoly_pin has 0 polygons
2026-08-20 17:00:13 +0000: Memory Usage (135000K) : psd_drw has 515 polygons
2026-08-20 17:00:13 +0000: Memory Usage (135000K) : nldb_drw has 0 polygons
2026-08-20 17:00:13 +0000: Memory Usage (135000K) : digibnd_drw has 0 polygons
2026-08-20 17:00:13 +0000: Memory Usage (135128K) : via1_drw has 7666 polygons
2026-08-20 17:00:13 +0000: Memory Usage (135128K) : backmetal1_drw has 0 polygons
2026-08-20 17:00:13 +0000: Memory Usage (135128K) : backmetal1_pin has 0 polygons
2026-08-20 17:00:13 +0000: Memory Usage (135128K) : backmetal1_mask has 0 polygons
2026-08-20 17:00:13 +0000: Memory Usage (135256K) : backmetal1_filler has 0 polygons
2026-08-20 17:00:13 +0000: Memory Usage (135256K) : backmetal1_nofill has 0 polygons
2026-08-20 17:00:13 +0000: Memory Usage (135256K) : backmetal1_slit has 0 polygons
2026-08-20 17:00:13 +0000: Memory Usage (135256K) : backmetal1_text has 0 polygons
2026-08-20 17:00:13 +0000: Memory Usage (135384K) : backmetal1_OPC has 0 polygons
2026-08-20 17:00:13 +0000: Memory Usage (135384K) : backmetal1_noqrc has 0 polygons
2026-08-20 17:00:13 +0000: Memory Usage (135384K) : backmetal1_res has 0 polygons
2026-08-20 17:00:13 +0000: Memory Usage (135384K) : backmetal1_iprobe has 0 polygons
2026-08-20 17:00:13 +0000: Memory Usage (135512K) : backmetal1_diffprb has 0 polygons
2026-08-20 17:00:13 +0000: Memory Usage (135512K) : backpassiv_drw has 0 polygons
2026-08-20 17:00:13 +0000: Memory Usage (135512K) : res_drw has 2 polygons
2026-08-20 17:00:13 +0000: Memory Usage (135640K) : sram_drw has 0 polygons
2026-08-20 17:00:13 +0000: Memory Usage (135640K) : trans_drw has 2 polygons
2026-08-20 17:00:13 +0000: Memory Usage (135640K) : ind_drw has 2 polygons
2026-08-20 17:00:13 +0000: Memory Usage (135640K) : ind_pin has 4 polygons
2026-08-20 17:00:13 +0000: Memory Usage (135640K) : ind_text has 4 polygons
2026-08-20 17:00:13 +0000: Memory Usage (135640K) : salblock_drw has 12 polygons
2026-08-20 17:00:13 +0000: Memory Usage (135640K) : via2_drw has 869 polygons
2026-08-20 17:00:13 +0000: Memory Usage (135640K) : metal3_drw has 81 polygons
2026-08-20 17:00:13 +0000: Memory Usage (135640K) : metal3_filler has 0 polygons
2026-08-20 17:00:13 +0000: Memory Usage (135640K) : metal3_slit has 0 polygons
2026-08-20 17:00:13 +0000: Memory Usage (135768K) : metal3 has 81 polygons
2026-08-20 17:00:13 +0000: Memory Usage (135768K) : metal3_pin has 2 polygons
2026-08-20 17:00:13 +0000: Memory Usage (135768K) : metal3_mask has 0 polygons
2026-08-20 17:00:13 +0000: Memory Usage (135768K) : metal3_nofill has 2 polygons
2026-08-20 17:00:13 +0000: Memory Usage (135768K) : metal3_text has 0 polygons
2026-08-20 17:00:13 +0000: Memory Usage (135768K) : metal3_OPC has 0 polygons
2026-08-20 17:00:13 +0000: Memory Usage (135896K) : metal3_noqrc has 0 polygons
2026-08-20 17:00:13 +0000: Memory Usage (135896K) : metal3_res has 0 polygons
2026-08-20 17:00:13 +0000: Memory Usage (135896K) : metal3_iprobe has 0 polygons
2026-08-20 17:00:13 +0000: Memory Usage (135896K) : metal3_diffprb has 0 polygons
2026-08-20 17:00:13 +0000: Memory Usage (135896K) : nwell_drw has 14 polygons
2026-08-20 17:00:13 +0000: Memory Usage (135896K) : nwell_pin has 0 polygons
2026-08-20 17:00:13 +0000: Memory Usage (136024K) : nwell_text has 0 polygons
2026-08-20 17:00:13 +0000: Memory Usage (136024K) : nbulay_drw has 1 polygons
2026-08-20 17:00:13 +0000: Memory Usage (136024K) : nbulay_pin has 0 polygons
2026-08-20 17:00:13 +0000: Memory Usage (136024K) : nbulay_block has 0 polygons
2026-08-20 17:00:13 +0000: Memory Usage (136024K) : emwind_drw has 4 polygons
2026-08-20 17:00:13 +0000: Memory Usage (136024K) : emwind_OPC has 0 polygons
2026-08-20 17:00:13 +0000: Memory Usage (136152K) : deepco_drw has 0 polygons
2026-08-20 17:00:13 +0000: Memory Usage (136152K) : mim_drw has 0 polygons
2026-08-20 17:00:13 +0000: Memory Usage (136152K) : edgeseal_drw has 0 polygons
2026-08-20 17:00:13 +0000: Memory Usage (136152K) : substrate_drw has 500 polygons
2026-08-20 17:00:13 +0000: Memory Usage (136152K) : substrate_text has 0 polygons
2026-08-20 17:00:13 +0000: Memory Usage (136152K) : dfpad_drw has 2 polygons
2026-08-20 17:00:13 +0000: Memory Usage (136280K) : dfpad_pillar has 0 polygons
2026-08-20 17:00:13 +0000: Memory Usage (136280K) : dfpad_sbump has 0 polygons
2026-08-20 17:00:13 +0000: Memory Usage (136280K) : thickgateox_drw has 1 polygons
2026-08-20 17:00:13 +0000: Memory Usage (136280K) : pldb_drw has 0 polygons
2026-08-20 17:00:13 +0000: Memory Usage (136280K) : pwell_drw has 0 polygons
2026-08-20 17:00:13 +0000: Memory Usage (136280K) : pwell_pin has 0 polygons
2026-08-20 17:00:13 +0000: Memory Usage (136408K) : pwell_block has 2 polygons
2026-08-20 17:00:13 +0000: Memory Usage (136408K) : ic_drw has 0 polygons
2026-08-20 17:00:13 +0000: Memory Usage (136408K) : via3_drw has 1063 polygons
2026-08-20 17:00:13 +0000: Memory Usage (136408K) : metal4_drw has 36 polygons
2026-08-20 17:00:13 +0000: Memory Usage (136536K) : metal4_filler has 0 polygons
2026-08-20 17:00:13 +0000: Memory Usage (136536K) : metal4_slit has 0 polygons
2026-08-20 17:00:13 +0000: Memory Usage (136536K) : metal4 has 36 polygons
2026-08-20 17:00:13 +0000: Memory Usage (136536K) : metal4_pin has 0 polygons
2026-08-20 17:00:13 +0000: Memory Usage (136536K) : metal4_mask has 0 polygons
2026-08-20 17:00:13 +0000: Memory Usage (136664K) : metal4_nofill has 2 polygons
2026-08-20 17:00:13 +0000: Memory Usage (136664K) : metal4_text has 3 polygons
2026-08-20 17:00:13 +0000: Memory Usage (136664K) : metal4_OPC has 0 polygons
2026-08-20 17:00:13 +0000: Memory Usage (136664K) : metal4_noqrc has 0 polygons
2026-08-20 17:00:13 +0000: Memory Usage (136664K) : metal4_res has 0 polygons
2026-08-20 17:00:13 +0000: Memory Usage (136664K) : metal4_iprobe has 0 polygons
2026-08-20 17:00:13 +0000: Memory Usage (136792K) : metal4_diffprb has 0 polygons
2026-08-20 17:00:13 +0000: Memory Usage (136792K) : heattrans_drw has 123 polygons
2026-08-20 17:00:13 +0000: Memory Usage (136792K) : heatres_drw has 2 polygons
2026-08-20 17:00:13 +0000: Memory Usage (136792K) : fbe_drw has 0 polygons
2026-08-20 17:00:13 +0000: Memory Usage (136792K) : empoly_drw has 0 polygons
2026-08-20 17:00:13 +0000: Memory Usage (136920K) : digisub_drw has 0 polygons
2026-08-20 17:00:13 +0000: Memory Usage (136920K) : text_drw has 655 polygons
2026-08-20 17:00:13 +0000: Memory Usage (136920K) : via4_drw has 1057 polygons
2026-08-20 17:00:13 +0000: Memory Usage (136920K) : metal5_drw has 71 polygons
2026-08-20 17:00:13 +0000: Memory Usage (136920K) : metal5_filler has 0 polygons
2026-08-20 17:00:13 +0000: Memory Usage (136920K) : metal5_slit has 0 polygons
2026-08-20 17:00:13 +0000: Memory Usage (137048K) : metal5 has 71 polygons
2026-08-20 17:00:13 +0000: Memory Usage (137048K) : metal5_pin has 0 polygons
2026-08-20 17:00:13 +0000: Memory Usage (137048K) : metal5_mask has 0 polygons
2026-08-20 17:00:13 +0000: Memory Usage (137048K) : metal5_nofill has 2 polygons
2026-08-20 17:00:13 +0000: Memory Usage (137048K) : metal5_text has 0 polygons
2026-08-20 17:00:13 +0000: Memory Usage (137048K) : metal5_OPC has 0 polygons
2026-08-20 17:00:13 +0000: Memory Usage (137176K) : metal5_noqrc has 0 polygons
2026-08-20 17:00:13 +0000: Memory Usage (137176K) : metal5_res has 0 polygons
2026-08-20 17:00:13 +0000: Memory Usage (137176K) : metal5_iprobe has 0 polygons
2026-08-20 17:00:13 +0000: Memory Usage (137176K) : metal5_diffprb has 0 polygons
2026-08-20 17:00:13 +0000: Memory Usage (137304K) : radhard_drw has 0 polygons
2026-08-20 17:00:13 +0000: Memory Usage (137304K) : memcap_drw has 0 polygons
2026-08-20 17:00:13 +0000: Memory Usage (137304K) : varicap_drw has 0 polygons
2026-08-20 17:00:13 +0000: Memory Usage (137304K) : intbondvia_drw has 0 polygons
2026-08-20 17:00:13 +0000: Memory Usage (137432K) : intbondmet_drw has 0 polygons
2026-08-20 17:00:13 +0000: Memory Usage (137432K) : devbondvia_drw has 0 polygons
2026-08-20 17:00:13 +0000: Memory Usage (137432K) : devbondmet_drw has 0 polygons
2026-08-20 17:00:13 +0000: Memory Usage (137432K) : devtrench_drw has 0 polygons
2026-08-20 17:00:13 +0000: Memory Usage (137432K) : redist_drw has 0 polygons
2026-08-20 17:00:13 +0000: Memory Usage (137432K) : graphbot_drw has 0 polygons
2026-08-20 17:00:13 +0000: Memory Usage (137560K) : graphtop_drw has 0 polygons
2026-08-20 17:00:13 +0000: Memory Usage (137560K) : antvia1_drw has 0 polygons
2026-08-20 17:00:13 +0000: Memory Usage (137560K) : antmetal2_drw has 0 polygons
2026-08-20 17:00:13 +0000: Memory Usage (137560K) : graphcont_drw has 0 polygons
2026-08-20 17:00:13 +0000: Memory Usage (137560K) : siwg_drw has 0 polygons
2026-08-20 17:00:13 +0000: Memory Usage (137560K) : siwg_filler has 0 polygons
2026-08-20 17:00:13 +0000: Memory Usage (137688K) : siwg_nofill has 0 polygons
2026-08-20 17:00:13 +0000: Memory Usage (137688K) : sigrating_drw has 0 polygons
2026-08-20 17:00:13 +0000: Memory Usage (137688K) : singrating_drw has 0 polygons
2026-08-20 17:00:13 +0000: Memory Usage (137688K) : graphpas_drw has 0 polygons
2026-08-20 17:00:13 +0000: Memory Usage (137688K) : emwind3_drw has 0 polygons
2026-08-20 17:00:13 +0000: Memory Usage (137816K) : emwihv3_drw has 0 polygons
2026-08-20 17:00:13 +0000: Memory Usage (137816K) : redbulay_drw has 0 polygons
2026-08-20 17:00:13 +0000: Memory Usage (137816K) : smos_drw has 0 polygons
2026-08-20 17:00:13 +0000: Memory Usage (137816K) : graphpad_drw has 0 polygons
2026-08-20 17:00:13 +0000: Memory Usage (137944K) : polimide_drw has 0 polygons
2026-08-20 17:00:13 +0000: Memory Usage (137944K) : polimide_pin has 0 polygons
2026-08-20 17:00:13 +0000: Memory Usage (137944K) : recog_drw has 1 polygons
2026-08-20 17:00:13 +0000: Memory Usage (137944K) : recog_pin has 0 polygons
2026-08-20 17:00:13 +0000: Memory Usage (138072K) : recog_esd has 5 polygons
2026-08-20 17:00:13 +0000: Memory Usage (138072K) : recog_diode has 0 polygons
2026-08-20 17:00:13 +0000: Memory Usage (138072K) : recog_tsv has 0 polygons
2026-08-20 17:00:13 +0000: Memory Usage (138072K) : recog_iprobe has 0 polygons
2026-08-20 17:00:13 +0000: Memory Usage (138200K) : recog_diffprb has 0 polygons
2026-08-20 17:00:13 +0000: Memory Usage (138200K) : recog_pillar has 0 polygons
2026-08-20 17:00:13 +0000: Memory Usage (138200K) : recog_sbump has 0 polygons
2026-08-20 17:00:13 +0000: Memory Usage (138200K) : recog_otp has 0 polygons
2026-08-20 17:00:13 +0000: Memory Usage (138328K) : recog_pdiode has 0 polygons
2026-08-20 17:00:13 +0000: Memory Usage (138328K) : recog_mom has 0 polygons
2026-08-20 17:00:13 +0000: Memory Usage (138328K) : recog_momf has 0 polygons
2026-08-20 17:00:13 +0000: Memory Usage (138328K) : recog_pcm has 0 polygons
2026-08-20 17:00:13 +0000: Memory Usage (138456K) : colopen_drw has 0 polygons
2026-08-20 17:00:13 +0000: Memory Usage (138456K) : graphmetal1_drw has 0 polygons
2026-08-20 17:00:13 +0000: Memory Usage (138456K) : graphmetal1_filler has 0 polygons
2026-08-20 17:00:13 +0000: Memory Usage (138456K) : graphmetal1_nofill has 0 polygons
2026-08-20 17:00:13 +0000: Memory Usage (138456K) : graphmetal1_slit has 0 polygons
2026-08-20 17:00:13 +0000: Memory Usage (138584K) : graphmetal1_OPC has 0 polygons
2026-08-20 17:00:13 +0000: Memory Usage (138584K) : graphmet1l_drw has 0 polygons
2026-08-20 17:00:13 +0000: Memory Usage (138584K) : graphmet1l_filler has 0 polygons
2026-08-20 17:00:13 +0000: Memory Usage (138584K) : graphmet1l_nofill has 0 polygons
2026-08-20 17:00:13 +0000: Memory Usage (138584K) : graphmet1l_slit has 0 polygons
2026-08-20 17:00:13 +0000: Memory Usage (138712K) : graphmet1l_OPC has 0 polygons
2026-08-20 17:00:13 +0000: Memory Usage (138712K) : extblock_drw has 6 polygons
2026-08-20 17:00:13 +0000: Memory Usage (138712K) : nldd_drw has 0 polygons
2026-08-20 17:00:13 +0000: Memory Usage (138712K) : pldd_drw has 0 polygons
2026-08-20 17:00:13 +0000: Memory Usage (138712K) : next_drw has 0 polygons
2026-08-20 17:00:13 +0000: Memory Usage (138840K) : pext_drw has 0 polygons
2026-08-20 17:00:13 +0000: Memory Usage (138840K) : nexthv_drw has 0 polygons
2026-08-20 17:00:13 +0000: Memory Usage (138840K) : pexthv_drw has 0 polygons
2026-08-20 17:00:13 +0000: Memory Usage (138840K) : graphgate_drw has 0 polygons
2026-08-20 17:00:13 +0000: Memory Usage (138840K) : sinwg_drw has 0 polygons
2026-08-20 17:00:13 +0000: Memory Usage (138840K) : sinwg_filler has 0 polygons
2026-08-20 17:00:13 +0000: Memory Usage (138968K) : sinwg_nofill has 0 polygons
2026-08-20 17:00:13 +0000: Memory Usage (138968K) : mempad_drw has 0 polygons
2026-08-20 17:00:13 +0000: Memory Usage (138968K) : topvia1_drw has 490 polygons
2026-08-20 17:00:13 +0000: Memory Usage (138968K) : topmetal1_drw has 63 polygons
2026-08-20 17:00:13 +0000: Memory Usage (138968K) : topmetal1_filler has 0 polygons
2026-08-20 17:00:13 +0000: Memory Usage (139096K) : topmetal1_slit has 0 polygons
2026-08-20 17:00:13 +0000: Memory Usage (139096K) : topmetal1 has 63 polygons
2026-08-20 17:00:13 +0000: Memory Usage (139096K) : topmetal1_pin has 0 polygons
2026-08-20 17:00:13 +0000: Memory Usage (139224K) : topmetal1_mask has 0 polygons
2026-08-20 17:00:13 +0000: Memory Usage (139224K) : topmetal1_nofill has 2 polygons
2026-08-20 17:00:13 +0000: Memory Usage (139224K) : topmetal1_text has 0 polygons
2026-08-20 17:00:13 +0000: Memory Usage (139224K) : topmetal1_noqrc has 0 polygons
2026-08-20 17:00:13 +0000: Memory Usage (139224K) : topmetal1_res has 0 polygons
2026-08-20 17:00:13 +0000: Memory Usage (139352K) : topmetal1_iprobe has 0 polygons
2026-08-20 17:00:13 +0000: Memory Usage (139352K) : topmetal1_diffprb has 0 polygons
2026-08-20 17:00:13 +0000: Memory Usage (139352K) : inldpwl_drw has 0 polygons
2026-08-20 17:00:13 +0000: Memory Usage (139352K) : polyres_drw has 2 polygons
2026-08-20 17:00:13 +0000: Memory Usage (139480K) : polyres_pin has 0 polygons
2026-08-20 17:00:13 +0000: Memory Usage (139480K) : vmim_drw has 0 polygons
2026-08-20 17:00:13 +0000: Memory Usage (139608K) : nbulaycut_drw has 0 polygons
2026-08-20 17:00:13 +0000: Memory Usage (139608K) : antmetal1_drw has 0 polygons
2026-08-20 17:00:13 +0000: Memory Usage (139608K) : topvia2_drw has 236 polygons
2026-08-20 17:00:13 +0000: Memory Usage (139864K) : topmetal2_drw has 72 polygons
2026-08-20 17:00:13 +0000: Memory Usage (139864K) : topmetal2_filler has 0 polygons
2026-08-20 17:00:13 +0000: Memory Usage (139864K) : topmetal2_slit has 0 polygons
2026-08-20 17:00:13 +0000: Memory Usage (139864K) : topmetal2 has 72 polygons
2026-08-20 17:00:13 +0000: Memory Usage (139992K) : topmetal2_pin has 4 polygons
2026-08-20 17:00:13 +0000: Memory Usage (139992K) : topmetal2_mask has 0 polygons
2026-08-20 17:00:13 +0000: Memory Usage (139992K) : topmetal2_nofill has 2 polygons
2026-08-20 17:00:13 +0000: Memory Usage (140120K) : topmetal2_text has 8 polygons
2026-08-20 17:00:13 +0000: Memory Usage (140120K) : topmetal2_noqrc has 0 polygons
2026-08-20 17:00:13 +0000: Memory Usage (140120K) : topmetal2_res has 0 polygons
2026-08-20 17:00:13 +0000: Memory Usage (140248K) : topmetal2_iprobe has 0 polygons
2026-08-20 17:00:13 +0000: Memory Usage (140248K) : topmetal2_diffprb has 0 polygons
2026-08-20 17:00:13 +0000: Memory Usage (140248K) : snsring_drw has 0 polygons
2026-08-20 17:00:13 +0000: Memory Usage (140376K) : sensor_drw has 0 polygons
2026-08-20 17:00:13 +0000: Memory Usage (140376K) : snsarms_drw has 0 polygons
2026-08-20 17:00:13 +0000: Memory Usage (140376K) : snscmosvia_drw has 0 polygons
2026-08-20 17:00:13 +0000: Memory Usage (140504K) : colwind_drw has 0 polygons
2026-08-20 17:00:13 +0000: Memory Usage (140504K) : flm_drw has 0 polygons
2026-08-20 17:00:13 +0000: Memory Usage (140504K) : hafniumox_drw has 0 polygons
2026-08-20 17:00:13 +0000: Memory Usage (140504K) : memvia_drw has 0 polygons
2026-08-20 17:00:13 +0000: Memory Usage (140504K) : thinfilmres_drw has 0 polygons
2026-08-20 17:00:13 +0000: Memory Usage (140504K) : rfmem_drw has 0 polygons
2026-08-20 17:00:13 +0000: Memory Usage (140504K) : norcx_drw has 2 polygons
2026-08-20 17:00:13 +0000: Memory Usage (140504K) : norcx_m2m3 has 0 polygons
2026-08-20 17:00:13 +0000: Memory Usage (140504K) : norcx_m2m4 has 0 polygons
2026-08-20 17:00:13 +0000: Memory Usage (140504K) : norcx_m2m5 has 0 polygons
2026-08-20 17:00:13 +0000: Memory Usage (140504K) : norcx_m2tm1 has 0 polygons
2026-08-20 17:00:13 +0000: Memory Usage (140504K) : norcx_m2tm2 has 0 polygons
2026-08-20 17:00:13 +0000: Memory Usage (140504K) : norcx_m3m4 has 0 polygons
2026-08-20 17:00:13 +0000: Memory Usage (140504K) : norcx_m3m5 has 0 polygons
2026-08-20 17:00:13 +0000: Memory Usage (140504K) : norcx_m3tm1 has 0 polygons
2026-08-20 17:00:13 +0000: Memory Usage (140504K) : norcx_m3tm2 has 0 polygons
2026-08-20 17:00:13 +0000: Memory Usage (140504K) : norcx_m4m5 has 0 polygons
2026-08-20 17:00:13 +0000: Memory Usage (140504K) : norcx_m4tm1 has 0 polygons
2026-08-20 17:00:13 +0000: Memory Usage (140504K) : norcx_m4tm2 has 0 polygons
2026-08-20 17:00:13 +0000: Memory Usage (140504K) : norcx_m5tm1 has 0 polygons
2026-08-20 17:00:13 +0000: Memory Usage (140504K) : norcx_m5tm2 has 0 polygons
2026-08-20 17:00:13 +0000: Memory Usage (140504K) : norcx_tm1tm2 has 0 polygons
2026-08-20 17:00:13 +0000: Memory Usage (140504K) : norcx_m1sub has 0 polygons
2026-08-20 17:00:13 +0000: Memory Usage (140504K) : norcx_m2sub has 0 polygons
2026-08-20 17:00:13 +0000: Memory Usage (140504K) : norcx_m3sub has 0 polygons
2026-08-20 17:00:13 +0000: Memory Usage (140504K) : norcx_m4sub has 0 polygons
2026-08-20 17:00:13 +0000: Memory Usage (140504K) : norcx_m5sub has 0 polygons
2026-08-20 17:00:13 +0000: Memory Usage (140504K) : norcx_tm1sub has 0 polygons
2026-08-20 17:00:13 +0000: Memory Usage (140504K) : norcx_tm2sub has 0 polygons
2026-08-20 17:00:13 +0000: Memory Usage (140504K) : snsbotvia_drw has 0 polygons
2026-08-20 17:00:13 +0000: Memory Usage (140504K) : snstopvia_drw has 0 polygons
2026-08-20 17:00:13 +0000: Memory Usage (140504K) : deepvia_drw has 0 polygons
2026-08-20 17:00:13 +0000: Memory Usage (140504K) : fgetch_drw has 0 polygons
2026-08-20 17:00:13 +0000: Memory Usage (140504K) : ctrgat_drw has 0 polygons
2026-08-20 17:00:13 +0000: Memory Usage (140504K) : fgimp_drw has 0 polygons
2026-08-20 17:00:13 +0000: Memory Usage (140504K) : emwihv_drw has 0 polygons
2026-08-20 17:00:13 +0000: Memory Usage (140504K) : lbe_drw has 2 polygons
2026-08-20 17:00:13 +0000: Memory Usage (140504K) : alcustop_drw has 0 polygons
2026-08-20 17:00:13 +0000: Memory Usage (140504K) : nometfiller_drw has 0 polygons
2026-08-20 17:00:13 +0000: Memory Usage (140504K) : prboundary_drw has 0 polygons
2026-08-20 17:00:13 +0000: Memory Usage (140504K) : exchange0_drw has 0 polygons
2026-08-20 17:00:13 +0000: Memory Usage (140504K) : exchange0_pin has 0 polygons
2026-08-20 17:00:13 +0000: Memory Usage (140504K) : exchange0_text has 0 polygons
2026-08-20 17:00:13 +0000: Memory Usage (140504K) : exchange1_drw has 0 polygons
2026-08-20 17:00:13 +0000: Memory Usage (140504K) : exchange1_pin has 0 polygons
2026-08-20 17:00:13 +0000: Memory Usage (140504K) : exchange1_text has 0 polygons
2026-08-20 17:00:13 +0000: Memory Usage (140504K) : exchange2_drw has 0 polygons
2026-08-20 17:00:13 +0000: Memory Usage (140504K) : exchange2_pin has 0 polygons
2026-08-20 17:00:13 +0000: Memory Usage (140504K) : exchange2_text has 0 polygons
2026-08-20 17:00:13 +0000: Memory Usage (140504K) : exchange3_drw has 0 polygons
2026-08-20 17:00:13 +0000: Memory Usage (140504K) : exchange3_pin has 0 polygons
2026-08-20 17:00:13 +0000: Memory Usage (140504K) : exchange3_text has 0 polygons
2026-08-20 17:00:13 +0000: Memory Usage (140504K) : exchange4_drw has 0 polygons
2026-08-20 17:00:13 +0000: Memory Usage (140504K) : exchange4_pin has 0 polygons
2026-08-20 17:00:13 +0000: Memory Usage (140504K) : exchange4_text has 0 polygons
2026-08-20 17:00:13 +0000: Memory Usage (140504K) : isonwell_drw has 0 polygons
2026-08-20 17:00:13 +0000: Memory Usage (140504K) : Total no. of polygons in the design is 32275
2026-08-20 17:00:13 +0000: Memory Usage (140504K) : Starting base layers derivations
2026-08-20 17:00:13 +0000: Memory Usage (140504K) : Starting general LVS derivations
2026-08-20 17:00:14 +0000: Memory Usage (145016K) : Starting MOSFET DERIVATIONS
2026-08-20 17:00:14 +0000: Memory Usage (145784K) : Starting NMOS DERIVATIONS
2026-08-20 17:00:14 +0000: Memory Usage (145784K) : Starting PMOS DERIVATIONS
2026-08-20 17:00:14 +0000: Memory Usage (145784K) : Starting RF-MOSFET DERIVATIONS
2026-08-20 17:00:14 +0000: Memory Usage (145784K) : Starting RF-NMOS DERIVATIONS
2026-08-20 17:00:14 +0000: Memory Usage (145784K) : Starting RF-PMOS DERIVATIONS
2026-08-20 17:00:14 +0000: Memory Usage (145784K) : Starting BJT DERIVATIONS
2026-08-20 17:00:14 +0000: Memory Usage (145784K) : Starting NPN-BJT DERIVATIONS
2026-08-20 17:00:14 +0000: Memory Usage (145784K) : Starting PNP-BJT DERIVATIONS
2026-08-20 17:00:14 +0000: Memory Usage (145784K) : Starting DIODE DERIVATIONS
2026-08-20 17:00:14 +0000: Memory Usage (145784K) : Starting RESISTOR DERIVATIONS
2026-08-20 17:00:14 +0000: Memory Usage (145784K) : Starting CAP DERIVATIONS
2026-08-20 17:00:15 +0000: Memory Usage (145784K) : Starting CAP_CMOM DERIVATIONS
2026-08-20 17:00:15 +0000: Memory Usage (145784K) : Starting CAP_CMOMF DERIVATIONS
2026-08-20 17:00:15 +0000: Memory Usage (145784K) : Starting ESD DERIVATIONS
2026-08-20 17:00:16 +0000: Memory Usage (145912K) : Starting Inductor DERIVATIONS
2026-08-20 17:00:16 +0000: Memory Usage (145912K) : Starting Taps DERIVATIONS
2026-08-20 17:00:16 +0000: Memory Usage (145912K) : Starting SG13G2 LVS connectivity setup
2026-08-20 17:00:16 +0000: Memory Usage (145912K) : Starting SG13G2 LVS connectivity setup (Inter-layer)
2026-08-20 17:00:16 +0000: Memory Usage (146040K) : Starting SG13G2 LVS connectivity setup (Global)
2026-08-20 17:00:16 +0000: Memory Usage (146040K) : Starting LVS MOSFET CONNECTIONS
2026-08-20 17:00:16 +0000: Memory Usage (146040K) : Starting LVS RF-MOSFET CONNECTIONS
2026-08-20 17:00:16 +0000: Memory Usage (146040K) : Starting LVS BJT CONNECTIONS
2026-08-20 17:00:16 +0000: Memory Usage (146040K) : Starting LVS DIODE CONNECTIONS
2026-08-20 17:00:16 +0000: Memory Usage (146040K) : Starting RESISTOR CONNECTIONS
2026-08-20 17:00:16 +0000: Memory Usage (146040K) : Starting LVS CAP CONNECTIONS
2026-08-20 17:00:16 +0000: Memory Usage (146040K) : Starting CAP_CMOM CONNECTIONS
2026-08-20 17:00:16 +0000: Memory Usage (146040K) : Starting CAP_CMOMF CONNECTIONS
2026-08-20 17:00:16 +0000: Memory Usage (146040K) : Starting ESD CONNECTIONS
2026-08-20 17:00:16 +0000: Memory Usage (146040K) : Starting Inductor CONNECTIONS
2026-08-20 17:00:16 +0000: Memory Usage (146040K) : Starting LVS Taps CONNECTIONS
2026-08-20 17:00:16 +0000: Memory Usage (146040K) : Starting SG13G2 LVS DEVICES EXTRACTION
2026-08-20 17:00:16 +0000: Memory Usage (146040K) : Starting MOSFET EXTRACTION
2026-08-20 17:00:16 +0000: Memory Usage (146040K) : Starting NMOS EXTRACTION
2026-08-20 17:00:16 +0000: Memory Usage (146040K) : Extraction of NMOS-LV transistor
2026-08-20 17:00:16 +0000: Memory Usage (146168K) : Extraction of NMOS-HV transistor
2026-08-20 17:00:16 +0000: Memory Usage (146168K) : Starting PMOS EXTRACTION
2026-08-20 17:00:16 +0000: Memory Usage (146168K) : Extraction of PMOS-LV transistor
2026-08-20 17:00:16 +0000: Memory Usage (146168K) : Extraction of PMOS-HV transistor
2026-08-20 17:00:16 +0000: Memory Usage (146168K) : Starting RF-MOSFET EXTRACTION
2026-08-20 17:00:16 +0000: Memory Usage (146168K) : Extraction of RF-NMOS-LV transistor
2026-08-20 17:00:16 +0000: Memory Usage (146168K) : Extraction of RF-NMOS-HV transistor
2026-08-20 17:00:16 +0000: Memory Usage (146168K) : Extraction of RF-PMOS-LV transistor
2026-08-20 17:00:16 +0000: Memory Usage (146168K) : Extraction of RF-PMOS-HV transistor
2026-08-20 17:00:16 +0000: Memory Usage (146168K) : Starting BJT EXTRACTION
2026-08-20 17:00:16 +0000: Memory Usage (146168K) : Starting NPN-BJT EXTRACTION
2026-08-20 17:00:16 +0000: Memory Usage (146168K) : Extraction of npn13G2 BJT transistor
2026-08-20 17:00:16 +0000: Memory Usage (146168K) : Extraction of npn13G2L BJT transistor
2026-08-20 17:00:16 +0000: Memory Usage (146168K) : Extraction of npn13G2V BJT transistor
2026-08-20 17:00:16 +0000: Memory Usage (146168K) : Starting PNP-BJT EXTRACTION
2026-08-20 17:00:16 +0000: Memory Usage (146168K) : Extracting pnpMPA BJT
2026-08-20 17:00:16 +0000: Memory Usage (146168K) : Starting DIODE EXTRACTION
2026-08-20 17:00:16 +0000: Memory Usage (146168K) : Extracting dantenna diode
2026-08-20 17:00:16 +0000: Memory Usage (146168K) : Extracting dpantenna diode
2026-08-20 17:00:16 +0000: Memory Usage (146168K) : Extracting schottky_nbl1 diode
2026-08-20 17:00:16 +0000: Memory Usage (146168K) : Extracting isolbox diode
2026-08-20 17:00:16 +0000: Memory Usage (146168K) : Starting RESISTOR EXTRACTION
2026-08-20 17:00:16 +0000: Memory Usage (146168K) : Extracting rsil resistor
2026-08-20 17:00:16 +0000: Memory Usage (146168K) : Extracting rppd resistor
2026-08-20 17:00:17 +0000: Memory Usage (146168K) : Extracting rhigh resistor
2026-08-20 17:00:17 +0000: Memory Usage (146168K) : Extracting res_metal1 resistor
2026-08-20 17:00:17 +0000: Memory Usage (146296K) : Extracting res_metal2 resistor
2026-08-20 17:00:17 +0000: Memory Usage (146296K) : Extracting res_metal3 resistor
2026-08-20 17:00:17 +0000: Memory Usage (146296K) : Extracting res_metal4 resistor
2026-08-20 17:00:17 +0000: Memory Usage (146296K) : Extracting res_metal5 resistor
2026-08-20 17:00:17 +0000: Memory Usage (146296K) : Extracting res_topmetal1 resistor
2026-08-20 17:00:17 +0000: Memory Usage (146296K) : Extracting res_topmetal2 resistor
2026-08-20 17:00:17 +0000: Memory Usage (146296K) : Starting CAP EXTRACTION
2026-08-20 17:00:17 +0000: Memory Usage (146296K) : Extracting cap_cmim device
2026-08-20 17:00:17 +0000: Memory Usage (146296K) : Extracting rfcmim device
2026-08-20 17:00:17 +0000: Memory Usage (146296K) : Extracting sg13_hv_svaricap varactor
2026-08-20 17:00:17 +0000: Memory Usage (146296K) : Extracting cap_cmomi device
2026-08-20 17:00:17 +0000: Memory Usage (146296K) : Extracting cap_cmomf device
2026-08-20 17:00:17 +0000: Memory Usage (146296K) : Extracting sg13_moscap_n capacitor
2026-08-20 17:00:17 +0000: Memory Usage (146296K) : Extracting sg13_moscap_p capacitor
2026-08-20 17:00:17 +0000: Memory Usage (146296K) : Starting ESD EXTRACTION
2026-08-20 17:00:17 +0000: Memory Usage (146296K) : Extracting diodevdd_2kv ESD device
2026-08-20 17:00:17 +0000: Memory Usage (146296K) : Extracting diodevdd_4kv ESD device
2026-08-20 17:00:17 +0000: Memory Usage (146296K) : Extracting diodevss_2kv ESD device
2026-08-20 17:00:17 +0000: Memory Usage (146296K) : Extracting diodevss_4kv ESD device
2026-08-20 17:00:17 +0000: Memory Usage (146296K) : Extracting idiodevdd_2kv ESD device
2026-08-20 17:00:17 +0000: Memory Usage (146296K) : Extracting idiodevdd_4kv ESD device
2026-08-20 17:00:17 +0000: Memory Usage (146296K) : Extracting idiodevss_2kv ESD device
2026-08-20 17:00:17 +0000: Memory Usage (146296K) : Extracting idiodevss_4kv ESD device
2026-08-20 17:00:17 +0000: Memory Usage (146296K) : Extracting nmoscl_2 ESD device
2026-08-20 17:00:17 +0000: Memory Usage (146296K) : Extracting nmoscl_4 ESD device
2026-08-20 17:00:17 +0000: Memory Usage (146296K) : Starting Inductor EXTRACTION
2026-08-20 17:00:17 +0000: Memory Usage (146296K) : Extracting Inductor2 device
2026-08-20 17:00:17 +0000: Memory Usage (146424K) : Extracting Inductor3 device
2026-08-20 17:00:17 +0000: Memory Usage (146424K) : Starting Taps EXTRACTION
2026-08-20 17:00:17 +0000: Memory Usage (146424K) : DISABLE_TAP_EXTRACTION is enabled: skipping ntap1/ptap1 device extraction.
2026-08-20 17:00:17 +0000: Memory Usage (146424K) : Starting SG13G2 LVS RF MOS Model Mapping
2026-08-20 17:00:17 +0000: Memory Usage (147192K) : [layout_netlist] Apply RF MOS model mapping and rfmode parameter.
2026-08-20 17:00:17 +0000: Memory Usage (147192K) : Starting SG13G2 LVS Options Preparations
2026-08-20 17:00:17 +0000: Memory Usage (147192K) : SG13G2 LVS flow: extraction -> alignment -> option preparation -> comparison.
2026-08-20 17:00:17 +0000: Memory Usage (147192K) : Starting SG13G2 LVS Alignment
2026-08-20 17:00:17 +0000: Memory Usage (147320K) : Starting SG13G2 LVS Simplification
2026-08-20 17:00:17 +0000: Memory Usage (147320K) : [layout_netlist] simplify: ENABLED
2026-08-20 17:00:17 +0000: Memory Usage (147320K) : [layout_netlist] make_top_level_pins: SKIPPED
2026-08-20 17:00:17 +0000: Memory Usage (147320K) : [layout_netlist] combine_devices: SKIPPED
2026-08-20 17:00:17 +0000: Memory Usage (147320K) : [layout_netlist] purge: SKIPPED
2026-08-20 17:00:17 +0000: Memory Usage (147320K) : [layout_netlist] purge_nets: SKIPPED
2026-08-20 17:00:17 +0000: Memory Usage (147320K) : [schematic_netlist] simplify: ENABLED
2026-08-20 17:00:17 +0000: Memory Usage (147320K) : [schematic_netlist] make_top_level_pins: SKIPPED
2026-08-20 17:00:17 +0000: Memory Usage (147320K) : [schematic_netlist] combine_devices: SKIPPED
2026-08-20 17:00:17 +0000: Memory Usage (147320K) : [schematic_netlist] purge: SKIPPED
2026-08-20 17:00:17 +0000: Memory Usage (147320K) : [schematic_netlist] purge_nets: SKIPPED
2026-08-20 17:00:17 +0000: Memory Usage (147320K) : Starting SG13G2 LVS Comparison
2026-08-20 17:00:17 +0000: Memory Usage (147448K) : xxxxxxxxxxxxxxxxxxxxxxxxxxxxxxxxxxxxxxxxxx
2026-08-20 17:00:17 +0000: Memory Usage (147448K) : ERROR : Netlists don't match
2026-08-20 17:00:17 +0000: Memory Usage (147448K) : xxxxxxxxxxxxxxxxxxxxxxxxxxxxxxxxxxxxxxxxxx
2026-08-20 17:00:17 +0000: Memory Usage (147448K) : LVS Total Run time 3.529481 seconds
