# Logfile created on 2026-08-20 09:07:50 +0000 by logger.rb/v1.5.3
2026-08-20 09:07:50 +0000: Memory Usage (128772K) : Starting running SG13G2 Klayout LVS runset on /workspace/layout/blocks/out/term_stage/_bisect/full_esd.gds
2026-08-20 09:07:50 +0000: Memory Usage (128772K) : Ruby Version for klayout: 3.2.3
2026-08-20 09:07:50 +0000: Memory Usage (130044K) : Loading database to memory is complete.
2026-08-20 09:07:50 +0000: Memory Usage (130044K) : SG13G2 Klayout LVS runset output at: /workspace/layout/blocks/out/term_stage/_bisect/full_esd/full_esd.lvsdb
2026-08-20 09:07:50 +0000: Memory Usage (130044K) : Evaluate switches.
2026-08-20 09:07:50 +0000: Memory Usage (130044K) : Extracted netlist with net names: true
2026-08-20 09:07:50 +0000: Memory Usage (130044K) : Extracted netlist with comments in details: false
2026-08-20 09:07:50 +0000: Memory Usage (130044K) : Selected NET_ONLY option: false
2026-08-20 09:07:50 +0000: Memory Usage (130044K) : Selected LAYOUT_NETLIST option: (none)
2026-08-20 09:07:50 +0000: Memory Usage (130044K) : Selected IGNORE_TOP_PORTS_MISMATCH option: true
2026-08-20 09:07:50 +0000: Memory Usage (130044K) : Selected IMPLICIT_NETS option: sub,sub!
2026-08-20 09:07:50 +0000: Memory Usage (130044K) : Selected TOP_LVL_PINS option: false
2026-08-20 09:07:50 +0000: Memory Usage (130044K) : Selected COMBINE DEVICES option: false
2026-08-20 09:07:50 +0000: Memory Usage (130044K) : Selected PURGE option: false
2026-08-20 09:07:50 +0000: Memory Usage (130044K) : Selected PURGE_NETS option: false
2026-08-20 09:07:50 +0000: Memory Usage (130044K) : Selected SIMPLIFY option: true
2026-08-20 09:07:50 +0000: Memory Usage (130044K) : Selected SERIES_RES option: true
2026-08-20 09:07:50 +0000: Memory Usage (130044K) : Selected PARALLEL_RES option: true
2026-08-20 09:07:50 +0000: Memory Usage (130044K) : Selected DISABLE_TAP_EXTRACTION option: true
2026-08-20 09:07:50 +0000: Memory Usage (130044K) : deep  mode is enabled.
2026-08-20 09:07:50 +0000: Memory Usage (130044K) : Applying implicit connections (case-sensitive, pattern supported) for nets: sub, sub!
2026-08-20 09:07:50 +0000: Memory Usage (131340K) : Netlist file: /workspace/layout/blocks/out/term_stage/_bisect/full_esd.cdl
2026-08-20 09:07:50 +0000: Memory Usage (131340K) : LVS extracted netlist at: /workspace/layout/blocks/out/term_stage/_bisect/full_esd/full_esd_extracted.cir
2026-08-20 09:07:50 +0000: Memory Usage (131340K) : Applying SRAM integration support.
2026-08-20 09:07:50 +0000: Memory Usage (131340K) : Starting SG13G2 LVS runset
2026-08-20 09:07:50 +0000: Memory Usage (131340K) : Read in polygons from layers.
2026-08-20 09:07:50 +0000: Memory Usage (132620K) : activ_drw has 130 polygons
2026-08-20 09:07:50 +0000: Memory Usage (132620K) : activ_filler has 0 polygons
2026-08-20 09:07:50 +0000: Memory Usage (132748K) : activ has 130 polygons
2026-08-20 09:07:50 +0000: Memory Usage (132748K) : activ_pin has 0 polygons
2026-08-20 09:07:50 +0000: Memory Usage (132748K) : activ_mask has 0 polygons
2026-08-20 09:07:50 +0000: Memory Usage (132748K) : activ_nofill has 0 polygons
2026-08-20 09:07:50 +0000: Memory Usage (132804K) : activ_OPC has 0 polygons
2026-08-20 09:07:50 +0000: Memory Usage (133316K) : activ_iOPC has 0 polygons
2026-08-20 09:07:50 +0000: Memory Usage (133316K) : activ_noqrc has 0 polygons
2026-08-20 09:07:50 +0000: Memory Usage (133316K) : biwind_drw has 0 polygons
2026-08-20 09:07:50 +0000: Memory Usage (133316K) : biwind_OPC has 0 polygons
2026-08-20 09:07:50 +0000: Memory Usage (133316K) : gatpoly_drw has 25 polygons
2026-08-20 09:07:50 +0000: Memory Usage (133316K) : gatpoly_filler has 0 polygons
2026-08-20 09:07:50 +0000: Memory Usage (133316K) : gatpoly has 25 polygons
2026-08-20 09:07:50 +0000: Memory Usage (133316K) : gatpoly_pin has 0 polygons
2026-08-20 09:07:50 +0000: Memory Usage (133316K) : gatpoly_nofill has 0 polygons
2026-08-20 09:07:50 +0000: Memory Usage (133316K) : gatpoly_OPC has 0 polygons
2026-08-20 09:07:50 +0000: Memory Usage (133316K) : gatpoly_iOPC has 0 polygons
2026-08-20 09:07:50 +0000: Memory Usage (133316K) : gatpoly_noqrc has 0 polygons
2026-08-20 09:07:50 +0000: Memory Usage (133444K) : cont_drw has 6147 polygons
2026-08-20 09:07:50 +0000: Memory Usage (133444K) : cont_OPC has 0 polygons
2026-08-20 09:07:50 +0000: Memory Usage (133444K) : nsd_drw has 0 polygons
2026-08-20 09:07:50 +0000: Memory Usage (133444K) : nsd_block has 0 polygons
2026-08-20 09:07:50 +0000: Memory Usage (133444K) : metal1_drw has 268 polygons
2026-08-20 09:07:50 +0000: Memory Usage (133444K) : metal1_filler has 0 polygons
2026-08-20 09:07:50 +0000: Memory Usage (133444K) : metal1_slit has 0 polygons
2026-08-20 09:07:50 +0000: Memory Usage (133572K) : metal1 has 268 polygons
2026-08-20 09:07:50 +0000: Memory Usage (133572K) : metal1_pin has 112 polygons
2026-08-20 09:07:50 +0000: Memory Usage (133700K) : metal1_mask has 0 polygons
2026-08-20 09:07:50 +0000: Memory Usage (133700K) : metal1_nofill has 0 polygons
2026-08-20 09:07:50 +0000: Memory Usage (133828K) : metal1_text has 4 polygons
2026-08-20 09:07:50 +0000: Memory Usage (133956K) : metal1_OPC has 0 polygons
2026-08-20 09:07:50 +0000: Memory Usage (133956K) : metal1_noqrc has 0 polygons
2026-08-20 09:07:50 +0000: Memory Usage (133956K) : metal1_res has 0 polygons
2026-08-20 09:07:50 +0000: Memory Usage (134084K) : metal1_iprobe has 0 polygons
2026-08-20 09:07:50 +0000: Memory Usage (134084K) : metal1_diffprb has 0 polygons
2026-08-20 09:07:50 +0000: Memory Usage (134084K) : passiv_drw has 2 polygons
2026-08-20 09:07:50 +0000: Memory Usage (134084K) : passiv_pin has 0 polygons
2026-08-20 09:07:50 +0000: Memory Usage (134212K) : passiv_sbump has 0 polygons
2026-08-20 09:07:50 +0000: Memory Usage (134212K) : passiv_pillar has 0 polygons
2026-08-20 09:07:50 +0000: Memory Usage (134212K) : passiv_pdl has 0 polygons
2026-08-20 09:07:50 +0000: Memory Usage (134212K) : metal2_drw has 65 polygons
2026-08-20 09:07:50 +0000: Memory Usage (134340K) : metal2_filler has 0 polygons
2026-08-20 09:07:50 +0000: Memory Usage (134340K) : metal2_slit has 0 polygons
2026-08-20 09:07:50 +0000: Memory Usage (134340K) : metal2 has 65 polygons
2026-08-20 09:07:50 +0000: Memory Usage (134340K) : metal2_pin has 8 polygons
2026-08-20 09:07:50 +0000: Memory Usage (134468K) : metal2_mask has 0 polygons
2026-08-20 09:07:50 +0000: Memory Usage (134468K) : metal2_nofill has 0 polygons
2026-08-20 09:07:50 +0000: Memory Usage (134468K) : metal2_text has 0 polygons
2026-08-20 09:07:50 +0000: Memory Usage (134468K) : metal2_OPC has 0 polygons
2026-08-20 09:07:50 +0000: Memory Usage (134596K) : metal2_noqrc has 0 polygons
2026-08-20 09:07:50 +0000: Memory Usage (134596K) : metal2_res has 0 polygons
2026-08-20 09:07:50 +0000: Memory Usage (134596K) : metal2_iprobe has 0 polygons
2026-08-20 09:07:50 +0000: Memory Usage (134596K) : metal2_diffprb has 0 polygons
2026-08-20 09:07:50 +0000: Memory Usage (134724K) : baspoly_drw has 0 polygons
2026-08-20 09:07:50 +0000: Memory Usage (134724K) : baspoly_pin has 0 polygons
2026-08-20 09:07:50 +0000: Memory Usage (134724K) : psd_drw has 119 polygons
2026-08-20 09:07:50 +0000: Memory Usage (134852K) : nldb_drw has 0 polygons
2026-08-20 09:07:50 +0000: Memory Usage (134852K) : digibnd_drw has 0 polygons
2026-08-20 09:07:50 +0000: Memory Usage (134852K) : via1_drw has 1907 polygons
2026-08-20 09:07:50 +0000: Memory Usage (134852K) : backmetal1_drw has 0 polygons
2026-08-20 09:07:50 +0000: Memory Usage (134980K) : backmetal1_pin has 0 polygons
2026-08-20 09:07:50 +0000: Memory Usage (134980K) : backmetal1_mask has 0 polygons
2026-08-20 09:07:50 +0000: Memory Usage (134980K) : backmetal1_filler has 0 polygons
2026-08-20 09:07:50 +0000: Memory Usage (134980K) : backmetal1_nofill has 0 polygons
2026-08-20 09:07:50 +0000: Memory Usage (135108K) : backmetal1_slit has 0 polygons
2026-08-20 09:07:50 +0000: Memory Usage (135108K) : backmetal1_text has 0 polygons
2026-08-20 09:07:50 +0000: Memory Usage (135108K) : backmetal1_OPC has 0 polygons
2026-08-20 09:07:50 +0000: Memory Usage (135108K) : backmetal1_noqrc has 0 polygons
2026-08-20 09:07:50 +0000: Memory Usage (135236K) : backmetal1_res has 0 polygons
2026-08-20 09:07:50 +0000: Memory Usage (135236K) : backmetal1_iprobe has 0 polygons
2026-08-20 09:07:50 +0000: Memory Usage (135236K) : backmetal1_diffprb has 0 polygons
2026-08-20 09:07:50 +0000: Memory Usage (135364K) : backpassiv_drw has 0 polygons
2026-08-20 09:07:50 +0000: Memory Usage (135364K) : res_drw has 2 polygons
2026-08-20 09:07:50 +0000: Memory Usage (135364K) : sram_drw has 0 polygons
2026-08-20 09:07:50 +0000: Memory Usage (135364K) : trans_drw has 0 polygons
2026-08-20 09:07:50 +0000: Memory Usage (135492K) : ind_drw has 0 polygons
2026-08-20 09:07:50 +0000: Memory Usage (135492K) : ind_pin has 0 polygons
2026-08-20 09:07:50 +0000: Memory Usage (135492K) : ind_text has 0 polygons
2026-08-20 09:07:50 +0000: Memory Usage (135492K) : salblock_drw has 14 polygons
2026-08-20 09:07:50 +0000: Memory Usage (135492K) : via2_drw has 842 polygons
2026-08-20 09:07:50 +0000: Memory Usage (135492K) : metal3_drw has 57 polygons
2026-08-20 09:07:50 +0000: Memory Usage (135492K) : metal3_filler has 0 polygons
2026-08-20 09:07:50 +0000: Memory Usage (135620K) : metal3_slit has 0 polygons
2026-08-20 09:07:50 +0000: Memory Usage (135620K) : metal3 has 57 polygons
2026-08-20 09:07:50 +0000: Memory Usage (135620K) : metal3_pin has 2 polygons
2026-08-20 09:07:50 +0000: Memory Usage (135620K) : metal3_mask has 0 polygons
2026-08-20 09:07:50 +0000: Memory Usage (135620K) : metal3_nofill has 0 polygons
2026-08-20 09:07:50 +0000: Memory Usage (135620K) : metal3_text has 0 polygons
2026-08-20 09:07:50 +0000: Memory Usage (135748K) : metal3_OPC has 0 polygons
2026-08-20 09:07:50 +0000: Memory Usage (135748K) : metal3_noqrc has 0 polygons
2026-08-20 09:07:50 +0000: Memory Usage (135748K) : metal3_res has 0 polygons
2026-08-20 09:07:50 +0000: Memory Usage (135748K) : metal3_iprobe has 0 polygons
2026-08-20 09:07:50 +0000: Memory Usage (135748K) : metal3_diffprb has 0 polygons
2026-08-20 09:07:50 +0000: Memory Usage (135876K) : nwell_drw has 14 polygons
2026-08-20 09:07:50 +0000: Memory Usage (135876K) : nwell_pin has 0 polygons
2026-08-20 09:07:50 +0000: Memory Usage (135876K) : nwell_text has 0 polygons
2026-08-20 09:07:50 +0000: Memory Usage (135876K) : nbulay_drw has 1 polygons
2026-08-20 09:07:50 +0000: Memory Usage (135876K) : nbulay_pin has 0 polygons
2026-08-20 09:07:50 +0000: Memory Usage (135876K) : nbulay_block has 0 polygons
2026-08-20 09:07:50 +0000: Memory Usage (136004K) : emwind_drw has 0 polygons
2026-08-20 09:07:50 +0000: Memory Usage (136004K) : emwind_OPC has 0 polygons
2026-08-20 09:07:50 +0000: Memory Usage (136004K) : deepco_drw has 0 polygons
2026-08-20 09:07:50 +0000: Memory Usage (136004K) : mim_drw has 1 polygons
2026-08-20 09:07:50 +0000: Memory Usage (136004K) : edgeseal_drw has 0 polygons
2026-08-20 09:07:50 +0000: Memory Usage (136004K) : substrate_drw has 100 polygons
2026-08-20 09:07:50 +0000: Memory Usage (136004K) : substrate_text has 0 polygons
2026-08-20 09:07:50 +0000: Memory Usage (136132K) : dfpad_drw has 2 polygons
2026-08-20 09:07:50 +0000: Memory Usage (136132K) : dfpad_pillar has 0 polygons
2026-08-20 09:07:50 +0000: Memory Usage (136132K) : dfpad_sbump has 0 polygons
2026-08-20 09:07:50 +0000: Memory Usage (136132K) : thickgateox_drw has 1 polygons
2026-08-20 09:07:50 +0000: Memory Usage (136260K) : pldb_drw has 0 polygons
2026-08-20 09:07:50 +0000: Memory Usage (136260K) : pwell_drw has 0 polygons
2026-08-20 09:07:50 +0000: Memory Usage (136260K) : pwell_pin has 0 polygons
2026-08-20 09:07:50 +0000: Memory Usage (136260K) : pwell_block has 0 polygons
2026-08-20 09:07:50 +0000: Memory Usage (136388K) : ic_drw has 0 polygons
2026-08-20 09:07:50 +0000: Memory Usage (136388K) : via3_drw has 1046 polygons
2026-08-20 09:07:50 +0000: Memory Usage (136388K) : metal4_drw has 27 polygons
2026-08-20 09:07:50 +0000: Memory Usage (136388K) : metal4_filler has 0 polygons
2026-08-20 09:07:50 +0000: Memory Usage (136388K) : metal4_slit has 0 polygons
2026-08-20 09:07:50 +0000: Memory Usage (136516K) : metal4 has 27 polygons
2026-08-20 09:07:50 +0000: Memory Usage (136516K) : metal4_pin has 0 polygons
2026-08-20 09:07:50 +0000: Memory Usage (136516K) : metal4_mask has 0 polygons
2026-08-20 09:07:50 +0000: Memory Usage (136516K) : metal4_nofill has 0 polygons
2026-08-20 09:07:50 +0000: Memory Usage (136516K) : metal4_text has 4 polygons
2026-08-20 09:07:50 +0000: Memory Usage (136516K) : metal4_OPC has 0 polygons
2026-08-20 09:07:50 +0000: Memory Usage (136644K) : metal4_noqrc has 0 polygons
2026-08-20 09:07:50 +0000: Memory Usage (136644K) : metal4_res has 0 polygons
2026-08-20 09:07:50 +0000: Memory Usage (136644K) : metal4_iprobe has 0 polygons
2026-08-20 09:07:50 +0000: Memory Usage (136644K) : metal4_diffprb has 0 polygons
2026-08-20 09:07:50 +0000: Memory Usage (136644K) : heattrans_drw has 0 polygons
2026-08-20 09:07:50 +0000: Memory Usage (136644K) : heatres_drw has 4 polygons
2026-08-20 09:07:50 +0000: Memory Usage (136772K) : fbe_drw has 0 polygons
2026-08-20 09:07:50 +0000: Memory Usage (136772K) : empoly_drw has 0 polygons
2026-08-20 09:07:50 +0000: Memory Usage (136772K) : digisub_drw has 0 polygons
2026-08-20 09:07:50 +0000: Memory Usage (136772K) : text_drw has 126 polygons
2026-08-20 09:07:50 +0000: Memory Usage (136772K) : via4_drw has 1038 polygons
2026-08-20 09:07:50 +0000: Memory Usage (136772K) : metal5_drw has 42 polygons
2026-08-20 09:07:50 +0000: Memory Usage (136900K) : metal5_filler has 0 polygons
2026-08-20 09:07:50 +0000: Memory Usage (136900K) : metal5_slit has 0 polygons
2026-08-20 09:07:50 +0000: Memory Usage (136900K) : metal5 has 42 polygons
2026-08-20 09:07:50 +0000: Memory Usage (136900K) : metal5_pin has 0 polygons
2026-08-20 09:07:50 +0000: Memory Usage (136900K) : metal5_mask has 0 polygons
2026-08-20 09:07:50 +0000: Memory Usage (137028K) : metal5_nofill has 0 polygons
2026-08-20 09:07:50 +0000: Memory Usage (137028K) : metal5_text has 0 polygons
2026-08-20 09:07:50 +0000: Memory Usage (137028K) : metal5_OPC has 0 polygons
2026-08-20 09:07:50 +0000: Memory Usage (137028K) : metal5_noqrc has 0 polygons
2026-08-20 09:07:50 +0000: Memory Usage (137028K) : metal5_res has 0 polygons
2026-08-20 09:07:50 +0000: Memory Usage (137028K) : metal5_iprobe has 0 polygons
2026-08-20 09:07:50 +0000: Memory Usage (137156K) : metal5_diffprb has 0 polygons
2026-08-20 09:07:50 +0000: Memory Usage (137156K) : radhard_drw has 0 polygons
2026-08-20 09:07:50 +0000: Memory Usage (137156K) : memcap_drw has 0 polygons
2026-08-20 09:07:50 +0000: Memory Usage (137156K) : varicap_drw has 0 polygons
2026-08-20 09:07:50 +0000: Memory Usage (137156K) : intbondvia_drw has 0 polygons
2026-08-20 09:07:50 +0000: Memory Usage (137156K) : intbondmet_drw has 0 polygons
2026-08-20 09:07:50 +0000: Memory Usage (137284K) : devbondvia_drw has 0 polygons
2026-08-20 09:07:50 +0000: Memory Usage (137284K) : devbondmet_drw has 0 polygons
2026-08-20 09:07:50 +0000: Memory Usage (137284K) : devtrench_drw has 0 polygons
2026-08-20 09:07:50 +0000: Memory Usage (137284K) : redist_drw has 0 polygons
2026-08-20 09:07:50 +0000: Memory Usage (137284K) : graphbot_drw has 0 polygons
2026-08-20 09:07:50 +0000: Memory Usage (137412K) : graphtop_drw has 0 polygons
2026-08-20 09:07:50 +0000: Memory Usage (137412K) : antvia1_drw has 0 polygons
2026-08-20 09:07:50 +0000: Memory Usage (137412K) : antmetal2_drw has 0 polygons
2026-08-20 09:07:50 +0000: Memory Usage (137412K) : graphcont_drw has 0 polygons
2026-08-20 09:07:50 +0000: Memory Usage (137540K) : siwg_drw has 0 polygons
2026-08-20 09:07:50 +0000: Memory Usage (137540K) : siwg_filler has 0 polygons
2026-08-20 09:07:50 +0000: Memory Usage (137540K) : siwg_nofill has 0 polygons
2026-08-20 09:07:50 +0000: Memory Usage (137540K) : sigrating_drw has 0 polygons
2026-08-20 09:07:50 +0000: Memory Usage (137540K) : singrating_drw has 0 polygons
2026-08-20 09:07:50 +0000: Memory Usage (137540K) : graphpas_drw has 0 polygons
2026-08-20 09:07:50 +0000: Memory Usage (137540K) : emwind3_drw has 0 polygons
2026-08-20 09:07:50 +0000: Memory Usage (137668K) : emwihv3_drw has 0 polygons
2026-08-20 09:07:50 +0000: Memory Usage (137668K) : redbulay_drw has 0 polygons
2026-08-20 09:07:50 +0000: Memory Usage (137668K) : smos_drw has 0 polygons
2026-08-20 09:07:50 +0000: Memory Usage (137668K) : graphpad_drw has 0 polygons
2026-08-20 09:07:50 +0000: Memory Usage (137668K) : polimide_drw has 0 polygons
2026-08-20 09:07:50 +0000: Memory Usage (137668K) : polimide_pin has 0 polygons
2026-08-20 09:07:50 +0000: Memory Usage (137796K) : recog_drw has 1 polygons
2026-08-20 09:07:50 +0000: Memory Usage (137796K) : recog_pin has 0 polygons
2026-08-20 09:07:50 +0000: Memory Usage (137796K) : recog_esd has 5 polygons
2026-08-20 09:07:50 +0000: Memory Usage (137796K) : recog_diode has 0 polygons
2026-08-20 09:07:50 +0000: Memory Usage (137796K) : recog_tsv has 0 polygons
2026-08-20 09:07:50 +0000: Memory Usage (137924K) : recog_iprobe has 0 polygons
2026-08-20 09:07:50 +0000: Memory Usage (137924K) : recog_diffprb has 0 polygons
2026-08-20 09:07:50 +0000: Memory Usage (137924K) : recog_pillar has 0 polygons
2026-08-20 09:07:50 +0000: Memory Usage (137924K) : recog_sbump has 0 polygons
2026-08-20 09:07:50 +0000: Memory Usage (137924K) : recog_otp has 0 polygons
2026-08-20 09:07:50 +0000: Memory Usage (138052K) : recog_pdiode has 0 polygons
2026-08-20 09:07:50 +0000: Memory Usage (138052K) : recog_mom has 0 polygons
2026-08-20 09:07:50 +0000: Memory Usage (138052K) : recog_momf has 0 polygons
2026-08-20 09:07:50 +0000: Memory Usage (138052K) : recog_pcm has 0 polygons
2026-08-20 09:07:50 +0000: Memory Usage (138180K) : colopen_drw has 0 polygons
2026-08-20 09:07:50 +0000: Memory Usage (138180K) : graphmetal1_drw has 0 polygons
2026-08-20 09:07:50 +0000: Memory Usage (138180K) : graphmetal1_filler has 0 polygons
2026-08-20 09:07:50 +0000: Memory Usage (138180K) : graphmetal1_nofill has 0 polygons
2026-08-20 09:07:50 +0000: Memory Usage (138308K) : graphmetal1_slit has 0 polygons
2026-08-20 09:07:50 +0000: Memory Usage (138308K) : graphmetal1_OPC has 0 polygons
2026-08-20 09:07:50 +0000: Memory Usage (138308K) : graphmet1l_drw has 0 polygons
2026-08-20 09:07:50 +0000: Memory Usage (138308K) : graphmet1l_filler has 0 polygons
2026-08-20 09:07:50 +0000: Memory Usage (138436K) : graphmet1l_nofill has 0 polygons
2026-08-20 09:07:50 +0000: Memory Usage (138436K) : graphmet1l_slit has 0 polygons
2026-08-20 09:07:50 +0000: Memory Usage (138436K) : graphmet1l_OPC has 0 polygons
2026-08-20 09:07:50 +0000: Memory Usage (138436K) : extblock_drw has 12 polygons
2026-08-20 09:07:50 +0000: Memory Usage (138564K) : nldd_drw has 0 polygons
2026-08-20 09:07:50 +0000: Memory Usage (138564K) : pldd_drw has 0 polygons
2026-08-20 09:07:50 +0000: Memory Usage (138564K) : next_drw has 0 polygons
2026-08-20 09:07:50 +0000: Memory Usage (138564K) : pext_drw has 0 polygons
2026-08-20 09:07:50 +0000: Memory Usage (138692K) : nexthv_drw has 0 polygons
2026-08-20 09:07:50 +0000: Memory Usage (138692K) : pexthv_drw has 0 polygons
2026-08-20 09:07:50 +0000: Memory Usage (138692K) : graphgate_drw has 0 polygons
2026-08-20 09:07:50 +0000: Memory Usage (138820K) : sinwg_drw has 0 polygons
2026-08-20 09:07:50 +0000: Memory Usage (138820K) : sinwg_filler has 0 polygons
2026-08-20 09:07:50 +0000: Memory Usage (138820K) : sinwg_nofill has 0 polygons
2026-08-20 09:07:50 +0000: Memory Usage (138820K) : mempad_drw has 0 polygons
2026-08-20 09:07:50 +0000: Memory Usage (138948K) : topvia1_drw has 484 polygons
2026-08-20 09:07:50 +0000: Memory Usage (138948K) : topmetal1_drw has 33 polygons
2026-08-20 09:07:50 +0000: Memory Usage (138948K) : topmetal1_filler has 0 polygons
2026-08-20 09:07:50 +0000: Memory Usage (138948K) : topmetal1_slit has 0 polygons
2026-08-20 09:07:50 +0000: Memory Usage (139076K) : topmetal1 has 33 polygons
2026-08-20 09:07:50 +0000: Memory Usage (139076K) : topmetal1_pin has 0 polygons
2026-08-20 09:07:50 +0000: Memory Usage (139076K) : topmetal1_mask has 0 polygons
2026-08-20 09:07:50 +0000: Memory Usage (139076K) : topmetal1_nofill has 0 polygons
2026-08-20 09:07:50 +0000: Memory Usage (139204K) : topmetal1_text has 0 polygons
2026-08-20 09:07:50 +0000: Memory Usage (139204K) : topmetal1_noqrc has 0 polygons
2026-08-20 09:07:50 +0000: Memory Usage (139204K) : topmetal1_res has 0 polygons
2026-08-20 09:07:50 +0000: Memory Usage (139332K) : topmetal1_iprobe has 0 polygons
2026-08-20 09:07:50 +0000: Memory Usage (139332K) : topmetal1_diffprb has 0 polygons
2026-08-20 09:07:50 +0000: Memory Usage (139460K) : inldpwl_drw has 0 polygons
2026-08-20 09:07:50 +0000: Memory Usage (139460K) : polyres_drw has 4 polygons
2026-08-20 09:07:50 +0000: Memory Usage (139460K) : polyres_pin has 0 polygons
2026-08-20 09:07:50 +0000: Memory Usage (139460K) : vmim_drw has 225 polygons
2026-08-20 09:07:50 +0000: Memory Usage (139588K) : nbulaycut_drw has 0 polygons
2026-08-20 09:07:50 +0000: Memory Usage (139588K) : antmetal1_drw has 0 polygons
2026-08-20 09:07:50 +0000: Memory Usage (139588K) : topvia2_drw has 211 polygons
2026-08-20 09:07:50 +0000: Memory Usage (139716K) : topmetal2_drw has 27 polygons
2026-08-20 09:07:50 +0000: Memory Usage (139716K) : topmetal2_filler has 0 polygons
2026-08-20 09:07:50 +0000: Memory Usage (139716K) : topmetal2_slit has 0 polygons
2026-08-20 09:07:50 +0000: Memory Usage (139844K) : topmetal2 has 27 polygons
2026-08-20 09:07:50 +0000: Memory Usage (139844K) : topmetal2_pin has 0 polygons
2026-08-20 09:07:50 +0000: Memory Usage (139844K) : topmetal2_mask has 0 polygons
2026-08-20 09:07:50 +0000: Memory Usage (139844K) : topmetal2_nofill has 0 polygons
2026-08-20 09:07:50 +0000: Memory Usage (139972K) : topmetal2_text has 4 polygons
2026-08-20 09:07:50 +0000: Memory Usage (139972K) : topmetal2_noqrc has 0 polygons
2026-08-20 09:07:50 +0000: Memory Usage (140100K) : topmetal2_res has 0 polygons
2026-08-20 09:07:50 +0000: Memory Usage (140100K) : topmetal2_iprobe has 0 polygons
2026-08-20 09:07:50 +0000: Memory Usage (140100K) : topmetal2_diffprb has 0 polygons
2026-08-20 09:07:50 +0000: Memory Usage (140228K) : snsring_drw has 0 polygons
2026-08-20 09:07:50 +0000: Memory Usage (140228K) : sensor_drw has 0 polygons
2026-08-20 09:07:50 +0000: Memory Usage (140228K) : snsarms_drw has 0 polygons
2026-08-20 09:07:50 +0000: Memory Usage (140228K) : snscmosvia_drw has 0 polygons
2026-08-20 09:07:50 +0000: Memory Usage (140228K) : colwind_drw has 0 polygons
2026-08-20 09:07:50 +0000: Memory Usage (140228K) : flm_drw has 0 polygons
2026-08-20 09:07:50 +0000: Memory Usage (140228K) : hafniumox_drw has 0 polygons
2026-08-20 09:07:50 +0000: Memory Usage (140228K) : memvia_drw has 0 polygons
2026-08-20 09:07:50 +0000: Memory Usage (140228K) : thinfilmres_drw has 0 polygons
2026-08-20 09:07:50 +0000: Memory Usage (140228K) : rfmem_drw has 0 polygons
2026-08-20 09:07:50 +0000: Memory Usage (140228K) : norcx_drw has 0 polygons
2026-08-20 09:07:50 +0000: Memory Usage (140228K) : norcx_m2m3 has 0 polygons
2026-08-20 09:07:50 +0000: Memory Usage (140228K) : norcx_m2m4 has 0 polygons
2026-08-20 09:07:50 +0000: Memory Usage (140228K) : norcx_m2m5 has 0 polygons
2026-08-20 09:07:50 +0000: Memory Usage (140228K) : norcx_m2tm1 has 0 polygons
2026-08-20 09:07:50 +0000: Memory Usage (140228K) : norcx_m2tm2 has 0 polygons
2026-08-20 09:07:50 +0000: Memory Usage (140228K) : norcx_m3m4 has 0 polygons
2026-08-20 09:07:50 +0000: Memory Usage (140228K) : norcx_m3m5 has 0 polygons
2026-08-20 09:07:50 +0000: Memory Usage (140228K) : norcx_m3tm1 has 0 polygons
2026-08-20 09:07:50 +0000: Memory Usage (140228K) : norcx_m3tm2 has 0 polygons
2026-08-20 09:07:50 +0000: Memory Usage (140228K) : norcx_m4m5 has 0 polygons
2026-08-20 09:07:50 +0000: Memory Usage (140228K) : norcx_m4tm1 has 0 polygons
2026-08-20 09:07:50 +0000: Memory Usage (140228K) : norcx_m4tm2 has 0 polygons
2026-08-20 09:07:50 +0000: Memory Usage (140228K) : norcx_m5tm1 has 0 polygons
2026-08-20 09:07:50 +0000: Memory Usage (140228K) : norcx_m5tm2 has 0 polygons
2026-08-20 09:07:50 +0000: Memory Usage (140228K) : norcx_tm1tm2 has 0 polygons
2026-08-20 09:07:50 +0000: Memory Usage (140228K) : norcx_m1sub has 0 polygons
2026-08-20 09:07:50 +0000: Memory Usage (140228K) : norcx_m2sub has 0 polygons
2026-08-20 09:07:50 +0000: Memory Usage (140228K) : norcx_m3sub has 0 polygons
2026-08-20 09:07:50 +0000: Memory Usage (140228K) : norcx_m4sub has 0 polygons
2026-08-20 09:07:50 +0000: Memory Usage (140228K) : norcx_m5sub has 0 polygons
2026-08-20 09:07:50 +0000: Memory Usage (140228K) : norcx_tm1sub has 0 polygons
2026-08-20 09:07:50 +0000: Memory Usage (140228K) : norcx_tm2sub has 0 polygons
2026-08-20 09:07:50 +0000: Memory Usage (140228K) : snsbotvia_drw has 0 polygons
2026-08-20 09:07:50 +0000: Memory Usage (140228K) : snstopvia_drw has 0 polygons
2026-08-20 09:07:50 +0000: Memory Usage (140228K) : deepvia_drw has 0 polygons
2026-08-20 09:07:50 +0000: Memory Usage (140228K) : fgetch_drw has 0 polygons
2026-08-20 09:07:50 +0000: Memory Usage (140228K) : ctrgat_drw has 0 polygons
2026-08-20 09:07:50 +0000: Memory Usage (140228K) : fgimp_drw has 0 polygons
2026-08-20 09:07:50 +0000: Memory Usage (140228K) : emwihv_drw has 0 polygons
2026-08-20 09:07:50 +0000: Memory Usage (140228K) : lbe_drw has 0 polygons
2026-08-20 09:07:50 +0000: Memory Usage (140228K) : alcustop_drw has 0 polygons
2026-08-20 09:07:50 +0000: Memory Usage (140228K) : nometfiller_drw has 0 polygons
2026-08-20 09:07:50 +0000: Memory Usage (140228K) : prboundary_drw has 0 polygons
2026-08-20 09:07:50 +0000: Memory Usage (140228K) : exchange0_drw has 0 polygons
2026-08-20 09:07:50 +0000: Memory Usage (140228K) : exchange0_pin has 0 polygons
2026-08-20 09:07:50 +0000: Memory Usage (140228K) : exchange0_text has 0 polygons
2026-08-20 09:07:50 +0000: Memory Usage (140228K) : exchange1_drw has 0 polygons
2026-08-20 09:07:50 +0000: Memory Usage (140228K) : exchange1_pin has 0 polygons
2026-08-20 09:07:50 +0000: Memory Usage (140228K) : exchange1_text has 0 polygons
2026-08-20 09:07:50 +0000: Memory Usage (140228K) : exchange2_drw has 0 polygons
2026-08-20 09:07:50 +0000: Memory Usage (140228K) : exchange2_pin has 0 polygons
2026-08-20 09:07:50 +0000: Memory Usage (140228K) : exchange2_text has 0 polygons
2026-08-20 09:07:50 +0000: Memory Usage (140228K) : exchange3_drw has 0 polygons
2026-08-20 09:07:50 +0000: Memory Usage (140228K) : exchange3_pin has 0 polygons
2026-08-20 09:07:50 +0000: Memory Usage (140228K) : exchange3_text has 0 polygons
2026-08-20 09:07:50 +0000: Memory Usage (140228K) : exchange4_drw has 0 polygons
2026-08-20 09:07:50 +0000: Memory Usage (140228K) : exchange4_pin has 0 polygons
2026-08-20 09:07:50 +0000: Memory Usage (140228K) : exchange4_text has 0 polygons
2026-08-20 09:07:50 +0000: Memory Usage (140228K) : isonwell_drw has 0 polygons
2026-08-20 09:07:50 +0000: Memory Usage (140228K) : Total no. of polygons in the design is 13116
2026-08-20 09:07:50 +0000: Memory Usage (140228K) : Starting base layers derivations
2026-08-20 09:07:50 +0000: Memory Usage (140228K) : Starting general LVS derivations
2026-08-20 09:07:50 +0000: Memory Usage (144132K) : Starting MOSFET DERIVATIONS
2026-08-20 09:07:50 +0000: Memory Usage (144900K) : Starting NMOS DERIVATIONS
2026-08-20 09:07:50 +0000: Memory Usage (144900K) : Starting PMOS DERIVATIONS
2026-08-20 09:07:50 +0000: Memory Usage (144900K) : Starting RF-MOSFET DERIVATIONS
2026-08-20 09:07:50 +0000: Memory Usage (144900K) : Starting RF-NMOS DERIVATIONS
2026-08-20 09:07:50 +0000: Memory Usage (144900K) : Starting RF-PMOS DERIVATIONS
2026-08-20 09:07:50 +0000: Memory Usage (144900K) : Starting BJT DERIVATIONS
2026-08-20 09:07:50 +0000: Memory Usage (144900K) : Starting NPN-BJT DERIVATIONS
2026-08-20 09:07:50 +0000: Memory Usage (144900K) : Starting PNP-BJT DERIVATIONS
2026-08-20 09:07:50 +0000: Memory Usage (144900K) : Starting DIODE DERIVATIONS
2026-08-20 09:07:50 +0000: Memory Usage (144900K) : Starting RESISTOR DERIVATIONS
2026-08-20 09:07:50 +0000: Memory Usage (145156K) : Starting CAP DERIVATIONS
2026-08-20 09:07:51 +0000: Memory Usage (145156K) : Starting CAP_CMOM DERIVATIONS
2026-08-20 09:07:51 +0000: Memory Usage (145156K) : Starting CAP_CMOMF DERIVATIONS
2026-08-20 09:07:51 +0000: Memory Usage (145156K) : Starting ESD DERIVATIONS
2026-08-20 09:07:51 +0000: Memory Usage (145284K) : Starting Inductor DERIVATIONS
2026-08-20 09:07:51 +0000: Memory Usage (145284K) : Starting Taps DERIVATIONS
2026-08-20 09:07:51 +0000: Memory Usage (145668K) : Starting SG13G2 LVS connectivity setup
2026-08-20 09:07:51 +0000: Memory Usage (145668K) : Starting SG13G2 LVS connectivity setup (Inter-layer)
2026-08-20 09:07:51 +0000: Memory Usage (145796K) : Starting SG13G2 LVS connectivity setup (Global)
2026-08-20 09:07:51 +0000: Memory Usage (145796K) : Starting LVS MOSFET CONNECTIONS
2026-08-20 09:07:51 +0000: Memory Usage (145796K) : Starting LVS RF-MOSFET CONNECTIONS
2026-08-20 09:07:51 +0000: Memory Usage (145796K) : Starting LVS BJT CONNECTIONS
2026-08-20 09:07:51 +0000: Memory Usage (145796K) : Starting LVS DIODE CONNECTIONS
2026-08-20 09:07:51 +0000: Memory Usage (145796K) : Starting RESISTOR CONNECTIONS
2026-08-20 09:07:51 +0000: Memory Usage (145796K) : Starting LVS CAP CONNECTIONS
2026-08-20 09:07:51 +0000: Memory Usage (145796K) : Starting CAP_CMOM CONNECTIONS
2026-08-20 09:07:51 +0000: Memory Usage (145796K) : Starting CAP_CMOMF CONNECTIONS
2026-08-20 09:07:51 +0000: Memory Usage (145796K) : Starting ESD CONNECTIONS
2026-08-20 09:07:51 +0000: Memory Usage (145796K) : Starting Inductor CONNECTIONS
2026-08-20 09:07:51 +0000: Memory Usage (145796K) : Starting LVS Taps CONNECTIONS
2026-08-20 09:07:51 +0000: Memory Usage (145796K) : Starting SG13G2 LVS DEVICES EXTRACTION
2026-08-20 09:07:51 +0000: Memory Usage (145796K) : Starting MOSFET EXTRACTION
2026-08-20 09:07:51 +0000: Memory Usage (145796K) : Starting NMOS EXTRACTION
2026-08-20 09:07:51 +0000: Memory Usage (145796K) : Extraction of NMOS-LV transistor
2026-08-20 09:07:51 +0000: Memory Usage (145796K) : Extraction of NMOS-HV transistor
2026-08-20 09:07:51 +0000: Memory Usage (145796K) : Starting PMOS EXTRACTION
2026-08-20 09:07:51 +0000: Memory Usage (145796K) : Extraction of PMOS-LV transistor
2026-08-20 09:07:51 +0000: Memory Usage (145796K) : Extraction of PMOS-HV transistor
2026-08-20 09:07:51 +0000: Memory Usage (145796K) : Starting RF-MOSFET EXTRACTION
2026-08-20 09:07:51 +0000: Memory Usage (145796K) : Extraction of RF-NMOS-LV transistor
2026-08-20 09:07:51 +0000: Memory Usage (145796K) : Extraction of RF-NMOS-HV transistor
2026-08-20 09:07:51 +0000: Memory Usage (145796K) : Extraction of RF-PMOS-LV transistor
2026-08-20 09:07:51 +0000: Memory Usage (145796K) : Extraction of RF-PMOS-HV transistor
2026-08-20 09:07:51 +0000: Memory Usage (145796K) : Starting BJT EXTRACTION
2026-08-20 09:07:51 +0000: Memory Usage (145796K) : Starting NPN-BJT EXTRACTION
2026-08-20 09:07:51 +0000: Memory Usage (145796K) : Extraction of npn13G2 BJT transistor
2026-08-20 09:07:51 +0000: Memory Usage (145796K) : Extraction of npn13G2L BJT transistor
2026-08-20 09:07:51 +0000: Memory Usage (145796K) : Extraction of npn13G2V BJT transistor
2026-08-20 09:07:51 +0000: Memory Usage (145796K) : Starting PNP-BJT EXTRACTION
2026-08-20 09:07:51 +0000: Memory Usage (145796K) : Extracting pnpMPA BJT
2026-08-20 09:07:51 +0000: Memory Usage (145796K) : Starting DIODE EXTRACTION
2026-08-20 09:07:51 +0000: Memory Usage (145796K) : Extracting dantenna diode
2026-08-20 09:07:51 +0000: Memory Usage (145796K) : Extracting dpantenna diode
2026-08-20 09:07:51 +0000: Memory Usage (145796K) : Extracting schottky_nbl1 diode
2026-08-20 09:07:51 +0000: Memory Usage (145796K) : Extracting isolbox diode
2026-08-20 09:07:51 +0000: Memory Usage (145796K) : Starting RESISTOR EXTRACTION
2026-08-20 09:07:51 +0000: Memory Usage (145796K) : Extracting rsil resistor
2026-08-20 09:07:51 +0000: Memory Usage (146052K) : Extracting rppd resistor
2026-08-20 09:07:51 +0000: Memory Usage (146052K) : Extracting rhigh resistor
2026-08-20 09:07:51 +0000: Memory Usage (146052K) : Extracting res_metal1 resistor
2026-08-20 09:07:51 +0000: Memory Usage (146052K) : Extracting res_metal2 resistor
2026-08-20 09:07:51 +0000: Memory Usage (146052K) : Extracting res_metal3 resistor
2026-08-20 09:07:51 +0000: Memory Usage (146052K) : Extracting res_metal4 resistor
2026-08-20 09:07:51 +0000: Memory Usage (146052K) : Extracting res_metal5 resistor
2026-08-20 09:07:51 +0000: Memory Usage (146052K) : Extracting res_topmetal1 resistor
2026-08-20 09:07:51 +0000: Memory Usage (146052K) : Extracting res_topmetal2 resistor
2026-08-20 09:07:51 +0000: Memory Usage (146052K) : Starting CAP EXTRACTION
2026-08-20 09:07:51 +0000: Memory Usage (146052K) : Extracting cap_cmim device
2026-08-20 09:07:51 +0000: Memory Usage (146052K) : Extracting rfcmim device
2026-08-20 09:07:51 +0000: Memory Usage (146052K) : Extracting sg13_hv_svaricap varactor
2026-08-20 09:07:51 +0000: Memory Usage (146052K) : Extracting cap_cmomi device
2026-08-20 09:07:51 +0000: Memory Usage (146052K) : Extracting cap_cmomf device
2026-08-20 09:07:51 +0000: Memory Usage (146052K) : Extracting sg13_moscap_n capacitor
2026-08-20 09:07:51 +0000: Memory Usage (146052K) : Extracting sg13_moscap_p capacitor
2026-08-20 09:07:51 +0000: Memory Usage (146052K) : Starting ESD EXTRACTION
2026-08-20 09:07:51 +0000: Memory Usage (146052K) : Extracting diodevdd_2kv ESD device
2026-08-20 09:07:51 +0000: Memory Usage (146052K) : Extracting diodevdd_4kv ESD device
2026-08-20 09:07:51 +0000: Memory Usage (146052K) : Extracting diodevss_2kv ESD device
2026-08-20 09:07:51 +0000: Memory Usage (146052K) : Extracting diodevss_4kv ESD device
2026-08-20 09:07:51 +0000: Memory Usage (146052K) : Extracting idiodevdd_2kv ESD device
2026-08-20 09:07:51 +0000: Memory Usage (146052K) : Extracting idiodevdd_4kv ESD device
2026-08-20 09:07:51 +0000: Memory Usage (146052K) : Extracting idiodevss_2kv ESD device
2026-08-20 09:07:51 +0000: Memory Usage (146052K) : Extracting idiodevss_4kv ESD device
2026-08-20 09:07:51 +0000: Memory Usage (146052K) : Extracting nmoscl_2 ESD device
2026-08-20 09:07:51 +0000: Memory Usage (146052K) : Extracting nmoscl_4 ESD device
2026-08-20 09:07:51 +0000: Memory Usage (146052K) : Starting Inductor EXTRACTION
2026-08-20 09:07:51 +0000: Memory Usage (146052K) : Extracting Inductor2 device
2026-08-20 09:07:51 +0000: Memory Usage (146052K) : Extracting Inductor3 device
2026-08-20 09:07:51 +0000: Memory Usage (146052K) : Starting Taps EXTRACTION
2026-08-20 09:07:51 +0000: Memory Usage (146052K) : DISABLE_TAP_EXTRACTION is enabled: skipping ntap1/ptap1 device extraction.
2026-08-20 09:07:51 +0000: Memory Usage (146052K) : Starting SG13G2 LVS RF MOS Model Mapping
2026-08-20 09:07:51 +0000: Memory Usage (146180K) : [layout_netlist] Apply RF MOS model mapping and rfmode parameter.
2026-08-20 09:07:51 +0000: Memory Usage (146180K) : Starting SG13G2 LVS Options Preparations
2026-08-20 09:07:51 +0000: Memory Usage (146180K) : SG13G2 LVS flow: extraction -> alignment -> option preparation -> comparison.
2026-08-20 09:07:51 +0000: Memory Usage (146180K) : Starting SG13G2 LVS Alignment
2026-08-20 09:07:51 +0000: Memory Usage (146308K) : Starting SG13G2 LVS Simplification
2026-08-20 09:07:51 +0000: Memory Usage (146308K) : [layout_netlist] simplify: ENABLED
2026-08-20 09:07:51 +0000: Memory Usage (146308K) : [layout_netlist] make_top_level_pins: SKIPPED
2026-08-20 09:07:51 +0000: Memory Usage (146308K) : [layout_netlist] combine_devices: SKIPPED
2026-08-20 09:07:51 +0000: Memory Usage (146308K) : [layout_netlist] purge: SKIPPED
2026-08-20 09:07:51 +0000: Memory Usage (146308K) : [layout_netlist] purge_nets: SKIPPED
2026-08-20 09:07:51 +0000: Memory Usage (146308K) : [schematic_netlist] simplify: ENABLED
2026-08-20 09:07:51 +0000: Memory Usage (146308K) : [schematic_netlist] make_top_level_pins: SKIPPED
2026-08-20 09:07:51 +0000: Memory Usage (146308K) : [schematic_netlist] combine_devices: SKIPPED
2026-08-20 09:07:51 +0000: Memory Usage (146308K) : [schematic_netlist] purge: SKIPPED
2026-08-20 09:07:51 +0000: Memory Usage (146308K) : [schematic_netlist] purge_nets: SKIPPED
2026-08-20 09:07:51 +0000: Memory Usage (146308K) : Starting SG13G2 LVS Comparison
2026-08-20 09:07:51 +0000: Memory Usage (146436K) : xxxxxxxxxxxxxxxxxxxxxxxxxxxxxxxxxxxxxxxxxx
2026-08-20 09:07:51 +0000: Memory Usage (146436K) : ERROR : Netlists don't match
2026-08-20 09:07:51 +0000: Memory Usage (146436K) : xxxxxxxxxxxxxxxxxxxxxxxxxxxxxxxxxxxxxxxxxx
2026-08-20 09:07:51 +0000: Memory Usage (146436K) : LVS Total Run time 1.645853 seconds
